D/WifiService(  451): releaseWifiLockLocked: WifiLock{NlpWifiLock type=2 binder=android.os.BinderProxy@1ce67191}
D/TaskPersister(  451): removeObsoleteFile: deleting file=3365_task.xml
D/TaskPersister(  451): removeObsoleteFile: deleting file=3365_task_thumbnail.png
V/ActivityManager(  451): Display changed displayId=0
I/ActivityManager(  451): Config changes=480 {1.0 ?mcc?mnc en_US ldltr sw768dp w768dp h951dp 320dpi xlrg port finger -keyb/v/h -nav/h s.39}
V/WindowManager(  451): Adding window Window{16734759 u0 com.google.android.googlequicksearchbox/com.google.android.launcher.GEL} at 2 of 16 (after Window{1bc0ad0a u0 com.android.systemui/com.android.systemui.recents.RecentsActivity})
I/WindowManager(  451): Screen frozen for +416ms due to Window{16734759 u0 com.google.android.googlequicksearchbox/com.google.android.launcher.GEL}
I/ActivityManager(  451): Start proc 19717:com.halfbrick.fruitninjafree/u0a83 for broadcast com.halfbrick.fruitninjafree/com.otherlevels.android.sdk.ServiceReceiver
W/ResourcesManager(19717): Asset path '/system/framework/com.android.media.remotedisplay.jar' does not exist or contains no resources.
W/ResourcesManager(19717): Asset path '/system/framework/com.android.location.provider.jar' does not exist or contains no resources.
I/ActivityManager(  451): Killing 17803:com.google.android.instantapps.supervisor/u0a90 (adj 15): empty for 1804s
I/ActivityManager(  451): Waited long enough for: ServiceRecord{300a270b u0 com.halfbrick.fruitninjafree/com.otherlevels.android.sdk.OLService}
I/ProcessStatsService(  451): Prepared write state in 8ms
I/EntropyMixer(  451): Writing entropy...
I/ValidateNoPeople(  451): skipping global notification
I/ValidateNoPeople(  451): skipping global notification
W/BroadcastQueue(  451): Skipping deliver [background] BroadcastRecord{d19fac0 u-1 android.net.conn.CONNECTIVITY_CHANGE} to ReceiverList{2ef673f9 20726 (unknown name)/2000/u-1 remote:f28e5f2}: process crashing
I/ActivityManager(  451): START u0 {act=android.intent.action.MAIN cat=[android.intent.category.LAUNCHER] flg=0x10200000 cmp=com.quicinc.trepn/.userinterface.main.TrepnActivity} from uid 2000 on display 0
V/WindowManager(  451): addAppToken: AppWindowToken{390402ec token=Token{2e47719f ActivityRecord{1db6f3e u0 com.quicinc.trepn/.userinterface.main.TrepnActivity t3366}}} to stack=1 task=3366 at 0
V/WindowManager(  451): Adding window Window{278ff597 u0 Starting com.quicinc.trepn} at 3 of 16 (after Window{16734759 u0 com.google.android.googlequicksearchbox/com.google.android.launcher.GEL})
V/WindowManager(  451): Adding window Window{2e90fa u0 com.quicinc.trepn/com.quicinc.trepn.userinterface.main.TrepnActivity} at 3 of 17 (before Window{278ff597 u0 Starting com.quicinc.trepn})
I/ActivityManager(  451): Force stopping com.quicinc.trepn appid=10091 user=0: from pid 20778
I/ActivityManager(  451): Killing 11161:com.quicinc.trepn/u0a91 (adj 0): stop com.quicinc.trepn
I/WindowState(  451): WIN DEATH: Window{2e90fa u0 com.quicinc.trepn/com.quicinc.trepn.userinterface.main.TrepnActivity}
W/ActivityManager(  451): Scheduling restart of crashed service com.quicinc.trepn/.TrepnService in 1000ms
W/ActivityManager(  451): Force removing ActivityRecord{1db6f3e u0 com.quicinc.trepn/.userinterface.main.TrepnActivity t3366}: app died, no saved state
I/ActivityManager(  451):   Force stopping service ServiceRecord{11ac3f12 u0 com.quicinc.trepn/.TrepnService}
W/ActivityManager(  451): Spurious death for ProcessRecord{90193f0 11161:com.quicinc.trepn/u0a91}, curProc for 11161: null
W/InputMethodManagerService(  451): Got RemoteException sending setActive(false) notification to pid 11161 uid 10091
D/WifiService(  451): acquireWifiLockLocked: WifiLock{NlpWifiLock type=2 binder=android.os.BinderProxy@2c624c05}
D/WifiService(  451): releaseWifiLockLocked: WifiLock{NlpWifiLock type=2 binder=android.os.BinderProxy@2c624c05}
I/ActivityManager(  451): Start proc 20815:com.quicinc.trepn/u0a91 for service com.quicinc.trepn/.TrepnService
I/ActivityManager(  451): Force stopping com.android.chrome appid=10035 user=0: from pid 20847
I/ActivityManager(  451): START u0 {act=android.intent.action.VIEW flg=0x10008000 cmp=com.android.chrome/com.google.android.apps.chrome.Main} from uid 2000 on display 0
V/WindowManager(  451): addAppToken: AppWindowToken{2a54936a token=Token{26c21d55 ActivityRecord{3067400c u0 com.android.chrome/com.google.android.apps.chrome.Main t3367}}} to stack=1 task=3367 at 0
I/ActivityManager(  451): Start proc 20859:com.android.chrome/u0a35 for activity com.android.chrome/com.google.android.apps.chrome.Main
W/ResourcesManager(20859): Asset path '/system/framework/com.android.media.remotedisplay.jar' does not exist or contains no resources.
W/ResourcesManager(20859): Asset path '/system/framework/com.android.location.provider.jar' does not exist or contains no resources.
I/ActivityManager(  451): START u0 {act=android.intent.action.VIEW flg=0x14002000 cmp=com.android.chrome/org.chromium.chrome.browser.ChromeTabbedActivity (has extras)} from uid 10035 on display 0
V/WindowManager(  451): addAppToken: AppWindowToken{35cd5fd3 token=Token{26f025c2 ActivityRecord{3111a20d u0 com.android.chrome/org.chromium.chrome.browser.ChromeTabbedActivity t3368}}} to stack=1 task=3368 at 0
V/WindowManager(  451): Based on layer: Adding window Window{2473e828 u0 Starting com.android.chrome} at 3 of 17
V/WindowManager(  451): Adding window Window{1f5bb46c u0 com.android.chrome/org.chromium.chrome.browser.ChromeTabbedActivity} at 3 of 18 (before Window{2473e828 u0 Starting com.android.chrome})
I/ActivityManager(  451): Start proc 20885:com.android.chrome:sandboxed_process0/u0i316 for service com.android.chrome/org.chromium.content.app.SandboxedProcessService0
V/WindowManager(  451): Adding window Window{f562504 u0 SurfaceView} at 3 of 19 (before Window{1f5bb46c u0 com.android.chrome/org.chromium.chrome.browser.ChromeTabbedActivity})
I/ActivityManager(  451): Start proc 20922:com.android.chrome:privileged_process0/u0a35 for service com.android.chrome/org.chromium.content.app.PrivilegedProcessService0
D/ConnectivityService(  451): listenForNetwork for NetworkRequest [ id=334, legacyType=-1, [ Capabilities: INTERNET&NOT_RESTRICTED&TRUSTED] ]
D/ConnectivityService(  451): listenForNetwork for NetworkRequest [ id=335, legacyType=-1, [ Capabilities: INTERNET&NOT_RESTRICTED&TRUSTED] ]
I/ActivityManager(  451): Start proc 21014:com.android.chrome:sandboxed_process1/u0i317 for service com.android.chrome/org.chromium.content.app.SandboxedProcessService1
I/ActivityManager(  451): Start proc 21036:com.android.chrome:sandboxed_process2/u0i318 for service com.android.chrome/org.chromium.content.app.SandboxedProcessService2
D/WifiService(  451): acquireWifiLockLocked: WifiLock{NlpWifiLock type=2 binder=android.os.BinderProxy@339f97a1}
D/WifiService(  451): releaseWifiLockLocked: WifiLock{NlpWifiLock type=2 binder=android.os.BinderProxy@339f97a1}
W/libprocessgroup(  451): failed to open /acct/uid_10035/pid_21036/cgroup.procs: No such file or directory
I/ActivityManager(  451): Process com.android.chrome:sandboxed_process2 (pid 21036) has died
W/ActivityManager(  451): Scheduling restart of crashed service com.android.chrome/org.chromium.content.app.SandboxedProcessService2 in 1000ms
D/WifiService(  451): acquireWifiLockLocked: WifiLock{NlpWifiLock type=2 binder=android.os.BinderProxy@339f97a1}
D/WifiService(  451): releaseWifiLockLocked: WifiLock{NlpWifiLock type=2 binder=android.os.BinderProxy@339f97a1}
D/WifiService(  451): acquireWifiLockLocked: WifiLock{NlpWifiLock type=2 binder=android.os.BinderProxy@339f97a1}
D/WifiService(  451): releaseWifiLockLocked: WifiLock{NlpWifiLock type=2 binder=android.os.BinderProxy@339f97a1}
D/WifiService(  451): acquireWifiLockLocked: WifiLock{NlpWifiLock type=2 binder=android.os.BinderProxy@339f97a1}
W/ProcessCpuTracker(  451): Skipping unknown process pid 21403
D/WifiService(  451): releaseWifiLockLocked: WifiLock{NlpWifiLock type=2 binder=android.os.BinderProxy@339f97a1}
I/ActivityManager(  451): START u0 {act=android.intent.action.MAIN cat=[android.intent.category.HOME] flg=0x10200000 cmp=com.google.android.googlequicksearchbox/com.google.android.launcher.GEL} from uid 1000 on display 0
D/ConnectivityService(  451): releasing NetworkRequest NetworkRequest [ id=335, legacyType=-1, [ Capabilities: INTERNET&NOT_RESTRICTED&TRUSTED] ]
W/InputMethodManagerService(  451): Starting input on non-focused client com.android.internal.view.IInputMethodClient$Stub$Proxy@16e856e3 (uid=10035 pid=20859)
D/WifiService(  451): acquireWifiLockLocked: WifiLock{NlpWifiLock type=2 binder=android.os.BinderProxy@339f97a1}
D/WifiService(  451): releaseWifiLockLocked: WifiLock{NlpWifiLock type=2 binder=android.os.BinderProxy@339f97a1}
I/ActivityManager(  451): START u0 {act=android.intent.action.MAIN cat=[android.intent.category.LAUNCHER] flg=0x10200000 cmp=com.android.settings/.Settings (has extras)} from uid 10024 on display 0
V/WindowManager(  451): addAppToken: AppWindowToken{30da370f token=Token{ef1246e ActivityRecord{1589ffe9 u0 com.android.settings/.Settings t3369}}} to stack=1 task=3369 at 0
V/WindowManager(  451): Adding window Window{194f5a34 u0 Starting com.android.settings} at 5 of 19 (after Window{1f5bb46c u0 com.android.chrome/org.chromium.chrome.browser.ChromeTabbedActivity})
I/ActivityManager(  451): Start proc 21530:com.android.settings/1000 for activity com.android.settings/.Settings
V/WindowManager(  451): Adding window Window{2386f693 u0 com.android.settings/com.android.settings.Settings} at 5 of 20 (before Window{194f5a34 u0 Starting com.android.settings})
I/ActivityManager(  451): Process com.google.android.talk (pid 18910) has died
I/ActivityManager(  451): Process com.android.vending (pid 19478) has died
D/ConnectivityService(  451): ConnectivityService NetworkRequestInfo binderDied(NetworkRequest [ id=333, legacyType=-1, [ Capabilities: INTERNET&NOT_RESTRICTED&TRUSTED] ], android.os.BinderProxy@849f6d0)
D/ConnectivityService(  451): releasing NetworkRequest NetworkRequest [ id=333, legacyType=-1, [ Capabilities: INTERNET&NOT_RESTRICTED&TRUSTED] ]
E/ConnectivityService(  451): RemoteException caught trying to send a callback msg for NetworkRequest [ id=333, legacyType=-1, [ Capabilities: INTERNET&NOT_RESTRICTED&TRUSTED] ]
I/ActivityManager(  451): Process com.opera.browser:alarm_receiver (pid 18269) has died
I/ActivityManager(  451): Process com.estrongs.android.pop:local (pid 13419) has died
W/ActivityManager(  451): Scheduling restart of crashed service com.estrongs.android.pop/com.android.apps.pros.LocalCService in 1000ms
I/ActivityManager(  451): Process com.google.android.apps.gcs (pid 17818) has died
D/WifiService(  451): Client connection lost with reason: 4
I/ActivityManager(  451): Process com.google.android.apps.plus (pid 18291) has died
I/ActivityManager(  451): Process com.android.providers.partnerbookmarks (pid 19316) has died
I/ActivityManager(  451): Process com.google.android.apps.photos (pid 18121) has died
I/ActivityManager(  451): Process com.google.android.partnersetup (pid 19280) has died
I/ActivityManager(  451): Process android.process.acore (pid 18334) has died
I/ActivityManager(  451): Start proc 21561:com.estrongs.android.pop:local/u0a89 for service com.estrongs.android.pop/com.android.apps.pros.LocalCService
I/ActivityManager(  451): START u0 {act=android.intent.action.MAIN cmp=com.android.settings/.SubSettings (has extras)} from uid 1000 on display 0
V/WindowManager(  451): addAppToken: AppWindowToken{17e2d32 token=Token{bde613d ActivityRecord{98c0294 u0 com.android.settings/.SubSettings t3369}}} to stack=1 task=3369 at 1
D/WifiService(  451): New client listening to asynchronous messages
V/WindowManager(  451): Adding window Window{383ce6fb u0 com.android.settings/com.android.settings.SubSettings} at 6 of 20 (after Window{2386f693 u0 com.android.settings/com.android.settings.Settings})
I/ActivityManager(  451): Start proc 21641:com.google.android.apps.gcs/u0a7 for broadcast com.google.android.apps.gcs/.steen.receiver.ScoreNetworksReceiver
D/WifiService(  451): New client listening to asynchronous messages
I/ActivityManager(  451): START u0 {act=android.intent.action.MAIN cat=[android.intent.category.HOME] flg=0x10200000 cmp=com.google.android.googlequicksearchbox/com.google.android.launcher.GEL} from uid 1000 on display 0
I/ActivityManager(  451): Process com.opera.browser (pid 14477) has died
W/ActivityManager(  451): Scheduling restart of crashed service com.opera.browser/com.opera.android.dashboard.newsfeed.statistic.NewsFeedService in 1000ms
I/ActivityManager(  451): Process com.opera.browser:background_services (pid 14453) has died
W/ActivityManager(  451): Scheduling restart of crashed service com.opera.browser/com.opera.android.analytics.AnalyticsService in 10995ms
I/ActivityManager(  451): Process .esfm (pid 16371) has died
W/ActivityManager(  451): Scheduling restart of crashed service com.estrongs.android.pop/com.estrongs.android.scanner.service.FileMonitorService in 20991ms
W/InputMethodManagerService(  451): Starting input on non-focused client com.android.internal.view.IInputMethodClient$Stub$Proxy@3c00a5a2 (uid=1000 pid=21530)
D/WifiService(  451): acquireWifiLockLocked: WifiLock{NlpWifiLock type=2 binder=android.os.BinderProxy@3be53f20}
I/ActivityManager(  451): Start proc 21995:com.opera.browser/u0a85 for service com.opera.browser/com.opera.android.dashboard.newsfeed.statistic.NewsFeedService
I/ActivityManager(  451): START u0 {act=android.intent.action.MAIN cat=[android.intent.category.LAUNCHER] flg=0x10200000 cmp=com.android.chrome/com.google.android.apps.chrome.Main bnds=[464,1773][678,1941] (has extras)} from uid 10024 on display 0
V/WindowManager(  451): addAppToken: AppWindowToken{498c48b token=Token{b9bca5a ActivityRecord{3ab91a05 u0 com.android.chrome/com.google.android.apps.chrome.Main t3370}}} to stack=1 task=3370 at 0
D/ConnectivityService(  451): listenForNetwork for NetworkRequest [ id=336, legacyType=-1, [ Capabilities: INTERNET&NOT_RESTRICTED&TRUSTED] ]
I/ActivityManager(  451): START u0 {act=android.intent.action.MAIN cat=[android.intent.category.LAUNCHER] flg=0x14002000 cmp=com.android.chrome/org.chromium.chrome.browser.ChromeTabbedActivity bnds=[464,1773][678,1941] (has extras)} from uid 10035 on display 0
I/ActivityManager(  451): Start proc 22065:com.opera.browser:background_services/u0a85 for service com.opera.browser/com.opera.android.dashboard.newsfeed.newsbar.NewsBarService
D/WifiService(  451): releaseWifiLockLocked: WifiLock{NlpWifiLock type=2 binder=android.os.BinderProxy@3be53f20}
I/ActivityManager(  451): Start proc 22108:.esfm/u0a89 for service com.estrongs.android.pop/com.estrongs.android.scanner.service.FileMonitorService
D/WifiService(  451): acquireWifiLockLocked: WifiLock{NlpWifiLock type=2 binder=android.os.BinderProxy@3be53f20}
W/libprocessgroup(  451): failed to open /acct/uid_10035/pid_21014/cgroup.procs: No such file or directory
I/ActivityManager(  451): Process com.android.chrome:sandboxed_process1 (pid 21014) has died
W/ActivityManager(  451): Scheduling restart of crashed service com.android.chrome/org.chromium.content.app.SandboxedProcessService1 in 1000ms
W/ProcessCpuTracker(  451): Skipping unknown process pid 22216
W/ProcessCpuTracker(  451): Skipping unknown process pid 22221
D/WifiService(  451): releaseWifiLockLocked: WifiLock{NlpWifiLock type=2 binder=android.os.BinderProxy@3be53f20}
D/WifiService(  451): acquireWifiLockLocked: WifiLock{NlpWifiLock type=2 binder=android.os.BinderProxy@3be53f20}
D/WifiService(  451): releaseWifiLockLocked: WifiLock{NlpWifiLock type=2 binder=android.os.BinderProxy@3be53f20}
W/ProcessCpuTracker(  451): Skipping unknown process pid 22361
W/ProcessCpuTracker(  451): Skipping unknown process pid 22366
I/ActivityManager(  451): START u0 {act=com.android.systemui.recents.SHOW_RECENTS flg=0x10804000 cmp=com.android.systemui/.recents.RecentsActivity} from uid 10022 on display 0
D/ConnectivityService(  451): releasing NetworkRequest NetworkRequest [ id=336, legacyType=-1, [ Capabilities: INTERNET&NOT_RESTRICTED&TRUSTED] ]
V/WindowManager(  451): Adding window Window{25ab5e7 u0 com.android.systemui/com.android.systemui.recents.RecentsActivity} at 6 of 20 (after Window{16734759 u0 com.google.android.googlequicksearchbox/com.google.android.launcher.GEL})
I/ActivityManager(  451): Killing 20922:com.android.chrome:privileged_process0/u0a35 (adj 11): remove task
I/ActivityManager(  451): Killing 20859:com.android.chrome/u0a35 (adj 13): remove task
D/ConnectivityService(  451): ConnectivityService NetworkRequestInfo binderDied(NetworkRequest [ id=334, legacyType=-1, [ Capabilities: INTERNET&NOT_RESTRICTED&TRUSTED] ], android.os.BinderProxy@3bb60594)
D/ConnectivityService(  451): releasing NetworkRequest NetworkRequest [ id=334, legacyType=-1, [ Capabilities: INTERNET&NOT_RESTRICTED&TRUSTED] ]
E/ConnectivityService(  451): RemoteException caught trying to send a callback msg for NetworkRequest [ id=334, legacyType=-1, [ Capabilities: INTERNET&NOT_RESTRICTED&TRUSTED] ]
I/ActivityManager(  451): Killing 20885:com.android.chrome:sandboxed_process0/u0a35i316 (adj 9): remove task
W/libprocessgroup(  451): failed to open /acct/uid_10035/pid_20885/cgroup.procs: No such file or directory
W/ActivityManager(  451): Scheduling restart of crashed service com.android.chrome/org.chromium.content.app.SandboxedProcessService0 in 1000ms
W/ActivityManager(  451): Scheduling restart of crashed service com.android.chrome/org.chromium.content.app.PrivilegedProcessService0 in 10997ms
D/TaskPersister(  451): removeObsoleteFile: deleting file=3368_task.xml
D/TaskPersister(  451): removeObsoleteFile: deleting file=3368_task_thumbnail.png
I/ActivityManager(  451): START u0 {act=com.android.systemui.recents.SHOW_RECENTS flg=0x10804000 cmp=com.android.systemui/.recents.RecentsActivity} from uid 10022 on display 0
W/InputMethodManagerService(  451): Starting input on non-focused client com.android.internal.view.IInputMethodClient$Stub$Proxy@3c00a5a2 (uid=1000 pid=21530)
I/ActivityManager(  451): Killing 21530:com.android.settings/1000 (adj 9): remove task
I/WindowState(  451): WIN DEATH: Window{383ce6fb u0 com.android.settings/com.android.settings.SubSettings}
D/WifiService(  451): Client connection lost with reason: 4
D/TaskPersister(  451): removeObsoleteFile: deleting file=3369_task.xml
D/TaskPersister(  451): removeObsoleteFile: deleting file=3369_task_thumbnail.png
D/TaskPersister(  451): removeObsoleteFile: deleting file=3366_task.xml
I/ActivityManager(  451): START u0 {act=android.intent.action.MAIN cat=[android.intent.category.HOME] flg=0x10200000 cmp=com.google.android.googlequicksearchbox/com.google.android.launcher.GEL} from uid 10022 on display 0
D/WifiService(  451): acquireWifiLockLocked: WifiLock{NlpWifiLock type=2 binder=android.os.BinderProxy@2f59fddb}
D/WifiService(  451): releaseWifiLockLocked: WifiLock{NlpWifiLock type=2 binder=android.os.BinderProxy@2f59fddb}
I/ActivityManager(  451): START u0 {act=android.intent.action.MAIN cat=[android.intent.category.LAUNCHER] flg=0x10200000 cmp=com.android.chrome/com.google.android.apps.chrome.Main (has extras)} from uid 10024 on display 0
V/WindowManager(  451): addAppToken: AppWindowToken{2f5aa1fa token=Token{17940c25 ActivityRecord{1dc3681c u0 com.android.chrome/com.google.android.apps.chrome.Main t3371}}} to stack=1 task=3371 at 0
I/ActivityManager(  451): Start proc 22580:com.android.chrome/u0a35 for activity com.android.chrome/com.google.android.apps.chrome.Main
W/ResourcesManager(22580): Asset path '/system/framework/com.android.media.remotedisplay.jar' does not exist or contains no resources.
W/ResourcesManager(22580): Asset path '/system/framework/com.android.location.provider.jar' does not exist or contains no resources.
I/ActivityManager(  451): START u0 {act=android.intent.action.MAIN cat=[android.intent.category.LAUNCHER] flg=0x14002000 cmp=com.android.chrome/org.chromium.chrome.browser.ChromeTabbedActivity (has extras)} from uid 10035 on display 0
V/WindowManager(  451): addAppToken: AppWindowToken{3a968d23 token=Token{15b77652 ActivityRecord{34b89add u0 com.android.chrome/org.chromium.chrome.browser.ChromeTabbedActivity t3372}}} to stack=1 task=3372 at 0
V/WindowManager(  451): Based on layer: Adding window Window{1c72e538 u0 Starting com.android.chrome} at 3 of 17
V/WindowManager(  451): Adding window Window{36f12350 u0 com.android.chrome/org.chromium.chrome.browser.ChromeTabbedActivity} at 3 of 18 (before Window{1c72e538 u0 Starting com.android.chrome})
I/ActivityManager(  451): Start proc 22608:com.android.chrome:sandboxed_process0/u0i319 for service com.android.chrome/org.chromium.content.app.SandboxedProcessService0
V/WindowManager(  451): Adding window Window{1c060c68 u0 SurfaceView} at 3 of 19 (before Window{36f12350 u0 com.android.chrome/org.chromium.chrome.browser.ChromeTabbedActivity})
I/ActivityManager(  451): Start proc 22650:com.android.chrome:privileged_process0/u0a35 for service com.android.chrome/org.chromium.content.app.PrivilegedProcessService0
D/ConnectivityService(  451): listenForNetwork for NetworkRequest [ id=337, legacyType=-1, [ Capabilities: INTERNET&NOT_RESTRICTED&TRUSTED] ]
D/ConnectivityService(  451): listenForNetwork for NetworkRequest [ id=338, legacyType=-1, [ Capabilities: INTERNET&NOT_RESTRICTED&TRUSTED] ]
I/ActivityManager(  451): Start proc 22698:com.google.android.partnersetup/u0a12 for content provider com.google.android.partnersetup/.RlzAppProvider
I/ActivityManager(  451): Start proc 22719:com.android.providers.partnerbookmarks/u0a65 for content provider com.android.providers.partnerbookmarks/.PartnerBookmarksProvider
I/ActivityManager(  451): START u0 {act=com.android.systemui.recents.SHOW_RECENTS flg=0x10804000 cmp=com.android.systemui/.recents.RecentsActivity} from uid 10022 on display 0
W/libprocessgroup(  451): failed to open /acct/uid_10035/pid_22608/cgroup.procs: No such file or directory
I/ActivityManager(  451): Process com.android.chrome:sandboxed_process0 (pid 22608) has died
W/ActivityManager(  451): Scheduling restart of crashed service com.android.chrome/org.chromium.content.app.SandboxedProcessService0 in 1000ms
I/ActivityManager(  451): Start proc 22758:com.android.chrome:sandboxed_process0/u0i320 for service com.android.chrome/org.chromium.content.app.SandboxedProcessService0
D/ConnectivityService(  451): releasing NetworkRequest NetworkRequest [ id=338, legacyType=-1, [ Capabilities: INTERNET&NOT_RESTRICTED&TRUSTED] ]
W/libprocessgroup(  451): failed to open /acct/uid_10035/pid_22758/cgroup.procs: No such file or directory
I/ActivityManager(  451): Process com.android.chrome:sandboxed_process0 (pid 22758) has died
W/InputMethodManagerService(  451): Starting input on non-focused client com.android.internal.view.IInputMethodClient$Stub$Proxy@3e5738cd (uid=10035 pid=22580)
I/ActivityManager(  451): Killing 22650:com.android.chrome:privileged_process0/u0a35 (adj 9): remove task
I/ActivityManager(  451): Killing 22580:com.android.chrome/u0a35 (adj 11): remove task
D/ConnectivityService(  451): ConnectivityService NetworkRequestInfo binderDied(NetworkRequest [ id=337, legacyType=-1, [ Capabilities: INTERNET&NOT_RESTRICTED&TRUSTED] ], android.os.BinderProxy@2987b493)
D/ConnectivityService(  451): releasing NetworkRequest NetworkRequest [ id=337, legacyType=-1, [ Capabilities: INTERNET&NOT_RESTRICTED&TRUSTED] ]
E/ConnectivityService(  451): RemoteException caught trying to send a callback msg for NetworkRequest [ id=337, legacyType=-1, [ Capabilities: INTERNET&NOT_RESTRICTED&TRUSTED] ]
W/ActivityManager(  451): Exception when unbinding service com.android.chrome/org.chromium.content.app.PrivilegedProcessService0
W/ActivityManager(  451): android.os.DeadObjectException
W/ActivityManager(  451): 	at android.os.BinderProxy.transactNative(Native Method)
W/ActivityManager(  451): 	at android.os.BinderProxy.transact(Binder.java:496)
W/ActivityManager(  451): 	at android.app.ApplicationThreadProxy.scheduleUnbindService(ApplicationThreadNative.java:921)
W/ActivityManager(  451): 	at com.android.server.am.ActiveServices.removeConnectionLocked(ActiveServices.java:1795)
W/ActivityManager(  451): 	at com.android.server.am.ActiveServices.killServicesLocked(ActiveServices.java:2193)
W/ActivityManager(  451): 	at com.android.server.am.ActivityManagerService.cleanUpApplicationRecordLocked(ActivityManagerService.java:14895)
W/ActivityManager(  451): 	at com.android.server.am.ActivityManagerService.handleAppDiedLocked(ActivityManagerService.java:4552)
W/ActivityManager(  451): 	at com.android.server.am.ActivityManagerService.appDiedLocked(ActivityManagerService.java:4717)
W/ActivityManager(  451): 	at com.android.server.am.ActivityManagerService$AppDeathRecipient.binderDied(ActivityManagerService.java:1229)
W/ActivityManager(  451): 	at android.os.BinderProxy.sendDeathNotice(Binder.java:551)
I/ActivityManager(  451): START u0 {act=android.intent.action.MAIN cat=[android.intent.category.HOME] flg=0x10200000 cmp=com.google.android.googlequicksearchbox/com.google.android.launcher.GEL} from uid 10022 on display 0
D/TaskPersister(  451): removeObsoleteFile: deleting file=3372_task.xml
D/TaskPersister(  451): removeObsoleteFile: deleting file=3372_task_thumbnail.png
W/InputMethodManagerService(  451): Starting input on non-focused client com.android.internal.view.IInputMethodClient$Stub$Proxy@1e37906d (uid=10022 pid=627)
W/ProcessCpuTracker(  451): Skipping unknown process pid 22816
I/ActivityManager(  451): Idle maintenance over +12h12m53s204ms low RAM for +1h24m23s764ms
I/MountService(  451): Running fstrim idle maintenance
I/fstrim  (  151): Starting fstrim work...
I/MountServiceIdler(  451): Got mount service completion callback
I/fstrim  (  151): Invoking FITRIM ioctl on /cache
I/fstrim  (  151): Trimmed 259559424 bytes on /cache
I/fstrim  (  151): Invoking FITRIM ioctl on /data
D/DownloadManager(18148): Removed 0 stale downloads
D/DownloadManager(18148): Found 0 files in database
D/DownloadManager(18148): Found 1 files on disk
D/DownloadManager(18148): Missing db entry, deleting /data/data/com.android.providers.downloads/cache/downloadfile.bin
I/fstrim  (  151): Trimmed 1684013056 bytes on /data
I/fstrim  (  151): Invoking FITRIM ioctl on /data
I/fstrim  (  151): Trimmed 1684013056 bytes on /data
E/fstrim  (  151): Cannot stat mount point none
I/fstrim  (  151): Finished fstrim work.
W/ProcessCpuTracker(  451): Skipping unknown process pid 24329
D/WifiService(  451): acquireWifiLockLocked: WifiLock{NlpWifiLock type=2 binder=android.os.BinderProxy@16b08b1c}
D/WifiService(  451): releaseWifiLockLocked: WifiLock{NlpWifiLock type=2 binder=android.os.BinderProxy@16b08b1c}
I/ActivityManager(  451): Start proc 24781:com.google.android.apps.photos/u0a66 for broadcast com.google.android.apps.photos/.scheduler.AlarmReceiver
I/ValidateNoPeople(  451): skipping global notification
I/ActivityManager(  451): Start proc 24806:com.google.android.apps.plus/u0a68 for broadcast com.google.android.apps.plus/com.google.android.libraries.social.autobackup.AutoBackupEnvironment$BatteryReceiver
W/ResourcesManager(24806): Asset path '/system/framework/com.google.android.maps.jar' does not exist or contains no resources.
I/EntropyMixer(  451): Writing entropy...
I/ValidateNoPeople(  451): skipping global notification
I/ValidateNoPeople(  451): skipping global notification
I/PowerManagerService(  451): Going to sleep due to screen timeout (uid 1000)...
I/PowerManagerService(  451): Sleeping (uid 1000)...
I/DisplayManagerService(  451): Display device changed: DisplayDeviceInfo{"Built-in Screen": uniqueId="local:0", 1536 x 2048, 59.0 fps, supportedRefreshRates [59.0], density 320, 288.995 x 288.995 dpi, appVsyncOff 0, presDeadline 17949152, touch INTERNAL, rotation 0, type BUILT_IN, state OFF, FLAG_DEFAULT_DISPLAY, FLAG_ROTATES_WITH_CONTENT, FLAG_SECURE, FLAG_SUPPORTS_PROTECTED_BUFFERS}
V/ActivityManager(  451): Display changed displayId=0
D/WifiService(  451): acquireWifiLockLocked: WifiLock{NlpWifiLock type=2 binder=android.os.BinderProxy@2b941310}
D/WifiService(  451): releaseWifiLockLocked: WifiLock{NlpWifiLock type=2 binder=android.os.BinderProxy@2b941310}
I/PowerManagerService(  451): Waking up from sleep (uid 1000)...
I/DisplayPowerController(  451): Blocking screen on until initial contents have been drawn.
I/DisplayManagerService(  451): Display device changed: DisplayDeviceInfo{"Built-in Screen": uniqueId="local:0", 1536 x 2048, 59.0 fps, supportedRefreshRates [59.0], density 320, 288.995 x 288.995 dpi, appVsyncOff 0, presDeadline 17949152, touch INTERNAL, rotation 0, type BUILT_IN, state ON, FLAG_DEFAULT_DISPLAY, FLAG_ROTATES_WITH_CONTENT, FLAG_SECURE, FLAG_SUPPORTS_PROTECTED_BUFFERS}
V/ActivityManager(  451): Display changed displayId=0
I/EntropyMixer(  451): Writing entropy...
V/ActivityManager(  451): Display changed displayId=0
I/DisplayPowerController(  451): Unblocked screen on after 155 ms
D/WifiService(  451): acquireWifiLockLocked: WifiLock{NlpWifiLock type=2 binder=android.os.BinderProxy@2b941310}
I/ValidateNoPeople(  451): skipping global notification
I/ValidateNoPeople(  451): skipping global notification
D/WifiService(  451): releaseWifiLockLocked: WifiLock{NlpWifiLock type=2 binder=android.os.BinderProxy@2b941310}
I/ValidateNoPeople(  451): skipping global notification
I/ActivityManager(  451): Start proc 24994:com.opera.browser:alarm_receiver/u0a85 for broadcast com.opera.browser/com.opera.android.phantom.receiver.AlarmReceiver
I/UsageStatsService(  451): User[0] Flushing usage stats to disk
D/WifiService(  451): acquireWifiLockLocked: WifiLock{NlpWifiLock type=2 binder=android.os.BinderProxy@39678d14}
D/WifiService(  451): releaseWifiLockLocked: WifiLock{NlpWifiLock type=2 binder=android.os.BinderProxy@39678d14}
V/ActivityManager(  451): Display changed displayId=0
I/ActivityManager(  451): Config changes=480 {1.0 ?mcc?mnc en_US ldltr sw768dp w1024dp h695dp 320dpi xlrg land finger -keyb/v/h -nav/h s.40}
V/WindowManager(  451): Adding window Window{f4caa72 u0 com.google.android.googlequicksearchbox/com.google.android.launcher.GEL} at 2 of 17 (after Window{25ab5e7 u0 com.android.systemui/com.android.systemui.recents.RecentsActivity})
I/WindowManager(  451): Screen frozen for +564ms due to Window{3336fb68 u0 NavigationBar}
I/ActivityManager(  451): Start proc 25034:android.process.acore/u0a3 for content provider com.android.providers.contacts/.ContactsProvider2
W/InputMethodManagerService(  451): Window already focused, ignoring focus gain of: com.android.internal.view.IInputMethodClient$Stub$Proxy@2e814da5 attribute=null, token = android.os.BinderProxy@e8f8b7d
V/ActivityManager(  451): Display changed displayId=0
I/ActivityManager(  451): Config changes=480 {1.0 ?mcc?mnc en_US ldltr sw768dp w768dp h951dp 320dpi xlrg port finger -keyb/v/h -nav/h s.41}
V/WindowManager(  451): Adding window Window{2bb582c9 u0 com.google.android.googlequicksearchbox/com.google.android.launcher.GEL} at 2 of 16 (after Window{25ab5e7 u0 com.android.systemui/com.android.systemui.recents.RecentsActivity})
I/WindowManager(  451): Screen frozen for +433ms due to Window{2bb582c9 u0 com.google.android.googlequicksearchbox/com.google.android.launcher.GEL}
W/ResourcesManager(17535): Asset path '/system/framework/com.android.media.remotedisplay.jar' does not exist or contains no resources.
W/ResourcesManager(17535): Asset path '/system/framework/com.android.location.provider.jar' does not exist or contains no resources.
D/WifiService(  451): acquireWifiLockLocked: WifiLock{NlpWifiLock type=2 binder=android.os.BinderProxy@38f647f2}
D/WifiService(  451): releaseWifiLockLocked: WifiLock{NlpWifiLock type=2 binder=android.os.BinderProxy@38f647f2}
W/ProcessCpuTracker(  451): Skipping unknown process pid 26183
W/ProcessCpuTracker(  451): Skipping unknown process pid 26188
I/EntropyMixer(  451): Writing entropy...
I/ValidateNoPeople(  451): skipping global notification
I/ValidateNoPeople(  451): skipping global notification
I/EntropyMixer(  451): Writing entropy...
I/ValidateNoPeople(  451): skipping global notification
I/ValidateNoPeople(  451): skipping global notification
W/BroadcastQueue(  451): Skipping deliver [background] BroadcastRecord{3668c3d1 u-1 android.net.conn.CONNECTIVITY_CHANGE} to ReceiverList{1aeb3e36 26999 (unknown name)/2000/u-1 remote:1d243a5b}: process crashing
I/ActivityManager(  451): START u0 {act=android.intent.action.MAIN cat=[android.intent.category.LAUNCHER] flg=0x10200000 cmp=com.quicinc.trepn/.userinterface.main.TrepnActivity} from uid 2000 on display 0
V/WindowManager(  451): addAppToken: AppWindowToken{1164cc0d token=Token{2bf116a4 ActivityRecord{36e22137 u0 com.quicinc.trepn/.userinterface.main.TrepnActivity t3373}}} to stack=1 task=3373 at 0
V/WindowManager(  451): Adding window Window{217e963c u0 Starting com.quicinc.trepn} at 3 of 17 (after Window{2bb582c9 u0 com.google.android.googlequicksearchbox/com.google.android.launcher.GEL})
V/WindowManager(  451): Adding window Window{2c609dc3 u0 com.quicinc.trepn/com.quicinc.trepn.userinterface.main.TrepnActivity} at 3 of 18 (before Window{217e963c u0 Starting com.quicinc.trepn})
I/ActivityManager(  451): Force stopping com.quicinc.trepn appid=10091 user=0: from pid 27085
I/ActivityManager(  451): Killing 20815:com.quicinc.trepn/u0a91 (adj 0): stop com.quicinc.trepn
I/WindowState(  451): WIN DEATH: Window{2c609dc3 u0 com.quicinc.trepn/com.quicinc.trepn.userinterface.main.TrepnActivity}
W/ActivityManager(  451): Scheduling restart of crashed service com.quicinc.trepn/.TrepnService in 1000ms
W/ActivityManager(  451): Force removing ActivityRecord{36e22137 u0 com.quicinc.trepn/.userinterface.main.TrepnActivity t3373}: app died, no saved state
I/ActivityManager(  451):   Force stopping service ServiceRecord{165da586 u0 com.quicinc.trepn/.TrepnService}
W/ActivityManager(  451): Spurious death for ProcessRecord{32d14341 20815:com.quicinc.trepn/u0a91}, curProc for 20815: null
W/InputMethodManagerService(  451): Got RemoteException sending setActive(false) notification to pid 20815 uid 10091
D/WifiService(  451): acquireWifiLockLocked: WifiLock{NlpWifiLock type=2 binder=android.os.BinderProxy@235a04d2}
D/WifiService(  451): releaseWifiLockLocked: WifiLock{NlpWifiLock type=2 binder=android.os.BinderProxy@235a04d2}
I/ValidateNoPeople(  451): skipping global notification
I/ActivityManager(  451): Start proc 27134:com.quicinc.trepn/u0a91 for service com.quicinc.trepn/.TrepnService
I/ActivityManager(  451): Force stopping com.android.chrome appid=10035 user=0: from pid 27173
I/ActivityManager(  451): START u0 {act=android.intent.action.VIEW flg=0x10008000 cmp=com.android.chrome/com.google.android.apps.chrome.Main} from uid 2000 on display 0
V/WindowManager(  451): addAppToken: AppWindowToken{15d89573 token=Token{16362de2 ActivityRecord{4836ad u0 com.android.chrome/com.google.android.apps.chrome.Main t3374}}} to stack=1 task=3374 at 0
I/ActivityManager(  451): Start proc 27191:com.android.chrome/u0a35 for activity com.android.chrome/com.google.android.apps.chrome.Main
W/ResourcesManager(27191): Asset path '/system/framework/com.android.media.remotedisplay.jar' does not exist or contains no resources.
W/ResourcesManager(27191): Asset path '/system/framework/com.android.location.provider.jar' does not exist or contains no resources.
I/ActivityManager(  451): START u0 {act=android.intent.action.VIEW flg=0x14002000 cmp=com.android.chrome/org.chromium.chrome.browser.ChromeTabbedActivity (has extras)} from uid 10035 on display 0
V/WindowManager(  451): addAppToken: AppWindowToken{2b6a0148 token=Token{97f3feb ActivityRecord{362b973a u0 com.android.chrome/org.chromium.chrome.browser.ChromeTabbedActivity t3375}}} to stack=1 task=3375 at 0
V/WindowManager(  451): Based on layer: Adding window Window{121ff619 u0 Starting com.android.chrome} at 3 of 17
I/ActivityManager(  451): Start proc 27218:com.android.chrome:sandboxed_process0/u0i321 for service com.android.chrome/org.chromium.content.app.SandboxedProcessService0
V/WindowManager(  451): Adding window Window{2a9b738e u0 com.android.chrome/org.chromium.chrome.browser.ChromeTabbedActivity} at 3 of 18 (before Window{121ff619 u0 Starting com.android.chrome})
V/WindowManager(  451): Adding window Window{1c1f2345 u0 SurfaceView} at 3 of 19 (before Window{2a9b738e u0 com.android.chrome/org.chromium.chrome.browser.ChromeTabbedActivity})
I/ActivityManager(  451): Start proc 27261:com.android.chrome:privileged_process0/u0a35 for service com.android.chrome/org.chromium.content.app.PrivilegedProcessService0
D/ConnectivityService(  451): listenForNetwork for NetworkRequest [ id=339, legacyType=-1, [ Capabilities: INTERNET&NOT_RESTRICTED&TRUSTED] ]
D/ConnectivityService(  451): listenForNetwork for NetworkRequest [ id=340, legacyType=-1, [ Capabilities: INTERNET&NOT_RESTRICTED&TRUSTED] ]
I/ActivityManager(  451): Start proc 27300:com.android.chrome:sandboxed_process1/u0i322 for service com.android.chrome/org.chromium.content.app.SandboxedProcessService1
W/libprocessgroup(  451): failed to open /acct/uid_10035/pid_27300/cgroup.procs: No such file or directory
I/ActivityManager(  451): Process com.android.chrome:sandboxed_process1 (pid 27300) has died
W/ActivityManager(  451): Scheduling restart of crashed service com.android.chrome/org.chromium.content.app.SandboxedProcessService1 in 1000ms
I/ProcessStatsService(  451): Prepared write state in 14ms
I/ProcessStatsService(  451): Pruning old procstats: /data/system/procstats/state-2018-06-10-21-03-00.bin
I/ActivityManager(  451): START u0 {act=com.android.systemui.recents.SHOW_RECENTS flg=0x10804000 cmp=com.android.systemui/.recents.RecentsActivity} from uid 10022 on display 0
D/ConnectivityService(  451): releasing NetworkRequest NetworkRequest [ id=340, legacyType=-1, [ Capabilities: INTERNET&NOT_RESTRICTED&TRUSTED] ]
D/ConnectivityService(  451): listenForNetwork for NetworkRequest [ id=341, legacyType=-1, [ Capabilities: INTERNET&NOT_RESTRICTED&TRUSTED] ]
I/ActivityManager(  451): START u0 {act=com.android.systemui.recents.SHOW_RECENTS flg=0x10804000 cmp=com.android.systemui/.recents.RecentsActivity} from uid 10022 on display 0
D/ConnectivityService(  451): releasing NetworkRequest NetworkRequest [ id=341, legacyType=-1, [ Capabilities: INTERNET&NOT_RESTRICTED&TRUSTED] ]
W/InputMethodManagerService(  451): Starting input on non-focused client com.android.internal.view.IInputMethodClient$Stub$Proxy@1ce7af2b (uid=10035 pid=27191)
I/ActivityManager(  451): Killing 27261:com.android.chrome:privileged_process0/u0a35 (adj 9): remove task
I/ActivityManager(  451): Killing 27191:com.android.chrome/u0a35 (adj 11): remove task
D/ConnectivityService(  451): ConnectivityService NetworkRequestInfo binderDied(NetworkRequest [ id=339, legacyType=-1, [ Capabilities: INTERNET&NOT_RESTRICTED&TRUSTED] ], android.os.BinderProxy@3759546)
D/ConnectivityService(  451): releasing NetworkRequest NetworkRequest [ id=339, legacyType=-1, [ Capabilities: INTERNET&NOT_RESTRICTED&TRUSTED] ]
E/ConnectivityService(  451): RemoteException caught trying to send a callback msg for NetworkRequest [ id=339, legacyType=-1, [ Capabilities: INTERNET&NOT_RESTRICTED&TRUSTED] ]
I/ActivityManager(  451): Killing 27218:com.android.chrome:sandboxed_process0/u0a35i321 (adj 9): remove task
W/libprocessgroup(  451): failed to open /acct/uid_10035/pid_27218/cgroup.procs: No such file or directory
W/ActivityManager(  451): Scheduling restart of crashed service com.android.chrome/org.chromium.content.app.SandboxedProcessService0 in 1000ms
W/ActivityManager(  451): Scheduling restart of crashed service com.android.chrome/org.chromium.content.app.PrivilegedProcessService0 in 11000ms
I/ActivityManager(  451): START u0 {act=android.intent.action.MAIN cat=[android.intent.category.LAUNCHER] flg=0x10300000 cmp=com.quicinc.trepn/.userinterface.main.TrepnActivity} from uid 2000 on display 0
V/WindowManager(  451): addAppToken: AppWindowToken{15f41a5d token=Token{3d2e6c34 ActivityRecord{6b01307 u0 com.quicinc.trepn/.userinterface.main.TrepnActivity t3373}}} to stack=1 task=3373 at 0
D/TaskPersister(  451): removeObsoleteFile: deleting file=3375_task.xml
D/TaskPersister(  451): removeObsoleteFile: deleting file=3375_task_thumbnail.png
W/ActivityManager(  451): Launch timeout has expired, giving up wake lock!
W/BroadcastQueue(  451): Skipping deliver [background] BroadcastRecord{399dcbf7 u-1 android.net.conn.CONNECTIVITY_CHANGE} to ReceiverList{145f4a64 27642 (unknown name)/2000/u-1 remote:ade4091}: process crashing
I/ActivityManager(  451): START u0 {act=android.intent.action.MAIN cat=[android.intent.category.LAUNCHER] flg=0x10200000 cmp=com.quicinc.trepn/.userinterface.main.TrepnActivity} from uid 2000 on display 0
V/WindowManager(  451): Adding window Window{f355085 u0 com.quicinc.trepn/com.quicinc.trepn.userinterface.main.TrepnActivity} at 3 of 16 (after Window{2bb582c9 u0 com.google.android.googlequicksearchbox/com.google.android.launcher.GEL})
I/ActivityManager(  451): Start proc 27657:com.google.android.talk/u0a13 for service com.google.android.talk/com.google.android.apps.hangouts.concurrent.impl.GcmTriggeredNotifier
W/ResourcesManager(27657): Asset path '/system/framework/com.google.android.media.effects.jar' does not exist or contains no resources.
D/VoldCmdListener(  151): cryptfs getpwtype
I/ActivityManager(  451): Force stopping com.quicinc.trepn appid=10091 user=0: from pid 27740
I/ActivityManager(  451): Killing 27134:com.quicinc.trepn/u0a91 (adj 0): stop com.quicinc.trepn
I/WindowState(  451): WIN DEATH: Window{f355085 u0 com.quicinc.trepn/com.quicinc.trepn.userinterface.main.TrepnActivity}
W/ActivityManager(  451): Scheduling restart of crashed service com.quicinc.trepn/.TrepnService in 1000ms
W/ActivityManager(  451): Force removing ActivityRecord{6b01307 u0 com.quicinc.trepn/.userinterface.main.TrepnActivity t3373}: app died, no saved state
I/ActivityManager(  451):   Force stopping service ServiceRecord{25f2b6df u0 com.quicinc.trepn/.TrepnService}
W/ActivityManager(  451): Spurious death for ProcessRecord{1bd93093 27134:com.quicinc.trepn/u0a91}, curProc for 27134: null
W/InputMethodManagerService(  451): Got RemoteException sending setActive(false) notification to pid 27134 uid 10091
D/WifiService(  451): acquireWifiLockLocked: WifiLock{NlpWifiLock type=2 binder=android.os.BinderProxy@3fc3bcfd}
D/WifiService(  451): releaseWifiLockLocked: WifiLock{NlpWifiLock type=2 binder=android.os.BinderProxy@3fc3bcfd}
I/ActivityManager(  451): Start proc 27775:com.quicinc.trepn/u0a91 for service com.quicinc.trepn/.TrepnService
I/ActivityManager(  451): Force stopping com.android.chrome appid=10035 user=0: from pid 27807
I/ActivityManager(  451): START u0 {act=android.intent.action.VIEW flg=0x10008000 cmp=com.android.chrome/com.google.android.apps.chrome.Main} from uid 2000 on display 0
V/WindowManager(  451): addAppToken: AppWindowToken{fe8ec5a token=Token{d5d8405 ActivityRecord{282a537c u0 com.android.chrome/com.google.android.apps.chrome.Main t3376}}} to stack=1 task=3376 at 0
I/ActivityManager(  451): Start proc 27821:com.android.chrome/u0a35 for activity com.android.chrome/com.google.android.apps.chrome.Main
W/ResourcesManager(27821): Asset path '/system/framework/com.android.media.remotedisplay.jar' does not exist or contains no resources.
W/ResourcesManager(27821): Asset path '/system/framework/com.android.location.provider.jar' does not exist or contains no resources.
I/ActivityManager(  451): START u0 {act=android.intent.action.VIEW flg=0x14002000 cmp=com.android.chrome/org.chromium.chrome.browser.ChromeTabbedActivity (has extras)} from uid 10035 on display 0
V/WindowManager(  451): addAppToken: AppWindowToken{39ebf403 token=Token{fb8acb2 ActivityRecord{3f7d2ebd u0 com.android.chrome/org.chromium.chrome.browser.ChromeTabbedActivity t3377}}} to stack=1 task=3377 at 0
V/WindowManager(  451): Based on layer: Adding window Window{2b903e98 u0 Starting com.android.chrome} at 3 of 17
I/ActivityManager(  451): Start proc 27847:com.android.chrome:sandboxed_process0/u0i323 for service com.android.chrome/org.chromium.content.app.SandboxedProcessService0
V/WindowManager(  451): Adding window Window{2b64ae61 u0 com.android.chrome/org.chromium.chrome.browser.ChromeTabbedActivity} at 3 of 18 (before Window{2b903e98 u0 Starting com.android.chrome})
V/WindowManager(  451): Adding window Window{2a9fae74 u0 SurfaceView} at 3 of 19 (before Window{2b64ae61 u0 com.android.chrome/org.chromium.chrome.browser.ChromeTabbedActivity})
I/ActivityManager(  451): Start proc 27885:com.android.chrome:privileged_process0/u0a35 for service com.android.chrome/org.chromium.content.app.PrivilegedProcessService0
D/ConnectivityService(  451): listenForNetwork for NetworkRequest [ id=342, legacyType=-1, [ Capabilities: INTERNET&NOT_RESTRICTED&TRUSTED] ]
D/ConnectivityService(  451): listenForNetwork for NetworkRequest [ id=343, legacyType=-1, [ Capabilities: INTERNET&NOT_RESTRICTED&TRUSTED] ]
I/ActivityManager(  451): Start proc 27978:com.android.chrome:sandboxed_process1/u0i324 for service com.android.chrome/org.chromium.content.app.SandboxedProcessService1
I/ActivityManager(  451): Start proc 27999:com.android.chrome:sandboxed_process2/u0i325 for service com.android.chrome/org.chromium.content.app.SandboxedProcessService2
D/WifiService(  451): acquireWifiLockLocked: WifiLock{NlpWifiLock type=2 binder=android.os.BinderProxy@16734dc7}
W/libprocessgroup(  451): failed to open /acct/uid_10035/pid_27999/cgroup.procs: No such file or directory
I/ActivityManager(  451): Process com.android.chrome:sandboxed_process2 (pid 27999) has died
W/ActivityManager(  451): Scheduling restart of crashed service com.android.chrome/org.chromium.content.app.SandboxedProcessService2 in 1000ms
D/WifiService(  451): releaseWifiLockLocked: WifiLock{NlpWifiLock type=2 binder=android.os.BinderProxy@16734dc7}
W/Telecom (  451): TelecomServiceImpl: null is not visible for the calling user
I/ActivityManager(  451): START u0 {act=android.settings.WIFI_SETTINGS flg=0x14000000 cmp=com.android.settings/.Settings$WifiSettingsActivity (has extras)} from uid 10022 on display 0
W/InputMethodManagerService(  451): Window already focused, ignoring focus gain of: com.android.internal.view.IInputMethodClient$Stub$Proxy@35a77c66 attribute=null, token = android.os.BinderProxy@395c7dc8
V/WindowManager(  451): addAppToken: AppWindowToken{139803fd token=Token{1aef7854 ActivityRecord{3d1b3ba7 u0 com.android.settings/.Settings$WifiSettingsActivity t3378}}} to stack=1 task=3378 at 0
V/WindowManager(  451): Adding window Window{e60b44a u0 Starting com.android.settings} at 5 of 19 (after Window{2b64ae61 u0 com.android.chrome/org.chromium.chrome.browser.ChromeTabbedActivity})
D/ConnectivityService(  451): releasing NetworkRequest NetworkRequest [ id=343, legacyType=-1, [ Capabilities: INTERNET&NOT_RESTRICTED&TRUSTED] ]
I/ActivityManager(  451): Start proc 28059:com.android.settings/1000 for activity com.android.settings/.Settings$WifiSettingsActivity
D/WifiService(  451): New client listening to asynchronous messages
V/WindowManager(  451): Adding window Window{2aa63a1c u0 Crunch} at 5 of 20 (before Window{e60b44a u0 Starting com.android.settings})
V/WindowManager(  451): Adding window Window{1ce8327f u0 com.android.settings/com.android.settings.Settings$WifiSettingsActivity} at 5 of 21 (before Window{2aa63a1c u0 Crunch})
I/ActivityManager(  451): Process com.opera.browser:alarm_receiver (pid 24994) has died
I/ActivityManager(  451): Process com.halfbrick.fruitninjafree (pid 19717) has died
W/ActivityManager(  451): Scheduling restart of crashed service com.halfbrick.fruitninjafree/com.otherlevels.android.sdk.OLService in 1000ms
I/ActivityManager(  451): Process com.google.android.apps.plus (pid 24806) has died
I/ActivityManager(  451): Process android.process.acore (pid 25034) has died
I/ActivityManager(  451): Process com.google.android.apps.photos (pid 24781) has died
I/WindowState(  451): WIN DEATH: Window{33d2c78c u0 com.estrongs.android.pop}
I/libprocessgroup(  451): Killing pid 18256 in uid 10089 as part of process group 17535
D/WifiService(  451): Client connection lost with reason: 4
I/libprocessgroup(  451): Killing pid 18256 in uid 10089 as part of process group 17535
I/libprocessgroup(  451): Killing pid 18256 in uid 10089 as part of process group 17535
I/libprocessgroup(  451): Killing pid 18256 in uid 10089 as part of process group 17535
I/libprocessgroup(  451): Killing pid 18256 in uid 10089 as part of process group 17535
I/libprocessgroup(  451): Killing pid 18256 in uid 10089 as part of process group 17535
I/libprocessgroup(  451): Killing pid 18256 in uid 10089 as part of process group 17535
I/WindowState(  451): WIN DEATH: Window{813adf4 u0 com.estrongs.android.pop}
I/WindowState(  451): WIN DEATH: Window{36fb3792 u0 com.estrongs.android.pop}
I/libprocessgroup(  451): Killing pid 18256 in uid 10089 as part of process group 17535
I/WindowState(  451): WIN DEATH: Window{2daad078 u0 com.estrongs.android.pop}
I/WindowState(  451): WIN DEATH: Window{1f20b3d u0 com.estrongs.android.pop}
I/libprocessgroup(  451): Killing pid 18256 in uid 10089 as part of process group 17535
I/WindowState(  451): WIN DEATH: Window{eb7b560 u0 com.estrongs.android.pop}
I/WindowState(  451): WIN DEATH: Window{27113ade u0 com.estrongs.android.pop}
I/WindowState(  451): WIN DEATH: Window{3ff226ea u0 com.estrongs.android.pop}
I/ActivityManager(  451): Process com.estrongs.android.pop (pid 17535) has died
W/ActivityManager(  451): Scheduling restart of crashed service com.estrongs.android.pop/com.android.apps.pros.LocalMService in 1000ms
W/ActivityManager(  451): Scheduling restart of crashed service com.estrongs.android.pop/com.estrongs.android.scanner.service.FileScannerService in 11000ms
