D/ConnectivityService(  451): Switching to new default network: NetworkAgentInfo{ ni{[type: WIFI[], state: CONNECTED/CONNECTED, reason: (unspecified), extra: "TP-LINK_3BE5", roaming: false, failover: false, isAvailable: true, isConnectedToProvisioningNetwork: false]}  network{117}  lp{{InterfaceName: wlan0 LinkAddresses: [fe80::522e:5cff:fee5:38b1/64,192.168.1.102/24,]  Routes: [fe80::/64 -> :: wlan0,192.168.1.0/24 -> 0.0.0.0 wlan0,0.0.0.0/0 -> 192.168.1.1 wlan0,] DnsAddresses: [213.160.212.3,213.160.223.35,] Domains: DHCP HOST MTU: 0 TcpBufferSizes: 524288,1048576,2097152,262144,524288,1048576}}  nc{[ Transports: WIFI Capabilities: INTERNET&NOT_RESTRICTED&TRUSTED&NOT_VPN LinkUpBandwidth>=1048576Kbps LinkDnBandwidth>=1048576Kbps]}  Score{20}  everValidated{false}  lastValidated{false}  created{true}  explicitlySelected{false} }
D/ConnectivityService(  451): notifyType AVAILABLE for NetworkAgentInfo [WIFI () - 117]
D/CSLegacyTypeTracker(  451): Sending connected broadcast for type 1 NetworkAgentInfo [WIFI () - 117] isDefaultNetwork=true
D/ConnectivityService(  451): sendStickyBroadcast: action=android.net.conn.CONNECTIVITY_CHANGE_IMMEDIATE
D/ConnectivityService(  451): sendStickyBroadcast: action=android.net.conn.CONNECTIVITY_CHANGE
D/ConnectivityService(  451): setProvNotificationVisibleIntent: E visible=false networkType=0 extraInfo=null
D/ConnectivityService(  451): Validated NetworkAgentInfo [WIFI () - 117]
D/ConnectivityService(  451): rematching NetworkAgentInfo [WIFI () - 117]
D/ConnectivityService(  451): Network NetworkAgentInfo [WIFI () - 117] was already satisfying request 1. No change.
D/ConnectivityService(  451): notifyType AVAILABLE for NetworkAgentInfo [WIFI () - 117]
D/ConnectivityService(  451): sendStickyBroadcast: action=android.net.conn.INET_CONDITION_ACTION
W/ActivityThread( 9141): ClassLoader.loadClass: The class loader returned by Thread.getContextClassLoader() may fail for processes that host multiple applications. You should explicitly specify a context class loader. For example: Thread.setContextClassLoader(getClass().getClassLoader());
I/ActivityManager(  451): Start proc 12371:com.android.vending:instant_app_installer/u0a18 for service com.android.vending/com.google.android.finsky.instantapps.statussync.StatusSyncService
W/ResourcesManager(11480): Asset path '/system/framework/com.android.media.remotedisplay.jar' does not exist or contains no resources.
W/ResourcesManager(11480): Asset path '/system/framework/com.android.location.provider.jar' does not exist or contains no resources.
W/PackageManager(  451): Package named 'org.videolan.vlc' doesn't exist.
W/PackageManager(  451): Package named 'com.google.android.apps.travel.onthego' doesn't exist.
W/PackageManager(  451): Package named 'com.stainlessgames.carmageddon' doesn't exist.
W/PackageManager(  451): Package named 'com.ulmon.android.citymaps2go' doesn't exist.
W/PackageManager(  451): Package named 'com.navfree.android.OSM.ALL' doesn't exist.
W/PackageManager(  451): Package named 'stericson.busybox' doesn't exist.
W/PackageManager(  451): Package named 'com.rovio.angrybirdsstarwars.ads.iap' doesn't exist.
W/PackageManager(  451): Package named 'com.ea.gp.fifamobile' doesn't exist.
D/PackageManager(  451): /data/app/vmdl1969001608.tmp already staged; skipping copy
D/PackageManager(  451): Renaming /data/app/vmdl1969001608.tmp to /data/app/com.android.vending-1
I/ActivityManager(  451): Force stopping com.android.vending appid=10018 user=-1: replace sys pkg
I/ActivityManager(  451): Killing 12371:com.android.vending:instant_app_installer/u0a18 (adj 11): stop com.android.vending
W/PackageManager(  451): Trying to update system app code path from /data/app/com.android.vending-2 to /data/app/com.android.vending-1
I/ActivityManager(  451): Killing 11480:com.android.vending/u0a18 (adj 9): stop com.android.vending
D/ConnectivityService(  451): ConnectivityService NetworkRequestInfo binderDied(NetworkRequest [ id=316, legacyType=-1, [ Capabilities: INTERNET&NOT_RESTRICTED&TRUSTED] ], android.os.BinderProxy@11e57e92)
D/ConnectivityService(  451): releasing NetworkRequest NetworkRequest [ id=316, legacyType=-1, [ Capabilities: INTERNET&NOT_RESTRICTED&TRUSTED] ]
E/ConnectivityService(  451): RemoteException caught trying to send a callback msg for NetworkRequest [ id=316, legacyType=-1, [ Capabilities: INTERNET&NOT_RESTRICTED&TRUSTED] ]
W/ActivityManager(  451): Spurious death for ProcessRecord{2ed8bc25 11480:com.android.vending/u0a18}, curProc for 11480: null
W/ActivityManager(  451): Spurious death for ProcessRecord{2247f71e 12371:com.android.vending:instant_app_installer/u0a18}, curProc for 12371: null
W/ActivityManager(  451): Unable to start service Intent { cmp=com.android.vending/com.google.android.finsky.scheduler.JobSchedulerEngine$PhoneskyJobSchedulerJobService } U=0: not found
W/ActivityManager(  451): Unable to start service Intent { cmp=com.android.vending/com.google.android.finsky.scheduler.JobSchedulerEngine$PhoneskyJobSchedulerJobService } U=0: not found
W/ActivityManager(  451): Unable to start service Intent { cmp=com.android.vending/com.google.android.finsky.scheduler.JobSchedulerEngine$PhoneskyJobSchedulerJobService } U=0: not found
W/ActivityManager(  451): Unable to start service Intent { cmp=com.android.vending/com.google.android.finsky.scheduler.JobSchedulerEngine$PhoneskyJobSchedulerJobService } U=0: not found
D/WifiService(  451): acquireWifiLockLocked: WifiLock{NlpWifiLock type=2 binder=android.os.BinderProxy@3459c68d}
D/WifiService(  451): releaseWifiLockLocked: WifiLock{NlpWifiLock type=2 binder=android.os.BinderProxy@3459c68d}
D/WifiService(  451): acquireWifiLockLocked: WifiLock{NlpWifiLock type=2 binder=android.os.BinderProxy@3459c68d}
D/WifiService(  451): releaseWifiLockLocked: WifiLock{NlpWifiLock type=2 binder=android.os.BinderProxy@3459c68d}
I/ActivityManager(  451): Force stopping com.android.vending appid=10018 user=-1: update pkg
W/PackageManager(  451): Code path for pkg : com.android.vending changing from /data/app/com.android.vending-2 to /data/app/com.android.vending-1
W/PackageManager(  451): Resource path for pkg : com.android.vending changing from /data/app/com.android.vending-2 to /data/app/com.android.vending-1
W/PackageManager(  451): Not granting permission android.permission.SEND_DOWNLOAD_COMPLETED_INTENTS to package com.android.vending (protectionLevel=2 flags=0x404abec5)
W/PackageManager(  451): Unknown permission android.permission.SEND_SMS_NO_CONFIRMATION in package com.android.vending
W/PackageManager(  451): Unknown permission android.permission.USE_FINGERPRINT in package com.android.vending
W/PackageManager(  451): Unknown permission android.permission.GET_ACCOUNTS_PRIVILEGED in package com.android.vending
W/PackageManager(  451): Unknown permission android.permission.INSTALL_GRANT_RUNTIME_PERMISSIONS in package com.android.vending
W/PackageManager(  451): Unknown permission android.permission.GRANT_RUNTIME_PERMISSIONS in package com.android.vending
W/PackageManager(  451): Unknown permission android.permission.REVOKE_RUNTIME_PERMISSIONS in package com.android.vending
W/PackageManager(  451): Unknown permission android.permission.CHANGE_DEVICE_IDLE_TEMP_WHITELIST in package com.android.vending
W/PackageManager(  451): Not granting permission android.permission.BATTERY_STATS to package com.android.vending (protectionLevel=50 flags=0x404abec5)
W/PackageManager(  451): Not granting permission android.permission.BACKUP to package com.android.vending (protectionLevel=18 flags=0x404abec5)
W/PackageManager(  451): Not granting permission android.permission.CONNECTIVITY_INTERNAL to package com.android.vending (protectionLevel=18 flags=0x404abec5)
W/PackageManager(  451): Not granting permission android.permission.DUMP to package com.android.vending (protectionLevel=50 flags=0x404abec5)
W/PackageManager(  451): Unknown permission android.permission.ALLOCATE_AGGRESSIVE in package com.android.vending
W/PackageManager(  451): Not granting permission android.permission.GET_APP_OPS_STATS to package com.android.vending (protectionLevel=50 flags=0x404abec5)
W/PackageManager(  451): Not granting permission android.permission.SET_PREFERRED_APPLICATIONS to package com.android.vending (protectionLevel=2 flags=0x404abec5)
W/PackageManager(  451): Unknown permission android.permission.ACCESS_INSTANT_APPS in package com.android.vending
W/PackageManager(  451): Not granting permission android.permission.UPDATE_DEVICE_STATS to package com.android.vending (protectionLevel=18 flags=0x404abec5)
W/PackageManager(  451): Unknown permission android.permission.MANAGE_APP_OPS_MODES in package com.android.vending
W/PackageManager(  451): Unknown permission android.permission.SET_HARMFUL_APP_WARNINGS in package com.android.vending
W/PackageManager(  451): Unknown permission com.google.android.partnersetup.permission.WRITE_APP_PROVIDER in package com.android.vending
W/PackageManager(  451): Unknown permission com.sec.android.provider.badge.permission.READ in package com.android.vending
W/PackageManager(  451): Unknown permission com.sec.android.provider.badge.permission.WRITE in package com.android.vending
W/PackageManager(  451): Unknown permission com.htc.launcher.permission.READ_SETTINGS in package com.android.vending
W/PackageManager(  451): Unknown permission com.htc.launcher.permission.UPDATE_SHORTCUT in package com.android.vending
W/PackageManager(  451): Unknown permission com.sonyericsson.home.permission.BROADCAST_BADGE in package com.android.vending
W/PackageManager(  451): Unknown permission com.sonymobile.home.permission.PROVIDER_INSERT_BADGE in package com.android.vending
W/PackageManager(  451): Unknown permission com.anddoes.launcher.permission.UPDATE_COUNT in package com.android.vending
W/PackageManager(  451): Unknown permission com.majeur.launcher.permission.UPDATE_BADGE in package com.android.vending
W/PackageManager(  451): Unknown permission com.huawei.android.launcher.permission.CHANGE_BADGE in package com.android.vending
W/PackageManager(  451): Unknown permission com.huawei.android.launcher.permission.READ_SETTINGS in package com.android.vending
W/PackageManager(  451): Unknown permission com.huawei.android.launcher.permission.WRITE_SETTINGS in package com.android.vending
W/PackageManager(  451): Unknown permission android.permission.READ_APP_BADGE in package com.android.vending
W/PackageManager(  451): Unknown permission com.oppo.launcher.permission.READ_SETTINGS in package com.android.vending
W/PackageManager(  451): Unknown permission com.oppo.launcher.permission.WRITE_SETTINGS in package com.android.vending
W/PackageManager(  451): Unknown permission org.chromium.arc.apkcacheprovider.permission.READ_CACHE in package com.android.vending
W/PackageManager(  451): Unknown permission org.chromium.arc.apkcacheprovider.permission.WRITE_CACHE in package com.android.vending
W/PackageManager(  451): Unknown permission android.Manifest.permission.SUBSTITUTE_NOTIFICATION_APP_NAME in package com.android.vending
W/PackageManager(  451): Unknown permission android.permission.READ_RUNTIME_PROFILES in package com.android.vending
W/PackageManager(  451): Unknown permission android.permission.FOREGROUND_SERVICE in package com.android.vending
I/ActivityManager(  451): Force stopping com.android.vending appid=10018 user=0: pkg removed
D/JobSchedulerService(  451): Receieved: android.intent.action.PACKAGE_REMOVED
D/BackupManagerService(  451): Received broadcast Intent { act=android.intent.action.PACKAGE_REMOVED dat=package:com.android.vending flg=0x4000010 (has extras) }
I/ActivityManager(  451): Start proc 12484:android.process.acore/u0a3 for broadcast com.android.providers.contacts/.PackageIntentReceiver
W/ResourcesManager(  884): Asset path '/system/framework/com.google.android.media.effects.jar' does not exist or contains no resources.
W/Zygote  (  210): Slow operation: 13333ms so far, now at Zygote.preFork
W/Zygote  (  210): Slow operation: 13345ms so far, now at Zygote.nativeForkAndSpecialize
W/ResourcesManager(  451): Asset path '/system/framework/com.google.widevine.software.drm.jar' does not exist or contains no resources.
W/Zygote  (  210): Slow operation: 13365ms so far, now at Zygote.postForkCommon
W/Zygote  (  210): Slow operation: 13366ms so far, now at zygoteConnection.runOnce: postForkAndSpecialize
W/ActivityManager(  451): Slow operation: 13367ms so far, now at startProcess: returned from zygote!
W/ActivityManager(  451): Slow operation: 13368ms so far, now at startProcess: done updating battery stats
W/ActivityManager(  451): Slow operation: 13368ms so far, now at startProcess: building log message
I/ActivityManager(  451): Start proc 12504:com.android.musicfx/u0a16 for broadcast com.android.musicfx/.Compatibility$Receiver
W/ActivityManager(  451): Slow operation: 13368ms so far, now at startProcess: starting to update pids map
W/ActivityManager(  451): Slow operation: 13368ms so far, now at startProcess: done updating pids map
W/ActivityManager(  451): Slow operation: 13369ms so far, now at startProcess: done starting proc!
W/Zygote  (12504): Slow operation: 13395ms so far, now at Zygote.nativeForkAndSpecialize
W/Zygote  (12504): Slow operation: 13400ms so far, now at Zygote.postForkCommon
W/Zygote  (12504): Slow operation: 13401ms so far, now at zygoteConnection.runOnce: postForkAndSpecialize
I/ActivityManager(  451): Start proc 12521:com.android.keychain/1000 for broadcast com.android.keychain/.KeyChainBroadcastReceiver
W/ContextImpl(12521): Calling a method in the system process without a qualified user: android.app.ContextImpl.startService:1692 android.content.ContextWrapper.startService:516 android.content.ContextWrapper.startService:516 com.android.keychain.KeyChainBroadcastReceiver.onReceive:12 android.app.ActivityThread.handleReceiver:2609 
I/ActivityManager(  451): Start proc 12542:com.android.vending/u0a18 for broadcast com.android.vending/com.google.android.finsky.packagemanager.impl.PackageMonitorReceiverImpl$RegisteredReceiver
W/ResourcesManager(  451): Asset path '/system/framework/com.google.android.maps.jar' does not exist or contains no resources.
D/BackupManagerService(  451): Received broadcast Intent { act=android.intent.action.PACKAGE_ADDED dat=package:com.android.vending flg=0x4000010 (has extras) }
D/BackupManagerService(  451): Now staging backup of com.android.vending
D/ConnectivityService(  451): listenForNetwork for NetworkRequest [ id=318, legacyType=-1, [ Capabilities: INTERNET&NOT_RESTRICTED&TRUSTED] ]
D/ConnectivityService(  451): handleRegisterNetworkRequest checking NetworkAgentInfo [WIFI () - 117]
D/ConnectivityService(  451): apparently satisfied.  currentScore=60
W/ActivityManager(  451): getTasks: caller 10089 does not hold GET_TASKS; limiting output
W/ActivityManager(  451): getTasks: caller 10089 does not hold GET_TASKS; limiting output
I/ActivityManager(  451): START u0 {flg=0x10800000 cmp=com.estrongs.android.pop/.app.InstallMonitorActivity (has extras)} from uid 10089 on display 0
V/WindowManager(  451): addAppToken: AppWindowToken{2a50a44e token=Token{357a1349 ActivityRecord{33164550 u0 com.estrongs.android.pop/.app.InstallMonitorActivity t3357}}} to stack=1 task=3357 at 0
V/ActivityManager(  451): Display changed displayId=0
W/ActivityManager(  451): getTasks: caller 10089 does not hold GET_TASKS; limiting output
W/InputMethodManagerService(  451): Window already focused, ignoring focus gain of: com.android.internal.view.IInputMethodClient$Stub$Proxy@2cdf0914 attribute=android.view.inputmethod.EditorInfo@293325bd, token = android.os.BinderProxy@16372400
D/ConnectivityService(  451): listenForNetwork for NetworkRequest [ id=319, legacyType=-1, [ Capabilities: INTERNET&NOT_RESTRICTED&TRUSTED] ]
D/ConnectivityService(  451): handleRegisterNetworkRequest checking NetworkAgentInfo [WIFI () - 117]
D/ConnectivityService(  451): apparently satisfied.  currentScore=60
D/ConnectivityService(  451): releasing NetworkRequest NetworkRequest [ id=319, legacyType=-1, [ Capabilities: INTERNET&NOT_RESTRICTED&TRUSTED] ]
I/ActivityManager(  451): Start proc 12668:org.mozilla.firefox/u0a86 for broadcast org.mozilla.firefox/org.mozilla.gecko.notifications.WhatsNewReceiver
I/ActivityManager(  451): Start proc 12720:com.google.android.youtube/u0a81 for service com.google.android.youtube/com.google.android.libraries.youtube.common.gcore.gcoreclient.gcm.impl.GcmTaskServiceDelegator
I/ActivityManager(  451): Start proc 12739:com.google.android.apps.maps/u0a60 for service com.google.android.apps.maps/com.google.android.apps.gmm.shared.cache.glide.GlideDiskCacheExpirationService
W/ResourcesManager(12720): Asset path '/system/framework/com.android.media.remotedisplay.jar' does not exist or contains no resources.
W/ResourcesManager(12720): Asset path '/system/framework/com.android.location.provider.jar' does not exist or contains no resources.
D/ConnectivityService(  451): listenForNetwork for NetworkRequest [ id=320, legacyType=-1, [ Capabilities: INTERNET&NOT_RESTRICTED&TRUSTED] ]
D/ConnectivityService(  451): handleRegisterNetworkRequest checking NetworkAgentInfo [WIFI () - 117]
D/ConnectivityService(  451): apparently satisfied.  currentScore=60
D/VoldCmdListener(  151): cryptfs getpwtype
W/ResourcesManager(12739): Asset path '/system/framework/com.android.media.remotedisplay.jar' does not exist or contains no resources.
W/ResourcesManager(12739): Asset path '/system/framework/com.android.location.provider.jar' does not exist or contains no resources.
D/ConnectivityService(  451): listenForNetwork for NetworkRequest [ id=321, legacyType=-1, [ Capabilities: INTERNET&NOT_RESTRICTED&TRUSTED] ]
D/ConnectivityService(  451): handleRegisterNetworkRequest checking NetworkAgentInfo [WIFI () - 117]
D/ConnectivityService(  451): apparently satisfied.  currentScore=60
I/ActivityManager(  451): Killing 2594:com.android.providers.partnerbookmarks/u0a65 (adj 15): empty #17
D/ConnectivityService(  451): NetworkAgentInfo [WIFI () - 117] EVENT_NETWORK_INFO_CHANGED, going from CONNECTED to CONNECTING
D/ConnectivityService(  451): NetworkAgentInfo [WIFI () - 117] EVENT_NETWORK_INFO_CHANGED, going from CONNECTING to CONNECTED
D/ConnectivityService(  451): ConnectivityService NetworkRequestInfo binderDied(NetworkRequest [ id=318, legacyType=-1, [ Capabilities: INTERNET&NOT_RESTRICTED&TRUSTED] ], android.os.BinderProxy@376a6cee)
D/ConnectivityService(  451): releasing NetworkRequest NetworkRequest [ id=318, legacyType=-1, [ Capabilities: INTERNET&NOT_RESTRICTED&TRUSTED] ]
E/ConnectivityService(  451): RemoteException caught trying to send a callback msg for NetworkRequest [ id=318, legacyType=-1, [ Capabilities: INTERNET&NOT_RESTRICTED&TRUSTED] ]
I/ActivityManager(  451): Process com.android.vending (pid 12542) has died
I/PowerManagerService(  451): Waking up from sleep (uid 1000)...
I/DisplayPowerController(  451): Blocking screen on until initial contents have been drawn.
I/DisplayManagerService(  451): Display device changed: DisplayDeviceInfo{"Built-in Screen": uniqueId="local:0", 1536 x 2048, 59.0 fps, supportedRefreshRates [59.0], density 320, 288.995 x 288.995 dpi, appVsyncOff 0, presDeadline 17949152, touch INTERNAL, rotation 0, type BUILT_IN, state ON, FLAG_DEFAULT_DISPLAY, FLAG_ROTATES_WITH_CONTENT, FLAG_SECURE, FLAG_SUPPORTS_PROTECTED_BUFFERS}
D/ConnectivityService(  451): listenForNetwork for NetworkRequest [ id=322, legacyType=-1, [ Capabilities: INTERNET&NOT_RESTRICTED&TRUSTED] ]
D/ConnectivityService(  451): handleRegisterNetworkRequest checking NetworkAgentInfo [WIFI () - 117]
D/ConnectivityService(  451): apparently satisfied.  currentScore=60
V/ActivityManager(  451): Display changed displayId=0
I/DisplayPowerController(  451): Unblocked screen on after 852 ms
D/ConnectivityService(  451): updateNetworkScore for NetworkAgentInfo [WIFI () - 117] to 60
D/ConnectivityService(  451): rematching NetworkAgentInfo [WIFI () - 117]
D/ConnectivityService(  451): Network NetworkAgentInfo [WIFI () - 117] was already satisfying request 1. No change.
D/ConnectivityService(  451): notifyType AVAILABLE for NetworkAgentInfo [WIFI () - 117]
I/ProcessStatsService(  451): Prepared write state in 7ms
I/ProcessStatsService(  451): Pruning old procstats: /data/system/procstats/state-2018-06-10-14-44-28.bin
I/UsageStatsService(  451): User[0] Flushing usage stats to disk
D/ConnectivityService(  451): NetworkAgentInfo [WIFI () - 117] EVENT_NETWORK_INFO_CHANGED, going from CONNECTED to CONNECTING
D/ConnectivityService(  451): NetworkAgentInfo [WIFI () - 117] EVENT_NETWORK_INFO_CHANGED, going from CONNECTING to CONNECTED
I/ActivityManager(  451): Killing 12219:com.google.android.gms.ui/u0a8 (adj 15): empty for 1811s
I/ActivityManager(  451): START u0 {flg=0x10800000 cmp=com.estrongs.android.pop/.app.RemainTransitionActivity} from uid 10089 on display 0
V/WindowManager(  451): addAppToken: AppWindowToken{3f0f256f token=Token{405504e ActivityRecord{3fa5ef49 u0 com.estrongs.android.pop/.app.RemainTransitionActivity t3358}}} to stack=1 task=3358 at 0
D/ConnectivityService(  451): releasing NetworkRequest NetworkRequest [ id=322, legacyType=-1, [ Capabilities: INTERNET&NOT_RESTRICTED&TRUSTED] ]
V/ActivityManager(  451): Display changed displayId=0
W/InputMethodManagerService(  451): Window already focused, ignoring focus gain of: com.android.internal.view.IInputMethodClient$Stub$Proxy@19b4f27c attribute=null, token = android.os.BinderProxy@16372400
D/ConnectivityService(  451): listenForNetwork for NetworkRequest [ id=323, legacyType=-1, [ Capabilities: INTERNET&NOT_RESTRICTED&TRUSTED] ]
D/ConnectivityService(  451): handleRegisterNetworkRequest checking NetworkAgentInfo [WIFI () - 117]
D/ConnectivityService(  451): apparently satisfied.  currentScore=60
I/ActivityManager(  451): Start proc 13221:com.google.android.gms.unstable/u0a8 for service com.google.android.gms/.droidguard.DroidGuardService
W/ResourcesManager(13221): Asset path '/system/framework/com.android.media.remotedisplay.jar' does not exist or contains no resources.
W/ResourcesManager(13221): Asset path '/system/framework/com.android.location.provider.jar' does not exist or contains no resources.
I/ActivityManager(  451): Process com.google.android.apps.plus (pid 11390) has died
I/ActivityManager(  451): Process android.process.acore (pid 12484) has died
I/ActivityManager(  451): Process com.android.keychain (pid 12521) has died
I/ActivityManager(  451): Process com.android.defcontainer (pid 3014) has died
I/ActivityManager(  451): Process com.google.android.apps.photos (pid 9562) has died
I/ActivityManager(  451): Process android.process.media (pid 9141) has died
I/ActivityManager(  451): Process com.google.android.partnersetup (pid 2515) has died
D/ConnectivityService(  451): ConnectivityService NetworkRequestInfo binderDied(NetworkRequest [ id=321, legacyType=-1, [ Capabilities: INTERNET&NOT_RESTRICTED&TRUSTED] ], android.os.BinderProxy@1fe12d0d)
D/ConnectivityService(  451): releasing NetworkRequest NetworkRequest [ id=321, legacyType=-1, [ Capabilities: INTERNET&NOT_RESTRICTED&TRUSTED] ]
I/ActivityManager(  451): Process com.google.android.apps.maps (pid 12739) has died
E/ConnectivityService(  451): RemoteException caught trying to send a callback msg for NetworkRequest [ id=321, legacyType=-1, [ Capabilities: INTERNET&NOT_RESTRICTED&TRUSTED] ]
I/ActivityManager(  451): Process org.mozilla.firefox (pid 12668) has died
I/ActivityManager(  451): Process .esfm (pid 22841) has died
W/ActivityManager(  451): Scheduling restart of crashed service com.estrongs.android.pop/com.estrongs.android.scanner.service.FileMonitorService in 1000ms
I/ActivityManager(  451): Process com.android.musicfx (pid 12504) has died
I/ActivityManager(  451): Process com.opera.browser:alarm_receiver (pid 11687) has died
I/ActivityManager(  451): Process com.estrongs.android.pop:local (pid 675) has died
W/ActivityManager(  451): Scheduling restart of crashed service com.estrongs.android.pop/com.android.apps.pros.LocalCService in 10641ms
D/ConnectivityService(  451): ConnectivityService NetworkRequestInfo binderDied(NetworkRequest [ id=320, legacyType=-1, [ Capabilities: INTERNET&NOT_RESTRICTED&TRUSTED] ], android.os.BinderProxy@13a854c2)
D/ConnectivityService(  451): releasing NetworkRequest NetworkRequest [ id=320, legacyType=-1, [ Capabilities: INTERNET&NOT_RESTRICTED&TRUSTED] ]
E/ConnectivityService(  451): RemoteException caught trying to send a callback msg for NetworkRequest [ id=320, legacyType=-1, [ Capabilities: INTERNET&NOT_RESTRICTED&TRUSTED] ]
I/ActivityManager(  451): Process com.google.android.youtube (pid 12720) has died
I/ActivityManager(  451): Start proc 13257:.esfm/u0a89 for service com.estrongs.android.pop/com.estrongs.android.scanner.service.FileMonitorService
I/ActivityManager(  451): Start proc 13285:android.process.media/u0a5 for content provider com.android.providers.media/.MediaProvider
I/CertBlacklister(  451): Certificate blacklist changed, updating...
I/CertBlacklister(  451): Certificate blacklist updated
I/ActivityManager(  451): Start proc 13307:com.google.android.partnersetup/u0a12 for broadcast com.google.android.partnersetup/.GservicesChangedReceiver
I/ActivityManager(  451): Start proc 13325:com.google.android.configupdater/u0a37 for broadcast com.google.android.configupdater/.CertPin.CertPinUpdateRequestReceiver
I/ActivityManager(  451): Start proc 13370:com.google.android.apps.photos/u0a66 for broadcast com.google.android.apps.photos/com.google.android.apps.moviemaker.app.ApplicationEnabler$Receiver
W/ActivityManager(  451): Unable to start service Intent { cmp=com.google.android.gms/.analytics.service.RefreshEnabledStateService } U=0: not found
I/ActivityManager(  451): Start proc 13419:com.estrongs.android.pop:local/u0a89 for service com.estrongs.android.pop/com.android.apps.pros.LocalCService
I/ProcessStatsService(  451): Prepared write state in 2ms
V/ActivityManager(  451): Display changed displayId=0
I/ActivityManager(  451): Config changes=480 {1.0 ?mcc?mnc en_US ldltr sw768dp w1024dp h695dp 320dpi xlrg land finger -keyb/v/h -nav/h s.30}
I/ActivityManager(  451): Start proc 13479:android.process.acore/u0a3 for content provider com.android.providers.contacts/.ContactsProvider2
I/WindowManager(  451): Screen frozen for +637ms due to Window{3336fb68 u0 NavigationBar}
V/DeadZone(  627): consuming errant click: (608.62476,18.525146)
I/ActivityManager(  451): moveTaskToBack: TaskRecord{1196ea18 #3356 A=com.android.chrome U=0 sz=1}
D/ConnectivityService(  451): releasing NetworkRequest NetworkRequest [ id=323, legacyType=-1, [ Capabilities: INTERNET&NOT_RESTRICTED&TRUSTED] ]
V/WindowManager(  451): Adding window Window{16c0aea u0 com.google.android.googlequicksearchbox/com.google.android.launcher.GEL} at 2 of 17 (after Window{91c7c66 u0 com.android.systemui/com.android.systemui.recents.RecentsActivity})
I/PowerManagerService(  451): Going to sleep due to screen timeout (uid 1000)...
I/PowerManagerService(  451): Sleeping (uid 1000)...
I/DisplayManagerService(  451): Display device changed: DisplayDeviceInfo{"Built-in Screen": uniqueId="local:0", 1536 x 2048, 59.0 fps, supportedRefreshRates [59.0], density 320, 288.995 x 288.995 dpi, appVsyncOff 0, presDeadline 17949152, touch INTERNAL, rotation 0, type BUILT_IN, state OFF, FLAG_DEFAULT_DISPLAY, FLAG_ROTATES_WITH_CONTENT, FLAG_SECURE, FLAG_SUPPORTS_PROTECTED_BUFFERS}
V/ActivityManager(  451): Display changed displayId=0
D/WifiService(  451): acquireWifiLockLocked: WifiLock{NlpWifiLock type=2 binder=android.os.BinderProxy@3d8ae11b}
D/WifiService(  451): releaseWifiLockLocked: WifiLock{NlpWifiLock type=2 binder=android.os.BinderProxy@3d8ae11b}
D/WifiService(  451): acquireWifiLockLocked: WifiLock{NlpWifiLock type=2 binder=android.os.BinderProxy@15c0b47e}
D/WifiService(  451): releaseWifiLockLocked: WifiLock{NlpWifiLock type=2 binder=android.os.BinderProxy@15c0b47e}
D/WifiService(  451): acquireWifiLockLocked: WifiLock{NlpWifiLock type=2 binder=android.os.BinderProxy@3c7f93f9}
D/WifiService(  451): releaseWifiLockLocked: WifiLock{NlpWifiLock type=2 binder=android.os.BinderProxy@3c7f93f9}
D/ConnectivityService(  451): NetworkAgentInfo [WIFI () - 117] EVENT_NETWORK_INFO_CHANGED, going from CONNECTED to DISCONNECTED
D/ConnectivityService(  451): NetworkAgentInfo [WIFI () - 117] got DISCONNECTED, was satisfying 9
D/ConnectivityService(  451): reportBadNetwork(NetworkAgentInfo [WIFI () - 117]) by 10008
D/WifiService(  451): acquireWifiLockLocked: WifiLock{NlpWifiLock type=2 binder=android.os.BinderProxy@3c7f93f9}
D/ConnectivityService(  451): notifyType LOST for NetworkAgentInfo [WIFI () - 117]
D/CSLegacyTypeTracker(  451): Sending disconnected broadcast for type 1 NetworkAgentInfo [WIFI () - 117] isDefaultNetwork=true
D/ConnectivityService(  451): sendStickyBroadcast: action=android.net.conn.CONNECTIVITY_CHANGE_IMMEDIATE
D/ConnectivityService(  451): sendStickyBroadcast: action=android.net.conn.CONNECTIVITY_CHANGE
D/ConnectivityService(  451): sendStickyBroadcast: action=android.net.conn.CONNECTIVITY_CHANGE_IMMEDIATE
D/ConnectivityService(  451): sendStickyBroadcast: action=android.net.conn.CONNECTIVITY_CHANGE
D/ConnectivityService(  451): Checking for replacement network to handle request NetworkRequest [ id=1, legacyType=-1, [ Capabilities: INTERNET&NOT_RESTRICTED&TRUSTED&NOT_VPN] ]
D/ConnectivityService(  451): setProvNotificationVisibleIntent: E visible=false networkType=0 extraInfo=null
I/ActivityManager(  451): Start proc 13640:com.google.android.apps.plus/u0a68 for broadcast com.google.android.apps.plus/com.google.android.libraries.social.autobackup.AutoBackupEnvironment$ConnectivityReceiver
W/ResourcesManager(13640): Asset path '/system/framework/com.google.android.maps.jar' does not exist or contains no resources.
D/WifiService(  451): releaseWifiLockLocked: WifiLock{NlpWifiLock type=2 binder=android.os.BinderProxy@3c7f93f9}
D/ConnectivityService(  451): registerNetworkAgent NetworkAgentInfo{ ni{[type: WIFI[], state: CONNECTING/CONNECTING, reason: (unspecified), extra: "eduroam", roaming: false, failover: false, isAvailable: true, isConnectedToProvisioningNetwork: false]}  network{null}  lp{{InterfaceName: wlan0 LinkAddresses: []  Routes: [] DnsAddresses: [] Domains: null MTU: 0 TcpBufferSizes: 524288,1048576,2097152,262144,524288,1048576}}  nc{[ Transports: WIFI Capabilities: INTERNET&NOT_RESTRICTED&TRUSTED&NOT_VPN LinkUpBandwidth>=1048576Kbps LinkDnBandwidth>=1048576Kbps]}  Score{20}  everValidated{false}  lastValidated{false}  created{false}  explicitlySelected{false} }
D/ConnectivityService(  451): NetworkAgentInfo [WIFI () - 118] EVENT_NETWORK_INFO_CHANGED, going from null to CONNECTING
D/ConnectivityService(  451): NetworkAgentInfo [WIFI () - 118] EVENT_NETWORK_INFO_CHANGED, going from CONNECTING to DISCONNECTED
D/ConnectivityService(  451): NetworkAgentInfo [WIFI () - 118] got DISCONNECTED, was satisfying 0
D/ConnectivityService(  451): notifyType LOST for NetworkAgentInfo [WIFI () - 118]
E/ConnectivityService(  451): EVENT_NETWORK_INFO_CHANGED from unknown NetworkAgent
D/ConnectivityService(  451): Failed to find a new network - expiring NetTransition Wakelock
D/WifiService(  451): acquireWifiLockLocked: WifiLock{NlpWifiLock type=2 binder=android.os.BinderProxy@2ba650b0}
D/WifiService(  451): releaseWifiLockLocked: WifiLock{NlpWifiLock type=2 binder=android.os.BinderProxy@2ba650b0}
D/WifiService(  451): acquireWifiLockLocked: WifiLock{NlpWifiLock type=2 binder=android.os.BinderProxy@2ba650b0}
D/WifiService(  451): releaseWifiLockLocked: WifiLock{NlpWifiLock type=2 binder=android.os.BinderProxy@2ba650b0}
I/ActivityManager(  451): Start proc 13736:com.opera.browser:alarm_receiver/u0a85 for broadcast com.opera.browser/com.opera.android.phantom.receiver.AlarmReceiver
W/ActivityManager(  451): SLOW OOM ADJ: 177969ms for pid 13221 = 15
D/WifiService(  451): acquireWifiLockLocked: WifiLock{NlpWifiLock type=2 binder=android.os.BinderProxy@2ba650b0}
D/WifiService(  451): releaseWifiLockLocked: WifiLock{NlpWifiLock type=2 binder=android.os.BinderProxy@2ba650b0}
D/WifiService(  451): acquireWifiLockLocked: WifiLock{NlpWifiLock type=2 binder=android.os.BinderProxy@2ba650b0}
I/ValidateNoPeople(  451): skipping global notification
D/WifiService(  451): releaseWifiLockLocked: WifiLock{NlpWifiLock type=2 binder=android.os.BinderProxy@2ba650b0}
D/WifiService(  451): acquireWifiLockLocked: WifiLock{NlpWifiLock type=2 binder=android.os.BinderProxy@2ba650b0}
D/WifiService(  451): releaseWifiLockLocked: WifiLock{NlpWifiLock type=2 binder=android.os.BinderProxy@2ba650b0}
D/WifiService(  451): acquireWifiLockLocked: WifiLock{NlpWifiLock type=2 binder=android.os.BinderProxy@2ba650b0}
D/WifiService(  451): releaseWifiLockLocked: WifiLock{NlpWifiLock type=2 binder=android.os.BinderProxy@2ba650b0}
D/WifiService(  451): acquireWifiLockLocked: WifiLock{NlpWifiLock type=2 binder=android.os.BinderProxy@2ba650b0}
I/ValidateNoPeople(  451): skipping global notification
D/WifiService(  451): releaseWifiLockLocked: WifiLock{NlpWifiLock type=2 binder=android.os.BinderProxy@2ba650b0}
D/WifiService(  451): acquireWifiLockLocked: WifiLock{NlpWifiLock type=2 binder=android.os.BinderProxy@2ba650b0}
D/WifiService(  451): releaseWifiLockLocked: WifiLock{NlpWifiLock type=2 binder=android.os.BinderProxy@2ba650b0}
D/WifiService(  451): acquireWifiLockLocked: WifiLock{NlpWifiLock type=2 binder=android.os.BinderProxy@33cf074d}
D/WifiService(  451): releaseWifiLockLocked: WifiLock{NlpWifiLock type=2 binder=android.os.BinderProxy@33cf074d}
D/WifiService(  451): acquireWifiLockLocked: WifiLock{NlpWifiLock type=2 binder=android.os.BinderProxy@33cf074d}
I/ValidateNoPeople(  451): skipping global notification
D/WifiService(  451): releaseWifiLockLocked: WifiLock{NlpWifiLock type=2 binder=android.os.BinderProxy@33cf074d}
D/WifiService(  451): acquireWifiLockLocked: WifiLock{NlpWifiLock type=2 binder=android.os.BinderProxy@33cf074d}
D/WifiService(  451): releaseWifiLockLocked: WifiLock{NlpWifiLock type=2 binder=android.os.BinderProxy@33cf074d}
D/WifiService(  451): acquireWifiLockLocked: WifiLock{NlpWifiLock type=2 binder=android.os.BinderProxy@33cf074d}
D/WifiService(  451): releaseWifiLockLocked: WifiLock{NlpWifiLock type=2 binder=android.os.BinderProxy@33cf074d}
D/WifiService(  451): acquireWifiLockLocked: WifiLock{NlpWifiLock type=2 binder=android.os.BinderProxy@33cf074d}
I/ValidateNoPeople(  451): skipping global notification
D/WifiService(  451): releaseWifiLockLocked: WifiLock{NlpWifiLock type=2 binder=android.os.BinderProxy@33cf074d}
D/WifiService(  451): acquireWifiLockLocked: WifiLock{NlpWifiLock type=2 binder=android.os.BinderProxy@33cf074d}
D/WifiService(  451): releaseWifiLockLocked: WifiLock{NlpWifiLock type=2 binder=android.os.BinderProxy@33cf074d}
D/WifiService(  451): acquireWifiLockLocked: WifiLock{NlpWifiLock type=2 binder=android.os.BinderProxy@33cf074d}
D/WifiService(  451): releaseWifiLockLocked: WifiLock{NlpWifiLock type=2 binder=android.os.BinderProxy@33cf074d}
D/WifiService(  451): acquireWifiLockLocked: WifiLock{NlpWifiLock type=2 binder=android.os.BinderProxy@33cf074d}
I/ValidateNoPeople(  451): skipping global notification
D/WifiService(  451): releaseWifiLockLocked: WifiLock{NlpWifiLock type=2 binder=android.os.BinderProxy@33cf074d}
D/WifiService(  451): acquireWifiLockLocked: WifiLock{NlpWifiLock type=2 binder=android.os.BinderProxy@33cf074d}
D/WifiService(  451): releaseWifiLockLocked: WifiLock{NlpWifiLock type=2 binder=android.os.BinderProxy@33cf074d}
D/WifiService(  451): acquireWifiLockLocked: WifiLock{NlpWifiLock type=2 binder=android.os.BinderProxy@33cf074d}
D/WifiService(  451): releaseWifiLockLocked: WifiLock{NlpWifiLock type=2 binder=android.os.BinderProxy@33cf074d}
D/WifiService(  451): acquireWifiLockLocked: WifiLock{NlpWifiLock type=2 binder=android.os.BinderProxy@33cf074d}
I/ValidateNoPeople(  451): skipping global notification
D/WifiService(  451): releaseWifiLockLocked: WifiLock{NlpWifiLock type=2 binder=android.os.BinderProxy@33cf074d}
D/WifiService(  451): acquireWifiLockLocked: WifiLock{NlpWifiLock type=2 binder=android.os.BinderProxy@35ef5864}
D/WifiService(  451): releaseWifiLockLocked: WifiLock{NlpWifiLock type=2 binder=android.os.BinderProxy@35ef5864}
D/WifiService(  451): acquireWifiLockLocked: WifiLock{NlpWifiLock type=2 binder=android.os.BinderProxy@35ef5864}
D/WifiService(  451): releaseWifiLockLocked: WifiLock{NlpWifiLock type=2 binder=android.os.BinderProxy@35ef5864}
D/WifiService(  451): acquireWifiLockLocked: WifiLock{NlpWifiLock type=2 binder=android.os.BinderProxy@35ef5864}
D/WifiService(  451): releaseWifiLockLocked: WifiLock{NlpWifiLock type=2 binder=android.os.BinderProxy@35ef5864}
I/UsageStatsService(  451): User[0] Flushing usage stats to disk
D/WifiService(  451): acquireWifiLockLocked: WifiLock{NlpWifiLock type=2 binder=android.os.BinderProxy@223a4045}
I/ValidateNoPeople(  451): skipping global notification
D/WifiService(  451): releaseWifiLockLocked: WifiLock{NlpWifiLock type=2 binder=android.os.BinderProxy@223a4045}
D/WifiService(  451): acquireWifiLockLocked: WifiLock{NlpWifiLock type=2 binder=android.os.BinderProxy@24a64ae}
D/WifiService(  451): releaseWifiLockLocked: WifiLock{NlpWifiLock type=2 binder=android.os.BinderProxy@24a64ae}
D/ConnectivityService(  451): registerNetworkAgent NetworkAgentInfo{ ni{[type: WIFI[], state: CONNECTING/CONNECTING, reason: (unspecified), extra: "YOU SHALL NOT PASS", roaming: false, failover: false, isAvailable: true, isConnectedToProvisioningNetwork: false]}  network{null}  lp{{InterfaceName: wlan0 LinkAddresses: []  Routes: [] DnsAddresses: [] Domains: null MTU: 0 TcpBufferSizes: 524288,1048576,2097152,262144,524288,1048576}}  nc{[ Transports: WIFI Capabilities: INTERNET&NOT_RESTRICTED&TRUSTED&NOT_VPN LinkUpBandwidth>=1048576Kbps LinkDnBandwidth>=1048576Kbps]}  Score{20}  everValidated{false}  lastValidated{false}  created{false}  explicitlySelected{false} }
D/ConnectivityService(  451): NetworkAgentInfo [WIFI () - 119] EVENT_NETWORK_INFO_CHANGED, going from null to CONNECTING
D/ConnectivityService(  451): NetworkAgentInfo [WIFI () - 119] EVENT_NETWORK_INFO_CHANGED, going from CONNECTING to CONNECTED
D/ConnectivityService(  451): Adding iface wlan0 to network 119
E/ConnectivityService(  451): Unexpected mtu value: 0, wlan0
D/ConnectivityService(  451): Adding Route [fe80::/64 -> :: wlan0] to network 119
D/ConnectivityService(  451): Adding Route [2a02:a210:1382:5980::/64 -> :: wlan0] to network 119
D/ConnectivityService(  451): Adding Route [::/0 -> fe80::ae22:5ff:fe54:9c06 wlan0] to network 119
D/ConnectivityService(  451): Setting Dns servers for network 119 to [/2001:730:3e42:1000::53, /2001:730:3e42::53]
I/Nat464Xlat(  451): Starting clatd on wlan0
D/ConnectivityService(  451): notifyType IP_CHANGED for NetworkAgentInfo [WIFI () - 119]
D/ConnectivityService(  451): notifyType PRECHECK for NetworkAgentInfo [WIFI () - 119]
D/ConnectivityService(  451): rematching NetworkAgentInfo [WIFI () - 119]
D/ConnectivityService(  451):    accepting network in place of null
D/ConnectivityService(  451): Switching to new default network: NetworkAgentInfo{ ni{[type: WIFI[], state: CONNECTED/CONNECTED, reason: (unspecified), extra: "YOU SHALL NOT PASS", roaming: false, failover: false, isAvailable: true, isConnectedToProvisioningNetwork: false]}  network{119}  lp{{InterfaceName: wlan0 LinkAddresses: [fe80::522e:5cff:fee5:38b1/64,2a02:a210:1382:5980:522e:5cff:fee5:38b1/64,2a02:a210:1382:5980:e934:be11:e47f:5c60/64,]  Routes: [fe80::/64 -> :: wlan0,::/0 -> fe80::ae22:5ff:fe54:9c06 wlan0,2a02:a210:1382:5980::/64 -> :: wlan0,] DnsAddresses: [2001:730:3e42:1000::53,2001:730:3e42::53,] Domains: null MTU: 0 TcpBufferSizes: 524288,1048576,2097152,262144,524288,1048576}}  nc{[ Transports: WIFI Capabilities: INTERNET&NOT_RESTRICTED&TRUSTED&NOT_VPN LinkUpBandwidth>=1048576Kbps LinkDnBandwidth>=1048576Kbps]}  Score{20}  everValidated{false}  lastValidated{false}  created{true}  explicitlySelected{false} }
D/ConnectivityService(  451): notifyType AVAILABLE for NetworkAgentInfo [WIFI () - 119]
D/CSLegacyTypeTracker(  451): Sending connected broadcast for type 1 NetworkAgentInfo [WIFI () - 119] isDefaultNetwork=true
D/ConnectivityService(  451): sendStickyBroadcast: action=android.net.conn.CONNECTIVITY_CHANGE_IMMEDIATE
D/ConnectivityService(  451): sendStickyBroadcast: action=android.net.conn.CONNECTIVITY_CHANGE
I/Nat464Xlat(  451): Stopping clatd
D/ConnectivityService(  451): notifyType IP_CHANGED for NetworkAgentInfo [WIFI () - 119]
W/SocketClient(  201): write error (Broken pipe)
D/ConnectivityService(  451): setProvNotificationVisibleIntent: E visible=false networkType=0 extraInfo=null
D/ConnectivityService(  451): Validated NetworkAgentInfo [WIFI () - 119]
D/ConnectivityService(  451): rematching NetworkAgentInfo [WIFI () - 119]
D/ConnectivityService(  451): Network NetworkAgentInfo [WIFI () - 119] was already satisfying request 1. No change.
D/ConnectivityService(  451): notifyType AVAILABLE for NetworkAgentInfo [WIFI () - 119]
D/ConnectivityService(  451): sendStickyBroadcast: action=android.net.conn.INET_CONDITION_ACTION
I/Nat464Xlat(  451): Stopping clatd
E/Nat464Xlat(  451): Error stopping clatd: java.lang.IllegalStateException: command '599 clatd stop wlan0' failed with '400 599 Clatd operation failed'
D/ConnectivityService(  451): Adding Route [192.168.178.0/24 -> 0.0.0.0 wlan0] to network 119
D/ConnectivityService(  451): Adding Route [0.0.0.0/0 -> 192.168.178.1 wlan0] to network 119
D/ConnectivityService(  451): Setting Dns servers for network 119 to [/2001:730:3e42:1000::53, /2001:730:3e42::53, /192.168.178.1]
I/Nat464Xlat(  451): Stopping clatd
E/Nat464Xlat(  451): Error stopping clatd: java.lang.IllegalStateException: command '603 clatd stop wlan0' failed with '400 603 Clatd operation failed'
D/ConnectivityService(  451): notifyType IP_CHANGED for NetworkAgentInfo [WIFI () - 119]
D/ConnectivityService(  451): NetworkAgentInfo [WIFI () - 119] EVENT_NETWORK_INFO_CHANGED, going from CONNECTED to CONNECTING
D/ConnectivityService(  451): NetworkAgentInfo [WIFI () - 119] EVENT_NETWORK_INFO_CHANGED, going from CONNECTING to CONNECTED
I/Nat464Xlat(  451): Stopping clatd
E/Nat464Xlat(  451): Error stopping clatd: java.lang.IllegalStateException: command '605 clatd stop wlan0' failed with '400 605 Clatd operation failed'
I/Nat464Xlat(  451): Stopping clatd
E/Nat464Xlat(  451): Error stopping clatd: java.lang.IllegalStateException: command '606 clatd stop wlan0' failed with '400 606 Clatd operation failed'
D/WifiService(  451): acquireWifiLockLocked: WifiLock{NlpWifiLock type=2 binder=android.os.BinderProxy@277d87d1}
I/ActivityManager(  451): Start proc 14049:com.google.android.calendar/u0a32 for service com.google.android.calendar/com.google.android.syncadapters.calendar.CalendarSyncAdapterService
I/ActivityManager(  451): Start proc 14080:com.android.providers.calendar/u0a2 for content provider com.android.providers.calendar/.CalendarProvider2
W/ResourcesManager(14080): Asset path '/system/framework/android.test.runner.jar' does not exist or contains no resources.
W/ResourcesManager(14049): Asset path '/system/framework/com.android.media.remotedisplay.jar' does not exist or contains no resources.
W/ResourcesManager(14049): Asset path '/system/framework/com.android.location.provider.jar' does not exist or contains no resources.
D/WifiService(  451): releaseWifiLockLocked: WifiLock{NlpWifiLock type=2 binder=android.os.BinderProxy@277d87d1}
I/ActivityManager(  451): Start proc 14144:com.google.android.gm/u0a71 for service com.google.android.gm/.provider.MailSyncAdapterService
D/ActivityThread(14144): Loading provider com.google.android.gmail.provider;com.android.mail.notifier;com.google.android.gm.email.provider;com.google.android.gm.tasks.provider;com.google.android.gm.email.notifier: com.android.email.provider.EmailProvider
W/ActivityManager(  451): Unable to start service Intent { cmp=com.google.android.gm/com.android.email.service.AttachmentService } U=0: not found
W/ActivityManager(  451): Unable to start service Intent { cmp=com.google.android.gm.exchange/com.android.exchange.service.EasService } U=0: not found
W/ResourcesManager(14144): Asset path '/system/framework/com.android.media.remotedisplay.jar' does not exist or contains no resources.
W/ResourcesManager(14144): Asset path '/system/framework/com.android.location.provider.jar' does not exist or contains no resources.
I/ActivityManager(  451): Start proc 14238:com.google.android.gms.ui/u0a8 for service com.google.android.gms/.chimera.UiIntentOperationService
W/ResourcesManager(14238): Asset path '/system/framework/com.android.media.remotedisplay.jar' does not exist or contains no resources.
W/ResourcesManager(14238): Asset path '/system/framework/com.android.location.provider.jar' does not exist or contains no resources.
I/ActivityManager(  451): Start proc 14258:com.google.android.keep/u0a72 for broadcast com.google.android.keep/.phenotype.PhenotypeConfigBroadcastReceiver
W/AppOps  (  451): Bad call: specified package com.google.android.gms under uid 10072 but it is really 10008
I/ActivityManager(  451): Start proc 14327:com.google.android.apps.inputmethod.zhuyin/u0a55 for service com.google.android.apps.inputmethod.zhuyin/.preference.SyncService
I/ActivityManager(  451): Start proc 14354:com.google.android.apps.magazines/u0a62 for service com.google.android.apps.magazines/com.google.apps.dots.android.newsstand.service.SyncAdapterService
I/ActivityManager(  451): Start proc 14370:com.google.android.ears/u0a48 for service com.google.android.ears/.heard.EarsSyncAdapterService
I/ActivityManager(  451): Process com.opera.browser:background_services (pid 7656) has died
W/ActivityManager(  451): Scheduling restart of crashed service com.opera.browser/com.opera.android.analytics.AnalyticsService in 1000ms
I/ActivityManager(  451): Process com.opera.browser (pid 7595) has died
W/ActivityManager(  451): Scheduling restart of crashed service com.opera.browser/com.opera.android.dashboard.newsfeed.statistic.NewsFeedService in 10911ms
W/ResourcesManager(14354): Asset path '/system/framework/com.android.media.remotedisplay.jar' does not exist or contains no resources.
W/ResourcesManager(14354): Asset path '/system/framework/com.android.location.provider.jar' does not exist or contains no resources.
I/ActivityManager(  451): Start proc 14420:com.google.android.apps.cloudprint:sync/u0a36 for service com.google.android.apps.cloudprint/.printdialog.services.CloudPrintSyncService
I/ActivityManager(  451): Killing 13307:com.google.android.partnersetup/u0a12 (adj 15): empty #17
I/ActivityManager(  451): Start proc 14437:com.google.android.apps.cloudprint/u0a36 for content provider com.google.android.apps.cloudprint/.printdialog.database.CloudPrintContentProvider
I/ActivityManager(  451): Killing 13325:com.google.android.configupdater/u0a37 (adj 15): empty #17
I/ActivityManager(  451): Start proc 14453:com.opera.browser:background_services/u0a85 for service com.opera.browser/com.opera.android.analytics.AnalyticsService
I/ActivityManager(  451): Killing 13736:com.opera.browser:alarm_receiver/u0a85 (adj 15): empty #17
I/ActivityManager(  451): Start proc 14477:com.opera.browser/u0a85 for content provider com.opera.browser/com.opera.android.crashhandler.CrashExtrasProvider
W/AppOps  (  451): Bad call: specified package com.google.android.gms under uid 10072 but it is really 10008
I/ActivityManager(  451): Start proc 14592:com.google.android.play.games.ui/u0a8 for content provider com.google.android.gms/.games.provider.NotificationStubContentProvider
I/ActivityManager(  451): Killing 13640:com.google.android.apps.plus/u0a68 (adj 15): empty #17
W/ResourcesManager(14592): Asset path '/system/framework/com.android.media.remotedisplay.jar' does not exist or contains no resources.
W/ResourcesManager(14592): Asset path '/system/framework/com.android.location.provider.jar' does not exist or contains no resources.
I/ActivityManager(  451): Killing 11577:com.google.android.apps.gcs/u0a7 (adj 15): empty #17
D/WifiService(  451): Client connection lost with reason: 4
I/ActivityManager(  451): Start proc 14615:com.google.android.apps.docs.editors.slides/u0a44 for service com.google.android.apps.docs.editors.slides/com.google.android.apps.docs.sync.syncadapter.DocsSyncAdapterService
I/ActivityManager(  451): Start proc 14666:com.google.android.apps.docs/u0a41 for content provider com.google.android.apps.docs/.doclist.statesyncer.CrossAppStateProvider
W/ResourcesManager(14666): Asset path '/system/framework/com.android.media.remotedisplay.jar' does not exist or contains no resources.
W/ResourcesManager(14666): Asset path '/system/framework/com.android.location.provider.jar' does not exist or contains no resources.
I/ActivityManager(  451): Killing 13221:com.google.android.gms.unstable/u0a8 (adj 15): empty #17
D/WifiService(  451): acquireWifiLockLocked: WifiLock{BaseSyncManager type=1 binder=android.os.BinderProxy@3a4beb23}
D/WifiService(  451): releaseWifiLockLocked: WifiLock{BaseSyncManager type=1 binder=android.os.BinderProxy@3a4beb23}
I/ActivityManager(  451): Killing 13285:android.process.media/u0a5 (adj 15): empty #17
D/WifiService(  451): acquireWifiLockLocked: WifiLock{NlpWifiLock type=2 binder=android.os.BinderProxy@2b0c8055}
D/WifiService(  451): releaseWifiLockLocked: WifiLock{NlpWifiLock type=2 binder=android.os.BinderProxy@2b0c8055}
I/ActivityManager(  451): Start proc 14777:com.opera.browser:alarm_receiver/u0a85 for broadcast com.opera.browser/com.opera.android.phantom.receiver.AlarmReceiver
I/ActivityManager(  451): Killing 13370:com.google.android.apps.photos/u0a66 (adj 15): empty #17
I/Nat464Xlat(  451): Stopping clatd
E/Nat464Xlat(  451): Error stopping clatd: java.lang.IllegalStateException: command '609 clatd stop wlan0' failed with '400 609 Clatd operation failed'
