D/ConnectivityService(  451): NetworkAgentInfo [WIFI () - 119] EVENT_NETWORK_INFO_CHANGED, going from CONNECTED to CONNECTING
D/ConnectivityService(  451): NetworkAgentInfo [WIFI () - 119] EVENT_NETWORK_INFO_CHANGED, going from CONNECTING to CONNECTED
I/ActivityManager(  451): Start proc 14825:com.google.android.apps.gcs/u0a7 for service com.google.android.apps.gcs/.steen.service.ScoreRefreshService
I/ActivityManager(  451): Killing 14238:com.google.android.gms.ui/u0a8 (adj 15): empty #17
I/ActivityManager(  451): Start proc 14868:com.google.android.youtube/u0a81 for broadcast com.google.android.youtube/com.google.android.apps.youtube.app.common.notification.GcmBroadcastReceiver
W/ResourcesManager(14868): Asset path '/system/framework/com.android.media.remotedisplay.jar' does not exist or contains no resources.
W/ResourcesManager(14868): Asset path '/system/framework/com.android.location.provider.jar' does not exist or contains no resources.
D/ConnectivityService(  451): listenForNetwork for NetworkRequest [ id=324, legacyType=-1, [ Capabilities: INTERNET&NOT_RESTRICTED&TRUSTED] ]
D/ConnectivityService(  451): handleRegisterNetworkRequest checking NetworkAgentInfo [WIFI () - 119]
D/ConnectivityService(  451): apparently satisfied.  currentScore=60
D/VoldCmdListener(  151): cryptfs getpwtype
I/ActivityManager(  451): Killing 14370:com.google.android.ears/u0a48 (adj 15): empty #17
I/Nat464Xlat(  451): Stopping clatd
E/Nat464Xlat(  451): Error stopping clatd: java.lang.IllegalStateException: command '612 clatd stop wlan0' failed with '400 612 Clatd operation failed'
D/ConnectivityService(  451): NetworkAgentInfo [WIFI () - 119] EVENT_NETWORK_INFO_CHANGED, going from CONNECTED to CONNECTING
D/ConnectivityService(  451): NetworkAgentInfo [WIFI () - 119] EVENT_NETWORK_INFO_CHANGED, going from CONNECTING to CONNECTED
I/Nat464Xlat(  451): Stopping clatd
E/Nat464Xlat(  451): Error stopping clatd: java.lang.IllegalStateException: command '615 clatd stop wlan0' failed with '400 615 Clatd operation failed'
D/ConnectivityService(  451): NetworkAgentInfo [WIFI () - 119] EVENT_NETWORK_INFO_CHANGED, going from CONNECTED to CONNECTING
D/ConnectivityService(  451): NetworkAgentInfo [WIFI () - 119] EVENT_NETWORK_INFO_CHANGED, going from CONNECTING to CONNECTED
I/ActivityManager(  451): Start proc 15101:android.process.media/u0a5 for content provider com.android.providers.downloads/.DownloadProvider
I/ActivityManager(  451): Killing 14258:com.google.android.keep/u0a72 (adj 15): empty #17
D/ConnectivityService(  451): reportBadNetwork(NetworkAgentInfo [WIFI () - 119]) by 10008
D/ConnectivityService(  451): setProvNotificationVisibleIntent: E visible=false networkType=0 extraInfo=null
D/ConnectivityService(  451): Validated NetworkAgentInfo [WIFI () - 119]
I/Nat464Xlat(  451): Stopping clatd
E/Nat464Xlat(  451): Error stopping clatd: java.lang.IllegalStateException: command '618 clatd stop wlan0' failed with '400 618 Clatd operation failed'
D/ConnectivityService(  451): NetworkAgentInfo [WIFI () - 119] EVENT_NETWORK_INFO_CHANGED, going from CONNECTED to CONNECTING
D/ConnectivityService(  451): NetworkAgentInfo [WIFI () - 119] EVENT_NETWORK_INFO_CHANGED, going from CONNECTING to CONNECTED
I/PowerManagerService(  451): Waking up from sleep (uid 1000)...
I/DisplayPowerController(  451): Blocking screen on until initial contents have been drawn.
I/DisplayManagerService(  451): Display device changed: DisplayDeviceInfo{"Built-in Screen": uniqueId="local:0", 1536 x 2048, 59.0 fps, supportedRefreshRates [59.0], density 320, 288.995 x 288.995 dpi, appVsyncOff 0, presDeadline 17949152, touch INTERNAL, rotation 0, type BUILT_IN, state ON, FLAG_DEFAULT_DISPLAY, FLAG_ROTATES_WITH_CONTENT, FLAG_SECURE, FLAG_SUPPORTS_PROTECTED_BUFFERS}
V/ActivityManager(  451): Display changed displayId=0
V/ActivityManager(  451): Display changed displayId=0
I/DisplayPowerController(  451): Unblocked screen on after 459 ms
D/WifiService(  451): New client listening to asynchronous messages
D/ConnectivityService(  451): updateNetworkScore for NetworkAgentInfo [WIFI () - 119] to 60
D/ConnectivityService(  451): rematching NetworkAgentInfo [WIFI () - 119]
D/ConnectivityService(  451): Network NetworkAgentInfo [WIFI () - 119] was already satisfying request 1. No change.
D/ConnectivityService(  451): notifyType AVAILABLE for NetworkAgentInfo [WIFI () - 119]
V/DeadZone(  627): consuming errant click: (0.0,91.501465)
V/DeadZone(  627): consuming errant click: (0.0,95.50012)
V/DeadZone(  627): consuming errant click: (0.0,95.50012)
V/DeadZone(  627): consuming errant click: (0.0,95.50012)
V/DeadZone(  627): consuming errant click: (0.0,95.50012)
V/DeadZone(  627): consuming errant click: (0.0,95.50012)
V/DeadZone(  627): consuming errant click: (0.0,95.50012)
V/DeadZone(  627): consuming errant click: (10.662039,81.50464)
V/DeadZone(  627): consuming errant click: (0.0,95.50012)
V/ActivityManager(  451): Display changed displayId=0
I/ActivityManager(  451): Config changes=480 {1.0 ?mcc?mnc en_US ldltr sw768dp w768dp h951dp 320dpi xlrg port finger -keyb/v/h -nav/h s.31}
V/WindowManager(  451): Adding window Window{2d29fa96 u0 com.google.android.googlequicksearchbox/com.google.android.launcher.GEL} at 4 of 17 (after Window{91c7c66 u0 com.android.systemui/com.android.systemui.recents.RecentsActivity})
I/WindowManager(  451): Screen frozen for +760ms due to Window{2d29fa96 u0 com.google.android.googlequicksearchbox/com.google.android.launcher.GEL}
I/PowerManagerService(  451): Going to sleep due to power button (uid 1000)...
I/PowerManagerService(  451): Sleeping (uid 1000)...
I/PowerManagerService(  451): Waking up from sleep (uid 1000)...
I/DisplayPowerController(  451): Blocking screen on until initial contents have been drawn.
D/ActivityManager(  451): awakeFromSleepingLocked: previously pausing activity didn't pause
I/DisplayPowerController(  451): Unblocked screen on after 200 ms
I/ActivityManager(  451): Process com.google.android.play.games.ui (pid 14592) has died
I/PowerManagerService(  451): Going to sleep due to power button (uid 1000)...
I/PowerManagerService(  451): Sleeping (uid 1000)...
I/PowerManagerService(  451): Waking up from sleep (uid 1000)...
D/ActivityManager(  451): awakeFromSleepingLocked: previously pausing activity didn't pause
I/DisplayPowerController(  451): Blocking screen on until initial contents have been drawn.
I/DisplayPowerController(  451): Unblocked screen on after 85 ms
I/PowerManagerService(  451): Going to sleep due to power button (uid 1000)...
I/PowerManagerService(  451): Sleeping (uid 1000)...
I/DisplayManagerService(  451): Display device changed: DisplayDeviceInfo{"Built-in Screen": uniqueId="local:0", 1536 x 2048, 59.0 fps, supportedRefreshRates [59.0], density 320, 288.995 x 288.995 dpi, appVsyncOff 0, presDeadline 17949152, touch INTERNAL, rotation 0, type BUILT_IN, state OFF, FLAG_DEFAULT_DISPLAY, FLAG_ROTATES_WITH_CONTENT, FLAG_SECURE, FLAG_SUPPORTS_PROTECTED_BUFFERS}
V/ActivityManager(  451): Display changed displayId=0
D/WifiService(  451): acquireWifiLockLocked: WifiLock{NlpWifiLock type=2 binder=android.os.BinderProxy@c0f1f02}
D/WifiService(  451): releaseWifiLockLocked: WifiLock{NlpWifiLock type=2 binder=android.os.BinderProxy@c0f1f02}
I/ActivityManager(  451): Start proc 15286:com.google.android.keep/u0a72 for broadcast com.google.android.keep/.notification.ReminderNotificationReceiver
I/ActivityManager(  451): Process com.google.android.apps.inputmethod.zhuyin (pid 14327) has died
I/Nat464Xlat(  451): Stopping clatd
E/Nat464Xlat(  451): Error stopping clatd: java.lang.IllegalStateException: command '621 clatd stop wlan0' failed with '400 621 Clatd operation failed'
D/ConnectivityService(  451): NetworkAgentInfo [WIFI () - 119] EVENT_NETWORK_INFO_CHANGED, going from CONNECTED to CONNECTING
D/ConnectivityService(  451): NetworkAgentInfo [WIFI () - 119] EVENT_NETWORK_INFO_CHANGED, going from CONNECTING to CONNECTED
D/WifiService(  451): acquireWifiLockLocked: WifiLock{NlpWifiLock type=2 binder=android.os.BinderProxy@394156e6}
D/WifiService(  451): releaseWifiLockLocked: WifiLock{NlpWifiLock type=2 binder=android.os.BinderProxy@394156e6}
I/ActivityManager(  451): START u0 {flg=0x10800000 cmp=com.estrongs.android.pop/.app.RemainTransitionActivity} from uid 10089 on display 0
V/WindowManager(  451): addAppToken: AppWindowToken{2477ff15 token=Token{232490cc ActivityRecord{363c0aff u0 com.estrongs.android.pop/.app.RemainTransitionActivity t3359}}} to stack=1 task=3359 at 0
V/ActivityManager(  451): Display changed displayId=0
I/ActivityManager(  451): Process com.google.android.apps.magazines (pid 14354) has died
I/ActivityManager(  451): Process com.google.android.apps.cloudprint:sync (pid 14420) has died
D/ConnectivityService(  451): reportBadNetwork(NetworkAgentInfo [WIFI () - 119]) by 10008
D/ConnectivityService(  451): setProvNotificationVisibleIntent: E visible=false networkType=0 extraInfo=null
D/ConnectivityService(  451): Validated NetworkAgentInfo [WIFI () - 119]
I/ActivityManager(  451): Process com.google.android.gm (pid 14144) has died
I/Nat464Xlat(  451): Stopping clatd
E/Nat464Xlat(  451): Error stopping clatd: java.lang.IllegalStateException: command '624 clatd stop wlan0' failed with '400 624 Clatd operation failed'
D/ConnectivityService(  451): NetworkAgentInfo [WIFI () - 119] EVENT_NETWORK_INFO_CHANGED, going from CONNECTED to CONNECTING
D/ConnectivityService(  451): NetworkAgentInfo [WIFI () - 119] EVENT_NETWORK_INFO_CHANGED, going from CONNECTING to CONNECTED
D/WifiService(  451): acquireWifiLockLocked: WifiLock{NlpWifiLock type=2 binder=android.os.BinderProxy@1c8ddb42}
D/WifiService(  451): releaseWifiLockLocked: WifiLock{NlpWifiLock type=2 binder=android.os.BinderProxy@1c8ddb42}
I/ActivityManager(  451): Process com.google.android.apps.cloudprint (pid 14437) has died
I/Nat464Xlat(  451): Stopping clatd
E/Nat464Xlat(  451): Error stopping clatd: java.lang.IllegalStateException: command '627 clatd stop wlan0' failed with '400 627 Clatd operation failed'
D/ConnectivityService(  451): NetworkAgentInfo [WIFI () - 119] EVENT_NETWORK_INFO_CHANGED, going from CONNECTED to CONNECTING
D/ConnectivityService(  451): NetworkAgentInfo [WIFI () - 119] EVENT_NETWORK_INFO_CHANGED, going from CONNECTING to CONNECTED
D/WifiService(  451): acquireWifiLockLocked: WifiLock{NlpWifiLock type=2 binder=android.os.BinderProxy@3327979b}
D/WifiService(  451): releaseWifiLockLocked: WifiLock{NlpWifiLock type=2 binder=android.os.BinderProxy@3327979b}
I/Nat464Xlat(  451): Stopping clatd
E/Nat464Xlat(  451): Error stopping clatd: java.lang.IllegalStateException: command '630 clatd stop wlan0' failed with '400 630 Clatd operation failed'
D/ConnectivityService(  451): NetworkAgentInfo [WIFI () - 119] EVENT_NETWORK_INFO_CHANGED, going from CONNECTED to CONNECTING
D/ConnectivityService(  451): NetworkAgentInfo [WIFI () - 119] EVENT_NETWORK_INFO_CHANGED, going from CONNECTING to CONNECTED
I/ActivityManager(  451): Start proc 15532:com.google.android.gms.ui/u0a8 for service com.google.android.gms/.chimera.UiIntentOperationService
W/ResourcesManager(15532): Asset path '/system/framework/com.android.media.remotedisplay.jar' does not exist or contains no resources.
W/ResourcesManager(15532): Asset path '/system/framework/com.android.location.provider.jar' does not exist or contains no resources.
D/ConnectivityService(  451): reportBadNetwork(NetworkAgentInfo [WIFI () - 119]) by 10008
D/ConnectivityService(  451): setProvNotificationVisibleIntent: E visible=false networkType=0 extraInfo=null
D/ConnectivityService(  451): Validated NetworkAgentInfo [WIFI () - 119]
I/ActivityManager(  451): Process com.google.android.apps.docs (pid 14666) has died
I/Nat464Xlat(  451): Stopping clatd
E/Nat464Xlat(  451): Error stopping clatd: java.lang.IllegalStateException: command '633 clatd stop wlan0' failed with '400 633 Clatd operation failed'
D/ConnectivityService(  451): NetworkAgentInfo [WIFI () - 119] EVENT_NETWORK_INFO_CHANGED, going from CONNECTED to CONNECTING
D/ConnectivityService(  451): NetworkAgentInfo [WIFI () - 119] EVENT_NETWORK_INFO_CHANGED, going from CONNECTING to CONNECTED
I/Nat464Xlat(  451): Stopping clatd
E/Nat464Xlat(  451): Error stopping clatd: java.lang.IllegalStateException: command '636 clatd stop wlan0' failed with '400 636 Clatd operation failed'
D/ConnectivityService(  451): NetworkAgentInfo [WIFI () - 119] EVENT_NETWORK_INFO_CHANGED, going from CONNECTED to CONNECTING
D/ConnectivityService(  451): NetworkAgentInfo [WIFI () - 119] EVENT_NETWORK_INFO_CHANGED, going from CONNECTING to CONNECTED
D/ConnectivityService(  451): reportBadNetwork(NetworkAgentInfo [WIFI () - 119]) by 10008
D/ConnectivityService(  451): setProvNotificationVisibleIntent: E visible=false networkType=0 extraInfo=null
D/ConnectivityService(  451): Validated NetworkAgentInfo [WIFI () - 119]
I/Nat464Xlat(  451): Stopping clatd
E/Nat464Xlat(  451): Error stopping clatd: java.lang.IllegalStateException: command '639 clatd stop wlan0' failed with '400 639 Clatd operation failed'
D/ConnectivityService(  451): NetworkAgentInfo [WIFI () - 119] EVENT_NETWORK_INFO_CHANGED, going from CONNECTED to CONNECTING
D/ConnectivityService(  451): NetworkAgentInfo [WIFI () - 119] EVENT_NETWORK_INFO_CHANGED, going from CONNECTING to CONNECTED
I/ActivityManager(  451): Start proc 15757:com.google.android.apps.photos/u0a66 for service com.google.android.apps.photos/.metasync.periodic.MetaSyncGcoreGcmTaskService
I/Nat464Xlat(  451): Stopping clatd
E/Nat464Xlat(  451): Error stopping clatd: java.lang.IllegalStateException: command '642 clatd stop wlan0' failed with '400 642 Clatd operation failed'
D/ConnectivityService(  451): NetworkAgentInfo [WIFI () - 119] EVENT_NETWORK_INFO_CHANGED, going from CONNECTED to CONNECTING
D/ConnectivityService(  451): NetworkAgentInfo [WIFI () - 119] EVENT_NETWORK_INFO_CHANGED, going from CONNECTING to CONNECTED
W/ActivityManager(  451): SLOW OOM ADJ: 61599ms for pid 965 = 1
W/ProcessCpuTracker(  451): Skipping unknown process pid 15864
I/Nat464Xlat(  451): Stopping clatd
E/Nat464Xlat(  451): Error stopping clatd: java.lang.IllegalStateException: command '645 clatd stop wlan0' failed with '400 645 Clatd operation failed'
D/ConnectivityService(  451): NetworkAgentInfo [WIFI () - 119] EVENT_NETWORK_INFO_CHANGED, going from CONNECTED to CONNECTING
D/ConnectivityService(  451): NetworkAgentInfo [WIFI () - 119] EVENT_NETWORK_INFO_CHANGED, going from CONNECTING to CONNECTED
D/ConnectivityService(  451): reportBadNetwork(NetworkAgentInfo [WIFI () - 119]) by 10008
D/ConnectivityService(  451): setProvNotificationVisibleIntent: E visible=false networkType=0 extraInfo=null
D/ConnectivityService(  451): Validated NetworkAgentInfo [WIFI () - 119]
I/ActivityManager(  451): Start proc 15892:com.google.android.apps.maps/u0a60 for service com.google.android.apps.maps/com.google.android.apps.gmm.offline.update.OfflineAutoUpdateJobService
W/ResourcesManager(15892): Asset path '/system/framework/com.android.media.remotedisplay.jar' does not exist or contains no resources.
W/ResourcesManager(15892): Asset path '/system/framework/com.android.location.provider.jar' does not exist or contains no resources.
D/ConnectivityService(  451): listenForNetwork for NetworkRequest [ id=325, legacyType=-1, [ Capabilities: INTERNET&NOT_RESTRICTED&TRUSTED] ]
D/ConnectivityService(  451): handleRegisterNetworkRequest checking NetworkAgentInfo [WIFI () - 119]
D/ConnectivityService(  451): apparently satisfied.  currentScore=60
I/ActivityManager(  451): Process com.android.providers.calendar (pid 14080) has died
I/ActivityManager(  451): Process com.google.android.apps.docs.editors.slides (pid 14615) has died
I/Nat464Xlat(  451): Stopping clatd
E/Nat464Xlat(  451): Error stopping clatd: java.lang.IllegalStateException: command '648 clatd stop wlan0' failed with '400 648 Clatd operation failed'
D/ConnectivityService(  451): NetworkAgentInfo [WIFI () - 119] EVENT_NETWORK_INFO_CHANGED, going from CONNECTED to CONNECTING
D/ConnectivityService(  451): NetworkAgentInfo [WIFI () - 119] EVENT_NETWORK_INFO_CHANGED, going from CONNECTING to CONNECTED
I/Nat464Xlat(  451): Stopping clatd
E/Nat464Xlat(  451): Error stopping clatd: java.lang.IllegalStateException: command '651 clatd stop wlan0' failed with '400 651 Clatd operation failed'
D/ConnectivityService(  451): NetworkAgentInfo [WIFI () - 119] EVENT_NETWORK_INFO_CHANGED, going from CONNECTED to CONNECTING
D/ConnectivityService(  451): NetworkAgentInfo [WIFI () - 119] EVENT_NETWORK_INFO_CHANGED, going from CONNECTING to CONNECTED
I/ActivityManager(  451): Start proc 16030:com.android.vending/u0a18 for service com.android.vending/com.google.android.finsky.scheduler.AlarmEngineService
W/Zygote  (16030): Slow operation: 3973ms so far, now at Zygote.postForkCommon
W/Zygote  (16030): Slow operation: 4015ms so far, now at zygoteConnection.runOnce: postForkAndSpecialize
I/ActivityManager(  451): Process com.google.android.youtube (pid 14868) has died
D/ConnectivityService(  451): ConnectivityService NetworkRequestInfo binderDied(NetworkRequest [ id=324, legacyType=-1, [ Capabilities: INTERNET&NOT_RESTRICTED&TRUSTED] ], android.os.BinderProxy@2afbe6c6)
D/ConnectivityService(  451): releasing NetworkRequest NetworkRequest [ id=324, legacyType=-1, [ Capabilities: INTERNET&NOT_RESTRICTED&TRUSTED] ]
E/ConnectivityService(  451): RemoteException caught trying to send a callback msg for NetworkRequest [ id=324, legacyType=-1, [ Capabilities: INTERNET&NOT_RESTRICTED&TRUSTED] ]
D/ConnectivityService(  451): listenForNetwork for NetworkRequest [ id=326, legacyType=-1, [ Capabilities: INTERNET&NOT_RESTRICTED&TRUSTED] ]
D/ConnectivityService(  451): handleRegisterNetworkRequest checking NetworkAgentInfo [WIFI () - 119]
D/ConnectivityService(  451): apparently satisfied.  currentScore=60
W/ResourcesManager(16030): Asset path '/system/framework/com.android.media.remotedisplay.jar' does not exist or contains no resources.
W/ResourcesManager(16030): Asset path '/system/framework/com.android.location.provider.jar' does not exist or contains no resources.
W/ResourcesManager(16030): Asset path '/system/framework/com.google.android.maps.jar' does not exist or contains no resources.
I/ActivityManager(  451): Start proc 16122:com.android.vending:instant_app_installer/u0a18 for service com.android.vending/com.google.android.finsky.instantapps.statussync.StatusSyncService
W/ResourcesManager(16030): Asset path '/system/framework/com.android.media.remotedisplay.jar' does not exist or contains no resources.
W/ResourcesManager(16030): Asset path '/system/framework/com.android.location.provider.jar' does not exist or contains no resources.
I/ActivityManager(  451): Start proc 16148:com.android.defcontainer/u0a4 for service com.android.defcontainer/.DefaultContainerService
I/ActivityManager(  451): Process com.google.android.calendar (pid 14049) has died
W/PackageManager(  451): Package named 'org.videolan.vlc' doesn't exist.
I/ActivityManager(  451): Process com.google.android.gms.ui (pid 15532) has died
I/ActivityManager(  451): Process android.process.acore (pid 13479) has died
D/ConnectivityService(  451): ConnectivityService NetworkRequestInfo binderDied(NetworkRequest [ id=325, legacyType=-1, [ Capabilities: INTERNET&NOT_RESTRICTED&TRUSTED] ], android.os.BinderProxy@1dff30df)
D/ConnectivityService(  451): releasing NetworkRequest NetworkRequest [ id=325, legacyType=-1, [ Capabilities: INTERNET&NOT_RESTRICTED&TRUSTED] ]
E/ConnectivityService(  451): RemoteException caught trying to send a callback msg for NetworkRequest [ id=325, legacyType=-1, [ Capabilities: INTERNET&NOT_RESTRICTED&TRUSTED] ]
I/ActivityManager(  451): Process com.google.android.apps.maps (pid 15892) has died
I/ActivityManager(  451): Process android.process.media (pid 15101) has died
I/ActivityManager(  451): Process com.google.android.keep (pid 15286) has died
W/PackageManager(  451): Package named 'com.google.android.apps.travel.onthego' doesn't exist.
I/ActivityManager(  451): Process com.google.android.apps.photos (pid 15757) has died
W/PackageManager(  451): Package named 'com.stainlessgames.carmageddon' doesn't exist.
W/PackageManager(  451): Package named 'com.ulmon.android.citymaps2go' doesn't exist.
W/PackageManager(  451): Package named 'com.navfree.android.OSM.ALL' doesn't exist.
W/PackageManager(  451): Package named 'stericson.busybox' doesn't exist.
I/ActivityManager(  451): Start proc 16204:com.google.android.gms.ui/u0a8 for service com.google.android.gms/.chimera.UiIntentOperationService
W/ResourcesManager(16204): Asset path '/system/framework/com.android.media.remotedisplay.jar' does not exist or contains no resources.
W/ResourcesManager(16204): Asset path '/system/framework/com.android.location.provider.jar' does not exist or contains no resources.
W/PackageManager(  451): Package named 'com.rovio.angrybirdsstarwars.ads.iap' doesn't exist.
W/PackageManager(  451): Package named 'com.ea.gp.fifamobile' doesn't exist.
D/ConnectivityService(  451): reportBadNetwork(NetworkAgentInfo [WIFI () - 119]) by 10008
D/ConnectivityService(  451): setProvNotificationVisibleIntent: E visible=false networkType=0 extraInfo=null
D/ConnectivityService(  451): Validated NetworkAgentInfo [WIFI () - 119]
I/Nat464Xlat(  451): Stopping clatd
E/Nat464Xlat(  451): Error stopping clatd: java.lang.IllegalStateException: command '654 clatd stop wlan0' failed with '400 654 Clatd operation failed'
D/ConnectivityService(  451): NetworkAgentInfo [WIFI () - 119] EVENT_NETWORK_INFO_CHANGED, going from CONNECTED to CONNECTING
D/ConnectivityService(  451): NetworkAgentInfo [WIFI () - 119] EVENT_NETWORK_INFO_CHANGED, going from CONNECTING to CONNECTED
I/ActivityManager(  451): Start proc 16328:com.google.android.gms.unstable/u0a8 for service com.google.android.gms/.droidguard.DroidGuardService
W/ResourcesManager(16328): Asset path '/system/framework/com.android.media.remotedisplay.jar' does not exist or contains no resources.
W/ResourcesManager(16328): Asset path '/system/framework/com.android.location.provider.jar' does not exist or contains no resources.
D/ConnectivityService(  451): ConnectivityService NetworkRequestInfo binderDied(NetworkRequest [ id=326, legacyType=-1, [ Capabilities: INTERNET&NOT_RESTRICTED&TRUSTED] ], android.os.BinderProxy@1ae1e45d)
D/ConnectivityService(  451): releasing NetworkRequest NetworkRequest [ id=326, legacyType=-1, [ Capabilities: INTERNET&NOT_RESTRICTED&TRUSTED] ]
E/ConnectivityService(  451): RemoteException caught trying to send a callback msg for NetworkRequest [ id=326, legacyType=-1, [ Capabilities: INTERNET&NOT_RESTRICTED&TRUSTED] ]
I/ActivityManager(  451): Process com.android.vending (pid 16030) has died
I/ActivityManager(  451): Process com.google.android.gms.ui (pid 16204) has died
I/ActivityManager(  451): Process com.opera.browser:alarm_receiver (pid 14777) has died
I/ActivityManager(  451): Process .esfm (pid 13257) has died
W/ActivityManager(  451): Scheduling restart of crashed service com.estrongs.android.pop/com.estrongs.android.scanner.service.FileMonitorService in 1000ms
I/ActivityManager(  451): Process com.android.vending:instant_app_installer (pid 16122) has died
D/WifiService(  451): Client connection lost with reason: 4
I/ActivityManager(  451): Process com.google.android.apps.gcs (pid 14825) has died
I/ActivityManager(  451): Process com.android.defcontainer (pid 16148) has died
I/ActivityManager(  451): Start proc 16371:.esfm/u0a89 for service com.estrongs.android.pop/com.estrongs.android.scanner.service.FileMonitorService
I/ActivityManager(  451): Start proc 16396:android.process.media/u0a5 for content provider com.android.providers.media/.MediaProvider
I/Nat464Xlat(  451): Stopping clatd
E/Nat464Xlat(  451): Error stopping clatd: java.lang.IllegalStateException: command '657 clatd stop wlan0' failed with '400 657 Clatd operation failed'
D/ConnectivityService(  451): NetworkAgentInfo [WIFI () - 119] EVENT_NETWORK_INFO_CHANGED, going from CONNECTED to CONNECTING
D/ConnectivityService(  451): NetworkAgentInfo [WIFI () - 119] EVENT_NETWORK_INFO_CHANGED, going from CONNECTING to CONNECTED
I/ActivityManager(  451): Start proc 16495:com.google.android.apps.gcs/u0a7 for service com.google.android.apps.gcs/.steen.service.ScoreRefreshService
I/Nat464Xlat(  451): Stopping clatd
E/Nat464Xlat(  451): Error stopping clatd: java.lang.IllegalStateException: command '658 clatd stop wlan0' failed with '400 658 Clatd operation failed'
D/ConnectivityService(  451): NetworkAgentInfo [WIFI () - 119] EVENT_NETWORK_INFO_CHANGED, going from CONNECTED to CONNECTING
D/ConnectivityService(  451): NetworkAgentInfo [WIFI () - 119] EVENT_NETWORK_INFO_CHANGED, going from CONNECTING to CONNECTED
I/ActivityManager(  451): Start proc 16561:com.opera.browser:alarm_receiver/u0a85 for broadcast com.opera.browser/com.opera.android.phantom.receiver.AlarmReceiver
D/ConnectivityService(  451): reportBadNetwork(NetworkAgentInfo [WIFI () - 119]) by 10008
D/ConnectivityService(  451): setProvNotificationVisibleIntent: E visible=false networkType=0 extraInfo=null
D/ConnectivityService(  451): Validated NetworkAgentInfo [WIFI () - 119]
I/ActivityManager(  451): START u0 {flg=0x10800000 cmp=com.estrongs.android.pop/.app.RemainTransitionActivity} from uid 10089 on display 0
V/WindowManager(  451): addAppToken: AppWindowToken{2794faf8 token=Token{9d8525b ActivityRecord{102cad6a u0 com.estrongs.android.pop/.app.RemainTransitionActivity t3360}}} to stack=1 task=3360 at 0
I/UsageStatsService(  451): User[0] Rolling over usage stats
I/UsageStatsService(  451): User[0] Flushing usage stats to disk
I/UsageStatsService(  451): User[0] Rollover scheduled @ 2018-06-14 02:00:00(1528934400000)
I/UsageStatsService(  451): User[0] Rolling over usage stats complete. Took 444 milliseconds
I/Nat464Xlat(  451): Stopping clatd
E/Nat464Xlat(  451): Error stopping clatd: java.lang.IllegalStateException: command '661 clatd stop wlan0' failed with '400 661 Clatd operation failed'
D/ConnectivityService(  451): NetworkAgentInfo [WIFI () - 119] EVENT_NETWORK_INFO_CHANGED, going from CONNECTED to CONNECTING
D/ConnectivityService(  451): NetworkAgentInfo [WIFI () - 119] EVENT_NETWORK_INFO_CHANGED, going from CONNECTING to CONNECTED
I/ActivityManager(  451): Start proc 16630:com.android.providers.calendar/u0a2 for broadcast com.android.providers.calendar/.CalendarReceiver
W/ResourcesManager(16630): Asset path '/system/framework/android.test.runner.jar' does not exist or contains no resources.
I/ActivityManager(  451): Start proc 16651:com.google.android.calendar/u0a32 for broadcast com.google.android.calendar/.alerts.AlertReceiver
I/ActivityManager(  451): Start proc 16705:com.google.android.gms:snet/u0a8 for service com.google.android.gms/.chimera.SnetIntentOperationService
W/ResourcesManager(16705): Asset path '/system/framework/com.android.media.remotedisplay.jar' does not exist or contains no resources.
W/ResourcesManager(16705): Asset path '/system/framework/com.android.location.provider.jar' does not exist or contains no resources.
W/ActivityManager(  451): Unable to start service Intent { cmp=com.google.android.gms/.security.snet.SnetLaunchIntentService } U=0: not found
I/libprocessgroup(  451): Killing pid 16730 in uid 10008 as part of process group 16705
I/libprocessgroup(  451): Killing pid 16730 in uid 10008 as part of process group 16705
I/libprocessgroup(  451): Killing pid 16730 in uid 10008 as part of process group 16705
I/libprocessgroup(  451): Killing pid 16730 in uid 10008 as part of process group 16705
I/libprocessgroup(  451): Killing pid 16730 in uid 10008 as part of process group 16705
I/libprocessgroup(  451): Killing pid 16730 in uid 10008 as part of process group 16705
I/libprocessgroup(  451): Killing pid 16730 in uid 10008 as part of process group 16705
I/libprocessgroup(  451): Killing pid 16730 in uid 10008 as part of process group 16705
I/libprocessgroup(  451): Killing pid 16730 in uid 10008 as part of process group 16705
I/libprocessgroup(  451): Killing pid 16730 in uid 10008 as part of process group 16705
I/ActivityManager(  451): Process com.google.android.gms:snet (pid 16705) has died
W/ActivityManager(  451): Scheduling restart of crashed service com.google.android.gms/.chimera.SnetIntentOperationService in 3446ms
W/Zygote  (  210): Slow operation: 68654ms so far, now at Zygote.preFork
W/Zygote  (  210): Slow operation: 68660ms so far, now at Zygote.nativeForkAndSpecialize
W/Zygote  (  210): Slow operation: 68667ms so far, now at Zygote.postForkCommon
W/Zygote  (  210): Slow operation: 68668ms so far, now at zygoteConnection.runOnce: postForkAndSpecialize
W/ActivityManager(  451): Slow operation: 68671ms so far, now at startProcess: returned from zygote!
W/ActivityManager(  451): Slow operation: 68671ms so far, now at startProcess: done updating battery stats
W/ActivityManager(  451): Slow operation: 68671ms so far, now at startProcess: building log message
I/ActivityManager(  451): Start proc 16734:com.google.android.gms:snet/u0a8 for service com.google.android.gms/.chimera.SnetIntentOperationService
W/ActivityManager(  451): Slow operation: 68671ms so far, now at startProcess: starting to update pids map
W/ActivityManager(  451): Slow operation: 68671ms so far, now at startProcess: done updating pids map
W/ActivityManager(  451): Slow operation: 68671ms so far, now at startProcess: done starting proc!
W/Zygote  (16734): Slow operation: 68686ms so far, now at Zygote.nativeForkAndSpecialize
W/Zygote  (16734): Slow operation: 68695ms so far, now at Zygote.postForkCommon
W/Zygote  (16734): Slow operation: 68696ms so far, now at zygoteConnection.runOnce: postForkAndSpecialize
W/ResourcesManager(16734): Asset path '/system/framework/com.android.media.remotedisplay.jar' does not exist or contains no resources.
W/ResourcesManager(16734): Asset path '/system/framework/com.android.location.provider.jar' does not exist or contains no resources.
I/Nat464Xlat(  451): Stopping clatd
E/Nat464Xlat(  451): Error stopping clatd: java.lang.IllegalStateException: command '664 clatd stop wlan0' failed with '400 664 Clatd operation failed'
D/ConnectivityService(  451): NetworkAgentInfo [WIFI () - 119] EVENT_NETWORK_INFO_CHANGED, going from CONNECTED to CONNECTING
D/ConnectivityService(  451): NetworkAgentInfo [WIFI () - 119] EVENT_NETWORK_INFO_CHANGED, going from CONNECTING to CONNECTED
I/ActivityManager(  451): Waited long enough for: ServiceRecord{1dae9c71 u0 com.google.android.gms/.chimera.SnetIntentOperationService}
D/ConnectivityService(  451): reportBadNetwork(NetworkAgentInfo [WIFI () - 119]) by 10008
D/ConnectivityService(  451): setProvNotificationVisibleIntent: E visible=false networkType=0 extraInfo=null
D/ConnectivityService(  451): Validated NetworkAgentInfo [WIFI () - 119]
I/Nat464Xlat(  451): Stopping clatd
E/Nat464Xlat(  451): Error stopping clatd: java.lang.IllegalStateException: command '667 clatd stop wlan0' failed with '400 667 Clatd operation failed'
D/ConnectivityService(  451): NetworkAgentInfo [WIFI () - 119] EVENT_NETWORK_INFO_CHANGED, going from CONNECTED to CONNECTING
D/ConnectivityService(  451): NetworkAgentInfo [WIFI () - 119] EVENT_NETWORK_INFO_CHANGED, going from CONNECTING to CONNECTED
I/Nat464Xlat(  451): Stopping clatd
E/Nat464Xlat(  451): Error stopping clatd: java.lang.IllegalStateException: command '670 clatd stop wlan0' failed with '400 670 Clatd operation failed'
D/ConnectivityService(  451): NetworkAgentInfo [WIFI () - 119] EVENT_NETWORK_INFO_CHANGED, going from CONNECTED to CONNECTING
D/ConnectivityService(  451): NetworkAgentInfo [WIFI () - 119] EVENT_NETWORK_INFO_CHANGED, going from CONNECTING to CONNECTED
I/Nat464Xlat(  451): Stopping clatd
E/Nat464Xlat(  451): Error stopping clatd: java.lang.IllegalStateException: command '673 clatd stop wlan0' failed with '400 673 Clatd operation failed'
D/ConnectivityService(  451): NetworkAgentInfo [WIFI () - 119] EVENT_NETWORK_INFO_CHANGED, going from CONNECTED to CONNECTING
D/ConnectivityService(  451): NetworkAgentInfo [WIFI () - 119] EVENT_NETWORK_INFO_CHANGED, going from CONNECTING to CONNECTED
I/PowerManagerService(  451): Waking up from sleep (uid 1000)...
I/DisplayPowerController(  451): Blocking screen on until initial contents have been drawn.
I/DisplayManagerService(  451): Display device changed: DisplayDeviceInfo{"Built-in Screen": uniqueId="local:0", 1536 x 2048, 59.0 fps, supportedRefreshRates [59.0], density 320, 288.995 x 288.995 dpi, appVsyncOff 0, presDeadline 17949152, touch INTERNAL, rotation 0, type BUILT_IN, state ON, FLAG_DEFAULT_DISPLAY, FLAG_ROTATES_WITH_CONTENT, FLAG_SECURE, FLAG_SUPPORTS_PROTECTED_BUFFERS}
V/ActivityManager(  451): Display changed displayId=0
I/DisplayPowerController(  451): Unblocked screen on after 211 ms
W/InputMethodManagerService(  451): Window already focused, ignoring focus gain of: com.android.internal.view.IInputMethodClient$Stub$Proxy@1b3582c4 attribute=android.view.inputmethod.EditorInfo@b3895ad, token = android.os.BinderProxy@217535b1
I/PowerManagerService(  451): Going to sleep due to power button (uid 1000)...
I/PowerManagerService(  451): Sleeping (uid 1000)...
I/DisplayManagerService(  451): Display device changed: DisplayDeviceInfo{"Built-in Screen": uniqueId="local:0", 1536 x 2048, 59.0 fps, supportedRefreshRates [59.0], density 320, 288.995 x 288.995 dpi, appVsyncOff 0, presDeadline 17949152, touch INTERNAL, rotation 0, type BUILT_IN, state OFF, FLAG_DEFAULT_DISPLAY, FLAG_ROTATES_WITH_CONTENT, FLAG_SECURE, FLAG_SUPPORTS_PROTECTED_BUFFERS}
V/ActivityManager(  451): Display changed displayId=0
I/PowerManagerService(  451): Waking up from sleep (uid 1000)...
I/DisplayPowerController(  451): Blocking screen on until initial contents have been drawn.
D/ActivityManager(  451): awakeFromSleepingLocked: previously pausing activity didn't pause
I/DisplayManagerService(  451): Display device changed: DisplayDeviceInfo{"Built-in Screen": uniqueId="local:0", 1536 x 2048, 59.0 fps, supportedRefreshRates [59.0], density 320, 288.995 x 288.995 dpi, appVsyncOff 0, presDeadline 17949152, touch INTERNAL, rotation 0, type BUILT_IN, state ON, FLAG_DEFAULT_DISPLAY, FLAG_ROTATES_WITH_CONTENT, FLAG_SECURE, FLAG_SUPPORTS_PROTECTED_BUFFERS}
V/ActivityManager(  451): Display changed displayId=0
I/DisplayPowerController(  451): Unblocked screen on after 485 ms
V/ActivityManager(  451): Display changed displayId=0
I/WindowManager(  451): Screen frozen for +41ms due to Window{2d29fa96 u0 com.google.android.googlequicksearchbox/com.google.android.launcher.GEL}
V/ActivityManager(  451): Display changed displayId=0
I/ActivityManager(  451): Config changes=480 {1.0 ?mcc?mnc en_US ldltr sw768dp w1024dp h695dp 320dpi xlrg land finger -keyb/v/h -nav/h s.32}
I/ActivityManager(  451): Start proc 16951:android.process.acore/u0a3 for content provider com.android.providers.contacts/.ContactsProvider2
V/ActivityManager(  451): Display changed displayId=0
I/ActivityManager(  451): Config changes=480 {1.0 ?mcc?mnc en_US ldltr sw768dp w768dp h951dp 320dpi xlrg port finger -keyb/v/h -nav/h s.33}
V/WindowManager(  451): Adding window Window{10274e14 u0 com.google.android.googlequicksearchbox/com.google.android.launcher.GEL} at 4 of 17 (after Window{91c7c66 u0 com.android.systemui/com.android.systemui.recents.RecentsActivity})
V/WindowManager(  451): Adding window Window{9f78e47 u0 com.google.android.googlequicksearchbox/com.google.android.launcher.GEL} at 4 of 17 (after Window{91c7c66 u0 com.android.systemui/com.android.systemui.recents.RecentsActivity})
I/WindowManager(  451): Screen frozen for +1s53ms due to Window{262e9f93 u0 com.android.systemui.ImageWallpaper}
V/ActivityManager(  451): Display changed displayId=0
I/ActivityManager(  451): Config changes=480 {1.0 ?mcc?mnc en_US ldltr sw768dp w1024dp h695dp 320dpi xlrg land finger -keyb/v/h -nav/h s.34}
V/WindowManager(  451): Adding window Window{9ac7b58 u0 com.google.android.googlequicksearchbox/com.google.android.launcher.GEL} at 4 of 17 (after Window{91c7c66 u0 com.android.systemui/com.android.systemui.recents.RecentsActivity})
I/WindowManager(  451): Screen frozen for +540ms due to Window{9ac7b58 u0 com.google.android.googlequicksearchbox/com.google.android.launcher.GEL}
I/PowerManagerService(  451): Going to sleep due to power button (uid 1000)...
I/PowerManagerService(  451): Sleeping (uid 1000)...
I/DisplayManagerService(  451): Display device changed: DisplayDeviceInfo{"Built-in Screen": uniqueId="local:0", 1536 x 2048, 59.0 fps, supportedRefreshRates [59.0], density 320, 288.995 x 288.995 dpi, appVsyncOff 0, presDeadline 17949152, touch INTERNAL, rotation 0, type BUILT_IN, state OFF, FLAG_DEFAULT_DISPLAY, FLAG_ROTATES_WITH_CONTENT, FLAG_SECURE, FLAG_SUPPORTS_PROTECTED_BUFFERS}
V/ActivityManager(  451): Display changed displayId=0
D/WifiService(  451): acquireWifiLockLocked: WifiLock{NlpWifiLock type=2 binder=android.os.BinderProxy@3a2f2f91}
D/WifiService(  451): releaseWifiLockLocked: WifiLock{NlpWifiLock type=2 binder=android.os.BinderProxy@3a2f2f91}
I/PowerManagerService(  451): Waking up from sleep (uid 1000)...
I/DisplayPowerController(  451): Blocking screen on until initial contents have been drawn.
I/DisplayManagerService(  451): Display device changed: DisplayDeviceInfo{"Built-in Screen": uniqueId="local:0", 1536 x 2048, 59.0 fps, supportedRefreshRates [59.0], density 320, 288.995 x 288.995 dpi, appVsyncOff 0, presDeadline 17949152, touch INTERNAL, rotation 0, type BUILT_IN, state ON, FLAG_DEFAULT_DISPLAY, FLAG_ROTATES_WITH_CONTENT, FLAG_SECURE, FLAG_SUPPORTS_PROTECTED_BUFFERS}
V/ActivityManager(  451): Display changed displayId=0
V/ActivityManager(  451): Display changed displayId=0
I/EntropyMixer(  451): Writing entropy...
I/DisplayPowerController(  451): Unblocked screen on after 331 ms
I/ActivityManager(  451): Start proc 17000:com.google.android.apps.plus/u0a68 for broadcast com.google.android.apps.plus/.service.BatteryReceiver
W/ResourcesManager(17000): Asset path '/system/framework/com.google.android.maps.jar' does not exist or contains no resources.
I/ActivityManager(  451): Start proc 17035:com.google.android.apps.photos/u0a66 for broadcast com.google.android.apps.photos/.scheduler.PowerReceiver
W/BackupManagerService(  451): dataChanged but no participant pkg='com.android.providers.settings' uid=10089
I/PowerManagerService(  451): Going to sleep due to power button (uid 1000)...
I/PowerManagerService(  451): Sleeping (uid 1000)...
D/WifiService(  451): New client listening to asynchronous messages
I/DisplayManagerService(  451): Display device changed: DisplayDeviceInfo{"Built-in Screen": uniqueId="local:0", 1536 x 2048, 59.0 fps, supportedRefreshRates [59.0], density 320, 288.995 x 288.995 dpi, appVsyncOff 0, presDeadline 17949152, touch INTERNAL, rotation 0, type BUILT_IN, state OFF, FLAG_DEFAULT_DISPLAY, FLAG_ROTATES_WITH_CONTENT, FLAG_SECURE, FLAG_SUPPORTS_PROTECTED_BUFFERS}
V/ActivityManager(  451): Display changed displayId=0
I/ProcessStatsService(  451): Added stats: 2018-06-12-14-19-44, over +3h30m34s31ms
I/ProcessStatsService(  451): Added stats: 2018-06-12-00-23-00, over +13h56m44s593ms
I/ProcessStatsService(  451): Added stats: 2018-06-11-21-22-00, over +3h0m60s1ms
I/ProcessStatsService(  451): Added stats: 2018-06-11-18-21-33, over +3h0m26s787ms
I/ActivityManager(  451): Start proc 17116:com.google.android.instantapps.supervisor/u0a90 for service com.google.android.instantapps.supervisor/.hygiene.HygieneTaskService
I/ActivityManager(  451): Start proc 17183:com.google.android.videos/u0a77 for service com.google.android.videos/.service.logging.FlushLogsTaskService
W/ResourcesManager(17183): Asset path '/system/framework/com.google.widevine.software.drm.jar' does not exist or contains no resources.
I/ActivityManager(  451): Start proc 17220:com.android.vending/u0a18 for service com.android.vending/com.google.android.finsky.contentfilterui.ContentFiltersService
I/ActivityManager(  451): Process com.google.android.gms.unstable (pid 16328) has died
D/WifiService(  451): acquireWifiLockLocked: WifiLock{com.google.android.videos.service.drm.LicenseRefresher_tasks type=3 binder=android.os.BinderProxy@10839f12}
D/WifiService(  451): releaseWifiLockLocked: WifiLock{com.google.android.videos.service.drm.LicenseRefresher_tasks type=3 binder=android.os.BinderProxy@10839f12}
D/ConnectivityService(  451): listenForNetwork for NetworkRequest [ id=327, legacyType=-1, [ Capabilities: INTERNET&NOT_RESTRICTED&TRUSTED] ]
D/ConnectivityService(  451): handleRegisterNetworkRequest checking NetworkAgentInfo [WIFI () - 119]
D/ConnectivityService(  451): apparently satisfied.  currentScore=60
D/WifiService(  451): acquireWifiLockLocked: WifiLock{NlpWifiLock type=2 binder=android.os.BinderProxy@9fd0907}
I/ActivityManager(  451): Start proc 17308:com.google.android.youtube/u0a81 for service com.google.android.youtube/com.google.android.libraries.youtube.common.gcore.gcoreclient.gcm.impl.GcmTaskServiceDelegator
I/ActivityManager(  451): Waited long enough for: ServiceRecord{14661763 u0 com.google.android.gms/.chimera.SnetIntentOperationService}
W/ResourcesManager(17308): Asset path '/system/framework/com.android.media.remotedisplay.jar' does not exist or contains no resources.
W/ResourcesManager(17308): Asset path '/system/framework/com.android.location.provider.jar' does not exist or contains no resources.
W/ResourcesManager(17308): Asset path '/system/framework/com.android.media.remotedisplay.jar' does not exist or contains no resources.
W/ResourcesManager(17308): Asset path '/system/framework/com.android.location.provider.jar' does not exist or contains no resources.
W/ResourcesManager(  987): Asset path '/system/framework/com.google.widevine.software.drm.jar' does not exist or contains no resources.
W/ResourcesManager(  987): Asset path '/system/framework/com.google.android.media.effects.jar' does not exist or contains no resources.
I/ActivityManager(  451): Process com.google.android.calendar (pid 16651) has died
D/ConnectivityService(  451): listenForNetwork for NetworkRequest [ id=328, legacyType=-1, [ Capabilities: INTERNET&NOT_RESTRICTED&TRUSTED] ]
D/ConnectivityService(  451): handleRegisterNetworkRequest checking NetworkAgentInfo [WIFI () - 119]
D/ConnectivityService(  451): apparently satisfied.  currentScore=60
D/VoldCmdListener(  151): cryptfs getpwtype
D/WifiService(  451): releaseWifiLockLocked: WifiLock{NlpWifiLock type=2 binder=android.os.BinderProxy@9fd0907}
I/ActivityManager(  451): Start proc 17427:com.google.android.music:main/u0a61 for service com.google.android.music/.sync.google.MusicGcmTaskService
W/ResourcesManager(17427): Asset path '/system/framework/com.android.media.remotedisplay.jar' does not exist or contains no resources.
W/ResourcesManager(17427): Asset path '/system/framework/com.android.location.provider.jar' does not exist or contains no resources.
I/ActivityManager(  451): Waited long enough for: ServiceRecord{344b1f9e u0 com.google.android.gms/.icing.service.IndexWorkerService}
I/ActivityManager(  451): Process com.google.android.apps.photos (pid 17035) has died
I/ActivityManager(  451): Start proc 17473:com.google.android.gms.unstable/u0a8 for service com.google.android.gms/.droidguard.DroidGuardService
W/ResourcesManager(17473): Asset path '/system/framework/com.android.media.remotedisplay.jar' does not exist or contains no resources.
W/ResourcesManager(17473): Asset path '/system/framework/com.android.location.provider.jar' does not exist or contains no resources.
I/ActivityManager(  451): Process android.process.acore (pid 16951) has died
W/ResourcesManager(  987): Asset path '/system/framework/com.google.android.maps.jar' does not exist or contains no resources.
I/libprocessgroup(  451): Killing pid 11449 in uid 10089 as part of process group 10761
D/WifiService(  451): Client connection lost with reason: 4
I/libprocessgroup(  451): Killing pid 11449 in uid 10089 as part of process group 10761
E/WifiService(  451): Multicaster binderDied
I/libprocessgroup(  451): Killing pid 11449 in uid 10089 as part of process group 10761
I/libprocessgroup(  451): Killing pid 11449 in uid 10089 as part of process group 10761
I/libprocessgroup(  451): Killing pid 11449 in uid 10089 as part of process group 10761
I/libprocessgroup(  451): Killing pid 11449 in uid 10089 as part of process group 10761
I/libprocessgroup(  451): Killing pid 11449 in uid 10089 as part of process group 10761
I/libprocessgroup(  451): Killing pid 11449 in uid 10089 as part of process group 10761
I/libprocessgroup(  451): Killing pid 11449 in uid 10089 as part of process group 10761
I/WindowState(  451): WIN DEATH: Window{1b27a07 u0 com.estrongs.android.pop}
D/ConnectivityService(  451): ConnectivityService NetworkRequestInfo binderDied(NetworkRequest [ id=311, legacyType=-1, [ Capabilities: INTERNET&NOT_RESTRICTED&TRUSTED] ], android.os.BinderProxy@3a8994ca)
D/ConnectivityService(  451): ConnectivityService NetworkRequestInfo binderDied(NetworkRequest [ id=312, legacyType=-1, [ Capabilities: INTERNET&NOT_RESTRICTED&TRUSTED] ], android.os.BinderProxy@3626163b)
D/ConnectivityService(  451): releasing NetworkRequest NetworkRequest [ id=311, legacyType=-1, [ Capabilities: INTERNET&NOT_RESTRICTED&TRUSTED] ]
E/ConnectivityService(  451): RemoteException caught trying to send a callback msg for NetworkRequest [ id=311, legacyType=-1, [ Capabilities: INTERNET&NOT_RESTRICTED&TRUSTED] ]
D/ConnectivityService(  451): releasing NetworkRequest NetworkRequest [ id=312, legacyType=-1, [ Capabilities: INTERNET&NOT_RESTRICTED&TRUSTED] ]
E/ConnectivityService(  451): RemoteException caught trying to send a callback msg for NetworkRequest [ id=312, legacyType=-1, [ Capabilities: INTERNET&NOT_RESTRICTED&TRUSTED] ]
I/WindowState(  451): WIN DEATH: Window{1bf2afa3 u0 com.estrongs.android.pop}
I/WindowState(  451): WIN DEATH: Window{e6748cc u0 com.estrongs.android.pop}
I/WindowState(  451): WIN DEATH: Window{1c751c21 u0 com.estrongs.android.pop}
I/WindowState(  451): WIN DEATH: Window{29e6595d u0 com.estrongs.android.pop}
I/WindowState(  451): WIN DEATH: Window{252625b8 u0 com.estrongs.android.pop}
I/WindowState(  451): WIN DEATH: Window{71baa2a u0 com.estrongs.android.pop}
E/libprocessgroup(  451): failed to kill 1 processes for processgroup 10761
I/ActivityManager(  451): Process com.estrongs.android.pop (pid 10761) has died
W/ActivityManager(  451): Scheduling restart of crashed service com.estrongs.android.pop/com.estrongs.android.scanner.service.FileScannerService in 1000ms
W/ActivityManager(  451): Scheduling restart of crashed service com.estrongs.android.pop/com.android.apps.pros.LocalMService in 11000ms
I/ActivityManager(  451): Start proc 17535:com.estrongs.android.pop/u0a89 for service com.estrongs.android.pop/com.estrongs.android.scanner.service.FileScannerService
D/WifiService(  451): New client listening to asynchronous messages
W/ResourcesManager(17535): Asset path '/system/framework/com.android.media.remotedisplay.jar' does not exist or contains no resources.
W/ResourcesManager(17535): Asset path '/system/framework/com.android.location.provider.jar' does not exist or contains no resources.
W/ResourcesManager(17535): Asset path '/system/framework/com.android.media.remotedisplay.jar' does not exist or contains no resources.
W/ResourcesManager(17535): Asset path '/system/framework/com.android.location.provider.jar' does not exist or contains no resources.
W/ResourcesManager(17535): Asset path '/system/framework/com.android.media.remotedisplay.jar' does not exist or contains no resources.
W/ResourcesManager(17535): Asset path '/system/framework/com.android.location.provider.jar' does not exist or contains no resources.
E/ActivityThread(17535): Failed to find provider info for com.facebook.katana.provider.AttributionIdProvider
W/ResourcesManager(17535): Asset path '/system/framework/com.android.media.remotedisplay.jar' does not exist or contains no resources.
W/ResourcesManager(17535): Asset path '/system/framework/com.android.location.provider.jar' does not exist or contains no resources.
I/ActivityManager(  451): Process com.android.providers.calendar (pid 16630) has died
I/ActivityManager(  451): Process com.google.android.instantapps.supervisor (pid 17116) has died
I/ActivityManager(  451): Process com.opera.browser:alarm_receiver (pid 16561) has died
I/ActivityManager(  451): Process com.google.android.apps.gcs (pid 16495) has died
D/WifiService(  451): Client connection lost with reason: 4
I/ActivityManager(  451): Process com.google.android.videos (pid 17183) has died
D/ConnectivityService(  451): ConnectivityService NetworkRequestInfo binderDied(NetworkRequest [ id=328, legacyType=-1, [ Capabilities: INTERNET&NOT_RESTRICTED&TRUSTED] ], android.os.BinderProxy@202963c0)
D/ConnectivityService(  451): releasing NetworkRequest NetworkRequest [ id=328, legacyType=-1, [ Capabilities: INTERNET&NOT_RESTRICTED&TRUSTED] ]
E/ConnectivityService(  451): RemoteException caught trying to send a callback msg for NetworkRequest [ id=328, legacyType=-1, [ Capabilities: INTERNET&NOT_RESTRICTED&TRUSTED] ]
I/ActivityManager(  451): Process com.google.android.youtube (pid 17308) has died
W/WindowManager(  451): Window freeze timeout expired.
W/WindowManager(  451): Force clearing orientation change: Window{3ff226ea u0 com.estrongs.android.pop}
W/WindowManager(  451): Force clearing orientation change: Window{33d2c78c u0 com.estrongs.android.pop}
W/WindowManager(  451): Force clearing orientation change: Window{27113ade u0 com.estrongs.android.pop}
W/WindowManager(  451): Force clearing orientation change: Window{eb7b560 u0 com.estrongs.android.pop}
W/WindowManager(  451): Force clearing orientation change: Window{36fb3792 u0 com.estrongs.android.pop}
W/WindowManager(  451): Force clearing orientation change: Window{813adf4 u0 com.estrongs.android.pop}
