W/linker  (29389): /data/app/com.google.android.gms-1/lib/arm64/libconscrypt_gmscore_jni.so: unused DT entry: type 0xf arg 0x8a
W/linker  (29389): /data/app/com.google.android.gms-1/lib/arm64/libconscrypt_gmscore_jni.so: unused DT entry: type 0x6ffffffe arg 0x468
W/linker  (29389): /data/app/com.google.android.gms-1/lib/arm64/libconscrypt_gmscore_jni.so: unused DT entry: type 0x6fffffff arg 0x1
V/NativeCrypto(29389): Registering com/google/android/gms/org/conscrypt/NativeCrypto's 280 native methods...
I/art     (29389): Rejecting re-init on previously-failed class java.lang.Class<com.google.android.gms.org.conscrypt.Java7ExtendedSSLSession>
I/art     (29389): Rejecting re-init on previously-failed class java.lang.Class<com.google.android.gms.org.conscrypt.Java7ExtendedSSLSession>
I/art     (29389): Rejecting re-init on previously-failed class java.lang.Class<com.google.android.gms.org.conscrypt.Java8ExtendedSSLSession>
I/art     (29389): Rejecting re-init on previously-failed class java.lang.Class<com.google.android.gms.org.conscrypt.Java8ExtendedSSLSession>
I/ProviderInstaller(29389): Installed default security provider GmsCore_OpenSSL
W/Wifi    ( 3670): Failed to read packet and byte counts from wifi interface
W/Wifi    ( 3670): Failed to read packet and byte counts from wifi interface
W/System.err(24578): android.content.pm.PackageManager$NameNotFoundException
W/System.err(24578): 	at android.app.ApplicationPackageManager.getPackageInfo(ApplicationPackageManager.java:114)
W/System.err(24578): 	at com.estrongs.android.pop.app.c.ai.c(Unknown Source)
W/System.err(24578): 	at com.estrongs.android.pop.app.c.ai.a(Unknown Source)
W/System.err(24578): 	at com.estrongs.android.pop.app.scene.e.q.a(Unknown Source)
W/System.err(24578): 	at com.estrongs.android.scanner.c.m.run(Unknown Source)
W/System.err(24578): 	at java.util.concurrent.ThreadPoolExecutor.runWorker(ThreadPoolExecutor.java:1112)
W/System.err(24578): 	at java.util.concurrent.ThreadPoolExecutor$Worker.run(ThreadPoolExecutor.java:587)
W/System.err(24578): 	at java.lang.Thread.run(Thread.java:818)
W/System.err(24578): android.content.pm.PackageManager$NameNotFoundException
W/System.err(24578): 	at android.app.ApplicationPackageManager.getPackageInfo(ApplicationPackageManager.java:114)
W/System.err(24578): 	at com.estrongs.android.pop.app.c.ai.c(Unknown Source)
W/System.err(24578): 	at com.estrongs.android.pop.app.c.ai.a(Unknown Source)
W/System.err(24578): 	at com.estrongs.android.pop.app.scene.e.q.a(Unknown Source)
W/System.err(24578): 	at com.estrongs.android.scanner.c.m.run(Unknown Source)
W/System.err(24578): 	at java.util.concurrent.ThreadPoolExecutor.runWorker(ThreadPoolExecutor.java:1112)
W/System.err(24578): 	at java.util.concurrent.ThreadPoolExecutor$Worker.run(ThreadPoolExecutor.java:587)
W/System.err(24578): 	at java.lang.Thread.run(Thread.java:818)
I/vgn     (  949): 35-GetDeviceDataUploadOptInStatusOperation -- metadata{ service_id: 0 }
I/vgn     (  949): 35-GetDeviceDataUploadOptInStatusOperation -- metadata{ service_id: 0 }
W/Wifi    ( 3670): Failed to read packet and byte counts from wifi interface
W/Wifi    ( 3670): Failed to read packet and byte counts from wifi interface
W/Wifi    ( 3670): Failed to read packet and byte counts from wifi interface
W/Wifi    ( 3670): Failed to read packet and byte counts from wifi interface
W/Wifi    ( 3670): Failed to read packet and byte counts from wifi interface
W/Wifi    ( 3670): Failed to read packet and byte counts from wifi interface
W/Wifi    ( 3670): Failed to read packet and byte counts from wifi interface
W/Wifi    ( 3670): Failed to read packet and byte counts from wifi interface
W/Wifi    ( 3670): Failed to read packet and byte counts from wifi interface
W/Wifi    ( 3670): Failed to read packet and byte counts from wifi interface
W/Wifi    ( 3670): Failed to read packet and byte counts from wifi interface
W/Wifi    ( 3670): Failed to read packet and byte counts from wifi interface
W/Wifi    ( 3670): Failed to read packet and byte counts from wifi interface
W/Wifi    ( 3670): Failed to read packet and byte counts from wifi interface
W/Wifi    ( 3670): Failed to read packet and byte counts from wifi interface
W/Wifi    ( 3670): Failed to read packet and byte counts from wifi interface
W/Wifi    ( 3670): Failed to read packet and byte counts from wifi interface
W/Wifi    ( 3670): Failed to read packet and byte counts from wifi interface
E/WifiStateMachine(  452): WifiStateMachine CMD_START_SCAN source -2 txSuccessRate=0.01 rxSuccessRate=0.13 targetRoamBSSID=any RSSI=-44
E/WifiStateMachine(  452): WifiStateMachine starting scan for "YOU SHALL NOT PASS"WPA_PSK with 2437
W/Wifi    ( 3670): Failed to read packet and byte counts from wifi interface
W/Wifi    ( 3670): Failed to read packet and byte counts from wifi interface
W/Wifi    ( 3670): Failed to read packet and byte counts from wifi interface
W/Wifi    ( 3670): Failed to read packet and byte counts from wifi interface
W/Wifi    ( 3670): Failed to read packet and byte counts from wifi interface
W/Wifi    ( 3670): Failed to read packet and byte counts from wifi interface
I/ActivityManager(  452): Killing 28170:com.google.android.apps.plus/u0a68 (adj 15): empty for 1800s
W/Wifi    ( 3670): Failed to read packet and byte counts from wifi interface
W/Wifi    ( 3670): Failed to read packet and byte counts from wifi interface
W/Wifi    ( 3670): Failed to read packet and byte counts from wifi interface
W/Wifi    ( 3670): Failed to read packet and byte counts from wifi interface
W/Wifi    ( 3670): Failed to read packet and byte counts from wifi interface
W/Wifi    ( 3670): Failed to read packet and byte counts from wifi interface
W/Wifi    ( 3670): Failed to read packet and byte counts from wifi interface
W/Wifi    ( 3670): Failed to read packet and byte counts from wifi interface
W/Wifi    ( 3670): Failed to read packet and byte counts from wifi interface
W/Wifi    ( 3670): Failed to read packet and byte counts from wifi interface
W/Wifi    ( 3670): Failed to read packet and byte counts from wifi interface
W/Wifi    ( 3670): Failed to read packet and byte counts from wifi interface
W/Wifi    ( 3670): Failed to read packet and byte counts from wifi interface
W/Wifi    ( 3670): Failed to read packet and byte counts from wifi interface
E/WifiStateMachine(  452): WifiStateMachine CMD_START_SCAN source -2 txSuccessRate=0.00 rxSuccessRate=0.06 targetRoamBSSID=any RSSI=-44
E/WifiStateMachine(  452): WifiStateMachine starting scan for "YOU SHALL NOT PASS"WPA_PSK with 2437
W/Wifi    ( 3670): Failed to read packet and byte counts from wifi interface
W/Wifi    ( 3670): Failed to read packet and byte counts from wifi interface
W/Wifi    ( 3670): Failed to read packet and byte counts from wifi interface
W/Wifi    ( 3670): Failed to read packet and byte counts from wifi interface
W/Wifi    ( 3670): Failed to read packet and byte counts from wifi interface
W/Wifi    ( 3670): Failed to read packet and byte counts from wifi interface
W/Wifi    ( 3670): Failed to read packet and byte counts from wifi interface
W/Wifi    ( 3670): Failed to read packet and byte counts from wifi interface
W/Wifi    ( 3670): Failed to read packet and byte counts from wifi interface
W/Wifi    ( 3670): Failed to read packet and byte counts from wifi interface
W/Wifi    ( 3670): Failed to read packet and byte counts from wifi interface
W/Wifi    ( 3670): Failed to read packet and byte counts from wifi interface
W/Wifi    ( 3670): Failed to read packet and byte counts from wifi interface
W/Wifi    ( 3670): Failed to read packet and byte counts from wifi interface
W/Wifi    ( 3670): Failed to read packet and byte counts from wifi interface
W/Wifi    ( 3670): Failed to read packet and byte counts from wifi interface
W/Wifi    ( 3670): Failed to read packet and byte counts from wifi interface
W/Wifi    ( 3670): Failed to read packet and byte counts from wifi interface
W/Wifi    ( 3670): Failed to read packet and byte counts from wifi interface
W/Wifi    ( 3670): Failed to read packet and byte counts from wifi interface
I/ActivityManager(  452): Killing 26015:com.android.vending/u0a18 (adj 15): empty for 1817s
D/ConnectivityService(  452): ConnectivityService NetworkRequestInfo binderDied(NetworkRequest [ id=778, legacyType=-1, [ Capabilities: INTERNET&NOT_RESTRICTED&TRUSTED] ], android.os.BinderProxy@375b8c58)
D/ConnectivityService(  452): releasing NetworkRequest NetworkRequest [ id=778, legacyType=-1, [ Capabilities: INTERNET&NOT_RESTRICTED&TRUSTED] ]
E/ConnectivityService(  452): RemoteException caught trying to send a callback msg for NetworkRequest [ id=778, legacyType=-1, [ Capabilities: INTERNET&NOT_RESTRICTED&TRUSTED] ]
E/WifiStateMachine(  452): WifiStateMachine CMD_START_SCAN source -2 txSuccessRate=0.50 rxSuccessRate=0.52 targetRoamBSSID=any RSSI=-44
W/Wifi    ( 3670): Failed to read packet and byte counts from wifi interface
W/ctxmgr  (  949): [AclManager]No 2 for (accnt=account#-517948760#, com.google.android.gms(10008):IndoorOutdoorProducer, vrsn=12685000, 0, 3pPkg = null ,  3pMdlId = null ,  pid = 949). Was: 3 for 57, account#-517948760#
W/Wifi    ( 3670): Failed to read packet and byte counts from wifi interface
W/Wifi    ( 3670): Failed to read packet and byte counts from wifi interface
I/vgn     (  949): 35-GetDeviceDataUploadOptInStatusOperation -- metadata{ service_id: 0 }
I/vgn     (  949): 35-GetDeviceDataUploadOptInStatusOperation -- metadata{ service_id: 0 }
W/Wifi    ( 3670): Failed to read packet and byte counts from wifi interface
W/Wifi    ( 3670): Failed to read packet and byte counts from wifi interface
W/Wifi    ( 3670): Failed to read packet and byte counts from wifi interface
W/Wifi    ( 3670): Failed to read packet and byte counts from wifi interface
W/Wifi    ( 3670): Failed to read packet and byte counts from wifi interface
W/Wifi    ( 3670): Failed to read packet and byte counts from wifi interface
W/Wifi    ( 3670): Failed to read packet and byte counts from wifi interface
W/Wifi    ( 3670): Failed to read packet and byte counts from wifi interface
W/Wifi    ( 3670): Failed to read packet and byte counts from wifi interface
W/Wifi    ( 3670): Failed to read packet and byte counts from wifi interface
W/Wifi    ( 3670): Failed to read packet and byte counts from wifi interface
W/Wifi    ( 3670): Failed to read packet and byte counts from wifi interface
W/Wifi    ( 3670): Failed to read packet and byte counts from wifi interface
W/Wifi    ( 3670): Failed to read packet and byte counts from wifi interface
W/Wifi    ( 3670): Failed to read packet and byte counts from wifi interface
W/Wifi    ( 3670): Failed to read packet and byte counts from wifi interface
W/Wifi    ( 3670): Failed to read packet and byte counts from wifi interface
E/WifiStateMachine(  452): WifiStateMachine CMD_START_SCAN source -2 txSuccessRate=0.21 rxSuccessRate=0.14 targetRoamBSSID=any RSSI=-43
E/WifiStateMachine(  452): WifiStateMachine starting scan for "YOU SHALL NOT PASS"WPA_PSK with 2437
W/Wifi    ( 3670): Failed to read packet and byte counts from wifi interface
W/Wifi    ( 3670): Failed to read packet and byte counts from wifi interface
W/Wifi    ( 3670): Failed to read packet and byte counts from wifi interface
W/Wifi    ( 3670): Failed to read packet and byte counts from wifi interface
W/Wifi    ( 3670): Failed to read packet and byte counts from wifi interface
W/Wifi    ( 3670): Failed to read packet and byte counts from wifi interface
W/Wifi    ( 3670): Failed to read packet and byte counts from wifi interface
W/Wifi    ( 3670): Failed to read packet and byte counts from wifi interface
W/Wifi    ( 3670): Failed to read packet and byte counts from wifi interface
W/Wifi    ( 3670): Failed to read packet and byte counts from wifi interface
W/Wifi    ( 3670): Failed to read packet and byte counts from wifi interface
W/Wifi    ( 3670): Failed to read packet and byte counts from wifi interface
W/Wifi    ( 3670): Failed to read packet and byte counts from wifi interface
W/Wifi    ( 3670): Failed to read packet and byte counts from wifi interface
W/Wifi    ( 3670): Failed to read packet and byte counts from wifi interface
W/Wifi    ( 3670): Failed to read packet and byte counts from wifi interface
W/Wifi    ( 3670): Failed to read packet and byte counts from wifi interface
W/Wifi    ( 3670): Failed to read packet and byte counts from wifi interface
W/Wifi    ( 3670): Failed to read packet and byte counts from wifi interface
W/Wifi    ( 3670): Failed to read packet and byte counts from wifi interface
E/WifiStateMachine(  452): WifiStateMachine CMD_START_SCAN source -2 txSuccessRate=0.06 rxSuccessRate=0.00 targetRoamBSSID=any RSSI=-42
E/WifiStateMachine(  452): WifiStateMachine starting scan for "YOU SHALL NOT PASS"WPA_PSK with 2437
W/Wifi    ( 3670): Failed to read packet and byte counts from wifi interface
W/Wifi    ( 3670): Failed to read packet and byte counts from wifi interface
W/Wifi    ( 3670): Failed to read packet and byte counts from wifi interface
W/Wifi    ( 3670): Failed to read packet and byte counts from wifi interface
W/Wifi    ( 3670): Failed to read packet and byte counts from wifi interface
W/Wifi    ( 3670): Failed to read packet and byte counts from wifi interface
W/Wifi    ( 3670): Failed to read packet and byte counts from wifi interface
W/Wifi    ( 3670): Failed to read packet and byte counts from wifi interface
W/Wifi    ( 3670): Failed to read packet and byte counts from wifi interface
W/Wifi    ( 3670): Failed to read packet and byte counts from wifi interface
W/Wifi    ( 3670): Failed to read packet and byte counts from wifi interface
W/Wifi    ( 3670): Failed to read packet and byte counts from wifi interface
W/Wifi    ( 3670): Failed to read packet and byte counts from wifi interface
W/Wifi    ( 3670): Failed to read packet and byte counts from wifi interface
W/Wifi    ( 3670): Failed to read packet and byte counts from wifi interface
W/Wifi    ( 3670): Failed to read packet and byte counts from wifi interface
W/Wifi    ( 3670): Failed to read packet and byte counts from wifi interface
W/Wifi    ( 3670): Failed to read packet and byte counts from wifi interface
W/Wifi    ( 3670): Failed to read packet and byte counts from wifi interface
W/Wifi    ( 3670): Failed to read packet and byte counts from wifi interface
E/WifiStateMachine(  452): WifiStateMachine CMD_START_SCAN source -2 txSuccessRate=0.25 rxSuccessRate=0.02 targetRoamBSSID=any RSSI=-49
E/WifiStateMachine(  452): WifiStateMachine starting scan for "YOU SHALL NOT PASS"WPA_PSK with 2437
W/Wifi    ( 3670): Failed to read packet and byte counts from wifi interface
W/Wifi    ( 3670): Failed to read packet and byte counts from wifi interface
W/Wifi    ( 3670): Failed to read packet and byte counts from wifi interface
I/vgn     (  949): 35-GetDeviceDataUploadOptInStatusOperation -- metadata{ service_id: 0 }
I/vgn     (  949): 35-GetDeviceDataUploadOptInStatusOperation -- metadata{ service_id: 0 }
D/AndroidRuntime(29491): >>>>>> START com.android.internal.os.RuntimeInit uid 2000 <<<<<<
D/AndroidRuntime(29491): CheckJNI is OFF
D/AndroidRuntime(29491): Calling main entry com.android.commands.am.Am
I/ActivityManager(  452): Force stopping com.android.chrome appid=10035 user=0: from pid 29491
I/ActivityManager(  452): Killing 29405:com.android.chrome/u0a35 (adj 9): stop com.android.chrome
W/ActivityManager(  452): Spurious death for ProcessRecord{2037851b 29405:com.android.chrome/u0a35}, curProc for 29405: null
I/ActivityManager(  452): START u0 {act=android.intent.action.VIEW flg=0x10008000 cmp=com.android.chrome/com.google.android.apps.chrome.Main} from uid 2000 on display 0
V/WindowManager(  452): addAppToken: AppWindowToken{323417f6 token=Token{21c9ec91 ActivityRecord{301416b8 u0 com.android.chrome/com.google.android.apps.chrome.Main t13049}}} to stack=1 task=13049 at 0
D/AndroidRuntime(29491): Shutting down VM
I/ActivityManager(  452): Start proc 29505:com.android.chrome/u0a35 for activity com.android.chrome/com.google.android.apps.chrome.Main
W/Wifi    ( 3670): Failed to read packet and byte counts from wifi interface
W/DynamiteModule(29505): Local module descriptor class for com.google.android.gms.googlecertificates not found.
I/DynamiteModule(29505): Considering local module com.google.android.gms.googlecertificates:0 and remote module com.google.android.gms.googlecertificates:4
I/DynamiteModule(29505): Selected remote version of com.google.android.gms.googlecertificates, version >= 4
W/ResourcesManager(29505): Asset path '/system/framework/com.android.media.remotedisplay.jar' does not exist or contains no resources.
W/ResourcesManager(29505): Asset path '/system/framework/com.android.location.provider.jar' does not exist or contains no resources.
I/cr_InstantAppsHandler(29505): Not handling with Instant Apps (other)
I/ActivityManager(  452): START u0 {cmp=com.android.chrome/org.chromium.chrome.browser.firstrun.FirstRunActivity (has extras)} from uid 10035 on display 0
V/WindowManager(  452): addAppToken: AppWindowToken{19a34eef token=Token{122fce ActivityRecord{5649cc9 u0 com.android.chrome/org.chromium.chrome.browser.firstrun.FirstRunActivity t13050}}} to stack=1 task=13050 at 0
D/OpenGLRenderer(29505): Use EGL_SWAP_BEHAVIOR_PRESERVED: true
I/cr_LibraryLoader(29505): Using linker: org.chromium.base.library_loader.LegacyLinker
V/WindowManager(  452): Based on layer: Adding window Window{2402ce7 u0 com.android.chrome/org.chromium.chrome.browser.firstrun.FirstRunActivity} at 3 of 17
I/cr_base (29505): Extracting resource /data/data/com.android.chrome/app_chrome/paks/en-GB.pak@12da8129
W/linker  (29505): libchromium_android_linker.so: unused DT entry: type 0x6ffffffe arg 0xce8
W/linker  (29505): libchromium_android_linker.so: unused DT entry: type 0x6fffffff arg 0x3
W/cr_ChildProcLH(29505): Create a new ChildConnectionAllocator with package name = com.android.chrome, sandboxed = true
I/cr_LibraryLoader(29505): Loading chrome from within /data/app/com.android.chrome-2/base.apk
I/ActivityManager(  452): Start proc 29533:com.android.chrome:sandboxed_process0/u0i95 for service com.android.chrome/org.chromium.content.app.SandboxedProcessService0
I/cr_base (29505): Extracting resource /data/data/com.android.chrome/app_chrome/paks/en-US.pak@12da8129
W/dboxed_process0(29533): type=1400 audit(0.0:1270): avc: denied { search } for name="tmp" dev="dm-0" ino=49 scontext=u:r:isolated_app:s0 tcontext=u:object_r:shell_data_file:s0 tclass=dir permissive=0
I/OpenGLRenderer(29505): Initialized EGL, version 1.4
I/cr_ChildProcessService(29533): Creating new ChildProcessService pid=29533
D/OpenGLRenderer(29505): Enabling debug mode 0
I/cr_LibraryLoader(29505): Time to load native libraries: 246 ms (timestamps 4897-5143)
I/chromium(29505): [INFO:library_loader_hooks.cc(136)] Chromium logging enabled: level = 0, default verbosity = 0
I/cr_LibraryLoader(29505): Expected native library version number "61.0.3163.98", actual native library version number "61.0.3163.98"
I/ActivityManager(  452): Displayed com.android.chrome/org.chromium.chrome.browser.firstrun.FirstRunActivity: +492ms (total +6m12s835ms)
I/cr_VariationsSeedFetch(29505): Fetched first run seed in 574 ms
I/cr_BrowserStartup(29505): Initializing chromium process, singleProcess=false
W/Wifi    ( 3670): Failed to read packet and byte counts from wifi interface
I/ActivityManager(  452): Start proc 29577:com.android.chrome:privileged_process0/u0a35 for service com.android.chrome/org.chromium.content.app.PrivilegedProcessService0
I/cr_ChildProcessService(29577): Creating new ChildProcessService pid=29577
I/art     (24578): Background sticky concurrent mark sweep GC freed 188577(8MB) AllocSpace objects, 1(16KB) LOS objects, 36% free, 13MB/21MB, paused 988us total 111.211ms
D/ConnectivityService(  452): listenForNetwork for NetworkRequest [ id=788, legacyType=-1, [ Capabilities: INTERNET&NOT_RESTRICTED&TRUSTED] ]
D/ConnectivityService(  452): handleRegisterNetworkRequest checking NetworkAgentInfo [WIFI () - 105]
D/ConnectivityService(  452): apparently satisfied.  currentScore=60
D/ConnectivityManager.CallbackHandler(29505): CM callback handler got msg 524290
I/cr_LibraryLoader(29577): Using linker: org.chromium.base.library_loader.LegacyLinker
W/linker  (29577): libchromium_android_linker.so: unused DT entry: type 0x6ffffffe arg 0xce8
W/linker  (29577): libchromium_android_linker.so: unused DT entry: type 0x6fffffff arg 0x3
I/cr_LibraryLoader(29577): Loading chrome from within /data/app/com.android.chrome-2/base.apk
D/ConnectivityService(  452): listenForNetwork for NetworkRequest [ id=789, legacyType=-1, [ Capabilities: INTERNET&NOT_RESTRICTED&TRUSTED] ]
D/ConnectivityService(  452): handleRegisterNetworkRequest checking NetworkAgentInfo [WIFI () - 105]
D/ConnectivityService(  452): apparently satisfied.  currentScore=60
D/ConnectivityManager.CallbackHandler(29505): CM callback handler got msg 524290
W/cr_KnoxSettingsProvider(29505): Permission to read device policy denied.
I/orc     ( 1002): 28-GetActiveNetworkQuality -- metadata{ service_id: 0 }
I/orc     ( 1002): 28-GetActiveNetworkQuality -- metadata{ service_id: 0 }
I/cr_LibraryLoader(29577): Time to load native libraries: 71 ms (timestamps 5912-5983)
I/chromium(29577): [INFO:library_loader_hooks.cc(136)] Chromium logging enabled: level = 0, default verbosity = 0
I/cr_LibraryLoader(29577): Expected native library version number "61.0.3163.98", actual native library version number "61.0.3163.98"
E/libEGL  (29577): validate_display:255 error 3008 (EGL_BAD_DISPLAY)
W/Herrevad( 1002): [4507] wux.b: Invalid mccmnc 
I/cr_SnippetsLauncher(29505): Scheduling: 172800 172800
W/Herrevad( 1002): [4507] wux.b: Invalid mccmnc 
W/VideoCapabilities(29577): Unsupported mime video/mpeg2
W/AudioCapabilities(29577): Unsupported mime audio/mpeg-L2
W/VideoCapabilities(29577): Unrecognized level 0 for video/x-vnd.on2.vp8
I/VideoCapabilities(29577): Unsupported profile 4 for video/mp4v-es
W/cr_MediaCodecUtil(29577): HW encoder for video/avc is not available on this device.
W/Herrevad( 1002): [4507] wux.b: Invalid mccmnc 
W/Herrevad( 1002): [4507] wux.b: Invalid mccmnc 
W/Wifi    ( 3670): Failed to read packet and byte counts from wifi interface
W/Wifi    ( 3670): Failed to read packet and byte counts from wifi interface
W/Wifi    ( 3670): Failed to read packet and byte counts from wifi interface
W/Wifi    ( 3670): Failed to read packet and byte counts from wifi interface
D/AndroidRuntime(29605): >>>>>> START com.android.internal.os.RuntimeInit uid 2000 <<<<<<
D/AndroidRuntime(29605): CheckJNI is OFF
D/AndroidRuntime(29605): Calling main entry com.android.commands.input.Input
I/Input   (29605): injectMotionEvent: MotionEvent { action=ACTION_DOWN, id[0]=0, x[0]=700.0, y[0]=1550.0, toolType[0]=TOOL_TYPE_UNKNOWN, buttonState=0, metaState=0, flags=0x0, edgeFlags=0x0, pointerCount=1, historySize=0, eventTime=59100435, downTime=59100435, deviceId=0, source=0x1002 }
I/Input   (29605): injectMotionEvent: MotionEvent { action=ACTION_UP, id[0]=0, x[0]=700.0, y[0]=1550.0, toolType[0]=TOOL_TYPE_UNKNOWN, buttonState=0, metaState=0, flags=0x0, edgeFlags=0x0, pointerCount=1, historySize=0, eventTime=59100435, downTime=59100435, deviceId=0, source=0x1002 }
D/AndroidRuntime(29605): Shutting down VM
D/audio_hw_primary(  205): out_set_parameters: enter: usecase(0: playback) kvpairs: routing=2 out->devices(2) adev->mode(0)
W/Wifi    ( 3670): Failed to read packet and byte counts from wifi interface
I/art     (29505): WaitForGcToComplete blocked for 32.981ms for cause HeapTrim
I/cr_LibraryLoader(29533): Using linker: org.chromium.base.library_loader.LegacyLinker
W/linker  (29533): libchromium_android_linker.so: unused DT entry: type 0x6ffffffe arg 0xce8
W/linker  (29533): libchromium_android_linker.so: unused DT entry: type 0x6fffffff arg 0x3
I/cr_LibraryLoader(29533): Loading chrome from within /data/app/com.android.chrome-2/base.apk
I/cr_LibraryLoader(29533): Time to load native libraries: 52 ms (timestamps 1078-1130)
I/chromium(29533): [INFO:library_loader_hooks.cc(136)] Chromium logging enabled: level = 0, default verbosity = 0
I/cr_LibraryLoader(29533): Expected native library version number "61.0.3163.98", actual native library version number "61.0.3163.98"
W/Wifi    ( 3670): Failed to read packet and byte counts from wifi interface
W/Wifi    ( 3670): Failed to read packet and byte counts from wifi interface
W/Wifi    ( 3670): Failed to read packet and byte counts from wifi interface
W/Wifi    ( 3670): Failed to read packet and byte counts from wifi interface
W/Wifi    ( 3670): Failed to read packet and byte counts from wifi interface
D/AndroidRuntime(29633): >>>>>> START com.android.internal.os.RuntimeInit uid 2000 <<<<<<
D/AndroidRuntime(29633): CheckJNI is OFF
I/chromium(29533): [INFO:child_process_service_impl.cc(70)] ChildProcessServiceImpl: Exiting child process.
W/libprocessgroup(  452): failed to open /acct/uid_10035/pid_29533/cgroup.procs: No such file or directory
I/ActivityManager(  452): Process com.android.chrome:sandboxed_process0 (pid 29533) has died
W/ActivityManager(  452): Scheduling restart of crashed service com.android.chrome/org.chromium.content.app.SandboxedProcessService0 in 1000ms
W/cr_ChildProcessConn(29505): onServiceDisconnected (crash or killed by oom): pid=29533
D/AndroidRuntime(29633): Calling main entry com.android.commands.input.Input
I/Input   (29633): injectMotionEvent: MotionEvent { action=ACTION_DOWN, id[0]=0, x[0]=372.0, y[0]=1530.0, toolType[0]=TOOL_TYPE_UNKNOWN, buttonState=0, metaState=0, flags=0x0, edgeFlags=0x0, pointerCount=1, historySize=0, eventTime=59106340, downTime=59106340, deviceId=0, source=0x1002 }
I/Input   (29633): injectMotionEvent: MotionEvent { action=ACTION_UP, id[0]=0, x[0]=372.0, y[0]=1530.0, toolType[0]=TOOL_TYPE_UNKNOWN, buttonState=0, metaState=0, flags=0x0, edgeFlags=0x0, pointerCount=1, historySize=0, eventTime=59106340, downTime=59106340, deviceId=0, source=0x1002 }
D/AndroidRuntime(29633): Shutting down VM
I/ActivityManager(  452): START u0 {act=android.intent.action.VIEW flg=0x10808000 cmp=com.android.chrome/com.google.android.apps.chrome.Main (has extras)} from uid 10035 on display 0
V/WindowManager(  452): addAppToken: AppWindowToken{3c9d1acb token=Token{34be919a ActivityRecord{1f997645 u0 com.android.chrome/com.google.android.apps.chrome.Main t13051}}} to stack=1 task=13051 at 0
D/audio_hw_primary(  205): out_set_parameters: enter: usecase(0: playback) kvpairs: routing=2 out->devices(2) adev->mode(0)
D/ConnectivityService(  452): releasing NetworkRequest NetworkRequest [ id=789, legacyType=-1, [ Capabilities: INTERNET&NOT_RESTRICTED&TRUSTED] ]
D/ConnectivityManager.CallbackHandler(29505): CM callback handler got msg 524296
D/ConnectivityService(  452): listenForNetwork for NetworkRequest [ id=790, legacyType=-1, [ Capabilities: INTERNET&NOT_RESTRICTED&TRUSTED] ]
D/ConnectivityService(  452): handleRegisterNetworkRequest checking NetworkAgentInfo [WIFI () - 105]
D/ConnectivityService(  452): apparently satisfied.  currentScore=60
D/ConnectivityManager.CallbackHandler(29505): CM callback handler got msg 524290
I/cr_InstantAppsHandler(29505): Not handling with Instant Apps (other)
I/ActivityManager(  452): START u0 {act=android.intent.action.VIEW flg=0x14002000 cmp=com.android.chrome/org.chromium.chrome.browser.ChromeTabbedActivity (has extras)} from uid 10035 on display 0
V/WindowManager(  452): addAppToken: AppWindowToken{1275b9f2 token=Token{327d28fd ActivityRecord{214e1154 u0 com.android.chrome/org.chromium.chrome.browser.ChromeTabbedActivity t13052}}} to stack=1 task=13052 at 0
V/WindowManager(  452): Based on layer: Adding window Window{98e4cbb u0 Starting com.android.chrome} at 4 of 18
I/PBSessionCacheImpl( 9797): Deleted sessionId[21180898748241] from persistence.
I/MicroDetector( 9797): Keeping mic open: false
I/DeviceStateChecker( 9797): DeviceStateChecker cancelled
I/AudioController( 9797): internalShutdown
I/MicrophoneInputStream( 9797): mic_close com.google.android.apps.gsa.speech.audio.af@2c2b23af
I/MicroRecognitionRunner( 9797): Stopping hotword detection.
I/SoundTriggerHwService::Module(  205): void android::SoundTriggerHwService::Module::onCallbackEvent(const android::sp<android::SoundTriggerHwService::CallbackEvent>&) mClient == 0
E/WorkerRegistryImpl( 9797): getWorker() is called after WorkerRegistry disposal.
E/WorkerRegistryImpl( 9797): getWorker() is called after WorkerRegistry disposal.
E/WorkerRegistryImpl( 9797): getWorker() is called after WorkerRegistry disposal.
E/WorkerRegistryImpl( 9797): getWorker() is called after WorkerRegistry disposal.
E/WorkerRegistryImpl( 9797): getWorker() is called after WorkerRegistry disposal.
E/WorkerRegistryImpl( 9797): getWorker() is called after WorkerRegistry disposal.
E/WorkerRegistryImpl( 9797): getWorker() is called after WorkerRegistry disposal.
E/WorkerRegistryImpl( 9797): getWorker() is called after WorkerRegistry disposal.
E/WorkerRegistryImpl( 9797): getWorker() is called after WorkerRegistry disposal.
E/WorkerRegistryImpl( 9797): getWorker() is called after WorkerRegistry disposal.
E/WorkerRegistryImpl( 9797): getWorker() is called after WorkerRegistry disposal.
E/WorkerRegistryImpl( 9797): getWorker() is called after WorkerRegistry disposal.
E/WorkerRegistryImpl( 9797): getWorker() is called after WorkerRegistry disposal.
E/WorkerRegistryImpl( 9797): getWorker() is called after WorkerRegistry disposal.
E/WorkerRegistryImpl( 9797): getWorker() is called after WorkerRegistry disposal.
E/WorkerRegistryImpl( 9797): getWorker() is called after WorkerRegistry disposal.
E/WorkerRegistryImpl( 9797): getWorker() is called after WorkerRegistry disposal.
E/WorkerRegistryImpl( 9797): getWorker() is called after WorkerRegistry disposal.
E/WorkerRegistryImpl( 9797): getWorker() is called after WorkerRegistry disposal.
E/WorkerRegistryImpl( 9797): getWorker() is called after WorkerRegistry disposal.
E/WorkerRegistryImpl( 9797): getWorker() is called after WorkerRegistry disposal.
E/WorkerRegistryImpl( 9797): getWorker() is called after WorkerRegistry disposal.
E/WorkerRegistryImpl( 9797): getWorker() is called after WorkerRegistry disposal.
E/WorkerRegistryImpl( 9797): getWorker() is called after WorkerRegistry disposal.
E/WorkerRegistryImpl( 9797): getWorker() is called after WorkerRegistry disposal.
E/WorkerRegistryImpl( 9797): getWorker() is called after WorkerRegistry disposal.
E/WorkerRegistryImpl( 9797): getWorker() is called after WorkerRegistry disposal.
E/WorkerRegistryImpl( 9797): getWorker() is called after WorkerRegistry disposal.
W/Wifi    ( 3670): Failed to read packet and byte counts from wifi interface
W/cr_ChildProcLH(29505): Create a new ChildConnectionAllocator with package name = com.android.chrome, sandboxed = true
I/MicroRecognitionRunner( 9797): Detection finished
W/cr_tabmodel(29505): Starting to perform legacy migration.
W/cr_tabmodel(29505): Finished performing legacy migration.
W/cr_tabmodel(29505): Starting to perform multi-instance migration.
I/ActivityManager(  452): Start proc 29648:com.android.chrome:sandboxed_process0/u0i96 for service com.android.chrome/org.chromium.content.app.SandboxedProcessService0
V/WindowManager(  452): Adding window Window{5237b25 u0 com.android.chrome/org.chromium.chrome.browser.ChromeTabbedActivity} at 4 of 19 (before Window{98e4cbb u0 Starting com.android.chrome})
W/cr_tabmodel(29505): Finished performing multi-instance migration.
W/cr_tabmodel(29505): Starting to fetch tab list.
E/cr_tabmodel(29505): State file does not exist.
W/dboxed_process0(29648): type=1400 audit(0.0:1271): avc: denied { search } for name="tmp" dev="dm-0" ino=49 scontext=u:r:isolated_app:s0 tcontext=u:object_r:shell_data_file:s0 tclass=dir permissive=0
I/cr_ChildProcessService(29648): Creating new ChildProcessService pid=29648
I/art     (  452): Explicit concurrent mark sweep GC freed 112398(5MB) AllocSpace objects, 3(2MB) LOS objects, 33% free, 29MB/44MB, paused 830us total 107.639ms
V/WindowManager(  452): Adding window Window{389a6508 u0 SurfaceView} at 4 of 20 (before Window{5237b25 u0 com.android.chrome/org.chromium.chrome.browser.ChromeTabbedActivity})
I/vgn     (  949): 67-RequestPlaceUpdates -- metadata{ service_id: 0 }
I/vgn     (  949): 67-RemovePlaceUpdates -- metadata{ service_id: 0 }
I/Places  (  949): ?: PlacesBleScanner stop()
I/BeaconBle(  949): Scan canceled successfully.
I/PlaceInferenceEngine(  949): [anon] Changed inference mode: 0
I/ActivityManager(  452): Displayed com.android.chrome/org.chromium.chrome.browser.ChromeTabbedActivity: +543ms (total +615ms)
I/GeofencerStateMachine(  949): removeGeofences: removeRequest=RemoveGeofencingRequest[REMOVE_BY_PENDING_INTENT pendingIntent=PendingIntent[creatorPackage=com.google.android.gms], packageName=null]
I/art     (29505): Rejecting re-init on previously-failed class java.lang.Class<org.chromium.content.browser.FloatingActionModeCallback>
I/art     (29505): Rejecting re-init on previously-failed class java.lang.Class<org.chromium.content.browser.FloatingActionModeCallback>
I/cr_LibraryLoader(29648): Using linker: org.chromium.base.library_loader.LegacyLinker
W/cr_media(29505): Requires BLUETOOTH permission
W/linker  (29648): libchromium_android_linker.so: unused DT entry: type 0x6ffffffe arg 0xce8
W/linker  (29648): libchromium_android_linker.so: unused DT entry: type 0x6fffffff arg 0x3
I/cr_LibraryLoader(29648): Loading chrome from within /data/app/com.android.chrome-2/base.apk
I/cr_LibraryLoader(29648): Time to load native libraries: 63 ms (timestamps 7464-7527)
I/chromium(29648): [INFO:library_loader_hooks.cc(136)] Chromium logging enabled: level = 0, default verbosity = 0
I/cr_LibraryLoader(29648): Expected native library version number "61.0.3163.98", actual native library version number "61.0.3163.98"
D/BluetoothAdapter( 9797): 187978726: getState() :  mService = null. Returning STATE_OFF
D/BluetoothAdapter( 9797): 187978726: getState() :  mService = null. Returning STATE_OFF
I/VoiceSearchSettings( 9797): Hotword upgrade key is null!
I/VISHotwordAdapter( 9797): #initialize, locale=en-US, keyPhrase=Ok Google
I/GsaVoiceInteractionSrv(  800): initializeAlwaysOnHotwordDetector locale en-US hotwordPhrase Ok Google
W/Wifi    ( 3670): Failed to read packet and byte counts from wifi interface
I/ActivityManager(  452): Start proc 29691:com.android.chrome:sandboxed_process1/u0i97 for service com.android.chrome/org.chromium.content.app.SandboxedProcessService1
W/dboxed_process1(29691): type=1400 audit(0.0:1272): avc: denied { search } for name="tmp" dev="dm-0" ino=49 scontext=u:r:isolated_app:s0 tcontext=u:object_r:shell_data_file:s0 tclass=dir permissive=0
I/cr_ChildProcessService(29691): Creating new ChildProcessService pid=29691
I/cr_SnippetsLauncher(29505): Scheduling: 172800 172800
I/cr_LibraryLoader(29691): Using linker: org.chromium.base.library_loader.LegacyLinker
W/linker  (29691): libchromium_android_linker.so: unused DT entry: type 0x6ffffffe arg 0xce8
W/linker  (29691): libchromium_android_linker.so: unused DT entry: type 0x6fffffff arg 0x3
I/ActivityManager(  452): Activity reported stop, but no longer stopping: ActivityRecord{5649cc9 u0 com.android.chrome/org.chromium.chrome.browser.firstrun.FirstRunActivity t13050 f}
I/cr_LibraryLoader(29691): Loading chrome from within /data/app/com.android.chrome-2/base.apk
I/cr_LibraryLoader(29691): Time to load native libraries: 60 ms (timestamps 8088-8148)
I/chromium(29691): [INFO:library_loader_hooks.cc(136)] Chromium logging enabled: level = 0, default verbosity = 0
I/cr_LibraryLoader(29691): Expected native library version number "61.0.3163.98", actual native library version number "61.0.3163.98"
I/orc     (  949): 51-GetExperimentTokensOperationCall -- metadata{ service_id: 0 }
I/cr_BindingManager(29505): Moderate binding enabled: maxSize=20
I/Icing   ( 1002): IndexChimeraService.getServiceInterface callingPackage=com.android.chrome componentName=null serviceId=36
W/Nearby  (  949): Bind call too late - someone already tried to get: interface bghz -- metadata{ service_id: 0 }
E/aght    (  949): Phenotype API error. Event a <
E/aght    (  949):   a: "LOCAL.com.google.android.agsa.QSB"
E/aght    (  949):   b: 0
E/aght    (  949):   e: ""
E/aght    (  949):   f: ""
E/aght    (  949):   g: 0
E/aght    (  949):   h: 0
E/aght    (  949):   i: ""
E/aght    (  949):   j: 38
E/aght    (  949): >
E/aght    (  949): e: # bjzl@f5130810
E/aght    (  949): , EventCode: 7 -- metadata{ service_id: 51 }
E/aght    (  949): aggm: 29505: No config packages for log source, or config package not registered
E/aght    (  949): 	at agif.b(:com.google.android.gms@12685011@12.6.85 (020406-197041431):4)
E/aght    (  949): 	at aght.a(:com.google.android.gms@12685011@12.6.85 (020406-197041431):40)
E/aght    (  949): 	at aght.a(:com.google.android.gms@12685011@12.6.85 (020406-197041431):108)
E/aght    (  949): 	at ord.run(:com.google.android.gms@12685011@12.6.85 (020406-197041431):40)
E/aght    (  949): 	at azvp.run(:com.google.android.gms@12685011@12.6.85 (020406-197041431):2)
E/aght    (  949): 	at ovl.run(:com.google.android.gms@12685011@12.6.85 (020406-197041431):27)
E/aght    (  949): 	at java.util.concurrent.ThreadPoolExecutor.runWorker(ThreadPoolExecutor.java:1112)
E/aght    (  949): 	at java.util.concurrent.ThreadPoolExecutor$Worker.run(ThreadPoolExecutor.java:587)
E/aght    (  949): 	at pbm.run(:com.google.android.gms@12685011@12.6.85 (020406-197041431))
E/aght    (  949): 	at java.lang.Thread.run(Thread.java:818)
E/AsyncOperation(  949): serviceID=51, operation=GetExperimentTokensOperationCall
E/AsyncOperation(  949): OperationException[Status{statusCode=No config packages for log source, or config package not registered, resolution=null}]
E/AsyncOperation(  949): 	at aght.a(:com.google.android.gms@12685011@12.6.85 (020406-197041431):53)
E/AsyncOperation(  949): 	at aght.a(:com.google.android.gms@12685011@12.6.85 (020406-197041431):108)
E/AsyncOperation(  949): 	at ord.run(:com.google.android.gms@12685011@12.6.85 (020406-197041431):40)
E/AsyncOperation(  949): 	at azvp.run(:com.google.android.gms@12685011@12.6.85 (020406-197041431):2)
E/AsyncOperation(  949): 	at ovl.run(:com.google.android.gms@12685011@12.6.85 (020406-197041431):27)
E/AsyncOperation(  949): 	at java.util.concurrent.ThreadPoolExecutor.runWorker(ThreadPoolExecutor.java:1112)
E/AsyncOperation(  949): 	at java.util.concurrent.ThreadPoolExecutor$Worker.run(ThreadPoolExecutor.java:587)
E/AsyncOperation(  949): 	at pbm.run(:com.google.android.gms@12685011@12.6.85 (020406-197041431))
E/AsyncOperation(  949): 	at java.lang.Thread.run(Thread.java:818)
I/vgn     (  949): 19-GetFileDescriptorAndDelete -- metadata{ service_id: 0 }
E/PartnerBookmarksReader(29505): ATTENTION: not using partner bookmarks as none were provided
I/Icing   ( 1002): Usage reports ok 0, Failed Usage reports 0, indexed 0, rejected 0, imm upload false
I/art     (29505): Background sticky concurrent mark sweep GC freed 22390(1213KB) AllocSpace objects, 11(223KB) LOS objects, 4% free, 16MB/17MB, paused 2.648ms total 254.056ms
W/Wifi    ( 3670): Failed to read packet and byte counts from wifi interface
I/Icing   ( 1002): IndexChimeraService.getServiceInterface callingPackage=com.android.chrome componentName=null serviceId=36
I/vgn     (  949): 19-GetFileDescriptorAndDelete -- metadata{ service_id: 0 }
I/Icing   ( 1002): Usage reports ok 0, Failed Usage reports 0, indexed 0, rejected 0, imm upload false
I/Icing   ( 1002): Removing corpus key 94FBE96EEF13B8AC56FE8C01687FD8A6012559AC for package com.android.chrome
I/dex2oat (29726): /system/bin/dex2oat --runtime-arg -classpath --runtime-arg  --instruction-set=arm --instruction-set-features=default --runtime-arg -Xrelocate --boot-image=/system/framework/boot.art --dex-file=/data/data/com.android.chrome/app_dex/webapk1.dex --oat-fd=215 --oat-location=/data/data/com.android.chrome/app_dex/arm/webapk1.dex --runtime-arg -Xms64m --runtime-arg -Xmx512m
I/dex2oat (29726): dex2oat took 39.175ms (threads: 2) arena alloc=87KB java alloc=6KB native alloc=618KB free=17KB
W/Wifi    ( 3670): Failed to read packet and byte counts from wifi interface
D/TaskPersister(  452): removeObsoleteFile: deleting file=13050_task_thumbnail.png
W/Wifi    ( 3670): Failed to read packet and byte counts from wifi interface
I/Icing   ( 1002): Scored 188 usage reports, missing_corpora 2 update_failed 26
I/Icing   ( 1002): Indexing 94FBE96EEF13B8AC56FE8C01687FD8A6012559AC from com.android.chrome
E/WifiStateMachine(  452): WifiStateMachine CMD_START_SCAN source -2 txSuccessRate=109.27 rxSuccessRate=103.39 targetRoamBSSID=any RSSI=-43
I/Icing   ( 1002): Indexing done 94FBE96EEF13B8AC56FE8C01687FD8A6012559AC
W/Wifi    ( 3670): Failed to read packet and byte counts from wifi interface
W/Wifi    ( 3670): Failed to read packet and byte counts from wifi interface
I/cr_omaha(29505): Request to Server Successful. Timestamp for next request:1529995102135
I/cr_omaha(29505): Request to Server Successful. Timestamp for next request:1529995102185
I/cr_omaha(29505): Attempting to schedule next job for: Tue Jun 26 12:38:21 GMT+02:00 2018
I/cr_omaha(29505): Scheduled using AlarmManager and IntentService
I/chromium(29691): [INFO:child_process_service_impl.cc(70)] ChildProcessServiceImpl: Exiting child process.
W/libprocessgroup(  452): failed to open /acct/uid_10035/pid_29691/cgroup.procs: No such file or directory
I/ActivityManager(  452): Process com.android.chrome:sandboxed_process1 (pid 29691) has died
W/ActivityManager(  452): Scheduling restart of crashed service com.android.chrome/org.chromium.content.app.SandboxedProcessService1 in 1000ms
W/chromium(29505): [WARNING:compositor_view.cc(255)] Child process disconnected (type=6) pid=29691)
W/cr_ChildProcessConn(29505): onServiceDisconnected (crash or killed by oom): pid=29691
W/Wifi    ( 3670): Failed to read packet and byte counts from wifi interface
I/ActivityManager(  452): Start proc 29737:com.android.chrome:sandboxed_process2/u0i98 for service com.android.chrome/org.chromium.content.app.SandboxedProcessService2
W/dboxed_process2(29737): type=1400 audit(0.0:1273): avc: denied { search } for name="tmp" dev="dm-0" ino=49 scontext=u:r:isolated_app:s0 tcontext=u:object_r:shell_data_file:s0 tclass=dir permissive=0
I/cr_ChildProcessService(29737): Creating new ChildProcessService pid=29737
I/cr_LibraryLoader(29737): Using linker: org.chromium.base.library_loader.LegacyLinker
W/linker  (29737): libchromium_android_linker.so: unused DT entry: type 0x6ffffffe arg 0xce8
W/linker  (29737): libchromium_android_linker.so: unused DT entry: type 0x6fffffff arg 0x3
I/cr_LibraryLoader(29737): Loading chrome from within /data/app/com.android.chrome-2/base.apk
I/cr_LibraryLoader(29737): Time to load native libraries: 36 ms (timestamps 3769-3805)
I/chromium(29737): [INFO:library_loader_hooks.cc(136)] Chromium logging enabled: level = 0, default verbosity = 0
I/cr_LibraryLoader(29737): Expected native library version number "61.0.3163.98", actual native library version number "61.0.3163.98"
W/Wifi    ( 3670): Failed to read packet and byte counts from wifi interface
W/Wifi    ( 3670): Failed to read packet and byte counts from wifi interface
I/EventLogSendingHelper( 9797): Sending log events.
W/Wifi    ( 3670): Failed to read packet and byte counts from wifi interface
D/AndroidRuntime(29764): >>>>>> START com.android.internal.os.RuntimeInit uid 2000 <<<<<<
D/AndroidRuntime(29764): CheckJNI is OFF
D/AndroidRuntime(29764): Calling main entry com.android.commands.am.Am
I/Trepn   (28628): Trepn 6.2s: Received intent: com.quicinc.trepn.start_profiling
W/FileUtils(28628): Failed to chmod(/storage/emulated/0/trepn/Trepn_2018.06.26_073826.db): android.system.ErrnoException: chmod failed: EPERM (Operation not permitted)
I/Trepn   (28628): Trepn 6.2s: Trepn has Started Profiling.
D/AndroidRuntime(29764): Shutting down VM
W/Wifi    ( 3670): Failed to read packet and byte counts from wifi interface
D/AndroidRuntime(29782): >>>>>> START com.android.internal.os.RuntimeInit uid 2000 <<<<<<
D/AndroidRuntime(29782): CheckJNI is OFF
D/AndroidRuntime(29782): Calling main entry com.android.commands.am.Am
I/ActivityManager(  452): START u0 {act=android.intent.action.VIEW dat=https://adhivirapt.github.io/ flg=0x10000000 cmp=com.android.chrome/com.google.android.apps.chrome.Main} from uid 2000 on display 0
V/WindowManager(  452): addAppToken: AppWindowToken{18f1b379 token=Token{24048840 ActivityRecord{119427c3 u0 com.android.chrome/com.google.android.apps.chrome.Main t13053}}} to stack=1 task=13053 at 0
D/AndroidRuntime(29782): Shutting down VM
D/ConnectivityService(  452): releasing NetworkRequest NetworkRequest [ id=790, legacyType=-1, [ Capabilities: INTERNET&NOT_RESTRICTED&TRUSTED] ]
D/ConnectivityManager.CallbackHandler(29505): CM callback handler got msg 524296
W/cr_Autocomplete(29505): stopping autocomplete.
D/ConnectivityService(  452): listenForNetwork for NetworkRequest [ id=791, legacyType=-1, [ Capabilities: INTERNET&NOT_RESTRICTED&TRUSTED] ]
D/ConnectivityService(  452): handleRegisterNetworkRequest checking NetworkAgentInfo [WIFI () - 105]
D/ConnectivityService(  452): apparently satisfied.  currentScore=60
D/ConnectivityManager.CallbackHandler(29505): CM callback handler got msg 524290
I/cr_InstantAppsHandler(29505): Not handling with Instant Apps because Chrome is not default or there's a specialized handler
I/ActivityManager(  452): START u0 {act=android.intent.action.VIEW dat=https://adhivirapt.github.io/ flg=0x14002000 cmp=com.android.chrome/org.chromium.chrome.browser.ChromeTabbedActivity (has extras)} from uid 10035 on display 0
W/InputMethodManagerService(  452): Window already focused, ignoring focus gain of: com.android.internal.view.IInputMethodClient$Stub$Proxy@3a31f58 attribute=null, token = android.os.BinderProxy@393f331c
I/ActivityManager(  452): Start proc 29794:com.android.chrome:sandboxed_process3/u0i99 for service com.android.chrome/org.chromium.content.app.SandboxedProcessService3
I/vgn     ( 1002): 45-xlb -- metadata{ service_id: 0 }
W/dboxed_process3(29794): type=1400 audit(0.0:1274): avc: denied { search } for name="tmp" dev="dm-0" ino=49 scontext=u:r:isolated_app:s0 tcontext=u:object_r:shell_data_file:s0 tclass=dir permissive=0
I/cr_ChildProcessService(29794): Creating new ChildProcessService pid=29794
I/cr_LibraryLoader(29794): Using linker: org.chromium.base.library_loader.LegacyLinker
W/linker  (29794): libchromium_android_linker.so: unused DT entry: type 0x6ffffffe arg 0xce8
W/linker  (29794): libchromium_android_linker.so: unused DT entry: type 0x6fffffff arg 0x3
I/cr_LibraryLoader(29794): Loading chrome from within /data/app/com.android.chrome-2/base.apk
I/cr_LibraryLoader(29794): Time to load native libraries: 74 ms (timestamps 8529-8603)
I/chromium(29794): [INFO:library_loader_hooks.cc(136)] Chromium logging enabled: level = 0, default verbosity = 0
I/cr_LibraryLoader(29794): Expected native library version number "61.0.3163.98", actual native library version number "61.0.3163.98"
I/orc     ( 1002): 28-GetActiveNetworkQuality -- metadata{ service_id: 0 }
W/Wifi    ( 3670): Failed to read packet and byte counts from wifi interface
I/vgn     ( 1002): 45-xlb -- metadata{ service_id: 0 }
I/chromium(29737): [INFO:child_process_service_impl.cc(70)] ChildProcessServiceImpl: Exiting child process.
W/libprocessgroup(  452): failed to open /acct/uid_10035/pid_29737/cgroup.procs: No such file or directory
I/ActivityManager(  452): Process com.android.chrome:sandboxed_process2 (pid 29737) has died
W/ActivityManager(  452): Scheduling restart of crashed service com.android.chrome/org.chromium.content.app.SandboxedProcessService2 in 1000ms
W/chromium(29505): [WARNING:compositor_view.cc(255)] Child process disconnected (type=6) pid=29737)
W/cr_ChildProcessConn(29505): onServiceDisconnected (crash or killed by oom): pid=29737
W/Herrevad( 1002): [2343] wux.b: Invalid mccmnc 
W/Herrevad( 1002): [2343] wux.b: Invalid mccmnc 
W/System.err(24578): android.content.pm.PackageManager$NameNotFoundException
W/System.err(24578): 	at android.app.ApplicationPackageManager.getPackageInfo(ApplicationPackageManager.java:114)
W/System.err(24578): 	at com.estrongs.android.pop.app.c.ai.c(Unknown Source)
W/System.err(24578): 	at com.estrongs.android.pop.app.c.ai.a(Unknown Source)
W/System.err(24578): 	at com.estrongs.android.pop.app.scene.e.q.a(Unknown Source)
W/System.err(24578): 	at com.estrongs.android.scanner.c.m.run(Unknown Source)
W/System.err(24578): 	at java.util.concurrent.ThreadPoolExecutor.runWorker(ThreadPoolExecutor.java:1112)
W/System.err(24578): 	at java.util.concurrent.ThreadPoolExecutor$Worker.run(ThreadPoolExecutor.java:587)
W/System.err(24578): 	at java.lang.Thread.run(Thread.java:818)
W/System.err(24578): android.content.pm.PackageManager$NameNotFoundException
W/System.err(24578): 	at android.app.ApplicationPackageManager.getPackageInfo(ApplicationPackageManager.java:114)
W/System.err(24578): 	at com.estrongs.android.pop.app.c.ai.c(Unknown Source)
W/System.err(24578): 	at com.estrongs.android.pop.app.c.ai.a(Unknown Source)
W/System.err(24578): 	at com.estrongs.android.pop.app.scene.e.q.a(Unknown Source)
W/System.err(24578): 	at com.estrongs.android.scanner.c.m.run(Unknown Source)
W/System.err(24578): 	at java.util.concurrent.ThreadPoolExecutor.runWorker(ThreadPoolExecutor.java:1112)
W/System.err(24578): 	at java.util.concurrent.ThreadPoolExecutor$Worker.run(ThreadPoolExecutor.java:587)
W/System.err(24578): 	at java.lang.Thread.run(Thread.java:818)
W/Wifi    ( 3670): Failed to read packet and byte counts from wifi interface
W/Wifi    ( 3670): Failed to read packet and byte counts from wifi interface
W/Wifi    ( 3670): Failed to read packet and byte counts from wifi interface
W/Wifi    ( 3670): Failed to read packet and byte counts from wifi interface
W/Wifi    ( 3670): Failed to read packet and byte counts from wifi interface
