D/WifiService(  452): acquireWifiLockLocked: WifiLock{NlpWifiLock type=2 binder=android.os.BinderProxy@15acfb7c}
E/WifiStateMachine(  452): WifiStateMachine CMD_START_SCAN source 10008 txSuccessRate=4.45 rxSuccessRate=3.47 targetRoamBSSID=any RSSI=-52
E/WifiStateMachine(  452): WifiStateMachine CMD_START_SCAN source -2 txSuccessRate=2.23 rxSuccessRate=1.73 targetRoamBSSID=any RSSI=-52
E/WifiStateMachine(  452): WifiStateMachine starting scan for "YOU SHALL NOT PASS"WPA_PSK with 2437
W/ctxmgr  (  949): [AclManager]No 2 for (accnt=account#-517948760#, com.google.android.gms(10008):IndoorOutdoorProducer, vrsn=12685000, 0, 3pPkg = null ,  3pMdlId = null ,  pid = 949). Was: 3 for 57, account#-517948760#
D/WifiService(  452): releaseWifiLockLocked: WifiLock{NlpWifiLock type=2 binder=android.os.BinderProxy@15acfb7c}
W/Wifi    ( 3670): Failed to read packet and byte counts from wifi interface
W/Wifi    ( 3670): Failed to read packet and byte counts from wifi interface
W/Wifi    ( 3670): Failed to read packet and byte counts from wifi interface
W/Wifi    ( 3670): Failed to read packet and byte counts from wifi interface
W/Wifi    ( 3670): Failed to read packet and byte counts from wifi interface
W/Wifi    ( 3670): Failed to read packet and byte counts from wifi interface
W/Wifi    ( 3670): Failed to read packet and byte counts from wifi interface
W/Wifi    ( 3670): Failed to read packet and byte counts from wifi interface
W/Wifi    ( 3670): Failed to read packet and byte counts from wifi interface
W/Wifi    ( 3670): Failed to read packet and byte counts from wifi interface
W/Wifi    ( 3670): Failed to read packet and byte counts from wifi interface
W/Wifi    ( 3670): Failed to read packet and byte counts from wifi interface
W/Wifi    ( 3670): Failed to read packet and byte counts from wifi interface
W/Wifi    ( 3670): Failed to read packet and byte counts from wifi interface
I/vgn     (  949): 35-GetDeviceDataUploadOptInStatusOperation -- metadata{ service_id: 0 }
I/vgn     (  949): 35-GetDeviceDataUploadOptInStatusOperation -- metadata{ service_id: 0 }
W/Wifi    ( 3670): Failed to read packet and byte counts from wifi interface
W/Wifi    ( 3670): Failed to read packet and byte counts from wifi interface
W/Wifi    ( 3670): Failed to read packet and byte counts from wifi interface
W/Wifi    ( 3670): Failed to read packet and byte counts from wifi interface
W/Wifi    ( 3670): Failed to read packet and byte counts from wifi interface
W/Wifi    ( 3670): Failed to read packet and byte counts from wifi interface
E/WifiStateMachine(  452): WifiStateMachine CMD_START_SCAN source -2 txSuccessRate=1.45 rxSuccessRate=1.79 targetRoamBSSID=any RSSI=-45
E/WifiStateMachine(  452): WifiStateMachine starting scan for "YOU SHALL NOT PASS"WPA_PSK with 2437
W/Wifi    ( 3670): Failed to read packet and byte counts from wifi interface
W/Wifi    ( 3670): Failed to read packet and byte counts from wifi interface
I/ActivityManager(  452): Start proc 30687:com.android.chrome:sandboxed_process6/u0i115 for service com.android.chrome/org.chromium.content.app.SandboxedProcessService6
W/dboxed_process6(30687): type=1400 audit(0.0:1290): avc: denied { search } for name="tmp" dev="dm-0" ino=49 scontext=u:r:isolated_app:s0 tcontext=u:object_r:shell_data_file:s0 tclass=dir permissive=0
I/cr_ChildProcessService(30687): Creating new ChildProcessService pid=30687
I/cr_LibraryLoader(30687): Using linker: org.chromium.base.library_loader.LegacyLinker
W/linker  (30687): libchromium_android_linker.so: unused DT entry: type 0x6ffffffe arg 0xce8
W/linker  (30687): libchromium_android_linker.so: unused DT entry: type 0x6fffffff arg 0x3
I/cr_LibraryLoader(30687): Loading chrome from within /data/app/com.android.chrome-2/base.apk
I/cr_LibraryLoader(30687): Time to load native libraries: 35 ms (timestamps 3347-3382)
I/chromium(30687): [INFO:library_loader_hooks.cc(136)] Chromium logging enabled: level = 0, default verbosity = 0
I/cr_LibraryLoader(30687): Expected native library version number "61.0.3163.98", actual native library version number "61.0.3163.98"
W/Wifi    ( 3670): Failed to read packet and byte counts from wifi interface
W/Wifi    ( 3670): Failed to read packet and byte counts from wifi interface
W/Wifi    ( 3670): Failed to read packet and byte counts from wifi interface
W/Wifi    ( 3670): Failed to read packet and byte counts from wifi interface
W/Wifi    ( 3670): Failed to read packet and byte counts from wifi interface
I/chromium(30687): [INFO:child_process_service_impl.cc(70)] ChildProcessServiceImpl: Exiting child process.
W/libprocessgroup(  452): failed to open /acct/uid_10035/pid_30687/cgroup.procs: No such file or directory
I/ActivityManager(  452): Process com.android.chrome:sandboxed_process6 (pid 30687) has died
W/ActivityManager(  452): Scheduling restart of crashed service com.android.chrome/org.chromium.content.app.SandboxedProcessService6 in 1000ms
W/chromium(30297): [WARNING:compositor_view.cc(255)] Child process disconnected (type=6) pid=30687)
W/cr_ChildProcessConn(30297): onServiceDisconnected (crash or killed by oom): pid=30687
W/Wifi    ( 3670): Failed to read packet and byte counts from wifi interface
W/Wifi    ( 3670): Failed to read packet and byte counts from wifi interface
W/Wifi    ( 3670): Failed to read packet and byte counts from wifi interface
W/Wifi    ( 3670): Failed to read packet and byte counts from wifi interface
W/Wifi    ( 3670): Failed to read packet and byte counts from wifi interface
W/Wifi    ( 3670): Failed to read packet and byte counts from wifi interface
W/Wifi    ( 3670): Failed to read packet and byte counts from wifi interface
W/Wifi    ( 3670): Failed to read packet and byte counts from wifi interface
W/Wifi    ( 3670): Failed to read packet and byte counts from wifi interface
W/Wifi    ( 3670): Failed to read packet and byte counts from wifi interface
W/Wifi    ( 3670): Failed to read packet and byte counts from wifi interface
W/Wifi    ( 3670): Failed to read packet and byte counts from wifi interface
W/Wifi    ( 3670): Failed to read packet and byte counts from wifi interface
E/WifiStateMachine(  452): WifiStateMachine CMD_START_SCAN source -2 txSuccessRate=1.21 rxSuccessRate=1.65 targetRoamBSSID=any RSSI=-45
E/WifiStateMachine(  452): WifiStateMachine starting scan for "YOU SHALL NOT PASS"WPA_PSK with 2437
W/Wifi    ( 3670): Failed to read packet and byte counts from wifi interface
W/Wifi    ( 3670): Failed to read packet and byte counts from wifi interface
W/Wifi    ( 3670): Failed to read packet and byte counts from wifi interface
W/Wifi    ( 3670): Failed to read packet and byte counts from wifi interface
W/Wifi    ( 3670): Failed to read packet and byte counts from wifi interface
W/Wifi    ( 3670): Failed to read packet and byte counts from wifi interface
W/Wifi    ( 3670): Failed to read packet and byte counts from wifi interface
W/Wifi    ( 3670): Failed to read packet and byte counts from wifi interface
W/Wifi    ( 3670): Failed to read packet and byte counts from wifi interface
W/Wifi    ( 3670): Failed to read packet and byte counts from wifi interface
W/Wifi    ( 3670): Failed to read packet and byte counts from wifi interface
W/Wifi    ( 3670): Failed to read packet and byte counts from wifi interface
I/ActivityManager(  452): Start proc 30705:com.android.chrome:sandboxed_process7/u0i116 for service com.android.chrome/org.chromium.content.app.SandboxedProcessService7
W/dboxed_process7(30705): type=1400 audit(0.0:1291): avc: denied { search } for name="tmp" dev="dm-0" ino=49 scontext=u:r:isolated_app:s0 tcontext=u:object_r:shell_data_file:s0 tclass=dir permissive=0
I/cr_ChildProcessService(30705): Creating new ChildProcessService pid=30705
I/cr_LibraryLoader(30705): Using linker: org.chromium.base.library_loader.LegacyLinker
W/linker  (30705): libchromium_android_linker.so: unused DT entry: type 0x6ffffffe arg 0xce8
W/linker  (30705): libchromium_android_linker.so: unused DT entry: type 0x6fffffff arg 0x3
I/cr_LibraryLoader(30705): Loading chrome from within /data/app/com.android.chrome-2/base.apk
I/cr_LibraryLoader(30705): Time to load native libraries: 37 ms (timestamps 3590-3627)
I/chromium(30705): [INFO:library_loader_hooks.cc(136)] Chromium logging enabled: level = 0, default verbosity = 0
I/cr_LibraryLoader(30705): Expected native library version number "61.0.3163.98", actual native library version number "61.0.3163.98"
W/Wifi    ( 3670): Failed to read packet and byte counts from wifi interface
W/Wifi    ( 3670): Failed to read packet and byte counts from wifi interface
W/Wifi    ( 3670): Failed to read packet and byte counts from wifi interface
W/Wifi    ( 3670): Failed to read packet and byte counts from wifi interface
W/Wifi    ( 3670): Failed to read packet and byte counts from wifi interface
W/Wifi    ( 3670): Failed to read packet and byte counts from wifi interface
I/chromium(30705): [INFO:child_process_service_impl.cc(70)] ChildProcessServiceImpl: Exiting child process.
W/cr_ChildProcessConn(30297): onServiceDisconnected (crash or killed by oom): pid=30705
W/libprocessgroup(  452): failed to open /acct/uid_10035/pid_30705/cgroup.procs: No such file or directory
I/ActivityManager(  452): Process com.android.chrome:sandboxed_process7 (pid 30705) has died
W/ActivityManager(  452): Scheduling restart of crashed service com.android.chrome/org.chromium.content.app.SandboxedProcessService7 in 1000ms
W/chromium(30297): [WARNING:compositor_view.cc(255)] Child process disconnected (type=6) pid=30705)
I/ProcessStatsService(  452): Prepared write state in 3ms
W/Wifi    ( 3670): Failed to read packet and byte counts from wifi interface
W/Wifi    ( 3670): Failed to read packet and byte counts from wifi interface
E/WifiStateMachine(  452): WifiStateMachine CMD_START_SCAN source -2 txSuccessRate=1.97 rxSuccessRate=2.52 targetRoamBSSID=any RSSI=-45
E/WifiStateMachine(  452): WifiStateMachine starting scan for "YOU SHALL NOT PASS"WPA_PSK with 2437
W/Wifi    ( 3670): Failed to read packet and byte counts from wifi interface
W/Wifi    ( 3670): Failed to read packet and byte counts from wifi interface
W/Wifi    ( 3670): Failed to read packet and byte counts from wifi interface
W/Wifi    ( 3670): Failed to read packet and byte counts from wifi interface
W/Wifi    ( 3670): Failed to read packet and byte counts from wifi interface
W/Wifi    ( 3670): Failed to read packet and byte counts from wifi interface
W/Wifi    ( 3670): Failed to read packet and byte counts from wifi interface
W/Wifi    ( 3670): Failed to read packet and byte counts from wifi interface
W/Wifi    ( 3670): Failed to read packet and byte counts from wifi interface
W/Wifi    ( 3670): Failed to read packet and byte counts from wifi interface
W/Wifi    ( 3670): Failed to read packet and byte counts from wifi interface
W/ResourcesManager(24578): Asset path '/system/framework/com.android.media.remotedisplay.jar' does not exist or contains no resources.
W/ResourcesManager(24578): Asset path '/system/framework/com.android.location.provider.jar' does not exist or contains no resources.
W/Wifi    ( 3670): Failed to read packet and byte counts from wifi interface
W/Wifi    ( 3670): Failed to read packet and byte counts from wifi interface
W/Wifi    ( 3670): Failed to read packet and byte counts from wifi interface
I/vgn     (  949): 35-GetDeviceDataUploadOptInStatusOperation -- metadata{ service_id: 0 }
I/vgn     (  949): 35-GetDeviceDataUploadOptInStatusOperation -- metadata{ service_id: 0 }
I/vgn     (  949): 35-GetDeviceDataUploadOptInStatusOperation -- metadata{ service_id: 0 }
I/vgn     (  949): 35-GetDeviceDataUploadOptInStatusOperation -- metadata{ service_id: 0 }
W/Wifi    ( 3670): Failed to read packet and byte counts from wifi interface
W/Wifi    ( 3670): Failed to read packet and byte counts from wifi interface
W/Wifi    ( 3670): Failed to read packet and byte counts from wifi interface
W/Wifi    ( 3670): Failed to read packet and byte counts from wifi interface
W/Wifi    ( 3670): Failed to read packet and byte counts from wifi interface
W/Wifi    ( 3670): Failed to read packet and byte counts from wifi interface
E/WifiStateMachine(  452): WifiStateMachine CMD_START_SCAN source -2 txSuccessRate=2.20 rxSuccessRate=1.26 targetRoamBSSID=any RSSI=-45
E/WifiStateMachine(  452): WifiStateMachine starting scan for "YOU SHALL NOT PASS"WPA_PSK with 2437
W/Wifi    ( 3670): Failed to read packet and byte counts from wifi interface
W/Wifi    ( 3670): Failed to read packet and byte counts from wifi interface
I/ActivityManager(  452): Start proc 30729:com.android.chrome:sandboxed_process8/u0i117 for service com.android.chrome/org.chromium.content.app.SandboxedProcessService8
W/dboxed_process8(30729): type=1400 audit(0.0:1292): avc: denied { search } for name="tmp" dev="dm-0" ino=49 scontext=u:r:isolated_app:s0 tcontext=u:object_r:shell_data_file:s0 tclass=dir permissive=0
I/cr_ChildProcessService(30729): Creating new ChildProcessService pid=30729
I/cr_LibraryLoader(30729): Using linker: org.chromium.base.library_loader.LegacyLinker
W/linker  (30729): libchromium_android_linker.so: unused DT entry: type 0x6ffffffe arg 0xce8
W/linker  (30729): libchromium_android_linker.so: unused DT entry: type 0x6fffffff arg 0x3
I/cr_LibraryLoader(30729): Loading chrome from within /data/app/com.android.chrome-2/base.apk
I/cr_LibraryLoader(30729): Time to load native libraries: 36 ms (timestamps 3344-3380)
I/chromium(30729): [INFO:library_loader_hooks.cc(136)] Chromium logging enabled: level = 0, default verbosity = 0
I/cr_LibraryLoader(30729): Expected native library version number "61.0.3163.98", actual native library version number "61.0.3163.98"
W/Wifi    ( 3670): Failed to read packet and byte counts from wifi interface
W/Wifi    ( 3670): Failed to read packet and byte counts from wifi interface
W/Wifi    ( 3670): Failed to read packet and byte counts from wifi interface
W/Wifi    ( 3670): Failed to read packet and byte counts from wifi interface
W/Wifi    ( 3670): Failed to read packet and byte counts from wifi interface
I/chromium(30729): [INFO:child_process_service_impl.cc(70)] ChildProcessServiceImpl: Exiting child process.
W/libprocessgroup(  452): failed to open /acct/uid_10035/pid_30729/cgroup.procs: No such file or directory
I/ActivityManager(  452): Process com.android.chrome:sandboxed_process8 (pid 30729) has died
W/ActivityManager(  452): Scheduling restart of crashed service com.android.chrome/org.chromium.content.app.SandboxedProcessService8 in 1000ms
W/chromium(30297): [WARNING:compositor_view.cc(255)] Child process disconnected (type=6) pid=30729)
W/cr_ChildProcessConn(30297): onServiceDisconnected (crash or killed by oom): pid=30729
W/Wifi    ( 3670): Failed to read packet and byte counts from wifi interface
W/Wifi    ( 3670): Failed to read packet and byte counts from wifi interface
W/Wifi    ( 3670): Failed to read packet and byte counts from wifi interface
W/Wifi    ( 3670): Failed to read packet and byte counts from wifi interface
W/Wifi    ( 3670): Failed to read packet and byte counts from wifi interface
W/Wifi    ( 3670): Failed to read packet and byte counts from wifi interface
W/Wifi    ( 3670): Failed to read packet and byte counts from wifi interface
W/Wifi    ( 3670): Failed to read packet and byte counts from wifi interface
W/Wifi    ( 3670): Failed to read packet and byte counts from wifi interface
W/Wifi    ( 3670): Failed to read packet and byte counts from wifi interface
W/Wifi    ( 3670): Failed to read packet and byte counts from wifi interface
W/Wifi    ( 3670): Failed to read packet and byte counts from wifi interface
W/Wifi    ( 3670): Failed to read packet and byte counts from wifi interface
E/WifiStateMachine(  452): WifiStateMachine CMD_START_SCAN source -2 txSuccessRate=1.29 rxSuccessRate=1.69 targetRoamBSSID=any RSSI=-44
E/WifiStateMachine(  452): WifiStateMachine starting scan for "YOU SHALL NOT PASS"WPA_PSK with 2437
W/Wifi    ( 3670): Failed to read packet and byte counts from wifi interface
W/Wifi    ( 3670): Failed to read packet and byte counts from wifi interface
W/Wifi    ( 3670): Failed to read packet and byte counts from wifi interface
W/Wifi    ( 3670): Failed to read packet and byte counts from wifi interface
W/Wifi    ( 3670): Failed to read packet and byte counts from wifi interface
W/Wifi    ( 3670): Failed to read packet and byte counts from wifi interface
W/Wifi    ( 3670): Failed to read packet and byte counts from wifi interface
W/Wifi    ( 3670): Failed to read packet and byte counts from wifi interface
W/Wifi    ( 3670): Failed to read packet and byte counts from wifi interface
W/Wifi    ( 3670): Failed to read packet and byte counts from wifi interface
W/Wifi    ( 3670): Failed to read packet and byte counts from wifi interface
W/Wifi    ( 3670): Failed to read packet and byte counts from wifi interface
I/ActivityManager(  452): Start proc 30747:com.android.chrome:sandboxed_process9/u0i118 for service com.android.chrome/org.chromium.content.app.SandboxedProcessService9
W/dboxed_process9(30747): type=1400 audit(0.0:1293): avc: denied { search } for name="tmp" dev="dm-0" ino=49 scontext=u:r:isolated_app:s0 tcontext=u:object_r:shell_data_file:s0 tclass=dir permissive=0
I/cr_ChildProcessService(30747): Creating new ChildProcessService pid=30747
I/cr_LibraryLoader(30747): Using linker: org.chromium.base.library_loader.LegacyLinker
W/linker  (30747): libchromium_android_linker.so: unused DT entry: type 0x6ffffffe arg 0xce8
W/linker  (30747): libchromium_android_linker.so: unused DT entry: type 0x6fffffff arg 0x3
I/cr_LibraryLoader(30747): Loading chrome from within /data/app/com.android.chrome-2/base.apk
W/Wifi    ( 3670): Failed to read packet and byte counts from wifi interface
I/cr_LibraryLoader(30747): Time to load native libraries: 39 ms (timestamps 3643-3682)
I/chromium(30747): [INFO:library_loader_hooks.cc(136)] Chromium logging enabled: level = 0, default verbosity = 0
I/cr_LibraryLoader(30747): Expected native library version number "61.0.3163.98", actual native library version number "61.0.3163.98"
W/Wifi    ( 3670): Failed to read packet and byte counts from wifi interface
W/Wifi    ( 3670): Failed to read packet and byte counts from wifi interface
W/Wifi    ( 3670): Failed to read packet and byte counts from wifi interface
W/Wifi    ( 3670): Failed to read packet and byte counts from wifi interface
W/Wifi    ( 3670): Failed to read packet and byte counts from wifi interface
I/chromium(30747): [INFO:child_process_service_impl.cc(70)] ChildProcessServiceImpl: Exiting child process.
W/chromium(30297): [WARNING:compositor_view.cc(255)] Child process disconnected (type=6) pid=30747)
W/cr_ChildProcessConn(30297): onServiceDisconnected (crash or killed by oom): pid=30747
W/libprocessgroup(  452): failed to open /acct/uid_10035/pid_30747/cgroup.procs: No such file or directory
I/ActivityManager(  452): Process com.android.chrome:sandboxed_process9 (pid 30747) has died
W/ActivityManager(  452): Scheduling restart of crashed service com.android.chrome/org.chromium.content.app.SandboxedProcessService9 in 1000ms
E/tegra_memtrack_hal(  452): failed to read header for pid 452: Operation not permitted
E/tegra_memtrack_hal(  452): failed to read header for pid 452: Operation not permitted
E/tegra_memtrack_hal(  452): failed to read header for pid 452: Operation not permitted
E/tegra_memtrack_hal(  452): failed to read header for pid 452: Operation not permitted
E/tegra_memtrack_hal(  452): failed to read header for pid 452: Operation not permitted
W/Wifi    ( 3670): Failed to read packet and byte counts from wifi interface
W/Wifi    ( 3670): Failed to read packet and byte counts from wifi interface
E/WifiStateMachine(  452): WifiStateMachine CMD_START_SCAN source -2 txSuccessRate=4.14 rxSuccessRate=3.78 targetRoamBSSID=any RSSI=-43
E/WifiStateMachine(  452): WifiStateMachine starting scan for "YOU SHALL NOT PASS"WPA_PSK with 2437
W/Wifi    ( 3670): Failed to read packet and byte counts from wifi interface
W/Wifi    ( 3670): Failed to read packet and byte counts from wifi interface
W/Wifi    ( 3670): Failed to read packet and byte counts from wifi interface
W/Wifi    ( 3670): Failed to read packet and byte counts from wifi interface
W/Wifi    ( 3670): Failed to read packet and byte counts from wifi interface
W/Wifi    ( 3670): Failed to read packet and byte counts from wifi interface
W/Wifi    ( 3670): Failed to read packet and byte counts from wifi interface
W/Wifi    ( 3670): Failed to read packet and byte counts from wifi interface
W/Wifi    ( 3670): Failed to read packet and byte counts from wifi interface
W/Wifi    ( 3670): Failed to read packet and byte counts from wifi interface
W/Wifi    ( 3670): Failed to read packet and byte counts from wifi interface
W/Wifi    ( 3670): Failed to read packet and byte counts from wifi interface
W/Wifi    ( 3670): Failed to read packet and byte counts from wifi interface
W/Wifi    ( 3670): Failed to read packet and byte counts from wifi interface
I/vgn     (  949): 35-GetDeviceDataUploadOptInStatusOperation -- metadata{ service_id: 0 }
I/vgn     (  949): 35-GetDeviceDataUploadOptInStatusOperation -- metadata{ service_id: 0 }
W/Wifi    ( 3670): Failed to read packet and byte counts from wifi interface
W/Wifi    ( 3670): Failed to read packet and byte counts from wifi interface
W/Wifi    ( 3670): Failed to read packet and byte counts from wifi interface
W/Wifi    ( 3670): Failed to read packet and byte counts from wifi interface
W/Wifi    ( 3670): Failed to read packet and byte counts from wifi interface
W/Wifi    ( 3670): Failed to read packet and byte counts from wifi interface
E/WifiStateMachine(  452): WifiStateMachine CMD_START_SCAN source -2 txSuccessRate=0.52 rxSuccessRate=0.58 targetRoamBSSID=any RSSI=-45
E/WifiStateMachine(  452): WifiStateMachine starting scan for "YOU SHALL NOT PASS"WPA_PSK with 2437
W/Wifi    ( 3670): Failed to read packet and byte counts from wifi interface
W/Wifi    ( 3670): Failed to read packet and byte counts from wifi interface
I/ActivityManager(  452): Start proc 30768:com.android.chrome:sandboxed_process10/u0i119 for service com.android.chrome/org.chromium.content.app.SandboxedProcessService10
I/art     (  211): Explicit concurrent mark sweep GC freed 702(30KB) AllocSpace objects, 0(0B) LOS objects, 39% free, 7MB/11MB, paused 806us total 28.555ms
I/art     (  211): Explicit concurrent mark sweep GC freed 7(240B) AllocSpace objects, 0(0B) LOS objects, 39% free, 7MB/11MB, paused 673us total 28.647ms
W/boxed_process10(30768): type=1400 audit(0.0:1294): avc: denied { search } for name="tmp" dev="dm-0" ino=49 scontext=u:r:isolated_app:s0 tcontext=u:object_r:shell_data_file:s0 tclass=dir permissive=0
I/cr_ChildProcessService(30768): Creating new ChildProcessService pid=30768
I/art     (  211): Explicit concurrent mark sweep GC freed 5(160B) AllocSpace objects, 0(0B) LOS objects, 39% free, 7MB/11MB, paused 211us total 14.150ms
I/cr_LibraryLoader(30768): Using linker: org.chromium.base.library_loader.LegacyLinker
W/linker  (30768): libchromium_android_linker.so: unused DT entry: type 0x6ffffffe arg 0xce8
W/linker  (30768): libchromium_android_linker.so: unused DT entry: type 0x6fffffff arg 0x3
I/cr_LibraryLoader(30768): Loading chrome from within /data/app/com.android.chrome-2/base.apk
I/cr_LibraryLoader(30768): Time to load native libraries: 34 ms (timestamps 3438-3472)
I/chromium(30768): [INFO:library_loader_hooks.cc(136)] Chromium logging enabled: level = 0, default verbosity = 0
I/cr_LibraryLoader(30768): Expected native library version number "61.0.3163.98", actual native library version number "61.0.3163.98"
W/Wifi    ( 3670): Failed to read packet and byte counts from wifi interface
W/Wifi    ( 3670): Failed to read packet and byte counts from wifi interface
W/Wifi    ( 3670): Failed to read packet and byte counts from wifi interface
W/Wifi    ( 3670): Failed to read packet and byte counts from wifi interface
W/Wifi    ( 3670): Failed to read packet and byte counts from wifi interface
I/chromium(30768): [INFO:child_process_service_impl.cc(70)] ChildProcessServiceImpl: Exiting child process.
W/chromium(30297): [WARNING:compositor_view.cc(255)] Child process disconnected (type=6) pid=30768)
W/cr_ChildProcessConn(30297): onServiceDisconnected (crash or killed by oom): pid=30768
W/libprocessgroup(  452): failed to open /acct/uid_10035/pid_30768/cgroup.procs: No such file or directory
I/ActivityManager(  452): Process com.android.chrome:sandboxed_process10 (pid 30768) has died
W/ActivityManager(  452): Scheduling restart of crashed service com.android.chrome/org.chromium.content.app.SandboxedProcessService10 in 1000ms
W/Wifi    ( 3670): Failed to read packet and byte counts from wifi interface
W/Wifi    ( 3670): Failed to read packet and byte counts from wifi interface
W/Wifi    ( 3670): Failed to read packet and byte counts from wifi interface
W/Wifi    ( 3670): Failed to read packet and byte counts from wifi interface
W/Wifi    ( 3670): Failed to read packet and byte counts from wifi interface
W/Wifi    ( 3670): Failed to read packet and byte counts from wifi interface
W/Wifi    ( 3670): Failed to read packet and byte counts from wifi interface
W/Wifi    ( 3670): Failed to read packet and byte counts from wifi interface
W/Wifi    ( 3670): Failed to read packet and byte counts from wifi interface
W/Wifi    ( 3670): Failed to read packet and byte counts from wifi interface
W/Wifi    ( 3670): Failed to read packet and byte counts from wifi interface
W/Wifi    ( 3670): Failed to read packet and byte counts from wifi interface
W/Wifi    ( 3670): Failed to read packet and byte counts from wifi interface
E/WifiStateMachine(  452): WifiStateMachine CMD_START_SCAN source -2 txSuccessRate=1.16 rxSuccessRate=1.59 targetRoamBSSID=any RSSI=-42
E/WifiStateMachine(  452): WifiStateMachine starting scan for "YOU SHALL NOT PASS"WPA_PSK with 2437
W/Wifi    ( 3670): Failed to read packet and byte counts from wifi interface
W/Wifi    ( 3670): Failed to read packet and byte counts from wifi interface
W/Wifi    ( 3670): Failed to read packet and byte counts from wifi interface
W/Wifi    ( 3670): Failed to read packet and byte counts from wifi interface
W/Wifi    ( 3670): Failed to read packet and byte counts from wifi interface
W/Wifi    ( 3670): Failed to read packet and byte counts from wifi interface
W/Wifi    ( 3670): Failed to read packet and byte counts from wifi interface
W/Wifi    ( 3670): Failed to read packet and byte counts from wifi interface
W/Wifi    ( 3670): Failed to read packet and byte counts from wifi interface
W/Wifi    ( 3670): Failed to read packet and byte counts from wifi interface
W/Wifi    ( 3670): Failed to read packet and byte counts from wifi interface
W/Wifi    ( 3670): Failed to read packet and byte counts from wifi interface
W/Wifi    ( 3670): Failed to read packet and byte counts from wifi interface
W/Wifi    ( 3670): Failed to read packet and byte counts from wifi interface
W/Wifi    ( 3670): Failed to read packet and byte counts from wifi interface
W/Wifi    ( 3670): Failed to read packet and byte counts from wifi interface
W/Wifi    ( 3670): Failed to read packet and byte counts from wifi interface
W/Wifi    ( 3670): Failed to read packet and byte counts from wifi interface
W/Wifi    ( 3670): Failed to read packet and byte counts from wifi interface
W/Wifi    ( 3670): Failed to read packet and byte counts from wifi interface
E/WifiStateMachine(  452): WifiStateMachine CMD_START_SCAN source -2 txSuccessRate=7.02 rxSuccessRate=7.40 targetRoamBSSID=any RSSI=-43
W/Wifi    ( 3670): Failed to read packet and byte counts from wifi interface
W/ctxmgr  (  949): [AclManager]No 2 for (accnt=account#-517948760#, com.google.android.gms(10008):IndoorOutdoorProducer, vrsn=12685000, 0, 3pPkg = null ,  3pMdlId = null ,  pid = 949). Was: 3 for 57, account#-517948760#
W/Wifi    ( 3670): Failed to read packet and byte counts from wifi interface
W/Wifi    ( 3670): Failed to read packet and byte counts from wifi interface
W/Wifi    ( 3670): Failed to read packet and byte counts from wifi interface
D/AndroidRuntime(30796): >>>>>> START com.android.internal.os.RuntimeInit uid 2000 <<<<<<
D/AndroidRuntime(30796): CheckJNI is OFF
W/Wifi    ( 3670): Failed to read packet and byte counts from wifi interface
D/AndroidRuntime(30796): Calling main entry com.android.commands.am.Am
I/Trepn   (28628): Trepn 6.2s: Received intent: com.quicinc.trepn.stop_profiling
I/Trepn   (28628): Trepn 6.2s: Trepn has Stopped Profiling.
D/AndroidRuntime(30796): Shutting down VM
D/AndroidRuntime(30821): >>>>>> START com.android.internal.os.RuntimeInit uid 2000 <<<<<<
D/AndroidRuntime(30821): CheckJNI is OFF
W/Wifi    ( 3670): Failed to read packet and byte counts from wifi interface
D/AndroidRuntime(30821): Calling main entry com.android.commands.am.Am
I/ActivityManager(  452): Force stopping com.android.chrome appid=10035 user=0: from pid 30821
I/ActivityManager(  452): Killing 30368:com.android.chrome:privileged_process0/u0a35 (adj 0): stop com.android.chrome
W/cr_ChildProcessConn(30297): onServiceDisconnected (crash or killed by oom): pid=30368
W/chromium(30297): [WARNING:compositor_view.cc(255)] Child process disconnected (type=9) pid=30368)
W/ActivityManager(  452): Scheduling restart of crashed service com.android.chrome/org.chromium.content.app.PrivilegedProcessService0 in 1000ms
I/ActivityManager(  452): Killing 30297:com.android.chrome/u0a35 (adj 0): stop com.android.chrome
D/ConnectivityService(  452): ConnectivityService NetworkRequestInfo binderDied(NetworkRequest [ id=793, legacyType=-1, [ Capabilities: INTERNET&NOT_RESTRICTED&TRUSTED] ], android.os.BinderProxy@3b8fb91f)
D/ConnectivityService(  452): releasing NetworkRequest NetworkRequest [ id=793, legacyType=-1, [ Capabilities: INTERNET&NOT_RESTRICTED&TRUSTED] ]
I/WindowState(  452): WIN DEATH: Window{d8db6c1 u0 com.android.chrome/org.chromium.chrome.browser.ChromeTabbedActivity}
W/WindowManager(  452): Force-removing child win Window{25a787c0 u0 SurfaceView} from container Window{d8db6c1 u0 com.android.chrome/org.chromium.chrome.browser.ChromeTabbedActivity}
E/ConnectivityService(  452): RemoteException caught trying to send a callback msg for NetworkRequest [ id=793, legacyType=-1, [ Capabilities: INTERNET&NOT_RESTRICTED&TRUSTED] ]
D/ConnectivityService(  452): ConnectivityService NetworkRequestInfo binderDied(NetworkRequest [ id=796, legacyType=-1, [ Capabilities: INTERNET&NOT_RESTRICTED&TRUSTED] ], android.os.BinderProxy@3393746c)
D/ConnectivityService(  452): releasing NetworkRequest NetworkRequest [ id=796, legacyType=-1, [ Capabilities: INTERNET&NOT_RESTRICTED&TRUSTED] ]
E/ConnectivityService(  452): RemoteException caught trying to send a callback msg for NetworkRequest [ id=796, legacyType=-1, [ Capabilities: INTERNET&NOT_RESTRICTED&TRUSTED] ]
W/WindowManager(  452): Failed looking up window
W/WindowManager(  452): java.lang.IllegalArgumentException: Requested window android.os.BinderProxy@3aed7543 does not exist
W/WindowManager(  452): 	at com.android.server.wm.WindowManagerService.windowForClientLocked(WindowManagerService.java:8539)
W/WindowManager(  452): 	at com.android.server.wm.WindowManagerService.windowForClientLocked(WindowManagerService.java:8530)
W/WindowManager(  452): 	at com.android.server.wm.WindowState$DeathRecipient.binderDied(WindowState.java:1142)
W/WindowManager(  452): 	at android.os.BinderProxy.sendDeathNotice(Binder.java:551)
I/WindowState(  452): WIN DEATH: null
E/lowmemorykiller(  150): Error opening /proc/30440/oom_score_adj; errno=2
W/ActivityManager(  452): Exception when unbinding service com.android.chrome/org.chromium.content.app.SandboxedProcessService0
W/ActivityManager(  452): android.os.DeadObjectException
W/ActivityManager(  452): 	at android.os.BinderProxy.transactNative(Native Method)
W/ActivityManager(  452): 	at android.os.BinderProxy.transact(Binder.java:496)
W/ActivityManager(  452): 	at android.app.ApplicationThreadProxy.scheduleUnbindService(ApplicationThreadNative.java:921)
W/ActivityManager(  452): 	at com.android.server.am.ActiveServices.removeConnectionLocked(ActiveServices.java:1795)
W/ActivityManager(  452): 	at com.android.server.am.ActiveServices.killServicesLocked(ActiveServices.java:2193)
W/ActivityManager(  452): 	at com.android.server.am.ActivityManagerService.cleanUpApplicationRecordLocked(ActivityManagerService.java:14895)
W/ActivityManager(  452): 	at com.android.server.am.ActivityManagerService.handleAppDiedLocked(ActivityManagerService.java:4552)
W/ActivityManager(  452): 	at com.android.server.am.ActivityManagerService.removeProcessLocked(ActivityManagerService.java:5789)
W/ActivityManager(  452): 	at com.android.server.am.ActivityManagerService.killPackageProcessesLocked(ActivityManagerService.java:5594)
W/ActivityManager(  452): 	at com.android.server.am.ActivityManagerService.forceStopPackageLocked(ActivityManagerService.java:5655)
W/ActivityManager(  452): 	at com.android.server.am.ActivityManagerService.forceStopPackageLocked(ActivityManagerService.java:5499)
W/ActivityManager(  452): 	at com.android.server.am.ActivityManagerService.forceStopPackage(ActivityManagerService.java:5309)
W/ActivityManager(  452): 	at android.app.ActivityManagerNative.onTransact(ActivityManagerNative.java:1461)
W/ActivityManager(  452): 	at com.android.server.am.ActivityManagerService.onTransact(ActivityManagerService.java:2208)
W/ActivityManager(  452): 	at android.os.Binder.execTransact(Binder.java:446)
E/lowmemorykiller(  150): Error opening /proc/30440/oom_score_adj; errno=2
E/lowmemorykiller(  150): Error opening /proc/30591/oom_score_adj; errno=2
E/lowmemorykiller(  150): Error opening /proc/30591/oom_score_adj; errno=2
W/ActivityManager(  452): Exception when unbinding service com.android.chrome/org.chromium.content.app.SandboxedProcessService3
W/ActivityManager(  452): android.os.DeadObjectException
W/ActivityManager(  452): 	at android.os.BinderProxy.transactNative(Native Method)
W/ActivityManager(  452): 	at android.os.BinderProxy.transact(Binder.java:496)
W/ActivityManager(  452): 	at android.app.ApplicationThreadProxy.scheduleUnbindService(ApplicationThreadNative.java:921)
W/ActivityManager(  452): 	at com.android.server.am.ActiveServices.removeConnectionLocked(ActiveServices.java:1795)
W/ActivityManager(  452): 	at com.android.server.am.ActiveServices.killServicesLocked(ActiveServices.java:2193)
W/ActivityManager(  452): 	at com.android.server.am.ActivityManagerService.cleanUpApplicationRecordLocked(ActivityManagerService.java:14895)
W/ActivityManager(  452): 	at com.android.server.am.ActivityManagerService.handleAppDiedLocked(ActivityManagerService.java:4552)
W/ActivityManager(  452): 	at com.android.server.am.ActivityManagerService.removeProcessLocked(ActivityManagerService.java:5789)
W/ActivityManager(  452): 	at com.android.server.am.ActivityManagerService.killPackageProcessesLocked(ActivityManagerService.java:5594)
W/ActivityManager(  452): 	at com.android.server.am.ActivityManagerService.forceStopPackageLocked(ActivityManagerService.java:5655)
W/ActivityManager(  452): 	at com.android.server.am.ActivityManagerService.forceStopPackageLocked(ActivityManagerService.java:5499)
W/ActivityManager(  452): 	at com.android.server.am.ActivityManagerService.forceStopPackage(ActivityManagerService.java:5309)
W/ActivityManager(  452): 	at android.app.ActivityManagerNative.onTransact(ActivityManagerNative.java:1461)
W/ActivityManager(  452): 	at com.android.server.am.ActivityManagerService.onTransact(ActivityManagerService.java:2208)
W/ActivityManager(  452): 	at android.os.Binder.execTransact(Binder.java:446)
I/ActivityManager(  452): Killing 30440:com.android.chrome:sandboxed_process0/u0a35i109 (adj 9): isolated not needed
W/libprocessgroup(  452): failed to open /acct/uid_10035/pid_30440/cgroup.procs: No such file or directory
E/lowmemorykiller(  150): Error opening /proc/30591/oom_score_adj; errno=2
W/ActivityManager(  452): Force removing ActivityRecord{8c3fede u0 com.android.chrome/org.chromium.chrome.browser.ChromeTabbedActivity t13057}: app died, no saved state
I/ActivityManager(  452): Killing 30591:com.android.chrome:sandboxed_process3/u0a35i112 (adj 9): isolated not needed
E/lowmemorykiller(  150): Error opening /proc/30591/oom_score_adj; errno=2
W/libprocessgroup(  452): failed to open /acct/uid_10035/pid_30591/cgroup.procs: No such file or directory
D/AndroidRuntime(30821): Shutting down VM
W/ActivityManager(  452): Spurious death for ProcessRecord{3849bb92 30368:com.android.chrome:privileged_process0/u0a35}, curProc for 30368: null
W/ActivityManager(  452): Unbind failed: could not find connection for android.os.BinderProxy@28f9a80b
W/ActivityManager(  452): Spurious death for ProcessRecord{1684d059 30297:com.android.chrome/u0a35}, curProc for 30297: null
W/InputMethodManagerService(  452): Got RemoteException sending setActive(false) notification to pid 30297 uid 10035
I/art     (  452): Explicit concurrent mark sweep GC freed 303139(13MB) AllocSpace objects, 3(68KB) LOS objects, 33% free, 29MB/44MB, paused 585us total 113.684ms
W/SessionLifecycleManager( 9797): Handover failed. Creating new session controller.
D/BluetoothAdapter( 9797): 187978726: getState() :  mService = null. Returning STATE_OFF
D/BluetoothAdapter( 9797): 187978726: getState() :  mService = null. Returning STATE_OFF
I/VoiceSearchSettings( 9797): Hotword upgrade key is null!
I/OptInState( 9797): There is a new client and it does not support opt-in. Dropping request.
W/LocationOracle( 9797): No location history returned by ContextManager
I/MicroDetectionWorker( 9797): #updateMicroDetector [detectionMode: [mDetectionMode: [1]]]
I/MicroDetectionWorker( 9797): #startMicroDetector [speakerMode: 0]
D/BluetoothAdapter( 9797): 187978726: getState() :  mService = null. Returning STATE_OFF
D/BluetoothAdapter( 9797): 187978726: getState() :  mService = null. Returning STATE_OFF
I/VoiceSearchSettings( 9797): Hotword upgrade key is null!
D/BluetoothAdapter( 9797): 187978726: getState() :  mService = null. Returning STATE_OFF
I/VoiceSearchSettings( 9797): Hotword upgrade key is null!
D/BluetoothAdapter( 9797): 187978726: getState() :  mService = null. Returning STATE_OFF
I/MicroRecognitionRunner( 9797): Starting detection.
I/MicroDetectionWorker( 9797): onReady
I/MicrophoneInputStream( 9797): mic_starting com.google.android.apps.gsa.speech.audio.af@20ae63ca
I/SoundTriggerHwService::Module(  205): void android::SoundTriggerHwService::Module::onCallbackEvent(const android::sp<android::SoundTriggerHwService::CallbackEvent>&) mClient == 0
I/AudioFlinger(  205): AudioFlinger's thread 0xab85d3e8 ready to run
I/MicrophoneInputStream( 9797): mic_started com.google.android.apps.gsa.speech.audio.af@20ae63ca
W/Wifi    ( 3670): Failed to read packet and byte counts from wifi interface
D/AndroidRuntime(30834): >>>>>> START com.android.internal.os.RuntimeInit uid 2000 <<<<<<
D/AndroidRuntime(30834): CheckJNI is OFF
I/art     (  949): Explicit concurrent mark sweep GC freed 162858(6MB) AllocSpace objects, 1(20KB) LOS objects, 34% free, 30MB/46MB, paused 613us total 177.291ms
W/ctxmgr  (  949): [AclManager]No 3 for (accnt=account#-517948760#, com.google.android.gms(10008):UserVelocityProducer, vrsn=12685011, 0, 3pPkg = null ,  3pMdlId = null ,  pid = 949). Was: 3 for 1, account#-517948760#
E/SQLiteLog(  949): (2067) abort at 35 in [INSERT INTO context(context_name,end_time,context_family,module_id,version,sync_state_mod_time_millis,start_time,sync_state,context_id,time_type,proto_blob) VALUES (?,?,?,?,?,?,?,?,?,?,?)]: UNI
E/SQLiteLog(  949): (2067) abort at 35 in [INSERT INTO context(context_name,end_time,context_family,module_id,version,sync_state_mod_time_millis,start_time,sync_state,context_id,time_type,proto_blob) VALUES (?,?,?,?,?,?,?,?,?,?,?)]: UNI
E/SQLiteLog(  949): (2067) abort at 35 in [INSERT INTO context(context_name,end_time,context_family,module_id,version,sync_state_mod_time_millis,start_time,sync_state,context_id,time_type,proto_blob) VALUES (?,?,?,?,?,?,?,?,?,?,?)]: UNI
I/MicroDetectionWorker( 9797): onReady
W/OpenGLRenderer(31073): Incorrectly called buildLayer on View: ShortcutAndWidgetContainer, destroying layer...
I/vgn     (  949): 67-RequestPlaceUpdates -- metadata{ service_id: 0 }
I/GeofencerStateMachine(  949): removeGeofences: removeRequest=RemoveGeofencingRequest[REMOVE_BY_PENDING_INTENT pendingIntent=PendingIntent[creatorPackage=com.google.android.gms], packageName=null]
I/GeofencerStateMachine(  949): removeGeofences: removeRequest=RemoveGeofencingRequest[REMOVE_BY_PENDING_INTENT pendingIntent=PendingIntent[creatorPackage=com.google.android.gms], packageName=null]
I/PlaceInferenceEngine(  949): [anon] Changed inference mode: 0
W/System.err(24578): android.content.pm.PackageManager$NameNotFoundException
W/System.err(24578): 	at android.app.ApplicationPackageManager.getPackageInfo(ApplicationPackageManager.java:114)
W/System.err(24578): 	at com.estrongs.android.pop.app.c.ai.c(Unknown Source)
W/System.err(24578): 	at com.estrongs.android.pop.app.c.ai.a(Unknown Source)
W/System.err(24578): 	at com.estrongs.android.pop.app.scene.e.q.a(Unknown Source)
W/System.err(24578): 	at com.estrongs.android.scanner.c.m.run(Unknown Source)
W/System.err(24578): 	at java.util.concurrent.ThreadPoolExecutor.runWorker(ThreadPoolExecutor.java:1112)
W/System.err(24578): 	at java.util.concurrent.ThreadPoolExecutor$Worker.run(ThreadPoolExecutor.java:587)
W/System.err(24578): 	at java.lang.Thread.run(Thread.java:818)
W/ctxmgr  (  949): [AclManager]No 2 for (accnt=account#1813920180#, com.google.android.gms(10008):UserLocationProducer, vrsn=12685000, 0, 3pPkg = null ,  3pMdlId = null ,  pid = 949). Was: 2 for 1, account#1813920180#
W/ctxmgr  (  949): [AclManager]No 2 for (accnt=account#1644684176#, com.google.android.gms(10008):UserLocationProducer, vrsn=12685000, 0, 3pPkg = null ,  3pMdlId = null ,  pid = 949). Was: 2 for 1, account#1644684176#
I/vgn     (  949): 67-RequestPlaceUpdates -- metadata{ service_id: 0 }
I/Places  (  949): ?: PlacesBleScanner start() with priority 2
I/PlaceInferenceEngine(  949): [anon] Changed inference mode: 1
I/Places  (  949): Converted 11 out of 17 WiFi scans
D/BluetoothAdapter(  949): 971511765: getState() :  mService = null. Returning STATE_OFF
I/BeaconBle(  949): Using BLE 'L' hardware layer
I/PlaceInferenceEngine(  949): [anon] Changed inference mode: 1
I/BeaconBle(  949): Client requested scan, settings=BleSettings [scanMode=ZERO_POWER, callbackType=ALL_MATCHES, reportDelayMillis=0, 1 filters, 0 clients, callingClientName=Places]
E/BeaconBle(  949): Scan couldn't start for Places
W/Places  (  949): BLE failure while scanning - code 5
I/PlaceInferenceEngine(  949): No beacon scan available - ignoring candidates.
D/AndroidRuntime(30834): Calling main entry com.android.commands.pm.Pm
I/ActivityManager(  452): Force stopping com.android.chrome appid=10035 user=0: clear data
I/GeofencerStateMachine(  949): removeGeofences: removeRequest=RemoveGeofencingRequest[REMOVE_ALL packageName=com.android.chrome]
D/TaskPersister(  452): removeObsoleteFile: deleting file=13057_task.xml
D/TaskPersister(  452): removeObsoleteFile: deleting file=13057_task_thumbnail.png
D/Documents(29324): Update found 8 roots in 28ms
I/LocationSettingsChecker( 1002): Removing dialog suppression flag for package com.android.chrome
I/art     (30834): System.exit called, status: 0
I/AndroidRuntime(30834): VM exiting with result code 0.
I/Icing   ( 1002): doRemovePackageData com.android.chrome
I/Icing   ( 1002): Removing corpus key 94FBE96EEF13B8AC56FE8C01687FD8A6012559AC for package com.android.chrome
I/Icing   ( 1002): Flash index sort hb 9 prefix-hits 41 -> 33 at 8.220ms
I/Icing   ( 1002): updateResources: need to parse xax{com.android.chrome}
I/Icing   ( 1002): Indexing 94FBE96EEF13B8AC56FE8C01687FD8A6012559AC from com.android.chrome
W/Wifi    ( 3670): Failed to read packet and byte counts from wifi interface
I/ActivityManager(  452): Start proc 30873:com.android.chrome/u0a35 for content provider com.android.chrome/com.google.android.apps.chrome.icing.IcingProvider
W/DynamiteModule(30873): Local module descriptor class for com.google.android.gms.googlecertificates not found.
I/DynamiteModule(30873): Considering local module com.google.android.gms.googlecertificates:0 and remote module com.google.android.gms.googlecertificates:4
I/DynamiteModule(30873): Selected remote version of com.google.android.gms.googlecertificates, version >= 4
W/ResourcesManager(30873): Asset path '/system/framework/com.android.media.remotedisplay.jar' does not exist or contains no resources.
W/ResourcesManager(30873): Asset path '/system/framework/com.android.location.provider.jar' does not exist or contains no resources.
I/Icing   ( 1002): Indexing done 94FBE96EEF13B8AC56FE8C01687FD8A6012559AC
W/ctxmgr  (  949): [AclManager]No 2 for (accnt=account#-517948760#, com.google.android.gms(10008):PlacesProducer, vrsn=12685000, 0, 3pPkg = null ,  3pMdlId = null ,  pid = 949). Was: 3 for 18, account#-517948760#
W/Wifi    ( 3670): Failed to read packet and byte counts from wifi interface
W/Wifi    ( 3670): Failed to read packet and byte counts from wifi interface
W/Wifi    ( 3670): Failed to read packet and byte counts from wifi interface
D/AndroidRuntime(30907): >>>>>> START com.android.internal.os.RuntimeInit uid 2000 <<<<<<
D/AndroidRuntime(30907): CheckJNI is OFF
D/AndroidRuntime(30907): Calling main entry com.android.commands.am.Am
I/Trepn   (28628): Trepn 6.2s: Received intent: com.quicinc.trepn.export_to_csv; filename: Trepn_2018.06.26_074502.db; filename: HT4AMJT02334_Trepn_2018.06.26_074502.csv
D/AndroidRuntime(30907): Shutting down VM
W/FileUtils(28628): Failed to chmod(/storage/emulated/0/trepn/Trepn_2018.06.26_074502.db): android.system.ErrnoException: chmod failed: EPERM (Operation not permitted)
W/Wifi    ( 3670): Failed to read packet and byte counts from wifi interface
W/Wifi    ( 3670): Failed to read packet and byte counts from wifi interface
W/System.err(24578): android.content.pm.PackageManager$NameNotFoundException
W/System.err(24578): 	at android.app.ApplicationPackageManager.getPackageInfo(ApplicationPackageManager.java:114)
W/System.err(24578): 	at com.estrongs.android.pop.app.c.ai.c(Unknown Source)
W/System.err(24578): 	at com.estrongs.android.pop.app.c.ai.a(Unknown Source)
W/System.err(24578): 	at com.estrongs.android.pop.app.scene.e.q.a(Unknown Source)
W/System.err(24578): 	at com.estrongs.android.scanner.c.m.run(Unknown Source)
W/System.err(24578): 	at java.util.concurrent.ThreadPoolExecutor.runWorker(ThreadPoolExecutor.java:1112)
W/System.err(24578): 	at java.util.concurrent.ThreadPoolExecutor$Worker.run(ThreadPoolExecutor.java:587)
W/System.err(24578): 	at java.lang.Thread.run(Thread.java:818)
W/System.err(24578): android.content.pm.PackageManager$NameNotFoundException
W/System.err(24578): 	at android.app.ApplicationPackageManager.getPackageInfo(ApplicationPackageManager.java:114)
W/System.err(24578): 	at com.estrongs.android.pop.app.c.ai.c(Unknown Source)
W/System.err(24578): 	at com.estrongs.android.pop.app.c.ai.a(Unknown Source)
W/System.err(24578): 	at com.estrongs.android.pop.app.scene.e.q.a(Unknown Source)
W/System.err(24578): 	at com.estrongs.android.scanner.c.m.run(Unknown Source)
W/System.err(24578): 	at java.util.concurrent.ThreadPoolExecutor.runWorker(ThreadPoolExecutor.java:1112)
W/System.err(24578): 	at java.util.concurrent.ThreadPoolExecutor$Worker.run(ThreadPoolExecutor.java:587)
W/System.err(24578): 	at java.lang.Thread.run(Thread.java:818)
W/System.err(24578): android.content.pm.PackageManager$NameNotFoundException
W/System.err(24578): 	at android.app.ApplicationPackageManager.getPackageInfo(ApplicationPackageManager.java:114)
W/System.err(24578): 	at com.estrongs.android.pop.app.c.ai.c(Unknown Source)
W/System.err(24578): 	at com.estrongs.android.pop.app.c.ai.a(Unknown Source)
W/System.err(24578): 	at com.estrongs.android.pop.app.scene.e.q.a(Unknown Source)
W/System.err(24578): 	at com.estrongs.android.scanner.c.m.run(Unknown Source)
W/System.err(24578): 	at java.util.concurrent.ThreadPoolExecutor.runWorker(ThreadPoolExecutor.java:1112)
W/System.err(24578): 	at java.util.concurrent.ThreadPoolExecutor$Worker.run(ThreadPoolExecutor.java:587)
W/System.err(24578): 	at java.lang.Thread.run(Thread.java:818)
W/Wifi    ( 3670): Failed to read packet and byte counts from wifi interface
I/vgn     (  949): 35-GetDeviceDataUploadOptInStatusOperation -- metadata{ service_id: 0 }
I/vgn     (  949): 35-GetDeviceDataUploadOptInStatusOperation -- metadata{ service_id: 0 }
W/Wifi    ( 3670): Failed to read packet and byte counts from wifi interface
W/Wifi    ( 3670): Failed to read packet and byte counts from wifi interface
W/Wifi    ( 3670): Failed to read packet and byte counts from wifi interface
W/Wifi    ( 3670): Failed to read packet and byte counts from wifi interface
W/Wifi    ( 3670): Failed to read packet and byte counts from wifi interface
W/Wifi    ( 3670): Failed to read packet and byte counts from wifi interface
E/WifiStateMachine(  452): WifiStateMachine CMD_START_SCAN source -2 txSuccessRate=1.05 rxSuccessRate=1.01 targetRoamBSSID=any RSSI=-43
E/WifiStateMachine(  452): WifiStateMachine starting scan for "YOU SHALL NOT PASS"WPA_PSK with 2437
W/Wifi    ( 3670): Failed to read packet and byte counts from wifi interface
W/Wifi    ( 3670): Failed to read packet and byte counts from wifi interface
W/Wifi    ( 3670): Failed to read packet and byte counts from wifi interface
W/Wifi    ( 3670): Failed to read packet and byte counts from wifi interface
W/Wifi    ( 3670): Failed to read packet and byte counts from wifi interface
W/Wifi    ( 3670): Failed to read packet and byte counts from wifi interface
W/Wifi    ( 3670): Failed to read packet and byte counts from wifi interface
W/Wifi    ( 3670): Failed to read packet and byte counts from wifi interface
