W/Wifi    ( 3670): Failed to read packet and byte counts from wifi interface
W/Wifi    ( 3670): Failed to read packet and byte counts from wifi interface
W/Wifi    ( 3670): Failed to read packet and byte counts from wifi interface
W/Wifi    ( 3670): Failed to read packet and byte counts from wifi interface
W/Wifi    ( 3670): Failed to read packet and byte counts from wifi interface
W/Wifi    ( 3670): Failed to read packet and byte counts from wifi interface
W/Wifi    ( 3670): Failed to read packet and byte counts from wifi interface
W/Wifi    ( 3670): Failed to read packet and byte counts from wifi interface
W/Wifi    ( 3670): Failed to read packet and byte counts from wifi interface
W/Wifi    ( 3670): Failed to read packet and byte counts from wifi interface
W/Wifi    ( 3670): Failed to read packet and byte counts from wifi interface
W/Wifi    ( 3670): Failed to read packet and byte counts from wifi interface
E/WifiStateMachine(  452): WifiStateMachine CMD_START_SCAN source -2 txSuccessRate=0.02 rxSuccessRate=0.00 targetRoamBSSID=any RSSI=-44
E/WifiStateMachine(  452): WifiStateMachine starting scan for "YOU SHALL NOT PASS"WPA_PSK with 2437
W/Wifi    ( 3670): Failed to read packet and byte counts from wifi interface
W/Wifi    ( 3670): Failed to read packet and byte counts from wifi interface
W/Wifi    ( 3670): Failed to read packet and byte counts from wifi interface
W/Wifi    ( 3670): Failed to read packet and byte counts from wifi interface
W/Wifi    ( 3670): Failed to read packet and byte counts from wifi interface
W/Wifi    ( 3670): Failed to read packet and byte counts from wifi interface
W/Wifi    ( 3670): Failed to read packet and byte counts from wifi interface
W/Wifi    ( 3670): Failed to read packet and byte counts from wifi interface
W/Wifi    ( 3670): Failed to read packet and byte counts from wifi interface
W/Wifi    ( 3670): Failed to read packet and byte counts from wifi interface
W/Wifi    ( 3670): Failed to read packet and byte counts from wifi interface
W/Wifi    ( 3670): Failed to read packet and byte counts from wifi interface
W/Wifi    ( 3670): Failed to read packet and byte counts from wifi interface
W/Wifi    ( 3670): Failed to read packet and byte counts from wifi interface
W/Wifi    ( 3670): Failed to read packet and byte counts from wifi interface
W/Wifi    ( 3670): Failed to read packet and byte counts from wifi interface
W/Wifi    ( 3670): Failed to read packet and byte counts from wifi interface
W/Wifi    ( 3670): Failed to read packet and byte counts from wifi interface
W/Wifi    ( 3670): Failed to read packet and byte counts from wifi interface
W/Wifi    ( 3670): Failed to read packet and byte counts from wifi interface
E/WifiStateMachine(  452): WifiStateMachine CMD_START_SCAN source -2 txSuccessRate=0.29 rxSuccessRate=0.07 targetRoamBSSID=any RSSI=-49
E/WifiStateMachine(  452): WifiStateMachine starting scan for "YOU SHALL NOT PASS"WPA_PSK with 2437
W/Wifi    ( 3670): Failed to read packet and byte counts from wifi interface
W/Wifi    ( 3670): Failed to read packet and byte counts from wifi interface
W/Wifi    ( 3670): Failed to read packet and byte counts from wifi interface
W/Wifi    ( 3670): Failed to read packet and byte counts from wifi interface
W/Wifi    ( 3670): Failed to read packet and byte counts from wifi interface
W/Wifi    ( 3670): Failed to read packet and byte counts from wifi interface
W/Wifi    ( 3670): Failed to read packet and byte counts from wifi interface
W/Wifi    ( 3670): Failed to read packet and byte counts from wifi interface
W/Wifi    ( 3670): Failed to read packet and byte counts from wifi interface
W/Wifi    ( 3670): Failed to read packet and byte counts from wifi interface
W/Wifi    ( 3670): Failed to read packet and byte counts from wifi interface
W/Wifi    ( 3670): Failed to read packet and byte counts from wifi interface
W/Wifi    ( 3670): Failed to read packet and byte counts from wifi interface
W/Wifi    ( 3670): Failed to read packet and byte counts from wifi interface
I/vgn     (  949): 35-GetDeviceDataUploadOptInStatusOperation -- metadata{ service_id: 0 }
I/vgn     (  949): 35-GetDeviceDataUploadOptInStatusOperation -- metadata{ service_id: 0 }
W/Wifi    ( 3670): Failed to read packet and byte counts from wifi interface
W/Wifi    ( 3670): Failed to read packet and byte counts from wifi interface
W/Wifi    ( 3670): Failed to read packet and byte counts from wifi interface
W/Wifi    ( 3670): Failed to read packet and byte counts from wifi interface
W/Wifi    ( 3670): Failed to read packet and byte counts from wifi interface
W/Wifi    ( 3670): Failed to read packet and byte counts from wifi interface
E/WifiStateMachine(  452): WifiStateMachine CMD_START_SCAN source -2 txSuccessRate=0.25 rxSuccessRate=0.50 targetRoamBSSID=any RSSI=-44
E/WifiStateMachine(  452): WifiStateMachine starting scan for "YOU SHALL NOT PASS"WPA_PSK with 2437
W/Wifi    ( 3670): Failed to read packet and byte counts from wifi interface
W/Wifi    ( 3670): Failed to read packet and byte counts from wifi interface
W/Wifi    ( 3670): Failed to read packet and byte counts from wifi interface
W/Wifi    ( 3670): Failed to read packet and byte counts from wifi interface
W/Wifi    ( 3670): Failed to read packet and byte counts from wifi interface
W/Wifi    ( 3670): Failed to read packet and byte counts from wifi interface
W/Wifi    ( 3670): Failed to read packet and byte counts from wifi interface
W/Wifi    ( 3670): Failed to read packet and byte counts from wifi interface
W/Wifi    ( 3670): Failed to read packet and byte counts from wifi interface
W/Wifi    ( 3670): Failed to read packet and byte counts from wifi interface
W/Wifi    ( 3670): Failed to read packet and byte counts from wifi interface
W/Wifi    ( 3670): Failed to read packet and byte counts from wifi interface
W/Wifi    ( 3670): Failed to read packet and byte counts from wifi interface
W/Wifi    ( 3670): Failed to read packet and byte counts from wifi interface
W/Wifi    ( 3670): Failed to read packet and byte counts from wifi interface
W/Wifi    ( 3670): Failed to read packet and byte counts from wifi interface
W/Wifi    ( 3670): Failed to read packet and byte counts from wifi interface
W/Wifi    ( 3670): Failed to read packet and byte counts from wifi interface
W/Wifi    ( 3670): Failed to read packet and byte counts from wifi interface
W/Wifi    ( 3670): Failed to read packet and byte counts from wifi interface
E/WifiStateMachine(  452): WifiStateMachine CMD_START_SCAN source -2 txSuccessRate=0.02 rxSuccessRate=0.52 targetRoamBSSID=any RSSI=-50
E/WifiStateMachine(  452): WifiStateMachine starting scan for "YOU SHALL NOT PASS"WPA_PSK with 2437
W/Wifi    ( 3670): Failed to read packet and byte counts from wifi interface
W/Wifi    ( 3670): Failed to read packet and byte counts from wifi interface
W/Wifi    ( 3670): Failed to read packet and byte counts from wifi interface
W/Wifi    ( 3670): Failed to read packet and byte counts from wifi interface
W/Wifi    ( 3670): Failed to read packet and byte counts from wifi interface
W/Wifi    ( 3670): Failed to read packet and byte counts from wifi interface
W/Wifi    ( 3670): Failed to read packet and byte counts from wifi interface
W/Wifi    ( 3670): Failed to read packet and byte counts from wifi interface
W/Wifi    ( 3670): Failed to read packet and byte counts from wifi interface
W/Wifi    ( 3670): Failed to read packet and byte counts from wifi interface
W/Wifi    ( 3670): Failed to read packet and byte counts from wifi interface
W/Wifi    ( 3670): Failed to read packet and byte counts from wifi interface
W/Wifi    ( 3670): Failed to read packet and byte counts from wifi interface
W/Wifi    ( 3670): Failed to read packet and byte counts from wifi interface
W/Wifi    ( 3670): Failed to read packet and byte counts from wifi interface
W/Wifi    ( 3670): Failed to read packet and byte counts from wifi interface
W/Wifi    ( 3670): Failed to read packet and byte counts from wifi interface
W/Wifi    ( 3670): Failed to read packet and byte counts from wifi interface
W/Wifi    ( 3670): Failed to read packet and byte counts from wifi interface
W/Wifi    ( 3670): Failed to read packet and byte counts from wifi interface
E/WifiStateMachine(  452): WifiStateMachine CMD_START_SCAN source -2 txSuccessRate=0.25 rxSuccessRate=0.03 targetRoamBSSID=any RSSI=-43
E/WifiStateMachine(  452): WifiStateMachine starting scan for "YOU SHALL NOT PASS"WPA_PSK with 2437
W/Wifi    ( 3670): Failed to read packet and byte counts from wifi interface
W/Wifi    ( 3670): Failed to read packet and byte counts from wifi interface
W/Wifi    ( 3670): Failed to read packet and byte counts from wifi interface
W/Wifi    ( 3670): Failed to read packet and byte counts from wifi interface
W/Wifi    ( 3670): Failed to read packet and byte counts from wifi interface
W/Wifi    ( 3670): Failed to read packet and byte counts from wifi interface
W/Wifi    ( 3670): Failed to read packet and byte counts from wifi interface
W/Wifi    ( 3670): Failed to read packet and byte counts from wifi interface
W/Wifi    ( 3670): Failed to read packet and byte counts from wifi interface
E/SQLiteLog(  949): (2067) abort at 35 in [INSERT INTO context(context_name,end_time,context_family,module_id,version,sync_state_mod_time_millis,start_time,sync_state,context_id,time_type,proto_blob) VALUES (?,?,?,?,?,?,?,?,?,?,?)]: UNI
E/SQLiteLog(  949): (2067) abort at 35 in [INSERT INTO context(context_name,end_time,context_family,module_id,version,sync_state_mod_time_millis,start_time,sync_state,context_id,time_type,proto_blob) VALUES (?,?,?,?,?,?,?,?,?,?,?)]: UNI
W/Wifi    ( 3670): Failed to read packet and byte counts from wifi interface
W/Wifi    ( 3670): Failed to read packet and byte counts from wifi interface
W/Wifi    ( 3670): Failed to read packet and byte counts from wifi interface
W/Wifi    ( 3670): Failed to read packet and byte counts from wifi interface
W/Wifi    ( 3670): Failed to read packet and byte counts from wifi interface
D/AndroidRuntime(30932): >>>>>> START com.android.internal.os.RuntimeInit uid 2000 <<<<<<
D/AndroidRuntime(30932): CheckJNI is OFF
D/AndroidRuntime(30932): Calling main entry com.android.commands.am.Am
I/ActivityManager(  452): Force stopping com.android.chrome appid=10035 user=0: from pid 30932
I/ActivityManager(  452): Killing 30873:com.android.chrome/u0a35 (adj 9): stop com.android.chrome
W/ActivityManager(  452): Spurious death for ProcessRecord{25a5b4d8 30873:com.android.chrome/u0a35}, curProc for 30873: null
W/Wifi    ( 3670): Failed to read packet and byte counts from wifi interface
I/ActivityManager(  452): START u0 {act=android.intent.action.VIEW flg=0x10008000 cmp=com.android.chrome/com.google.android.apps.chrome.Main} from uid 2000 on display 0
V/WindowManager(  452): addAppToken: AppWindowToken{3c095ab token=Token{2369abfa ActivityRecord{29b0fe25 u0 com.android.chrome/com.google.android.apps.chrome.Main t13059}}} to stack=1 task=13059 at 0
D/AndroidRuntime(30932): Shutting down VM
I/art     (  452): Explicit concurrent mark sweep GC freed 100121(4MB) AllocSpace objects, 1(20KB) LOS objects, 33% free, 29MB/43MB, paused 1.058ms total 161.878ms
I/vgn     (  949): 35-GetDeviceDataUploadOptInStatusOperation -- metadata{ service_id: 0 }
I/ActivityManager(  452): Start proc 30945:com.android.chrome/u0a35 for activity com.android.chrome/com.google.android.apps.chrome.Main
I/vgn     (  949): 35-GetDeviceDataUploadOptInStatusOperation -- metadata{ service_id: 0 }
W/DynamiteModule(30945): Local module descriptor class for com.google.android.gms.googlecertificates not found.
I/UsageStatsService(  452): User[0] Flushing usage stats to disk
I/DynamiteModule(30945): Considering local module com.google.android.gms.googlecertificates:0 and remote module com.google.android.gms.googlecertificates:4
I/DynamiteModule(30945): Selected remote version of com.google.android.gms.googlecertificates, version >= 4
W/ResourcesManager(30945): Asset path '/system/framework/com.android.media.remotedisplay.jar' does not exist or contains no resources.
W/ResourcesManager(30945): Asset path '/system/framework/com.android.location.provider.jar' does not exist or contains no resources.
I/cr_InstantAppsHandler(30945): Not handling with Instant Apps (other)
I/ActivityManager(  452): START u0 {cmp=com.android.chrome/org.chromium.chrome.browser.firstrun.FirstRunActivity (has extras)} from uid 10035 on display 0
V/WindowManager(  452): addAppToken: AppWindowToken{13f38f9e token=Token{1d9359d9 ActivityRecord{16e54c20 u0 com.android.chrome/org.chromium.chrome.browser.firstrun.FirstRunActivity t13060}}} to stack=1 task=13060 at 0
I/cr_LibraryLoader(30945): Using linker: org.chromium.base.library_loader.LegacyLinker
W/linker  (30945): libchromium_android_linker.so: unused DT entry: type 0x6ffffffe arg 0xce8
W/linker  (30945): libchromium_android_linker.so: unused DT entry: type 0x6fffffff arg 0x3
W/cr_ChildProcLH(30945): Create a new ChildConnectionAllocator with package name = com.android.chrome, sandboxed = true
I/cr_LibraryLoader(30945): Loading chrome from within /data/app/com.android.chrome-2/base.apk
D/OpenGLRenderer(30945): Use EGL_SWAP_BEHAVIOR_PRESERVED: true
V/WindowManager(  452): Based on layer: Adding window Window{21f4a74d u0 com.android.chrome/org.chromium.chrome.browser.firstrun.FirstRunActivity} at 3 of 17
I/cr_base (30945): Extracting resource /data/data/com.android.chrome/app_chrome/paks/en-GB.pak@12da8129
I/cr_base (30945): Extracting resource /data/data/com.android.chrome/app_chrome/paks/en-US.pak@12da8129
I/ActivityManager(  452): Start proc 30974:com.android.chrome:sandboxed_process0/u0i120 for service com.android.chrome/org.chromium.content.app.SandboxedProcessService0
W/dboxed_process0(30974): type=1400 audit(0.0:1295): avc: denied { search } for name="tmp" dev="dm-0" ino=49 scontext=u:r:isolated_app:s0 tcontext=u:object_r:shell_data_file:s0 tclass=dir permissive=0
I/cr_ChildProcessService(30974): Creating new ChildProcessService pid=30974
I/OpenGLRenderer(30945): Initialized EGL, version 1.4
I/cr_LibraryLoader(30945): Time to load native libraries: 197 ms (timestamps 6178-6375)
I/chromium(30945): [INFO:library_loader_hooks.cc(136)] Chromium logging enabled: level = 0, default verbosity = 0
I/cr_LibraryLoader(30945): Expected native library version number "61.0.3163.98", actual native library version number "61.0.3163.98"
D/OpenGLRenderer(30945): Enabling debug mode 0
I/ActivityManager(  452): Displayed com.android.chrome/org.chromium.chrome.browser.firstrun.FirstRunActivity: +451ms (total +6m12s793ms)
I/cr_VariationsSeedFetch(30945): Fetched first run seed in 368 ms
I/cr_BrowserStartup(30945): Initializing chromium process, singleProcess=false
W/Wifi    ( 3670): Failed to read packet and byte counts from wifi interface
I/ActivityManager(  452): Start proc 31018:com.android.chrome:privileged_process0/u0a35 for service com.android.chrome/org.chromium.content.app.PrivilegedProcessService0
D/ConnectivityService(  452): listenForNetwork for NetworkRequest [ id=797, legacyType=-1, [ Capabilities: INTERNET&NOT_RESTRICTED&TRUSTED] ]
D/ConnectivityService(  452): handleRegisterNetworkRequest checking NetworkAgentInfo [WIFI () - 105]
D/ConnectivityService(  452): apparently satisfied.  currentScore=60
D/ConnectivityManager.CallbackHandler(30945): CM callback handler got msg 524290
D/ConnectivityService(  452): listenForNetwork for NetworkRequest [ id=798, legacyType=-1, [ Capabilities: INTERNET&NOT_RESTRICTED&TRUSTED] ]
D/ConnectivityService(  452): handleRegisterNetworkRequest checking NetworkAgentInfo [WIFI () - 105]
D/ConnectivityService(  452): apparently satisfied.  currentScore=60
D/ConnectivityManager.CallbackHandler(30945): CM callback handler got msg 524290
W/cr_KnoxSettingsProvider(30945): Permission to read device policy denied.
I/orc     ( 1002): 28-GetActiveNetworkQuality -- metadata{ service_id: 0 }
I/cr_ChildProcessService(31018): Creating new ChildProcessService pid=31018
I/cr_LibraryLoader(31018): Using linker: org.chromium.base.library_loader.LegacyLinker
W/linker  (31018): libchromium_android_linker.so: unused DT entry: type 0x6ffffffe arg 0xce8
W/linker  (31018): libchromium_android_linker.so: unused DT entry: type 0x6fffffff arg 0x3
I/cr_LibraryLoader(31018): Loading chrome from within /data/app/com.android.chrome-2/base.apk
W/Herrevad( 1002): [2343] wux.b: Invalid mccmnc 
W/Herrevad( 1002): [2343] wux.b: Invalid mccmnc 
I/cr_LibraryLoader(31018): Time to load native libraries: 47 ms (timestamps 7051-7098)
I/chromium(31018): [INFO:library_loader_hooks.cc(136)] Chromium logging enabled: level = 0, default verbosity = 0
I/cr_LibraryLoader(31018): Expected native library version number "61.0.3163.98", actual native library version number "61.0.3163.98"
E/libEGL  (31018): validate_display:255 error 3008 (EGL_BAD_DISPLAY)
W/VideoCapabilities(31018): Unsupported mime video/mpeg2
W/AudioCapabilities(31018): Unsupported mime audio/mpeg-L2
W/VideoCapabilities(31018): Unrecognized level 0 for video/x-vnd.on2.vp8
I/VideoCapabilities(31018): Unsupported profile 4 for video/mp4v-es
W/cr_MediaCodecUtil(31018): HW encoder for video/avc is not available on this device.
I/cr_SnippetsLauncher(30945): Scheduling: 172800 172800
W/Wifi    ( 3670): Failed to read packet and byte counts from wifi interface
W/Wifi    ( 3670): Failed to read packet and byte counts from wifi interface
W/Wifi    ( 3670): Failed to read packet and byte counts from wifi interface
W/Wifi    ( 3670): Failed to read packet and byte counts from wifi interface
D/AndroidRuntime(31047): >>>>>> START com.android.internal.os.RuntimeInit uid 2000 <<<<<<
D/AndroidRuntime(31047): CheckJNI is OFF
E/WifiStateMachine(  452): WifiStateMachine CMD_START_SCAN source -2 txSuccessRate=8.50 rxSuccessRate=13.88 targetRoamBSSID=any RSSI=-43
E/WifiStateMachine(  452): WifiStateMachine starting scan for "YOU SHALL NOT PASS"WPA_PSK with 2437
W/Wifi    ( 3670): Failed to read packet and byte counts from wifi interface
D/AndroidRuntime(31047): Calling main entry com.android.commands.input.Input
I/Input   (31047): injectMotionEvent: MotionEvent { action=ACTION_DOWN, id[0]=0, x[0]=700.0, y[0]=1550.0, toolType[0]=TOOL_TYPE_UNKNOWN, buttonState=0, metaState=0, flags=0x0, edgeFlags=0x0, pointerCount=1, historySize=0, eventTime=59891811, downTime=59891811, deviceId=0, source=0x1002 }
I/Input   (31047): injectMotionEvent: MotionEvent { action=ACTION_UP, id[0]=0, x[0]=700.0, y[0]=1550.0, toolType[0]=TOOL_TYPE_UNKNOWN, buttonState=0, metaState=0, flags=0x0, edgeFlags=0x0, pointerCount=1, historySize=0, eventTime=59891811, downTime=59891811, deviceId=0, source=0x1002 }
D/AndroidRuntime(31047): Shutting down VM
D/audio_hw_primary(  205): out_set_parameters: enter: usecase(0: playback) kvpairs: routing=2 out->devices(2) adev->mode(0)
W/Wifi    ( 3670): Failed to read packet and byte counts from wifi interface
I/cr_LibraryLoader(30974): Using linker: org.chromium.base.library_loader.LegacyLinker
W/linker  (30974): libchromium_android_linker.so: unused DT entry: type 0x6ffffffe arg 0xce8
W/linker  (30974): libchromium_android_linker.so: unused DT entry: type 0x6fffffff arg 0x3
I/cr_LibraryLoader(30974): Loading chrome from within /data/app/com.android.chrome-2/base.apk
I/cr_LibraryLoader(30974): Time to load native libraries: 45 ms (timestamps 2784-2829)
I/chromium(30974): [INFO:library_loader_hooks.cc(136)] Chromium logging enabled: level = 0, default verbosity = 0
I/cr_LibraryLoader(30974): Expected native library version number "61.0.3163.98", actual native library version number "61.0.3163.98"
W/Wifi    ( 3670): Failed to read packet and byte counts from wifi interface
W/Wifi    ( 3670): Failed to read packet and byte counts from wifi interface
W/Wifi    ( 3670): Failed to read packet and byte counts from wifi interface
W/Wifi    ( 3670): Failed to read packet and byte counts from wifi interface
D/AndroidRuntime(31077): >>>>>> START com.android.internal.os.RuntimeInit uid 2000 <<<<<<
D/AndroidRuntime(31077): CheckJNI is OFF
D/AndroidRuntime(31077): Calling main entry com.android.commands.input.Input
I/Input   (31077): injectMotionEvent: MotionEvent { action=ACTION_DOWN, id[0]=0, x[0]=372.0, y[0]=1530.0, toolType[0]=TOOL_TYPE_UNKNOWN, buttonState=0, metaState=0, flags=0x0, edgeFlags=0x0, pointerCount=1, historySize=0, eventTime=59897659, downTime=59897659, deviceId=0, source=0x1002 }
W/Wifi    ( 3670): Failed to read packet and byte counts from wifi interface
I/Input   (31077): injectMotionEvent: MotionEvent { action=ACTION_UP, id[0]=0, x[0]=372.0, y[0]=1530.0, toolType[0]=TOOL_TYPE_UNKNOWN, buttonState=0, metaState=0, flags=0x0, edgeFlags=0x0, pointerCount=1, historySize=0, eventTime=59897659, downTime=59897659, deviceId=0, source=0x1002 }
D/AndroidRuntime(31077): Shutting down VM
I/ActivityManager(  452): START u0 {act=android.intent.action.VIEW flg=0x10808000 cmp=com.android.chrome/com.google.android.apps.chrome.Main (has extras)} from uid 10035 on display 0
V/WindowManager(  452): addAppToken: AppWindowToken{4df6e6a token=Token{19938455 ActivityRecord{2591e30c u0 com.android.chrome/com.google.android.apps.chrome.Main t13061}}} to stack=1 task=13061 at 0
D/audio_hw_primary(  205): out_set_parameters: enter: usecase(0: playback) kvpairs: routing=2 out->devices(2) adev->mode(0)
D/ConnectivityService(  452): releasing NetworkRequest NetworkRequest [ id=798, legacyType=-1, [ Capabilities: INTERNET&NOT_RESTRICTED&TRUSTED] ]
D/ConnectivityManager.CallbackHandler(30945): CM callback handler got msg 524296
D/ConnectivityService(  452): listenForNetwork for NetworkRequest [ id=799, legacyType=-1, [ Capabilities: INTERNET&NOT_RESTRICTED&TRUSTED] ]
D/ConnectivityService(  452): handleRegisterNetworkRequest checking NetworkAgentInfo [WIFI () - 105]
D/ConnectivityService(  452): apparently satisfied.  currentScore=60
D/ConnectivityManager.CallbackHandler(30945): CM callback handler got msg 524290
I/cr_InstantAppsHandler(30945): Not handling with Instant Apps (other)
I/ActivityManager(  452): START u0 {act=android.intent.action.VIEW flg=0x14002000 cmp=com.android.chrome/org.chromium.chrome.browser.ChromeTabbedActivity (has extras)} from uid 10035 on display 0
V/WindowManager(  452): addAppToken: AppWindowToken{169b60c2 token=Token{11c8e90d ActivityRecord{2f0f87a4 u0 com.android.chrome/org.chromium.chrome.browser.ChromeTabbedActivity t13062}}} to stack=1 task=13062 at 0
V/WindowManager(  452): Based on layer: Adding window Window{b5df54b u0 Starting com.android.chrome} at 4 of 18
I/chromium(30974): [INFO:child_process_service_impl.cc(70)] ChildProcessServiceImpl: Exiting child process.
I/PBSessionCacheImpl( 9797): Deleted sessionId[21180898756156] from persistence.
W/libprocessgroup(  452): failed to open /acct/uid_10035/pid_30974/cgroup.procs: No such file or directory
I/ActivityManager(  452): Process com.android.chrome:sandboxed_process0 (pid 30974) has died
W/ActivityManager(  452): Scheduling restart of crashed service com.android.chrome/org.chromium.content.app.SandboxedProcessService0 in 1000ms
I/MicroDetector( 9797): Keeping mic open: false
I/DeviceStateChecker( 9797): DeviceStateChecker cancelled
I/AudioController( 9797): internalShutdown
I/MicrophoneInputStream( 9797): mic_close com.google.android.apps.gsa.speech.audio.af@20ae63ca
I/MicroRecognitionRunner( 9797): Stopping hotword detection.
I/SoundTriggerHwService::Module(  205): void android::SoundTriggerHwService::Module::onCallbackEvent(const android::sp<android::SoundTriggerHwService::CallbackEvent>&) mClient == 0
W/cr_tabmodel(30945): Starting to perform legacy migration.
W/cr_tabmodel(30945): Finished performing legacy migration.
W/cr_tabmodel(30945): Starting to perform multi-instance migration.
W/cr_tabmodel(30945): Finished performing multi-instance migration.
I/ActivityManager(  452): Start proc 31101:com.android.chrome:sandboxed_process1/u0i121 for service com.android.chrome/org.chromium.content.app.SandboxedProcessService1
E/WorkerRegistryImpl( 9797): getWorker() is called after WorkerRegistry disposal.
E/WorkerRegistryImpl( 9797): getWorker() is called after WorkerRegistry disposal.
E/WorkerRegistryImpl( 9797): getWorker() is called after WorkerRegistry disposal.
E/WorkerRegistryImpl( 9797): getWorker() is called after WorkerRegistry disposal.
E/WorkerRegistryImpl( 9797): getWorker() is called after WorkerRegistry disposal.
E/WorkerRegistryImpl( 9797): getWorker() is called after WorkerRegistry disposal.
E/WorkerRegistryImpl( 9797): getWorker() is called after WorkerRegistry disposal.
E/WorkerRegistryImpl( 9797): getWorker() is called after WorkerRegistry disposal.
E/WorkerRegistryImpl( 9797): getWorker() is called after WorkerRegistry disposal.
E/WorkerRegistryImpl( 9797): getWorker() is called after WorkerRegistry disposal.
E/WorkerRegistryImpl( 9797): getWorker() is called after WorkerRegistry disposal.
E/WorkerRegistryImpl( 9797): getWorker() is called after WorkerRegistry disposal.
E/WorkerRegistryImpl( 9797): getWorker() is called after WorkerRegistry disposal.
E/WorkerRegistryImpl( 9797): getWorker() is called after WorkerRegistry disposal.
E/WorkerRegistryImpl( 9797): getWorker() is called after WorkerRegistry disposal.
E/WorkerRegistryImpl( 9797): getWorker() is called after WorkerRegistry disposal.
E/WorkerRegistryImpl( 9797): getWorker() is called after WorkerRegistry disposal.
E/WorkerRegistryImpl( 9797): getWorker() is called after WorkerRegistry disposal.
E/WorkerRegistryImpl( 9797): getWorker() is called after WorkerRegistry disposal.
E/WorkerRegistryImpl( 9797): getWorker() is called after WorkerRegistry disposal.
E/WorkerRegistryImpl( 9797): getWorker() is called after WorkerRegistry disposal.
E/WorkerRegistryImpl( 9797): getWorker() is called after WorkerRegistry disposal.
E/WorkerRegistryImpl( 9797): getWorker() is called after WorkerRegistry disposal.
E/WorkerRegistryImpl( 9797): getWorker() is called after WorkerRegistry disposal.
E/WorkerRegistryImpl( 9797): getWorker() is called after WorkerRegistry disposal.
E/WorkerRegistryImpl( 9797): getWorker() is called after WorkerRegistry disposal.
E/WorkerRegistryImpl( 9797): getWorker() is called after WorkerRegistry disposal.
E/WorkerRegistryImpl( 9797): getWorker() is called after WorkerRegistry disposal.
W/cr_tabmodel(30945): Starting to fetch tab list.
I/MicroRecognitionRunner( 9797): Detection finished
V/WindowManager(  452): Adding window Window{3c1dd135 u0 com.android.chrome/org.chromium.chrome.browser.ChromeTabbedActivity} at 4 of 19 (before Window{b5df54b u0 Starting com.android.chrome})
E/cr_tabmodel(30945): State file does not exist.
W/dboxed_process1(31101): type=1400 audit(0.0:1296): avc: denied { search } for name="tmp" dev="dm-0" ino=49 scontext=u:r:isolated_app:s0 tcontext=u:object_r:shell_data_file:s0 tclass=dir permissive=0
V/WindowManager(  452): Adding window Window{349cfe58 u0 SurfaceView} at 4 of 20 (before Window{3c1dd135 u0 com.android.chrome/org.chromium.chrome.browser.ChromeTabbedActivity})
W/cr_ChildProcessConn(30945): onServiceDisconnected (crash or killed by oom): pid=30974
I/cr_ChildProcessService(31101): Creating new ChildProcessService pid=31101
I/ActivityManager(  452): Displayed com.android.chrome/org.chromium.chrome.browser.ChromeTabbedActivity: +432ms (total +494ms)
I/vgn     (  949): 67-RequestPlaceUpdates -- metadata{ service_id: 0 }
I/vgn     (  949): 67-RemovePlaceUpdates -- metadata{ service_id: 0 }
I/Places  (  949): ?: PlacesBleScanner stop()
I/BeaconBle(  949): Scan canceled successfully.
I/PlaceInferenceEngine(  949): [anon] Changed inference mode: 0
I/art     (30945): Rejecting re-init on previously-failed class java.lang.Class<org.chromium.content.browser.FloatingActionModeCallback>
I/art     (30945): Rejecting re-init on previously-failed class java.lang.Class<org.chromium.content.browser.FloatingActionModeCallback>
I/GeofencerStateMachine(  949): removeGeofences: removeRequest=RemoveGeofencingRequest[REMOVE_BY_PENDING_INTENT pendingIntent=PendingIntent[creatorPackage=com.google.android.gms], packageName=null]
I/cr_LibraryLoader(31101): Using linker: org.chromium.base.library_loader.LegacyLinker
W/linker  (31101): libchromium_android_linker.so: unused DT entry: type 0x6ffffffe arg 0xce8
W/linker  (31101): libchromium_android_linker.so: unused DT entry: type 0x6fffffff arg 0x3
W/cr_media(30945): Requires BLUETOOTH permission
I/cr_LibraryLoader(31101): Loading chrome from within /data/app/com.android.chrome-2/base.apk
I/cr_LibraryLoader(31101): Time to load native libraries: 98 ms (timestamps 8513-8611)
I/chromium(31101): [INFO:library_loader_hooks.cc(136)] Chromium logging enabled: level = 0, default verbosity = 0
I/cr_LibraryLoader(31101): Expected native library version number "61.0.3163.98", actual native library version number "61.0.3163.98"
W/Wifi    ( 3670): Failed to read packet and byte counts from wifi interface
D/BluetoothAdapter( 9797): 187978726: getState() :  mService = null. Returning STATE_OFF
D/BluetoothAdapter( 9797): 187978726: getState() :  mService = null. Returning STATE_OFF
I/VoiceSearchSettings( 9797): Hotword upgrade key is null!
I/VISHotwordAdapter( 9797): #initialize, locale=en-US, keyPhrase=Ok Google
I/GsaVoiceInteractionSrv(  800): initializeAlwaysOnHotwordDetector locale en-US hotwordPhrase Ok Google
I/ActivityManager(  452): Start proc 31146:com.android.chrome:sandboxed_process2/u0i122 for service com.android.chrome/org.chromium.content.app.SandboxedProcessService2
W/dboxed_process2(31146): type=1400 audit(0.0:1297): avc: denied { search } for name="tmp" dev="dm-0" ino=49 scontext=u:r:isolated_app:s0 tcontext=u:object_r:shell_data_file:s0 tclass=dir permissive=0
I/cr_ChildProcessService(31146): Creating new ChildProcessService pid=31146
I/cr_SnippetsLauncher(30945): Scheduling: 172800 172800
I/cr_LibraryLoader(31146): Using linker: org.chromium.base.library_loader.LegacyLinker
W/linker  (31146): libchromium_android_linker.so: unused DT entry: type 0x6ffffffe arg 0xce8
W/linker  (31146): libchromium_android_linker.so: unused DT entry: type 0x6fffffff arg 0x3
I/cr_LibraryLoader(31146): Loading chrome from within /data/app/com.android.chrome-2/base.apk
I/orc     (  949): 51-GetExperimentTokensOperationCall -- metadata{ service_id: 0 }
E/aght    (  949): Phenotype API error. Event a <
E/aght    (  949):   a: "LOCAL.com.google.android.agsa.QSB"
E/aght    (  949):   b: 0
E/aght    (  949):   e: ""
E/aght    (  949):   f: ""
E/aght    (  949):   g: 0
E/aght    (  949):   h: 0
E/aght    (  949):   i: ""
E/aght    (  949):   j: 0
E/aght    (  949): >
E/aght    (  949): e: # bjzl@f5130810
E/aght    (  949): , EventCode: 7 -- metadata{ service_id: 51 }
E/aght    (  949): aggm: 29505: No config packages for log source, or config package not registered
E/aght    (  949): 	at agif.b(:com.google.android.gms@12685011@12.6.85 (020406-197041431):4)
E/aght    (  949): 	at aght.a(:com.google.android.gms@12685011@12.6.85 (020406-197041431):40)
E/aght    (  949): 	at aght.a(:com.google.android.gms@12685011@12.6.85 (020406-197041431):108)
E/aght    (  949): 	at ord.run(:com.google.android.gms@12685011@12.6.85 (020406-197041431):40)
E/aght    (  949): 	at azvp.run(:com.google.android.gms@12685011@12.6.85 (020406-197041431):2)
E/aght    (  949): 	at ovl.run(:com.google.android.gms@12685011@12.6.85 (020406-197041431):27)
E/aght    (  949): 	at java.util.concurrent.ThreadPoolExecutor.runWorker(ThreadPoolExecutor.java:1112)
E/aght    (  949): 	at java.util.concurrent.ThreadPoolExecutor$Worker.run(ThreadPoolExecutor.java:587)
E/aght    (  949): 	at pbm.run(:com.google.android.gms@12685011@12.6.85 (020406-197041431))
E/aght    (  949): 	at java.lang.Thread.run(Thread.java:818)
E/AsyncOperation(  949): serviceID=51, operation=GetExperimentTokensOperationCall
E/AsyncOperation(  949): OperationException[Status{statusCode=No config packages for log source, or config package not registered, resolution=null}]
E/AsyncOperation(  949): 	at aght.a(:com.google.android.gms@12685011@12.6.85 (020406-197041431):53)
E/AsyncOperation(  949): 	at aght.a(:com.google.android.gms@12685011@12.6.85 (020406-197041431):108)
E/AsyncOperation(  949): 	at ord.run(:com.google.android.gms@12685011@12.6.85 (020406-197041431):40)
E/AsyncOperation(  949): 	at azvp.run(:com.google.android.gms@12685011@12.6.85 (020406-197041431):2)
E/AsyncOperation(  949): 	at ovl.run(:com.google.android.gms@12685011@12.6.85 (020406-197041431):27)
E/AsyncOperation(  949): 	at java.util.concurrent.ThreadPoolExecutor.runWorker(ThreadPoolExecutor.java:1112)
E/AsyncOperation(  949): 	at java.util.concurrent.ThreadPoolExecutor$Worker.run(ThreadPoolExecutor.java:587)
E/AsyncOperation(  949): 	at pbm.run(:com.google.android.gms@12685011@12.6.85 (020406-197041431))
E/AsyncOperation(  949): 	at java.lang.Thread.run(Thread.java:818)
I/cr_LibraryLoader(31146): Time to load native libraries: 95 ms (timestamps 9036-9131)
I/chromium(31146): [INFO:library_loader_hooks.cc(136)] Chromium logging enabled: level = 0, default verbosity = 0
I/cr_LibraryLoader(31146): Expected native library version number "61.0.3163.98", actual native library version number "61.0.3163.98"
I/ActivityManager(  452): Activity reported stop, but no longer stopping: ActivityRecord{16e54c20 u0 com.android.chrome/org.chromium.chrome.browser.firstrun.FirstRunActivity t13060 f}
I/cr_BindingManager(30945): Moderate binding enabled: maxSize=20
W/art     (30945): Suspending all threads took: 6.179ms
I/Icing   ( 1002): IndexChimeraService.getServiceInterface callingPackage=com.android.chrome componentName=null serviceId=36
I/art     (30945): Background partial concurrent mark sweep GC freed 25684(1319KB) AllocSpace objects, 5(713KB) LOS objects, 40% free, 15MB/26MB, paused 7.264ms total 188.780ms
W/Wifi    ( 3670): Failed to read packet and byte counts from wifi interface
I/art     (  949): Explicit concurrent mark sweep GC freed 169792(7MB) AllocSpace objects, 38(2MB) LOS objects, 35% free, 28MB/44MB, paused 948us total 263.381ms
I/art     (  452): Explicit concurrent mark sweep GC freed 29982(1607KB) AllocSpace objects, 6(2MB) LOS objects, 33% free, 29MB/44MB, paused 1.859ms total 149.716ms
I/Icing   ( 1002): IndexChimeraService.getServiceInterface callingPackage=com.android.chrome componentName=null serviceId=36
I/vgn     (  949): 19-GetFileDescriptorAndDelete -- metadata{ service_id: 0 }
W/Nearby  (  949): Bind call too late - someone already tried to get: interface bghz -- metadata{ service_id: 0 }
I/Icing   ( 1002): Usage reports ok 0, Failed Usage reports 0, indexed 0, rejected 0, imm upload false
I/vgn     (  949): 19-GetFileDescriptorAndDelete -- metadata{ service_id: 0 }
I/Icing   ( 1002): Usage reports ok 0, Failed Usage reports 0, indexed 0, rejected 0, imm upload false
I/Icing   ( 1002): Removing corpus key 94FBE96EEF13B8AC56FE8C01687FD8A6012559AC for package com.android.chrome
E/PartnerBookmarksReader(30945): ATTENTION: not using partner bookmarks as none were provided
I/dex2oat (31186): /system/bin/dex2oat --runtime-arg -classpath --runtime-arg  --instruction-set=arm --instruction-set-features=default --runtime-arg -Xrelocate --boot-image=/system/framework/boot.art --dex-file=/data/data/com.android.chrome/app_dex/webapk1.dex --oat-fd=171 --oat-location=/data/data/com.android.chrome/app_dex/arm/webapk1.dex --runtime-arg -Xms64m --runtime-arg -Xmx512m
I/dex2oat (31186): dex2oat took 43.666ms (threads: 2) arena alloc=47KB java alloc=6KB native alloc=618KB free=17KB
W/Wifi    ( 3670): Failed to read packet and byte counts from wifi interface
D/TaskPersister(  452): removeObsoleteFile: deleting file=13060_task_thumbnail.png
W/Wifi    ( 3670): Failed to read packet and byte counts from wifi interface
I/Icing   ( 1002): Scored 188 usage reports, missing_corpora 2 update_failed 26
I/Icing   ( 1002): Indexing 94FBE96EEF13B8AC56FE8C01687FD8A6012559AC from com.android.chrome
I/Icing   ( 1002): Indexing done 94FBE96EEF13B8AC56FE8C01687FD8A6012559AC
W/Wifi    ( 3670): Failed to read packet and byte counts from wifi interface
W/Wifi    ( 3670): Failed to read packet and byte counts from wifi interface
I/cr_omaha(30945): Request to Server Successful. Timestamp for next request:1529995893169
I/cr_omaha(30945): Request to Server Successful. Timestamp for next request:1529995893218
I/cr_omaha(30945): Attempting to schedule next job for: Tue Jun 26 12:51:32 GMT+02:00 2018
I/cr_omaha(30945): Scheduled using AlarmManager and IntentService
I/chromium(31146): [INFO:child_process_service_impl.cc(70)] ChildProcessServiceImpl: Exiting child process.
W/libprocessgroup(  452): failed to open /acct/uid_10035/pid_31146/cgroup.procs: No such file or directory
I/ActivityManager(  452): Process com.android.chrome:sandboxed_process2 (pid 31146) has died
W/ActivityManager(  452): Scheduling restart of crashed service com.android.chrome/org.chromium.content.app.SandboxedProcessService2 in 1000ms
W/cr_ChildProcessConn(30945): onServiceDisconnected (crash or killed by oom): pid=31146
W/chromium(30945): [WARNING:compositor_view.cc(255)] Child process disconnected (type=6) pid=31146)
I/ActivityManager(  452): Start proc 31193:com.android.chrome:sandboxed_process3/u0i123 for service com.android.chrome/org.chromium.content.app.SandboxedProcessService3
W/dboxed_process3(31193): type=1400 audit(0.0:1298): avc: denied { search } for name="tmp" dev="dm-0" ino=49 scontext=u:r:isolated_app:s0 tcontext=u:object_r:shell_data_file:s0 tclass=dir permissive=0
I/cr_ChildProcessService(31193): Creating new ChildProcessService pid=31193
I/cr_LibraryLoader(31193): Using linker: org.chromium.base.library_loader.LegacyLinker
W/linker  (31193): libchromium_android_linker.so: unused DT entry: type 0x6ffffffe arg 0xce8
W/linker  (31193): libchromium_android_linker.so: unused DT entry: type 0x6fffffff arg 0x3
I/cr_LibraryLoader(31193): Loading chrome from within /data/app/com.android.chrome-2/base.apk
I/cr_LibraryLoader(31193): Time to load native libraries: 34 ms (timestamps 4607-4641)
I/chromium(31193): [INFO:library_loader_hooks.cc(136)] Chromium logging enabled: level = 0, default verbosity = 0
I/cr_LibraryLoader(31193): Expected native library version number "61.0.3163.98", actual native library version number "61.0.3163.98"
W/Wifi    ( 3670): Failed to read packet and byte counts from wifi interface
W/Wifi    ( 3670): Failed to read packet and byte counts from wifi interface
W/Wifi    ( 3670): Failed to read packet and byte counts from wifi interface
W/Wifi    ( 3670): Failed to read packet and byte counts from wifi interface
I/EventLogSendingHelper( 9797): Sending log events.
D/AndroidRuntime(31227): >>>>>> START com.android.internal.os.RuntimeInit uid 2000 <<<<<<
D/AndroidRuntime(31227): CheckJNI is OFF
D/AndroidRuntime(31227): Calling main entry com.android.commands.am.Am
I/Trepn   (28628): Trepn 6.2s: Received intent: com.quicinc.trepn.start_profiling
W/Wifi    ( 3670): Failed to read packet and byte counts from wifi interface
W/FileUtils(28628): Failed to chmod(/storage/emulated/0/trepn/Trepn_2018.06.26_075137.db): android.system.ErrnoException: chmod failed: EPERM (Operation not permitted)
I/Trepn   (28628): Trepn 6.2s: Trepn has Started Profiling.
D/AndroidRuntime(31227): Shutting down VM
D/AndroidRuntime(31245): >>>>>> START com.android.internal.os.RuntimeInit uid 2000 <<<<<<
D/AndroidRuntime(31245): CheckJNI is OFF
D/AndroidRuntime(31245): Calling main entry com.android.commands.am.Am
I/ActivityManager(  452): START u0 {act=android.intent.action.VIEW dat=https://adhivirapt.github.io/ flg=0x10000000 cmp=com.android.chrome/com.google.android.apps.chrome.Main} from uid 2000 on display 0
V/WindowManager(  452): addAppToken: AppWindowToken{34b78bc token=Token{18eedcaf ActivityRecord{3c05c8e u0 com.android.chrome/com.google.android.apps.chrome.Main t13063}}} to stack=1 task=13063 at 0
D/AndroidRuntime(31245): Shutting down VM
D/ConnectivityService(  452): releasing NetworkRequest NetworkRequest [ id=799, legacyType=-1, [ Capabilities: INTERNET&NOT_RESTRICTED&TRUSTED] ]
D/ConnectivityManager.CallbackHandler(30945): CM callback handler got msg 524296
W/cr_Autocomplete(30945): stopping autocomplete.
D/ConnectivityService(  452): listenForNetwork for NetworkRequest [ id=800, legacyType=-1, [ Capabilities: INTERNET&NOT_RESTRICTED&TRUSTED] ]
D/ConnectivityService(  452): handleRegisterNetworkRequest checking NetworkAgentInfo [WIFI () - 105]
D/ConnectivityService(  452): apparently satisfied.  currentScore=60
D/ConnectivityManager.CallbackHandler(30945): CM callback handler got msg 524290
I/cr_InstantAppsHandler(30945): Not handling with Instant Apps because Chrome is not default or there's a specialized handler
I/ActivityManager(  452): START u0 {act=android.intent.action.VIEW dat=https://adhivirapt.github.io/ flg=0x14002000 cmp=com.android.chrome/org.chromium.chrome.browser.ChromeTabbedActivity (has extras)} from uid 10035 on display 0
W/InputMethodManagerService(  452): Window already focused, ignoring focus gain of: com.android.internal.view.IInputMethodClient$Stub$Proxy@1a37b2a7 attribute=null, token = android.os.BinderProxy@893d76c
I/ActivityManager(  452): Start proc 31261:com.android.chrome:sandboxed_process4/u0i124 for service com.android.chrome/org.chromium.content.app.SandboxedProcessService4
W/Wifi    ( 3670): Failed to read packet and byte counts from wifi interface
I/chromium(31193): [INFO:child_process_service_impl.cc(70)] ChildProcessServiceImpl: Exiting child process.
W/libprocessgroup(  452): failed to open /acct/uid_10035/pid_31193/cgroup.procs: No such file or directory
I/ActivityManager(  452): Process com.android.chrome:sandboxed_process3 (pid 31193) has died
W/ActivityManager(  452): Scheduling restart of crashed service com.android.chrome/org.chromium.content.app.SandboxedProcessService3 in 1000ms
W/dboxed_process4(31261): type=1400 audit(0.0:1299): avc: denied { search } for name="tmp" dev="dm-0" ino=49 scontext=u:r:isolated_app:s0 tcontext=u:object_r:shell_data_file:s0 tclass=dir permissive=0
I/cr_ChildProcessService(31261): Creating new ChildProcessService pid=31261
W/chromium(30945): [WARNING:compositor_view.cc(255)] Child process disconnected (type=6) pid=31193)
W/cr_ChildProcessConn(30945): onServiceDisconnected (crash or killed by oom): pid=31193
I/cr_LibraryLoader(31261): Using linker: org.chromium.base.library_loader.LegacyLinker
W/linker  (31261): libchromium_android_linker.so: unused DT entry: type 0x6ffffffe arg 0xce8
W/linker  (31261): libchromium_android_linker.so: unused DT entry: type 0x6fffffff arg 0x3
I/cr_LibraryLoader(31261): Loading chrome from within /data/app/com.android.chrome-2/base.apk
I/vgn     ( 1002): 45-xlb -- metadata{ service_id: 0 }
I/orc     ( 1002): 28-GetActiveNetworkQuality -- metadata{ service_id: 0 }
I/cr_LibraryLoader(31261): Time to load native libraries: 137 ms (timestamps 9822-9959)
I/chromium(31261): [INFO:library_loader_hooks.cc(136)] Chromium logging enabled: level = 0, default verbosity = 0
I/cr_LibraryLoader(31261): Expected native library version number "61.0.3163.98", actual native library version number "61.0.3163.98"
W/Herrevad( 1002): [2343] wux.b: Invalid mccmnc 
W/Herrevad( 1002): [2343] wux.b: Invalid mccmnc 
I/vgn     ( 1002): 45-xlb -- metadata{ service_id: 0 }
W/System.err(24578): android.content.pm.PackageManager$NameNotFoundException
W/System.err(24578): 	at android.app.ApplicationPackageManager.getPackageInfo(ApplicationPackageManager.java:114)
W/System.err(24578): 	at com.estrongs.android.pop.app.c.ai.c(Unknown Source)
W/System.err(24578): 	at com.estrongs.android.pop.app.c.ai.a(Unknown Source)
W/System.err(24578): 	at com.estrongs.android.pop.app.scene.e.q.a(Unknown Source)
W/System.err(24578): 	at com.estrongs.android.scanner.c.m.run(Unknown Source)
W/System.err(24578): 	at java.util.concurrent.ThreadPoolExecutor.runWorker(ThreadPoolExecutor.java:1112)
W/System.err(24578): 	at java.util.concurrent.ThreadPoolExecutor$Worker.run(ThreadPoolExecutor.java:587)
W/System.err(24578): 	at java.lang.Thread.run(Thread.java:818)
W/Wifi    ( 3670): Failed to read packet and byte counts from wifi interface
E/WifiStateMachine(  452): WifiStateMachine CMD_START_SCAN source -2 txSuccessRate=37.38 rxSuccessRate=35.74 targetRoamBSSID=any RSSI=-43
E/WifiStateMachine(  452): WifiStateMachine starting scan for "YOU SHALL NOT PASS"WPA_PSK with 2437
W/Wifi    ( 3670): Failed to read packet and byte counts from wifi interface
W/Wifi    ( 3670): Failed to read packet and byte counts from wifi interface
W/Wifi    ( 3670): Failed to read packet and byte counts from wifi interface
W/Wifi    ( 3670): Failed to read packet and byte counts from wifi interface
W/Wifi    ( 3670): Failed to read packet and byte counts from wifi interface
W/Wifi    ( 3670): Failed to read packet and byte counts from wifi interface
W/Wifi    ( 3670): Failed to read packet and byte counts from wifi interface
W/Wifi    ( 3670): Failed to read packet and byte counts from wifi interface
W/Wifi    ( 3670): Failed to read packet and byte counts from wifi interface
W/Wifi    ( 3670): Failed to read packet and byte counts from wifi interface
W/Wifi    ( 3670): Failed to read packet and byte counts from wifi interface
W/Wifi    ( 3670): Failed to read packet and byte counts from wifi interface
W/Settings( 3670): Setting http_proxy has moved from android.provider.Settings.Secure to android.provider.Settings.Global.
W/Wifi    ( 3670): Failed to read packet and byte counts from wifi interface
W/Wifi    ( 3670): Failed to read packet and byte counts from wifi interface
I/chromium(30945): [INFO:CONSOLE(11)] "STARTME---1529992314574", source: https://adhivirapt.github.io/geolocationtest_high.js (11)
W/Wifi    ( 3670): Failed to read packet and byte counts from wifi interface
W/Wifi    ( 3670): Failed to read packet and byte counts from wifi interface
W/Wifi    ( 3670): Failed to read packet and byte counts from wifi interface
W/GmsLocationProvider( 9797): Error removing location updates: 16
W/Wifi    ( 3670): Failed to read packet and byte counts from wifi interface
I/ActivityManager(  452): Start proc 31301:com.android.chrome:sandboxed_process5/u0i125 for service com.android.chrome/org.chromium.content.app.SandboxedProcessService5
W/dboxed_process5(31301): type=1400 audit(0.0:1300): avc: denied { search } for name="tmp" dev="dm-0" ino=49 scontext=u:r:isolated_app:s0 tcontext=u:object_r:shell_data_file:s0 tclass=dir permissive=0
I/cr_ChildProcessService(31301): Creating new ChildProcessService pid=31301
I/cr_LibraryLoader(31301): Using linker: org.chromium.base.library_loader.LegacyLinker
W/linker  (31301): libchromium_android_linker.so: unused DT entry: type 0x6ffffffe arg 0xce8
W/linker  (31301): libchromium_android_linker.so: unused DT entry: type 0x6fffffff arg 0x3
I/cr_LibraryLoader(31301): Loading chrome from within /data/app/com.android.chrome-2/base.apk
I/cr_LibraryLoader(31301): Time to load native libraries: 36 ms (timestamps 9160-9196)
I/chromium(31301): [INFO:library_loader_hooks.cc(136)] Chromium logging enabled: level = 0, default verbosity = 0
I/cr_LibraryLoader(31301): Expected native library version number "61.0.3163.98", actual native library version number "61.0.3163.98"
W/Wifi    ( 3670): Failed to read packet and byte counts from wifi interface
D/AndroidRuntime(31320): >>>>>> START com.android.internal.os.RuntimeInit uid 2000 <<<<<<
D/AndroidRuntime(31320): CheckJNI is OFF
D/AndroidRuntime(31320): Calling main entry com.android.commands.input.Input
I/Input   (31320): injectMotionEvent: MotionEvent { action=ACTION_DOWN, id[0]=0, x[0]=1256.0, y[0]=1890.0, toolType[0]=TOOL_TYPE_UNKNOWN, buttonState=0, metaState=0, flags=0x0, edgeFlags=0x0, pointerCount=1, historySize=0, eventTime=59930372, downTime=59930372, deviceId=0, source=0x1002 }
I/Input   (31320): injectMotionEvent: MotionEvent { action=ACTION_UP, id[0]=0, x[0]=1256.0, y[0]=1890.0, toolType[0]=TOOL_TYPE_UNKNOWN, buttonState=0, metaState=0, flags=0x0, edgeFlags=0x0, pointerCount=1, historySize=0, eventTime=59930372, downTime=59930372, deviceId=0, source=0x1002 }
D/AndroidRuntime(31320): Shutting down VM
I/cr_LocationProvider(30945): Google Play Services
D/audio_hw_primary(  205): out_set_parameters: enter: usecase(0: playback) kvpairs: routing=2 out->devices(2) adev->mode(0)
W/ctxmgr  (  949): [AclManager]No 2 for (accnt=account#1644684176#, com.google.android.gms(10008):UserLocationProducer, vrsn=12685000, 0, 3pPkg = null ,  3pMdlId = null ,  pid = 949). Was: 2 for 1, account#1644684176#
W/ctxmgr  (  949): [AclManager]No 2 for (accnt=account#1813920180#, com.google.android.gms(10008):UserLocationProducer, vrsn=12685000, 0, 3pPkg = null ,  3pMdlId = null ,  pid = 949). Was: 2 for 1, account#1813920180#
D/libgps  (  452): proxy_gps_set_position_mode: mode = 1, recurrence = 0, min_interval = 1000, preferred_accuracy = 0, preferred_time = 0
D/libgps  (  452): proxy_gps_start: called.
D/libgps  (  452): proxy_gps_status_cb: called.
D/libgps  (  452): proxy_gps_status_cb: called.
D/GpsLocationProvider(  452): NTP server returned: 1529992296844 (Tue Jun 26 07:51:36 GMT+02:00 2018) reference: 86491375 certainty: 30 system time offset: -23047
D/libgps  (  452): proxy_gps_inject_time: exit
W/Wifi    ( 3670): Failed to read packet and byte counts from wifi interface
D/gpsd    (  213): $PGLOR,0,RID,47521,17,19,13,213923*34

W/ctxmgr  (  949): [AclManager]No 2 for (accnt=account#-517948760#, com.google.android.gms(10008):IndoorOutdoorProducer, vrsn=12685000, 0, 3pPkg = null ,  3pMdlId = null ,  pid = 949). Was: 3 for 57, account#-517948760#
E/WifiStateMachine(  452): WifiStateMachine CMD_START_SCAN source -2 txSuccessRate=9.20 rxSuccessRate=5.22 targetRoamBSSID=any RSSI=-43
E/WifiStateMachine(  452): WifiStateMachine starting scan for "YOU SHALL NOT PASS"WPA_PSK with 2437
W/Wifi    ( 3670): Failed to read packet and byte counts from wifi interface
W/Wifi    ( 3670): Failed to read packet and byte counts from wifi interface
