V/WindowManager(  452): addAppToken: AppWindowToken{36b48dd6 token=Token{38d0df1 ActivityRecord{136198 u0 com.android.chrome/com.google.android.apps.chrome.Main t13046}}} to stack=1 task=13046 at 0
D/audio_hw_primary(  205): out_set_parameters: enter: usecase(0: playback) kvpairs: routing=2 out->devices(2) adev->mode(0)
D/ConnectivityService(  452): releasing NetworkRequest NetworkRequest [ id=785, legacyType=-1, [ Capabilities: INTERNET&NOT_RESTRICTED&TRUSTED] ]
D/ConnectivityManager.CallbackHandler(28672): CM callback handler got msg 524296
D/ConnectivityService(  452): listenForNetwork for NetworkRequest [ id=786, legacyType=-1, [ Capabilities: INTERNET&NOT_RESTRICTED&TRUSTED] ]
D/ConnectivityService(  452): handleRegisterNetworkRequest checking NetworkAgentInfo [WIFI () - 105]
D/ConnectivityService(  452): apparently satisfied.  currentScore=60
D/ConnectivityManager.CallbackHandler(28672): CM callback handler got msg 524290
I/cr_InstantAppsHandler(28672): Not handling with Instant Apps (other)
I/ActivityManager(  452): START u0 {act=android.intent.action.VIEW flg=0x14002000 cmp=com.android.chrome/org.chromium.chrome.browser.ChromeTabbedActivity (has extras)} from uid 10035 on display 0
V/WindowManager(  452): addAppToken: AppWindowToken{1daf81ae token=Token{97e8a29 ActivityRecord{19d8cbb0 u0 com.android.chrome/org.chromium.chrome.browser.ChromeTabbedActivity t13047}}} to stack=1 task=13047 at 0
V/WindowManager(  452): Based on layer: Adding window Window{fc97547 u0 Starting com.android.chrome} at 4 of 18
I/PBSessionCacheImpl( 9797): Deleted sessionId[21180898534645] from persistence.
I/MicroDetector( 9797): Keeping mic open: false
I/DeviceStateChecker( 9797): DeviceStateChecker cancelled
I/AudioController( 9797): internalShutdown
I/MicrophoneInputStream( 9797): mic_close com.google.android.apps.gsa.speech.audio.af@336d1064
I/MicroRecognitionRunner( 9797): Stopping hotword detection.
I/SoundTriggerHwService::Module(  205): void android::SoundTriggerHwService::Module::onCallbackEvent(const android::sp<android::SoundTriggerHwService::CallbackEvent>&) mClient == 0
I/ActivityManager(  452): Killing 27158:com.google.android.contacts/u0a9 (adj 15): empty #17
E/WorkerRegistryImpl( 9797): getWorker() is called after WorkerRegistry disposal.
E/WorkerRegistryImpl( 9797): getWorker() is called after WorkerRegistry disposal.
E/WorkerRegistryImpl( 9797): getWorker() is called after WorkerRegistry disposal.
E/WorkerRegistryImpl( 9797): getWorker() is called after WorkerRegistry disposal.
E/WorkerRegistryImpl( 9797): getWorker() is called after WorkerRegistry disposal.
E/WorkerRegistryImpl( 9797): getWorker() is called after WorkerRegistry disposal.
E/WorkerRegistryImpl( 9797): getWorker() is called after WorkerRegistry disposal.
E/WorkerRegistryImpl( 9797): getWorker() is called after WorkerRegistry disposal.
E/WorkerRegistryImpl( 9797): getWorker() is called after WorkerRegistry disposal.
E/WorkerRegistryImpl( 9797): getWorker() is called after WorkerRegistry disposal.
E/WorkerRegistryImpl( 9797): getWorker() is called after WorkerRegistry disposal.
E/WorkerRegistryImpl( 9797): getWorker() is called after WorkerRegistry disposal.
E/WorkerRegistryImpl( 9797): getWorker() is called after WorkerRegistry disposal.
E/WorkerRegistryImpl( 9797): getWorker() is called after WorkerRegistry disposal.
E/WorkerRegistryImpl( 9797): getWorker() is called after WorkerRegistry disposal.
E/WorkerRegistryImpl( 9797): getWorker() is called after WorkerRegistry disposal.
E/WorkerRegistryImpl( 9797): getWorker() is called after WorkerRegistry disposal.
E/WorkerRegistryImpl( 9797): getWorker() is called after WorkerRegistry disposal.
E/WorkerRegistryImpl( 9797): getWorker() is called after WorkerRegistry disposal.
E/WorkerRegistryImpl( 9797): getWorker() is called after WorkerRegistry disposal.
E/WorkerRegistryImpl( 9797): getWorker() is called after WorkerRegistry disposal.
I/MicroRecognitionRunner( 9797): Detection finished
W/cr_tabmodel(28672): Starting to perform legacy migration.
W/cr_tabmodel(28672): Finished performing legacy migration.
W/cr_tabmodel(28672): Starting to perform multi-instance migration.
W/cr_tabmodel(28672): Finished performing multi-instance migration.
W/cr_tabmodel(28672): Starting to fetch tab list.
E/cr_tabmodel(28672): State file does not exist.
I/ActivityManager(  452): Start proc 28829:com.android.chrome:sandboxed_process1/u0i82 for service com.android.chrome/org.chromium.content.app.SandboxedProcessService1
V/WindowManager(  452): Adding window Window{297e4c55 u0 com.android.chrome/org.chromium.chrome.browser.ChromeTabbedActivity} at 4 of 19 (before Window{fc97547 u0 Starting com.android.chrome})
I/art     (  452): Explicit concurrent mark sweep GC freed 32174(1728KB) AllocSpace objects, 3(60KB) LOS objects, 33% free, 29MB/44MB, paused 2.472ms total 129.665ms
I/vgn     (  949): 67-RequestPlaceUpdates -- metadata{ service_id: 0 }
W/dboxed_process1(28829): type=1400 audit(0.0:1257): avc: denied { search } for name="tmp" dev="dm-0" ino=49 scontext=u:r:isolated_app:s0 tcontext=u:object_r:shell_data_file:s0 tclass=dir permissive=0
I/vgn     (  949): 67-RemovePlaceUpdates -- metadata{ service_id: 0 }
W/Wifi    ( 3670): Failed to read packet and byte counts from wifi interface
I/cr_ChildProcessService(28829): Creating new ChildProcessService pid=28829
I/Places  (  949): ?: PlacesBleScanner stop()
I/BeaconBle(  949): Scan canceled successfully.
I/PlaceInferenceEngine(  949): [anon] Changed inference mode: 0
I/chromium(28702): [INFO:child_process_service_impl.cc(70)] ChildProcessServiceImpl: Exiting child process.
I/GeofencerStateMachine(  949): removeGeofences: removeRequest=RemoveGeofencingRequest[REMOVE_BY_PENDING_INTENT pendingIntent=PendingIntent[creatorPackage=com.google.android.gms], packageName=null]
W/libprocessgroup(  452): failed to open /acct/uid_10035/pid_28702/cgroup.procs: No such file or directory
I/ActivityManager(  452): Process com.android.chrome:sandboxed_process0 (pid 28702) has died
W/ActivityManager(  452): Scheduling restart of crashed service com.android.chrome/org.chromium.content.app.SandboxedProcessService0 in 1000ms
V/WindowManager(  452): Adding window Window{373f88c2 u0 SurfaceView} at 4 of 20 (before Window{297e4c55 u0 com.android.chrome/org.chromium.chrome.browser.ChromeTabbedActivity})
I/ActivityManager(  452): Displayed com.android.chrome/org.chromium.chrome.browser.ChromeTabbedActivity: +963ms (total +1s37ms)
E/WifiStateMachine(  452): WifiStateMachine CMD_START_SCAN source -2 txSuccessRate=48.71 rxSuccessRate=45.06 targetRoamBSSID=any RSSI=-41
W/cr_ChildProcessConn(28672): onServiceDisconnected (crash or killed by oom): pid=28702
I/cr_LibraryLoader(28829): Using linker: org.chromium.base.library_loader.LegacyLinker
W/linker  (28829): libchromium_android_linker.so: unused DT entry: type 0x6ffffffe arg 0xce8
W/linker  (28829): libchromium_android_linker.so: unused DT entry: type 0x6fffffff arg 0x3
I/cr_LibraryLoader(28829): Loading chrome from within /data/app/com.android.chrome-2/base.apk
I/cr_LibraryLoader(28829): Time to load native libraries: 67 ms (timestamps 1116-1183)
I/chromium(28829): [INFO:library_loader_hooks.cc(136)] Chromium logging enabled: level = 0, default verbosity = 0
I/cr_LibraryLoader(28829): Expected native library version number "61.0.3163.98", actual native library version number "61.0.3163.98"
I/art     (28672): Rejecting re-init on previously-failed class java.lang.Class<org.chromium.content.browser.FloatingActionModeCallback>
I/art     (28672): Rejecting re-init on previously-failed class java.lang.Class<org.chromium.content.browser.FloatingActionModeCallback>
W/cr_media(28672): Requires BLUETOOTH permission
I/ActivityManager(  452): Start proc 28853:com.android.chrome:sandboxed_process2/u0i83 for service com.android.chrome/org.chromium.content.app.SandboxedProcessService2
D/BluetoothAdapter( 9797): 187978726: getState() :  mService = null. Returning STATE_OFF
D/BluetoothAdapter( 9797): 187978726: getState() :  mService = null. Returning STATE_OFF
I/VoiceSearchSettings( 9797): Hotword upgrade key is null!
I/VISHotwordAdapter( 9797): #initialize, locale=en-US, keyPhrase=Ok Google
W/dboxed_process2(28853): type=1400 audit(0.0:1258): avc: denied { search } for name="tmp" dev="dm-0" ino=49 scontext=u:r:isolated_app:s0 tcontext=u:object_r:shell_data_file:s0 tclass=dir permissive=0
I/GsaVoiceInteractionSrv(  800): initializeAlwaysOnHotwordDetector locale en-US hotwordPhrase Ok Google
I/cr_ChildProcessService(28853): Creating new ChildProcessService pid=28853
I/art     (28672): Background sticky concurrent mark sweep GC freed 26928(2MB) AllocSpace objects, 23(408KB) LOS objects, 11% free, 15MB/17MB, paused 12.947ms total 73.138ms
I/cr_LibraryLoader(28853): Using linker: org.chromium.base.library_loader.LegacyLinker
W/linker  (28853): libchromium_android_linker.so: unused DT entry: type 0x6ffffffe arg 0xce8
W/linker  (28853): libchromium_android_linker.so: unused DT entry: type 0x6fffffff arg 0x3
W/Wifi    ( 3670): Failed to read packet and byte counts from wifi interface
I/ActivityManager(  452): Activity reported stop, but no longer stopping: ActivityRecord{1c0ff9a8 u0 com.android.chrome/org.chromium.chrome.browser.firstrun.FirstRunActivity t13045 f}
I/cr_LibraryLoader(28853): Loading chrome from within /data/app/com.android.chrome-2/base.apk
I/orc     (  949): 51-GetExperimentTokensOperationCall -- metadata{ service_id: 0 }
I/cr_LibraryLoader(28853): Time to load native libraries: 140 ms (timestamps 1699-1839)
I/chromium(28853): [INFO:library_loader_hooks.cc(136)] Chromium logging enabled: level = 0, default verbosity = 0
I/cr_LibraryLoader(28853): Expected native library version number "61.0.3163.98", actual native library version number "61.0.3163.98"
E/aght    (  949): Phenotype API error. Event a <
E/aght    (  949):   a: "LOCAL.com.google.android.agsa.QSB"
E/aght    (  949):   b: 0
E/aght    (  949):   e: ""
E/aght    (  949):   f: ""
E/aght    (  949):   g: 0
E/aght    (  949):   h: 0
E/aght    (  949):   i: ""
E/aght    (  949):   j: 37
E/aght    (  949): >
E/aght    (  949): e: # bjzl@f5130810
E/aght    (  949): , EventCode: 7 -- metadata{ service_id: 51 }
E/aght    (  949): aggm: 29505: No config packages for log source, or config package not registered
E/aght    (  949): 	at agif.b(:com.google.android.gms@12685011@12.6.85 (020406-197041431):4)
E/aght    (  949): 	at aght.a(:com.google.android.gms@12685011@12.6.85 (020406-197041431):40)
E/aght    (  949): 	at aght.a(:com.google.android.gms@12685011@12.6.85 (020406-197041431):108)
E/aght    (  949): 	at ord.run(:com.google.android.gms@12685011@12.6.85 (020406-197041431):40)
E/aght    (  949): 	at azvp.run(:com.google.android.gms@12685011@12.6.85 (020406-197041431):2)
E/aght    (  949): 	at ovl.run(:com.google.android.gms@12685011@12.6.85 (020406-197041431):27)
E/aght    (  949): 	at java.util.concurrent.ThreadPoolExecutor.runWorker(ThreadPoolExecutor.java:1112)
E/aght    (  949): 	at java.util.concurrent.ThreadPoolExecutor$Worker.run(ThreadPoolExecutor.java:587)
E/aght    (  949): 	at pbm.run(:com.google.android.gms@12685011@12.6.85 (020406-197041431))
E/aght    (  949): 	at java.lang.Thread.run(Thread.java:818)
E/AsyncOperation(  949): serviceID=51, operation=GetExperimentTokensOperationCall
E/AsyncOperation(  949): OperationException[Status{statusCode=No config packages for log source, or config package not registered, resolution=null}]
E/AsyncOperation(  949): 	at aght.a(:com.google.android.gms@12685011@12.6.85 (020406-197041431):53)
E/AsyncOperation(  949): 	at aght.a(:com.google.android.gms@12685011@12.6.85 (020406-197041431):108)
E/AsyncOperation(  949): 	at ord.run(:com.google.android.gms@12685011@12.6.85 (020406-197041431):40)
E/AsyncOperation(  949): 	at azvp.run(:com.google.android.gms@12685011@12.6.85 (020406-197041431):2)
E/AsyncOperation(  949): 	at ovl.run(:com.google.android.gms@12685011@12.6.85 (020406-197041431):27)
E/AsyncOperation(  949): 	at java.util.concurrent.ThreadPoolExecutor.runWorker(ThreadPoolExecutor.java:1112)
E/AsyncOperation(  949): 	at java.util.concurrent.ThreadPoolExecutor$Worker.run(ThreadPoolExecutor.java:587)
E/AsyncOperation(  949): 	at pbm.run(:com.google.android.gms@12685011@12.6.85 (020406-197041431))
E/AsyncOperation(  949): 	at java.lang.Thread.run(Thread.java:818)
I/cr_SnippetsLauncher(28672): Scheduling: 172800 172800
I/art     (28672): Background sticky concurrent mark sweep GC freed 15224(838KB) AllocSpace objects, 5(87KB) LOS objects, 2% free, 17MB/17MB, paused 6.284ms total 89.615ms
I/art     (28672): Background partial concurrent mark sweep GC freed 5966(425KB) AllocSpace objects, 10(1028KB) LOS objects, 40% free, 16MB/26MB, paused 5.176ms total 126.849ms
I/cr_BindingManager(28672): Moderate binding enabled: maxSize=20
I/ActivityManager(  452): Start proc 28895:com.android.providers.partnerbookmarks/u0a65 for content provider com.android.providers.partnerbookmarks/.PartnerBookmarksProvider
I/Icing   ( 1002): IndexChimeraService.getServiceInterface callingPackage=com.android.chrome componentName=null serviceId=36
I/Icing   ( 1002): IndexChimeraService.getServiceInterface callingPackage=com.android.chrome componentName=null serviceId=36
I/vgn     (  949): 19-GetFileDescriptorAndDelete -- metadata{ service_id: 0 }
I/Icing   ( 1002): Usage reports ok 0, Failed Usage reports 0, indexed 0, rejected 0, imm upload false
I/vgn     (  949): 19-GetFileDescriptorAndDelete -- metadata{ service_id: 0 }
I/Icing   ( 1002): Usage reports ok 0, Failed Usage reports 0, indexed 0, rejected 0, imm upload false
I/Icing   ( 1002): Removing corpus key 94FBE96EEF13B8AC56FE8C01687FD8A6012559AC for package com.android.chrome
W/Wifi    ( 3670): Failed to read packet and byte counts from wifi interface
W/Nearby  (  949): Bind call too late - someone already tried to get: interface bghz -- metadata{ service_id: 0 }
E/PartnerBookmarksReader(28672): ATTENTION: not using partner bookmarks as none were provided
I/ActivityManager(  452): Killing 27638:com.google.android.configupdater/u0a37 (adj 15): empty #17
I/dex2oat (28918): /system/bin/dex2oat --runtime-arg -classpath --runtime-arg  --instruction-set=arm --instruction-set-features=default --runtime-arg -Xrelocate --boot-image=/system/framework/boot.art --dex-file=/data/data/com.android.chrome/app_dex/webapk1.dex --oat-fd=211 --oat-location=/data/data/com.android.chrome/app_dex/arm/webapk1.dex --runtime-arg -Xms64m --runtime-arg -Xmx512m
I/dex2oat (28918): dex2oat took 39.664ms (threads: 2) arena alloc=87KB java alloc=6KB native alloc=618KB free=17KB
D/TaskPersister(  452): removeObsoleteFile: deleting file=13045_task_thumbnail.png
W/Wifi    ( 3670): Failed to read packet and byte counts from wifi interface
W/Wifi    ( 3670): Failed to read packet and byte counts from wifi interface
I/Icing   ( 1002): Scored 188 usage reports, missing_corpora 2 update_failed 26
W/Wifi    ( 3670): Failed to read packet and byte counts from wifi interface
I/Icing   ( 1002): Indexing 94FBE96EEF13B8AC56FE8C01687FD8A6012559AC from com.android.chrome
I/Icing   ( 1002): Indexing done 94FBE96EEF13B8AC56FE8C01687FD8A6012559AC
I/chromium(28829): [INFO:child_process_service_impl.cc(70)] ChildProcessServiceImpl: Exiting child process.
W/chromium(28672): [WARNING:compositor_view.cc(255)] Child process disconnected (type=6) pid=28829)
W/libprocessgroup(  452): failed to open /acct/uid_10035/pid_28829/cgroup.procs: No such file or directory
I/ActivityManager(  452): Process com.android.chrome:sandboxed_process1 (pid 28829) has died
W/ActivityManager(  452): Scheduling restart of crashed service com.android.chrome/org.chromium.content.app.SandboxedProcessService1 in 1000ms
W/cr_ChildProcessConn(28672): onServiceDisconnected (crash or killed by oom): pid=28829
I/ActivityManager(  452): Start proc 28934:com.android.chrome:sandboxed_process3/u0i84 for service com.android.chrome/org.chromium.content.app.SandboxedProcessService3
W/dboxed_process3(28934): type=1400 audit(0.0:1259): avc: denied { search } for name="tmp" dev="dm-0" ino=49 scontext=u:r:isolated_app:s0 tcontext=u:object_r:shell_data_file:s0 tclass=dir permissive=0
W/Wifi    ( 3670): Failed to read packet and byte counts from wifi interface
I/cr_ChildProcessService(28934): Creating new ChildProcessService pid=28934
I/cr_LibraryLoader(28934): Using linker: org.chromium.base.library_loader.LegacyLinker
W/linker  (28934): libchromium_android_linker.so: unused DT entry: type 0x6ffffffe arg 0xce8
W/linker  (28934): libchromium_android_linker.so: unused DT entry: type 0x6fffffff arg 0x3
I/cr_LibraryLoader(28934): Loading chrome from within /data/app/com.android.chrome-2/base.apk
I/cr_LibraryLoader(28934): Time to load native libraries: 72 ms (timestamps 6699-6771)
I/chromium(28934): [INFO:library_loader_hooks.cc(136)] Chromium logging enabled: level = 0, default verbosity = 0
I/cr_LibraryLoader(28934): Expected native library version number "61.0.3163.98", actual native library version number "61.0.3163.98"
W/Wifi    ( 3670): Failed to read packet and byte counts from wifi interface
I/cr_omaha(28672): Request to Server Successful. Timestamp for next request:1529994706978
I/cr_omaha(28672): Request to Server Successful. Timestamp for next request:1529994707041
I/cr_omaha(28672): Attempting to schedule next job for: Tue Jun 26 12:31:45 GMT+02:00 2018
I/cr_omaha(28672): Scheduled using AlarmManager and IntentService
E/WakeLock(  949): release without a matched acquire!
W/Wifi    ( 3670): Failed to read packet and byte counts from wifi interface
W/Wifi    ( 3670): Failed to read packet and byte counts from wifi interface
I/EventLogSendingHelper( 9797): Sending log events.
D/AndroidRuntime(28965): >>>>>> START com.android.internal.os.RuntimeInit uid 2000 <<<<<<
D/AndroidRuntime(28965): CheckJNI is OFF
W/Wifi    ( 3670): Failed to read packet and byte counts from wifi interface
D/AndroidRuntime(28965): Calling main entry com.android.commands.am.Am
I/Trepn   (28628): Trepn 6.2s: Received intent: com.quicinc.trepn.start_profiling
W/FileUtils(28628): Failed to chmod(/storage/emulated/0/trepn/Trepn_2018.06.26_073150.db): android.system.ErrnoException: chmod failed: EPERM (Operation not permitted)
D/OpenGLRenderer(28628): Use EGL_SWAP_BEHAVIOR_PRESERVED: true
I/Trepn   (28628): Trepn 6.2s: Trepn has Started Profiling.
D/AndroidRuntime(28965): Shutting down VM
I/OpenGLRenderer(28628): Initialized EGL, version 1.4
W/Wifi    ( 3670): Failed to read packet and byte counts from wifi interface
D/OpenGLRenderer(28628): Enabling debug mode 0
I/chromium(28934): [INFO:child_process_service_impl.cc(70)] ChildProcessServiceImpl: Exiting child process.
W/libprocessgroup(  452): failed to open /acct/uid_10035/pid_28934/cgroup.procs: No such file or directory
I/ActivityManager(  452): Process com.android.chrome:sandboxed_process3 (pid 28934) has died
W/ActivityManager(  452): Scheduling restart of crashed service com.android.chrome/org.chromium.content.app.SandboxedProcessService3 in 1000ms
W/cr_ChildProcessConn(28672): onServiceDisconnected (crash or killed by oom): pid=28934
W/chromium(28672): [WARNING:compositor_view.cc(255)] Child process disconnected (type=6) pid=28934)
D/AndroidRuntime(28996): >>>>>> START com.android.internal.os.RuntimeInit uid 2000 <<<<<<
D/AndroidRuntime(28996): CheckJNI is OFF
I/ActivityManager(  452): Start proc 28998:com.android.chrome:sandboxed_process4/u0i85 for service com.android.chrome/org.chromium.content.app.SandboxedProcessService4
W/dboxed_process4(28998): type=1400 audit(0.0:1260): avc: denied { search } for name="tmp" dev="dm-0" ino=49 scontext=u:r:isolated_app:s0 tcontext=u:object_r:shell_data_file:s0 tclass=dir permissive=0
I/cr_ChildProcessService(28998): Creating new ChildProcessService pid=28998
I/cr_LibraryLoader(28998): Using linker: org.chromium.base.library_loader.LegacyLinker
W/linker  (28998): libchromium_android_linker.so: unused DT entry: type 0x6ffffffe arg 0xce8
W/linker  (28998): libchromium_android_linker.so: unused DT entry: type 0x6fffffff arg 0x3
I/cr_LibraryLoader(28998): Loading chrome from within /data/app/com.android.chrome-2/base.apk
I/cr_LibraryLoader(28998): Time to load native libraries: 59 ms (timestamps 2042-2101)
I/chromium(28998): [INFO:library_loader_hooks.cc(136)] Chromium logging enabled: level = 0, default verbosity = 0
I/cr_LibraryLoader(28998): Expected native library version number "61.0.3163.98", actual native library version number "61.0.3163.98"
D/AndroidRuntime(28996): Calling main entry com.android.commands.am.Am
I/ActivityManager(  452): START u0 {act=android.intent.action.VIEW dat=https://adhivirapt.github.io/ flg=0x10000000 cmp=com.android.chrome/com.google.android.apps.chrome.Main} from uid 2000 on display 0
V/WindowManager(  452): addAppToken: AppWindowToken{23ed00e1 token=Token{9608a48 ActivityRecord{2c864ceb u0 com.android.chrome/com.google.android.apps.chrome.Main t13048}}} to stack=1 task=13048 at 0
D/AndroidRuntime(28996): Shutting down VM
D/ConnectivityService(  452): releasing NetworkRequest NetworkRequest [ id=786, legacyType=-1, [ Capabilities: INTERNET&NOT_RESTRICTED&TRUSTED] ]
D/ConnectivityManager.CallbackHandler(28672): CM callback handler got msg 524296
W/cr_Autocomplete(28672): stopping autocomplete.
D/ConnectivityService(  452): listenForNetwork for NetworkRequest [ id=787, legacyType=-1, [ Capabilities: INTERNET&NOT_RESTRICTED&TRUSTED] ]
D/ConnectivityService(  452): handleRegisterNetworkRequest checking NetworkAgentInfo [WIFI () - 105]
D/ConnectivityService(  452): apparently satisfied.  currentScore=60
D/ConnectivityManager.CallbackHandler(28672): CM callback handler got msg 524290
I/cr_InstantAppsHandler(28672): Not handling with Instant Apps because Chrome is not default or there's a specialized handler
I/ActivityManager(  452): START u0 {act=android.intent.action.VIEW dat=https://adhivirapt.github.io/ flg=0x14002000 cmp=com.android.chrome/org.chromium.chrome.browser.ChromeTabbedActivity (has extras)} from uid 10035 on display 0
W/InputMethodManagerService(  452): Window already focused, ignoring focus gain of: com.android.internal.view.IInputMethodClient$Stub$Proxy@332c5a60 attribute=null, token = android.os.BinderProxy@3acacb0c
W/Wifi    ( 3670): Failed to read packet and byte counts from wifi interface
I/ActivityManager(  452): Start proc 29028:com.android.chrome:sandboxed_process5/u0i86 for service com.android.chrome/org.chromium.content.app.SandboxedProcessService5
W/dboxed_process5(29028): type=1400 audit(0.0:1261): avc: denied { search } for name="tmp" dev="dm-0" ino=49 scontext=u:r:isolated_app:s0 tcontext=u:object_r:shell_data_file:s0 tclass=dir permissive=0
I/cr_ChildProcessService(29028): Creating new ChildProcessService pid=29028
I/cr_LibraryLoader(29028): Using linker: org.chromium.base.library_loader.LegacyLinker
W/linker  (29028): libchromium_android_linker.so: unused DT entry: type 0x6ffffffe arg 0xce8
W/linker  (29028): libchromium_android_linker.so: unused DT entry: type 0x6fffffff arg 0x3
I/vgn     ( 1002): 45-xlb -- metadata{ service_id: 0 }
I/cr_LibraryLoader(29028): Loading chrome from within /data/app/com.android.chrome-2/base.apk
I/cr_LibraryLoader(29028): Time to load native libraries: 46 ms (timestamps 2797-2843)
I/chromium(29028): [INFO:library_loader_hooks.cc(136)] Chromium logging enabled: level = 0, default verbosity = 0
I/cr_LibraryLoader(29028): Expected native library version number "61.0.3163.98", actual native library version number "61.0.3163.98"
I/orc     ( 1002): 28-GetActiveNetworkQuality -- metadata{ service_id: 0 }
I/vgn     ( 1002): 45-xlb -- metadata{ service_id: 0 }
I/art     (  452): Explicit concurrent mark sweep GC freed 21706(1088KB) AllocSpace objects, 1(20KB) LOS objects, 32% free, 32MB/48MB, paused 772us total 170.873ms
I/vgn     (  949): 35-GetDeviceDataUploadOptInStatusOperation -- metadata{ service_id: 0 }
I/vgn     (  949): 35-GetDeviceDataUploadOptInStatusOperation -- metadata{ service_id: 0 }
W/Herrevad( 1002): [2343] wux.b: Invalid mccmnc 
W/Herrevad( 1002): [2343] wux.b: Invalid mccmnc 
W/Wifi    ( 3670): Failed to read packet and byte counts from wifi interface
I/art     ( 1002): Background sticky concurrent mark sweep GC freed 263105(6MB) AllocSpace objects, 1(132KB) LOS objects, 13% free, 33MB/38MB, paused 11.877ms total 66.727ms
W/Wifi    ( 3670): Failed to read packet and byte counts from wifi interface
W/Wifi    ( 3670): Failed to read packet and byte counts from wifi interface
W/Wifi    ( 3670): Failed to read packet and byte counts from wifi interface
I/chromium(28998): [INFO:child_process_service_impl.cc(70)] ChildProcessServiceImpl: Exiting child process.
W/chromium(28672): [WARNING:compositor_view.cc(255)] Child process disconnected (type=6) pid=28998)
W/libprocessgroup(  452): failed to open /acct/uid_10035/pid_28998/cgroup.procs: No such file or directory
I/ActivityManager(  452): Process com.android.chrome:sandboxed_process4 (pid 28998) has died
W/ActivityManager(  452): Scheduling restart of crashed service com.android.chrome/org.chromium.content.app.SandboxedProcessService4 in 1000ms
W/cr_ChildProcessConn(28672): onServiceDisconnected (crash or killed by oom): pid=28998
W/Wifi    ( 3670): Failed to read packet and byte counts from wifi interface
W/Wifi    ( 3670): Failed to read packet and byte counts from wifi interface
W/Wifi    ( 3670): Failed to read packet and byte counts from wifi interface
W/Wifi    ( 3670): Failed to read packet and byte counts from wifi interface
E/WifiStateMachine(  452): WifiStateMachine CMD_START_SCAN source -2 txSuccessRate=29.07 rxSuccessRate=27.05 targetRoamBSSID=any RSSI=-45
E/WifiStateMachine(  452): WifiStateMachine starting scan for "YOU SHALL NOT PASS"WPA_PSK with 2437
W/Wifi    ( 3670): Failed to read packet and byte counts from wifi interface
W/Wifi    ( 3670): Failed to read packet and byte counts from wifi interface
I/vgn     (  949): 35-GetDeviceDataUploadOptInStatusOperation -- metadata{ service_id: 0 }
I/vgn     (  949): 35-GetDeviceDataUploadOptInStatusOperation -- metadata{ service_id: 0 }
W/Wifi    ( 3670): Failed to read packet and byte counts from wifi interface
W/Wifi    ( 3670): Failed to read packet and byte counts from wifi interface
W/Wifi    ( 3670): Failed to read packet and byte counts from wifi interface
W/Wifi    ( 3670): Failed to read packet and byte counts from wifi interface
W/Wifi    ( 3670): Failed to read packet and byte counts from wifi interface
I/chromium(28672): [INFO:CONSOLE(11)] "STARTME---1529991127627", source: https://adhivirapt.github.io/geolocationtest_high.js (11)
W/Wifi    ( 3670): Failed to read packet and byte counts from wifi interface
W/Wifi    ( 3670): Failed to read packet and byte counts from wifi interface
W/GmsLocationProvider( 9797): Error removing location updates: 16
W/Wifi    ( 3670): Failed to read packet and byte counts from wifi interface
E/System  (28672): Uncaught exception thrown by finalizer
E/System  (28672): java.lang.IllegalStateException: Warning: Router objects should be explicitly closed when no longer required otherwise you may leak handles.
E/System  (28672): 	at org.chromium.mojo.bindings.AutoCloseableRouter.finalize(AutoCloseableRouter.java:18)
E/System  (28672): 	at java.lang.Daemons$FinalizerDaemon.doFinalize(Daemons.java:191)
E/System  (28672): 	at java.lang.Daemons$FinalizerDaemon.run(Daemons.java:174)
E/System  (28672): 	at java.lang.Thread.run(Thread.java:818)
W/Wifi    ( 3670): Failed to read packet and byte counts from wifi interface
I/ActivityManager(  452): Start proc 29064:com.android.chrome:sandboxed_process6/u0i87 for service com.android.chrome/org.chromium.content.app.SandboxedProcessService6
W/dboxed_process6(29064): type=1400 audit(0.0:1262): avc: denied { search } for name="tmp" dev="dm-0" ino=49 scontext=u:r:isolated_app:s0 tcontext=u:object_r:shell_data_file:s0 tclass=dir permissive=0
I/cr_ChildProcessService(29064): Creating new ChildProcessService pid=29064
I/cr_LibraryLoader(29064): Using linker: org.chromium.base.library_loader.LegacyLinker
W/linker  (29064): libchromium_android_linker.so: unused DT entry: type 0x6ffffffe arg 0xce8
W/linker  (29064): libchromium_android_linker.so: unused DT entry: type 0x6fffffff arg 0x3
I/cr_LibraryLoader(29064): Loading chrome from within /data/app/com.android.chrome-2/base.apk
I/cr_LibraryLoader(29064): Time to load native libraries: 34 ms (timestamps 2169-2203)
I/chromium(29064): [INFO:library_loader_hooks.cc(136)] Chromium logging enabled: level = 0, default verbosity = 0
I/cr_LibraryLoader(29064): Expected native library version number "61.0.3163.98", actual native library version number "61.0.3163.98"
W/Wifi    ( 3670): Failed to read packet and byte counts from wifi interface
D/AndroidRuntime(29083): >>>>>> START com.android.internal.os.RuntimeInit uid 2000 <<<<<<
D/AndroidRuntime(29083): CheckJNI is OFF
D/AndroidRuntime(29083): Calling main entry com.android.commands.input.Input
I/Input   (29083): injectMotionEvent: MotionEvent { action=ACTION_DOWN, id[0]=0, x[0]=1256.0, y[0]=1890.0, toolType[0]=TOOL_TYPE_UNKNOWN, buttonState=0, metaState=0, flags=0x0, edgeFlags=0x0, pointerCount=1, historySize=0, eventTime=58743476, downTime=58743476, deviceId=0, source=0x1002 }
I/Input   (29083): injectMotionEvent: MotionEvent { action=ACTION_UP, id[0]=0, x[0]=1256.0, y[0]=1890.0, toolType[0]=TOOL_TYPE_UNKNOWN, buttonState=0, metaState=0, flags=0x0, edgeFlags=0x0, pointerCount=1, historySize=0, eventTime=58743476, downTime=58743476, deviceId=0, source=0x1002 }
D/AndroidRuntime(29083): Shutting down VM
D/audio_hw_primary(  205): out_set_parameters: enter: usecase(0: playback) kvpairs: routing=2 out->devices(2) adev->mode(0)
I/cr_LocationProvider(28672): Google Play Services
W/ctxmgr  (  949): [AclManager]No 2 for (accnt=account#1813920180#, com.google.android.gms(10008):UserLocationProducer, vrsn=12685000, 0, 3pPkg = null ,  3pMdlId = null ,  pid = 949). Was: 2 for 1, account#1813920180#
W/ctxmgr  (  949): [AclManager]No 2 for (accnt=account#1644684176#, com.google.android.gms(10008):UserLocationProducer, vrsn=12685000, 0, 3pPkg = null ,  3pMdlId = null ,  pid = 949). Was: 2 for 1, account#1644684176#
D/libgps  (  452): proxy_gps_set_position_mode: mode = 1, recurrence = 0, min_interval = 1000, preferred_accuracy = 0, preferred_time = 0
I/CwMcuSensor(  452): CwMcuSensor::flush: fd = 218, sensors_id = 0, path = /sys/class/htc_sensorhub/sensor_hub/flush, err = 0
D/libgps  (  452): proxy_gps_start: called.
D/libgps  (  452): proxy_gps_status_cb: called.
W/Wifi    ( 3670): Failed to read packet and byte counts from wifi interface
D/libgps  (  452): proxy_gps_status_cb: called.
I/CwMcuSensor(  452): CwMcuSensor::flush: fd = 218, sensors_id = 0, path = /sys/class/htc_sensorhub/sensor_hub/flush, err = 0
D/GpsLocationProvider(  452): NTP server returned: 1529905875594 (Mon Jun 25 07:51:15 GMT+02:00 2018) reference: 69608 certainty: 13 system time offset: -85257528
D/libgps  (  452): proxy_gps_inject_time: exit
I/art     (  949): Explicit concurrent mark sweep GC freed 128094(6MB) AllocSpace objects, 35(2MB) LOS objects, 34% free, 30MB/46MB, paused 724us total 183.884ms
D/gpsd    (  213): $PGLOR,0,RID,47521,17,19,13,213923*34

W/ctxmgr  (  949): [AclManager]No 2 for (accnt=account#-517948760#, com.google.android.gms(10008):IndoorOutdoorProducer, vrsn=12685000, 0, 3pPkg = null ,  3pMdlId = null ,  pid = 949). Was: 3 for 57, account#-517948760#
W/Wifi    ( 3670): Failed to read packet and byte counts from wifi interface
W/Wifi    ( 3670): Failed to read packet and byte counts from wifi interface
W/Wifi    ( 3670): Failed to read packet and byte counts from wifi interface
I/chromium(29064): [INFO:child_process_service_impl.cc(70)] ChildProcessServiceImpl: Exiting child process.
W/chromium(28672): [WARNING:compositor_view.cc(255)] Child process disconnected (type=6) pid=29064)
W/libprocessgroup(  452): failed to open /acct/uid_10035/pid_29064/cgroup.procs: No such file or directory
W/cr_ChildProcessConn(28672): onServiceDisconnected (crash or killed by oom): pid=29064
I/ActivityManager(  452): Process com.android.chrome:sandboxed_process6 (pid 29064) has died
W/ActivityManager(  452): Scheduling restart of crashed service com.android.chrome/org.chromium.content.app.SandboxedProcessService6 in 1000ms
W/Wifi    ( 3670): Failed to read packet and byte counts from wifi interface
W/ctxmgr  (  949): [AclManager]No 2 for (accnt=account#1813920180#, com.google.android.gms(10008):UserLocationProducer, vrsn=12685000, 0, 3pPkg = null ,  3pMdlId = null ,  pid = 949). Was: 2 for 1, account#1813920180#
W/ctxmgr  (  949): [AclManager]No 2 for (accnt=account#1644684176#, com.google.android.gms(10008):UserLocationProducer, vrsn=12685000, 0, 3pPkg = null ,  3pMdlId = null ,  pid = 949). Was: 2 for 1, account#1644684176#
W/Wifi    ( 3670): Failed to read packet and byte counts from wifi interface
D/WifiService(  452): acquireWifiLockLocked: WifiLock{NlpWifiLock type=2 binder=android.os.BinderProxy@3d736720}
E/WifiStateMachine(  452): WifiStateMachine CMD_START_SCAN source 10008 txSuccessRate=9.68 rxSuccessRate=6.45 targetRoamBSSID=any RSSI=-45
W/ctxmgr  (  949): [AclManager]No 2 for (accnt=account#1813920180#, com.google.android.gms(10008):UserLocationProducer, vrsn=12685000, 0, 3pPkg = null ,  3pMdlId = null ,  pid = 949). Was: 2 for 1, account#1813920180#
W/ctxmgr  (  949): [AclManager]No 2 for (accnt=account#1644684176#, com.google.android.gms(10008):UserLocationProducer, vrsn=12685000, 0, 3pPkg = null ,  3pMdlId = null ,  pid = 949). Was: 2 for 1, account#1644684176#
W/ctxmgr  (  949): [AclManager]No 2 for (accnt=account#-517948760#, com.google.android.gms(10008):IndoorOutdoorProducer, vrsn=12685000, 0, 3pPkg = null ,  3pMdlId = null ,  pid = 949). Was: 3 for 57, account#-517948760#
E/WifiNetworkScoreCache(  452): updateScores list size=2
D/WifiService(  452): releaseWifiLockLocked: WifiLock{NlpWifiLock type=2 binder=android.os.BinderProxy@3d736720}
W/Wifi    ( 3670): Failed to read packet and byte counts from wifi interface
W/Wifi    ( 3670): Failed to read packet and byte counts from wifi interface
E/WifiStateMachine(  452): WifiStateMachine CMD_START_SCAN source -2 txSuccessRate=2.08 rxSuccessRate=1.31 targetRoamBSSID=any RSSI=-46
E/WifiStateMachine(  452): WifiStateMachine starting scan for "YOU SHALL NOT PASS"WPA_PSK with 2437
W/ctxmgr  (  949): [AclManager]No 2 for (accnt=account#1813920180#, com.google.android.gms(10008):UserLocationProducer, vrsn=12685000, 0, 3pPkg = null ,  3pMdlId = null ,  pid = 949). Was: 2 for 1, account#1813920180#
W/ctxmgr  (  949): [AclManager]No 2 for (accnt=account#1644684176#, com.google.android.gms(10008):UserLocationProducer, vrsn=12685000, 0, 3pPkg = null ,  3pMdlId = null ,  pid = 949). Was: 2 for 1, account#1644684176#
W/art     (24578): No such thread id for suspend: 27
W/art     (24578): No such thread id for suspend: 27
W/art     (24578): No such thread id for suspend: 27
W/art     (24578): No such thread id for suspend: 27
W/art     (24578): No such thread id for suspend: 27
W/art     (24578): No such thread id for suspend: 27
W/art     (24578): No such thread id for suspend: 27
W/art     (24578): No such thread id for suspend: 27
W/art     (24578): No such thread id for suspend: 27
W/art     (24578): No such thread id for suspend: 27
W/art     (24578): No such thread id for suspend: 27
W/Wifi    ( 3670): Failed to read packet and byte counts from wifi interface
W/ctxmgr  (  949): [AclManager]No 2 for (accnt=account#1813920180#, com.google.android.gms(10008):UserLocationProducer, vrsn=12685000, 0, 3pPkg = null ,  3pMdlId = null ,  pid = 949). Was: 2 for 1, account#1813920180#
W/ctxmgr  (  949): [AclManager]No 2 for (accnt=account#1644684176#, com.google.android.gms(10008):UserLocationProducer, vrsn=12685000, 0, 3pPkg = null ,  3pMdlId = null ,  pid = 949). Was: 2 for 1, account#1644684176#
W/Wifi    ( 3670): Failed to read packet and byte counts from wifi interface
I/Icing   ( 1002): IndexChimeraService.getServiceInterface callingPackage=com.android.chrome componentName=null serviceId=36
W/ctxmgr  (  949): [AclManager]No 2 for (accnt=account#1813920180#, com.google.android.gms(10008):UserLocationProducer, vrsn=12685000, 0, 3pPkg = null ,  3pMdlId = null ,  pid = 949). Was: 2 for 1, account#1813920180#
W/ctxmgr  (  949): [AclManager]No 2 for (accnt=account#1644684176#, com.google.android.gms(10008):UserLocationProducer, vrsn=12685000, 0, 3pPkg = null ,  3pMdlId = null ,  pid = 949). Was: 2 for 1, account#1644684176#
I/vgn     (  949): 19-GetFileDescriptorAndDelete -- metadata{ service_id: 0 }
I/Icing   ( 1002): Usage reports ok 0, Failed Usage reports 0, indexed 0, rejected 0, imm upload false
W/Wifi    ( 3670): Failed to read packet and byte counts from wifi interface
D/WifiService(  452): acquireWifiLockLocked: WifiLock{NlpWifiLock type=2 binder=android.os.BinderProxy@3d736720}
E/WifiStateMachine(  452): WifiStateMachine CMD_START_SCAN source 10008 txSuccessRate=1.51 rxSuccessRate=1.54 targetRoamBSSID=any RSSI=-45
W/ctxmgr  (  949): [AclManager]No 2 for (accnt=account#1813920180#, com.google.android.gms(10008):UserLocationProducer, vrsn=12685000, 0, 3pPkg = null ,  3pMdlId = null ,  pid = 949). Was: 2 for 1, account#1813920180#
W/ctxmgr  (  949): [AclManager]No 2 for (accnt=account#1644684176#, com.google.android.gms(10008):UserLocationProducer, vrsn=12685000, 0, 3pPkg = null ,  3pMdlId = null ,  pid = 949). Was: 2 for 1, account#1644684176#
D/WifiService(  452): releaseWifiLockLocked: WifiLock{NlpWifiLock type=2 binder=android.os.BinderProxy@3d736720}
I/Icing   ( 1002): Indexing 94FBE96EEF13B8AC56FE8C01687FD8A6012559AC from com.android.chrome
E/WifiNetworkScoreCache(  452): updateScores list size=2
I/Icing   ( 1002): Indexing done 94FBE96EEF13B8AC56FE8C01687FD8A6012559AC
W/Wifi    ( 3670): Failed to read packet and byte counts from wifi interface
I/art     (  452): Explicit concurrent mark sweep GC freed 80457(3MB) AllocSpace objects, 3(3MB) LOS objects, 33% free, 29MB/44MB, paused 862us total 118.471ms
W/ctxmgr  (  949): [AclManager]No 2 for (accnt=account#1813920180#, com.google.android.gms(10008):UserLocationProducer, vrsn=12685000, 0, 3pPkg = null ,  3pMdlId = null ,  pid = 949). Was: 2 for 1, account#1813920180#
W/ctxmgr  (  949): [AclManager]No 2 for (accnt=account#1644684176#, com.google.android.gms(10008):UserLocationProducer, vrsn=12685000, 0, 3pPkg = null ,  3pMdlId = null ,  pid = 949). Was: 2 for 1, account#1644684176#
W/ctxmgr  (  949): [AclManager]No 2 for (accnt=account#-517948760#, com.google.android.gms(10008):IndoorOutdoorProducer, vrsn=12685000, 0, 3pPkg = null ,  3pMdlId = null ,  pid = 949). Was: 3 for 57, account#-517948760#
W/Wifi    ( 3670): Failed to read packet and byte counts from wifi interface
W/ctxmgr  (  949): [AclManager]No 2 for (accnt=account#1813920180#, com.google.android.gms(10008):UserLocationProducer, vrsn=12685000, 0, 3pPkg = null ,  3pMdlId = null ,  pid = 949). Was: 2 for 1, account#1813920180#
W/ctxmgr  (  949): [AclManager]No 2 for (accnt=account#1644684176#, com.google.android.gms(10008):UserLocationProducer, vrsn=12685000, 0, 3pPkg = null ,  3pMdlId = null ,  pid = 949). Was: 2 for 1, account#1644684176#
W/Wifi    ( 3670): Failed to read packet and byte counts from wifi interface
W/ctxmgr  (  949): [AclManager]No 2 for (accnt=account#1813920180#, com.google.android.gms(10008):UserLocationProducer, vrsn=12685000, 0, 3pPkg = null ,  3pMdlId = null ,  pid = 949). Was: 2 for 1, account#1813920180#
W/ctxmgr  (  949): [AclManager]No 2 for (accnt=account#1644684176#, com.google.android.gms(10008):UserLocationProducer, vrsn=12685000, 0, 3pPkg = null ,  3pMdlId = null ,  pid = 949). Was: 2 for 1, account#1644684176#
W/Wifi    ( 3670): Failed to read packet and byte counts from wifi interface
W/ctxmgr  (  949): [AclManager]No 2 for (accnt=account#1813920180#, com.google.android.gms(10008):UserLocationProducer, vrsn=12685000, 0, 3pPkg = null ,  3pMdlId = null ,  pid = 949). Was: 2 for 1, account#1813920180#
W/ctxmgr  (  949): [AclManager]No 2 for (accnt=account#1644684176#, com.google.android.gms(10008):UserLocationProducer, vrsn=12685000, 0, 3pPkg = null ,  3pMdlId = null ,  pid = 949). Was: 2 for 1, account#1644684176#
W/Wifi    ( 3670): Failed to read packet and byte counts from wifi interface
W/ctxmgr  (  949): [AclManager]No 2 for (accnt=account#1813920180#, com.google.android.gms(10008):UserLocationProducer, vrsn=12685000, 0, 3pPkg = null ,  3pMdlId = null ,  pid = 949). Was: 2 for 1, account#1813920180#
W/ctxmgr  (  949): [AclManager]No 2 for (accnt=account#1644684176#, com.google.android.gms(10008):UserLocationProducer, vrsn=12685000, 0, 3pPkg = null ,  3pMdlId = null ,  pid = 949). Was: 2 for 1, account#1644684176#
W/Wifi    ( 3670): Failed to read packet and byte counts from wifi interface
W/ctxmgr  (  949): [AclManager]No 2 for (accnt=account#1813920180#, com.google.android.gms(10008):UserLocationProducer, vrsn=12685000, 0, 3pPkg = null ,  3pMdlId = null ,  pid = 949). Was: 2 for 1, account#1813920180#
W/ctxmgr  (  949): [AclManager]No 2 for (accnt=account#1644684176#, com.google.android.gms(10008):UserLocationProducer, vrsn=12685000, 0, 3pPkg = null ,  3pMdlId = null ,  pid = 949). Was: 2 for 1, account#1644684176#
W/ctxmgr  (  949): [AclManager]No 2 for (accnt=account#-517948760#, com.google.android.gms(10008):IndoorOutdoorProducer, vrsn=12685000, 0, 3pPkg = null ,  3pMdlId = null ,  pid = 949). Was: 3 for 57, account#-517948760#
W/Wifi    ( 3670): Failed to read packet and byte counts from wifi interface
W/ctxmgr  (  949): [AclManager]No 2 for (accnt=account#1813920180#, com.google.android.gms(10008):UserLocationProducer, vrsn=12685000, 0, 3pPkg = null ,  3pMdlId = null ,  pid = 949). Was: 2 for 1, account#1813920180#
W/ctxmgr  (  949): [AclManager]No 2 for (accnt=account#1644684176#, com.google.android.gms(10008):UserLocationProducer, vrsn=12685000, 0, 3pPkg = null ,  3pMdlId = null ,  pid = 949). Was: 2 for 1, account#1644684176#
W/Wifi    ( 3670): Failed to read packet and byte counts from wifi interface
W/ctxmgr  (  949): [AclManager]No 2 for (accnt=account#1813920180#, com.google.android.gms(10008):UserLocationProducer, vrsn=12685000, 0, 3pPkg = null ,  3pMdlId = null ,  pid = 949). Was: 2 for 1, account#1813920180#
W/ctxmgr  (  949): [AclManager]No 2 for (accnt=account#1644684176#, com.google.android.gms(10008):UserLocationProducer, vrsn=12685000, 0, 3pPkg = null ,  3pMdlId = null ,  pid = 949). Was: 2 for 1, account#1644684176#
W/Wifi    ( 3670): Failed to read packet and byte counts from wifi interface
W/ctxmgr  (  949): [AclManager]No 2 for (accnt=account#1813920180#, com.google.android.gms(10008):UserLocationProducer, vrsn=12685000, 0, 3pPkg = null ,  3pMdlId = null ,  pid = 949). Was: 2 for 1, account#1813920180#
W/ctxmgr  (  949): [AclManager]No 2 for (accnt=account#1644684176#, com.google.android.gms(10008):UserLocationProducer, vrsn=12685000, 0, 3pPkg = null ,  3pMdlId = null ,  pid = 949). Was: 2 for 1, account#1644684176#
W/Wifi    ( 3670): Failed to read packet and byte counts from wifi interface
W/ctxmgr  (  949): [AclManager]No 2 for (accnt=account#1813920180#, com.google.android.gms(10008):UserLocationProducer, vrsn=12685000, 0, 3pPkg = null ,  3pMdlId = null ,  pid = 949). Was: 2 for 1, account#1813920180#
W/ctxmgr  (  949): [AclManager]No 2 for (accnt=account#1644684176#, com.google.android.gms(10008):UserLocationProducer, vrsn=12685000, 0, 3pPkg = null ,  3pMdlId = null ,  pid = 949). Was: 2 for 1, account#1644684176#
W/Wifi    ( 3670): Failed to read packet and byte counts from wifi interface
W/ctxmgr  (  949): [AclManager]No 2 for (accnt=account#1813920180#, com.google.android.gms(10008):UserLocationProducer, vrsn=12685000, 0, 3pPkg = null ,  3pMdlId = null ,  pid = 949). Was: 2 for 1, account#1813920180#
W/ctxmgr  (  949): [AclManager]No 2 for (accnt=account#1644684176#, com.google.android.gms(10008):UserLocationProducer, vrsn=12685000, 0, 3pPkg = null ,  3pMdlId = null ,  pid = 949). Was: 2 for 1, account#1644684176#
W/ctxmgr  (  949): [AclManager]No 2 for (accnt=account#-517948760#, com.google.android.gms(10008):IndoorOutdoorProducer, vrsn=12685000, 0, 3pPkg = null ,  3pMdlId = null ,  pid = 949). Was: 3 for 57, account#-517948760#
W/Wifi    ( 3670): Failed to read packet and byte counts from wifi interface
I/chromium(28672): [INFO:CONSOLE(24)] "STOPME---1529991155578", source: https://adhivirapt.github.io/geolocationtest_high.js (24)
W/ctxmgr  (  949): [AclManager]No 2 for (accnt=account#1813920180#, com.google.android.gms(10008):UserLocationProducer, vrsn=12685000, 0, 3pPkg = null ,  3pMdlId = null ,  pid = 949). Was: 2 for 1, account#1813920180#
W/ctxmgr  (  949): [AclManager]No 2 for (accnt=account#1644684176#, com.google.android.gms(10008):UserLocationProducer, vrsn=12685000, 0, 3pPkg = null ,  3pMdlId = null ,  pid = 949). Was: 2 for 1, account#1644684176#
D/libgps  (  452): proxy_gps_stop: called.
D/libgps  (  452): proxy_gps_status_cb: called.
D/libgps  (  452): proxy_gps_status_cb: called.
W/Wifi    ( 3670): Failed to read packet and byte counts from wifi interface
W/Wifi    ( 3670): Failed to read packet and byte counts from wifi interface
W/Wifi    ( 3670): Failed to read packet and byte counts from wifi interface
W/Wifi    ( 3670): Failed to read packet and byte counts from wifi interface
W/Wifi    ( 3670): Failed to read packet and byte counts from wifi interface
I/CastDatabase( 1002): Saving the database
I/SQLiteCastStore( 1002): [CastNetworkInfo] saved: 0, skipped: 0, [CastDeviceInfo]: saved 0, skipped 0, Paired Guest Mode DeviceInfo] saved: 0, skipped: 0. [ProbedNetworks]: save 0, skipped: 0
E/WifiStateMachine(  452): WifiStateMachine CMD_START_SCAN source -2 txSuccessRate=2.21 rxSuccessRate=2.05 targetRoamBSSID=any RSSI=-48
E/WifiStateMachine(  452): WifiStateMachine starting scan for "YOU SHALL NOT PASS"WPA_PSK with 2437
W/ctxmgr  (  949): [AclManager]No 2 for (accnt=account#1813920180#, com.google.android.gms(10008):UserLocationProducer, vrsn=12685000, 0, 3pPkg = null ,  3pMdlId = null ,  pid = 949). Was: 2 for 1, account#1813920180#
W/ctxmgr  (  949): [AclManager]No 2 for (accnt=account#1644684176#, com.google.android.gms(10008):UserLocationProducer, vrsn=12685000, 0, 3pPkg = null ,  3pMdlId = null ,  pid = 949). Was: 2 for 1, account#1644684176#
W/Wifi    ( 3670): Failed to read packet and byte counts from wifi interface
I/ActivityManager(  452): Start proc 29110:com.android.chrome:sandboxed_process7/u0i88 for service com.android.chrome/org.chromium.content.app.SandboxedProcessService7
W/dboxed_process7(29110): type=1400 audit(0.0:1263): avc: denied { search } for name="tmp" dev="dm-0" ino=49 scontext=u:r:isolated_app:s0 tcontext=u:object_r:shell_data_file:s0 tclass=dir permissive=0
I/cr_ChildProcessService(29110): Creating new ChildProcessService pid=29110
I/cr_LibraryLoader(29110): Using linker: org.chromium.base.library_loader.LegacyLinker
W/linker  (29110): libchromium_android_linker.so: unused DT entry: type 0x6ffffffe arg 0xce8
W/linker  (29110): libchromium_android_linker.so: unused DT entry: type 0x6fffffff arg 0x3
I/cr_LibraryLoader(29110): Loading chrome from within /data/app/com.android.chrome-2/base.apk
I/cr_LibraryLoader(29110): Time to load native libraries: 41 ms (timestamps 1847-1888)
I/chromium(29110): [INFO:library_loader_hooks.cc(136)] Chromium logging enabled: level = 0, default verbosity = 0
I/cr_LibraryLoader(29110): Expected native library version number "61.0.3163.98", actual native library version number "61.0.3163.98"
W/Wifi    ( 3670): Failed to read packet and byte counts from wifi interface
W/Wifi    ( 3670): Failed to read packet and byte counts from wifi interface
W/Wifi    ( 3670): Failed to read packet and byte counts from wifi interface
W/Wifi    ( 3670): Failed to read packet and byte counts from wifi interface
W/Wifi    ( 3670): Failed to read packet and byte counts from wifi interface
I/chromium(29110): [INFO:child_process_service_impl.cc(70)] ChildProcessServiceImpl: Exiting child process.
W/libprocessgroup(  452): failed to open /acct/uid_10035/pid_29110/cgroup.procs: No such file or directory
I/ActivityManager(  452): Process com.android.chrome:sandboxed_process7 (pid 29110) has died
W/ActivityManager(  452): Scheduling restart of crashed service com.android.chrome/org.chromium.content.app.SandboxedProcessService7 in 1000ms
W/cr_ChildProcessConn(28672): onServiceDisconnected (crash or killed by oom): pid=29110
W/chromium(28672): [WARNING:compositor_view.cc(255)] Child process disconnected (type=6) pid=29110)
W/Wifi    ( 3670): Failed to read packet and byte counts from wifi interface
W/Wifi    ( 3670): Failed to read packet and byte counts from wifi interface
W/Wifi    ( 3670): Failed to read packet and byte counts from wifi interface
W/Wifi    ( 3670): Failed to read packet and byte counts from wifi interface
W/Wifi    ( 3670): Failed to read packet and byte counts from wifi interface
W/Wifi    ( 3670): Failed to read packet and byte counts from wifi interface
W/Wifi    ( 3670): Failed to read packet and byte counts from wifi interface
W/Wifi    ( 3670): Failed to read packet and byte counts from wifi interface
W/Wifi    ( 3670): Failed to read packet and byte counts from wifi interface
W/Wifi    ( 3670): Failed to read packet and byte counts from wifi interface
W/Wifi    ( 3670): Failed to read packet and byte counts from wifi interface
D/WifiService(  452): acquireWifiLockLocked: WifiLock{NlpWifiLock type=2 binder=android.os.BinderProxy@26927d15}
E/WifiStateMachine(  452): WifiStateMachine CMD_START_SCAN source 10008 txSuccessRate=1.05 rxSuccessRate=0.83 targetRoamBSSID=any RSSI=-44
E/tegra_memtrack_hal(  452): failed to read header for pid 452: Operation not permitted
E/tegra_memtrack_hal(  452): failed to read header for pid 452: Operation not permitted
E/tegra_memtrack_hal(  452): failed to read header for pid 452: Operation not permitted
