W/ResourcesManager( 4866): Asset path '/system/framework/com.android.location.provider.jar' does not exist or contains no resources.
I/ActivityManager(  454): Start proc 4930:com.google.android.gms.unstable/u0a8 for service com.google.android.gms/.droidguard.DroidGuardService
D/ConnectivityService(  454): listenForNetwork for NetworkRequest [ id=16, legacyType=-1, [ Capabilities: INTERNET&NOT_RESTRICTED&TRUSTED] ]
D/ConnectivityService(  454): handleRegisterNetworkRequest checking NetworkAgentInfo [WIFI () - 100]
D/ConnectivityService(  454): apparently satisfied.  currentScore=100
W/ResourcesManager( 4930): Asset path '/system/framework/com.android.media.remotedisplay.jar' does not exist or contains no resources.
W/ResourcesManager( 4930): Asset path '/system/framework/com.android.location.provider.jar' does not exist or contains no resources.
D/VoldCmdListener(  153): cryptfs getpwtype
I/CertBlacklister(  454): Certificate blacklist changed, updating...
I/CertBlacklister(  454): Certificate blacklist updated
I/ActivityManager(  454): Start proc 5076:com.google.android.partnersetup/u0a12 for broadcast com.google.android.partnersetup/.GservicesChangedReceiver
I/ActivityManager(  454): Start proc 5107:com.google.android.configupdater/u0a37 for broadcast com.google.android.configupdater/.CertPin.CertPinUpdateRequestReceiver
I/ActivityManager(  454): Killing 3749:com.google.android.instantapps.supervisor/u0a90 (adj 15): empty #17
W/ActivityManager(  454): Unable to start service Intent { cmp=com.google.android.gms/.analytics.service.RefreshEnabledStateService } U=0: not found
I/ActivityManager(  454): Killing 3935:com.google.android.gms.ui/u0a8 (adj 15): empty #17
I/ActivityManager(  454): Killing 3997:com.google.android.deskclock/u0a39 (adj 15): empty #17
I/ActivityManager(  454): Start proc 5212:com.google.android.apps.docs.editors.docs/u0a42 for service com.google.android.apps.docs.editors.docs/com.google.android.apps.docs.sync.syncadapter.DocsSyncAdapterService
W/ResourcesManager( 4031): Asset path '/system/framework/com.android.media.remotedisplay.jar' does not exist or contains no resources.
W/ResourcesManager( 4031): Asset path '/system/framework/com.android.location.provider.jar' does not exist or contains no resources.
W/ResourcesManager( 3851): Asset path '/system/framework/com.android.media.remotedisplay.jar' does not exist or contains no resources.
W/ResourcesManager( 3851): Asset path '/system/framework/com.android.location.provider.jar' does not exist or contains no resources.
W/ResourcesManager( 4031): Asset path '/system/framework/com.google.android.maps.jar' does not exist or contains no resources.
I/ActivityManager(  454): Start proc 5264:com.android.vending:instant_app_installer/u0a18 for service com.android.vending/com.google.android.finsky.instantapps.statussync.StatusSyncService
W/ResourcesManager( 4031): Asset path '/system/framework/com.android.media.remotedisplay.jar' does not exist or contains no resources.
W/ResourcesManager( 4031): Asset path '/system/framework/com.android.location.provider.jar' does not exist or contains no resources.
I/ActivityManager(  454): Start proc 5291:com.google.android.instantapps.supervisor/u0a90 for service com.google.android.instantapps.supervisor/.hygiene.HygieneTaskService
I/ActivityManager(  454): Killing 3680:com.opera.browser:alarm_receiver/u0a85 (adj 15): empty #17
I/ActivityManager(  454): Start proc 5334:com.android.defcontainer/u0a4 for service com.android.defcontainer/.DefaultContainerService
W/PackageManager(  454): Package named 'org.videolan.vlc' doesn't exist.
I/ActivityManager(  454): Killing 2728:android.process.acore/u0a3 (adj 15): empty #17
W/PackageManager(  454): Package named 'com.google.android.apps.travel.onthego' doesn't exist.
W/ResourcesManager( 5212): Asset path '/system/framework/com.android.media.remotedisplay.jar' does not exist or contains no resources.
W/ResourcesManager( 5212): Asset path '/system/framework/com.android.location.provider.jar' does not exist or contains no resources.
W/PackageManager(  454): Package named 'com.stainlessgames.carmageddon' doesn't exist.
D/WifiService(  454): acquireWifiLockLocked: WifiLock{SyncManagerImpl type=1 binder=android.os.BinderProxy@1966b0e1}
I/ActivityManager(  454): Killing 3955:com.google.android.apps.docs/u0a41 (adj 15): empty #17
W/PackageManager(  454): Package named 'com.ulmon.android.citymaps2go' doesn't exist.
W/PackageManager(  454): Package named 'com.navfree.android.OSM.ALL' doesn't exist.
I/ActivityManager(  454): Start proc 5426:android.process.acore/u0a3 for content provider com.android.providers.contacts/.ContactsProvider2
W/PackageManager(  454): Package named 'stericson.busybox' doesn't exist.
I/ActivityManager(  454): Start proc 5455:com.google.android.gms.ui/u0a8 for service com.google.android.gms/.chimera.UiIntentOperationService
W/ResourcesManager( 5455): Asset path '/system/framework/com.android.media.remotedisplay.jar' does not exist or contains no resources.
W/ResourcesManager( 5455): Asset path '/system/framework/com.android.location.provider.jar' does not exist or contains no resources.
I/ValidateNoPeople(  454): mEvictionCount: 0
W/PackageManager(  454): Package named 'com.rovio.angrybirdsstarwars.ads.iap' doesn't exist.
I/ActivityManager(  454): Start proc 5529:com.google.android.videos/u0a77 for service com.google.android.videos/.service.drm.RefreshLicenseTaskService
W/ResourcesManager( 5529): Asset path '/system/framework/com.google.widevine.software.drm.jar' does not exist or contains no resources.
D/WifiService(  454): acquireWifiLockLocked: WifiLock{com.google.android.videos.service.drm.LicenseRefresher_tasks type=3 binder=android.os.BinderProxy@5366f5d}
D/WifiService(  454): releaseWifiLockLocked: WifiLock{com.google.android.videos.service.drm.LicenseRefresher_tasks type=3 binder=android.os.BinderProxy@5366f5d}
I/ActivityManager(  454): Killing 3814:com.google.android.apps.gcs/u0a7 (adj 15): empty #17
D/WifiService(  454): Client connection lost with reason: 4
W/PackageManager(  454): Package named 'com.ea.gp.fifamobile' doesn't exist.
I/ActivityManager(  454): Killing 4136:com.google.android.apps.plus/u0a68 (adj 15): empty #17
I/ActivityManager(  454): Killing 4420:com.google.android.play.games.ui/u0a8 (adj 15): empty #17
D/WifiService(  454): releaseWifiLockLocked: WifiLock{SyncManagerImpl type=1 binder=android.os.BinderProxy@1966b0e1}
I/ActivityManager(  454): Start proc 5600:com.google.android.keep/u0a72 for service com.google.android.keep/.syncadapter.KeepSyncAdapterService
W/AppOps  (  454): Bad call: specified package com.google.android.gms under uid 10072 but it is really 10008
I/ActivityManager(  454): Killing 4511:com.android.captiveportallogin/u0a33 (adj 15): empty #17
D/ConnectivityService(  454): ConnectivityService NetworkRequestInfo binderDied(NetworkRequest [ id=15, legacyType=-1, [ Capabilities: INTERNET&NOT_RESTRICTED&TRUSTED] ], android.os.BinderProxy@162dbf45)
D/ConnectivityService(  454): ConnectivityService NetworkRequestInfo binderDied(NetworkRequest [ id=13, legacyType=-1, [ Capabilities: INTERNET&NOT_RESTRICTED&TRUSTED] ], android.os.BinderProxy@161fa69a)
D/ConnectivityService(  454): releasing NetworkRequest NetworkRequest [ id=15, legacyType=-1, [ Capabilities: INTERNET&NOT_RESTRICTED&TRUSTED] ]
E/ConnectivityService(  454): RemoteException caught trying to send a callback msg for NetworkRequest [ id=15, legacyType=-1, [ Capabilities: INTERNET&NOT_RESTRICTED&TRUSTED] ]
D/ConnectivityService(  454): releasing NetworkRequest NetworkRequest [ id=13, legacyType=-1, [ Capabilities: INTERNET&NOT_RESTRICTED&TRUSTED] ]
E/ConnectivityService(  454): RemoteException caught trying to send a callback msg for NetworkRequest [ id=13, legacyType=-1, [ Capabilities: INTERNET&NOT_RESTRICTED&TRUSTED] ]
I/ActivityManager(  454): Start proc 5656:com.google.android.apps.inputmethod.zhuyin/u0a55 for service com.google.android.apps.inputmethod.zhuyin/.preference.SyncService
I/ActivityManager(  454): Killing 3393:com.google.android.music:main/u0a61 (adj 15): empty #17
I/ActivityManager(  454): Killing 5076:com.google.android.partnersetup/u0a12 (adj 15): empty #17
I/ActivityManager(  454): Start proc 5681:com.google.android.apps.docs/u0a41 for service com.google.android.apps.docs/.sync.syncadapter.DocsSyncAdapterService
D/WifiService(  454): acquireWifiLockLocked: WifiLock{SyncManagerImpl type=1 binder=android.os.BinderProxy@39a5fda1}
W/ResourcesManager( 5681): Asset path '/system/framework/com.android.media.remotedisplay.jar' does not exist or contains no resources.
W/ResourcesManager( 5681): Asset path '/system/framework/com.android.location.provider.jar' does not exist or contains no resources.
I/ActivityManager(  454): Start proc 5733:com.google.android.apps.gcs/u0a7 for service com.google.android.apps.gcs/.service.WfaEligibilityRefreshingGcmTaskService
I/ActivityManager(  454): Killing 5107:com.google.android.configupdater/u0a37 (adj 15): empty #17
D/WifiService(  454): releaseWifiLockLocked: WifiLock{SyncManagerImpl type=1 binder=android.os.BinderProxy@39a5fda1}
I/ActivityManager(  454): Killing 4273:com.google.android.apps.photos/u0a66 (adj 15): empty #17
I/ActivityManager(  454): Start proc 5772:com.google.android.apps.magazines/u0a62 for service com.google.android.apps.magazines/com.google.apps.dots.android.newsstand.service.SyncAdapterService
W/ResourcesManager( 5772): Asset path '/system/framework/com.android.media.remotedisplay.jar' does not exist or contains no resources.
W/ResourcesManager( 5772): Asset path '/system/framework/com.android.location.provider.jar' does not exist or contains no resources.
I/ActivityManager(  454): Killing 3896:com.android.providers.calendar/u0a2 (adj 15): empty #17
I/ActivityManager(  454): Start proc 5818:com.google.android.ears/u0a48 for service com.google.android.ears/.heard.EarsSyncAdapterService
I/ActivityManager(  454): Killing 3016:com.google.android.calendar/u0a32 (adj 15): empty #17
I/ActivityManager(  454): Start proc 5848:com.google.android.apps.docs.editors.slides/u0a44 for service com.google.android.apps.docs.editors.slides/com.google.android.apps.docs.sync.syncadapter.DocsSyncAdapterService
I/ActivityManager(  454): Killing 3535:com.google.android.apps.maps/u0a60 (adj 15): empty #17
D/ConnectivityService(  454): ConnectivityService NetworkRequestInfo binderDied(NetworkRequest [ id=9, legacyType=-1, [ Capabilities: INTERNET&NOT_RESTRICTED&TRUSTED] ], android.os.BinderProxy@397cfd3b)
D/ConnectivityService(  454): releasing NetworkRequest NetworkRequest [ id=9, legacyType=-1, [ Capabilities: INTERNET&NOT_RESTRICTED&TRUSTED] ]
E/ConnectivityService(  454): RemoteException caught trying to send a callback msg for NetworkRequest [ id=9, legacyType=-1, [ Capabilities: INTERNET&NOT_RESTRICTED&TRUSTED] ]
D/WifiService(  454): acquireWifiLockLocked: WifiLock{BaseSyncManager type=1 binder=android.os.BinderProxy@28ab2921}
D/WifiService(  454): releaseWifiLockLocked: WifiLock{BaseSyncManager type=1 binder=android.os.BinderProxy@28ab2921}
I/ActivityManager(  454): Killing 5264:com.android.vending:instant_app_installer/u0a18 (adj 15): empty #17
I/ActivityManager(  454): Start proc 5901:com.google.android.apps.cloudprint:sync/u0a36 for service com.google.android.apps.cloudprint/.printdialog.services.CloudPrintSyncService
I/ActivityManager(  454): Start proc 5918:com.google.android.apps.cloudprint/u0a36 for content provider com.google.android.apps.cloudprint/.printdialog.database.CloudPrintContentProvider
I/ActivityManager(  454): Killing 5455:com.google.android.gms.ui/u0a8 (adj 15): empty #17
I/ActivityManager(  454): Killing 3851:com.google.android.gm/u0a71 (adj 15): empty #17
I/ActivityManager(  454): Start proc 5933:com.google.android.apps.docs.editors.sheets/u0a43 for service com.google.android.apps.docs.editors.sheets/com.google.android.apps.docs.sync.syncadapter.DocsSyncAdapterService
W/ResourcesManager( 5933): Asset path '/system/framework/com.android.media.remotedisplay.jar' does not exist or contains no resources.
W/ResourcesManager( 5933): Asset path '/system/framework/com.android.location.provider.jar' does not exist or contains no resources.
D/WifiService(  454): acquireWifiLockLocked: WifiLock{SyncManagerImpl type=1 binder=android.os.BinderProxy@2ea2b771}
D/WifiService(  454): releaseWifiLockLocked: WifiLock{SyncManagerImpl type=1 binder=android.os.BinderProxy@2ea2b771}
I/ActivityManager(  454): Killing 5529:com.google.android.videos/u0a77 (adj 15): empty #17
I/ActivityManager(  454): Start proc 6023:com.google.android.calendar/u0a32 for service com.google.android.calendar/com.google.android.syncadapters.calendar.CalendarSyncAdapterService
I/ActivityManager(  454): Start proc 6044:com.android.providers.calendar/u0a2 for content provider com.android.providers.calendar/.CalendarProvider2
W/ResourcesManager( 6044): Asset path '/system/framework/android.test.runner.jar' does not exist or contains no resources.
W/ResourcesManager( 6023): Asset path '/system/framework/com.android.media.remotedisplay.jar' does not exist or contains no resources.
W/ResourcesManager( 6023): Asset path '/system/framework/com.android.location.provider.jar' does not exist or contains no resources.
I/ActivityManager(  454): Killing 5291:com.google.android.instantapps.supervisor/u0a90 (adj 15): empty #17
I/ActivityManager(  454): Start proc 6100:com.google.android.gm/u0a71 for service com.google.android.gm/.provider.MailSyncAdapterService
D/ActivityThread( 6100): Loading provider com.google.android.gmail.provider;com.android.mail.notifier;com.google.android.gm.email.provider;com.google.android.gm.tasks.provider;com.google.android.gm.email.notifier: com.android.email.provider.EmailProvider
W/ActivityManager(  454): Unable to start service Intent { cmp=com.google.android.gm/com.android.email.service.AttachmentService } U=0: not found
W/ActivityManager(  454): Unable to start service Intent { cmp=com.google.android.gm.exchange/com.android.exchange.service.EasService } U=0: not found
W/ResourcesManager( 6100): Asset path '/system/framework/com.android.media.remotedisplay.jar' does not exist or contains no resources.
W/ResourcesManager( 6100): Asset path '/system/framework/com.android.location.provider.jar' does not exist or contains no resources.
D/WifiService(  454): acquireWifiLockLocked: WifiLock{NlpWifiLock type=2 binder=android.os.BinderProxy@3cfe7d0}
I/ActivityManager(  454): Killing 5212:com.google.android.apps.docs.editors.docs/u0a42 (adj 15): empty #17
D/WifiService(  454): New client listening to asynchronous messages
D/WifiService(  454): releaseWifiLockLocked: WifiLock{NlpWifiLock type=2 binder=android.os.BinderProxy@3cfe7d0}
I/ActivityManager(  454): Killing 4866:com.google.android.youtube/u0a81 (adj 15): empty #17
D/ConnectivityService(  454): ConnectivityService NetworkRequestInfo binderDied(NetworkRequest [ id=16, legacyType=-1, [ Capabilities: INTERNET&NOT_RESTRICTED&TRUSTED] ], android.os.BinderProxy@1104d98a)
D/ConnectivityService(  454): releasing NetworkRequest NetworkRequest [ id=16, legacyType=-1, [ Capabilities: INTERNET&NOT_RESTRICTED&TRUSTED] ]
E/ConnectivityService(  454): RemoteException caught trying to send a callback msg for NetworkRequest [ id=16, legacyType=-1, [ Capabilities: INTERNET&NOT_RESTRICTED&TRUSTED] ]
I/ActivityManager(  454): Start proc 6160:com.google.android.apps.docs.editors.docs/u0a42 for service com.google.android.apps.docs.editors.docs/com.google.android.apps.docs.sync.syncadapter.DocsSyncAdapterService
I/ActivityManager(  454): Killing 5600:com.google.android.keep/u0a72 (adj 15): empty #17
I/ActivityManager(  454): Killing 5656:com.google.android.apps.inputmethod.zhuyin/u0a55 (adj 15): empty #17
W/ResourcesManager( 6160): Asset path '/system/framework/com.android.media.remotedisplay.jar' does not exist or contains no resources.
W/ResourcesManager( 6160): Asset path '/system/framework/com.android.location.provider.jar' does not exist or contains no resources.
D/WifiService(  454): acquireWifiLockLocked: WifiLock{SyncManagerImpl type=1 binder=android.os.BinderProxy@2047c9ab}
I/ActivityManager(  454): Start proc 6250:com.google.android.keep/u0a72 for service com.google.android.keep/.syncadapter.KeepSyncAdapterService
W/AppOps  (  454): Bad call: specified package com.google.android.gms under uid 10072 but it is really 10008
I/ActivityManager(  454): Start proc 6296:com.google.android.apps.inputmethod.zhuyin/u0a55 for service com.google.android.apps.inputmethod.zhuyin/.preference.SyncService
I/ActivityManager(  454): Killing 4930:com.google.android.gms.unstable/u0a8 (adj 15): empty #17
I/ActivityManager(  454): Killing 5772:com.google.android.apps.magazines/u0a62 (adj 15): empty #17
I/ActivityManager(  454): Start proc 6322:com.google.android.play.games.ui/u0a8 for content provider com.google.android.gms/.games.provider.NotificationStubContentProvider
W/ResourcesManager( 6322): Asset path '/system/framework/com.android.media.remotedisplay.jar' does not exist or contains no resources.
W/ResourcesManager( 6322): Asset path '/system/framework/com.android.location.provider.jar' does not exist or contains no resources.
I/ActivityManager(  454): Killing 5818:com.google.android.ears/u0a48 (adj 15): empty #17
D/WifiService(  454): acquireWifiLockLocked: WifiLock{SyncManagerImpl type=1 binder=android.os.BinderProxy@25d3323f}
D/WifiService(  454): releaseWifiLockLocked: WifiLock{SyncManagerImpl type=1 binder=android.os.BinderProxy@2047c9ab}
I/ActivityManager(  454): Start proc 6365:com.google.android.apps.magazines/u0a62 for service com.google.android.apps.magazines/com.google.apps.dots.android.newsstand.service.SyncAdapterService
W/ResourcesManager( 6365): Asset path '/system/framework/com.android.media.remotedisplay.jar' does not exist or contains no resources.
W/ResourcesManager( 6365): Asset path '/system/framework/com.android.location.provider.jar' does not exist or contains no resources.
I/ActivityManager(  454): Killing 5334:com.android.defcontainer/u0a4 (adj 15): empty #17
D/WifiService(  454): acquireWifiLockLocked: WifiLock{BaseSyncManager type=1 binder=android.os.BinderProxy@153d2bd7}
D/WifiService(  454): releaseWifiLockLocked: WifiLock{BaseSyncManager type=1 binder=android.os.BinderProxy@153d2bd7}
D/WifiService(  454): acquireWifiLockLocked: WifiLock{SyncManagerImpl type=1 binder=android.os.BinderProxy@5104648}
D/WifiService(  454): releaseWifiLockLocked: WifiLock{SyncManagerImpl type=1 binder=android.os.BinderProxy@25d3323f}
I/ActivityManager(  454): Start proc 6448:com.google.android.music:main/u0a61 for service com.google.android.music/.sync.SyncAdapterService
W/ResourcesManager( 6448): Asset path '/system/framework/com.android.media.remotedisplay.jar' does not exist or contains no resources.
W/ResourcesManager( 6448): Asset path '/system/framework/com.android.location.provider.jar' does not exist or contains no resources.
I/ActivityManager(  454): Killing 4031:com.android.vending/u0a18 (adj 15): empty #17
D/ConnectivityService(  454): ConnectivityService NetworkRequestInfo binderDied(NetworkRequest [ id=10, legacyType=-1, [ Capabilities: INTERNET&NOT_RESTRICTED&TRUSTED] ], android.os.BinderProxy@2133fa9c)
D/ConnectivityService(  454): releasing NetworkRequest NetworkRequest [ id=10, legacyType=-1, [ Capabilities: INTERNET&NOT_RESTRICTED&TRUSTED] ]
E/ConnectivityService(  454): RemoteException caught trying to send a callback msg for NetworkRequest [ id=10, legacyType=-1, [ Capabilities: INTERNET&NOT_RESTRICTED&TRUSTED] ]
D/ConnectivityService(  454): NetworkAgentInfo [WIFI () - 100] EVENT_NETWORK_INFO_CHANGED, going from CONNECTED to CONNECTING
D/ConnectivityService(  454): NetworkAgentInfo [WIFI () - 100] EVENT_NETWORK_INFO_CHANGED, going from CONNECTING to CONNECTED
D/WifiService(  454): releaseWifiLockLocked: WifiLock{SyncManagerImpl type=1 binder=android.os.BinderProxy@5104648}
I/ActivityManager(  454): Killing 5733:com.google.android.apps.gcs/u0a7 (adj 15): empty #17
D/WifiService(  454): Client connection lost with reason: 4
D/ConnectivityService(  454): updateNetworkScore for NetworkAgentInfo [WIFI () - 100] to 56
D/ConnectivityService(  454): rematching NetworkAgentInfo [WIFI () - 100]
D/ConnectivityService(  454): Network NetworkAgentInfo [WIFI () - 100] was already satisfying request 1. No change.
D/ConnectivityService(  454): notifyType AVAILABLE for NetworkAgentInfo [WIFI () - 100]
D/ConnectivityService(  454): updateNetworkScore for NetworkAgentInfo [WIFI () - 100] to 60
D/ConnectivityService(  454): rematching NetworkAgentInfo [WIFI () - 100]
D/ConnectivityService(  454): Network NetworkAgentInfo [WIFI () - 100] was already satisfying request 1. No change.
D/ConnectivityService(  454): notifyType AVAILABLE for NetworkAgentInfo [WIFI () - 100]
I/ActivityManager(  454): Start proc 6596:com.google.android.apps.gcs/u0a7 for broadcast com.google.android.apps.gcs/.steen.receiver.ScoreNetworksReceiver
D/WifiService(  454): New client listening to asynchronous messages
I/ActivityManager(  454): Killing 6250:com.google.android.keep/u0a72 (adj 15): empty #17
D/WifiService(  454): acquireWifiLockLocked: WifiLock{NlpWifiLock type=2 binder=android.os.BinderProxy@165ada1f}
D/WifiService(  454): releaseWifiLockLocked: WifiLock{NlpWifiLock type=2 binder=android.os.BinderProxy@165ada1f}
I/ActivityManager(  454): Killing 2418:com.google.android.talk/u0a13 (adj 15): empty #17
W/InputMethodManagerService(  454): Window already focused, ignoring focus gain of: com.android.internal.view.IInputMethodClient$Stub$Proxy@28b917bf attribute=null, token = android.os.BinderProxy@3044f027
I/ActivityManager(  454): START u0 {act=android.intent.action.MAIN cat=[android.intent.category.LAUNCHER] flg=0x10200000 cmp=com.android.chrome/com.google.android.apps.chrome.Main bnds=[464,1773][678,1941] (has extras)} from uid 10024 on display 0
V/WindowManager(  454): addAppToken: AppWindowToken{379535ea token=Token{24edb9d5 ActivityRecord{18c57e8c u0 com.android.chrome/com.google.android.apps.chrome.Main t4780}}} to stack=1 task=4780 at 0
I/ActivityManager(  454): Start proc 6677:com.android.chrome/u0a35 for activity com.android.chrome/com.google.android.apps.chrome.Main
W/ResourcesManager( 6677): Asset path '/system/framework/com.android.media.remotedisplay.jar' does not exist or contains no resources.
W/ResourcesManager( 6677): Asset path '/system/framework/com.android.location.provider.jar' does not exist or contains no resources.
I/ActivityManager(  454): START u0 {act=android.intent.action.MAIN cat=[android.intent.category.LAUNCHER] flg=0x14002000 cmp=com.android.chrome/org.chromium.chrome.browser.ChromeTabbedActivity bnds=[464,1773][678,1941] (has extras)} from uid 10035 on display 0
V/WindowManager(  454): addAppToken: AppWindowToken{3b744689 token=Token{5183d90 ActivityRecord{1c9b2053 u0 com.android.chrome/org.chromium.chrome.browser.ChromeTabbedActivity t4781}}} to stack=1 task=4781 at 0
V/WindowManager(  454): Based on layer: Adding window Window{2d2e4966 u0 Starting com.android.chrome} at 2 of 14
V/WindowManager(  454): Adding window Window{21041931 u0 com.android.chrome/org.chromium.chrome.browser.ChromeTabbedActivity} at 2 of 15 (before Window{2d2e4966 u0 Starting com.android.chrome})
I/ActivityManager(  454): Start proc 6707:com.android.chrome:sandboxed_process0/u0i0 for service com.android.chrome/org.chromium.content.app.SandboxedProcessService0
V/WindowManager(  454): Adding window Window{258b5fa2 u0 SurfaceView} at 2 of 16 (before Window{21041931 u0 com.android.chrome/org.chromium.chrome.browser.ChromeTabbedActivity})
I/ActivityManager(  454): Start proc 6746:com.android.chrome:privileged_process0/u0a35 for service com.android.chrome/org.chromium.content.app.PrivilegedProcessService0
D/ConnectivityService(  454): listenForNetwork for NetworkRequest [ id=17, legacyType=-1, [ Capabilities: INTERNET&NOT_RESTRICTED&TRUSTED] ]
D/ConnectivityService(  454): handleRegisterNetworkRequest checking NetworkAgentInfo [WIFI () - 100]
D/ConnectivityService(  454): apparently satisfied.  currentScore=100
D/ConnectivityService(  454): listenForNetwork for NetworkRequest [ id=18, legacyType=-1, [ Capabilities: INTERNET&NOT_RESTRICTED&TRUSTED] ]
D/ConnectivityService(  454): handleRegisterNetworkRequest checking NetworkAgentInfo [WIFI () - 100]
D/ConnectivityService(  454): apparently satisfied.  currentScore=100
I/ActivityManager(  454): Start proc 6791:com.google.android.partnersetup/u0a12 for content provider com.google.android.partnersetup/.RlzAppProvider
W/ResourcesManager( 1023): Asset path '/system/framework/com.android.media.remotedisplay.jar' does not exist or contains no resources.
W/ResourcesManager( 1023): Asset path '/system/framework/com.android.location.provider.jar' does not exist or contains no resources.
D/TaskPersister(  454): removeObsoleteFile: deleting file=4775_task.xml
D/TaskPersister(  454): removeObsoleteFile: deleting file=4775_task_thumbnail.png
I/ActivityManager(  454): Start proc 6820:com.android.providers.partnerbookmarks/u0a65 for content provider com.android.providers.partnerbookmarks/.PartnerBookmarksProvider
I/ActivityManager(  454): Killing 6296:com.google.android.apps.inputmethod.zhuyin/u0a55 (adj 15): empty #17
I/ActivityManager(  454): Killing 6322:com.google.android.play.games.ui/u0a8 (adj 15): empty #17
I/ActivityManager(  454): Killing 6365:com.google.android.apps.magazines/u0a62 (adj 15): empty #17
D/WifiService(  454): acquireWifiLockLocked: WifiLock{NlpWifiLock type=2 binder=android.os.BinderProxy@37002ce8}
D/WifiService(  454): releaseWifiLockLocked: WifiLock{NlpWifiLock type=2 binder=android.os.BinderProxy@37002ce8}
D/WifiService(  454): acquireWifiLockLocked: WifiLock{NlpWifiLock type=2 binder=android.os.BinderProxy@28743f48}
D/WifiService(  454): releaseWifiLockLocked: WifiLock{NlpWifiLock type=2 binder=android.os.BinderProxy@28743f48}
I/ActivityManager(  454): Start proc 6960:com.android.chrome:sandboxed_process1/u0i1 for service com.android.chrome/org.chromium.content.app.SandboxedProcessService1
I/ActivityManager(  454): START u0 {act=com.android.systemui.recents.SHOW_RECENTS flg=0x10804000 cmp=com.android.systemui/.recents.RecentsActivity} from uid 10022 on display 0
V/WindowManager(  454): addAppToken: AppWindowToken{1f19b3a7 token=Token{2f34d466 ActivityRecord{2cff14c1 u0 com.android.systemui/.recents.RecentsActivity t4782}}} to stack=0 task=4782 at 0
W/libprocessgroup(  454): failed to open /acct/uid_10035/pid_6960/cgroup.procs: No such file or directory
I/ActivityManager(  454): Process com.android.chrome:sandboxed_process1 (pid 6960) has died
W/ActivityManager(  454): Scheduling restart of crashed service com.android.chrome/org.chromium.content.app.SandboxedProcessService1 in 1000ms
V/WindowManager(  454): Adding window Window{3aec24d8 u0 com.android.systemui/com.android.systemui.recents.RecentsActivity} at 4 of 17 (after Window{33b052d4 u0 com.google.android.googlequicksearchbox/com.google.android.launcher.GEL})
W/libprocessgroup(  454): failed to open /acct/uid_10035/pid_6707/cgroup.procs: No such file or directory
I/ActivityManager(  454): Process com.android.chrome:sandboxed_process0 (pid 6707) has died
W/ActivityManager(  454): Scheduling restart of crashed service com.android.chrome/org.chromium.content.app.SandboxedProcessService0 in 10891ms
I/ActivityManager(  454): Start proc 7011:com.android.chrome:sandboxed_process1/u0i2 for service com.android.chrome/org.chromium.content.app.SandboxedProcessService1
D/ConnectivityService(  454): releasing NetworkRequest NetworkRequest [ id=18, legacyType=-1, [ Capabilities: INTERNET&NOT_RESTRICTED&TRUSTED] ]
I/ActivityManager(  454): Killing 7011:com.android.chrome:sandboxed_process1/u0a35i2 (adj 0): isolated not needed
W/libprocessgroup(  454): failed to open /acct/uid_10035/pid_7011/cgroup.procs: No such file or directory
I/ActivityManager(  454): Killing 5901:com.google.android.apps.cloudprint:sync/u0a36 (adj 15): empty #17
I/ActivityManager(  454): Killing 5918:com.google.android.apps.cloudprint/u0a36 (adj 15): empty #18
I/ActivityManager(  454): Killing 6746:com.android.chrome:privileged_process0/u0a35 (adj 9): remove task
I/ActivityManager(  454): Killing 6677:com.android.chrome/u0a35 (adj 9): remove task
D/ConnectivityService(  454): ConnectivityService NetworkRequestInfo binderDied(NetworkRequest [ id=17, legacyType=-1, [ Capabilities: INTERNET&NOT_RESTRICTED&TRUSTED] ], android.os.BinderProxy@1df42333)
D/ConnectivityService(  454): releasing NetworkRequest NetworkRequest [ id=17, legacyType=-1, [ Capabilities: INTERNET&NOT_RESTRICTED&TRUSTED] ]
E/ConnectivityService(  454): RemoteException caught trying to send a callback msg for NetworkRequest [ id=17, legacyType=-1, [ Capabilities: INTERNET&NOT_RESTRICTED&TRUSTED] ]
W/ActivityManager(  454): Scheduling restart of crashed service com.android.chrome/org.chromium.content.app.PrivilegedProcessService0 in 1000ms
D/TaskPersister(  454): removeObsoleteFile: deleting file=4781_task.xml
D/TaskPersister(  454): removeObsoleteFile: deleting file=4781_task_thumbnail.png
D/TaskPersister(  454): removeObsoleteFile: deleting file=4779_task.xml
D/TaskPersister(  454): removeObsoleteFile: deleting file=4779_task_thumbnail.png
D/TaskPersister(  454): removeObsoleteFile: deleting file=4773_task.xml
I/ActivityManager(  454): START u0 {act=android.intent.action.MAIN cat=[android.intent.category.HOME] flg=0x10200000 cmp=com.google.android.googlequicksearchbox/com.google.android.launcher.GEL} from uid 10022 on display 0
W/BackupManagerService(  454): dataChanged but no participant pkg='com.android.providers.settings' uid=10022
W/InputMethodManagerService(  454): Window already focused, ignoring focus gain of: com.android.internal.view.IInputMethodClient$Stub$Proxy@17e7aed3 attribute=null, token = android.os.BinderProxy@3044f027
D/ConnectivityService(  454): updateNetworkScore for NetworkAgentInfo [WIFI () - 100] to 56
D/ConnectivityService(  454): rematching NetworkAgentInfo [WIFI () - 100]
D/ConnectivityService(  454): Network NetworkAgentInfo [WIFI () - 100] was already satisfying request 1. No change.
D/ConnectivityService(  454): notifyType AVAILABLE for NetworkAgentInfo [WIFI () - 100]
D/ConnectivityService(  454): updateNetworkScore for NetworkAgentInfo [WIFI () - 100] to 60
D/ConnectivityService(  454): rematching NetworkAgentInfo [WIFI () - 100]
D/ConnectivityService(  454): Network NetworkAgentInfo [WIFI () - 100] was already satisfying request 1. No change.
D/ConnectivityService(  454): notifyType AVAILABLE for NetworkAgentInfo [WIFI () - 100]
I/PowerUI.Notification(  613): show low battery warning: level=8 [-1] playSound=true
I/ValidateNoPeople(  454): skipping global notification
I/ActivityManager(  454): Start proc 7419:com.google.android.apps.plus/u0a68 for broadcast com.google.android.apps.plus/com.google.android.libraries.social.autobackup.AutoBackupEnvironment$BatteryReceiver
I/ValidateNoPeople(  454): skipping global notification
W/ResourcesManager( 7419): Asset path '/system/framework/com.google.android.maps.jar' does not exist or contains no resources.
I/ActivityManager(  454): Start proc 7442:com.google.android.apps.photos/u0a66 for broadcast com.google.android.apps.photos/.scheduler.PowerReceiver
I/PowerUI.Notification(  613): dismissing low battery notification
I/EntropyMixer(  454): Writing entropy...
I/ValidateNoPeople(  454): skipping global notification
I/ValidateNoPeople(  454): skipping global notification
I/PowerUI.Notification(  613): show low battery warning: level=8 [-1] playSound=true
I/ValidateNoPeople(  454): skipping global notification
I/ValidateNoPeople(  454): skipping global notification
I/PowerUI.Notification(  613): dismissing low battery notification
I/EntropyMixer(  454): Writing entropy...
I/ValidateNoPeople(  454): skipping global notification
I/ValidateNoPeople(  454): skipping global notification
I/ActivityManager(  454): Waited long enough for: ServiceRecord{360e252b u0 com.google.android.music/com.google.android.wearable.datatransfer.DataSyncService}
I/ActivityManager(  454): Start proc 7632:com.android.vending/u0a18 for service com.android.vending/com.google.android.finsky.contentfilterui.ContentFiltersService
D/ConnectivityService(  454): listenForNetwork for NetworkRequest [ id=19, legacyType=-1, [ Capabilities: INTERNET&NOT_RESTRICTED&TRUSTED] ]
D/ConnectivityService(  454): handleRegisterNetworkRequest checking NetworkAgentInfo [WIFI () - 100]
D/ConnectivityService(  454): apparently satisfied.  currentScore=100
W/BroadcastQueue(  454): Skipping deliver [background] BroadcastRecord{2fb0ba12 u-1 android.net.conn.CONNECTIVITY_CHANGE} to ReceiverList{22dce5e3 7827 (unknown name)/2000/u-1 remote:ce3cc74}: process crashing
I/ActivityManager(  454): START u0 {act=android.intent.action.MAIN cat=[android.intent.category.LAUNCHER] flg=0x10200000 cmp=com.quicinc.trepn/.userinterface.main.TrepnActivity} from uid 2000 on display 0
V/WindowManager(  454): addAppToken: AppWindowToken{5dc655e token=Token{266ee99 ActivityRecord{16ab3be0 u0 com.quicinc.trepn/.userinterface.main.TrepnActivity t4783}}} to stack=1 task=4783 at 0
V/WindowManager(  454): Adding window Window{374ed7d1 u0 Starting com.quicinc.trepn} at 3 of 16 (after Window{33b052d4 u0 com.google.android.googlequicksearchbox/com.google.android.launcher.GEL})
I/ActivityManager(  454): Start proc 7844:com.quicinc.trepn/u0a91 for activity com.quicinc.trepn/.userinterface.main.TrepnActivity
V/WindowManager(  454): Adding window Window{3ca7111a u0 com.quicinc.trepn/com.quicinc.trepn.userinterface.main.TrepnActivity} at 3 of 17 (before Window{374ed7d1 u0 Starting com.quicinc.trepn})
W/ResourcesManager( 1462): Asset path '/system/framework/com.android.media.remotedisplay.jar' does not exist or contains no resources.
W/ResourcesManager( 1462): Asset path '/system/framework/com.android.location.provider.jar' does not exist or contains no resources.
E/ActivityThread( 1462): Failed to find provider info for com.facebook.katana.provider.AttributionIdProvider
W/ActivityManager(  454): getTasks: caller 10089 does not hold GET_TASKS; limiting output
I/ActivityManager(  454): Force stopping com.quicinc.trepn appid=10091 user=0: from pid 7919
I/ActivityManager(  454): Killing 7844:com.quicinc.trepn/u0a91 (adj 0): stop com.quicinc.trepn
I/WindowState(  454): WIN DEATH: Window{3ca7111a u0 com.quicinc.trepn/com.quicinc.trepn.userinterface.main.TrepnActivity}
W/ActivityManager(  454): Force removing ActivityRecord{16ab3be0 u0 com.quicinc.trepn/.userinterface.main.TrepnActivity t4783}: app died, no saved state
W/ActivityManager(  454): Spurious death for ProcessRecord{13c30dd3 7844:com.quicinc.trepn/u0a91}, curProc for 7844: null
W/InputMethodManagerService(  454): Got RemoteException sending setActive(false) notification to pid 7844 uid 10091
I/ActivityManager(  454): Start proc 7959:com.quicinc.trepn/u0a91 for service com.quicinc.trepn/.TrepnService
I/ActivityManager(  454): Force stopping com.android.chrome appid=10035 user=0: from pid 7992
I/ActivityManager(  454): START u0 {act=android.intent.action.VIEW flg=0x10008000 cmp=com.android.chrome/com.google.android.apps.chrome.Main} from uid 2000 on display 0
V/WindowManager(  454): addAppToken: AppWindowToken{34879ade token=Token{3f8f8a19 ActivityRecord{1def1560 u0 com.android.chrome/com.google.android.apps.chrome.Main t4784}}} to stack=1 task=4784 at 0
I/ActivityManager(  454): Start proc 8010:com.android.chrome/u0a35 for activity com.android.chrome/com.google.android.apps.chrome.Main
W/ResourcesManager( 8010): Asset path '/system/framework/com.android.media.remotedisplay.jar' does not exist or contains no resources.
W/ResourcesManager( 8010): Asset path '/system/framework/com.android.location.provider.jar' does not exist or contains no resources.
I/ActivityManager(  454): START u0 {act=android.intent.action.VIEW flg=0x14002000 cmp=com.android.chrome/org.chromium.chrome.browser.ChromeTabbedActivity (has extras)} from uid 10035 on display 0
V/WindowManager(  454): addAppToken: AppWindowToken{b1c8cb7 token=Token{262627b6 ActivityRecord{367f6351 u0 com.android.chrome/org.chromium.chrome.browser.ChromeTabbedActivity t4785}}} to stack=1 task=4785 at 0
V/WindowManager(  454): Based on layer: Adding window Window{fc28bbc u0 Starting com.android.chrome} at 3 of 17
I/ActivityManager(  454): Start proc 8036:com.android.chrome:sandboxed_process0/u0i3 for service com.android.chrome/org.chromium.content.app.SandboxedProcessService0
V/WindowManager(  454): Adding window Window{27df8e9f u0 com.android.chrome/org.chromium.chrome.browser.ChromeTabbedActivity} at 3 of 18 (before Window{fc28bbc u0 Starting com.android.chrome})
V/WindowManager(  454): Adding window Window{150b4ad8 u0 SurfaceView} at 3 of 19 (before Window{27df8e9f u0 com.android.chrome/org.chromium.chrome.browser.ChromeTabbedActivity})
I/ActivityManager(  454): Start proc 8079:com.android.chrome:privileged_process0/u0a35 for service com.android.chrome/org.chromium.content.app.PrivilegedProcessService0
D/ConnectivityService(  454): listenForNetwork for NetworkRequest [ id=20, legacyType=-1, [ Capabilities: INTERNET&NOT_RESTRICTED&TRUSTED] ]
D/ConnectivityService(  454): handleRegisterNetworkRequest checking NetworkAgentInfo [WIFI () - 100]
D/ConnectivityService(  454): apparently satisfied.  currentScore=100
D/ConnectivityService(  454): listenForNetwork for NetworkRequest [ id=21, legacyType=-1, [ Capabilities: INTERNET&NOT_RESTRICTED&TRUSTED] ]
D/ConnectivityService(  454): handleRegisterNetworkRequest checking NetworkAgentInfo [WIFI () - 100]
D/ConnectivityService(  454): apparently satisfied.  currentScore=100
I/ActivityManager(  454): Start proc 8129:com.android.chrome:sandboxed_process1/u0i4 for service com.android.chrome/org.chromium.content.app.SandboxedProcessService1
W/libprocessgroup(  454): failed to open /acct/uid_10035/pid_8129/cgroup.procs: No such file or directory
I/ActivityManager(  454): Process com.android.chrome:sandboxed_process1 (pid 8129) has died
W/ActivityManager(  454): Scheduling restart of crashed service com.android.chrome/org.chromium.content.app.SandboxedProcessService1 in 1000ms
I/ActivityManager(  454): Killing 6100:com.google.android.gm/u0a71 (adj 15): empty #17
W/BroadcastQueue(  454): Skipping deliver [background] BroadcastRecord{2f0e9458 u-1 android.net.conn.CONNECTIVITY_CHANGE} to ReceiverList{e7829b1 8366 (unknown name)/2000/u-1 remote:21048fca}: process crashing
I/ActivityManager(  454): START u0 {act=android.intent.action.MAIN cat=[android.intent.category.LAUNCHER] flg=0x10200000 cmp=com.quicinc.trepn/.userinterface.main.TrepnActivity} from uid 2000 on display 0
V/WindowManager(  454): addAppToken: AppWindowToken{3c049e04 token=Token{103baa17 ActivityRecord{35c3de96 u0 com.quicinc.trepn/.userinterface.main.TrepnActivity t4786}}} to stack=1 task=4786 at 0
V/WindowManager(  454): Adding window Window{cd3c50f u0 Starting com.quicinc.trepn} at 5 of 19 (after Window{27df8e9f u0 com.android.chrome/org.chromium.chrome.browser.ChromeTabbedActivity})
D/ConnectivityService(  454): releasing NetworkRequest NetworkRequest [ id=21, legacyType=-1, [ Capabilities: INTERNET&NOT_RESTRICTED&TRUSTED] ]
V/WindowManager(  454): Adding window Window{2d689359 u0 com.quicinc.trepn/com.quicinc.trepn.userinterface.main.TrepnActivity} at 5 of 20 (before Window{cd3c50f u0 Starting com.quicinc.trepn})
D/TaskPersister(  454): removeObsoleteFile: deleting file=4783_task.xml
I/ActivityManager(  454): Force stopping com.quicinc.trepn appid=10091 user=0: from pid 8421
I/ActivityManager(  454): Killing 7959:com.quicinc.trepn/u0a91 (adj 0): stop com.quicinc.trepn
I/WindowState(  454): WIN DEATH: Window{2d689359 u0 com.quicinc.trepn/com.quicinc.trepn.userinterface.main.TrepnActivity}
W/ActivityManager(  454): Scheduling restart of crashed service com.quicinc.trepn/.TrepnService in 1000ms
W/ActivityManager(  454): Force removing ActivityRecord{35c3de96 u0 com.quicinc.trepn/.userinterface.main.TrepnActivity t4786}: app died, no saved state
I/ActivityManager(  454):   Force stopping service ServiceRecord{3b88db3a u0 com.quicinc.trepn/.TrepnService}
W/ActivityManager(  454): Spurious death for ProcessRecord{2c054707 7959:com.quicinc.trepn/u0a91}, curProc for 7959: null
D/ConnectivityService(  454): listenForNetwork for NetworkRequest [ id=22, legacyType=-1, [ Capabilities: INTERNET&NOT_RESTRICTED&TRUSTED] ]
D/ConnectivityService(  454): handleRegisterNetworkRequest checking NetworkAgentInfo [WIFI () - 100]
D/ConnectivityService(  454): apparently satisfied.  currentScore=100
W/InputMethodManagerService(  454): Got RemoteException sending setActive(false) notification to pid 7959 uid 10091
I/ActivityManager(  454): Start proc 8447:com.quicinc.trepn/u0a91 for service com.quicinc.trepn/.TrepnService
I/ActivityManager(  454): Force stopping com.android.chrome appid=10035 user=0: from pid 8479
I/ActivityManager(  454): Killing 8079:com.android.chrome:privileged_process0/u0a35 (adj 0): stop com.android.chrome
W/ActivityManager(  454): Scheduling restart of crashed service com.android.chrome/org.chromium.content.app.PrivilegedProcessService0 in 1000ms
I/ActivityManager(  454): Killing 8010:com.android.chrome/u0a35 (adj 0): stop com.android.chrome
I/WindowState(  454): WIN DEATH: Window{27df8e9f u0 com.android.chrome/org.chromium.chrome.browser.ChromeTabbedActivity}
W/WindowManager(  454): Force-removing child win Window{150b4ad8 u0 SurfaceView} from container Window{27df8e9f u0 com.android.chrome/org.chromium.chrome.browser.ChromeTabbedActivity}
D/ConnectivityService(  454): ConnectivityService NetworkRequestInfo binderDied(NetworkRequest [ id=20, legacyType=-1, [ Capabilities: INTERNET&NOT_RESTRICTED&TRUSTED] ], android.os.BinderProxy@1209eec4)
D/ConnectivityService(  454): releasing NetworkRequest NetworkRequest [ id=20, legacyType=-1, [ Capabilities: INTERNET&NOT_RESTRICTED&TRUSTED] ]
D/ConnectivityService(  454): ConnectivityService NetworkRequestInfo binderDied(NetworkRequest [ id=22, legacyType=-1, [ Capabilities: INTERNET&NOT_RESTRICTED&TRUSTED] ], android.os.BinderProxy@249291ad)
E/ConnectivityService(  454): RemoteException caught trying to send a callback msg for NetworkRequest [ id=20, legacyType=-1, [ Capabilities: INTERNET&NOT_RESTRICTED&TRUSTED] ]
D/ConnectivityService(  454): releasing NetworkRequest NetworkRequest [ id=22, legacyType=-1, [ Capabilities: INTERNET&NOT_RESTRICTED&TRUSTED] ]
E/ConnectivityService(  454): RemoteException caught trying to send a callback msg for NetworkRequest [ id=22, legacyType=-1, [ Capabilities: INTERNET&NOT_RESTRICTED&TRUSTED] ]
W/WindowManager(  454): Failed looking up window
W/WindowManager(  454): java.lang.IllegalArgumentException: Requested window android.os.BinderProxy@db875bb does not exist
W/WindowManager(  454): 	at com.android.server.wm.WindowManagerService.windowForClientLocked(WindowManagerService.java:8539)
W/WindowManager(  454): 	at com.android.server.wm.WindowManagerService.windowForClientLocked(WindowManagerService.java:8530)
W/WindowManager(  454): 	at com.android.server.wm.WindowState$DeathRecipient.binderDied(WindowState.java:1142)
W/WindowManager(  454): 	at android.os.BinderProxy.sendDeathNotice(Binder.java:551)
I/WindowState(  454): WIN DEATH: null
W/ActivityManager(  454): Exception when unbinding service com.android.chrome/org.chromium.content.app.SandboxedProcessService0
W/ActivityManager(  454): android.os.DeadObjectException
W/ActivityManager(  454): 	at android.os.BinderProxy.transactNative(Native Method)
W/ActivityManager(  454): 	at android.os.BinderProxy.transact(Binder.java:496)
W/ActivityManager(  454): 	at android.app.ApplicationThreadProxy.scheduleUnbindService(ApplicationThreadNative.java:921)
W/ActivityManager(  454): 	at com.android.server.am.ActiveServices.removeConnectionLocked(ActiveServices.java:1795)
W/ActivityManager(  454): 	at com.android.server.am.ActiveServices.killServicesLocked(ActiveServices.java:2193)
W/ActivityManager(  454): 	at com.android.server.am.ActivityManagerService.cleanUpApplicationRecordLocked(ActivityManagerService.java:14895)
W/ActivityManager(  454): 	at com.android.server.am.ActivityManagerService.handleAppDiedLocked(ActivityManagerService.java:4552)
W/ActivityManager(  454): 	at com.android.server.am.ActivityManagerService.removeProcessLocked(ActivityManagerService.java:5789)
W/ActivityManager(  454): 	at com.android.server.am.ActivityManagerService.killPackageProcessesLocked(ActivityManagerService.java:5594)
W/ActivityManager(  454): 	at com.android.server.am.ActivityManagerService.forceStopPackageLocked(ActivityManagerService.java:5655)
W/ActivityManager(  454): 	at com.android.server.am.ActivityManagerService.forceStopPackageLocked(ActivityManagerService.java:5499)
W/ActivityManager(  454): 	at com.android.server.am.ActivityManagerService.forceStopPackage(ActivityManagerService.java:5309)
W/ActivityManager(  454): 	at android.app.ActivityManagerNative.onTransact(ActivityManagerNative.java:1461)
W/ActivityManager(  454): 	at com.android.server.am.ActivityManagerService.onTransact(ActivityManagerService.java:2208)
W/ActivityManager(  454): 	at android.os.Binder.execTransact(Binder.java:446)
W/ActivityManager(  454): Force removing ActivityRecord{367f6351 u0 com.android.chrome/org.chromium.chrome.browser.ChromeTabbedActivity t4785}: app died, no saved state
I/ActivityManager(  454): Killing 8036:com.android.chrome:sandboxed_process0/u0a35i3 (adj 9): isolated not needed
W/libprocessgroup(  454): failed to open /acct/uid_10035/pid_8036/cgroup.procs: No such file or directory
W/ActivityManager(  454): Spurious death for ProcessRecord{1398ece2 8079:com.android.chrome:privileged_process0/u0a35}, curProc for 8079: null
W/ActivityManager(  454): Unbind failed: could not find connection for android.os.BinderProxy@1e3c9cf0
W/ActivityManager(  454): Spurious death for ProcessRecord{1c03c9fd 8010:com.android.chrome/u0a35}, curProc for 8010: null
W/InputMethodManagerService(  454): Got RemoteException sending setActive(false) notification to pid 8010 uid 10035
I/ActivityManager(  454): START u0 {act=android.intent.action.VIEW flg=0x10008000 cmp=com.android.chrome/com.google.android.apps.chrome.Main} from uid 2000 on display 0
V/WindowManager(  454): addAppToken: AppWindowToken{3d588442 token=Token{217e6a8d ActivityRecord{150c1f24 u0 com.android.chrome/com.google.android.apps.chrome.Main t4787}}} to stack=1 task=4787 at 0
I/ActivityManager(  454): Start proc 8499:com.android.chrome/u0a35 for activity com.android.chrome/com.google.android.apps.chrome.Main
W/ResourcesManager( 8499): Asset path '/system/framework/com.android.media.remotedisplay.jar' does not exist or contains no resources.
W/ResourcesManager( 8499): Asset path '/system/framework/com.android.location.provider.jar' does not exist or contains no resources.
I/ActivityManager(  454): START u0 {act=android.intent.action.VIEW flg=0x14002000 cmp=com.android.chrome/org.chromium.chrome.browser.ChromeTabbedActivity (has extras)} from uid 10035 on display 0
V/WindowManager(  454): addAppToken: AppWindowToken{162dff84 token=Token{148fa197 ActivityRecord{1a970416 u0 com.android.chrome/org.chromium.chrome.browser.ChromeTabbedActivity t4788}}} to stack=1 task=4788 at 0
V/WindowManager(  454): Based on layer: Adding window Window{4916325 u0 Starting com.android.chrome} at 3 of 17
I/ActivityManager(  454): Start proc 8528:com.android.chrome:sandboxed_process0/u0i5 for service com.android.chrome/org.chromium.content.app.SandboxedProcessService0
V/WindowManager(  454): Adding window Window{a1a5f95 u0 com.android.chrome/org.chromium.chrome.browser.ChromeTabbedActivity} at 3 of 18 (before Window{4916325 u0 Starting com.android.chrome})
V/WindowManager(  454): Adding window Window{6ecf826 u0 SurfaceView} at 3 of 19 (before Window{a1a5f95 u0 com.android.chrome/org.chromium.chrome.browser.ChromeTabbedActivity})
I/ActivityManager(  454): Start proc 8569:com.android.chrome:privileged_process0/u0a35 for service com.android.chrome/org.chromium.content.app.PrivilegedProcessService0
D/ConnectivityService(  454): listenForNetwork for NetworkRequest [ id=23, legacyType=-1, [ Capabilities: INTERNET&NOT_RESTRICTED&TRUSTED] ]
D/ConnectivityService(  454): handleRegisterNetworkRequest checking NetworkAgentInfo [WIFI () - 100]
D/ConnectivityService(  454): apparently satisfied.  currentScore=100
D/ConnectivityService(  454): listenForNetwork for NetworkRequest [ id=24, legacyType=-1, [ Capabilities: INTERNET&NOT_RESTRICTED&TRUSTED] ]
D/ConnectivityService(  454): handleRegisterNetworkRequest checking NetworkAgentInfo [WIFI () - 100]
D/ConnectivityService(  454): apparently satisfied.  currentScore=100
D/TaskPersister(  454): removeObsoleteFile: deleting file=4785_task.xml
D/TaskPersister(  454): removeObsoleteFile: deleting file=4785_task_thumbnail.png
W/FileUtils( 8447): Failed to chmod(/storage/emulated/0/trepn/Trepn_2018.06.18_162406.db): android.system.ErrnoException: chmod failed: EPERM (Operation not permitted)
I/ActivityManager(  454): START u0 {act=android.intent.action.VIEW dat=localhost:8000 flg=0x10000000 cmp=com.android.chrome/com.google.android.apps.chrome.Main} from uid 2000 on display 0
V/WindowManager(  454): addAppToken: AppWindowToken{3a0167cf token=Token{1fe7a02e ActivityRecord{382212a9 u0 com.android.chrome/com.google.android.apps.chrome.Main t4789}}} to stack=1 task=4789 at 0
D/ConnectivityService(  454): releasing NetworkRequest NetworkRequest [ id=24, legacyType=-1, [ Capabilities: INTERNET&NOT_RESTRICTED&TRUSTED] ]
D/ConnectivityService(  454): listenForNetwork for NetworkRequest [ id=25, legacyType=-1, [ Capabilities: INTERNET&NOT_RESTRICTED&TRUSTED] ]
D/ConnectivityService(  454): handleRegisterNetworkRequest checking NetworkAgentInfo [WIFI () - 100]
D/ConnectivityService(  454): apparently satisfied.  currentScore=100
