--------- beginning of crash
F/libc    (29974): Fatal signal 11 (SIGSEGV), code 1, fault addr 0x7f859072f4 in tid 29985 (Binder_2)
--------- beginning of system
D/ConnectivityService(  451): NetworkAgentInfo [WIFI () - 119] EVENT_NETWORK_INFO_CHANGED, going from CONNECTING to CONNECTED
I/ActivityManager(  451): Start proc 16630:com.android.providers.calendar/u0a2 for broadcast com.android.providers.calendar/.CalendarReceiver
W/ResourcesManager(16630): Asset path '/system/framework/android.test.runner.jar' does not exist or contains no resources.
I/ActivityManager(  451): Start proc 16651:com.google.android.calendar/u0a32 for broadcast com.google.android.calendar/.alerts.AlertReceiver
I/ActivityManager(  451): Start proc 16705:com.google.android.gms:snet/u0a8 for service com.google.android.gms/.chimera.SnetIntentOperationService
W/ResourcesManager(16705): Asset path '/system/framework/com.android.media.remotedisplay.jar' does not exist or contains no resources.
W/ResourcesManager(16705): Asset path '/system/framework/com.android.location.provider.jar' does not exist or contains no resources.
W/ActivityManager(  451): Unable to start service Intent { cmp=com.google.android.gms/.security.snet.SnetLaunchIntentService } U=0: not found
I/libprocessgroup(  451): Killing pid 16730 in uid 10008 as part of process group 16705
I/libprocessgroup(  451): Killing pid 16730 in uid 10008 as part of process group 16705
I/libprocessgroup(  451): Killing pid 16730 in uid 10008 as part of process group 16705
I/libprocessgroup(  451): Killing pid 16730 in uid 10008 as part of process group 16705
I/libprocessgroup(  451): Killing pid 16730 in uid 10008 as part of process group 16705
I/libprocessgroup(  451): Killing pid 16730 in uid 10008 as part of process group 16705
I/libprocessgroup(  451): Killing pid 16730 in uid 10008 as part of process group 16705
I/libprocessgroup(  451): Killing pid 16730 in uid 10008 as part of process group 16705
I/libprocessgroup(  451): Killing pid 16730 in uid 10008 as part of process group 16705
I/libprocessgroup(  451): Killing pid 16730 in uid 10008 as part of process group 16705
I/ActivityManager(  451): Process com.google.android.gms:snet (pid 16705) has died
W/ActivityManager(  451): Scheduling restart of crashed service com.google.android.gms/.chimera.SnetIntentOperationService in 3446ms
W/Zygote  (  210): Slow operation: 68654ms so far, now at Zygote.preFork
W/Zygote  (  210): Slow operation: 68660ms so far, now at Zygote.nativeForkAndSpecialize
W/Zygote  (  210): Slow operation: 68667ms so far, now at Zygote.postForkCommon
W/Zygote  (  210): Slow operation: 68668ms so far, now at zygoteConnection.runOnce: postForkAndSpecialize
W/ActivityManager(  451): Slow operation: 68671ms so far, now at startProcess: returned from zygote!
W/ActivityManager(  451): Slow operation: 68671ms so far, now at startProcess: done updating battery stats
W/ActivityManager(  451): Slow operation: 68671ms so far, now at startProcess: building log message
I/ActivityManager(  451): Start proc 16734:com.google.android.gms:snet/u0a8 for service com.google.android.gms/.chimera.SnetIntentOperationService
W/ActivityManager(  451): Slow operation: 68671ms so far, now at startProcess: starting to update pids map
W/ActivityManager(  451): Slow operation: 68671ms so far, now at startProcess: done updating pids map
W/ActivityManager(  451): Slow operation: 68671ms so far, now at startProcess: done starting proc!
W/Zygote  (16734): Slow operation: 68686ms so far, now at Zygote.nativeForkAndSpecialize
W/Zygote  (16734): Slow operation: 68695ms so far, now at Zygote.postForkCommon
W/Zygote  (16734): Slow operation: 68696ms so far, now at zygoteConnection.runOnce: postForkAndSpecialize
W/ResourcesManager(16734): Asset path '/system/framework/com.android.media.remotedisplay.jar' does not exist or contains no resources.
W/ResourcesManager(16734): Asset path '/system/framework/com.android.location.provider.jar' does not exist or contains no resources.
I/Nat464Xlat(  451): Stopping clatd
E/Nat464Xlat(  451): Error stopping clatd: java.lang.IllegalStateException: command '664 clatd stop wlan0' failed with '400 664 Clatd operation failed'
D/ConnectivityService(  451): NetworkAgentInfo [WIFI () - 119] EVENT_NETWORK_INFO_CHANGED, going from CONNECTED to CONNECTING
D/ConnectivityService(  451): NetworkAgentInfo [WIFI () - 119] EVENT_NETWORK_INFO_CHANGED, going from CONNECTING to CONNECTED
I/ActivityManager(  451): Waited long enough for: ServiceRecord{1dae9c71 u0 com.google.android.gms/.chimera.SnetIntentOperationService}
D/ConnectivityService(  451): reportBadNetwork(NetworkAgentInfo [WIFI () - 119]) by 10008
D/ConnectivityService(  451): setProvNotificationVisibleIntent: E visible=false networkType=0 extraInfo=null
D/ConnectivityService(  451): Validated NetworkAgentInfo [WIFI () - 119]
I/Nat464Xlat(  451): Stopping clatd
E/Nat464Xlat(  451): Error stopping clatd: java.lang.IllegalStateException: command '667 clatd stop wlan0' failed with '400 667 Clatd operation failed'
D/ConnectivityService(  451): NetworkAgentInfo [WIFI () - 119] EVENT_NETWORK_INFO_CHANGED, going from CONNECTED to CONNECTING
D/ConnectivityService(  451): NetworkAgentInfo [WIFI () - 119] EVENT_NETWORK_INFO_CHANGED, going from CONNECTING to CONNECTED
I/Nat464Xlat(  451): Stopping clatd
E/Nat464Xlat(  451): Error stopping clatd: java.lang.IllegalStateException: command '670 clatd stop wlan0' failed with '400 670 Clatd operation failed'
D/ConnectivityService(  451): NetworkAgentInfo [WIFI () - 119] EVENT_NETWORK_INFO_CHANGED, going from CONNECTED to CONNECTING
D/ConnectivityService(  451): NetworkAgentInfo [WIFI () - 119] EVENT_NETWORK_INFO_CHANGED, going from CONNECTING to CONNECTED
I/Nat464Xlat(  451): Stopping clatd
E/Nat464Xlat(  451): Error stopping clatd: java.lang.IllegalStateException: command '673 clatd stop wlan0' failed with '400 673 Clatd operation failed'
D/ConnectivityService(  451): NetworkAgentInfo [WIFI () - 119] EVENT_NETWORK_INFO_CHANGED, going from CONNECTED to CONNECTING
D/ConnectivityService(  451): NetworkAgentInfo [WIFI () - 119] EVENT_NETWORK_INFO_CHANGED, going from CONNECTING to CONNECTED
I/PowerManagerService(  451): Waking up from sleep (uid 1000)...
I/DisplayPowerController(  451): Blocking screen on until initial contents have been drawn.
I/DisplayManagerService(  451): Display device changed: DisplayDeviceInfo{"Built-in Screen": uniqueId="local:0", 1536 x 2048, 59.0 fps, supportedRefreshRates [59.0], density 320, 288.995 x 288.995 dpi, appVsyncOff 0, presDeadline 17949152, touch INTERNAL, rotation 0, type BUILT_IN, state ON, FLAG_DEFAULT_DISPLAY, FLAG_ROTATES_WITH_CONTENT, FLAG_SECURE, FLAG_SUPPORTS_PROTECTED_BUFFERS}
V/ActivityManager(  451): Display changed displayId=0
I/DisplayPowerController(  451): Unblocked screen on after 211 ms
W/InputMethodManagerService(  451): Window already focused, ignoring focus gain of: com.android.internal.view.IInputMethodClient$Stub$Proxy@1b3582c4 attribute=android.view.inputmethod.EditorInfo@b3895ad, token = android.os.BinderProxy@217535b1
I/PowerManagerService(  451): Going to sleep due to power button (uid 1000)...
I/PowerManagerService(  451): Sleeping (uid 1000)...
I/DisplayManagerService(  451): Display device changed: DisplayDeviceInfo{"Built-in Screen": uniqueId="local:0", 1536 x 2048, 59.0 fps, supportedRefreshRates [59.0], density 320, 288.995 x 288.995 dpi, appVsyncOff 0, presDeadline 17949152, touch INTERNAL, rotation 0, type BUILT_IN, state OFF, FLAG_DEFAULT_DISPLAY, FLAG_ROTATES_WITH_CONTENT, FLAG_SECURE, FLAG_SUPPORTS_PROTECTED_BUFFERS}
V/ActivityManager(  451): Display changed displayId=0
I/PowerManagerService(  451): Waking up from sleep (uid 1000)...
I/DisplayPowerController(  451): Blocking screen on until initial contents have been drawn.
D/ActivityManager(  451): awakeFromSleepingLocked: previously pausing activity didn't pause
I/DisplayManagerService(  451): Display device changed: DisplayDeviceInfo{"Built-in Screen": uniqueId="local:0", 1536 x 2048, 59.0 fps, supportedRefreshRates [59.0], density 320, 288.995 x 288.995 dpi, appVsyncOff 0, presDeadline 17949152, touch INTERNAL, rotation 0, type BUILT_IN, state ON, FLAG_DEFAULT_DISPLAY, FLAG_ROTATES_WITH_CONTENT, FLAG_SECURE, FLAG_SUPPORTS_PROTECTED_BUFFERS}
V/ActivityManager(  451): Display changed displayId=0
I/DisplayPowerController(  451): Unblocked screen on after 485 ms
V/ActivityManager(  451): Display changed displayId=0
I/WindowManager(  451): Screen frozen for +41ms due to Window{2d29fa96 u0 com.google.android.googlequicksearchbox/com.google.android.launcher.GEL}
V/ActivityManager(  451): Display changed displayId=0
I/ActivityManager(  451): Config changes=480 {1.0 ?mcc?mnc en_US ldltr sw768dp w1024dp h695dp 320dpi xlrg land finger -keyb/v/h -nav/h s.32}
I/ActivityManager(  451): Start proc 16951:android.process.acore/u0a3 for content provider com.android.providers.contacts/.ContactsProvider2
V/ActivityManager(  451): Display changed displayId=0
I/ActivityManager(  451): Config changes=480 {1.0 ?mcc?mnc en_US ldltr sw768dp w768dp h951dp 320dpi xlrg port finger -keyb/v/h -nav/h s.33}
V/WindowManager(  451): Adding window Window{10274e14 u0 com.google.android.googlequicksearchbox/com.google.android.launcher.GEL} at 4 of 17 (after Window{91c7c66 u0 com.android.systemui/com.android.systemui.recents.RecentsActivity})
V/WindowManager(  451): Adding window Window{9f78e47 u0 com.google.android.googlequicksearchbox/com.google.android.launcher.GEL} at 4 of 17 (after Window{91c7c66 u0 com.android.systemui/com.android.systemui.recents.RecentsActivity})
I/WindowManager(  451): Screen frozen for +1s53ms due to Window{262e9f93 u0 com.android.systemui.ImageWallpaper}
V/ActivityManager(  451): Display changed displayId=0
I/ActivityManager(  451): Config changes=480 {1.0 ?mcc?mnc en_US ldltr sw768dp w1024dp h695dp 320dpi xlrg land finger -keyb/v/h -nav/h s.34}
V/WindowManager(  451): Adding window Window{9ac7b58 u0 com.google.android.googlequicksearchbox/com.google.android.launcher.GEL} at 4 of 17 (after Window{91c7c66 u0 com.android.systemui/com.android.systemui.recents.RecentsActivity})
I/WindowManager(  451): Screen frozen for +540ms due to Window{9ac7b58 u0 com.google.android.googlequicksearchbox/com.google.android.launcher.GEL}
I/PowerManagerService(  451): Going to sleep due to power button (uid 1000)...
I/PowerManagerService(  451): Sleeping (uid 1000)...
I/DisplayManagerService(  451): Display device changed: DisplayDeviceInfo{"Built-in Screen": uniqueId="local:0", 1536 x 2048, 59.0 fps, supportedRefreshRates [59.0], density 320, 288.995 x 288.995 dpi, appVsyncOff 0, presDeadline 17949152, touch INTERNAL, rotation 0, type BUILT_IN, state OFF, FLAG_DEFAULT_DISPLAY, FLAG_ROTATES_WITH_CONTENT, FLAG_SECURE, FLAG_SUPPORTS_PROTECTED_BUFFERS}
V/ActivityManager(  451): Display changed displayId=0
D/WifiService(  451): acquireWifiLockLocked: WifiLock{NlpWifiLock type=2 binder=android.os.BinderProxy@3a2f2f91}
D/WifiService(  451): releaseWifiLockLocked: WifiLock{NlpWifiLock type=2 binder=android.os.BinderProxy@3a2f2f91}
I/PowerManagerService(  451): Waking up from sleep (uid 1000)...
I/DisplayPowerController(  451): Blocking screen on until initial contents have been drawn.
I/DisplayManagerService(  451): Display device changed: DisplayDeviceInfo{"Built-in Screen": uniqueId="local:0", 1536 x 2048, 59.0 fps, supportedRefreshRates [59.0], density 320, 288.995 x 288.995 dpi, appVsyncOff 0, presDeadline 17949152, touch INTERNAL, rotation 0, type BUILT_IN, state ON, FLAG_DEFAULT_DISPLAY, FLAG_ROTATES_WITH_CONTENT, FLAG_SECURE, FLAG_SUPPORTS_PROTECTED_BUFFERS}
V/ActivityManager(  451): Display changed displayId=0
V/ActivityManager(  451): Display changed displayId=0
I/EntropyMixer(  451): Writing entropy...
I/DisplayPowerController(  451): Unblocked screen on after 331 ms
I/ActivityManager(  451): Start proc 17000:com.google.android.apps.plus/u0a68 for broadcast com.google.android.apps.plus/.service.BatteryReceiver
W/ResourcesManager(17000): Asset path '/system/framework/com.google.android.maps.jar' does not exist or contains no resources.
I/ActivityManager(  451): Start proc 17035:com.google.android.apps.photos/u0a66 for broadcast com.google.android.apps.photos/.scheduler.PowerReceiver
W/BackupManagerService(  451): dataChanged but no participant pkg='com.android.providers.settings' uid=10089
I/PowerManagerService(  451): Going to sleep due to power button (uid 1000)...
I/PowerManagerService(  451): Sleeping (uid 1000)...
D/WifiService(  451): New client listening to asynchronous messages
I/DisplayManagerService(  451): Display device changed: DisplayDeviceInfo{"Built-in Screen": uniqueId="local:0", 1536 x 2048, 59.0 fps, supportedRefreshRates [59.0], density 320, 288.995 x 288.995 dpi, appVsyncOff 0, presDeadline 17949152, touch INTERNAL, rotation 0, type BUILT_IN, state OFF, FLAG_DEFAULT_DISPLAY, FLAG_ROTATES_WITH_CONTENT, FLAG_SECURE, FLAG_SUPPORTS_PROTECTED_BUFFERS}
V/ActivityManager(  451): Display changed displayId=0
I/ProcessStatsService(  451): Added stats: 2018-06-12-14-19-44, over +3h30m34s31ms
I/ProcessStatsService(  451): Added stats: 2018-06-12-00-23-00, over +13h56m44s593ms
I/ProcessStatsService(  451): Added stats: 2018-06-11-21-22-00, over +3h0m60s1ms
I/ProcessStatsService(  451): Added stats: 2018-06-11-18-21-33, over +3h0m26s787ms
I/ActivityManager(  451): Start proc 17116:com.google.android.instantapps.supervisor/u0a90 for service com.google.android.instantapps.supervisor/.hygiene.HygieneTaskService
I/ActivityManager(  451): Start proc 17183:com.google.android.videos/u0a77 for service com.google.android.videos/.service.logging.FlushLogsTaskService
W/ResourcesManager(17183): Asset path '/system/framework/com.google.widevine.software.drm.jar' does not exist or contains no resources.
I/ActivityManager(  451): Start proc 17220:com.android.vending/u0a18 for service com.android.vending/com.google.android.finsky.contentfilterui.ContentFiltersService
I/ActivityManager(  451): Process com.google.android.gms.unstable (pid 16328) has died
D/WifiService(  451): acquireWifiLockLocked: WifiLock{com.google.android.videos.service.drm.LicenseRefresher_tasks type=3 binder=android.os.BinderProxy@10839f12}
D/WifiService(  451): releaseWifiLockLocked: WifiLock{com.google.android.videos.service.drm.LicenseRefresher_tasks type=3 binder=android.os.BinderProxy@10839f12}
D/ConnectivityService(  451): listenForNetwork for NetworkRequest [ id=327, legacyType=-1, [ Capabilities: INTERNET&NOT_RESTRICTED&TRUSTED] ]
D/ConnectivityService(  451): handleRegisterNetworkRequest checking NetworkAgentInfo [WIFI () - 119]
D/ConnectivityService(  451): apparently satisfied.  currentScore=60
D/WifiService(  451): acquireWifiLockLocked: WifiLock{NlpWifiLock type=2 binder=android.os.BinderProxy@9fd0907}
I/ActivityManager(  451): Start proc 17308:com.google.android.youtube/u0a81 for service com.google.android.youtube/com.google.android.libraries.youtube.common.gcore.gcoreclient.gcm.impl.GcmTaskServiceDelegator
I/ActivityManager(  451): Waited long enough for: ServiceRecord{14661763 u0 com.google.android.gms/.chimera.SnetIntentOperationService}
W/ResourcesManager(17308): Asset path '/system/framework/com.android.media.remotedisplay.jar' does not exist or contains no resources.
W/ResourcesManager(17308): Asset path '/system/framework/com.android.location.provider.jar' does not exist or contains no resources.
W/ResourcesManager(17308): Asset path '/system/framework/com.android.media.remotedisplay.jar' does not exist or contains no resources.
W/ResourcesManager(17308): Asset path '/system/framework/com.android.location.provider.jar' does not exist or contains no resources.
W/ResourcesManager(  987): Asset path '/system/framework/com.google.widevine.software.drm.jar' does not exist or contains no resources.
W/ResourcesManager(  987): Asset path '/system/framework/com.google.android.media.effects.jar' does not exist or contains no resources.
I/ActivityManager(  451): Process com.google.android.calendar (pid 16651) has died
D/ConnectivityService(  451): listenForNetwork for NetworkRequest [ id=328, legacyType=-1, [ Capabilities: INTERNET&NOT_RESTRICTED&TRUSTED] ]
D/ConnectivityService(  451): handleRegisterNetworkRequest checking NetworkAgentInfo [WIFI () - 119]
D/ConnectivityService(  451): apparently satisfied.  currentScore=60
D/VoldCmdListener(  151): cryptfs getpwtype
D/WifiService(  451): releaseWifiLockLocked: WifiLock{NlpWifiLock type=2 binder=android.os.BinderProxy@9fd0907}
I/ActivityManager(  451): Start proc 17427:com.google.android.music:main/u0a61 for service com.google.android.music/.sync.google.MusicGcmTaskService
W/ResourcesManager(17427): Asset path '/system/framework/com.android.media.remotedisplay.jar' does not exist or contains no resources.
W/ResourcesManager(17427): Asset path '/system/framework/com.android.location.provider.jar' does not exist or contains no resources.
I/ActivityManager(  451): Waited long enough for: ServiceRecord{344b1f9e u0 com.google.android.gms/.icing.service.IndexWorkerService}
I/ActivityManager(  451): Process com.google.android.apps.photos (pid 17035) has died
I/ActivityManager(  451): Start proc 17473:com.google.android.gms.unstable/u0a8 for service com.google.android.gms/.droidguard.DroidGuardService
W/ResourcesManager(17473): Asset path '/system/framework/com.android.media.remotedisplay.jar' does not exist or contains no resources.
W/ResourcesManager(17473): Asset path '/system/framework/com.android.location.provider.jar' does not exist or contains no resources.
I/ActivityManager(  451): Process android.process.acore (pid 16951) has died
W/ResourcesManager(  987): Asset path '/system/framework/com.google.android.maps.jar' does not exist or contains no resources.
I/libprocessgroup(  451): Killing pid 11449 in uid 10089 as part of process group 10761
D/WifiService(  451): Client connection lost with reason: 4
I/libprocessgroup(  451): Killing pid 11449 in uid 10089 as part of process group 10761
E/WifiService(  451): Multicaster binderDied
I/libprocessgroup(  451): Killing pid 11449 in uid 10089 as part of process group 10761
I/libprocessgroup(  451): Killing pid 11449 in uid 10089 as part of process group 10761
I/libprocessgroup(  451): Killing pid 11449 in uid 10089 as part of process group 10761
I/libprocessgroup(  451): Killing pid 11449 in uid 10089 as part of process group 10761
I/libprocessgroup(  451): Killing pid 11449 in uid 10089 as part of process group 10761
I/libprocessgroup(  451): Killing pid 11449 in uid 10089 as part of process group 10761
I/libprocessgroup(  451): Killing pid 11449 in uid 10089 as part of process group 10761
I/WindowState(  451): WIN DEATH: Window{1b27a07 u0 com.estrongs.android.pop}
D/ConnectivityService(  451): ConnectivityService NetworkRequestInfo binderDied(NetworkRequest [ id=311, legacyType=-1, [ Capabilities: INTERNET&NOT_RESTRICTED&TRUSTED] ], android.os.BinderProxy@3a8994ca)
D/ConnectivityService(  451): ConnectivityService NetworkRequestInfo binderDied(NetworkRequest [ id=312, legacyType=-1, [ Capabilities: INTERNET&NOT_RESTRICTED&TRUSTED] ], android.os.BinderProxy@3626163b)
D/ConnectivityService(  451): releasing NetworkRequest NetworkRequest [ id=311, legacyType=-1, [ Capabilities: INTERNET&NOT_RESTRICTED&TRUSTED] ]
E/ConnectivityService(  451): RemoteException caught trying to send a callback msg for NetworkRequest [ id=311, legacyType=-1, [ Capabilities: INTERNET&NOT_RESTRICTED&TRUSTED] ]
D/ConnectivityService(  451): releasing NetworkRequest NetworkRequest [ id=312, legacyType=-1, [ Capabilities: INTERNET&NOT_RESTRICTED&TRUSTED] ]
E/ConnectivityService(  451): RemoteException caught trying to send a callback msg for NetworkRequest [ id=312, legacyType=-1, [ Capabilities: INTERNET&NOT_RESTRICTED&TRUSTED] ]
I/WindowState(  451): WIN DEATH: Window{1bf2afa3 u0 com.estrongs.android.pop}
I/WindowState(  451): WIN DEATH: Window{e6748cc u0 com.estrongs.android.pop}
I/WindowState(  451): WIN DEATH: Window{1c751c21 u0 com.estrongs.android.pop}
I/WindowState(  451): WIN DEATH: Window{29e6595d u0 com.estrongs.android.pop}
I/WindowState(  451): WIN DEATH: Window{252625b8 u0 com.estrongs.android.pop}
I/WindowState(  451): WIN DEATH: Window{71baa2a u0 com.estrongs.android.pop}
E/libprocessgroup(  451): failed to kill 1 processes for processgroup 10761
I/ActivityManager(  451): Process com.estrongs.android.pop (pid 10761) has died
W/ActivityManager(  451): Scheduling restart of crashed service com.estrongs.android.pop/com.estrongs.android.scanner.service.FileScannerService in 1000ms
W/ActivityManager(  451): Scheduling restart of crashed service com.estrongs.android.pop/com.android.apps.pros.LocalMService in 11000ms
I/ActivityManager(  451): Start proc 17535:com.estrongs.android.pop/u0a89 for service com.estrongs.android.pop/com.estrongs.android.scanner.service.FileScannerService
D/WifiService(  451): New client listening to asynchronous messages
W/ResourcesManager(17535): Asset path '/system/framework/com.android.media.remotedisplay.jar' does not exist or contains no resources.
W/ResourcesManager(17535): Asset path '/system/framework/com.android.location.provider.jar' does not exist or contains no resources.
W/ResourcesManager(17535): Asset path '/system/framework/com.android.media.remotedisplay.jar' does not exist or contains no resources.
W/ResourcesManager(17535): Asset path '/system/framework/com.android.location.provider.jar' does not exist or contains no resources.
W/ResourcesManager(17535): Asset path '/system/framework/com.android.media.remotedisplay.jar' does not exist or contains no resources.
W/ResourcesManager(17535): Asset path '/system/framework/com.android.location.provider.jar' does not exist or contains no resources.
E/ActivityThread(17535): Failed to find provider info for com.facebook.katana.provider.AttributionIdProvider
W/ResourcesManager(17535): Asset path '/system/framework/com.android.media.remotedisplay.jar' does not exist or contains no resources.
W/ResourcesManager(17535): Asset path '/system/framework/com.android.location.provider.jar' does not exist or contains no resources.
I/ActivityManager(  451): Process com.android.providers.calendar (pid 16630) has died
I/ActivityManager(  451): Process com.google.android.instantapps.supervisor (pid 17116) has died
I/ActivityManager(  451): Process com.opera.browser:alarm_receiver (pid 16561) has died
I/ActivityManager(  451): Process com.google.android.apps.gcs (pid 16495) has died
D/WifiService(  451): Client connection lost with reason: 4
I/ActivityManager(  451): Process com.google.android.videos (pid 17183) has died
D/ConnectivityService(  451): ConnectivityService NetworkRequestInfo binderDied(NetworkRequest [ id=328, legacyType=-1, [ Capabilities: INTERNET&NOT_RESTRICTED&TRUSTED] ], android.os.BinderProxy@202963c0)
D/ConnectivityService(  451): releasing NetworkRequest NetworkRequest [ id=328, legacyType=-1, [ Capabilities: INTERNET&NOT_RESTRICTED&TRUSTED] ]
E/ConnectivityService(  451): RemoteException caught trying to send a callback msg for NetworkRequest [ id=328, legacyType=-1, [ Capabilities: INTERNET&NOT_RESTRICTED&TRUSTED] ]
I/ActivityManager(  451): Process com.google.android.youtube (pid 17308) has died
W/WindowManager(  451): Window freeze timeout expired.
W/WindowManager(  451): Force clearing orientation change: Window{3ff226ea u0 com.estrongs.android.pop}
W/WindowManager(  451): Force clearing orientation change: Window{33d2c78c u0 com.estrongs.android.pop}
W/WindowManager(  451): Force clearing orientation change: Window{27113ade u0 com.estrongs.android.pop}
W/WindowManager(  451): Force clearing orientation change: Window{eb7b560 u0 com.estrongs.android.pop}
W/WindowManager(  451): Force clearing orientation change: Window{36fb3792 u0 com.estrongs.android.pop}
W/WindowManager(  451): Force clearing orientation change: Window{813adf4 u0 com.estrongs.android.pop}
W/WindowManager(  451): Force clearing orientation change: Window{2daad078 u0 com.estrongs.android.pop}
I/ActivityManager(  451): Start proc 17643:android.process.acore/u0a3 for content provider com.android.providers.contacts/.ContactsProvider2
W/ResourcesManager(17535): Asset path '/system/framework/com.google.android.maps.jar' does not exist or contains no resources.
W/ResourcesManager(17535): Asset path '/system/framework/com.google.widevine.software.drm.jar' does not exist or contains no resources.
W/ResourcesManager(17535): Asset path '/system/framework/com.android.media.remotedisplay.jar' does not exist or contains no resources.
W/ResourcesManager(17535): Asset path '/system/framework/com.android.location.provider.jar' does not exist or contains no resources.
W/ResourcesManager(17535): Asset path '/system/framework/com.android.media.remotedisplay.jar' does not exist or contains no resources.
W/ResourcesManager(17535): Asset path '/system/framework/com.android.location.provider.jar' does not exist or contains no resources.
W/ResourcesManager(17535): Asset path '/system/framework/com.google.android.media.effects.jar' does not exist or contains no resources.
W/ResourcesManager(17535): Asset path '/system/framework/com.android.media.remotedisplay.jar' does not exist or contains no resources.
W/ResourcesManager(17535): Asset path '/system/framework/com.android.location.provider.jar' does not exist or contains no resources.
I/ActivityManager(  451): Start proc 17691:com.google.android.youtube/u0a81 for service com.google.android.youtube/com.google.android.libraries.youtube.common.gcore.gcoreclient.gcm.impl.GcmTaskServiceDelegator
W/ResourcesManager(17691): Asset path '/system/framework/com.android.media.remotedisplay.jar' does not exist or contains no resources.
W/ResourcesManager(17691): Asset path '/system/framework/com.android.location.provider.jar' does not exist or contains no resources.
W/ResourcesManager(17691): Asset path '/system/framework/com.android.media.remotedisplay.jar' does not exist or contains no resources.
W/ResourcesManager(17691): Asset path '/system/framework/com.android.location.provider.jar' does not exist or contains no resources.
D/ConnectivityService(  451): listenForNetwork for NetworkRequest [ id=329, legacyType=-1, [ Capabilities: INTERNET&NOT_RESTRICTED&TRUSTED] ]
D/ConnectivityService(  451): handleRegisterNetworkRequest checking NetworkAgentInfo [WIFI () - 119]
D/ConnectivityService(  451): apparently satisfied.  currentScore=60
D/VoldCmdListener(  151): cryptfs getpwtype
D/WifiService(  451): acquireWifiLockLocked: WifiLock{NlpWifiLock type=2 binder=android.os.BinderProxy@23c3c709}
I/ActivityManager(  451): Start proc 17803:com.google.android.instantapps.supervisor/u0a90 for service com.google.android.instantapps.supervisor/.hygiene.HygieneTaskService
I/ActivityManager(  451): Start proc 17818:com.google.android.apps.gcs/u0a7 for broadcast com.google.android.apps.gcs/.steen.receiver.ScoreNetworksReceiver
D/WifiService(  451): releaseWifiLockLocked: WifiLock{NlpWifiLock type=2 binder=android.os.BinderProxy@23c3c709}
D/ConnectivityService(  451): ConnectivityService NetworkRequestInfo binderDied(NetworkRequest [ id=327, legacyType=-1, [ Capabilities: INTERNET&NOT_RESTRICTED&TRUSTED] ], android.os.BinderProxy@1224b946)
D/ConnectivityService(  451): releasing NetworkRequest NetworkRequest [ id=327, legacyType=-1, [ Capabilities: INTERNET&NOT_RESTRICTED&TRUSTED] ]
E/ConnectivityService(  451): RemoteException caught trying to send a callback msg for NetworkRequest [ id=327, legacyType=-1, [ Capabilities: INTERNET&NOT_RESTRICTED&TRUSTED] ]
I/ActivityManager(  451): Process com.android.vending (pid 17220) has died
I/ActivityManager(  451): Process com.google.android.apps.plus (pid 17000) has died
I/ActivityManager(  451): Process android.process.media (pid 16396) has died
I/ActivityManager(  451): Process com.google.android.music:main (pid 17427) has died
D/WifiService(  451): New client listening to asynchronous messages
I/ActivityManager(  451): Process android.process.acore (pid 17643) has died
D/ConnectivityService(  451): ConnectivityService NetworkRequestInfo binderDied(NetworkRequest [ id=329, legacyType=-1, [ Capabilities: INTERNET&NOT_RESTRICTED&TRUSTED] ], android.os.BinderProxy@9c1c493)
D/ConnectivityService(  451): releasing NetworkRequest NetworkRequest [ id=329, legacyType=-1, [ Capabilities: INTERNET&NOT_RESTRICTED&TRUSTED] ]
E/ConnectivityService(  451): RemoteException caught trying to send a callback msg for NetworkRequest [ id=329, legacyType=-1, [ Capabilities: INTERNET&NOT_RESTRICTED&TRUSTED] ]
I/ActivityManager(  451): Process com.google.android.youtube (pid 17691) has died
I/ActivityManager(  451): Process com.google.android.gms.unstable (pid 17473) has died
I/ActivityManager(  451): Start proc 17899:com.google.android.youtube/u0a81 for service com.google.android.youtube/com.google.android.libraries.youtube.common.gcore.gcoreclient.gcm.impl.GcmTaskServiceDelegator
W/ResourcesManager(17899): Asset path '/system/framework/com.android.media.remotedisplay.jar' does not exist or contains no resources.
W/ResourcesManager(17899): Asset path '/system/framework/com.android.location.provider.jar' does not exist or contains no resources.
W/ResourcesManager(17899): Asset path '/system/framework/com.android.media.remotedisplay.jar' does not exist or contains no resources.
W/ResourcesManager(17899): Asset path '/system/framework/com.android.location.provider.jar' does not exist or contains no resources.
D/ConnectivityService(  451): listenForNetwork for NetworkRequest [ id=330, legacyType=-1, [ Capabilities: INTERNET&NOT_RESTRICTED&TRUSTED] ]
D/ConnectivityService(  451): handleRegisterNetworkRequest checking NetworkAgentInfo [WIFI () - 119]
D/ConnectivityService(  451): apparently satisfied.  currentScore=60
D/VoldCmdListener(  151): cryptfs getpwtype
D/VoldCmdListener(  151): cryptfs getpwtype
D/WifiService(  451): acquireWifiLockLocked: WifiLock{NlpWifiLock type=2 binder=android.os.BinderProxy@1b857520}
D/WifiService(  451): releaseWifiLockLocked: WifiLock{NlpWifiLock type=2 binder=android.os.BinderProxy@1b857520}
D/WifiService(  451): acquireWifiLockLocked: WifiLock{NlpWifiLock type=2 binder=android.os.BinderProxy@1b857520}
D/WifiService(  451): releaseWifiLockLocked: WifiLock{NlpWifiLock type=2 binder=android.os.BinderProxy@1b857520}
D/ConnectivityService(  451): reportBadNetwork(NetworkAgentInfo [WIFI () - 119]) by 10008
D/ConnectivityService(  451): setProvNotificationVisibleIntent: E visible=false networkType=0 extraInfo=null
D/ConnectivityService(  451): Validated NetworkAgentInfo [WIFI () - 119]
D/WifiService(  451): acquireWifiLockLocked: WifiLock{NlpWifiLock type=2 binder=android.os.BinderProxy@1b857520}
D/WifiService(  451): releaseWifiLockLocked: WifiLock{NlpWifiLock type=2 binder=android.os.BinderProxy@1b857520}
D/WifiService(  451): acquireWifiLockLocked: WifiLock{NlpWifiLock type=2 binder=android.os.BinderProxy@1b857520}
D/WifiService(  451): releaseWifiLockLocked: WifiLock{NlpWifiLock type=2 binder=android.os.BinderProxy@1b857520}
D/WifiService(  451): acquireWifiLockLocked: WifiLock{NlpWifiLock type=2 binder=android.os.BinderProxy@1b857520}
D/WifiService(  451): releaseWifiLockLocked: WifiLock{NlpWifiLock type=2 binder=android.os.BinderProxy@1b857520}
I/Nat464Xlat(  451): Stopping clatd
E/Nat464Xlat(  451): Error stopping clatd: java.lang.IllegalStateException: command '676 clatd stop wlan0' failed with '400 676 Clatd operation failed'
D/ConnectivityService(  451): NetworkAgentInfo [WIFI () - 119] EVENT_NETWORK_INFO_CHANGED, going from CONNECTED to CONNECTING
D/ConnectivityService(  451): NetworkAgentInfo [WIFI () - 119] EVENT_NETWORK_INFO_CHANGED, going from CONNECTING to CONNECTED
I/ActivityManager(  451): Start proc 18121:com.google.android.apps.photos/u0a66 for service com.google.android.apps.photos/.metasync.periodic.MetaSyncGcoreGcmTaskService
I/ActivityManager(  451): Start proc 18148:android.process.media/u0a5 for content provider com.android.providers.media/.MediaProvider
D/WifiService(  451): acquireWifiLockLocked: WifiLock{NlpWifiLock type=2 binder=android.os.BinderProxy@1e060562}
D/WifiService(  451): releaseWifiLockLocked: WifiLock{NlpWifiLock type=2 binder=android.os.BinderProxy@1e060562}
I/PowerManagerService(  451): Waking up from sleep (uid 1000)...
I/DisplayPowerController(  451): Blocking screen on until initial contents have been drawn.
I/DisplayManagerService(  451): Display device changed: DisplayDeviceInfo{"Built-in Screen": uniqueId="local:0", 1536 x 2048, 59.0 fps, supportedRefreshRates [59.0], density 320, 288.995 x 288.995 dpi, appVsyncOff 0, presDeadline 17949152, touch INTERNAL, rotation 0, type BUILT_IN, state ON, FLAG_DEFAULT_DISPLAY, FLAG_ROTATES_WITH_CONTENT, FLAG_SECURE, FLAG_SUPPORTS_PROTECTED_BUFFERS}
V/ActivityManager(  451): Display changed displayId=0
I/DisplayPowerController(  451): Unblocked screen on after 410 ms
I/PowerManagerService(  451): Going to sleep due to power button (uid 1000)...
I/PowerManagerService(  451): Sleeping (uid 1000)...
I/DisplayManagerService(  451): Display device changed: DisplayDeviceInfo{"Built-in Screen": uniqueId="local:0", 1536 x 2048, 59.0 fps, supportedRefreshRates [59.0], density 320, 288.995 x 288.995 dpi, appVsyncOff 0, presDeadline 17949152, touch INTERNAL, rotation 0, type BUILT_IN, state OFF, FLAG_DEFAULT_DISPLAY, FLAG_ROTATES_WITH_CONTENT, FLAG_SECURE, FLAG_SUPPORTS_PROTECTED_BUFFERS}
V/ActivityManager(  451): Display changed displayId=0
I/ActivityManager(  451): Start proc 18269:com.opera.browser:alarm_receiver/u0a85 for broadcast com.opera.browser/com.opera.android.phantom.receiver.AlarmReceiver
I/PowerManagerService(  451): Waking up from sleep (uid 1000)...
I/DisplayPowerController(  451): Blocking screen on until initial contents have been drawn.
I/DisplayManagerService(  451): Display device changed: DisplayDeviceInfo{"Built-in Screen": uniqueId="local:0", 1536 x 2048, 59.0 fps, supportedRefreshRates [59.0], density 320, 288.995 x 288.995 dpi, appVsyncOff 0, presDeadline 17949152, touch INTERNAL, rotation 0, type BUILT_IN, state ON, FLAG_DEFAULT_DISPLAY, FLAG_ROTATES_WITH_CONTENT, FLAG_SECURE, FLAG_SUPPORTS_PROTECTED_BUFFERS}
V/ActivityManager(  451): Display changed displayId=0
I/DisplayPowerController(  451): Unblocked screen on after 157 ms
I/ActivityManager(  451): Start proc 18291:com.google.android.apps.plus/u0a68 for broadcast com.google.android.apps.plus/com.google.android.libraries.social.autobackup.AutoBackupEnvironment$BatteryReceiver
W/ResourcesManager(18291): Asset path '/system/framework/com.google.android.maps.jar' does not exist or contains no resources.
V/ActivityManager(  451): Display changed displayId=0
I/ActivityManager(  451): Config changes=480 {1.0 ?mcc?mnc en_US ldltr sw768dp w768dp h951dp 320dpi xlrg port finger -keyb/v/h -nav/h s.35}
I/ActivityManager(  451): Start proc 18334:android.process.acore/u0a3 for content provider com.android.providers.contacts/.ContactsProvider2
V/WindowManager(  451): Adding window Window{211ce1a2 u0 com.google.android.googlequicksearchbox/com.google.android.launcher.GEL} at 4 of 17 (after Window{91c7c66 u0 com.android.systemui/com.android.systemui.recents.RecentsActivity})
I/WindowManager(  451): Screen frozen for +1s59ms due to Window{211ce1a2 u0 com.google.android.googlequicksearchbox/com.google.android.launcher.GEL}
I/PowerManagerService(  451): Going to sleep due to power button (uid 1000)...
I/PowerManagerService(  451): Sleeping (uid 1000)...
I/DisplayManagerService(  451): Display device changed: DisplayDeviceInfo{"Built-in Screen": uniqueId="local:0", 1536 x 2048, 59.0 fps, supportedRefreshRates [59.0], density 320, 288.995 x 288.995 dpi, appVsyncOff 0, presDeadline 17949152, touch INTERNAL, rotation 0, type BUILT_IN, state OFF, FLAG_DEFAULT_DISPLAY, FLAG_ROTATES_WITH_CONTENT, FLAG_SECURE, FLAG_SUPPORTS_PROTECTED_BUFFERS}
V/ActivityManager(  451): Display changed displayId=0
I/PowerManagerService(  451): Waking up from sleep (uid 1000)...
I/DisplayPowerController(  451): Blocking screen on until initial contents have been drawn.
I/DisplayManagerService(  451): Display device changed: DisplayDeviceInfo{"Built-in Screen": uniqueId="local:0", 1536 x 2048, 59.0 fps, supportedRefreshRates [59.0], density 320, 288.995 x 288.995 dpi, appVsyncOff 0, presDeadline 17949152, touch INTERNAL, rotation 0, type BUILT_IN, state ON, FLAG_DEFAULT_DISPLAY, FLAG_ROTATES_WITH_CONTENT, FLAG_SECURE, FLAG_SUPPORTS_PROTECTED_BUFFERS}
V/ActivityManager(  451): Display changed displayId=0
V/ActivityManager(  451): Display changed displayId=0
I/DisplayPowerController(  451): Unblocked screen on after 148 ms
I/PowerManagerService(  451): Going to sleep due to power button (uid 1000)...
I/PowerManagerService(  451): Sleeping (uid 1000)...
I/DisplayManagerService(  451): Display device changed: DisplayDeviceInfo{"Built-in Screen": uniqueId="local:0", 1536 x 2048, 59.0 fps, supportedRefreshRates [59.0], density 320, 288.995 x 288.995 dpi, appVsyncOff 0, presDeadline 17949152, touch INTERNAL, rotation 0, type BUILT_IN, state OFF, FLAG_DEFAULT_DISPLAY, FLAG_ROTATES_WITH_CONTENT, FLAG_SECURE, FLAG_SUPPORTS_PROTECTED_BUFFERS}
V/ActivityManager(  451): Display changed displayId=0
D/WifiService(  451): acquireWifiLockLocked: WifiLock{NlpWifiLock type=2 binder=android.os.BinderProxy@29aa5859}
D/WifiService(  451): releaseWifiLockLocked: WifiLock{NlpWifiLock type=2 binder=android.os.BinderProxy@29aa5859}
D/WifiService(  451): acquireWifiLockLocked: WifiLock{NlpWifiLock type=2 binder=android.os.BinderProxy@1097c6ad}
D/WifiService(  451): releaseWifiLockLocked: WifiLock{NlpWifiLock type=2 binder=android.os.BinderProxy@1097c6ad}
D/ConnectivityService(  451): NetworkAgentInfo [WIFI () - 119] EVENT_NETWORK_INFO_CHANGED, going from CONNECTED to DISCONNECTED
D/ConnectivityService(  451): NetworkAgentInfo [WIFI () - 119] got DISCONNECTED, was satisfying 8
D/ConnectivityService(  451): reportBadNetwork(NetworkAgentInfo [WIFI () - 119]) by 10008
D/ConnectivityService(  451): notifyType LOST for NetworkAgentInfo [WIFI () - 119]
I/Nat464Xlat(  451): Stopping clatd
E/Nat464Xlat(  451): Error stopping clatd: java.lang.IllegalStateException: command '683 clatd stop wlan0' failed with '400 683 Clatd operation failed'
D/CSLegacyTypeTracker(  451): Sending disconnected broadcast for type 1 NetworkAgentInfo [WIFI () - 119] isDefaultNetwork=true
D/ConnectivityService(  451): sendStickyBroadcast: action=android.net.conn.CONNECTIVITY_CHANGE_IMMEDIATE
D/ConnectivityService(  451): sendStickyBroadcast: action=android.net.conn.CONNECTIVITY_CHANGE
D/ConnectivityService(  451): sendStickyBroadcast: action=android.net.conn.CONNECTIVITY_CHANGE_IMMEDIATE
D/ConnectivityService(  451): sendStickyBroadcast: action=android.net.conn.CONNECTIVITY_CHANGE
D/ConnectivityService(  451): Checking for replacement network to handle request NetworkRequest [ id=1, legacyType=-1, [ Capabilities: INTERNET&NOT_RESTRICTED&TRUSTED&NOT_VPN] ]
E/ConnectivityService(  451): EVENT_NETWORK_INFO_CHANGED from unknown NetworkAgent
D/ConnectivityService(  451): setProvNotificationVisibleIntent: E visible=false networkType=0 extraInfo=null
D/WifiService(  451): acquireWifiLockLocked: WifiLock{NlpWifiLock type=2 binder=android.os.BinderProxy@1097c6ad}
D/WifiService(  451): releaseWifiLockLocked: WifiLock{NlpWifiLock type=2 binder=android.os.BinderProxy@1097c6ad}
D/ConnectivityService(  451): Failed to find a new network - expiring NetTransition Wakelock
I/ProcessStatsService(  451): Prepared write state in 29ms
I/ProcessStatsService(  451): Prepared write state in 4ms
I/ProcessStatsService(  451): Pruning old procstats: /data/system/procstats/state-2018-06-10-17-45-00.bin
D/WifiService(  451): acquireWifiLockLocked: WifiLock{NlpWifiLock type=2 binder=android.os.BinderProxy@26c705fd}
D/WifiService(  451): releaseWifiLockLocked: WifiLock{NlpWifiLock type=2 binder=android.os.BinderProxy@26c705fd}
D/WifiService(  451): acquireWifiLockLocked: WifiLock{NlpWifiLock type=2 binder=android.os.BinderProxy@26c705fd}
I/ValidateNoPeople(  451): skipping global notification
D/WifiService(  451): releaseWifiLockLocked: WifiLock{NlpWifiLock type=2 binder=android.os.BinderProxy@26c705fd}
I/PowerManagerService(  451): Waking up from sleep (uid 1000)...
I/DisplayPowerController(  451): Blocking screen on until initial contents have been drawn.
I/DisplayManagerService(  451): Display device changed: DisplayDeviceInfo{"Built-in Screen": uniqueId="local:0", 1536 x 2048, 59.0 fps, supportedRefreshRates [59.0], density 320, 288.995 x 288.995 dpi, appVsyncOff 0, presDeadline 17949152, touch INTERNAL, rotation 0, type BUILT_IN, state ON, FLAG_DEFAULT_DISPLAY, FLAG_ROTATES_WITH_CONTENT, FLAG_SECURE, FLAG_SUPPORTS_PROTECTED_BUFFERS}
V/ActivityManager(  451): Display changed displayId=0
I/DisplayPowerController(  451): Unblocked screen on after 286 ms
V/ActivityManager(  451): Display changed displayId=0
I/ActivityManager(  451): Config changes=480 {1.0 ?mcc?mnc en_US ldltr sw768dp w1024dp h695dp 320dpi xlrg land finger -keyb/v/h -nav/h s.36}
V/WindowManager(  451): Adding window Window{177ba5f8 u0 com.google.android.googlequicksearchbox/com.google.android.launcher.GEL} at 4 of 17 (after Window{91c7c66 u0 com.android.systemui/com.android.systemui.recents.RecentsActivity})
I/WindowManager(  451): Screen frozen for +479ms due to Window{177ba5f8 u0 com.google.android.googlequicksearchbox/com.google.android.launcher.GEL}
D/WifiService(  451): acquireWifiLockLocked: WifiLock{NlpWifiLock type=2 binder=android.os.BinderProxy@4a17072}
D/WifiService(  451): releaseWifiLockLocked: WifiLock{NlpWifiLock type=2 binder=android.os.BinderProxy@4a17072}
I/PowerManagerService(  451): Going to sleep due to screen timeout (uid 1000)...
I/PowerManagerService(  451): Sleeping (uid 1000)...
I/DisplayManagerService(  451): Display device changed: DisplayDeviceInfo{"Built-in Screen": uniqueId="local:0", 1536 x 2048, 59.0 fps, supportedRefreshRates [59.0], density 320, 288.995 x 288.995 dpi, appVsyncOff 0, presDeadline 17949152, touch INTERNAL, rotation 0, type BUILT_IN, state OFF, FLAG_DEFAULT_DISPLAY, FLAG_ROTATES_WITH_CONTENT, FLAG_SECURE, FLAG_SUPPORTS_PROTECTED_BUFFERS}
V/ActivityManager(  451): Display changed displayId=0
D/WifiService(  451): acquireWifiLockLocked: WifiLock{NlpWifiLock type=2 binder=android.os.BinderProxy@3373b8fa}
D/WifiService(  451): releaseWifiLockLocked: WifiLock{NlpWifiLock type=2 binder=android.os.BinderProxy@3373b8fa}
D/WifiService(  451): acquireWifiLockLocked: WifiLock{NlpWifiLock type=2 binder=android.os.BinderProxy@1f500c9e}
D/WifiService(  451): releaseWifiLockLocked: WifiLock{NlpWifiLock type=2 binder=android.os.BinderProxy@1f500c9e}
D/WifiService(  451): acquireWifiLockLocked: WifiLock{NlpWifiLock type=2 binder=android.os.BinderProxy@1f500c9e}
D/WifiService(  451): releaseWifiLockLocked: WifiLock{NlpWifiLock type=2 binder=android.os.BinderProxy@1f500c9e}
D/WifiService(  451): acquireWifiLockLocked: WifiLock{NlpWifiLock type=2 binder=android.os.BinderProxy@1f500c9e}
D/WifiService(  451): releaseWifiLockLocked: WifiLock{NlpWifiLock type=2 binder=android.os.BinderProxy@1f500c9e}
D/WifiService(  451): acquireWifiLockLocked: WifiLock{NlpWifiLock type=2 binder=android.os.BinderProxy@33ff3e61}
D/WifiService(  451): releaseWifiLockLocked: WifiLock{NlpWifiLock type=2 binder=android.os.BinderProxy@33ff3e61}
D/WifiService(  451): acquireWifiLockLocked: WifiLock{NlpWifiLock type=2 binder=android.os.BinderProxy@33ff3e61}
D/WifiService(  451): releaseWifiLockLocked: WifiLock{NlpWifiLock type=2 binder=android.os.BinderProxy@33ff3e61}
D/WifiService(  451): acquireWifiLockLocked: WifiLock{NlpWifiLock type=2 binder=android.os.BinderProxy@33ff3e61}
D/WifiService(  451): releaseWifiLockLocked: WifiLock{NlpWifiLock type=2 binder=android.os.BinderProxy@33ff3e61}
D/WifiService(  451): acquireWifiLockLocked: WifiLock{NlpWifiLock type=2 binder=android.os.BinderProxy@2ede92a5}
D/WifiService(  451): releaseWifiLockLocked: WifiLock{NlpWifiLock type=2 binder=android.os.BinderProxy@2ede92a5}
D/WifiService(  451): acquireWifiLockLocked: WifiLock{NlpWifiLock type=2 binder=android.os.BinderProxy@2ede92a5}
D/WifiService(  451): releaseWifiLockLocked: WifiLock{NlpWifiLock type=2 binder=android.os.BinderProxy@2ede92a5}
D/WifiService(  451): acquireWifiLockLocked: WifiLock{NlpWifiLock type=2 binder=android.os.BinderProxy@2ede92a5}
D/WifiService(  451): releaseWifiLockLocked: WifiLock{NlpWifiLock type=2 binder=android.os.BinderProxy@2ede92a5}
D/WifiService(  451): acquireWifiLockLocked: WifiLock{NlpWifiLock type=2 binder=android.os.BinderProxy@2208a77e}
D/WifiService(  451): releaseWifiLockLocked: WifiLock{NlpWifiLock type=2 binder=android.os.BinderProxy@2208a77e}
D/WifiService(  451): acquireWifiLockLocked: WifiLock{NlpWifiLock type=2 binder=android.os.BinderProxy@73d3ebf}
D/WifiService(  451): releaseWifiLockLocked: WifiLock{NlpWifiLock type=2 binder=android.os.BinderProxy@73d3ebf}
D/WifiService(  451): acquireWifiLockLocked: WifiLock{NlpWifiLock type=2 binder=android.os.BinderProxy@73d3ebf}
D/WifiService(  451): releaseWifiLockLocked: WifiLock{NlpWifiLock type=2 binder=android.os.BinderProxy@73d3ebf}
D/WifiService(  451): acquireWifiLockLocked: WifiLock{NlpWifiLock type=2 binder=android.os.BinderProxy@12466faa}
D/WifiService(  451): releaseWifiLockLocked: WifiLock{NlpWifiLock type=2 binder=android.os.BinderProxy@12466faa}
D/WifiService(  451): acquireWifiLockLocked: WifiLock{NlpWifiLock type=2 binder=android.os.BinderProxy@23121cfe}
D/WifiService(  451): releaseWifiLockLocked: WifiLock{NlpWifiLock type=2 binder=android.os.BinderProxy@23121cfe}
D/WifiService(  451): acquireWifiLockLocked: WifiLock{NlpWifiLock type=2 binder=android.os.BinderProxy@23121cfe}
D/WifiService(  451): releaseWifiLockLocked: WifiLock{NlpWifiLock type=2 binder=android.os.BinderProxy@23121cfe}
D/WifiService(  451): acquireWifiLockLocked: WifiLock{NlpWifiLock type=2 binder=android.os.BinderProxy@39746327}
D/WifiService(  451): releaseWifiLockLocked: WifiLock{NlpWifiLock type=2 binder=android.os.BinderProxy@39746327}
D/WifiService(  451): acquireWifiLockLocked: WifiLock{NlpWifiLock type=2 binder=android.os.BinderProxy@39746327}
D/WifiService(  451): releaseWifiLockLocked: WifiLock{NlpWifiLock type=2 binder=android.os.BinderProxy@39746327}
D/WifiService(  451): acquireWifiLockLocked: WifiLock{NlpWifiLock type=2 binder=android.os.BinderProxy@1c96dbad}
D/WifiService(  451): releaseWifiLockLocked: WifiLock{NlpWifiLock type=2 binder=android.os.BinderProxy@1c96dbad}
D/WifiService(  451): acquireWifiLockLocked: WifiLock{NlpWifiLock type=2 binder=android.os.BinderProxy@1c96dbad}
D/WifiService(  451): releaseWifiLockLocked: WifiLock{NlpWifiLock type=2 binder=android.os.BinderProxy@1c96dbad}
D/WifiService(  451): acquireWifiLockLocked: WifiLock{NlpWifiLock type=2 binder=android.os.BinderProxy@86f5b90}
D/WifiService(  451): releaseWifiLockLocked: WifiLock{NlpWifiLock type=2 binder=android.os.BinderProxy@86f5b90}
D/WifiService(  451): acquireWifiLockLocked: WifiLock{NlpWifiLock type=2 binder=android.os.BinderProxy@86f5b90}
D/WifiService(  451): releaseWifiLockLocked: WifiLock{NlpWifiLock type=2 binder=android.os.BinderProxy@86f5b90}
D/WifiService(  451): acquireWifiLockLocked: WifiLock{NlpWifiLock type=2 binder=android.os.BinderProxy@86f5b90}
D/WifiService(  451): releaseWifiLockLocked: WifiLock{NlpWifiLock type=2 binder=android.os.BinderProxy@86f5b90}
D/WifiService(  451): acquireWifiLockLocked: WifiLock{NlpWifiLock type=2 binder=android.os.BinderProxy@86f5b90}
D/WifiService(  451): releaseWifiLockLocked: WifiLock{NlpWifiLock type=2 binder=android.os.BinderProxy@86f5b90}
D/WifiService(  451): acquireWifiLockLocked: WifiLock{NlpWifiLock type=2 binder=android.os.BinderProxy@86f5b90}
D/WifiService(  451): releaseWifiLockLocked: WifiLock{NlpWifiLock type=2 binder=android.os.BinderProxy@86f5b90}
D/WifiService(  451): acquireWifiLockLocked: WifiLock{NlpWifiLock type=2 binder=android.os.BinderProxy@86f5b90}
D/WifiService(  451): releaseWifiLockLocked: WifiLock{NlpWifiLock type=2 binder=android.os.BinderProxy@86f5b90}
D/WifiService(  451): acquireWifiLockLocked: WifiLock{NlpWifiLock type=2 binder=android.os.BinderProxy@86f5b90}
D/WifiService(  451): releaseWifiLockLocked: WifiLock{NlpWifiLock type=2 binder=android.os.BinderProxy@86f5b90}
D/WifiService(  451): acquireWifiLockLocked: WifiLock{NlpWifiLock type=2 binder=android.os.BinderProxy@36739f4a}
D/WifiService(  451): releaseWifiLockLocked: WifiLock{NlpWifiLock type=2 binder=android.os.BinderProxy@36739f4a}
D/WifiService(  451): acquireWifiLockLocked: WifiLock{NlpWifiLock type=2 binder=android.os.BinderProxy@36739f4a}
D/WifiService(  451): releaseWifiLockLocked: WifiLock{NlpWifiLock type=2 binder=android.os.BinderProxy@36739f4a}
D/WifiService(  451): acquireWifiLockLocked: WifiLock{NlpWifiLock type=2 binder=android.os.BinderProxy@36739f4a}
D/WifiService(  451): releaseWifiLockLocked: WifiLock{NlpWifiLock type=2 binder=android.os.BinderProxy@36739f4a}
D/WifiService(  451): acquireWifiLockLocked: WifiLock{NlpWifiLock type=2 binder=android.os.BinderProxy@36739f4a}
D/WifiService(  451): releaseWifiLockLocked: WifiLock{NlpWifiLock type=2 binder=android.os.BinderProxy@36739f4a}
I/PowerManagerService(  451): Waking up from sleep (uid 1000)...
I/DisplayPowerController(  451): Blocking screen on until initial contents have been drawn.
I/DisplayManagerService(  451): Display device changed: DisplayDeviceInfo{"Built-in Screen": uniqueId="local:0", 1536 x 2048, 59.0 fps, supportedRefreshRates [59.0], density 320, 288.995 x 288.995 dpi, appVsyncOff 0, presDeadline 17949152, touch INTERNAL, rotation 0, type BUILT_IN, state ON, FLAG_DEFAULT_DISPLAY, FLAG_ROTATES_WITH_CONTENT, FLAG_SECURE, FLAG_SUPPORTS_PROTECTED_BUFFERS}
V/ActivityManager(  451): Display changed displayId=0
V/ActivityManager(  451): Display changed displayId=0
I/DisplayPowerController(  451): Unblocked screen on after 294 ms
