I/vgn     (  977): 45-xlb -- metadata{ service_id: 0 }
I/chromium(11119): [INFO:CONSOLE(12)] "1884", source: http://localhost:8000/httprequest.js (12)
I/vgn     (  977): 45-xlb -- metadata{ service_id: 0 }
I/chromium(11119): [INFO:CONSOLE(12)] "1883", source: http://localhost:8000/httprequest.js (12)
I/vgn     (  977): 45-xlb -- metadata{ service_id: 0 }
I/chromium(11119): [INFO:CONSOLE(12)] "1882", source: http://localhost:8000/httprequest.js (12)
I/vgn     (  977): 45-xlb -- metadata{ service_id: 0 }
I/chromium(11119): [INFO:CONSOLE(12)] "1881", source: http://localhost:8000/httprequest.js (12)
I/vgn     (  977): 45-xlb -- metadata{ service_id: 0 }
I/chromium(11119): [INFO:CONSOLE(12)] "1880", source: http://localhost:8000/httprequest.js (12)
I/vgn     (  977): 45-xlb -- metadata{ service_id: 0 }
I/chromium(11119): [INFO:CONSOLE(12)] "1879", source: http://localhost:8000/httprequest.js (12)
I/vgn     (  977): 45-xlb -- metadata{ service_id: 0 }
I/chromium(11119): [INFO:CONSOLE(12)] "1878", source: http://localhost:8000/httprequest.js (12)
I/vgn     (  977): 45-xlb -- metadata{ service_id: 0 }
I/chromium(11119): [INFO:CONSOLE(12)] "1877", source: http://localhost:8000/httprequest.js (12)
I/vgn     (  977): 45-xlb -- metadata{ service_id: 0 }
I/chromium(11119): [INFO:CONSOLE(12)] "1876", source: http://localhost:8000/httprequest.js (12)
I/vgn     (  977): 45-xlb -- metadata{ service_id: 0 }
I/chromium(11119): [INFO:CONSOLE(12)] "1875", source: http://localhost:8000/httprequest.js (12)
I/vgn     (  977): 45-xlb -- metadata{ service_id: 0 }
I/chromium(11119): [INFO:CONSOLE(12)] "1874", source: http://localhost:8000/httprequest.js (12)
I/vgn     (  977): 45-xlb -- metadata{ service_id: 0 }
I/chromium(11119): [INFO:CONSOLE(12)] "1873", source: http://localhost:8000/httprequest.js (12)
I/vgn     (  977): 45-xlb -- metadata{ service_id: 0 }
I/chromium(11119): [INFO:CONSOLE(12)] "1872", source: http://localhost:8000/httprequest.js (12)
I/vgn     (  977): 45-xlb -- metadata{ service_id: 0 }
I/chromium(11119): [INFO:CONSOLE(12)] "1871", source: http://localhost:8000/httprequest.js (12)
I/vgn     (  977): 45-xlb -- metadata{ service_id: 0 }
I/chromium(11119): [INFO:CONSOLE(12)] "1870", source: http://localhost:8000/httprequest.js (12)
I/vgn     (  977): 45-xlb -- metadata{ service_id: 0 }
W/Wifi    ( 3637): Failed to read packet and byte counts from wifi interface
I/chromium(11119): [INFO:CONSOLE(12)] "1869", source: http://localhost:8000/httprequest.js (12)
I/vgn     (  977): 45-xlb -- metadata{ service_id: 0 }
I/chromium(11119): [INFO:CONSOLE(12)] "1868", source: http://localhost:8000/httprequest.js (12)
I/vgn     (  977): 45-xlb -- metadata{ service_id: 0 }
I/chromium(11119): [INFO:CONSOLE(12)] "1867", source: http://localhost:8000/httprequest.js (12)
I/vgn     (  977): 45-xlb -- metadata{ service_id: 0 }
I/chromium(11119): [INFO:CONSOLE(12)] "1866", source: http://localhost:8000/httprequest.js (12)
I/vgn     (  977): 45-xlb -- metadata{ service_id: 0 }
I/chromium(11119): [INFO:CONSOLE(12)] "1865", source: http://localhost:8000/httprequest.js (12)
I/vgn     (  977): 45-xlb -- metadata{ service_id: 0 }
I/chromium(11119): [INFO:CONSOLE(12)] "1864", source: http://localhost:8000/httprequest.js (12)
I/vgn     (  977): 45-xlb -- metadata{ service_id: 0 }
I/chromium(11119): [INFO:CONSOLE(12)] "1863", source: http://localhost:8000/httprequest.js (12)
I/vgn     (  977): 45-xlb -- metadata{ service_id: 0 }
I/chromium(11119): [INFO:CONSOLE(12)] "1862", source: http://localhost:8000/httprequest.js (12)
I/vgn     (  977): 45-xlb -- metadata{ service_id: 0 }
I/chromium(11119): [INFO:CONSOLE(12)] "1861", source: http://localhost:8000/httprequest.js (12)
I/vgn     (  977): 45-xlb -- metadata{ service_id: 0 }
I/chromium(11119): [INFO:CONSOLE(12)] "1860", source: http://localhost:8000/httprequest.js (12)
I/art     (  977): Explicit concurrent mark sweep GC freed 59955(2MB) AllocSpace objects, 21(420KB) LOS objects, 36% free, 27MB/43MB, paused 542us total 88.712ms
I/vgn     (  977): 45-xlb -- metadata{ service_id: 0 }
I/chromium(11119): [INFO:CONSOLE(12)] "1859", source: http://localhost:8000/httprequest.js (12)
I/vgn     (  977): 45-xlb -- metadata{ service_id: 0 }
I/chromium(11119): [INFO:CONSOLE(12)] "1858", source: http://localhost:8000/httprequest.js (12)
I/vgn     (  977): 45-xlb -- metadata{ service_id: 0 }
I/chromium(11119): [INFO:CONSOLE(12)] "1857", source: http://localhost:8000/httprequest.js (12)
I/vgn     (  977): 45-xlb -- metadata{ service_id: 0 }
I/chromium(11119): [INFO:CONSOLE(12)] "1856", source: http://localhost:8000/httprequest.js (12)
I/vgn     (  977): 45-xlb -- metadata{ service_id: 0 }
I/chromium(11119): [INFO:CONSOLE(12)] "1855", source: http://localhost:8000/httprequest.js (12)
I/vgn     (  977): 45-xlb -- metadata{ service_id: 0 }
I/chromium(11119): [INFO:CONSOLE(12)] "1854", source: http://localhost:8000/httprequest.js (12)
I/vgn     (  977): 45-xlb -- metadata{ service_id: 0 }
I/chromium(11119): [INFO:CONSOLE(12)] "1853", source: http://localhost:8000/httprequest.js (12)
I/vgn     (  977): 45-xlb -- metadata{ service_id: 0 }
I/chromium(11119): [INFO:CONSOLE(12)] "1852", source: http://localhost:8000/httprequest.js (12)
I/vgn     (  977): 45-xlb -- metadata{ service_id: 0 }
I/chromium(11119): [INFO:CONSOLE(12)] "1851", source: http://localhost:8000/httprequest.js (12)
I/vgn     (  977): 45-xlb -- metadata{ service_id: 0 }
I/chromium(11119): [INFO:CONSOLE(12)] "1850", source: http://localhost:8000/httprequest.js (12)
I/vgn     (  977): 45-xlb -- metadata{ service_id: 0 }
I/chromium(11119): [INFO:CONSOLE(12)] "1849", source: http://localhost:8000/httprequest.js (12)
I/vgn     (  977): 45-xlb -- metadata{ service_id: 0 }
I/chromium(11119): [INFO:CONSOLE(12)] "1848", source: http://localhost:8000/httprequest.js (12)
I/vgn     (  977): 45-xlb -- metadata{ service_id: 0 }
I/chromium(11119): [INFO:CONSOLE(12)] "1847", source: http://localhost:8000/httprequest.js (12)
I/vgn     (  977): 45-xlb -- metadata{ service_id: 0 }
I/chromium(11119): [INFO:CONSOLE(12)] "1846", source: http://localhost:8000/httprequest.js (12)
I/vgn     (  977): 45-xlb -- metadata{ service_id: 0 }
I/chromium(11119): [INFO:CONSOLE(12)] "1845", source: http://localhost:8000/httprequest.js (12)
I/vgn     (  977): 45-xlb -- metadata{ service_id: 0 }
I/chromium(11119): [INFO:CONSOLE(12)] "1844", source: http://localhost:8000/httprequest.js (12)
I/vgn     (  977): 45-xlb -- metadata{ service_id: 0 }
I/chromium(11119): [INFO:CONSOLE(12)] "1843", source: http://localhost:8000/httprequest.js (12)
I/vgn     (  977): 45-xlb -- metadata{ service_id: 0 }
I/chromium(11119): [INFO:CONSOLE(12)] "1842", source: http://localhost:8000/httprequest.js (12)
I/vgn     (  977): 45-xlb -- metadata{ service_id: 0 }
I/chromium(11119): [INFO:CONSOLE(12)] "1841", source: http://localhost:8000/httprequest.js (12)
I/vgn     (  977): 45-xlb -- metadata{ service_id: 0 }
I/chromium(11119): [INFO:CONSOLE(12)] "1840", source: http://localhost:8000/httprequest.js (12)
I/vgn     (  977): 45-xlb -- metadata{ service_id: 0 }
I/chromium(11119): [INFO:CONSOLE(12)] "1839", source: http://localhost:8000/httprequest.js (12)
I/vgn     (  977): 45-xlb -- metadata{ service_id: 0 }
I/chromium(11119): [INFO:CONSOLE(12)] "1838", source: http://localhost:8000/httprequest.js (12)
I/vgn     (  977): 45-xlb -- metadata{ service_id: 0 }
I/chromium(11119): [INFO:CONSOLE(12)] "1837", source: http://localhost:8000/httprequest.js (12)
I/vgn     (  977): 45-xlb -- metadata{ service_id: 0 }
I/chromium(11119): [INFO:CONSOLE(12)] "1836", source: http://localhost:8000/httprequest.js (12)
I/vgn     (  977): 45-xlb -- metadata{ service_id: 0 }
I/chromium(11119): [INFO:CONSOLE(12)] "1835", source: http://localhost:8000/httprequest.js (12)
I/vgn     (  977): 45-xlb -- metadata{ service_id: 0 }
I/chromium(11119): [INFO:CONSOLE(12)] "1834", source: http://localhost:8000/httprequest.js (12)
I/vgn     (  977): 45-xlb -- metadata{ service_id: 0 }
I/chromium(11119): [INFO:CONSOLE(12)] "1833", source: http://localhost:8000/httprequest.js (12)
I/vgn     (  977): 45-xlb -- metadata{ service_id: 0 }
I/chromium(11119): [INFO:CONSOLE(12)] "1832", source: http://localhost:8000/httprequest.js (12)
I/vgn     (  977): 45-xlb -- metadata{ service_id: 0 }
I/chromium(11119): [INFO:CONSOLE(12)] "1831", source: http://localhost:8000/httprequest.js (12)
I/vgn     (  977): 45-xlb -- metadata{ service_id: 0 }
I/chromium(11119): [INFO:CONSOLE(12)] "1830", source: http://localhost:8000/httprequest.js (12)
I/vgn     (  977): 45-xlb -- metadata{ service_id: 0 }
I/chromium(11119): [INFO:CONSOLE(12)] "1829", source: http://localhost:8000/httprequest.js (12)
I/vgn     (  977): 45-xlb -- metadata{ service_id: 0 }
I/chromium(11119): [INFO:CONSOLE(12)] "1828", source: http://localhost:8000/httprequest.js (12)
I/vgn     (  977): 45-xlb -- metadata{ service_id: 0 }
I/chromium(11119): [INFO:CONSOLE(12)] "1827", source: http://localhost:8000/httprequest.js (12)
I/vgn     (  977): 45-xlb -- metadata{ service_id: 0 }
I/chromium(11119): [INFO:CONSOLE(12)] "1826", source: http://localhost:8000/httprequest.js (12)
I/vgn     (  977): 45-xlb -- metadata{ service_id: 0 }
I/chromium(11119): [INFO:CONSOLE(12)] "1825", source: http://localhost:8000/httprequest.js (12)
I/vgn     (  977): 45-xlb -- metadata{ service_id: 0 }
I/chromium(11119): [INFO:CONSOLE(12)] "1824", source: http://localhost:8000/httprequest.js (12)
I/vgn     (  977): 45-xlb -- metadata{ service_id: 0 }
I/chromium(11119): [INFO:CONSOLE(12)] "1823", source: http://localhost:8000/httprequest.js (12)
I/vgn     (  977): 45-xlb -- metadata{ service_id: 0 }
I/chromium(11119): [INFO:CONSOLE(12)] "1822", source: http://localhost:8000/httprequest.js (12)
I/vgn     (  977): 45-xlb -- metadata{ service_id: 0 }
I/chromium(11119): [INFO:CONSOLE(12)] "1821", source: http://localhost:8000/httprequest.js (12)
I/vgn     (  977): 45-xlb -- metadata{ service_id: 0 }
I/chromium(11119): [INFO:CONSOLE(12)] "1820", source: http://localhost:8000/httprequest.js (12)
I/vgn     (  977): 45-xlb -- metadata{ service_id: 0 }
I/chromium(11119): [INFO:CONSOLE(12)] "1819", source: http://localhost:8000/httprequest.js (12)
I/vgn     (  977): 45-xlb -- metadata{ service_id: 0 }
I/chromium(11119): [INFO:CONSOLE(12)] "1818", source: http://localhost:8000/httprequest.js (12)
I/vgn     (  977): 45-xlb -- metadata{ service_id: 0 }
I/chromium(11119): [INFO:CONSOLE(12)] "1817", source: http://localhost:8000/httprequest.js (12)
I/vgn     (  977): 45-xlb -- metadata{ service_id: 0 }
I/chromium(11119): [INFO:CONSOLE(12)] "1816", source: http://localhost:8000/httprequest.js (12)
I/vgn     (  977): 45-xlb -- metadata{ service_id: 0 }
I/chromium(11119): [INFO:CONSOLE(12)] "1815", source: http://localhost:8000/httprequest.js (12)
I/vgn     (  977): 45-xlb -- metadata{ service_id: 0 }
I/chromium(11119): [INFO:CONSOLE(12)] "1814", source: http://localhost:8000/httprequest.js (12)
I/vgn     (  977): 45-xlb -- metadata{ service_id: 0 }
I/chromium(11119): [INFO:CONSOLE(12)] "1813", source: http://localhost:8000/httprequest.js (12)
I/vgn     (  977): 45-xlb -- metadata{ service_id: 0 }
I/chromium(11119): [INFO:CONSOLE(12)] "1812", source: http://localhost:8000/httprequest.js (12)
I/vgn     (  977): 45-xlb -- metadata{ service_id: 0 }
I/chromium(11119): [INFO:CONSOLE(12)] "1811", source: http://localhost:8000/httprequest.js (12)
I/vgn     (  977): 45-xlb -- metadata{ service_id: 0 }
I/chromium(11119): [INFO:CONSOLE(12)] "1810", source: http://localhost:8000/httprequest.js (12)
I/vgn     (  977): 45-xlb -- metadata{ service_id: 0 }
I/chromium(11119): [INFO:CONSOLE(12)] "1809", source: http://localhost:8000/httprequest.js (12)
I/vgn     (  977): 45-xlb -- metadata{ service_id: 0 }
I/chromium(11119): [INFO:CONSOLE(12)] "1808", source: http://localhost:8000/httprequest.js (12)
I/vgn     (  977): 45-xlb -- metadata{ service_id: 0 }
I/chromium(11119): [INFO:CONSOLE(12)] "1807", source: http://localhost:8000/httprequest.js (12)
I/vgn     (  977): 45-xlb -- metadata{ service_id: 0 }
I/chromium(11119): [INFO:CONSOLE(12)] "1806", source: http://localhost:8000/httprequest.js (12)
I/vgn     (  977): 45-xlb -- metadata{ service_id: 0 }
I/chromium(11119): [INFO:CONSOLE(12)] "1805", source: http://localhost:8000/httprequest.js (12)
I/vgn     (  977): 45-xlb -- metadata{ service_id: 0 }
I/chromium(11119): [INFO:CONSOLE(12)] "1804", source: http://localhost:8000/httprequest.js (12)
I/vgn     (  977): 45-xlb -- metadata{ service_id: 0 }
I/chromium(11119): [INFO:CONSOLE(12)] "1803", source: http://localhost:8000/httprequest.js (12)
I/vgn     (  977): 45-xlb -- metadata{ service_id: 0 }
I/chromium(11119): [INFO:CONSOLE(12)] "1802", source: http://localhost:8000/httprequest.js (12)
I/vgn     (  977): 45-xlb -- metadata{ service_id: 0 }
I/chromium(11119): [INFO:CONSOLE(12)] "1801", source: http://localhost:8000/httprequest.js (12)
I/vgn     (  977): 45-xlb -- metadata{ service_id: 0 }
I/chromium(11119): [INFO:CONSOLE(12)] "1800", source: http://localhost:8000/httprequest.js (12)
I/vgn     (  977): 45-xlb -- metadata{ service_id: 0 }
W/Wifi    ( 3637): Failed to read packet and byte counts from wifi interface
I/chromium(11119): [INFO:CONSOLE(12)] "1799", source: http://localhost:8000/httprequest.js (12)
I/vgn     (  977): 45-xlb -- metadata{ service_id: 0 }
I/chromium(11119): [INFO:CONSOLE(12)] "1798", source: http://localhost:8000/httprequest.js (12)
I/vgn     (  977): 45-xlb -- metadata{ service_id: 0 }
I/chromium(11119): [INFO:CONSOLE(12)] "1797", source: http://localhost:8000/httprequest.js (12)
I/vgn     (  977): 45-xlb -- metadata{ service_id: 0 }
I/chromium(11119): [INFO:CONSOLE(12)] "1796", source: http://localhost:8000/httprequest.js (12)
I/vgn     (  977): 45-xlb -- metadata{ service_id: 0 }
I/chromium(11119): [INFO:CONSOLE(12)] "1795", source: http://localhost:8000/httprequest.js (12)
I/vgn     (  977): 45-xlb -- metadata{ service_id: 0 }
I/chromium(11119): [INFO:CONSOLE(12)] "1794", source: http://localhost:8000/httprequest.js (12)
I/vgn     (  977): 45-xlb -- metadata{ service_id: 0 }
I/chromium(11119): [INFO:CONSOLE(12)] "1793", source: http://localhost:8000/httprequest.js (12)
I/vgn     (  977): 45-xlb -- metadata{ service_id: 0 }
I/chromium(11119): [INFO:CONSOLE(12)] "1792", source: http://localhost:8000/httprequest.js (12)
I/vgn     (  977): 45-xlb -- metadata{ service_id: 0 }
I/chromium(11119): [INFO:CONSOLE(12)] "1791", source: http://localhost:8000/httprequest.js (12)
I/vgn     (  977): 45-xlb -- metadata{ service_id: 0 }
I/chromium(11119): [INFO:CONSOLE(12)] "1790", source: http://localhost:8000/httprequest.js (12)
I/vgn     (  977): 45-xlb -- metadata{ service_id: 0 }
I/chromium(11119): [INFO:CONSOLE(12)] "1789", source: http://localhost:8000/httprequest.js (12)
I/vgn     (  977): 45-xlb -- metadata{ service_id: 0 }
I/chromium(11119): [INFO:CONSOLE(12)] "1788", source: http://localhost:8000/httprequest.js (12)
I/vgn     (  977): 45-xlb -- metadata{ service_id: 0 }
I/chromium(11119): [INFO:CONSOLE(12)] "1787", source: http://localhost:8000/httprequest.js (12)
I/vgn     (  977): 45-xlb -- metadata{ service_id: 0 }
I/chromium(11119): [INFO:CONSOLE(12)] "1786", source: http://localhost:8000/httprequest.js (12)
I/vgn     (  977): 45-xlb -- metadata{ service_id: 0 }
I/chromium(11119): [INFO:CONSOLE(12)] "1785", source: http://localhost:8000/httprequest.js (12)
I/vgn     (  977): 45-xlb -- metadata{ service_id: 0 }
I/chromium(11119): [INFO:CONSOLE(12)] "1784", source: http://localhost:8000/httprequest.js (12)
I/vgn     (  977): 45-xlb -- metadata{ service_id: 0 }
I/chromium(11119): [INFO:CONSOLE(12)] "1783", source: http://localhost:8000/httprequest.js (12)
I/vgn     (  977): 45-xlb -- metadata{ service_id: 0 }
I/chromium(11119): [INFO:CONSOLE(12)] "1782", source: http://localhost:8000/httprequest.js (12)
I/vgn     (  977): 45-xlb -- metadata{ service_id: 0 }
I/chromium(11119): [INFO:CONSOLE(12)] "1781", source: http://localhost:8000/httprequest.js (12)
I/vgn     (  977): 45-xlb -- metadata{ service_id: 0 }
I/chromium(11119): [INFO:CONSOLE(12)] "1780", source: http://localhost:8000/httprequest.js (12)
I/vgn     (  977): 45-xlb -- metadata{ service_id: 0 }
I/chromium(11119): [INFO:CONSOLE(12)] "1779", source: http://localhost:8000/httprequest.js (12)
I/vgn     (  977): 45-xlb -- metadata{ service_id: 0 }
I/chromium(11119): [INFO:CONSOLE(12)] "1778", source: http://localhost:8000/httprequest.js (12)
I/vgn     (  977): 45-xlb -- metadata{ service_id: 0 }
I/chromium(11119): [INFO:CONSOLE(12)] "1777", source: http://localhost:8000/httprequest.js (12)
I/vgn     (  977): 45-xlb -- metadata{ service_id: 0 }
I/chromium(11119): [INFO:CONSOLE(12)] "1776", source: http://localhost:8000/httprequest.js (12)
I/vgn     (  977): 45-xlb -- metadata{ service_id: 0 }
I/chromium(11119): [INFO:CONSOLE(12)] "1775", source: http://localhost:8000/httprequest.js (12)
I/vgn     (  977): 45-xlb -- metadata{ service_id: 0 }
I/chromium(11119): [INFO:CONSOLE(12)] "1774", source: http://localhost:8000/httprequest.js (12)
I/vgn     (  977): 45-xlb -- metadata{ service_id: 0 }
I/chromium(11119): [INFO:CONSOLE(12)] "1773", source: http://localhost:8000/httprequest.js (12)
I/vgn     (  977): 45-xlb -- metadata{ service_id: 0 }
I/chromium(11119): [INFO:CONSOLE(12)] "1772", source: http://localhost:8000/httprequest.js (12)
I/vgn     (  977): 45-xlb -- metadata{ service_id: 0 }
I/chromium(11119): [INFO:CONSOLE(12)] "1771", source: http://localhost:8000/httprequest.js (12)
I/vgn     (  977): 45-xlb -- metadata{ service_id: 0 }
I/chromium(11119): [INFO:CONSOLE(12)] "1770", source: http://localhost:8000/httprequest.js (12)
I/vgn     (  977): 45-xlb -- metadata{ service_id: 0 }
I/chromium(11119): [INFO:CONSOLE(12)] "1769", source: http://localhost:8000/httprequest.js (12)
I/vgn     (  977): 45-xlb -- metadata{ service_id: 0 }
I/chromium(11119): [INFO:CONSOLE(12)] "1768", source: http://localhost:8000/httprequest.js (12)
I/vgn     (  977): 45-xlb -- metadata{ service_id: 0 }
I/chromium(11119): [INFO:CONSOLE(12)] "1767", source: http://localhost:8000/httprequest.js (12)
I/vgn     (  977): 45-xlb -- metadata{ service_id: 0 }
I/chromium(11119): [INFO:CONSOLE(12)] "1766", source: http://localhost:8000/httprequest.js (12)
I/vgn     (  977): 45-xlb -- metadata{ service_id: 0 }
I/chromium(11119): [INFO:CONSOLE(12)] "1765", source: http://localhost:8000/httprequest.js (12)
I/vgn     (  977): 45-xlb -- metadata{ service_id: 0 }
I/chromium(11119): [INFO:CONSOLE(12)] "1764", source: http://localhost:8000/httprequest.js (12)
I/vgn     (  977): 45-xlb -- metadata{ service_id: 0 }
I/chromium(11119): [INFO:CONSOLE(12)] "1763", source: http://localhost:8000/httprequest.js (12)
I/vgn     (  977): 45-xlb -- metadata{ service_id: 0 }
I/chromium(11119): [INFO:CONSOLE(12)] "1762", source: http://localhost:8000/httprequest.js (12)
I/vgn     (  977): 45-xlb -- metadata{ service_id: 0 }
I/chromium(11119): [INFO:CONSOLE(12)] "1761", source: http://localhost:8000/httprequest.js (12)
I/vgn     (  977): 45-xlb -- metadata{ service_id: 0 }
I/chromium(11119): [INFO:CONSOLE(12)] "1760", source: http://localhost:8000/httprequest.js (12)
I/vgn     (  977): 45-xlb -- metadata{ service_id: 0 }
I/chromium(11119): [INFO:CONSOLE(12)] "1759", source: http://localhost:8000/httprequest.js (12)
I/vgn     (  977): 45-xlb -- metadata{ service_id: 0 }
I/chromium(11119): [INFO:CONSOLE(12)] "1758", source: http://localhost:8000/httprequest.js (12)
I/vgn     (  977): 45-xlb -- metadata{ service_id: 0 }
I/chromium(11119): [INFO:CONSOLE(12)] "1757", source: http://localhost:8000/httprequest.js (12)
I/vgn     (  977): 45-xlb -- metadata{ service_id: 0 }
I/chromium(11119): [INFO:CONSOLE(12)] "1756", source: http://localhost:8000/httprequest.js (12)
I/vgn     (  977): 45-xlb -- metadata{ service_id: 0 }
I/chromium(11119): [INFO:CONSOLE(12)] "1755", source: http://localhost:8000/httprequest.js (12)
I/vgn     (  977): 45-xlb -- metadata{ service_id: 0 }
I/chromium(11119): [INFO:CONSOLE(12)] "1754", source: http://localhost:8000/httprequest.js (12)
I/vgn     (  977): 45-xlb -- metadata{ service_id: 0 }
I/chromium(11119): [INFO:CONSOLE(12)] "1753", source: http://localhost:8000/httprequest.js (12)
I/vgn     (  977): 45-xlb -- metadata{ service_id: 0 }
I/chromium(11119): [INFO:CONSOLE(12)] "1752", source: http://localhost:8000/httprequest.js (12)
I/vgn     (  977): 45-xlb -- metadata{ service_id: 0 }
I/chromium(11119): [INFO:CONSOLE(12)] "1751", source: http://localhost:8000/httprequest.js (12)
I/vgn     (  977): 45-xlb -- metadata{ service_id: 0 }
I/chromium(11119): [INFO:CONSOLE(12)] "1750", source: http://localhost:8000/httprequest.js (12)
I/vgn     (  977): 45-xlb -- metadata{ service_id: 0 }
I/chromium(11119): [INFO:CONSOLE(12)] "1749", source: http://localhost:8000/httprequest.js (12)
I/vgn     (  977): 45-xlb -- metadata{ service_id: 0 }
I/chromium(11119): [INFO:CONSOLE(12)] "1748", source: http://localhost:8000/httprequest.js (12)
I/vgn     (  977): 45-xlb -- metadata{ service_id: 0 }
I/chromium(11119): [INFO:CONSOLE(12)] "1747", source: http://localhost:8000/httprequest.js (12)
I/vgn     (  977): 45-xlb -- metadata{ service_id: 0 }
I/chromium(11119): [INFO:CONSOLE(12)] "1746", source: http://localhost:8000/httprequest.js (12)
I/vgn     (  977): 45-xlb -- metadata{ service_id: 0 }
I/chromium(11119): [INFO:CONSOLE(12)] "1745", source: http://localhost:8000/httprequest.js (12)
I/vgn     (  977): 45-xlb -- metadata{ service_id: 0 }
I/chromium(11119): [INFO:CONSOLE(12)] "1744", source: http://localhost:8000/httprequest.js (12)
I/vgn     (  977): 45-xlb -- metadata{ service_id: 0 }
I/chromium(11119): [INFO:CONSOLE(12)] "1743", source: http://localhost:8000/httprequest.js (12)
I/vgn     (  977): 45-xlb -- metadata{ service_id: 0 }
I/chromium(11119): [INFO:CONSOLE(12)] "1742", source: http://localhost:8000/httprequest.js (12)
I/vgn     (  977): 45-xlb -- metadata{ service_id: 0 }
I/chromium(11119): [INFO:CONSOLE(12)] "1741", source: http://localhost:8000/httprequest.js (12)
I/vgn     (  977): 45-xlb -- metadata{ service_id: 0 }
I/chromium(11119): [INFO:CONSOLE(12)] "1740", source: http://localhost:8000/httprequest.js (12)
I/vgn     (  977): 45-xlb -- metadata{ service_id: 0 }
I/chromium(11119): [INFO:CONSOLE(12)] "1739", source: http://localhost:8000/httprequest.js (12)
I/vgn     (  977): 45-xlb -- metadata{ service_id: 0 }
I/chromium(11119): [INFO:CONSOLE(12)] "1738", source: http://localhost:8000/httprequest.js (12)
I/vgn     (  977): 45-xlb -- metadata{ service_id: 0 }
I/chromium(11119): [INFO:CONSOLE(12)] "1737", source: http://localhost:8000/httprequest.js (12)
I/vgn     (  977): 45-xlb -- metadata{ service_id: 0 }
I/chromium(11119): [INFO:CONSOLE(12)] "1736", source: http://localhost:8000/httprequest.js (12)
I/vgn     (  977): 45-xlb -- metadata{ service_id: 0 }
I/chromium(11119): [INFO:CONSOLE(12)] "1735", source: http://localhost:8000/httprequest.js (12)
I/vgn     (  977): 45-xlb -- metadata{ service_id: 0 }
I/chromium(11119): [INFO:CONSOLE(12)] "1734", source: http://localhost:8000/httprequest.js (12)
I/vgn     (  977): 45-xlb -- metadata{ service_id: 0 }
I/chromium(11119): [INFO:CONSOLE(12)] "1733", source: http://localhost:8000/httprequest.js (12)
I/vgn     (  977): 45-xlb -- metadata{ service_id: 0 }
I/chromium(11119): [INFO:CONSOLE(12)] "1732", source: http://localhost:8000/httprequest.js (12)
I/vgn     (  977): 45-xlb -- metadata{ service_id: 0 }
I/chromium(11119): [INFO:CONSOLE(12)] "1731", source: http://localhost:8000/httprequest.js (12)
I/vgn     (  977): 45-xlb -- metadata{ service_id: 0 }
I/chromium(11119): [INFO:CONSOLE(12)] "1730", source: http://localhost:8000/httprequest.js (12)
I/vgn     (  977): 45-xlb -- metadata{ service_id: 0 }
I/chromium(11119): [INFO:CONSOLE(12)] "1729", source: http://localhost:8000/httprequest.js (12)
I/vgn     (  977): 45-xlb -- metadata{ service_id: 0 }
I/chromium(11119): [INFO:CONSOLE(12)] "1728", source: http://localhost:8000/httprequest.js (12)
I/vgn     (  977): 45-xlb -- metadata{ service_id: 0 }
I/chromium(11119): [INFO:CONSOLE(12)] "1727", source: http://localhost:8000/httprequest.js (12)
I/vgn     (  977): 45-xlb -- metadata{ service_id: 0 }
I/chromium(11119): [INFO:CONSOLE(12)] "1726", source: http://localhost:8000/httprequest.js (12)
I/vgn     (  977): 45-xlb -- metadata{ service_id: 0 }
I/chromium(11119): [INFO:CONSOLE(12)] "1725", source: http://localhost:8000/httprequest.js (12)
I/vgn     (  977): 45-xlb -- metadata{ service_id: 0 }
I/chromium(11119): [INFO:CONSOLE(12)] "1724", source: http://localhost:8000/httprequest.js (12)
I/vgn     (  977): 45-xlb -- metadata{ service_id: 0 }
I/chromium(11119): [INFO:CONSOLE(12)] "1723", source: http://localhost:8000/httprequest.js (12)
I/vgn     (  977): 45-xlb -- metadata{ service_id: 0 }
I/chromium(11119): [INFO:CONSOLE(12)] "1722", source: http://localhost:8000/httprequest.js (12)
I/vgn     (  977): 45-xlb -- metadata{ service_id: 0 }
I/chromium(11119): [INFO:CONSOLE(12)] "1721", source: http://localhost:8000/httprequest.js (12)
I/vgn     (  977): 45-xlb -- metadata{ service_id: 0 }
I/chromium(11119): [INFO:CONSOLE(12)] "1720", source: http://localhost:8000/httprequest.js (12)
I/vgn     (  977): 45-xlb -- metadata{ service_id: 0 }
I/chromium(11119): [INFO:CONSOLE(12)] "1719", source: http://localhost:8000/httprequest.js (12)
I/vgn     (  977): 45-xlb -- metadata{ service_id: 0 }
I/chromium(11119): [INFO:CONSOLE(12)] "1718", source: http://localhost:8000/httprequest.js (12)
I/vgn     (  977): 45-xlb -- metadata{ service_id: 0 }
I/chromium(11119): [INFO:CONSOLE(12)] "1717", source: http://localhost:8000/httprequest.js (12)
I/vgn     (  977): 45-xlb -- metadata{ service_id: 0 }
I/chromium(11119): [INFO:CONSOLE(12)] "1716", source: http://localhost:8000/httprequest.js (12)
I/vgn     (  977): 45-xlb -- metadata{ service_id: 0 }
I/chromium(11119): [INFO:CONSOLE(12)] "1715", source: http://localhost:8000/httprequest.js (12)
I/vgn     (  977): 45-xlb -- metadata{ service_id: 0 }
I/chromium(11119): [INFO:CONSOLE(12)] "1714", source: http://localhost:8000/httprequest.js (12)
I/vgn     (  977): 45-xlb -- metadata{ service_id: 0 }
W/Wifi    ( 3637): Failed to read packet and byte counts from wifi interface
I/chromium(11119): [INFO:CONSOLE(12)] "1713", source: http://localhost:8000/httprequest.js (12)
I/vgn     (  977): 45-xlb -- metadata{ service_id: 0 }
I/chromium(11119): [INFO:CONSOLE(12)] "1712", source: http://localhost:8000/httprequest.js (12)
I/vgn     (  977): 45-xlb -- metadata{ service_id: 0 }
I/chromium(11119): [INFO:CONSOLE(12)] "1711", source: http://localhost:8000/httprequest.js (12)
I/vgn     (  977): 45-xlb -- metadata{ service_id: 0 }
I/chromium(11119): [INFO:CONSOLE(12)] "1710", source: http://localhost:8000/httprequest.js (12)
I/vgn     (  977): 45-xlb -- metadata{ service_id: 0 }
I/chromium(11119): [INFO:CONSOLE(12)] "1709", source: http://localhost:8000/httprequest.js (12)
I/vgn     (  977): 45-xlb -- metadata{ service_id: 0 }
I/chromium(11119): [INFO:CONSOLE(12)] "1708", source: http://localhost:8000/httprequest.js (12)
I/vgn     (  977): 45-xlb -- metadata{ service_id: 0 }
I/chromium(11119): [INFO:CONSOLE(12)] "1707", source: http://localhost:8000/httprequest.js (12)
I/vgn     (  977): 45-xlb -- metadata{ service_id: 0 }
I/chromium(11119): [INFO:CONSOLE(12)] "1706", source: http://localhost:8000/httprequest.js (12)
I/vgn     (  977): 45-xlb -- metadata{ service_id: 0 }
I/chromium(11119): [INFO:CONSOLE(12)] "1705", source: http://localhost:8000/httprequest.js (12)
I/vgn     (  977): 45-xlb -- metadata{ service_id: 0 }
I/chromium(11119): [INFO:CONSOLE(12)] "1704", source: http://localhost:8000/httprequest.js (12)
I/vgn     (  977): 45-xlb -- metadata{ service_id: 0 }
I/chromium(11119): [INFO:CONSOLE(12)] "1703", source: http://localhost:8000/httprequest.js (12)
I/vgn     (  977): 45-xlb -- metadata{ service_id: 0 }
I/chromium(11119): [INFO:CONSOLE(12)] "1702", source: http://localhost:8000/httprequest.js (12)
I/vgn     (  977): 45-xlb -- metadata{ service_id: 0 }
I/chromium(11119): [INFO:CONSOLE(12)] "1701", source: http://localhost:8000/httprequest.js (12)
I/vgn     (  977): 45-xlb -- metadata{ service_id: 0 }
I/chromium(11119): [INFO:CONSOLE(12)] "1700", source: http://localhost:8000/httprequest.js (12)
I/vgn     (  977): 45-xlb -- metadata{ service_id: 0 }
I/chromium(11119): [INFO:CONSOLE(12)] "1699", source: http://localhost:8000/httprequest.js (12)
I/vgn     (  977): 45-xlb -- metadata{ service_id: 0 }
I/chromium(11119): [INFO:CONSOLE(12)] "1698", source: http://localhost:8000/httprequest.js (12)
I/vgn     (  977): 45-xlb -- metadata{ service_id: 0 }
I/chromium(11119): [INFO:CONSOLE(12)] "1697", source: http://localhost:8000/httprequest.js (12)
I/vgn     (  977): 45-xlb -- metadata{ service_id: 0 }
I/chromium(11119): [INFO:CONSOLE(12)] "1696", source: http://localhost:8000/httprequest.js (12)
I/vgn     (  977): 45-xlb -- metadata{ service_id: 0 }
I/chromium(11119): [INFO:CONSOLE(12)] "1695", source: http://localhost:8000/httprequest.js (12)
I/vgn     (  977): 45-xlb -- metadata{ service_id: 0 }
I/chromium(11119): [INFO:CONSOLE(12)] "1694", source: http://localhost:8000/httprequest.js (12)
I/vgn     (  977): 45-xlb -- metadata{ service_id: 0 }
I/chromium(11119): [INFO:CONSOLE(12)] "1693", source: http://localhost:8000/httprequest.js (12)
I/vgn     (  977): 45-xlb -- metadata{ service_id: 0 }
I/chromium(11119): [INFO:CONSOLE(12)] "1692", source: http://localhost:8000/httprequest.js (12)
I/vgn     (  977): 45-xlb -- metadata{ service_id: 0 }
I/chromium(11119): [INFO:CONSOLE(12)] "1691", source: http://localhost:8000/httprequest.js (12)
I/art     (11119): Explicit concurrent mark sweep GC freed 30978(2038KB) AllocSpace objects, 32(5MB) LOS objects, 40% free, 15MB/26MB, paused 414us total 34.254ms
I/vgn     (  977): 45-xlb -- metadata{ service_id: 0 }
I/chromium(11119): [INFO:CONSOLE(12)] "1690", source: http://localhost:8000/httprequest.js (12)
I/vgn     (  977): 45-xlb -- metadata{ service_id: 0 }
I/chromium(11119): [INFO:CONSOLE(12)] "1689", source: http://localhost:8000/httprequest.js (12)
I/vgn     (  977): 45-xlb -- metadata{ service_id: 0 }
I/chromium(11119): [INFO:CONSOLE(12)] "1688", source: http://localhost:8000/httprequest.js (12)
I/vgn     (  977): 45-xlb -- metadata{ service_id: 0 }
I/chromium(11119): [INFO:CONSOLE(12)] "1687", source: http://localhost:8000/httprequest.js (12)
I/vgn     (  977): 45-xlb -- metadata{ service_id: 0 }
I/chromium(11119): [INFO:CONSOLE(12)] "1686", source: http://localhost:8000/httprequest.js (12)
I/vgn     (  977): 45-xlb -- metadata{ service_id: 0 }
I/chromium(11119): [INFO:CONSOLE(12)] "1685", source: http://localhost:8000/httprequest.js (12)
I/vgn     (  977): 45-xlb -- metadata{ service_id: 0 }
I/chromium(11119): [INFO:CONSOLE(12)] "1684", source: http://localhost:8000/httprequest.js (12)
I/vgn     (  977): 45-xlb -- metadata{ service_id: 0 }
I/chromium(11119): [INFO:CONSOLE(12)] "1683", source: http://localhost:8000/httprequest.js (12)
I/vgn     (  977): 45-xlb -- metadata{ service_id: 0 }
I/chromium(11119): [INFO:CONSOLE(12)] "1682", source: http://localhost:8000/httprequest.js (12)
I/vgn     (  977): 45-xlb -- metadata{ service_id: 0 }
I/chromium(11119): [INFO:CONSOLE(12)] "1681", source: http://localhost:8000/httprequest.js (12)
I/vgn     (  977): 45-xlb -- metadata{ service_id: 0 }
I/chromium(11119): [INFO:CONSOLE(12)] "1680", source: http://localhost:8000/httprequest.js (12)
I/vgn     (  977): 45-xlb -- metadata{ service_id: 0 }
I/chromium(11119): [INFO:CONSOLE(12)] "1679", source: http://localhost:8000/httprequest.js (12)
I/vgn     (  977): 45-xlb -- metadata{ service_id: 0 }
I/chromium(11119): [INFO:CONSOLE(12)] "1678", source: http://localhost:8000/httprequest.js (12)
I/vgn     (  977): 45-xlb -- metadata{ service_id: 0 }
I/chromium(11119): [INFO:CONSOLE(12)] "1677", source: http://localhost:8000/httprequest.js (12)
I/vgn     (  977): 45-xlb -- metadata{ service_id: 0 }
I/chromium(11119): [INFO:CONSOLE(12)] "1676", source: http://localhost:8000/httprequest.js (12)
I/vgn     (  977): 45-xlb -- metadata{ service_id: 0 }
I/chromium(11119): [INFO:CONSOLE(12)] "1675", source: http://localhost:8000/httprequest.js (12)
I/vgn     (  977): 45-xlb -- metadata{ service_id: 0 }
I/chromium(11119): [INFO:CONSOLE(12)] "1674", source: http://localhost:8000/httprequest.js (12)
I/vgn     (  977): 45-xlb -- metadata{ service_id: 0 }
I/chromium(11119): [INFO:CONSOLE(12)] "1673", source: http://localhost:8000/httprequest.js (12)
I/vgn     (  977): 45-xlb -- metadata{ service_id: 0 }
I/chromium(11119): [INFO:CONSOLE(12)] "1672", source: http://localhost:8000/httprequest.js (12)
I/vgn     (  977): 45-xlb -- metadata{ service_id: 0 }
I/chromium(11119): [INFO:CONSOLE(12)] "1671", source: http://localhost:8000/httprequest.js (12)
I/vgn     (  977): 45-xlb -- metadata{ service_id: 0 }
I/chromium(11119): [INFO:CONSOLE(12)] "1670", source: http://localhost:8000/httprequest.js (12)
I/vgn     (  977): 45-xlb -- metadata{ service_id: 0 }
I/chromium(11119): [INFO:CONSOLE(12)] "1669", source: http://localhost:8000/httprequest.js (12)
I/vgn     (  977): 45-xlb -- metadata{ service_id: 0 }
I/chromium(11119): [INFO:CONSOLE(12)] "1668", source: http://localhost:8000/httprequest.js (12)
I/vgn     (  977): 45-xlb -- metadata{ service_id: 0 }
I/chromium(11119): [INFO:CONSOLE(12)] "1667", source: http://localhost:8000/httprequest.js (12)
I/vgn     (  977): 45-xlb -- metadata{ service_id: 0 }
I/chromium(11119): [INFO:CONSOLE(12)] "1666", source: http://localhost:8000/httprequest.js (12)
I/vgn     (  977): 45-xlb -- metadata{ service_id: 0 }
I/chromium(11119): [INFO:CONSOLE(12)] "1665", source: http://localhost:8000/httprequest.js (12)
I/vgn     (  977): 45-xlb -- metadata{ service_id: 0 }
I/chromium(11119): [INFO:CONSOLE(12)] "1664", source: http://localhost:8000/httprequest.js (12)
I/vgn     (  977): 45-xlb -- metadata{ service_id: 0 }
I/chromium(11119): [INFO:CONSOLE(12)] "1663", source: http://localhost:8000/httprequest.js (12)
I/vgn     (  977): 45-xlb -- metadata{ service_id: 0 }
I/chromium(11119): [INFO:CONSOLE(12)] "1662", source: http://localhost:8000/httprequest.js (12)
I/vgn     (  977): 45-xlb -- metadata{ service_id: 0 }
I/chromium(11119): [INFO:CONSOLE(12)] "1661", source: http://localhost:8000/httprequest.js (12)
I/vgn     (  977): 45-xlb -- metadata{ service_id: 0 }
I/chromium(11119): [INFO:CONSOLE(12)] "1660", source: http://localhost:8000/httprequest.js (12)
I/vgn     (  977): 45-xlb -- metadata{ service_id: 0 }
I/chromium(11119): [INFO:CONSOLE(12)] "1659", source: http://localhost:8000/httprequest.js (12)
I/vgn     (  977): 45-xlb -- metadata{ service_id: 0 }
I/chromium(11119): [INFO:CONSOLE(12)] "1658", source: http://localhost:8000/httprequest.js (12)
E/WifiStateMachine(  454): WifiStateMachine CMD_START_SCAN source -2 txSuccessRate=7.30 rxSuccessRate=11.77 targetRoamBSSID=any RSSI=-55
I/vgn     (  977): 45-xlb -- metadata{ service_id: 0 }
I/chromium(11119): [INFO:CONSOLE(12)] "1657", source: http://localhost:8000/httprequest.js (12)
I/vgn     (  977): 45-xlb -- metadata{ service_id: 0 }
I/chromium(11119): [INFO:CONSOLE(12)] "1656", source: http://localhost:8000/httprequest.js (12)
I/vgn     (  977): 45-xlb -- metadata{ service_id: 0 }
I/chromium(11119): [INFO:CONSOLE(12)] "1655", source: http://localhost:8000/httprequest.js (12)
I/vgn     (  977): 45-xlb -- metadata{ service_id: 0 }
I/chromium(11119): [INFO:CONSOLE(12)] "1654", source: http://localhost:8000/httprequest.js (12)
I/vgn     (  977): 45-xlb -- metadata{ service_id: 0 }
I/chromium(11119): [INFO:CONSOLE(12)] "1653", source: http://localhost:8000/httprequest.js (12)
I/vgn     (  992): 35-GetDeviceDataUploadOptInStatusOperation -- metadata{ service_id: 0 }
I/vgn     (  992): 35-GetDeviceDataUploadOptInStatusOperation -- metadata{ service_id: 0 }
I/art     (  977): Explicit concurrent mark sweep GC freed 94154(3MB) AllocSpace objects, 0(0B) LOS objects, 36% free, 28MB/44MB, paused 682us total 111.648ms
I/vgn     (  977): 45-xlb -- metadata{ service_id: 0 }
I/chromium(11119): [INFO:CONSOLE(12)] "1652", source: http://localhost:8000/httprequest.js (12)
I/vgn     (  977): 45-xlb -- metadata{ service_id: 0 }
I/Icing   (  977): IndexChimeraService.getServiceInterface callingPackage=com.android.chrome componentName=null serviceId=36
I/chromium(11119): [INFO:CONSOLE(12)] "1651", source: http://localhost:8000/httprequest.js (12)
I/vgn     (  977): 45-xlb -- metadata{ service_id: 0 }
I/chromium(11119): [INFO:CONSOLE(12)] "1650", source: http://localhost:8000/httprequest.js (12)
I/vgn     (  977): 45-xlb -- metadata{ service_id: 0 }
I/chromium(11119): [INFO:CONSOLE(12)] "1649", source: http://localhost:8000/httprequest.js (12)
I/vgn     (  977): 45-xlb -- metadata{ service_id: 0 }
I/chromium(11119): [INFO:CONSOLE(12)] "1648", source: http://localhost:8000/httprequest.js (12)
I/vgn     (  977): 45-xlb -- metadata{ service_id: 0 }
I/chromium(11119): [INFO:CONSOLE(12)] "1647", source: http://localhost:8000/httprequest.js (12)
I/vgn     (  977): 45-xlb -- metadata{ service_id: 0 }
W/Wifi    ( 3637): Failed to read packet and byte counts from wifi interface
I/chromium(11119): [INFO:CONSOLE(12)] "1646", source: http://localhost:8000/httprequest.js (12)
I/vgn     (  977): 45-xlb -- metadata{ service_id: 0 }
I/vgn     (  992): 19-GetFileDescriptorAndDelete -- metadata{ service_id: 0 }
I/Icing   (  977): Usage reports ok 0, Failed Usage reports 0, indexed 0, rejected 0, imm upload false
I/chromium(11119): [INFO:CONSOLE(12)] "1645", source: http://localhost:8000/httprequest.js (12)
I/vgn     (  977): 45-xlb -- metadata{ service_id: 0 }
I/chromium(11119): [INFO:CONSOLE(12)] "1644", source: http://localhost:8000/httprequest.js (12)
I/vgn     (  977): 45-xlb -- metadata{ service_id: 0 }
I/chromium(11119): [INFO:CONSOLE(12)] "1643", source: http://localhost:8000/httprequest.js (12)
I/vgn     (  977): 45-xlb -- metadata{ service_id: 0 }
I/chromium(11119): [INFO:CONSOLE(12)] "1642", source: http://localhost:8000/httprequest.js (12)
I/vgn     (  977): 45-xlb -- metadata{ service_id: 0 }
I/chromium(11119): [INFO:CONSOLE(12)] "1641", source: http://localhost:8000/httprequest.js (12)
I/vgn     (  977): 45-xlb -- metadata{ service_id: 0 }
I/chromium(11119): [INFO:CONSOLE(12)] "1640", source: http://localhost:8000/httprequest.js (12)
I/vgn     (  977): 45-xlb -- metadata{ service_id: 0 }
I/chromium(11119): [INFO:CONSOLE(12)] "1639", source: http://localhost:8000/httprequest.js (12)
I/vgn     (  977): 45-xlb -- metadata{ service_id: 0 }
I/chromium(11119): [INFO:CONSOLE(12)] "1638", source: http://localhost:8000/httprequest.js (12)
I/vgn     (  977): 45-xlb -- metadata{ service_id: 0 }
I/chromium(11119): [INFO:CONSOLE(12)] "1637", source: http://localhost:8000/httprequest.js (12)
I/vgn     (  977): 45-xlb -- metadata{ service_id: 0 }
I/chromium(11119): [INFO:CONSOLE(12)] "1636", source: http://localhost:8000/httprequest.js (12)
I/vgn     (  977): 45-xlb -- metadata{ service_id: 0 }
I/vgn     (  977): 45-xlb -- metadata{ service_id: 0 }
I/chromium(11119): [INFO:CONSOLE(12)] "1635", source: http://localhost:8000/httprequest.js (12)
I/vgn     (  977): 45-xlb -- metadata{ service_id: 0 }
I/chromium(11119): [INFO:CONSOLE(12)] "1634", source: http://localhost:8000/httprequest.js (12)
I/chromium(11119): [INFO:CONSOLE(12)] "1633", source: http://localhost:8000/httprequest.js (12)
I/vgn     (  977): 45-xlb -- metadata{ service_id: 0 }
I/chromium(11119): [INFO:CONSOLE(12)] "1632", source: http://localhost:8000/httprequest.js (12)
I/vgn     (  977): 45-xlb -- metadata{ service_id: 0 }
I/chromium(11119): [INFO:CONSOLE(12)] "1631", source: http://localhost:8000/httprequest.js (12)
I/vgn     (  977): 45-xlb -- metadata{ service_id: 0 }
I/chromium(11119): [INFO:CONSOLE(12)] "1630", source: http://localhost:8000/httprequest.js (12)
I/vgn     (  977): 45-xlb -- metadata{ service_id: 0 }
I/chromium(11119): [INFO:CONSOLE(12)] "1629", source: http://localhost:8000/httprequest.js (12)
I/vgn     (  977): 45-xlb -- metadata{ service_id: 0 }
I/chromium(11119): [INFO:CONSOLE(12)] "1628", source: http://localhost:8000/httprequest.js (12)
I/vgn     (  977): 45-xlb -- metadata{ service_id: 0 }
I/chromium(11119): [INFO:CONSOLE(12)] "1627", source: http://localhost:8000/httprequest.js (12)
I/vgn     (  977): 45-xlb -- metadata{ service_id: 0 }
W/ctxmgr  (  992): [AclManager]No 2 for (accnt=account#-517948760#, com.google.android.gms(10008):IndoorOutdoorProducer, vrsn=12685000, 0, 3pPkg = null ,  3pMdlId = null ,  pid = 992). Was: 3 for 57, account#-517948760#
I/chromium(11119): [INFO:CONSOLE(12)] "1626", source: http://localhost:8000/httprequest.js (12)
I/vgn     (  977): 45-xlb -- metadata{ service_id: 0 }
I/chromium(11119): [INFO:CONSOLE(12)] "1625", source: http://localhost:8000/httprequest.js (12)
I/vgn     (  977): 45-xlb -- metadata{ service_id: 0 }
I/chromium(11119): [INFO:CONSOLE(12)] "1624", source: http://localhost:8000/httprequest.js (12)
I/vgn     (  977): 45-xlb -- metadata{ service_id: 0 }
I/chromium(11119): [INFO:CONSOLE(12)] "1623", source: http://localhost:8000/httprequest.js (12)
I/vgn     (  977): 45-xlb -- metadata{ service_id: 0 }
I/chromium(11119): [INFO:CONSOLE(12)] "1622", source: http://localhost:8000/httprequest.js (12)
I/vgn     (  977): 45-xlb -- metadata{ service_id: 0 }
I/chromium(11119): [INFO:CONSOLE(12)] "1621", source: http://localhost:8000/httprequest.js (12)
I/vgn     (  977): 45-xlb -- metadata{ service_id: 0 }
I/chromium(11119): [INFO:CONSOLE(12)] "1620", source: http://localhost:8000/httprequest.js (12)
I/vgn     (  977): 45-xlb -- metadata{ service_id: 0 }
I/chromium(11119): [INFO:CONSOLE(12)] "1619", source: http://localhost:8000/httprequest.js (12)
I/vgn     (  977): 45-xlb -- metadata{ service_id: 0 }
I/chromium(11119): [INFO:CONSOLE(12)] "1618", source: http://localhost:8000/httprequest.js (12)
I/vgn     (  977): 45-xlb -- metadata{ service_id: 0 }
I/chromium(11119): [INFO:CONSOLE(12)] "1617", source: http://localhost:8000/httprequest.js (12)
I/vgn     (  977): 45-xlb -- metadata{ service_id: 0 }
I/chromium(11119): [INFO:CONSOLE(12)] "1616", source: http://localhost:8000/httprequest.js (12)
I/vgn     (  977): 45-xlb -- metadata{ service_id: 0 }
I/chromium(11119): [INFO:CONSOLE(12)] "1615", source: http://localhost:8000/httprequest.js (12)
I/vgn     (  977): 45-xlb -- metadata{ service_id: 0 }
I/chromium(11119): [INFO:CONSOLE(12)] "1614", source: http://localhost:8000/httprequest.js (12)
I/vgn     (  977): 45-xlb -- metadata{ service_id: 0 }
I/chromium(11119): [INFO:CONSOLE(12)] "1613", source: http://localhost:8000/httprequest.js (12)
I/vgn     (  977): 45-xlb -- metadata{ service_id: 0 }
I/chromium(11119): [INFO:CONSOLE(12)] "1612", source: http://localhost:8000/httprequest.js (12)
I/vgn     (  977): 45-xlb -- metadata{ service_id: 0 }
I/chromium(11119): [INFO:CONSOLE(12)] "1611", source: http://localhost:8000/httprequest.js (12)
I/vgn     (  977): 45-xlb -- metadata{ service_id: 0 }
I/chromium(11119): [INFO:CONSOLE(12)] "1610", source: http://localhost:8000/httprequest.js (12)
I/vgn     (  977): 45-xlb -- metadata{ service_id: 0 }
I/chromium(11119): [INFO:CONSOLE(12)] "1609", source: http://localhost:8000/httprequest.js (12)
I/vgn     (  977): 45-xlb -- metadata{ service_id: 0 }
I/chromium(11119): [INFO:CONSOLE(12)] "1608", source: http://localhost:8000/httprequest.js (12)
I/vgn     (  977): 45-xlb -- metadata{ service_id: 0 }
I/chromium(11119): [INFO:CONSOLE(12)] "1607", source: http://localhost:8000/httprequest.js (12)
I/vgn     (  977): 45-xlb -- metadata{ service_id: 0 }
I/chromium(11119): [INFO:CONSOLE(12)] "1606", source: http://localhost:8000/httprequest.js (12)
I/vgn     (  977): 45-xlb -- metadata{ service_id: 0 }
I/chromium(11119): [INFO:CONSOLE(12)] "1605", source: http://localhost:8000/httprequest.js (12)
I/vgn     (  977): 45-xlb -- metadata{ service_id: 0 }
I/chromium(11119): [INFO:CONSOLE(12)] "1604", source: http://localhost:8000/httprequest.js (12)
I/vgn     (  977): 45-xlb -- metadata{ service_id: 0 }
I/chromium(11119): [INFO:CONSOLE(12)] "1603", source: http://localhost:8000/httprequest.js (12)
I/vgn     (  977): 45-xlb -- metadata{ service_id: 0 }
I/chromium(11119): [INFO:CONSOLE(12)] "1602", source: http://localhost:8000/httprequest.js (12)
I/vgn     (  977): 45-xlb -- metadata{ service_id: 0 }
I/chromium(11119): [INFO:CONSOLE(12)] "1601", source: http://localhost:8000/httprequest.js (12)
I/vgn     (  977): 45-xlb -- metadata{ service_id: 0 }
I/chromium(11119): [INFO:CONSOLE(12)] "1600", source: http://localhost:8000/httprequest.js (12)
I/vgn     (  977): 45-xlb -- metadata{ service_id: 0 }
I/chromium(11119): [INFO:CONSOLE(12)] "1599", source: http://localhost:8000/httprequest.js (12)
I/vgn     (  977): 45-xlb -- metadata{ service_id: 0 }
I/chromium(11119): [INFO:CONSOLE(12)] "1598", source: http://localhost:8000/httprequest.js (12)
I/vgn     (  977): 45-xlb -- metadata{ service_id: 0 }
I/chromium(11119): [INFO:CONSOLE(12)] "1597", source: http://localhost:8000/httprequest.js (12)
I/vgn     (  977): 45-xlb -- metadata{ service_id: 0 }
I/chromium(11119): [INFO:CONSOLE(12)] "1596", source: http://localhost:8000/httprequest.js (12)
I/vgn     (  977): 45-xlb -- metadata{ service_id: 0 }
I/chromium(11119): [INFO:CONSOLE(12)] "1595", source: http://localhost:8000/httprequest.js (12)
I/vgn     (  977): 45-xlb -- metadata{ service_id: 0 }
I/chromium(11119): [INFO:CONSOLE(12)] "1594", source: http://localhost:8000/httprequest.js (12)
I/vgn     (  977): 45-xlb -- metadata{ service_id: 0 }
I/chromium(11630): [INFO:child_process_service_impl.cc(70)] ChildProcessServiceImpl: Exiting child process.
W/libprocessgroup(  454): failed to open /acct/uid_10035/pid_11630/cgroup.procs: No such file or directory
I/ActivityManager(  454): Process com.android.chrome:sandboxed_process5 (pid 11630) has died
W/ActivityManager(  454): Scheduling restart of crashed service com.android.chrome/org.chromium.content.app.SandboxedProcessService5 in 1000ms
W/cr_ChildProcessConn(11119): onServiceDisconnected (crash or killed by oom): pid=11630
W/chromium(11119): [WARNING:compositor_view.cc(255)] Child process disconnected (type=6) pid=11630)
I/chromium(11119): [INFO:CONSOLE(12)] "1593", source: http://localhost:8000/httprequest.js (12)
I/vgn     (  977): 45-xlb -- metadata{ service_id: 0 }
I/chromium(11119): [INFO:CONSOLE(12)] "1592", source: http://localhost:8000/httprequest.js (12)
I/vgn     (  977): 45-xlb -- metadata{ service_id: 0 }
I/chromium(11119): [INFO:CONSOLE(12)] "1591", source: http://localhost:8000/httprequest.js (12)
I/vgn     (  977): 45-xlb -- metadata{ service_id: 0 }
I/chromium(11119): [INFO:CONSOLE(12)] "1590", source: http://localhost:8000/httprequest.js (12)
I/vgn     (  977): 45-xlb -- metadata{ service_id: 0 }
I/chromium(11119): [INFO:CONSOLE(12)] "1589", source: http://localhost:8000/httprequest.js (12)
I/vgn     (  977): 45-xlb -- metadata{ service_id: 0 }
I/chromium(11119): [INFO:CONSOLE(12)] "1588", source: http://localhost:8000/httprequest.js (12)
I/vgn     (  977): 45-xlb -- metadata{ service_id: 0 }
I/chromium(11119): [INFO:CONSOLE(12)] "1587", source: http://localhost:8000/httprequest.js (12)
I/vgn     (  977): 45-xlb -- metadata{ service_id: 0 }
I/chromium(11119): [INFO:CONSOLE(12)] "1586", source: http://localhost:8000/httprequest.js (12)
I/vgn     (  977): 45-xlb -- metadata{ service_id: 0 }
I/chromium(11119): [INFO:CONSOLE(12)] "1585", source: http://localhost:8000/httprequest.js (12)
I/vgn     (  977): 45-xlb -- metadata{ service_id: 0 }
I/chromium(11119): [INFO:CONSOLE(12)] "1584", source: http://localhost:8000/httprequest.js (12)
I/vgn     (  977): 45-xlb -- metadata{ service_id: 0 }
I/chromium(11119): [INFO:CONSOLE(12)] "1583", source: http://localhost:8000/httprequest.js (12)
I/vgn     (  977): 45-xlb -- metadata{ service_id: 0 }
I/chromium(11119): [INFO:CONSOLE(12)] "1582", source: http://localhost:8000/httprequest.js (12)
I/vgn     (  977): 45-xlb -- metadata{ service_id: 0 }
I/chromium(11119): [INFO:CONSOLE(12)] "1581", source: http://localhost:8000/httprequest.js (12)
I/vgn     (  977): 45-xlb -- metadata{ service_id: 0 }
I/chromium(11119): [INFO:CONSOLE(12)] "1580", source: http://localhost:8000/httprequest.js (12)
I/vgn     (  977): 45-xlb -- metadata{ service_id: 0 }
I/chromium(11119): [INFO:CONSOLE(12)] "1579", source: http://localhost:8000/httprequest.js (12)
I/vgn     (  977): 45-xlb -- metadata{ service_id: 0 }
I/chromium(11119): [INFO:CONSOLE(12)] "1578", source: http://localhost:8000/httprequest.js (12)
I/vgn     (  977): 45-xlb -- metadata{ service_id: 0 }
I/chromium(11119): [INFO:CONSOLE(12)] "1577", source: http://localhost:8000/httprequest.js (12)
I/vgn     (  977): 45-xlb -- metadata{ service_id: 0 }
I/chromium(11119): [INFO:CONSOLE(12)] "1576", source: http://localhost:8000/httprequest.js (12)
I/vgn     (  977): 45-xlb -- metadata{ service_id: 0 }
I/chromium(11119): [INFO:CONSOLE(12)] "1575", source: http://localhost:8000/httprequest.js (12)
I/vgn     (  977): 45-xlb -- metadata{ service_id: 0 }
I/chromium(11119): [INFO:CONSOLE(12)] "1574", source: http://localhost:8000/httprequest.js (12)
I/vgn     (  977): 45-xlb -- metadata{ service_id: 0 }
I/chromium(11119): [INFO:CONSOLE(12)] "1573", source: http://localhost:8000/httprequest.js (12)
I/vgn     (  977): 45-xlb -- metadata{ service_id: 0 }
I/chromium(11119): [INFO:CONSOLE(12)] "1572", source: http://localhost:8000/httprequest.js (12)
I/vgn     (  977): 45-xlb -- metadata{ service_id: 0 }
I/chromium(11119): [INFO:CONSOLE(12)] "1571", source: http://localhost:8000/httprequest.js (12)
I/vgn     (  977): 45-xlb -- metadata{ service_id: 0 }
I/chromium(11119): [INFO:CONSOLE(12)] "1570", source: http://localhost:8000/httprequest.js (12)
I/vgn     (  977): 45-xlb -- metadata{ service_id: 0 }
I/chromium(11119): [INFO:CONSOLE(12)] "1569", source: http://localhost:8000/httprequest.js (12)
