D/ConnectivityService(  454): listenForNetwork for NetworkRequest [ id=3, legacyType=-1, [ Capabilities: INTERNET&NOT_RESTRICTED&TRUSTED] ]
I/ActivityManager(  454): Start proc 1405:com.android.vending/u0a18 for broadcast com.android.vending/com.google.android.finsky.userlanguages.LocaleChangedReceiver
D/VoldCmdListener(  153): cryptfs getpwtype
W/ResourcesManager(  454): Asset path '/system/framework/com.google.widevine.software.drm.jar' does not exist or contains no resources.
W/ResourcesManager(  454): Asset path '/system/framework/com.google.android.maps.jar' does not exist or contains no resources.
I/ActivityManager(  454): Start proc 1462:com.estrongs.android.pop/u0a89 for broadcast com.estrongs.android.pop/com.duapps.ad.video.NetworkStateReceiver
W/ResourcesManager( 1000): Asset path '/system/framework/com.android.media.remotedisplay.jar' does not exist or contains no resources.
W/ResourcesManager( 1000): Asset path '/system/framework/com.android.location.provider.jar' does not exist or contains no resources.
D/ConnectivityService(  454): listenForNetwork for NetworkRequest [ id=4, legacyType=-1, [ Capabilities: INTERNET&NOT_RESTRICTED&TRUSTED] ]
I/ActivityManager(  454): Start proc 1546:com.google.android.gms.unstable/u0a8 for service com.google.android.gms/.droidguard.DroidGuardService
W/ResourcesManager( 1546): Asset path '/system/framework/com.android.media.remotedisplay.jar' does not exist or contains no resources.
W/ResourcesManager( 1546): Asset path '/system/framework/com.android.location.provider.jar' does not exist or contains no resources.
D/WifiService(  454): acquireWifiLockLocked: WifiLock{NlpWifiLock type=2 binder=android.os.BinderProxy@1e0198ab}
I/SystemServiceManager(  454): Starting phase 1000
W/ResourcesManager( 1405): Asset path '/system/framework/com.android.media.remotedisplay.jar' does not exist or contains no resources.
W/ResourcesManager( 1405): Asset path '/system/framework/com.android.location.provider.jar' does not exist or contains no resources.
I/ActivityManager(  454): Start proc 1601:com.google.android.calendar/u0a32 for broadcast com.google.android.calendar/.alerts.AlertReceiver
D/WifiService(  454): releaseWifiLockLocked: WifiLock{NlpWifiLock type=2 binder=android.os.BinderProxy@1e0198ab}
W/ResourcesManager(  977): Asset path '/system/framework/com.google.widevine.software.drm.jar' does not exist or contains no resources.
D/ConnectivityService(  454): ConnectivityService NetworkRequestInfo binderDied(NetworkRequest [ id=4, legacyType=-1, [ Capabilities: INTERNET&NOT_RESTRICTED&TRUSTED] ], android.os.BinderProxy@889b64f)
D/ConnectivityService(  454): releasing NetworkRequest NetworkRequest [ id=4, legacyType=-1, [ Capabilities: INTERNET&NOT_RESTRICTED&TRUSTED] ]
E/ConnectivityService(  454): RemoteException caught trying to send a callback msg for NetworkRequest [ id=4, legacyType=-1, [ Capabilities: INTERNET&NOT_RESTRICTED&TRUSTED] ]
I/ActivityManager(  454): Start proc 1630:com.android.providers.calendar/u0a2 for content provider com.android.providers.calendar/.CalendarProvider2
I/ActivityManager(  454): Process com.android.vending (pid 1405) has died
W/ResourcesManager( 1630): Asset path '/system/framework/android.test.runner.jar' does not exist or contains no resources.
W/ResourcesManager(  977): Asset path '/system/framework/com.google.android.media.effects.jar' does not exist or contains no resources.
E/ActivityThread(  992): Failed to find provider info for com.google.android.gms.common.phenotype
I/ActivityManager(  454): Start proc 1677:com.google.android.apps.fitness/u0a46 for broadcast com.google.android.apps.fitness/com.google.android.libraries.notifications.entrypoints.localechanged.LocaleChangedReceiver
I/ActivityManager(  454): Start proc 1738:com.google.android.gm/u0a71 for broadcast com.google.android.gm/.MailIntentReceiver
D/ConnectivityService(  454): listenForNetwork for NetworkRequest [ id=5, legacyType=-1, [ Capabilities: INTERNET&NOT_RESTRICTED&TRUSTED] ]
D/ActivityThread( 1738): Loading provider com.google.android.gmail.provider;com.android.mail.notifier;com.google.android.gm.email.provider;com.google.android.gm.tasks.provider;com.google.android.gm.email.notifier: com.android.email.provider.EmailProvider
I/ActivityManager(  454): Start proc 1795:com.google.android.keep/u0a72 for broadcast com.google.android.keep/.notification.ReminderNotificationReceiver
W/ActivityManager(  454): Unable to start service Intent { cmp=com.google.android.gm.exchange/com.android.exchange.service.EasService } U=0: not found
W/ActivityManager(  454): Unable to start service Intent { cmp=com.google.android.gm/com.android.email.service.AttachmentService } U=0: not found
D/WifiService(  454): New client listening to asynchronous messages
I/ActivityManager(  454): Start proc 1835:com.estrongs.android.pop:local/u0a89 for service com.estrongs.android.pop/com.android.apps.pros.LocalCService
I/ActivityManager(  454): Start proc 1868:com.google.android.apps.docs.editors.docs/u0a42 for broadcast com.google.android.apps.docs.editors.docs/com.google.android.apps.docs.notification.common.NotificationChannelReceiver
I/ActivityManager(  454): Start proc 1898:com.android.vending/u0a18 for broadcast com.android.vending/com.google.android.finsky.simhandler.SimStateReceiver
W/ResourcesManager( 1462): Asset path '/system/framework/com.android.media.remotedisplay.jar' does not exist or contains no resources.
W/ResourcesManager( 1462): Asset path '/system/framework/com.android.location.provider.jar' does not exist or contains no resources.
E/ActivityThread( 1462): Failed to find provider info for com.facebook.katana.provider.AttributionIdProvider
W/ResourcesManager( 1462): Asset path '/system/framework/com.google.android.maps.jar' does not exist or contains no resources.
W/ResourcesManager( 1462): Asset path '/system/framework/com.google.widevine.software.drm.jar' does not exist or contains no resources.
W/ResourcesManager( 1462): Asset path '/system/framework/com.google.android.media.effects.jar' does not exist or contains no resources.
I/ActivityManager(  454): Start proc 1984:com.google.android.apps.docs/u0a41 for broadcast com.google.android.apps.docs/.notification.common.NotificationChannelReceiver
W/ResourcesManager( 1462): Asset path '/system/framework/com.android.media.remotedisplay.jar' does not exist or contains no resources.
W/ResourcesManager( 1462): Asset path '/system/framework/com.android.location.provider.jar' does not exist or contains no resources.
I/ValidateNoPeople(  454): Validating: 0|com.google.android.gm|-1107457495|null|10071
I/ValidateNoPeople(  454): Executing: validation for: 0|com.google.android.gm|-1107457495|null|10071
I/ValidateNoPeople(  454): Validating: 0|com.google.android.gm|-1107457495|null|10071
I/ValidateNoPeople(  454): final affinity: 0.0
I/ValidateNoPeople(  454): Executing: validation for: 0|com.google.android.gm|-1107457495|null|10071
I/ValidateNoPeople(  454): final affinity: 0.0
D/ConnectivityService(  454): listenForNetwork for NetworkRequest [ id=6, legacyType=-1, [ Capabilities: INTERNET&NOT_RESTRICTED&TRUSTED] ]
W/ResourcesManager(  977): Asset path '/system/framework/com.google.android.maps.jar' does not exist or contains no resources.
I/ActivityManager(  454): Start proc 2062:com.google.android.music:main/u0a61 for broadcast com.google.android.music/.notifications.NotificationChannelInitializationBroadcastReceiver
W/ResourcesManager( 1868): Asset path '/system/framework/com.android.media.remotedisplay.jar' does not exist or contains no resources.
W/ResourcesManager( 1868): Asset path '/system/framework/com.android.location.provider.jar' does not exist or contains no resources.
W/ResourcesManager( 2062): Asset path '/system/framework/com.android.media.remotedisplay.jar' does not exist or contains no resources.
W/ResourcesManager( 2062): Asset path '/system/framework/com.android.location.provider.jar' does not exist or contains no resources.
W/ResourcesManager( 1898): Asset path '/system/framework/com.android.media.remotedisplay.jar' does not exist or contains no resources.
W/ResourcesManager( 1898): Asset path '/system/framework/com.android.location.provider.jar' does not exist or contains no resources.
I/ActivityManager(  454): Start proc 2098:com.google.android.apps.gcs/u0a7 for broadcast com.google.android.apps.gcs/.steen.receiver.ScoreNetworksReceiver
I/ActivityManager(  454): Start proc 2138:com.google.android.deskclock/u0a39 for broadcast com.google.android.deskclock/com.android.deskclock.AlarmInitReceiver
I/ActivityManager(  454): Start proc 2170:com.google.android.apps.plus/u0a68 for broadcast com.google.android.apps.plus/.service.LocaleChangeReceiver
W/ResourcesManager( 2170): Asset path '/system/framework/com.google.android.maps.jar' does not exist or contains no resources.
W/BackupManagerService(  454): dataChanged but no participant pkg='com.android.providers.settings' uid=10089
I/ActivityManager(  454): Killing 1229:com.google.android.partnersetup/u0a12 (adj 15): empty #17
D/WifiService(  454): New client listening to asynchronous messages
I/ActivityManager(  454): Waited long enough for: ServiceRecord{2a7fdbaa u0 com.google.android.gms/.icing.service.IndexWorkerService}
I/ActivityManager(  454): Killing 952:com.android.printspooler/u0a74 (adj 15): empty #17
I/ActivityManager(  454): Start proc 2212:com.google.android.apps.photos/u0a66 for broadcast com.google.android.apps.photos/com.google.android.libraries.social.notifications.impl.LocaleChangeReceiver
I/ActivityManager(  454): Start proc 2234:com.opera.browser/u0a85 for broadcast com.opera.browser/com.opera.android.dashboard.newsfeed.notification.DeviceWakeUpBroadcastReceiver
I/ValidateNoPeople(  454): skipping global notification
I/ActivityManager(  454): Start proc 2258:.esfm/u0a89 for service com.estrongs.android.pop/com.estrongs.android.scanner.service.FileMonitorService
I/ActivityManager(  454): Start proc 2284:com.google.android.apps.docs.editors.sheets/u0a43 for broadcast com.google.android.apps.docs.editors.sheets/com.google.android.apps.docs.notification.common.NotificationChannelReceiver
D/WifiService(  454): New client listening to asynchronous messages
I/ActivityManager(  454): Killing 1267:com.google.android.youtube/u0a81 (adj 15): empty #17
W/ResourcesManager( 1984): Asset path '/system/framework/com.android.media.remotedisplay.jar' does not exist or contains no resources.
W/ResourcesManager( 1984): Asset path '/system/framework/com.android.location.provider.jar' does not exist or contains no resources.
D/ConnectivityService(  454): ConnectivityService NetworkRequestInfo binderDied(NetworkRequest [ id=3, legacyType=-1, [ Capabilities: INTERNET&NOT_RESTRICTED&TRUSTED] ], android.os.BinderProxy@1033979d)
D/ConnectivityService(  454): releasing NetworkRequest NetworkRequest [ id=3, legacyType=-1, [ Capabilities: INTERNET&NOT_RESTRICTED&TRUSTED] ]
E/ConnectivityService(  454): RemoteException caught trying to send a callback msg for NetworkRequest [ id=3, legacyType=-1, [ Capabilities: INTERNET&NOT_RESTRICTED&TRUSTED] ]
I/ActivityManager(  454): Killing 1601:com.google.android.calendar/u0a32 (adj 15): empty #17
I/ActivityManager(  454): Start proc 2381:com.opera.browser:background_services/u0a85 for service com.opera.browser/com.opera.android.dashboard.newsfeed.newsbar.NewsBarService
I/ActivityManager(  454): Killing 1630:com.android.providers.calendar/u0a2 (adj 15): empty #17
I/ActivityManager(  454): Start proc 2418:com.google.android.talk/u0a13 for service com.google.android.talk/com.google.android.apps.hangouts.concurrent.impl.GcmTriggeredNotifier
W/ResourcesManager( 2418): Asset path '/system/framework/com.google.android.media.effects.jar' does not exist or contains no resources.
I/ActivityManager(  454): Start proc 2447:com.android.keychain/1000 for service com.android.keychain/.KeyChainService
I/ActivityManager(  454): Start proc 2470:com.google.android.marvin.talkback/u0a82 for broadcast com.google.android.marvin.talkback/com.google.android.accessibility.talkback.BootReceiver
I/ActivityManager(  454): Killing 1677:com.google.android.apps.fitness/u0a46 (adj 15): empty #17
W/BroadcastQueue(  454): Permission Denial: receiving Intent { act=android.intent.action.BOOT_COMPLETED flg=0x8000010 (has extras) } to com.halfbrick.fruitninjafree/com.otherlevels.android.sdk.ServiceReceiver requires android.permission.RECEIVE_BOOT_COMPLETED due to sender null (uid 1000)
I/ActivityManager(  454): Start proc 2503:com.android.providers.calendar/u0a2 for broadcast com.android.providers.calendar/.CalendarReceiver
W/ResourcesManager( 2503): Asset path '/system/framework/android.test.runner.jar' does not exist or contains no resources.
I/ActivityManager(  454): Killing 1738:com.google.android.gm/u0a71 (adj 15): empty #17
D/VoldCmdListener(  153): cryptfs getpwtype
I/ActivityManager(  454): Start proc 2543:com.google.android.onetimeinitializer/u0a11 for broadcast com.google.android.onetimeinitializer/.OneTimeInitializerReceiver
I/ActivityManager(  454): Start proc 2560:com.google.android.partnersetup/u0a12 for broadcast com.google.android.partnersetup/.GooglePartnerSetup
I/ActivityManager(  454): Killing 1795:com.google.android.keep/u0a72 (adj 15): empty #17
W/ResourcesManager( 2284): Asset path '/system/framework/com.android.media.remotedisplay.jar' does not exist or contains no resources.
W/ResourcesManager( 2284): Asset path '/system/framework/com.android.location.provider.jar' does not exist or contains no resources.
I/ActivityManager(  454): Start proc 2593:com.android.hotwordenrollment/u0a14 for broadcast com.android.hotwordenrollment/.StartupReceiver
W/ResourcesManager(  613): Asset path '/system/framework/com.google.android.media.effects.jar' does not exist or contains no resources.
I/BootReceiver(  454): Copying audit failures to DropBox
I/BootReceiver(  454): Checking for fsck errors
I/ActivityManager(  454): Killing 1868:com.google.android.apps.docs.editors.docs/u0a42 (adj 15): empty #17
I/ActivityManager(  454): Start proc 2614:com.android.managedprovisioning/u0a15 for broadcast com.android.managedprovisioning/.BootReminder
I/ActivityManager(  454): Killing 1898:com.android.vending/u0a18 (adj 15): empty #17
D/ConnectivityService(  454): ConnectivityService NetworkRequestInfo binderDied(NetworkRequest [ id=6, legacyType=-1, [ Capabilities: INTERNET&NOT_RESTRICTED&TRUSTED] ], android.os.BinderProxy@5457b1d)
D/ConnectivityService(  454): releasing NetworkRequest NetworkRequest [ id=6, legacyType=-1, [ Capabilities: INTERNET&NOT_RESTRICTED&TRUSTED] ]
E/ConnectivityService(  454): RemoteException caught trying to send a callback msg for NetworkRequest [ id=6, legacyType=-1, [ Capabilities: INTERNET&NOT_RESTRICTED&TRUSTED] ]
I/ActivityManager(  454): START u0 {flg=0x10800000 cmp=com.estrongs.android.pop/.app.RemainTransitionActivity} from uid 10089 on display 0
V/WindowManager(  454): addAppToken: AppWindowToken{4b67f60 token=Token{2bc50763 ActivityRecord{3f867192 u0 com.estrongs.android.pop/.app.RemainTransitionActivity t4777}}} to stack=1 task=4777 at 0
W/InputMethodManagerService(  454): Window already focused, ignoring focus gain of: com.android.internal.view.IInputMethodClient$Stub$Proxy@261614de attribute=null, token = android.os.BinderProxy@3044f027
I/ActivityManager(  454): Killing 1984:com.google.android.apps.docs/u0a41 (adj 15): empty #17
I/ActivityManager(  454): Start proc 2648:com.google.android.nfcprovision/u0a17 for broadcast com.google.android.nfcprovision/.BootReceiver
I/ActivityManager(  454): Killing 932:android.process.acore/u0a3 (adj 15): empty #17
I/ActivityManager(  454): Killing 2098:com.google.android.apps.gcs/u0a7 (adj 15): empty #17
D/WifiService(  454): Client connection lost with reason: 4
I/ActivityManager(  454): Start proc 2665:com.android.settings/1000 for broadcast com.android.settings/.sim.SimBootReceiver
I/ActivityManager(  454): Killing 2062:com.google.android.music:main/u0a61 (adj 15): empty #17
I/ActivityManager(  454): Start proc 2681:com.google.android.configupdater/u0a37 for broadcast com.google.android.configupdater/.CertPin.CertPinUpdateRequestReceiver
I/ActivityManager(  454): Killing 2138:com.google.android.deskclock/u0a39 (adj 15): empty #17
I/ActivityManager(  454): Start proc 2713:com.google.android.apps.inputmethod.zhuyin/u0a55 for broadcast com.google.android.apps.inputmethod.zhuyin/com.google.android.apps.inputmethod.libs.framework.core.LauncherIconVisibilityInitializer
I/ActivityManager(  454): Start proc 2728:android.process.acore/u0a3 for content provider com.android.providers.contacts/.ContactsProvider2
I/ActivityManager(  454): Waited long enough for: ServiceRecord{2de47eb u0 com.estrongs.android.pop/com.android.apps.pros.LocalCService}
I/ActivityManager(  454): Killing 1000:com.google.android.apps.maps/u0a60 (adj 15): empty #17
D/ConnectivityService(  454): ConnectivityService NetworkRequestInfo binderDied(NetworkRequest [ id=5, legacyType=-1, [ Capabilities: INTERNET&NOT_RESTRICTED&TRUSTED] ], android.os.BinderProxy@2013d1a8)
D/ConnectivityService(  454): releasing NetworkRequest NetworkRequest [ id=5, legacyType=-1, [ Capabilities: INTERNET&NOT_RESTRICTED&TRUSTED] ]
E/ConnectivityService(  454): RemoteException caught trying to send a callback msg for NetworkRequest [ id=5, legacyType=-1, [ Capabilities: INTERNET&NOT_RESTRICTED&TRUSTED] ]
I/ActivityManager(  454): Start proc 2753:com.google.android.youtube/u0a81 for broadcast com.google.android.youtube/com.google.android.libraries.youtube.mdx.background.MdxBackgroundScanBootReceiver
I/ActivityManager(  454): Killing 2212:com.google.android.apps.photos/u0a66 (adj 15): empty #17
I/ActivityManager(  454): Killing 2284:com.google.android.apps.docs.editors.sheets/u0a43 (adj 15): empty #17
W/ResourcesManager( 2753): Asset path '/system/framework/com.android.media.remotedisplay.jar' does not exist or contains no resources.
W/ResourcesManager( 2753): Asset path '/system/framework/com.android.location.provider.jar' does not exist or contains no resources.
W/ResourcesManager(  613): Asset path '/system/framework/com.android.media.remotedisplay.jar' does not exist or contains no resources.
W/ResourcesManager(  613): Asset path '/system/framework/com.android.location.provider.jar' does not exist or contains no resources.
D/VoldCmdListener(  153): cryptfs getpwtype
I/ActivityManager(  454): Start proc 2879:com.android.vending/u0a18 for service com.android.vending/com.google.android.finsky.contentfilterui.ContentFiltersService
D/ConnectivityService(  454): listenForNetwork for NetworkRequest [ id=7, legacyType=-1, [ Capabilities: INTERNET&NOT_RESTRICTED&TRUSTED] ]
I/ActivityManager(  454): Start proc 2919:com.google.android.gms.ui/u0a8 for service com.google.android.gms/.chimera.UiIntentOperationService
W/ResourcesManager( 2919): Asset path '/system/framework/com.android.media.remotedisplay.jar' does not exist or contains no resources.
W/ResourcesManager( 2919): Asset path '/system/framework/com.android.location.provider.jar' does not exist or contains no resources.
D/ConnectivityService(  454): listenForNetwork for NetworkRequest [ id=8, legacyType=-1, [ Capabilities: INTERNET&NOT_RESTRICTED&TRUSTED] ]
I/ActivityManager(  454): Start proc 3016:com.google.android.calendar/u0a32 for broadcast com.google.android.calendar/.alerts.AlertReceiver
I/ActivityManager(  454): Killing 2381:com.opera.browser:background_services/u0a85 (adj 15): empty #17
I/ActivityManager(  454): Start proc 3094:com.google.android.videos/u0a77 for broadcast com.google.android.videos/.service.drm.RefreshLicenseTaskService$Initializer
W/ResourcesManager( 3094): Asset path '/system/framework/com.google.widevine.software.drm.jar' does not exist or contains no resources.
I/ActivityManager(  454): Killing 2234:com.opera.browser/u0a85 (adj 15): empty #17
I/ActivityManager(  454): START u0 {flg=0x10000000 cmp=com.estrongs.android.pop/com.dianxinos.lazyswipe.EmptyActivity} from uid 10089 on display 0
V/WindowManager(  454): addAppToken: AppWindowToken{2cf96f57 token=Token{bf470d6 ActivityRecord{16229cf1 u0 com.estrongs.android.pop/com.dianxinos.lazyswipe.EmptyActivity t4778}}} to stack=1 task=4778 at 0
D/WifiService(  454): acquireWifiLockLocked: WifiLock{com.google.android.videos.service.drm.LicenseRefresher_tasks type=3 binder=android.os.BinderProxy@31d8320e}
W/ResourcesManager(  977): Asset path '/system/framework/com.google.widevine.software.drm.jar' does not exist or contains no resources.
I/ActivityManager(  454): Start proc 3176:com.google.android.gm.exchange/u0a70 for broadcast com.google.android.gm.exchange/.UpgradeReceiver
V/WindowManager(  454): Adding window Window{1110744b u0 com.estrongs.android.pop/com.dianxinos.lazyswipe.EmptyActivity} at 2 of 15 (after Window{33b052d4 u0 com.google.android.googlequicksearchbox/com.google.android.launcher.GEL})
D/WifiService(  454): releaseWifiLockLocked: WifiLock{com.google.android.videos.service.drm.LicenseRefresher_tasks type=3 binder=android.os.BinderProxy@31d8320e}
I/ActivityManager(  454): Killing 2170:com.google.android.apps.plus/u0a68 (adj 15): empty #17
W/ResourcesManager(  977): Asset path '/system/framework/com.google.android.media.effects.jar' does not exist or contains no resources.
I/ActivityManager(  454): Start proc 3196:com.google.android.apps.gcs/u0a7 for broadcast com.google.android.apps.gcs/.receiver.BootCompletedReceiver
I/ActivityManager(  454): Killing 2470:com.google.android.marvin.talkback/u0a82 (adj 15): empty #17
I/ActivityManager(  454): Killing 2447:com.android.keychain/1000 (adj 15): empty #17
I/ActivityManager(  454): Start proc 3232:com.google.android.gm/u0a71 for broadcast com.google.android.gm/.GoogleMailDeviceStartupReceiver
W/ResourcesManager(  977): Asset path '/system/framework/com.google.android.maps.jar' does not exist or contains no resources.
D/ActivityThread( 3232): Loading provider com.google.android.gmail.provider;com.android.mail.notifier;com.google.android.gm.email.provider;com.google.android.gm.tasks.provider;com.google.android.gm.email.notifier: com.android.email.provider.EmailProvider
W/ActivityManager(  454): Unable to start service Intent { cmp=com.google.android.gm/com.android.email.service.AttachmentService } U=0: not found
W/ActivityManager(  454): Unable to start service Intent { cmp=com.google.android.gm.exchange/com.android.exchange.service.EasService } U=0: not found
I/ActivityManager(  454): Killing 2543:com.google.android.onetimeinitializer/u0a11 (adj 15): empty #17
I/ActivityManager(  454): Start proc 3283:com.google.android.keep/u0a72 for broadcast com.google.android.keep/.notification.ReminderNotificationReceiver
W/ActivityManager(  454): Unable to start service Intent { cmp=com.google.android.gm.exchange/com.android.exchange.service.EasService } U=0: not found
I/ActivityManager(  454): Killing 2593:com.android.hotwordenrollment/u0a14 (adj 15): empty #17
W/BroadcastQueue(  454): Permission Denial: receiving Intent { act=android.intent.action.BOOT_COMPLETED flg=0x8000010 (has extras) } to com.google.android.apps.docs.editors.docs/com.google.android.apps.docs.notification.common.NotificationChannelReceiver requires android.permission.RECEIVE_BOOT_COMPLETED due to sender null (uid 1000)
W/BroadcastQueue(  454): Permission Denial: receiving Intent { act=android.intent.action.BOOT_COMPLETED flg=0x8000010 (has extras) } to com.google.android.apps.docs/.notification.common.NotificationChannelReceiver requires android.permission.RECEIVE_BOOT_COMPLETED due to sender null (uid 1000)
I/ActivityManager(  454): Start proc 3324:com.google.android.deskclock/u0a39 for broadcast com.google.android.deskclock/com.android.deskclock.AlarmInitReceiver
I/ActivityManager(  454): Killing 2560:com.google.android.partnersetup/u0a12 (adj 15): empty #17
I/ActivityManager(  454): Start proc 3355:com.android.chrome/u0a35 for service com.android.chrome/org.chromium.chrome.browser.customtabs.CustomTabsConnectionService
I/ActivityManager(  454): Start proc 3371:com.google.android.apps.magazines/u0a62 for broadcast com.google.android.apps.magazines/com.google.apps.dots.android.newsstand.receivers.BootReceiver
I/ActivityManager(  454): Killing 2614:com.android.managedprovisioning/u0a15 (adj 15): empty #17
I/ActivityManager(  454): Killing 2648:com.google.android.nfcprovision/u0a17 (adj 15): empty #17
W/ResourcesManager( 3355): Asset path '/system/framework/com.android.media.remotedisplay.jar' does not exist or contains no resources.
W/ResourcesManager( 3355): Asset path '/system/framework/com.android.location.provider.jar' does not exist or contains no resources.
I/ActivityManager(  454): Start proc 3393:com.google.android.music:main/u0a61 for content provider com.google.android.music/.search.IcingContentProvider
I/ActivityManager(  454): Killing 2665:com.android.settings/1000 (adj 15): empty #17
W/ResourcesManager( 3393): Asset path '/system/framework/com.android.media.remotedisplay.jar' does not exist or contains no resources.
W/ResourcesManager( 3393): Asset path '/system/framework/com.android.location.provider.jar' does not exist or contains no resources.
W/ResourcesManager( 3371): Asset path '/system/framework/com.android.media.remotedisplay.jar' does not exist or contains no resources.
W/ResourcesManager( 3371): Asset path '/system/framework/com.android.location.provider.jar' does not exist or contains no resources.
I/ActivityManager(  454): Start proc 3453:com.google.android.apps.plus/u0a68 for broadcast com.google.android.apps.plus/.notifications.channels.ChannelsUpdateReceiver
W/ResourcesManager( 3453): Asset path '/system/framework/com.google.android.maps.jar' does not exist or contains no resources.
I/ActivityManager(  454): Killing 2681:com.google.android.configupdater/u0a37 (adj 15): empty #17
I/ActivityManager(  454): Killing 2713:com.google.android.apps.inputmethod.zhuyin/u0a55 (adj 15): empty #17
I/ProcessStatsService(  454): Added stats: 2018-06-17-18-58-41, over +1h20m27s99ms
I/ProcessStatsService(  454): Added stats: 2018-06-17-15-55-00, over +3h3m41s63ms
I/ProcessStatsService(  454): Added stats: 2018-06-17-12-49-09, over +3h5m50s858ms
I/ProcessStatsService(  454): Added stats: 2018-06-16-17-16-49, over +2h43m37s601ms
I/ProcessStatsService(  454): Added stats: 2018-06-16-14-15-49, over +3h0m60s201ms
I/ProcessStatsService(  454): Added stats: 2018-06-15-19-30-00, over +2h0m59s17ms
I/ProcessStatsService(  454): Added stats: 2018-06-15-16-19-00, over +3h10m59s935ms
I/ActivityManager(  454): Start proc 3496:com.google.android.contacts/u0a9 for broadcast com.google.android.contacts/com.google.android.apps.contacts.interactions.OnBootOrUpgradeReceiver
I/ProcessStatsService(  454): Added stats: 2018-06-15-13-18-21, over +3h0m38s245ms
I/ProcessStatsService(  454): Added stats: 2018-06-15-09-30-00, over +3h34m31s712ms
W/ResourcesManager(  454): Asset path '/system/framework/com.google.widevine.software.drm.jar' does not exist or contains no resources.
W/ResourcesManager(  454): Asset path '/system/framework/com.google.android.maps.jar' does not exist or contains no resources.
D/BackupManagerService(  454): Received broadcast Intent { act=android.intent.action.PACKAGE_CHANGED dat=package:com.google.android.gms flg=0x4000010 (has extras) }
I/BackupManagerService(  454): Unbinding ComponentInfo{com.google.android.gms/com.google.android.gms.backup.BackupTransportService}
I/BackupManagerService(  454): Binding to transport host ComponentInfo{com.google.android.gms/com.google.android.gms.backup.BackupTransportService}
V/BackupManagerService(  454): Connected to transport ComponentInfo{com.google.android.gms/com.google.android.gms.backup.BackupTransportService}
V/BackupManagerService(  454): Registering transport com.google.android.gms/.backup.BackupTransportService::com.google.android.gms/.backup.BackupTransportService = com.android.internal.backup.IBackupTransport$Stub$Proxy@ddcc8f5
I/ActivityManager(  454): Start proc 3535:com.google.android.apps.maps/u0a60 for broadcast com.google.android.apps.maps/com.google.android.apps.gmm.navigation.service.detection.StartDetectionReceiver
I/ActivityManager(  454): Killing 2753:com.google.android.youtube/u0a81 (adj 15): empty #17
D/ConnectivityService(  454): ConnectivityService NetworkRequestInfo binderDied(NetworkRequest [ id=7, legacyType=-1, [ Capabilities: INTERNET&NOT_RESTRICTED&TRUSTED] ], android.os.BinderProxy@154a5119)
D/ConnectivityService(  454): releasing NetworkRequest NetworkRequest [ id=7, legacyType=-1, [ Capabilities: INTERNET&NOT_RESTRICTED&TRUSTED] ]
E/ConnectivityService(  454): RemoteException caught trying to send a callback msg for NetworkRequest [ id=7, legacyType=-1, [ Capabilities: INTERNET&NOT_RESTRICTED&TRUSTED] ]
I/ActivityManager(  454): Killing 2919:com.google.android.gms.ui/u0a8 (adj 15): empty #17
I/ActivityManager(  454): Start proc 3555:com.google.android.apps.books/u0a29 for content provider com.google.android.apps.books/.provider.BooksProvider
D/VoldCmdListener(  153): cryptfs getpwtype
I/ActivityManager(  454): Killing 2503:com.android.providers.calendar/u0a2 (adj 15): empty #17
I/ActivityManager(  454): Start proc 3597:com.google.android.apps.photos/u0a66 for broadcast com.google.android.apps.photos/.backup.freestorage.full.release.PixelOfferReceiver
I/ActivityManager(  454): Killing 3176:com.google.android.gm.exchange/u0a70 (adj 15): empty #17
W/ResourcesManager( 3535): Asset path '/system/framework/com.android.media.remotedisplay.jar' does not exist or contains no resources.
W/ResourcesManager( 3535): Asset path '/system/framework/com.android.location.provider.jar' does not exist or contains no resources.
W/ResourcesManager(  977): Asset path '/system/framework/com.google.android.media.effects.jar' does not exist or contains no resources.
W/ResourcesManager(  977): Asset path '/system/framework/com.google.widevine.software.drm.jar' does not exist or contains no resources.
D/ConnectivityService(  454): listenForNetwork for NetworkRequest [ id=9, legacyType=-1, [ Capabilities: INTERNET&NOT_RESTRICTED&TRUSTED] ]
W/ResourcesManager(  977): Asset path '/system/framework/com.google.android.maps.jar' does not exist or contains no resources.
I/ActivityManager(  454): Killing 3196:com.google.android.apps.gcs/u0a7 (adj 15): empty #17
W/BroadcastQueue(  454): Permission Denial: receiving Intent { act=android.intent.action.BOOT_COMPLETED flg=0x8000010 (has extras) } to com.google.android.apps.docs.editors.sheets/com.google.android.apps.docs.notification.common.NotificationChannelReceiver requires android.permission.RECEIVE_BOOT_COMPLETED due to sender null (uid 1000)
I/ActivityManager(  454): Start proc 3637:edu.umich.PowerTutor/u0a84 for broadcast edu.umich.PowerTutor/.ui.StartupReceiver
I/ActivityManager(  454): Start proc 3655:org.mozilla.firefox/u0a86 for broadcast org.mozilla.firefox/org.mozilla.gecko.BootReceiver
I/ActivityManager(  454): Start proc 3680:com.opera.browser:alarm_receiver/u0a85 for broadcast com.opera.browser/com.opera.android.phantom.receiver.AlarmReceiver
I/ActivityManager(  454): Killing 3283:com.google.android.keep/u0a72 (adj 15): empty #17
I/ActivityManager(  454): Start proc 3700:com.opera.browser/u0a85 for content provider com.opera.browser/com.opera.android.crashhandler.CrashExtrasProvider
I/ActivityManager(  454): Start proc 3749:com.google.android.instantapps.supervisor/u0a90 for broadcast com.google.android.instantapps.supervisor/.BootReceiver
I/ActivityManager(  454): Killing 3232:com.google.android.gm/u0a71 (adj 15): empty #17
I/ActivityManager(  454): Killing 3324:com.google.android.deskclock/u0a39 (adj 15): empty #18
I/ActivityManager(  454): Start proc 3774:com.opera.browser:background_services/u0a85 for service com.opera.browser/com.opera.android.dashboard.newsfeed.newsbar.NewsBarService
I/ActivityManager(  454): Waited long enough for: ServiceRecord{1223874e u0 com.google.android.calendar/.alerts.InitAlarmsService}
I/ActivityManager(  454): Start proc 3814:com.google.android.apps.gcs/u0a7 for broadcast com.google.android.apps.gcs/.steen.receiver.ScoreNetworksReceiver
I/ActivityManager(  454): Killing 1546:com.google.android.gms.unstable/u0a8 (adj 15): empty #17
I/ActivityManager(  454): Killing 3371:com.google.android.apps.magazines/u0a62 (adj 15): empty #18
D/WifiService(  454): New client listening to asynchronous messages
I/ActivityManager(  454): Killing 2879:com.android.vending/u0a18 (adj 15): empty #17
D/ConnectivityService(  454): ConnectivityService NetworkRequestInfo binderDied(NetworkRequest [ id=8, legacyType=-1, [ Capabilities: INTERNET&NOT_RESTRICTED&TRUSTED] ], android.os.BinderProxy@2fb03c5b)
D/ConnectivityService(  454): releasing NetworkRequest NetworkRequest [ id=8, legacyType=-1, [ Capabilities: INTERNET&NOT_RESTRICTED&TRUSTED] ]
E/ConnectivityService(  454): RemoteException caught trying to send a callback msg for NetworkRequest [ id=8, legacyType=-1, [ Capabilities: INTERNET&NOT_RESTRICTED&TRUSTED] ]
I/ActivityManager(  454): Start proc 3851:com.google.android.gm/u0a71 for broadcast com.google.android.gm/.widget.GmailWidgetProvider
D/ActivityThread( 3851): Loading provider com.google.android.gmail.provider;com.android.mail.notifier;com.google.android.gm.email.provider;com.google.android.gm.tasks.provider;com.google.android.gm.email.notifier: com.android.email.provider.EmailProvider
W/ActivityManager(  454): Unable to start service Intent { cmp=com.google.android.gm/com.android.email.service.AttachmentService } U=0: not found
W/ActivityManager(  454): Unable to start service Intent { cmp=com.google.android.gm.exchange/com.android.exchange.service.EasService } U=0: not found
I/ActivityManager(  454): Killing 3453:com.google.android.apps.plus/u0a68 (adj 15): empty #17
I/ActivityManager(  454): Start proc 3896:com.android.providers.calendar/u0a2 for content provider com.android.providers.calendar/.CalendarProvider2
W/ResourcesManager( 3896): Asset path '/system/framework/android.test.runner.jar' does not exist or contains no resources.
I/ActivityManager(  454): Start proc 3935:com.google.android.gms.ui/u0a8 for service com.google.android.gms/.chimera.UiIntentOperationService
W/ResourcesManager( 3935): Asset path '/system/framework/com.android.media.remotedisplay.jar' does not exist or contains no resources.
W/ResourcesManager( 3935): Asset path '/system/framework/com.android.location.provider.jar' does not exist or contains no resources.
I/ActivityManager(  454): Start proc 3955:com.google.android.apps.docs/u0a41 for broadcast com.google.android.apps.docs/.appindexing.AppIndexingReceiver
I/ActivityManager(  454): Killing 3496:com.google.android.contacts/u0a9 (adj 15): empty #17
I/ActivityManager(  454): Start proc 3997:com.google.android.deskclock/u0a39 for broadcast com.google.android.deskclock/com.android.alarmclock.DigitalAppWidgetProvider
I/ActivityManager(  454): Start proc 4031:com.android.vending/u0a18 for broadcast com.android.vending/com.google.android.finsky.packagemanager.impl.PackageMonitorReceiverImpl$RegisteredReceiver
D/ConnectivityService(  454): listenForNetwork for NetworkRequest [ id=10, legacyType=-1, [ Capabilities: INTERNET&NOT_RESTRICTED&TRUSTED] ]
I/ValidateNoPeople(  454): Validating: 0|com.google.android.gm|-1107457495|null|10071
I/ValidateNoPeople(  454): final affinity: 0.0
I/ActivityManager(  454): Killing 3555:com.google.android.apps.books/u0a29 (adj 15): empty #17
I/ActivityManager(  454): Killing 3094:com.google.android.videos/u0a77 (adj 15): empty #18
W/ResourcesManager( 3955): Asset path '/system/framework/com.android.media.remotedisplay.jar' does not exist or contains no resources.
W/ResourcesManager( 3955): Asset path '/system/framework/com.android.location.provider.jar' does not exist or contains no resources.
I/ActivityManager(  454): Start proc 4136:com.google.android.apps.plus/u0a68 for service com.google.android.apps.plus/com.google.apps.tiktok.sync.impl.gcm.SyncGcoreGcmTaskService
W/ResourcesManager( 4136): Asset path '/system/framework/com.google.android.maps.jar' does not exist or contains no resources.
W/Telecom (  454): TelecomServiceImpl: null is not visible for the calling user
D/WifiService(  454): acquireWifiLockLocked: WifiLock{NlpWifiLock type=2 binder=android.os.BinderProxy@7215f4f}
W/ActivityManager(  454): Unable to start service Intent { act=com.google.android.gms.drive.ApiService.RESET_AFTER_BOOT flg=0x4 cmp=com.google.android.gms/.drive.api.ApiService (has extras) } U=0: not found
D/WifiService(  454): releaseWifiLockLocked: WifiLock{NlpWifiLock type=2 binder=android.os.BinderProxy@7215f4f}
I/ActivityManager(  454): Waited long enough for: ServiceRecord{9cf9cf8 u0 com.google.android.calendar/.alerts.AlertService}
I/ActivityManager(  454): Killing 3597:com.google.android.apps.photos/u0a66 (adj 15): empty #17
W/ResourcesManager(  454): Asset path '/system/framework/com.google.widevine.software.drm.jar' does not exist or contains no resources.
W/ResourcesManager(  454): Asset path '/system/framework/com.google.android.maps.jar' does not exist or contains no resources.
D/BackupManagerService(  454): Received broadcast Intent { act=android.intent.action.PACKAGE_CHANGED dat=package:com.google.android.apps.plus flg=0x4000010 (has extras) }
W/ResourcesManager(  903): Asset path '/system/framework/com.google.android.maps.jar' does not exist or contains no resources.
W/ResourcesManager(  977): Asset path '/system/framework/com.google.android.maps.jar' does not exist or contains no resources.
I/ActivityManager(  454): Waited long enough for: ServiceRecord{1a1b6680 u0 com.opera.browser/com.opera.android.analytics.AnalyticsService}
I/ActivityManager(  454): Waited long enough for: ServiceRecord{829a05f u0 com.opera.browser/com.opera.android.dashboard.newsfeed.statistic.NewsFeedService}
I/PowerManagerService(  454): Going to sleep due to power button (uid 1000)...
I/PowerManagerService(  454): Sleeping (uid 1000)...
I/PowerManagerService(  454): Waking up from sleep (uid 1000)...
D/ActivityManager(  454): awakeFromSleepingLocked: previously pausing activity didn't pause
I/DisplayPowerController(  454): Blocking screen on until initial contents have been drawn.
I/DisplayPowerController(  454): Unblocked screen on after 231 ms
I/PowerManagerService(  454): Going to sleep due to power button (uid 1000)...
I/PowerManagerService(  454): Sleeping (uid 1000)...
I/DisplayManagerService(  454): Display device changed: DisplayDeviceInfo{"Built-in Screen": uniqueId="local:0", 1536 x 2048, 60.000004 fps, supportedRefreshRates [60.000004, 59.0], density 320, 288.995 x 288.995 dpi, appVsyncOff 0, presDeadline 17666666, touch INTERNAL, rotation 0, type BUILT_IN, state OFF, FLAG_DEFAULT_DISPLAY, FLAG_ROTATES_WITH_CONTENT, FLAG_SECURE, FLAG_SUPPORTS_PROTECTED_BUFFERS}
V/ActivityManager(  454): Display changed displayId=0
I/PowerManagerService(  454): Waking up from sleep (uid 1000)...
I/DisplayPowerController(  454): Blocking screen on until initial contents have been drawn.
I/DisplayManagerService(  454): Display device changed: DisplayDeviceInfo{"Built-in Screen": uniqueId="local:0", 1536 x 2048, 60.000004 fps, supportedRefreshRates [60.000004, 59.0], density 320, 288.995 x 288.995 dpi, appVsyncOff 0, presDeadline 17666666, touch INTERNAL, rotation 0, type BUILT_IN, state ON, FLAG_DEFAULT_DISPLAY, FLAG_ROTATES_WITH_CONTENT, FLAG_SECURE, FLAG_SUPPORTS_PROTECTED_BUFFERS}
V/ActivityManager(  454): Display changed displayId=0
V/ActivityManager(  454): Display changed displayId=0
I/DisplayPowerController(  454): Unblocked screen on after 464 ms
I/ActivityManager(  454): Start proc 4273:com.google.android.apps.photos/u0a66 for service com.google.android.apps.photos/.backgroundsignin.BackgroundSignInJobService
I/ActivityManager(  454): Killing 3355:com.android.chrome/u0a35 (adj 15): empty #17
W/BackupManagerService(  454): dataChanged but no participant pkg='com.android.providers.settings' uid=10022
I/ActivityManager(  454): Killing 3655:org.mozilla.firefox/u0a86 (adj 15): empty #17
D/WifiService(  454): setWifiEnabled: false pid=613, uid=10022
E/WifiService(  454): Invoking mWifiStateMachine.setWifiEnabled
D/WifiService(  454): setWifiEnabled: true pid=613, uid=10022
E/WifiService(  454): Invoking mWifiStateMachine.setWifiEnabled
D/WifiService(  454): acquireWifiLockLocked: WifiLock{NlpWifiLock type=2 binder=android.os.BinderProxy@22d12b57}
E/WifiP2pService(  454): Unable to change interface settings: java.lang.IllegalStateException: command '36 interface setcfg p2p0 0.0.0.0 0 up' failed with '400 36 Failed to set address (No such device)'
D/WifiService(  454): releaseWifiLockLocked: WifiLock{NlpWifiLock type=2 binder=android.os.BinderProxy@22d12b57}
E/WiFiServiceImpl (  454): CONNECT  nid=-1 uid=1000
D/WifiService(  454): Connect with config* ID: -1 SSID: "KPN" BSSID: null FQDN: null REALM: null PRIO: 0
D/WifiService(  454):  KeyMgmt: NONE Protocols:
D/WifiService(  454):  AuthAlgorithms:
D/WifiService(  454):  PairwiseCiphers:
D/WifiService(  454):  GroupCiphers:
D/WifiService(  454):  PSK: 
D/WifiService(  454): Enterprise config:
D/WifiService(  454): IP config:
D/WifiService(  454): IP assignment: UNASSIGNED
D/WifiService(  454): Proxy settings: UNASSIGNED
D/WifiService(  454):  uid=1000roamingFailureBlackListTimeMilli: 1000
D/WifiService(  454): triggeredLow: 0 triggeredBad: 0 triggeredNotHigh: 0
D/WifiService(  454): ticksLow: 0 ticksBad: 0 ticksNotHigh: 0
D/WifiService(  454): triggeredJoin: 0
D/WifiService(  454): autoJoinBailedDueToLowRssi: false
D/WifiService(  454): autoJoinUseAggressiveJoinAttemptThreshold: 0
D/ConnectivityService(  454): registerNetworkAgent NetworkAgentInfo{ ni{[type: WIFI[], state: CONNECTING/CONNECTING, reason: (unspecified), extra: "KPN", roaming: false, failover: false, isAvailable: true, isConnectedToProvisioningNetwork: false]}  network{null}  lp{{LinkAddresses: []  Routes: [] DnsAddresses: [] Domains: null MTU: 0 TcpBufferSizes: 524288,1048576,2097152,262144,524288,1048576}}  nc{[ Transports: WIFI Capabilities: INTERNET&NOT_RESTRICTED&TRUSTED&NOT_VPN LinkUpBandwidth>=1048576Kbps LinkDnBandwidth>=1048576Kbps]}  Score{20}  everValidated{false}  lastValidated{false}  created{false}  explicitlySelected{false} }
D/ConnectivityService(  454): NetworkAgentInfo [WIFI () - 100] EVENT_NETWORK_INFO_CHANGED, going from null to CONNECTING
D/ConnectivityService(  454): updateNetworkScore for NetworkAgentInfo [WIFI () - 100] to 60
D/ConnectivityService(  454): NetworkAgentInfo [WIFI () - 100] EVENT_NETWORK_INFO_CHANGED, going from CONNECTING to CONNECTED
D/ConnectivityService(  454): Adding iface wlan0 to network 100
E/ConnectivityService(  454): Unexpected mtu value: 0, wlan0
D/ConnectivityService(  454): Adding Route [fe80::/64 -> :: wlan0] to network 100
D/ConnectivityService(  454): Adding Route [100.126.96.0/19 -> 0.0.0.0 wlan0] to network 100
D/ConnectivityService(  454): Adding Route [0.0.0.0/0 -> 100.126.96.1 wlan0] to network 100
D/ConnectivityService(  454): Setting Dns servers for network 100 to [/194.109.218.174, /194.109.218.175]
D/ConnectivityService(  454): notifyType IP_CHANGED for NetworkAgentInfo [WIFI () - 100]
D/ConnectivityService(  454): notifyType PRECHECK for NetworkAgentInfo [WIFI () - 100]
D/ConnectivityService(  454): rematching NetworkAgentInfo [WIFI () - 100]
D/ConnectivityService(  454):    accepting network in place of null
D/ConnectivityService(  454): Switching to new default network: NetworkAgentInfo{ ni{[type: WIFI[], state: CONNECTED/CONNECTED, reason: (unspecified), extra: "KPN", roaming: false, failover: false, isAvailable: true, isConnectedToProvisioningNetwork: false]}  network{100}  lp{{InterfaceName: wlan0 LinkAddresses: [fe80::522e:5cff:fee5:38b1/64,100.126.105.137/19,]  Routes: [fe80::/64 -> :: wlan0,100.126.96.0/19 -> 0.0.0.0 wlan0,0.0.0.0/0 -> 100.126.96.1 wlan0,] DnsAddresses: [194.109.218.174,194.109.218.175,] Domains: hotspots MTU: 0 TcpBufferSizes: 524288,1048576,2097152,262144,524288,1048576}}  nc{[ Transports: WIFI Capabilities: INTERNET&NOT_RESTRICTED&TRUSTED&NOT_VPN LinkUpBandwidth>=1048576Kbps LinkDnBandwidth>=1048576Kbps]}  Score{100}  everValidated{false}  lastValidated{false}  created{true}  explicitlySelected{true} }
D/ConnectivityService(  454): Setting tx/rx TCP buffers to 524288,1048576,2097152,262144,524288,1048576
D/ConnectivityService(  454): notifyType AVAILABLE for NetworkAgentInfo [WIFI () - 100]
D/CSLegacyTypeTracker(  454): Sending connected broadcast for type 1 NetworkAgentInfo [WIFI () - 100] isDefaultNetwork=true
D/ConnectivityService(  454): sendStickyBroadcast: action=android.net.conn.CONNECTIVITY_CHANGE_IMMEDIATE
D/ConnectivityService(  454): sendStickyBroadcast: action=android.net.conn.CONNECTIVITY_CHANGE
W/ResourcesManager( 1462): Asset path '/system/framework/com.android.media.remotedisplay.jar' does not exist or contains no resources.
W/ResourcesManager( 1462): Asset path '/system/framework/com.android.location.provider.jar' does not exist or contains no resources.
I/ActivityManager(  454): Start proc 4420:com.google.android.play.games.ui/u0a8 for content provider com.google.android.gms/.games.provider.NotificationStubContentProvider
W/ResourcesManager( 4420): Asset path '/system/framework/com.android.media.remotedisplay.jar' does not exist or contains no resources.
W/ResourcesManager( 4420): Asset path '/system/framework/com.android.location.provider.jar' does not exist or contains no resources.
D/ConnectivityService(  454): listenForNetwork for NetworkRequest [ id=11, legacyType=-1, [ Capabilities: INTERNET&NOT_RESTRICTED&TRUSTED&NOT_VPN] ]
D/ConnectivityService(  454): handleRegisterNetworkRequest checking NetworkAgentInfo [WIFI () - 100]
D/ConnectivityService(  454): apparently satisfied.  currentScore=100
W/ResourcesManager( 3016): Asset path '/system/framework/com.android.media.remotedisplay.jar' does not exist or contains no resources.
W/ResourcesManager( 3016): Asset path '/system/framework/com.android.location.provider.jar' does not exist or contains no resources.
D/ConnectivityService(  454): setProvNotificationVisibleIntent: E visible=true networkType=1 extraInfo="KPN"
D/ConnectivityService(  454): listenForNetwork for NetworkRequest [ id=12, legacyType=-1, [ Capabilities: INTERNET&NOT_RESTRICTED&TRUSTED] ]
D/ConnectivityService(  454): handleRegisterNetworkRequest checking NetworkAgentInfo [WIFI () - 100]
D/ConnectivityService(  454): apparently satisfied.  currentScore=100
I/ActivityManager(  454): START u0 {act=android.intent.action.SEND dat=netid:100 flg=0x10400000 cmp=com.android.captiveportallogin/.CaptivePortalLoginActivity} from uid 1000 on display 0
W/InputMethodManagerService(  454): Window already focused, ignoring focus gain of: com.android.internal.view.IInputMethodClient$Stub$Proxy@398e5fc0 attribute=null, token = android.os.BinderProxy@3044f027
V/WindowManager(  454): addAppToken: AppWindowToken{27beda9f token=Token{2c5adc3e ActivityRecord{314b74f9 u0 com.android.captiveportallogin/.CaptivePortalLoginActivity t4779}}} to stack=1 task=4779 at 0
V/WindowManager(  454): Adding window Window{33211884 u0 Starting com.android.captiveportallogin} at 2 of 14 (after Window{33b052d4 u0 com.google.android.googlequicksearchbox/com.google.android.launcher.GEL})
I/ActivityManager(  454): Start proc 4511:com.android.captiveportallogin/u0a33 for activity com.android.captiveportallogin/.CaptivePortalLoginActivity
V/ActivityManager(  454): Display changed displayId=0
D/ConnectivityService(  454): listenForNetwork for NetworkRequest [ id=13, legacyType=-1, [ Capabilities: INTERNET&NOT_RESTRICTED&TRUSTED] ]
D/ConnectivityService(  454): handleRegisterNetworkRequest checking NetworkAgentInfo [WIFI () - 100]
D/ConnectivityService(  454): apparently satisfied.  currentScore=100
D/ConnectivityService(  454): listenForNetwork for NetworkRequest [ id=14, legacyType=-1, [ Transports: WIFI Capabilities: NOT_RESTRICTED&TRUSTED&NOT_VPN] ]
D/ConnectivityService(  454): handleRegisterNetworkRequest checking NetworkAgentInfo [WIFI () - 100]
D/ConnectivityService(  454): apparently satisfied.  currentScore=100
V/WindowManager(  454): Adding window Window{55c3511 u0 com.android.captiveportallogin/com.android.captiveportallogin.CaptivePortalLoginActivity} at 2 of 15 (before Window{33211884 u0 Starting com.android.captiveportallogin})
D/ConnectivityService(  454): listenForNetwork for NetworkRequest [ id=15, legacyType=-1, [ Capabilities: INTERNET&NOT_RESTRICTED&TRUSTED] ]
D/ConnectivityService(  454): handleRegisterNetworkRequest checking NetworkAgentInfo [WIFI () - 100]
D/ConnectivityService(  454): apparently satisfied.  currentScore=100
D/ConnectivityService(  454): releasing NetworkRequest NetworkRequest [ id=14, legacyType=-1, [ Transports: WIFI Capabilities: NOT_RESTRICTED&TRUSTED&NOT_VPN] ]
D/ConnectivityService(  454): setProvNotificationVisibleIntent: E visible=false networkType=0 extraInfo=null
D/ConnectivityService(  454): Validated NetworkAgentInfo [WIFI () - 100]
D/ConnectivityService(  454): rematching NetworkAgentInfo [WIFI () - 100]
D/ConnectivityService(  454): Network NetworkAgentInfo [WIFI () - 100] was already satisfying request 1. No change.
D/ConnectivityService(  454): notifyType AVAILABLE for NetworkAgentInfo [WIFI () - 100]
D/ConnectivityService(  454): sendStickyBroadcast: action=android.net.conn.INET_CONDITION_ACTION
D/WifiService(  454): acquireWifiLockLocked: WifiLock{NlpWifiLock type=2 binder=android.os.BinderProxy@25c5506a}
D/WifiService(  454): releaseWifiLockLocked: WifiLock{NlpWifiLock type=2 binder=android.os.BinderProxy@25c5506a}
I/ActivityManager(  454): Start proc 4866:com.google.android.youtube/u0a81 for service com.google.android.youtube/com.google.android.libraries.youtube.common.gcore.gcoreclient.gcm.impl.GcmTaskServiceDelegator
W/ResourcesManager( 4866): Asset path '/system/framework/com.android.media.remotedisplay.jar' does not exist or contains no resources.
