I/UsageStatsService(  451): User[0] Flushing usage stats to disk
I/ValidateNoPeople(  451): skipping global notification
I/PowerManagerService(  451): Going to sleep due to screen timeout (uid 1000)...
I/PowerManagerService(  451): Sleeping (uid 1000)...
I/DisplayManagerService(  451): Display device changed: DisplayDeviceInfo{"Built-in Screen": uniqueId="local:0", 1536 x 2048, 59.0 fps, supportedRefreshRates [59.0], density 320, 288.995 x 288.995 dpi, appVsyncOff 0, presDeadline 17949152, touch INTERNAL, rotation 0, type BUILT_IN, state OFF, FLAG_DEFAULT_DISPLAY, FLAG_ROTATES_WITH_CONTENT, FLAG_SECURE, FLAG_SUPPORTS_PROTECTED_BUFFERS}
V/ActivityManager(  451): Display changed displayId=0
D/WifiService(  451): acquireWifiLockLocked: WifiLock{NlpWifiLock type=2 binder=android.os.BinderProxy@3e2e780d}
D/WifiService(  451): releaseWifiLockLocked: WifiLock{NlpWifiLock type=2 binder=android.os.BinderProxy@3e2e780d}
D/WifiService(  451): acquireWifiLockLocked: WifiLock{NlpWifiLock type=2 binder=android.os.BinderProxy@238f1ce6}
D/WifiService(  451): releaseWifiLockLocked: WifiLock{NlpWifiLock type=2 binder=android.os.BinderProxy@238f1ce6}
D/WifiService(  451): acquireWifiLockLocked: WifiLock{NlpWifiLock type=2 binder=android.os.BinderProxy@238f1ce6}
D/WifiService(  451): releaseWifiLockLocked: WifiLock{NlpWifiLock type=2 binder=android.os.BinderProxy@238f1ce6}
I/PowerManagerService(  451): Waking up from sleep (uid 1000)...
I/DisplayPowerController(  451): Blocking screen on until initial contents have been drawn.
I/DisplayManagerService(  451): Display device changed: DisplayDeviceInfo{"Built-in Screen": uniqueId="local:0", 1536 x 2048, 59.0 fps, supportedRefreshRates [59.0], density 320, 288.995 x 288.995 dpi, appVsyncOff 0, presDeadline 17949152, touch INTERNAL, rotation 0, type BUILT_IN, state ON, FLAG_DEFAULT_DISPLAY, FLAG_ROTATES_WITH_CONTENT, FLAG_SECURE, FLAG_SUPPORTS_PROTECTED_BUFFERS}
V/ActivityManager(  451): Display changed displayId=0
I/DisplayPowerController(  451): Unblocked screen on after 157 ms
D/WifiService(  451): acquireWifiLockLocked: WifiLock{NlpWifiLock type=2 binder=android.os.BinderProxy@238f1ce6}
I/ActivityManager(  451): START u0 {flg=0x10800000 cmp=com.estrongs.android.pop/.app.RemainTransitionActivity} from uid 10089 on display 0
V/WindowManager(  451): addAppToken: AppWindowToken{7eafbc0 token=Token{3f063943 ActivityRecord{3be7bef2 u0 com.estrongs.android.pop/.app.RemainTransitionActivity t3361}}} to stack=1 task=3361 at 0
V/ActivityManager(  451): Display changed displayId=0
D/WifiService(  451): releaseWifiLockLocked: WifiLock{NlpWifiLock type=2 binder=android.os.BinderProxy@238f1ce6}
W/InputMethodManagerService(  451): Window already focused, ignoring focus gain of: com.android.internal.view.IInputMethodClient$Stub$Proxy@1d89c8a2 attribute=null, token = android.os.BinderProxy@1d2c95b
I/ValidateNoPeople(  451): skipping global notification
I/PowerManagerService(  451): Going to sleep due to screen timeout (uid 1000)...
I/PowerManagerService(  451): Sleeping (uid 1000)...
I/DisplayManagerService(  451): Display device changed: DisplayDeviceInfo{"Built-in Screen": uniqueId="local:0", 1536 x 2048, 59.0 fps, supportedRefreshRates [59.0], density 320, 288.995 x 288.995 dpi, appVsyncOff 0, presDeadline 17949152, touch INTERNAL, rotation 0, type BUILT_IN, state OFF, FLAG_DEFAULT_DISPLAY, FLAG_ROTATES_WITH_CONTENT, FLAG_SECURE, FLAG_SUPPORTS_PROTECTED_BUFFERS}
V/ActivityManager(  451): Display changed displayId=0
D/WifiService(  451): acquireWifiLockLocked: WifiLock{NlpWifiLock type=2 binder=android.os.BinderProxy@238f1ce6}
D/WifiService(  451): releaseWifiLockLocked: WifiLock{NlpWifiLock type=2 binder=android.os.BinderProxy@238f1ce6}
D/WifiService(  451): acquireWifiLockLocked: WifiLock{NlpWifiLock type=2 binder=android.os.BinderProxy@238f1ce6}
D/WifiService(  451): releaseWifiLockLocked: WifiLock{NlpWifiLock type=2 binder=android.os.BinderProxy@238f1ce6}
D/WifiService(  451): acquireWifiLockLocked: WifiLock{NlpWifiLock type=2 binder=android.os.BinderProxy@238f1ce6}
D/WifiService(  451): releaseWifiLockLocked: WifiLock{NlpWifiLock type=2 binder=android.os.BinderProxy@238f1ce6}
D/WifiService(  451): acquireWifiLockLocked: WifiLock{NlpWifiLock type=2 binder=android.os.BinderProxy@3c58cac}
D/WifiService(  451): releaseWifiLockLocked: WifiLock{NlpWifiLock type=2 binder=android.os.BinderProxy@3c58cac}
D/WifiService(  451): acquireWifiLockLocked: WifiLock{NlpWifiLock type=2 binder=android.os.BinderProxy@3c58cac}
D/WifiService(  451): releaseWifiLockLocked: WifiLock{NlpWifiLock type=2 binder=android.os.BinderProxy@3c58cac}
D/WifiService(  451): acquireWifiLockLocked: WifiLock{NlpWifiLock type=2 binder=android.os.BinderProxy@3c58cac}
D/WifiService(  451): releaseWifiLockLocked: WifiLock{NlpWifiLock type=2 binder=android.os.BinderProxy@3c58cac}
D/WifiService(  451): acquireWifiLockLocked: WifiLock{NlpWifiLock type=2 binder=android.os.BinderProxy@1afdbb4b}
D/WifiService(  451): releaseWifiLockLocked: WifiLock{NlpWifiLock type=2 binder=android.os.BinderProxy@1afdbb4b}
D/WifiService(  451): acquireWifiLockLocked: WifiLock{NlpWifiLock type=2 binder=android.os.BinderProxy@1afdbb4b}
D/WifiService(  451): releaseWifiLockLocked: WifiLock{NlpWifiLock type=2 binder=android.os.BinderProxy@1afdbb4b}
I/ActivityManager(  451): Start proc 18910:com.google.android.talk/u0a13 for service com.google.android.talk/com.google.android.apps.hangouts.concurrent.impl.GcmTriggeredNotifier
W/ResourcesManager(18910): Asset path '/system/framework/com.google.android.media.effects.jar' does not exist or contains no resources.
D/VoldCmdListener(  151): cryptfs getpwtype
D/WifiService(  451): acquireWifiLockLocked: WifiLock{NlpWifiLock type=2 binder=android.os.BinderProxy@3b596ce7}
D/WifiService(  451): releaseWifiLockLocked: WifiLock{NlpWifiLock type=2 binder=android.os.BinderProxy@3b596ce7}
I/PowerManagerService(  451): Waking up from sleep (uid 1000)...
I/DisplayPowerController(  451): Blocking screen on until initial contents have been drawn.
I/DisplayManagerService(  451): Display device changed: DisplayDeviceInfo{"Built-in Screen": uniqueId="local:0", 1536 x 2048, 59.0 fps, supportedRefreshRates [59.0], density 320, 288.995 x 288.995 dpi, appVsyncOff 0, presDeadline 17949152, touch INTERNAL, rotation 0, type BUILT_IN, state ON, FLAG_DEFAULT_DISPLAY, FLAG_ROTATES_WITH_CONTENT, FLAG_SECURE, FLAG_SUPPORTS_PROTECTED_BUFFERS}
V/ActivityManager(  451): Display changed displayId=0
V/ActivityManager(  451): Display changed displayId=0
I/EntropyMixer(  451): Writing entropy...
I/DisplayPowerController(  451): Unblocked screen on after 150 ms
I/ValidateNoPeople(  451): skipping global notification
I/ValidateNoPeople(  451): skipping global notification
V/DeadZone(  627): consuming errant click: (15.104555,45.0166)
D/WifiService(  451): acquireWifiLockLocked: WifiLock{NlpWifiLock type=2 binder=android.os.BinderProxy@3b596ce7}
V/ActivityManager(  451): Display changed displayId=0
I/ActivityManager(  451): Config changes=480 {1.0 ?mcc?mnc en_US ldltr sw768dp w768dp h951dp 320dpi xlrg port finger -keyb/v/h -nav/h s.37}
V/WindowManager(  451): Adding window Window{37cb9b80 u0 com.google.android.googlequicksearchbox/com.google.android.launcher.GEL} at 4 of 17 (after Window{91c7c66 u0 com.android.systemui/com.android.systemui.recents.RecentsActivity})
I/WindowManager(  451): Screen frozen for +1s89ms due to Window{37cb9b80 u0 com.google.android.googlequicksearchbox/com.google.android.launcher.GEL}
D/WifiService(  451): releaseWifiLockLocked: WifiLock{NlpWifiLock type=2 binder=android.os.BinderProxy@3b596ce7}
W/Telecom (  451): TelecomServiceImpl: null is not visible for the calling user
I/ValidateNoPeople(  451): skipping global notification
D/WifiService(  451): acquireWifiLockLocked: WifiLock{NlpWifiLock type=2 binder=android.os.BinderProxy@389ede71}
D/WifiService(  451): releaseWifiLockLocked: WifiLock{NlpWifiLock type=2 binder=android.os.BinderProxy@389ede71}
D/WifiService(  451): acquireWifiLockLocked: WifiLock{NlpWifiLock type=2 binder=android.os.BinderProxy@145ee869}
D/WifiService(  451): releaseWifiLockLocked: WifiLock{NlpWifiLock type=2 binder=android.os.BinderProxy@145ee869}
I/ActivityManager(  451): Killing 16734:com.google.android.gms:snet/u0a8 (adj 15): empty for 1849s
I/ValidateNoPeople(  451): skipping global notification
I/EntropyMixer(  451): Writing entropy...
D/WifiService(  451): acquireWifiLockLocked: WifiLock{NlpWifiLock type=2 binder=android.os.BinderProxy@145ee869}
D/WifiService(  451): releaseWifiLockLocked: WifiLock{NlpWifiLock type=2 binder=android.os.BinderProxy@145ee869}
I/ActivityManager(  451): START u0 {act=com.android.systemui.recents.SHOW_RECENTS flg=0x10804000 cmp=com.android.systemui/.recents.RecentsActivity} from uid 10022 on display 0
D/TaskPersister(  451): removeObsoleteFile: deleting file=3354_task.xml
I/ActivityManager(  451): Killing 17899:com.google.android.youtube/u0a81 (adj 15): empty for 1868s
D/ConnectivityService(  451): ConnectivityService NetworkRequestInfo binderDied(NetworkRequest [ id=330, legacyType=-1, [ Capabilities: INTERNET&NOT_RESTRICTED&TRUSTED] ], android.os.BinderProxy@1c305b0e)
D/ConnectivityService(  451): releasing NetworkRequest NetworkRequest [ id=330, legacyType=-1, [ Capabilities: INTERNET&NOT_RESTRICTED&TRUSTED] ]
E/ConnectivityService(  451): RemoteException caught trying to send a callback msg for NetworkRequest [ id=330, legacyType=-1, [ Capabilities: INTERNET&NOT_RESTRICTED&TRUSTED] ]
I/ActivityManager(  451): Killing 11281:com.android.chrome:privileged_process0/u0a35 (adj 9): remove task
I/ActivityManager(  451): Killing 11209:com.android.chrome/u0a35 (adj 9): remove task
I/WindowState(  451): WIN DEATH: Window{1a728439 u0 com.android.chrome/org.chromium.chrome.browser.ChromeTabbedActivity}
W/WindowManager(  451): Force-removing child win Window{1c9a8c51 u0 SurfaceView} from container Window{1a728439 u0 com.android.chrome/org.chromium.chrome.browser.ChromeTabbedActivity}
D/ConnectivityService(  451): ConnectivityService NetworkRequestInfo binderDied(NetworkRequest [ id=314, legacyType=-1, [ Capabilities: INTERNET&NOT_RESTRICTED&TRUSTED] ], android.os.BinderProxy@3729392f)
D/ConnectivityService(  451): releasing NetworkRequest NetworkRequest [ id=314, legacyType=-1, [ Capabilities: INTERNET&NOT_RESTRICTED&TRUSTED] ]
E/ConnectivityService(  451): RemoteException caught trying to send a callback msg for NetworkRequest [ id=314, legacyType=-1, [ Capabilities: INTERNET&NOT_RESTRICTED&TRUSTED] ]
W/WindowManager(  451): Failed looking up window
W/WindowManager(  451): java.lang.IllegalArgumentException: Requested window android.os.BinderProxy@18c85d78 does not exist
W/WindowManager(  451): 	at com.android.server.wm.WindowManagerService.windowForClientLocked(WindowManagerService.java:8539)
W/WindowManager(  451): 	at com.android.server.wm.WindowManagerService.windowForClientLocked(WindowManagerService.java:8530)
W/WindowManager(  451): 	at com.android.server.wm.WindowState$DeathRecipient.binderDied(WindowState.java:1142)
W/WindowManager(  451): 	at android.os.BinderProxy.sendDeathNotice(Binder.java:551)
I/WindowState(  451): WIN DEATH: null
I/ActivityManager(  451): Killing 11239:com.android.chrome:sandboxed_process0/u0a35i314 (adj 9): remove task
W/libprocessgroup(  451): failed to open /acct/uid_10035/pid_11239/cgroup.procs: No such file or directory
W/ActivityManager(  451): Scheduling restart of crashed service com.android.chrome/org.chromium.content.app.PrivilegedProcessService0 in 1000ms
W/ActivityManager(  451): Scheduling restart of crashed service com.android.chrome/org.chromium.content.app.SandboxedProcessService0 in 11000ms
I/ActivityManager(  451): START u0 {act=android.intent.action.MAIN cat=[android.intent.category.HOME] flg=0x10200000 cmp=com.google.android.googlequicksearchbox/com.google.android.launcher.GEL} from uid 10022 on display 0
D/TaskPersister(  451): removeObsoleteFile: deleting file=3356_task.xml
D/TaskPersister(  451): removeObsoleteFile: deleting file=3356_task_thumbnail.png
I/ActivityManager(  451): START u0 {act=com.android.systemui.recents.SHOW_RECENTS flg=0x10804000 cmp=com.android.systemui/.recents.RecentsActivity} from uid 10022 on display 0
I/ActivityManager(  451): START u0 {act=android.intent.action.MAIN cat=[android.intent.category.HOME] flg=0x10200000 cmp=com.google.android.googlequicksearchbox/com.google.android.launcher.GEL} from uid 10022 on display 0
I/ActivityManager(  451): START u0 {act=android.intent.action.MAIN cat=[android.intent.category.LAUNCHER] flg=0x10200000 cmp=com.android.chrome/com.google.android.apps.chrome.Main bnds=[464,1773][678,1941] (has extras)} from uid 10024 on display 0
V/WindowManager(  451): addAppToken: AppWindowToken{167bedf6 token=Token{9935a91 ActivityRecord{8867cb8 u0 com.android.chrome/com.google.android.apps.chrome.Main t3362}}} to stack=1 task=3362 at 0
I/ActivityManager(  451): Start proc 19172:com.android.chrome/u0a35 for activity com.android.chrome/com.google.android.apps.chrome.Main
W/ResourcesManager(19172): Asset path '/system/framework/com.android.media.remotedisplay.jar' does not exist or contains no resources.
W/ResourcesManager(19172): Asset path '/system/framework/com.android.location.provider.jar' does not exist or contains no resources.
I/ActivityManager(  451): START u0 {act=android.intent.action.MAIN cat=[android.intent.category.LAUNCHER] flg=0x14002000 cmp=com.android.chrome/org.chromium.chrome.browser.ChromeTabbedActivity bnds=[464,1773][678,1941] (has extras)} from uid 10035 on display 0
V/WindowManager(  451): addAppToken: AppWindowToken{22d32cef token=Token{3ebec5ce ActivityRecord{132dcac9 u0 com.android.chrome/org.chromium.chrome.browser.ChromeTabbedActivity t3363}}} to stack=1 task=3363 at 0
V/WindowManager(  451): Based on layer: Adding window Window{361bf694 u0 Starting com.android.chrome} at 3 of 16
V/WindowManager(  451): Adding window Window{d093bd7 u0 com.android.chrome/org.chromium.chrome.browser.ChromeTabbedActivity} at 3 of 17 (before Window{361bf694 u0 Starting com.android.chrome})
I/ActivityManager(  451): Start proc 19205:com.android.chrome:sandboxed_process0/u0i315 for service com.android.chrome/org.chromium.content.app.SandboxedProcessService0
V/WindowManager(  451): Adding window Window{e95130 u0 SurfaceView} at 3 of 18 (before Window{d093bd7 u0 com.android.chrome/org.chromium.chrome.browser.ChromeTabbedActivity})
I/ActivityManager(  451): Start proc 19249:com.android.chrome:privileged_process0/u0a35 for service com.android.chrome/org.chromium.content.app.PrivilegedProcessService0
D/ConnectivityService(  451): listenForNetwork for NetworkRequest [ id=331, legacyType=-1, [ Capabilities: INTERNET&NOT_RESTRICTED&TRUSTED] ]
D/ConnectivityService(  451): listenForNetwork for NetworkRequest [ id=332, legacyType=-1, [ Capabilities: INTERNET&NOT_RESTRICTED&TRUSTED] ]
I/ActivityManager(  451): START u0 {act=com.android.systemui.recents.SHOW_RECENTS flg=0x10804000 cmp=com.android.systemui/.recents.RecentsActivity} from uid 10022 on display 0
D/ConnectivityService(  451): releasing NetworkRequest NetworkRequest [ id=332, legacyType=-1, [ Capabilities: INTERNET&NOT_RESTRICTED&TRUSTED] ]
W/InputMethodManagerService(  451): Starting input on non-focused client com.android.internal.view.IInputMethodClient$Stub$Proxy@2e0e9633 (uid=10035 pid=19172)
I/ActivityManager(  451): Start proc 19280:com.google.android.partnersetup/u0a12 for content provider com.google.android.partnersetup/.RlzAppProvider
I/ActivityManager(  451): Start proc 19316:com.android.providers.partnerbookmarks/u0a65 for content provider com.android.providers.partnerbookmarks/.PartnerBookmarksProvider
I/ActivityManager(  451): Killing 19249:com.android.chrome:privileged_process0/u0a35 (adj 9): remove task
I/ActivityManager(  451): Killing 19172:com.android.chrome/u0a35 (adj 9): remove task
D/ConnectivityService(  451): ConnectivityService NetworkRequestInfo binderDied(NetworkRequest [ id=331, legacyType=-1, [ Capabilities: INTERNET&NOT_RESTRICTED&TRUSTED] ], android.os.BinderProxy@39fb7e05)
D/ConnectivityService(  451): releasing NetworkRequest NetworkRequest [ id=331, legacyType=-1, [ Capabilities: INTERNET&NOT_RESTRICTED&TRUSTED] ]
E/ConnectivityService(  451): RemoteException caught trying to send a callback msg for NetworkRequest [ id=331, legacyType=-1, [ Capabilities: INTERNET&NOT_RESTRICTED&TRUSTED] ]
I/ActivityManager(  451): Killing 19205:com.android.chrome:sandboxed_process0/u0a35i315 (adj 9): remove task
W/libprocessgroup(  451): failed to open /acct/uid_10035/pid_19205/cgroup.procs: No such file or directory
W/ActivityManager(  451): Scheduling restart of crashed service com.android.chrome/org.chromium.content.app.SandboxedProcessService0 in 1000ms
W/ActivityManager(  451): Scheduling restart of crashed service com.android.chrome/org.chromium.content.app.PrivilegedProcessService0 in 1000ms
I/ActivityManager(  451): START u0 {act=android.intent.action.MAIN cat=[android.intent.category.HOME] flg=0x10200000 cmp=com.google.android.googlequicksearchbox/com.google.android.launcher.GEL} from uid 10022 on display 0
D/TaskPersister(  451): removeObsoleteFile: deleting file=3363_task.xml
D/TaskPersister(  451): removeObsoleteFile: deleting file=3363_task_thumbnail.png
I/ActivityManager(  451): START u0 {act=android.intent.action.MAIN cat=[android.intent.category.LAUNCHER] flg=0x10200000 cmp=com.halfbrick.fruitninjafree/com.halfbrick.mortar.MortarGameLauncherActivity bnds=[512,1116][768,1418] (has extras)} from uid 10024 on display 0
V/WindowManager(  451): addAppToken: AppWindowToken{3bce8098 token=Token{22d3ea7b ActivityRecord{f35120a u0 com.halfbrick.fruitninjafree/com.halfbrick.mortar.MortarGameLauncherActivity t3364}}} to stack=1 task=3364 at 0
V/WindowManager(  451): Adding window Window{ed01d29 u0 Starting com.halfbrick.fruitninjafree} at 3 of 16 (after Window{37cb9b80 u0 com.google.android.googlequicksearchbox/com.google.android.launcher.GEL})
I/ActivityManager(  451): Start proc 19349:com.halfbrick.fruitninjafree/u0a83 for activity com.halfbrick.fruitninjafree/com.halfbrick.mortar.MortarGameLauncherActivity
W/ResourcesManager(19349): Asset path '/system/framework/com.android.media.remotedisplay.jar' does not exist or contains no resources.
W/ResourcesManager(19349): Asset path '/system/framework/com.android.location.provider.jar' does not exist or contains no resources.
I/WindowManager(  451): Screenshot max retries 4 of Token{22d3ea7b ActivityRecord{f35120a u0 com.halfbrick.fruitninjafree/com.halfbrick.mortar.MortarGameLauncherActivity t3364 f}} appWin=Window{ed01d29 u0 Starting com.halfbrick.fruitninjafree} drawState=4
I/ActivityManager(  451): START u0 {cmp=com.halfbrick.fruitninjafree/com.halfbrick.mortar.MortarGameActivity} from uid 10083 on display 0
V/WindowManager(  451): addAppToken: AppWindowToken{1c25099d token=Token{3f5c9074 ActivityRecord{306b2047 u0 com.halfbrick.fruitninjafree/com.halfbrick.mortar.MortarGameActivity t3365}}} to stack=1 task=3365 at 0
V/WindowManager(  451): Adding window Window{1a057a0c u0 Starting com.halfbrick.fruitninjafree} at 4 of 17 (after Window{ed01d29 u0 Starting com.halfbrick.fruitninjafree})
I/ActivityManager(  451): Config changes=480 {1.0 ?mcc?mnc en_US ldltr sw768dp w1024dp h695dp 320dpi xlrg land finger -keyb/v/h -nav/h s.38}
V/ActivityManager(  451): Display changed displayId=0
V/WindowManager(  451): Adding window Window{3c1e860e u0 com.halfbrick.fruitninjafree/com.halfbrick.mortar.MortarGameActivity} at 3 of 17 (before Window{1a057a0c u0 Starting com.halfbrick.fruitninjafree})
V/WindowManager(  451): Adding window Window{1f72784b u0 SurfaceView} at 3 of 18 (before Window{3c1e860e u0 com.halfbrick.fruitninjafree/com.halfbrick.mortar.MortarGameActivity})
V/WindowManager(  451): Layouts looping: On entry to LockedInner, mPendingLayoutChanges = 0x1
V/WindowManager(  451): Layouts looping: loop number 4, mPendingLayoutChanges = 0x0
V/WindowManager(  451): Layouts looping: after finishPostLayoutPolicyLw, mPendingLayoutChanges = 0x0
V/WindowManager(  451): Layouts looping: mLayoutNeeded, mPendingLayoutChanges = 0x1
V/WindowManager(  451): Layouts looping: On entry to LockedInner, mPendingLayoutChanges = 0x1
V/WindowManager(  451): Layouts looping: loop number 5, mPendingLayoutChanges = 0x0
V/WindowManager(  451): Layouts looping: after finishPostLayoutPolicyLw, mPendingLayoutChanges = 0x0
V/WindowManager(  451): Layouts looping: mLayoutNeeded, mPendingLayoutChanges = 0x1
E/WindowManager(  451): Performed 6 layouts in a row. Skipping
I/WindowManager(  451): Screen frozen for +947ms due to Window{1a057a0c u0 Starting com.halfbrick.fruitninjafree}
W/ResourcesManager(19349): Asset path '/system/framework/com.android.media.remotedisplay.jar' does not exist or contains no resources.
W/ResourcesManager(19349): Asset path '/system/framework/com.android.location.provider.jar' does not exist or contains no resources.
D/WifiService(  451): acquireWifiLockLocked: WifiLock{NlpWifiLock type=2 binder=android.os.BinderProxy@1ce67191}
I/ActivityManager(  451): Start proc 19478:com.android.vending/u0a18 for service com.android.vending/com.google.android.finsky.billing.iab.InAppBillingService
D/WifiService(  451): releaseWifiLockLocked: WifiLock{NlpWifiLock type=2 binder=android.os.BinderProxy@1ce67191}
D/ConnectivityService(  451): listenForNetwork for NetworkRequest [ id=333, legacyType=-1, [ Capabilities: INTERNET&NOT_RESTRICTED&TRUSTED] ]
V/WindowManager(  451): not Base app: Adding window Window{351e3e19 u0 com.halfbrick.fruitninjafree/com.halfbrick.mortar.MortarGameActivity} at 5 of 18
W/InputMethodManagerService(  451): Window already focused, ignoring focus gain of: com.android.internal.view.IInputMethodClient$Stub$Proxy@380f6aea attribute=null, token = android.os.BinderProxy@1daf6409
V/WindowManager(  451): Adding window Window{4881231 u0 com.google.android.googlequicksearchbox/com.google.android.launcher.GEL} at 4 of 17 (after Window{91c7c66 u0 com.android.systemui/com.android.systemui.recents.RecentsActivity})
D/WifiService(  451): acquireWifiLockLocked: WifiLock{NlpWifiLock type=2 binder=android.os.BinderProxy@1ce67191}
I/WindowState(  451): WIN DEATH: Window{3c1e860e u0 com.halfbrick.fruitninjafree/com.halfbrick.mortar.MortarGameActivity}
W/WindowManager(  451): Force-removing child win Window{1f72784b u0 SurfaceView} from container Window{3c1e860e u0 com.halfbrick.fruitninjafree/com.halfbrick.mortar.MortarGameActivity}
W/WindowManager(  451): Failed looking up window
W/WindowManager(  451): java.lang.IllegalArgumentException: Requested window android.os.BinderProxy@2140f51a does not exist
W/WindowManager(  451): 	at com.android.server.wm.WindowManagerService.windowForClientLocked(WindowManagerService.java:8539)
W/WindowManager(  451): 	at com.android.server.wm.WindowManagerService.windowForClientLocked(WindowManagerService.java:8530)
W/WindowManager(  451): 	at com.android.server.wm.WindowState$DeathRecipient.binderDied(WindowState.java:1142)
W/WindowManager(  451): 	at android.os.BinderProxy.sendDeathNotice(Binder.java:551)
I/WindowState(  451): WIN DEATH: null
I/ActivityManager(  451): Process com.halfbrick.fruitninjafree (pid 19349) has died
I/ActivityManager(  451): START u0 {act=com.android.systemui.recents.SHOW_RECENTS flg=0x10804000 cmp=com.android.systemui/.recents.RecentsActivity} from uid 10022 on display 0
I/UsageStatsService(  451): User[0] Flushing usage stats to disk
V/WindowManager(  451): Adding window Window{1bc0ad0a u0 com.android.systemui/com.android.systemui.recents.RecentsActivity} at 2 of 15 (after Window{4881231 u0 com.google.android.googlequicksearchbox/com.google.android.launcher.GEL})
I/ActivityManager(  451): START u0 {act=android.intent.action.MAIN cat=[android.intent.category.HOME] flg=0x10200000 cmp=com.google.android.googlequicksearchbox/com.google.android.launcher.GEL} from uid 10022 on display 0
D/WifiService(  451): releaseWifiLockLocked: WifiLock{NlpWifiLock type=2 binder=android.os.BinderProxy@1ce67191}
D/TaskPersister(  451): removeObsoleteFile: deleting file=3365_task.xml
D/TaskPersister(  451): removeObsoleteFile: deleting file=3365_task_thumbnail.png
V/ActivityManager(  451): Display changed displayId=0
I/ActivityManager(  451): Config changes=480 {1.0 ?mcc?mnc en_US ldltr sw768dp w768dp h951dp 320dpi xlrg port finger -keyb/v/h -nav/h s.39}
V/WindowManager(  451): Adding window Window{16734759 u0 com.google.android.googlequicksearchbox/com.google.android.launcher.GEL} at 2 of 16 (after Window{1bc0ad0a u0 com.android.systemui/com.android.systemui.recents.RecentsActivity})
I/WindowManager(  451): Screen frozen for +416ms due to Window{16734759 u0 com.google.android.googlequicksearchbox/com.google.android.launcher.GEL}
I/ActivityManager(  451): Start proc 19717:com.halfbrick.fruitninjafree/u0a83 for broadcast com.halfbrick.fruitninjafree/com.otherlevels.android.sdk.ServiceReceiver
W/ResourcesManager(19717): Asset path '/system/framework/com.android.media.remotedisplay.jar' does not exist or contains no resources.
W/ResourcesManager(19717): Asset path '/system/framework/com.android.location.provider.jar' does not exist or contains no resources.
I/ActivityManager(  451): Killing 17803:com.google.android.instantapps.supervisor/u0a90 (adj 15): empty for 1804s
I/ActivityManager(  451): Waited long enough for: ServiceRecord{300a270b u0 com.halfbrick.fruitninjafree/com.otherlevels.android.sdk.OLService}
I/ProcessStatsService(  451): Prepared write state in 8ms
I/EntropyMixer(  451): Writing entropy...
I/ValidateNoPeople(  451): skipping global notification
I/ValidateNoPeople(  451): skipping global notification
W/BroadcastQueue(  451): Skipping deliver [background] BroadcastRecord{d19fac0 u-1 android.net.conn.CONNECTIVITY_CHANGE} to ReceiverList{2ef673f9 20726 (unknown name)/2000/u-1 remote:f28e5f2}: process crashing
I/ActivityManager(  451): START u0 {act=android.intent.action.MAIN cat=[android.intent.category.LAUNCHER] flg=0x10200000 cmp=com.quicinc.trepn/.userinterface.main.TrepnActivity} from uid 2000 on display 0
V/WindowManager(  451): addAppToken: AppWindowToken{390402ec token=Token{2e47719f ActivityRecord{1db6f3e u0 com.quicinc.trepn/.userinterface.main.TrepnActivity t3366}}} to stack=1 task=3366 at 0
V/WindowManager(  451): Adding window Window{278ff597 u0 Starting com.quicinc.trepn} at 3 of 16 (after Window{16734759 u0 com.google.android.googlequicksearchbox/com.google.android.launcher.GEL})
V/WindowManager(  451): Adding window Window{2e90fa u0 com.quicinc.trepn/com.quicinc.trepn.userinterface.main.TrepnActivity} at 3 of 17 (before Window{278ff597 u0 Starting com.quicinc.trepn})
I/ActivityManager(  451): Force stopping com.quicinc.trepn appid=10091 user=0: from pid 20778
I/ActivityManager(  451): Killing 11161:com.quicinc.trepn/u0a91 (adj 0): stop com.quicinc.trepn
I/WindowState(  451): WIN DEATH: Window{2e90fa u0 com.quicinc.trepn/com.quicinc.trepn.userinterface.main.TrepnActivity}
W/ActivityManager(  451): Scheduling restart of crashed service com.quicinc.trepn/.TrepnService in 1000ms
W/ActivityManager(  451): Force removing ActivityRecord{1db6f3e u0 com.quicinc.trepn/.userinterface.main.TrepnActivity t3366}: app died, no saved state
I/ActivityManager(  451):   Force stopping service ServiceRecord{11ac3f12 u0 com.quicinc.trepn/.TrepnService}
W/ActivityManager(  451): Spurious death for ProcessRecord{90193f0 11161:com.quicinc.trepn/u0a91}, curProc for 11161: null
W/InputMethodManagerService(  451): Got RemoteException sending setActive(false) notification to pid 11161 uid 10091
D/WifiService(  451): acquireWifiLockLocked: WifiLock{NlpWifiLock type=2 binder=android.os.BinderProxy@2c624c05}
D/WifiService(  451): releaseWifiLockLocked: WifiLock{NlpWifiLock type=2 binder=android.os.BinderProxy@2c624c05}
I/ActivityManager(  451): Start proc 20815:com.quicinc.trepn/u0a91 for service com.quicinc.trepn/.TrepnService
I/ActivityManager(  451): Force stopping com.android.chrome appid=10035 user=0: from pid 20847
I/ActivityManager(  451): START u0 {act=android.intent.action.VIEW flg=0x10008000 cmp=com.android.chrome/com.google.android.apps.chrome.Main} from uid 2000 on display 0
V/WindowManager(  451): addAppToken: AppWindowToken{2a54936a token=Token{26c21d55 ActivityRecord{3067400c u0 com.android.chrome/com.google.android.apps.chrome.Main t3367}}} to stack=1 task=3367 at 0
I/ActivityManager(  451): Start proc 20859:com.android.chrome/u0a35 for activity com.android.chrome/com.google.android.apps.chrome.Main
W/ResourcesManager(20859): Asset path '/system/framework/com.android.media.remotedisplay.jar' does not exist or contains no resources.
W/ResourcesManager(20859): Asset path '/system/framework/com.android.location.provider.jar' does not exist or contains no resources.
I/ActivityManager(  451): START u0 {act=android.intent.action.VIEW flg=0x14002000 cmp=com.android.chrome/org.chromium.chrome.browser.ChromeTabbedActivity (has extras)} from uid 10035 on display 0
V/WindowManager(  451): addAppToken: AppWindowToken{35cd5fd3 token=Token{26f025c2 ActivityRecord{3111a20d u0 com.android.chrome/org.chromium.chrome.browser.ChromeTabbedActivity t3368}}} to stack=1 task=3368 at 0
V/WindowManager(  451): Based on layer: Adding window Window{2473e828 u0 Starting com.android.chrome} at 3 of 17
V/WindowManager(  451): Adding window Window{1f5bb46c u0 com.android.chrome/org.chromium.chrome.browser.ChromeTabbedActivity} at 3 of 18 (before Window{2473e828 u0 Starting com.android.chrome})
I/ActivityManager(  451): Start proc 20885:com.android.chrome:sandboxed_process0/u0i316 for service com.android.chrome/org.chromium.content.app.SandboxedProcessService0
V/WindowManager(  451): Adding window Window{f562504 u0 SurfaceView} at 3 of 19 (before Window{1f5bb46c u0 com.android.chrome/org.chromium.chrome.browser.ChromeTabbedActivity})
I/ActivityManager(  451): Start proc 20922:com.android.chrome:privileged_process0/u0a35 for service com.android.chrome/org.chromium.content.app.PrivilegedProcessService0
D/ConnectivityService(  451): listenForNetwork for NetworkRequest [ id=334, legacyType=-1, [ Capabilities: INTERNET&NOT_RESTRICTED&TRUSTED] ]
D/ConnectivityService(  451): listenForNetwork for NetworkRequest [ id=335, legacyType=-1, [ Capabilities: INTERNET&NOT_RESTRICTED&TRUSTED] ]
I/ActivityManager(  451): Start proc 21014:com.android.chrome:sandboxed_process1/u0i317 for service com.android.chrome/org.chromium.content.app.SandboxedProcessService1
I/ActivityManager(  451): Start proc 21036:com.android.chrome:sandboxed_process2/u0i318 for service com.android.chrome/org.chromium.content.app.SandboxedProcessService2
D/WifiService(  451): acquireWifiLockLocked: WifiLock{NlpWifiLock type=2 binder=android.os.BinderProxy@339f97a1}
D/WifiService(  451): releaseWifiLockLocked: WifiLock{NlpWifiLock type=2 binder=android.os.BinderProxy@339f97a1}
W/libprocessgroup(  451): failed to open /acct/uid_10035/pid_21036/cgroup.procs: No such file or directory
I/ActivityManager(  451): Process com.android.chrome:sandboxed_process2 (pid 21036) has died
W/ActivityManager(  451): Scheduling restart of crashed service com.android.chrome/org.chromium.content.app.SandboxedProcessService2 in 1000ms
D/WifiService(  451): acquireWifiLockLocked: WifiLock{NlpWifiLock type=2 binder=android.os.BinderProxy@339f97a1}
D/WifiService(  451): releaseWifiLockLocked: WifiLock{NlpWifiLock type=2 binder=android.os.BinderProxy@339f97a1}
D/WifiService(  451): acquireWifiLockLocked: WifiLock{NlpWifiLock type=2 binder=android.os.BinderProxy@339f97a1}
D/WifiService(  451): releaseWifiLockLocked: WifiLock{NlpWifiLock type=2 binder=android.os.BinderProxy@339f97a1}
D/WifiService(  451): acquireWifiLockLocked: WifiLock{NlpWifiLock type=2 binder=android.os.BinderProxy@339f97a1}
W/ProcessCpuTracker(  451): Skipping unknown process pid 21403
D/WifiService(  451): releaseWifiLockLocked: WifiLock{NlpWifiLock type=2 binder=android.os.BinderProxy@339f97a1}
I/ActivityManager(  451): START u0 {act=android.intent.action.MAIN cat=[android.intent.category.HOME] flg=0x10200000 cmp=com.google.android.googlequicksearchbox/com.google.android.launcher.GEL} from uid 1000 on display 0
D/ConnectivityService(  451): releasing NetworkRequest NetworkRequest [ id=335, legacyType=-1, [ Capabilities: INTERNET&NOT_RESTRICTED&TRUSTED] ]
W/InputMethodManagerService(  451): Starting input on non-focused client com.android.internal.view.IInputMethodClient$Stub$Proxy@16e856e3 (uid=10035 pid=20859)
D/WifiService(  451): acquireWifiLockLocked: WifiLock{NlpWifiLock type=2 binder=android.os.BinderProxy@339f97a1}
D/WifiService(  451): releaseWifiLockLocked: WifiLock{NlpWifiLock type=2 binder=android.os.BinderProxy@339f97a1}
I/ActivityManager(  451): START u0 {act=android.intent.action.MAIN cat=[android.intent.category.LAUNCHER] flg=0x10200000 cmp=com.android.settings/.Settings (has extras)} from uid 10024 on display 0
V/WindowManager(  451): addAppToken: AppWindowToken{30da370f token=Token{ef1246e ActivityRecord{1589ffe9 u0 com.android.settings/.Settings t3369}}} to stack=1 task=3369 at 0
V/WindowManager(  451): Adding window Window{194f5a34 u0 Starting com.android.settings} at 5 of 19 (after Window{1f5bb46c u0 com.android.chrome/org.chromium.chrome.browser.ChromeTabbedActivity})
I/ActivityManager(  451): Start proc 21530:com.android.settings/1000 for activity com.android.settings/.Settings
V/WindowManager(  451): Adding window Window{2386f693 u0 com.android.settings/com.android.settings.Settings} at 5 of 20 (before Window{194f5a34 u0 Starting com.android.settings})
I/ActivityManager(  451): Process com.google.android.talk (pid 18910) has died
I/ActivityManager(  451): Process com.android.vending (pid 19478) has died
D/ConnectivityService(  451): ConnectivityService NetworkRequestInfo binderDied(NetworkRequest [ id=333, legacyType=-1, [ Capabilities: INTERNET&NOT_RESTRICTED&TRUSTED] ], android.os.BinderProxy@849f6d0)
D/ConnectivityService(  451): releasing NetworkRequest NetworkRequest [ id=333, legacyType=-1, [ Capabilities: INTERNET&NOT_RESTRICTED&TRUSTED] ]
E/ConnectivityService(  451): RemoteException caught trying to send a callback msg for NetworkRequest [ id=333, legacyType=-1, [ Capabilities: INTERNET&NOT_RESTRICTED&TRUSTED] ]
I/ActivityManager(  451): Process com.opera.browser:alarm_receiver (pid 18269) has died
I/ActivityManager(  451): Process com.estrongs.android.pop:local (pid 13419) has died
W/ActivityManager(  451): Scheduling restart of crashed service com.estrongs.android.pop/com.android.apps.pros.LocalCService in 1000ms
I/ActivityManager(  451): Process com.google.android.apps.gcs (pid 17818) has died
D/WifiService(  451): Client connection lost with reason: 4
I/ActivityManager(  451): Process com.google.android.apps.plus (pid 18291) has died
I/ActivityManager(  451): Process com.android.providers.partnerbookmarks (pid 19316) has died
I/ActivityManager(  451): Process com.google.android.apps.photos (pid 18121) has died
I/ActivityManager(  451): Process com.google.android.partnersetup (pid 19280) has died
I/ActivityManager(  451): Process android.process.acore (pid 18334) has died
I/ActivityManager(  451): Start proc 21561:com.estrongs.android.pop:local/u0a89 for service com.estrongs.android.pop/com.android.apps.pros.LocalCService
I/ActivityManager(  451): START u0 {act=android.intent.action.MAIN cmp=com.android.settings/.SubSettings (has extras)} from uid 1000 on display 0
V/WindowManager(  451): addAppToken: AppWindowToken{17e2d32 token=Token{bde613d ActivityRecord{98c0294 u0 com.android.settings/.SubSettings t3369}}} to stack=1 task=3369 at 1
D/WifiService(  451): New client listening to asynchronous messages
V/WindowManager(  451): Adding window Window{383ce6fb u0 com.android.settings/com.android.settings.SubSettings} at 6 of 20 (after Window{2386f693 u0 com.android.settings/com.android.settings.Settings})
I/ActivityManager(  451): Start proc 21641:com.google.android.apps.gcs/u0a7 for broadcast com.google.android.apps.gcs/.steen.receiver.ScoreNetworksReceiver
D/WifiService(  451): New client listening to asynchronous messages
I/ActivityManager(  451): START u0 {act=android.intent.action.MAIN cat=[android.intent.category.HOME] flg=0x10200000 cmp=com.google.android.googlequicksearchbox/com.google.android.launcher.GEL} from uid 1000 on display 0
I/ActivityManager(  451): Process com.opera.browser (pid 14477) has died
W/ActivityManager(  451): Scheduling restart of crashed service com.opera.browser/com.opera.android.dashboard.newsfeed.statistic.NewsFeedService in 1000ms
I/ActivityManager(  451): Process com.opera.browser:background_services (pid 14453) has died
W/ActivityManager(  451): Scheduling restart of crashed service com.opera.browser/com.opera.android.analytics.AnalyticsService in 10995ms
I/ActivityManager(  451): Process .esfm (pid 16371) has died
W/ActivityManager(  451): Scheduling restart of crashed service com.estrongs.android.pop/com.estrongs.android.scanner.service.FileMonitorService in 20991ms
W/InputMethodManagerService(  451): Starting input on non-focused client com.android.internal.view.IInputMethodClient$Stub$Proxy@3c00a5a2 (uid=1000 pid=21530)
D/WifiService(  451): acquireWifiLockLocked: WifiLock{NlpWifiLock type=2 binder=android.os.BinderProxy@3be53f20}
I/ActivityManager(  451): Start proc 21995:com.opera.browser/u0a85 for service com.opera.browser/com.opera.android.dashboard.newsfeed.statistic.NewsFeedService
I/ActivityManager(  451): START u0 {act=android.intent.action.MAIN cat=[android.intent.category.LAUNCHER] flg=0x10200000 cmp=com.android.chrome/com.google.android.apps.chrome.Main bnds=[464,1773][678,1941] (has extras)} from uid 10024 on display 0
V/WindowManager(  451): addAppToken: AppWindowToken{498c48b token=Token{b9bca5a ActivityRecord{3ab91a05 u0 com.android.chrome/com.google.android.apps.chrome.Main t3370}}} to stack=1 task=3370 at 0
D/ConnectivityService(  451): listenForNetwork for NetworkRequest [ id=336, legacyType=-1, [ Capabilities: INTERNET&NOT_RESTRICTED&TRUSTED] ]
I/ActivityManager(  451): START u0 {act=android.intent.action.MAIN cat=[android.intent.category.LAUNCHER] flg=0x14002000 cmp=com.android.chrome/org.chromium.chrome.browser.ChromeTabbedActivity bnds=[464,1773][678,1941] (has extras)} from uid 10035 on display 0
I/ActivityManager(  451): Start proc 22065:com.opera.browser:background_services/u0a85 for service com.opera.browser/com.opera.android.dashboard.newsfeed.newsbar.NewsBarService
D/WifiService(  451): releaseWifiLockLocked: WifiLock{NlpWifiLock type=2 binder=android.os.BinderProxy@3be53f20}
I/ActivityManager(  451): Start proc 22108:.esfm/u0a89 for service com.estrongs.android.pop/com.estrongs.android.scanner.service.FileMonitorService
D/WifiService(  451): acquireWifiLockLocked: WifiLock{NlpWifiLock type=2 binder=android.os.BinderProxy@3be53f20}
W/libprocessgroup(  451): failed to open /acct/uid_10035/pid_21014/cgroup.procs: No such file or directory
I/ActivityManager(  451): Process com.android.chrome:sandboxed_process1 (pid 21014) has died
W/ActivityManager(  451): Scheduling restart of crashed service com.android.chrome/org.chromium.content.app.SandboxedProcessService1 in 1000ms
W/ProcessCpuTracker(  451): Skipping unknown process pid 22216
W/ProcessCpuTracker(  451): Skipping unknown process pid 22221
D/WifiService(  451): releaseWifiLockLocked: WifiLock{NlpWifiLock type=2 binder=android.os.BinderProxy@3be53f20}
D/WifiService(  451): acquireWifiLockLocked: WifiLock{NlpWifiLock type=2 binder=android.os.BinderProxy@3be53f20}
D/WifiService(  451): releaseWifiLockLocked: WifiLock{NlpWifiLock type=2 binder=android.os.BinderProxy@3be53f20}
W/ProcessCpuTracker(  451): Skipping unknown process pid 22361
W/ProcessCpuTracker(  451): Skipping unknown process pid 22366
I/ActivityManager(  451): START u0 {act=com.android.systemui.recents.SHOW_RECENTS flg=0x10804000 cmp=com.android.systemui/.recents.RecentsActivity} from uid 10022 on display 0
D/ConnectivityService(  451): releasing NetworkRequest NetworkRequest [ id=336, legacyType=-1, [ Capabilities: INTERNET&NOT_RESTRICTED&TRUSTED] ]
V/WindowManager(  451): Adding window Window{25ab5e7 u0 com.android.systemui/com.android.systemui.recents.RecentsActivity} at 6 of 20 (after Window{16734759 u0 com.google.android.googlequicksearchbox/com.google.android.launcher.GEL})
I/ActivityManager(  451): Killing 20922:com.android.chrome:privileged_process0/u0a35 (adj 11): remove task
I/ActivityManager(  451): Killing 20859:com.android.chrome/u0a35 (adj 13): remove task
D/ConnectivityService(  451): ConnectivityService NetworkRequestInfo binderDied(NetworkRequest [ id=334, legacyType=-1, [ Capabilities: INTERNET&NOT_RESTRICTED&TRUSTED] ], android.os.BinderProxy@3bb60594)
D/ConnectivityService(  451): releasing NetworkRequest NetworkRequest [ id=334, legacyType=-1, [ Capabilities: INTERNET&NOT_RESTRICTED&TRUSTED] ]
E/ConnectivityService(  451): RemoteException caught trying to send a callback msg for NetworkRequest [ id=334, legacyType=-1, [ Capabilities: INTERNET&NOT_RESTRICTED&TRUSTED] ]
I/ActivityManager(  451): Killing 20885:com.android.chrome:sandboxed_process0/u0a35i316 (adj 9): remove task
W/libprocessgroup(  451): failed to open /acct/uid_10035/pid_20885/cgroup.procs: No such file or directory
W/ActivityManager(  451): Scheduling restart of crashed service com.android.chrome/org.chromium.content.app.SandboxedProcessService0 in 1000ms
W/ActivityManager(  451): Scheduling restart of crashed service com.android.chrome/org.chromium.content.app.PrivilegedProcessService0 in 10997ms
D/TaskPersister(  451): removeObsoleteFile: deleting file=3368_task.xml
D/TaskPersister(  451): removeObsoleteFile: deleting file=3368_task_thumbnail.png
I/ActivityManager(  451): START u0 {act=com.android.systemui.recents.SHOW_RECENTS flg=0x10804000 cmp=com.android.systemui/.recents.RecentsActivity} from uid 10022 on display 0
W/InputMethodManagerService(  451): Starting input on non-focused client com.android.internal.view.IInputMethodClient$Stub$Proxy@3c00a5a2 (uid=1000 pid=21530)
I/ActivityManager(  451): Killing 21530:com.android.settings/1000 (adj 9): remove task
I/WindowState(  451): WIN DEATH: Window{383ce6fb u0 com.android.settings/com.android.settings.SubSettings}
D/WifiService(  451): Client connection lost with reason: 4
D/TaskPersister(  451): removeObsoleteFile: deleting file=3369_task.xml
D/TaskPersister(  451): removeObsoleteFile: deleting file=3369_task_thumbnail.png
D/TaskPersister(  451): removeObsoleteFile: deleting file=3366_task.xml
I/ActivityManager(  451): START u0 {act=android.intent.action.MAIN cat=[android.intent.category.HOME] flg=0x10200000 cmp=com.google.android.googlequicksearchbox/com.google.android.launcher.GEL} from uid 10022 on display 0
D/WifiService(  451): acquireWifiLockLocked: WifiLock{NlpWifiLock type=2 binder=android.os.BinderProxy@2f59fddb}
D/WifiService(  451): releaseWifiLockLocked: WifiLock{NlpWifiLock type=2 binder=android.os.BinderProxy@2f59fddb}
I/ActivityManager(  451): START u0 {act=android.intent.action.MAIN cat=[android.intent.category.LAUNCHER] flg=0x10200000 cmp=com.android.chrome/com.google.android.apps.chrome.Main (has extras)} from uid 10024 on display 0
V/WindowManager(  451): addAppToken: AppWindowToken{2f5aa1fa token=Token{17940c25 ActivityRecord{1dc3681c u0 com.android.chrome/com.google.android.apps.chrome.Main t3371}}} to stack=1 task=3371 at 0
I/ActivityManager(  451): Start proc 22580:com.android.chrome/u0a35 for activity com.android.chrome/com.google.android.apps.chrome.Main
W/ResourcesManager(22580): Asset path '/system/framework/com.android.media.remotedisplay.jar' does not exist or contains no resources.
W/ResourcesManager(22580): Asset path '/system/framework/com.android.location.provider.jar' does not exist or contains no resources.
I/ActivityManager(  451): START u0 {act=android.intent.action.MAIN cat=[android.intent.category.LAUNCHER] flg=0x14002000 cmp=com.android.chrome/org.chromium.chrome.browser.ChromeTabbedActivity (has extras)} from uid 10035 on display 0
V/WindowManager(  451): addAppToken: AppWindowToken{3a968d23 token=Token{15b77652 ActivityRecord{34b89add u0 com.android.chrome/org.chromium.chrome.browser.ChromeTabbedActivity t3372}}} to stack=1 task=3372 at 0
V/WindowManager(  451): Based on layer: Adding window Window{1c72e538 u0 Starting com.android.chrome} at 3 of 17
V/WindowManager(  451): Adding window Window{36f12350 u0 com.android.chrome/org.chromium.chrome.browser.ChromeTabbedActivity} at 3 of 18 (before Window{1c72e538 u0 Starting com.android.chrome})
I/ActivityManager(  451): Start proc 22608:com.android.chrome:sandboxed_process0/u0i319 for service com.android.chrome/org.chromium.content.app.SandboxedProcessService0
V/WindowManager(  451): Adding window Window{1c060c68 u0 SurfaceView} at 3 of 19 (before Window{36f12350 u0 com.android.chrome/org.chromium.chrome.browser.ChromeTabbedActivity})
I/ActivityManager(  451): Start proc 22650:com.android.chrome:privileged_process0/u0a35 for service com.android.chrome/org.chromium.content.app.PrivilegedProcessService0
D/ConnectivityService(  451): listenForNetwork for NetworkRequest [ id=337, legacyType=-1, [ Capabilities: INTERNET&NOT_RESTRICTED&TRUSTED] ]
D/ConnectivityService(  451): listenForNetwork for NetworkRequest [ id=338, legacyType=-1, [ Capabilities: INTERNET&NOT_RESTRICTED&TRUSTED] ]
I/ActivityManager(  451): Start proc 22698:com.google.android.partnersetup/u0a12 for content provider com.google.android.partnersetup/.RlzAppProvider
I/ActivityManager(  451): Start proc 22719:com.android.providers.partnerbookmarks/u0a65 for content provider com.android.providers.partnerbookmarks/.PartnerBookmarksProvider
I/ActivityManager(  451): START u0 {act=com.android.systemui.recents.SHOW_RECENTS flg=0x10804000 cmp=com.android.systemui/.recents.RecentsActivity} from uid 10022 on display 0
W/libprocessgroup(  451): failed to open /acct/uid_10035/pid_22608/cgroup.procs: No such file or directory
I/ActivityManager(  451): Process com.android.chrome:sandboxed_process0 (pid 22608) has died
W/ActivityManager(  451): Scheduling restart of crashed service com.android.chrome/org.chromium.content.app.SandboxedProcessService0 in 1000ms
I/ActivityManager(  451): Start proc 22758:com.android.chrome:sandboxed_process0/u0i320 for service com.android.chrome/org.chromium.content.app.SandboxedProcessService0
D/ConnectivityService(  451): releasing NetworkRequest NetworkRequest [ id=338, legacyType=-1, [ Capabilities: INTERNET&NOT_RESTRICTED&TRUSTED] ]
W/libprocessgroup(  451): failed to open /acct/uid_10035/pid_22758/cgroup.procs: No such file or directory
I/ActivityManager(  451): Process com.android.chrome:sandboxed_process0 (pid 22758) has died
W/InputMethodManagerService(  451): Starting input on non-focused client com.android.internal.view.IInputMethodClient$Stub$Proxy@3e5738cd (uid=10035 pid=22580)
I/ActivityManager(  451): Killing 22650:com.android.chrome:privileged_process0/u0a35 (adj 9): remove task
I/ActivityManager(  451): Killing 22580:com.android.chrome/u0a35 (adj 11): remove task
D/ConnectivityService(  451): ConnectivityService NetworkRequestInfo binderDied(NetworkRequest [ id=337, legacyType=-1, [ Capabilities: INTERNET&NOT_RESTRICTED&TRUSTED] ], android.os.BinderProxy@2987b493)
D/ConnectivityService(  451): releasing NetworkRequest NetworkRequest [ id=337, legacyType=-1, [ Capabilities: INTERNET&NOT_RESTRICTED&TRUSTED] ]
E/ConnectivityService(  451): RemoteException caught trying to send a callback msg for NetworkRequest [ id=337, legacyType=-1, [ Capabilities: INTERNET&NOT_RESTRICTED&TRUSTED] ]
W/ActivityManager(  451): Exception when unbinding service com.android.chrome/org.chromium.content.app.PrivilegedProcessService0
W/ActivityManager(  451): android.os.DeadObjectException
W/ActivityManager(  451): 	at android.os.BinderProxy.transactNative(Native Method)
W/ActivityManager(  451): 	at android.os.BinderProxy.transact(Binder.java:496)
W/ActivityManager(  451): 	at android.app.ApplicationThreadProxy.scheduleUnbindService(ApplicationThreadNative.java:921)
W/ActivityManager(  451): 	at com.android.server.am.ActiveServices.removeConnectionLocked(ActiveServices.java:1795)
W/ActivityManager(  451): 	at com.android.server.am.ActiveServices.killServicesLocked(ActiveServices.java:2193)
W/ActivityManager(  451): 	at com.android.server.am.ActivityManagerService.cleanUpApplicationRecordLocked(ActivityManagerService.java:14895)
W/ActivityManager(  451): 	at com.android.server.am.ActivityManagerService.handleAppDiedLocked(ActivityManagerService.java:4552)
W/ActivityManager(  451): 	at com.android.server.am.ActivityManagerService.appDiedLocked(ActivityManagerService.java:4717)
W/ActivityManager(  451): 	at com.android.server.am.ActivityManagerService$AppDeathRecipient.binderDied(ActivityManagerService.java:1229)
W/ActivityManager(  451): 	at android.os.BinderProxy.sendDeathNotice(Binder.java:551)
I/ActivityManager(  451): START u0 {act=android.intent.action.MAIN cat=[android.intent.category.HOME] flg=0x10200000 cmp=com.google.android.googlequicksearchbox/com.google.android.launcher.GEL} from uid 10022 on display 0
D/TaskPersister(  451): removeObsoleteFile: deleting file=3372_task.xml
D/TaskPersister(  451): removeObsoleteFile: deleting file=3372_task_thumbnail.png
W/InputMethodManagerService(  451): Starting input on non-focused client com.android.internal.view.IInputMethodClient$Stub$Proxy@1e37906d (uid=10022 pid=627)
W/ProcessCpuTracker(  451): Skipping unknown process pid 22816
I/ActivityManager(  451): Idle maintenance over +12h12m53s204ms low RAM for +1h24m23s764ms
I/MountService(  451): Running fstrim idle maintenance
I/fstrim  (  151): Starting fstrim work...
I/MountServiceIdler(  451): Got mount service completion callback
I/fstrim  (  151): Invoking FITRIM ioctl on /cache
I/fstrim  (  151): Trimmed 259559424 bytes on /cache
I/fstrim  (  151): Invoking FITRIM ioctl on /data
D/DownloadManager(18148): Removed 0 stale downloads
