I/ActivityManager(  454): START u0 {act=android.intent.action.VIEW dat=localhost:8000 flg=0x14002000 cmp=com.android.chrome/org.chromium.chrome.browser.ChromeTabbedActivity (has extras)} from uid 10035 on display 0
W/InputMethodManagerService(  454): Window already focused, ignoring focus gain of: com.android.internal.view.IInputMethodClient$Stub$Proxy@28378706 attribute=null, token = android.os.BinderProxy@74a234c
I/ActivityManager(  454): Start proc 8728:com.android.chrome:sandboxed_process1/u0i6 for service com.android.chrome/org.chromium.content.app.SandboxedProcessService1
I/ActivityManager(  454): Force stopping com.android.chrome appid=10035 user=0: from pid 9093
I/ActivityManager(  454): Killing 8569:com.android.chrome:privileged_process0/u0a35 (adj 0): stop com.android.chrome
W/ActivityManager(  454): Scheduling restart of crashed service com.android.chrome/org.chromium.content.app.PrivilegedProcessService0 in 1000ms
I/ActivityManager(  454): Killing 8499:com.android.chrome/u0a35 (adj 0): stop com.android.chrome
I/WindowState(  454): WIN DEATH: Window{a1a5f95 u0 com.android.chrome/org.chromium.chrome.browser.ChromeTabbedActivity}
W/WindowManager(  454): Force-removing child win Window{6ecf826 u0 SurfaceView} from container Window{a1a5f95 u0 com.android.chrome/org.chromium.chrome.browser.ChromeTabbedActivity}
D/ConnectivityService(  454): ConnectivityService NetworkRequestInfo binderDied(NetworkRequest [ id=23, legacyType=-1, [ Capabilities: INTERNET&NOT_RESTRICTED&TRUSTED] ], android.os.BinderProxy@a27e67f)
D/ConnectivityService(  454): releasing NetworkRequest NetworkRequest [ id=23, legacyType=-1, [ Capabilities: INTERNET&NOT_RESTRICTED&TRUSTED] ]
D/ConnectivityService(  454): ConnectivityService NetworkRequestInfo binderDied(NetworkRequest [ id=25, legacyType=-1, [ Capabilities: INTERNET&NOT_RESTRICTED&TRUSTED] ], android.os.BinderProxy@72064c)
E/ConnectivityService(  454): RemoteException caught trying to send a callback msg for NetworkRequest [ id=23, legacyType=-1, [ Capabilities: INTERNET&NOT_RESTRICTED&TRUSTED] ]
D/ConnectivityService(  454): releasing NetworkRequest NetworkRequest [ id=25, legacyType=-1, [ Capabilities: INTERNET&NOT_RESTRICTED&TRUSTED] ]
E/ConnectivityService(  454): RemoteException caught trying to send a callback msg for NetworkRequest [ id=25, legacyType=-1, [ Capabilities: INTERNET&NOT_RESTRICTED&TRUSTED] ]
W/WindowManager(  454): Failed looking up window
W/WindowManager(  454): java.lang.IllegalArgumentException: Requested window android.os.BinderProxy@27366f81 does not exist
W/WindowManager(  454): 	at com.android.server.wm.WindowManagerService.windowForClientLocked(WindowManagerService.java:8539)
W/WindowManager(  454): 	at com.android.server.wm.WindowManagerService.windowForClientLocked(WindowManagerService.java:8530)
W/WindowManager(  454): 	at com.android.server.wm.WindowState$DeathRecipient.binderDied(WindowState.java:1142)
W/WindowManager(  454): 	at android.os.BinderProxy.sendDeathNotice(Binder.java:551)
I/WindowState(  454): WIN DEATH: null
W/ActivityManager(  454): Exception when unbinding service com.android.chrome/org.chromium.content.app.SandboxedProcessService0
W/ActivityManager(  454): android.os.DeadObjectException
W/ActivityManager(  454): 	at android.os.BinderProxy.transactNative(Native Method)
W/ActivityManager(  454): 	at android.os.BinderProxy.transact(Binder.java:496)
W/ActivityManager(  454): 	at android.app.ApplicationThreadProxy.scheduleUnbindService(ApplicationThreadNative.java:921)
W/ActivityManager(  454): 	at com.android.server.am.ActiveServices.removeConnectionLocked(ActiveServices.java:1795)
W/ActivityManager(  454): 	at com.android.server.am.ActiveServices.killServicesLocked(ActiveServices.java:2193)
W/ActivityManager(  454): 	at com.android.server.am.ActivityManagerService.cleanUpApplicationRecordLocked(ActivityManagerService.java:14895)
W/ActivityManager(  454): 	at com.android.server.am.ActivityManagerService.handleAppDiedLocked(ActivityManagerService.java:4552)
W/ActivityManager(  454): 	at com.android.server.am.ActivityManagerService.removeProcessLocked(ActivityManagerService.java:5789)
W/ActivityManager(  454): 	at com.android.server.am.ActivityManagerService.killPackageProcessesLocked(ActivityManagerService.java:5594)
W/ActivityManager(  454): 	at com.android.server.am.ActivityManagerService.forceStopPackageLocked(ActivityManagerService.java:5655)
W/ActivityManager(  454): 	at com.android.server.am.ActivityManagerService.forceStopPackageLocked(ActivityManagerService.java:5499)
W/ActivityManager(  454): 	at com.android.server.am.ActivityManagerService.forceStopPackage(ActivityManagerService.java:5309)
W/ActivityManager(  454): 	at android.app.ActivityManagerNative.onTransact(ActivityManagerNative.java:1461)
W/ActivityManager(  454): 	at com.android.server.am.ActivityManagerService.onTransact(ActivityManagerService.java:2208)
W/ActivityManager(  454): 	at android.os.Binder.execTransact(Binder.java:446)
I/ActivityManager(  454): Killing 8528:com.android.chrome:sandboxed_process0/u0a35i5 (adj 9): isolated not needed
W/libprocessgroup(  454): failed to open /acct/uid_10035/pid_8528/cgroup.procs: No such file or directory
W/ActivityManager(  454): Exception when unbinding service com.android.chrome/org.chromium.content.app.SandboxedProcessService1
W/ActivityManager(  454): android.os.DeadObjectException
W/ActivityManager(  454): 	at android.os.BinderProxy.transactNative(Native Method)
W/ActivityManager(  454): 	at android.os.BinderProxy.transact(Binder.java:496)
W/ActivityManager(  454): 	at android.app.ApplicationThreadProxy.scheduleUnbindService(ApplicationThreadNative.java:921)
W/ActivityManager(  454): 	at com.android.server.am.ActiveServices.removeConnectionLocked(ActiveServices.java:1795)
W/ActivityManager(  454): 	at com.android.server.am.ActiveServices.killServicesLocked(ActiveServices.java:2193)
W/ActivityManager(  454): 	at com.android.server.am.ActivityManagerService.cleanUpApplicationRecordLocked(ActivityManagerService.java:14895)
W/ActivityManager(  454): 	at com.android.server.am.ActivityManagerService.handleAppDiedLocked(ActivityManagerService.java:4552)
W/ActivityManager(  454): 	at com.android.server.am.ActivityManagerService.removeProcessLocked(ActivityManagerService.java:5789)
W/ActivityManager(  454): 	at com.android.server.am.ActivityManagerService.killPackageProcessesLocked(ActivityManagerService.java:5594)
W/ActivityManager(  454): 	at com.android.server.am.ActivityManagerService.forceStopPackageLocked(ActivityManagerService.java:5655)
W/ActivityManager(  454): 	at com.android.server.am.ActivityManagerService.forceStopPackageLocked(ActivityManagerService.java:5499)
W/ActivityManager(  454): 	at com.android.server.am.ActivityManagerService.forceStopPackage(ActivityManagerService.java:5309)
W/ActivityManager(  454): 	at android.app.ActivityManagerNative.onTransact(ActivityManagerNative.java:1461)
W/ActivityManager(  454): 	at com.android.server.am.ActivityManagerService.onTransact(ActivityManagerService.java:2208)
W/ActivityManager(  454): 	at android.os.Binder.execTransact(Binder.java:446)
W/ActivityManager(  454): Force removing ActivityRecord{1a970416 u0 com.android.chrome/org.chromium.chrome.browser.ChromeTabbedActivity t4788}: app died, no saved state
I/ActivityManager(  454): Killing 8728:com.android.chrome:sandboxed_process1/u0a35i6 (adj 9): isolated not needed
W/libprocessgroup(  454): failed to open /acct/uid_10035/pid_8728/cgroup.procs: No such file or directory
W/ActivityManager(  454): Spurious death for ProcessRecord{5e03065 8569:com.android.chrome:privileged_process0/u0a35}, curProc for 8569: null
W/ActivityManager(  454): Unbind failed: could not find connection for android.os.BinderProxy@163b804f
W/ActivityManager(  454): Spurious death for ProcessRecord{265251b4 8499:com.android.chrome/u0a35}, curProc for 8499: null
W/InputMethodManagerService(  454): Got RemoteException sending setActive(false) notification to pid 8499 uid 10035
I/ActivityManager(  454): Force stopping com.android.chrome appid=10035 user=0: clear data
D/TaskPersister(  454): removeObsoleteFile: deleting file=4788_task.xml
D/TaskPersister(  454): removeObsoleteFile: deleting file=4788_task_thumbnail.png
I/ActivityManager(  454): Start proc 9139:com.android.documentsui/u0a40 for broadcast com.android.documentsui/.PackageReceiver
I/ActivityManager(  454): Start proc 9160:com.android.defcontainer/u0a4 for service com.android.defcontainer/.DefaultContainerService
I/ActivityManager(  454): Start proc 9187:com.android.externalstorage/u0a6 for content provider com.android.externalstorage/.ExternalStorageProvider
I/ActivityManager(  454): Killing 6160:com.google.android.apps.docs.editors.docs/u0a42 (adj 15): empty #17
I/ActivityManager(  454): Killing 6044:com.android.providers.calendar/u0a2 (adj 15): empty #17
I/ActivityManager(  454): Start proc 9211:com.android.chrome/u0a35 for content provider com.android.chrome/com.google.android.apps.chrome.icing.IcingProvider
W/ResourcesManager( 9211): Asset path '/system/framework/com.android.media.remotedisplay.jar' does not exist or contains no resources.
W/ResourcesManager( 9211): Asset path '/system/framework/com.android.location.provider.jar' does not exist or contains no resources.
I/ActivityManager(  454): Killing 6023:com.google.android.calendar/u0a32 (adj 15): empty #17
W/FileUtils( 8447): Failed to chmod(/storage/emulated/0/trepn/Trepn_2018.06.18_162406.db): android.system.ErrnoException: chmod failed: EPERM (Operation not permitted)
D/WifiService(  454): acquireWifiLockLocked: WifiLock{NlpWifiLock type=2 binder=android.os.BinderProxy@a1ee11e}
D/WifiService(  454): releaseWifiLockLocked: WifiLock{NlpWifiLock type=2 binder=android.os.BinderProxy@a1ee11e}
D/ConnectivityService(  454): NetworkAgentInfo [WIFI () - 100] EVENT_NETWORK_INFO_CHANGED, going from CONNECTED to CONNECTING
D/ConnectivityService(  454): NetworkAgentInfo [WIFI () - 100] EVENT_NETWORK_INFO_CHANGED, going from CONNECTING to CONNECTED
I/UsageStatsService(  454): User[0] Flushing usage stats to disk
I/ActivityManager(  454): Force stopping com.android.chrome appid=10035 user=0: from pid 9819
I/ActivityManager(  454): Killing 9211:com.android.chrome/u0a35 (adj 9): stop com.android.chrome
W/ActivityManager(  454): Spurious death for ProcessRecord{2d8774c4 9211:com.android.chrome/u0a35}, curProc for 9211: null
I/ActivityManager(  454): START u0 {act=android.intent.action.VIEW flg=0x10008000 cmp=com.android.chrome/com.google.android.apps.chrome.Main} from uid 2000 on display 0
V/WindowManager(  454): addAppToken: AppWindowToken{153da673 token=Token{28b0e2e2 ActivityRecord{3bd89fad u0 com.android.chrome/com.google.android.apps.chrome.Main t4790}}} to stack=1 task=4790 at 0
I/ActivityManager(  454): Start proc 9837:com.android.chrome/u0a35 for activity com.android.chrome/com.google.android.apps.chrome.Main
W/ResourcesManager( 9837): Asset path '/system/framework/com.android.media.remotedisplay.jar' does not exist or contains no resources.
W/ResourcesManager( 9837): Asset path '/system/framework/com.android.location.provider.jar' does not exist or contains no resources.
I/ActivityManager(  454): START u0 {cmp=com.android.chrome/org.chromium.chrome.browser.firstrun.FirstRunActivity (has extras)} from uid 10035 on display 0
V/WindowManager(  454): addAppToken: AppWindowToken{298ade48 token=Token{2c5570eb ActivityRecord{3ca7ec3a u0 com.android.chrome/org.chromium.chrome.browser.firstrun.FirstRunActivity t4791}}} to stack=1 task=4791 at 0
V/WindowManager(  454): Based on layer: Adding window Window{3bcd2e60 u0 com.android.chrome/org.chromium.chrome.browser.firstrun.FirstRunActivity} at 3 of 17
I/ActivityManager(  454): Start proc 9865:com.android.chrome:sandboxed_process0/u0i7 for service com.android.chrome/org.chromium.content.app.SandboxedProcessService0
I/ActivityManager(  454): Start proc 9921:com.android.chrome:privileged_process0/u0a35 for service com.android.chrome/org.chromium.content.app.PrivilegedProcessService0
D/ConnectivityService(  454): listenForNetwork for NetworkRequest [ id=26, legacyType=-1, [ Capabilities: INTERNET&NOT_RESTRICTED&TRUSTED] ]
D/ConnectivityService(  454): handleRegisterNetworkRequest checking NetworkAgentInfo [WIFI () - 100]
D/ConnectivityService(  454): apparently satisfied.  currentScore=100
D/ConnectivityService(  454): listenForNetwork for NetworkRequest [ id=27, legacyType=-1, [ Capabilities: INTERNET&NOT_RESTRICTED&TRUSTED] ]
D/ConnectivityService(  454): handleRegisterNetworkRequest checking NetworkAgentInfo [WIFI () - 100]
D/ConnectivityService(  454): apparently satisfied.  currentScore=100
I/ActivityManager(  454): START u0 {act=android.intent.action.VIEW flg=0x10808000 cmp=com.android.chrome/com.google.android.apps.chrome.Main (has extras)} from uid 10035 on display 0
V/WindowManager(  454): addAppToken: AppWindowToken{37e1757f token=Token{3a0d969e ActivityRecord{19451cd9 u0 com.android.chrome/com.google.android.apps.chrome.Main t4792}}} to stack=1 task=4792 at 0
D/ConnectivityService(  454): releasing NetworkRequest NetworkRequest [ id=27, legacyType=-1, [ Capabilities: INTERNET&NOT_RESTRICTED&TRUSTED] ]
D/ConnectivityService(  454): listenForNetwork for NetworkRequest [ id=28, legacyType=-1, [ Capabilities: INTERNET&NOT_RESTRICTED&TRUSTED] ]
D/ConnectivityService(  454): handleRegisterNetworkRequest checking NetworkAgentInfo [WIFI () - 100]
D/ConnectivityService(  454): apparently satisfied.  currentScore=100
I/ActivityManager(  454): START u0 {act=android.intent.action.VIEW flg=0x14002000 cmp=com.android.chrome/org.chromium.chrome.browser.ChromeTabbedActivity (has extras)} from uid 10035 on display 0
V/WindowManager(  454): addAppToken: AppWindowToken{62a9577 token=Token{2777db76 ActivityRecord{217c8e11 u0 com.android.chrome/org.chromium.chrome.browser.ChromeTabbedActivity t4793}}} to stack=1 task=4793 at 0
V/WindowManager(  454): Based on layer: Adding window Window{2d7c3d7c u0 Starting com.android.chrome} at 4 of 18
I/ActivityManager(  454): Start proc 10014:com.android.chrome:sandboxed_process1/u0i8 for service com.android.chrome/org.chromium.content.app.SandboxedProcessService1
V/WindowManager(  454): Adding window Window{147ae6b2 u0 com.android.chrome/org.chromium.chrome.browser.ChromeTabbedActivity} at 4 of 19 (before Window{2d7c3d7c u0 Starting com.android.chrome})
V/WindowManager(  454): Adding window Window{83dfbb9 u0 SurfaceView} at 4 of 20 (before Window{147ae6b2 u0 com.android.chrome/org.chromium.chrome.browser.ChromeTabbedActivity})
W/FileUtils( 8447): Failed to chmod(/storage/emulated/0/trepn/Trepn_2018.06.18_162732.db): android.system.ErrnoException: chmod failed: EPERM (Operation not permitted)
I/ActivityManager(  454): Activity reported stop, but no longer stopping: ActivityRecord{3ca7ec3a u0 com.android.chrome/org.chromium.chrome.browser.firstrun.FirstRunActivity t4791 f}
W/libprocessgroup(  454): failed to open /acct/uid_10035/pid_9865/cgroup.procs: No such file or directory
I/ActivityManager(  454): Process com.android.chrome:sandboxed_process0 (pid 9865) has died
W/ActivityManager(  454): Scheduling restart of crashed service com.android.chrome/org.chromium.content.app.SandboxedProcessService0 in 1000ms
I/ActivityManager(  454): Start proc 10105:com.android.chrome:sandboxed_process2/u0i9 for service com.android.chrome/org.chromium.content.app.SandboxedProcessService2
D/TaskPersister(  454): removeObsoleteFile: deleting file=4791_task_thumbnail.png
I/ActivityManager(  454): START u0 {act=android.intent.action.VIEW dat=localhost:8000 flg=0x10000000 cmp=com.android.chrome/com.google.android.apps.chrome.Main} from uid 2000 on display 0
V/WindowManager(  454): addAppToken: AppWindowToken{18300c2a token=Token{38f10115 ActivityRecord{3db85acc u0 com.android.chrome/com.google.android.apps.chrome.Main t4794}}} to stack=1 task=4794 at 0
D/ConnectivityService(  454): releasing NetworkRequest NetworkRequest [ id=28, legacyType=-1, [ Capabilities: INTERNET&NOT_RESTRICTED&TRUSTED] ]
D/ConnectivityService(  454): listenForNetwork for NetworkRequest [ id=29, legacyType=-1, [ Capabilities: INTERNET&NOT_RESTRICTED&TRUSTED] ]
D/ConnectivityService(  454): handleRegisterNetworkRequest checking NetworkAgentInfo [WIFI () - 100]
D/ConnectivityService(  454): apparently satisfied.  currentScore=100
I/ActivityManager(  454): START u0 {act=android.intent.action.VIEW dat=localhost:8000 flg=0x14002000 cmp=com.android.chrome/org.chromium.chrome.browser.ChromeTabbedActivity (has extras)} from uid 10035 on display 0
W/InputMethodManagerService(  454): Window already focused, ignoring focus gain of: com.android.internal.view.IInputMethodClient$Stub$Proxy@3e413dcd attribute=null, token = android.os.BinderProxy@155c10bd
I/ActivityManager(  454): Start proc 10141:com.android.chrome:sandboxed_process3/u0i10 for service com.android.chrome/org.chromium.content.app.SandboxedProcessService3
W/libprocessgroup(  454): failed to open /acct/uid_10035/pid_10105/cgroup.procs: No such file or directory
I/ActivityManager(  454): Process com.android.chrome:sandboxed_process2 (pid 10105) has died
W/ActivityManager(  454): Scheduling restart of crashed service com.android.chrome/org.chromium.content.app.SandboxedProcessService2 in 1000ms
I/ActivityManager(  454): Start proc 10177:com.android.chrome:sandboxed_process4/u0i11 for service com.android.chrome/org.chromium.content.app.SandboxedProcessService4
W/libprocessgroup(  454): failed to open /acct/uid_10035/pid_10177/cgroup.procs: No such file or directory
I/ActivityManager(  454): Process com.android.chrome:sandboxed_process4 (pid 10177) has died
W/ActivityManager(  454): Scheduling restart of crashed service com.android.chrome/org.chromium.content.app.SandboxedProcessService4 in 1000ms
W/ResourcesManager( 1462): Asset path '/system/framework/com.android.media.remotedisplay.jar' does not exist or contains no resources.
W/ResourcesManager( 1462): Asset path '/system/framework/com.android.location.provider.jar' does not exist or contains no resources.
--------- beginning of main
W/Wifi    ( 3637): Failed to read packet and byte counts from wifi interface
I/chromium( 9837): [INFO:CONSOLE(12)] "804", source: http://localhost:8000/httprequest.js (12)
I/vgn     (  977): 45-xlb -- metadata{ service_id: 0 }
I/chromium( 9837): [INFO:CONSOLE(12)] "803", source: http://localhost:8000/httprequest.js (12)
I/vgn     (  977): 45-xlb -- metadata{ service_id: 0 }
I/chromium( 9837): [INFO:CONSOLE(12)] "802", source: http://localhost:8000/httprequest.js (12)
I/vgn     (  977): 45-xlb -- metadata{ service_id: 0 }
I/chromium( 9837): [INFO:CONSOLE(12)] "801", source: http://localhost:8000/httprequest.js (12)
I/vgn     (  977): 45-xlb -- metadata{ service_id: 0 }
I/chromium( 9837): [INFO:CONSOLE(12)] "800", source: http://localhost:8000/httprequest.js (12)
I/vgn     (  977): 45-xlb -- metadata{ service_id: 0 }
I/chromium( 9837): [INFO:CONSOLE(12)] "799", source: http://localhost:8000/httprequest.js (12)
I/vgn     (  977): 45-xlb -- metadata{ service_id: 0 }
I/chromium( 9837): [INFO:CONSOLE(12)] "798", source: http://localhost:8000/httprequest.js (12)
I/vgn     (  977): 45-xlb -- metadata{ service_id: 0 }
I/chromium( 9837): [INFO:CONSOLE(12)] "797", source: http://localhost:8000/httprequest.js (12)
I/vgn     (  977): 45-xlb -- metadata{ service_id: 0 }
I/chromium( 9837): [INFO:CONSOLE(12)] "796", source: http://localhost:8000/httprequest.js (12)
I/vgn     (  977): 45-xlb -- metadata{ service_id: 0 }
I/chromium( 9837): [INFO:CONSOLE(12)] "795", source: http://localhost:8000/httprequest.js (12)
I/vgn     (  977): 45-xlb -- metadata{ service_id: 0 }
I/chromium( 9837): [INFO:CONSOLE(12)] "794", source: http://localhost:8000/httprequest.js (12)
I/vgn     (  977): 45-xlb -- metadata{ service_id: 0 }
I/chromium( 9837): [INFO:CONSOLE(12)] "793", source: http://localhost:8000/httprequest.js (12)
I/vgn     (  977): 45-xlb -- metadata{ service_id: 0 }
I/chromium( 9837): [INFO:CONSOLE(12)] "792", source: http://localhost:8000/httprequest.js (12)
I/vgn     (  977): 45-xlb -- metadata{ service_id: 0 }
I/chromium( 9837): [INFO:CONSOLE(12)] "791", source: http://localhost:8000/httprequest.js (12)
I/vgn     (  977): 45-xlb -- metadata{ service_id: 0 }
I/chromium( 9837): [INFO:CONSOLE(12)] "790", source: http://localhost:8000/httprequest.js (12)
I/vgn     (  977): 45-xlb -- metadata{ service_id: 0 }
I/chromium( 9837): [INFO:CONSOLE(12)] "789", source: http://localhost:8000/httprequest.js (12)
I/vgn     (  977): 45-xlb -- metadata{ service_id: 0 }
I/chromium( 9837): [INFO:CONSOLE(12)] "788", source: http://localhost:8000/httprequest.js (12)
I/vgn     (  977): 45-xlb -- metadata{ service_id: 0 }
I/chromium( 9837): [INFO:CONSOLE(12)] "787", source: http://localhost:8000/httprequest.js (12)
I/vgn     (  977): 45-xlb -- metadata{ service_id: 0 }
I/chromium( 9837): [INFO:CONSOLE(12)] "786", source: http://localhost:8000/httprequest.js (12)
I/vgn     (  977): 45-xlb -- metadata{ service_id: 0 }
I/chromium( 9837): [INFO:CONSOLE(12)] "785", source: http://localhost:8000/httprequest.js (12)
I/vgn     (  977): 45-xlb -- metadata{ service_id: 0 }
I/chromium( 9837): [INFO:CONSOLE(12)] "784", source: http://localhost:8000/httprequest.js (12)
I/vgn     (  977): 45-xlb -- metadata{ service_id: 0 }
I/chromium( 9837): [INFO:CONSOLE(12)] "783", source: http://localhost:8000/httprequest.js (12)
I/vgn     (  977): 45-xlb -- metadata{ service_id: 0 }
I/chromium( 9837): [INFO:CONSOLE(12)] "782", source: http://localhost:8000/httprequest.js (12)
I/vgn     (  977): 45-xlb -- metadata{ service_id: 0 }
I/chromium( 9837): [INFO:CONSOLE(12)] "781", source: http://localhost:8000/httprequest.js (12)
I/vgn     (  977): 45-xlb -- metadata{ service_id: 0 }
I/chromium( 9837): [INFO:CONSOLE(12)] "780", source: http://localhost:8000/httprequest.js (12)
I/vgn     (  977): 45-xlb -- metadata{ service_id: 0 }
I/chromium( 9837): [INFO:CONSOLE(12)] "779", source: http://localhost:8000/httprequest.js (12)
I/vgn     (  977): 45-xlb -- metadata{ service_id: 0 }
I/chromium( 9837): [INFO:CONSOLE(12)] "778", source: http://localhost:8000/httprequest.js (12)
I/vgn     (  977): 45-xlb -- metadata{ service_id: 0 }
I/chromium( 9837): [INFO:CONSOLE(12)] "777", source: http://localhost:8000/httprequest.js (12)
I/vgn     (  977): 45-xlb -- metadata{ service_id: 0 }
I/chromium( 9837): [INFO:CONSOLE(12)] "776", source: http://localhost:8000/httprequest.js (12)
I/vgn     (  977): 45-xlb -- metadata{ service_id: 0 }
I/chromium( 9837): [INFO:CONSOLE(12)] "775", source: http://localhost:8000/httprequest.js (12)
I/vgn     (  977): 45-xlb -- metadata{ service_id: 0 }
I/chromium( 9837): [INFO:CONSOLE(12)] "774", source: http://localhost:8000/httprequest.js (12)
I/vgn     (  977): 45-xlb -- metadata{ service_id: 0 }
I/chromium( 9837): [INFO:CONSOLE(12)] "773", source: http://localhost:8000/httprequest.js (12)
I/vgn     (  977): 45-xlb -- metadata{ service_id: 0 }
I/chromium( 9837): [INFO:CONSOLE(12)] "772", source: http://localhost:8000/httprequest.js (12)
I/vgn     (  977): 45-xlb -- metadata{ service_id: 0 }
I/chromium( 9837): [INFO:CONSOLE(12)] "771", source: http://localhost:8000/httprequest.js (12)
I/vgn     (  977): 45-xlb -- metadata{ service_id: 0 }
I/chromium( 9837): [INFO:CONSOLE(12)] "770", source: http://localhost:8000/httprequest.js (12)
I/vgn     (  977): 45-xlb -- metadata{ service_id: 0 }
I/chromium( 9837): [INFO:CONSOLE(12)] "769", source: http://localhost:8000/httprequest.js (12)
I/vgn     (  977): 45-xlb -- metadata{ service_id: 0 }
I/chromium( 9837): [INFO:CONSOLE(12)] "768", source: http://localhost:8000/httprequest.js (12)
I/vgn     (  977): 45-xlb -- metadata{ service_id: 0 }
I/chromium( 9837): [INFO:CONSOLE(12)] "767", source: http://localhost:8000/httprequest.js (12)
I/vgn     (  977): 45-xlb -- metadata{ service_id: 0 }
I/chromium( 9837): [INFO:CONSOLE(12)] "766", source: http://localhost:8000/httprequest.js (12)
I/vgn     (  977): 45-xlb -- metadata{ service_id: 0 }
I/chromium( 9837): [INFO:CONSOLE(12)] "765", source: http://localhost:8000/httprequest.js (12)
I/vgn     (  977): 45-xlb -- metadata{ service_id: 0 }
I/chromium( 9837): [INFO:CONSOLE(12)] "764", source: http://localhost:8000/httprequest.js (12)
I/vgn     (  977): 45-xlb -- metadata{ service_id: 0 }
I/chromium( 9837): [INFO:CONSOLE(12)] "763", source: http://localhost:8000/httprequest.js (12)
I/vgn     (  977): 45-xlb -- metadata{ service_id: 0 }
I/chromium( 9837): [INFO:CONSOLE(12)] "762", source: http://localhost:8000/httprequest.js (12)
I/vgn     (  977): 45-xlb -- metadata{ service_id: 0 }
I/chromium( 9837): [INFO:CONSOLE(12)] "761", source: http://localhost:8000/httprequest.js (12)
I/vgn     (  977): 45-xlb -- metadata{ service_id: 0 }
I/chromium( 9837): [INFO:CONSOLE(12)] "760", source: http://localhost:8000/httprequest.js (12)
I/vgn     (  977): 45-xlb -- metadata{ service_id: 0 }
I/chromium( 9837): [INFO:CONSOLE(12)] "759", source: http://localhost:8000/httprequest.js (12)
I/vgn     (  977): 45-xlb -- metadata{ service_id: 0 }
I/chromium( 9837): [INFO:CONSOLE(12)] "758", source: http://localhost:8000/httprequest.js (12)
I/vgn     (  977): 45-xlb -- metadata{ service_id: 0 }
I/chromium( 9837): [INFO:CONSOLE(12)] "757", source: http://localhost:8000/httprequest.js (12)
I/vgn     (  977): 45-xlb -- metadata{ service_id: 0 }
I/chromium( 9837): [INFO:CONSOLE(12)] "756", source: http://localhost:8000/httprequest.js (12)
I/vgn     (  977): 45-xlb -- metadata{ service_id: 0 }
I/chromium( 9837): [INFO:CONSOLE(12)] "755", source: http://localhost:8000/httprequest.js (12)
I/vgn     (  977): 45-xlb -- metadata{ service_id: 0 }
I/chromium( 9837): [INFO:CONSOLE(12)] "754", source: http://localhost:8000/httprequest.js (12)
I/vgn     (  977): 45-xlb -- metadata{ service_id: 0 }
I/chromium( 9837): [INFO:CONSOLE(12)] "753", source: http://localhost:8000/httprequest.js (12)
I/vgn     (  977): 45-xlb -- metadata{ service_id: 0 }
I/chromium( 9837): [INFO:CONSOLE(12)] "752", source: http://localhost:8000/httprequest.js (12)
I/vgn     (  977): 45-xlb -- metadata{ service_id: 0 }
I/chromium( 9837): [INFO:CONSOLE(12)] "751", source: http://localhost:8000/httprequest.js (12)
I/vgn     (  977): 45-xlb -- metadata{ service_id: 0 }
I/chromium( 9837): [INFO:CONSOLE(12)] "750", source: http://localhost:8000/httprequest.js (12)
I/vgn     (  977): 45-xlb -- metadata{ service_id: 0 }
I/chromium( 9837): [INFO:CONSOLE(12)] "749", source: http://localhost:8000/httprequest.js (12)
I/vgn     (  977): 45-xlb -- metadata{ service_id: 0 }
I/chromium( 9837): [INFO:CONSOLE(12)] "748", source: http://localhost:8000/httprequest.js (12)
I/vgn     (  977): 45-xlb -- metadata{ service_id: 0 }
I/chromium( 9837): [INFO:CONSOLE(12)] "747", source: http://localhost:8000/httprequest.js (12)
I/vgn     (  977): 45-xlb -- metadata{ service_id: 0 }
I/chromium( 9837): [INFO:CONSOLE(12)] "746", source: http://localhost:8000/httprequest.js (12)
I/vgn     (  977): 45-xlb -- metadata{ service_id: 0 }
I/chromium( 9837): [INFO:CONSOLE(12)] "745", source: http://localhost:8000/httprequest.js (12)
I/vgn     (  977): 45-xlb -- metadata{ service_id: 0 }
I/chromium( 9837): [INFO:CONSOLE(12)] "744", source: http://localhost:8000/httprequest.js (12)
I/vgn     (  977): 45-xlb -- metadata{ service_id: 0 }
I/chromium( 9837): [INFO:CONSOLE(12)] "743", source: http://localhost:8000/httprequest.js (12)
I/vgn     (  977): 45-xlb -- metadata{ service_id: 0 }
I/chromium( 9837): [INFO:CONSOLE(12)] "742", source: http://localhost:8000/httprequest.js (12)
I/vgn     (  977): 45-xlb -- metadata{ service_id: 0 }
I/chromium( 9837): [INFO:CONSOLE(12)] "741", source: http://localhost:8000/httprequest.js (12)
I/vgn     (  977): 45-xlb -- metadata{ service_id: 0 }
I/chromium( 9837): [INFO:CONSOLE(12)] "740", source: http://localhost:8000/httprequest.js (12)
I/vgn     (  977): 45-xlb -- metadata{ service_id: 0 }
I/chromium( 9837): [INFO:CONSOLE(12)] "739", source: http://localhost:8000/httprequest.js (12)
I/vgn     (  977): 45-xlb -- metadata{ service_id: 0 }
I/chromium( 9837): [INFO:CONSOLE(12)] "738", source: http://localhost:8000/httprequest.js (12)
I/vgn     (  977): 45-xlb -- metadata{ service_id: 0 }
I/chromium( 9837): [INFO:CONSOLE(12)] "737", source: http://localhost:8000/httprequest.js (12)
I/vgn     (  977): 45-xlb -- metadata{ service_id: 0 }
I/chromium( 9837): [INFO:CONSOLE(12)] "736", source: http://localhost:8000/httprequest.js (12)
I/vgn     (  977): 45-xlb -- metadata{ service_id: 0 }
I/chromium( 9837): [INFO:CONSOLE(12)] "735", source: http://localhost:8000/httprequest.js (12)
I/vgn     (  977): 45-xlb -- metadata{ service_id: 0 }
I/chromium( 9837): [INFO:CONSOLE(12)] "734", source: http://localhost:8000/httprequest.js (12)
I/vgn     (  977): 45-xlb -- metadata{ service_id: 0 }
I/chromium( 9837): [INFO:CONSOLE(12)] "733", source: http://localhost:8000/httprequest.js (12)
I/vgn     (  977): 45-xlb -- metadata{ service_id: 0 }
I/chromium( 9837): [INFO:CONSOLE(12)] "732", source: http://localhost:8000/httprequest.js (12)
I/vgn     (  977): 45-xlb -- metadata{ service_id: 0 }
I/chromium( 9837): [INFO:CONSOLE(12)] "731", source: http://localhost:8000/httprequest.js (12)
I/vgn     (  977): 45-xlb -- metadata{ service_id: 0 }
I/chromium( 9837): [INFO:CONSOLE(12)] "730", source: http://localhost:8000/httprequest.js (12)
I/vgn     (  977): 45-xlb -- metadata{ service_id: 0 }
I/chromium( 9837): [INFO:CONSOLE(12)] "729", source: http://localhost:8000/httprequest.js (12)
I/vgn     (  977): 45-xlb -- metadata{ service_id: 0 }
I/chromium( 9837): [INFO:CONSOLE(12)] "728", source: http://localhost:8000/httprequest.js (12)
I/vgn     (  977): 45-xlb -- metadata{ service_id: 0 }
I/chromium( 9837): [INFO:CONSOLE(12)] "727", source: http://localhost:8000/httprequest.js (12)
I/vgn     (  977): 45-xlb -- metadata{ service_id: 0 }
I/chromium( 9837): [INFO:CONSOLE(12)] "726", source: http://localhost:8000/httprequest.js (12)
I/vgn     (  977): 45-xlb -- metadata{ service_id: 0 }
I/chromium( 9837): [INFO:CONSOLE(12)] "725", source: http://localhost:8000/httprequest.js (12)
I/vgn     (  977): 45-xlb -- metadata{ service_id: 0 }
I/chromium( 9837): [INFO:CONSOLE(12)] "724", source: http://localhost:8000/httprequest.js (12)
I/vgn     (  977): 45-xlb -- metadata{ service_id: 0 }
I/chromium( 9837): [INFO:CONSOLE(12)] "723", source: http://localhost:8000/httprequest.js (12)
I/vgn     (  977): 45-xlb -- metadata{ service_id: 0 }
I/chromium( 9837): [INFO:CONSOLE(12)] "722", source: http://localhost:8000/httprequest.js (12)
I/vgn     (  977): 45-xlb -- metadata{ service_id: 0 }
I/chromium( 9837): [INFO:CONSOLE(12)] "721", source: http://localhost:8000/httprequest.js (12)
I/vgn     (  977): 45-xlb -- metadata{ service_id: 0 }
W/Wifi    ( 3637): Failed to read packet and byte counts from wifi interface
I/chromium( 9837): [INFO:CONSOLE(12)] "720", source: http://localhost:8000/httprequest.js (12)
I/vgn     (  977): 45-xlb -- metadata{ service_id: 0 }
I/chromium( 9837): [INFO:CONSOLE(12)] "719", source: http://localhost:8000/httprequest.js (12)
I/vgn     (  977): 45-xlb -- metadata{ service_id: 0 }
I/chromium( 9837): [INFO:CONSOLE(12)] "718", source: http://localhost:8000/httprequest.js (12)
I/vgn     (  977): 45-xlb -- metadata{ service_id: 0 }
I/chromium( 9837): [INFO:CONSOLE(12)] "717", source: http://localhost:8000/httprequest.js (12)
I/vgn     (  977): 45-xlb -- metadata{ service_id: 0 }
I/chromium( 9837): [INFO:CONSOLE(12)] "716", source: http://localhost:8000/httprequest.js (12)
I/vgn     (  977): 45-xlb -- metadata{ service_id: 0 }
I/chromium( 9837): [INFO:CONSOLE(12)] "715", source: http://localhost:8000/httprequest.js (12)
I/vgn     (  977): 45-xlb -- metadata{ service_id: 0 }
I/chromium( 9837): [INFO:CONSOLE(12)] "714", source: http://localhost:8000/httprequest.js (12)
I/vgn     (  977): 45-xlb -- metadata{ service_id: 0 }
I/chromium( 9837): [INFO:CONSOLE(12)] "713", source: http://localhost:8000/httprequest.js (12)
I/vgn     (  977): 45-xlb -- metadata{ service_id: 0 }
I/chromium( 9837): [INFO:CONSOLE(12)] "712", source: http://localhost:8000/httprequest.js (12)
I/art     ( 9837): Explicit concurrent mark sweep GC freed 27672(1679KB) AllocSpace objects, 0(0B) LOS objects, 40% free, 15MB/26MB, paused 425us total 35.128ms
I/vgn     (  977): 45-xlb -- metadata{ service_id: 0 }
I/chromium( 9837): [INFO:CONSOLE(12)] "711", source: http://localhost:8000/httprequest.js (12)
I/vgn     (  977): 45-xlb -- metadata{ service_id: 0 }
I/chromium( 9837): [INFO:CONSOLE(12)] "710", source: http://localhost:8000/httprequest.js (12)
I/vgn     (  977): 45-xlb -- metadata{ service_id: 0 }
I/chromium( 9837): [INFO:CONSOLE(12)] "709", source: http://localhost:8000/httprequest.js (12)
I/vgn     (  977): 45-xlb -- metadata{ service_id: 0 }
I/chromium( 9837): [INFO:CONSOLE(12)] "708", source: http://localhost:8000/httprequest.js (12)
I/vgn     (  977): 45-xlb -- metadata{ service_id: 0 }
I/chromium( 9837): [INFO:CONSOLE(12)] "707", source: http://localhost:8000/httprequest.js (12)
I/vgn     (  977): 45-xlb -- metadata{ service_id: 0 }
I/chromium( 9837): [INFO:CONSOLE(12)] "706", source: http://localhost:8000/httprequest.js (12)
I/vgn     (  977): 45-xlb -- metadata{ service_id: 0 }
I/chromium( 9837): [INFO:CONSOLE(12)] "705", source: http://localhost:8000/httprequest.js (12)
I/vgn     (  977): 45-xlb -- metadata{ service_id: 0 }
I/chromium( 9837): [INFO:CONSOLE(12)] "704", source: http://localhost:8000/httprequest.js (12)
I/vgn     (  977): 45-xlb -- metadata{ service_id: 0 }
I/chromium( 9837): [INFO:CONSOLE(12)] "703", source: http://localhost:8000/httprequest.js (12)
I/vgn     (  977): 45-xlb -- metadata{ service_id: 0 }
I/chromium( 9837): [INFO:CONSOLE(12)] "702", source: http://localhost:8000/httprequest.js (12)
I/vgn     (  977): 45-xlb -- metadata{ service_id: 0 }
I/chromium( 9837): [INFO:CONSOLE(12)] "701", source: http://localhost:8000/httprequest.js (12)
I/vgn     (  977): 45-xlb -- metadata{ service_id: 0 }
I/chromium( 9837): [INFO:CONSOLE(12)] "700", source: http://localhost:8000/httprequest.js (12)
I/vgn     (  977): 45-xlb -- metadata{ service_id: 0 }
I/chromium( 9837): [INFO:CONSOLE(12)] "699", source: http://localhost:8000/httprequest.js (12)
I/vgn     (  977): 45-xlb -- metadata{ service_id: 0 }
I/chromium( 9837): [INFO:CONSOLE(12)] "698", source: http://localhost:8000/httprequest.js (12)
I/vgn     (  977): 45-xlb -- metadata{ service_id: 0 }
I/chromium( 9837): [INFO:CONSOLE(12)] "697", source: http://localhost:8000/httprequest.js (12)
I/vgn     (  977): 45-xlb -- metadata{ service_id: 0 }
I/chromium( 9837): [INFO:CONSOLE(12)] "696", source: http://localhost:8000/httprequest.js (12)
I/vgn     (  977): 45-xlb -- metadata{ service_id: 0 }
I/chromium( 9837): [INFO:CONSOLE(12)] "695", source: http://localhost:8000/httprequest.js (12)
I/vgn     (  977): 45-xlb -- metadata{ service_id: 0 }
I/chromium( 9837): [INFO:CONSOLE(12)] "694", source: http://localhost:8000/httprequest.js (12)
I/vgn     (  977): 45-xlb -- metadata{ service_id: 0 }
I/chromium( 9837): [INFO:CONSOLE(12)] "693", source: http://localhost:8000/httprequest.js (12)
I/vgn     (  977): 45-xlb -- metadata{ service_id: 0 }
I/chromium( 9837): [INFO:CONSOLE(12)] "692", source: http://localhost:8000/httprequest.js (12)
I/vgn     (  977): 45-xlb -- metadata{ service_id: 0 }
I/chromium( 9837): [INFO:CONSOLE(12)] "691", source: http://localhost:8000/httprequest.js (12)
I/vgn     (  977): 45-xlb -- metadata{ service_id: 0 }
I/chromium( 9837): [INFO:CONSOLE(12)] "690", source: http://localhost:8000/httprequest.js (12)
I/vgn     (  977): 45-xlb -- metadata{ service_id: 0 }
I/chromium( 9837): [INFO:CONSOLE(12)] "689", source: http://localhost:8000/httprequest.js (12)
I/vgn     (  977): 45-xlb -- metadata{ service_id: 0 }
I/chromium( 9837): [INFO:CONSOLE(12)] "688", source: http://localhost:8000/httprequest.js (12)
I/vgn     (  977): 45-xlb -- metadata{ service_id: 0 }
I/chromium( 9837): [INFO:CONSOLE(12)] "687", source: http://localhost:8000/httprequest.js (12)
I/vgn     (  977): 45-xlb -- metadata{ service_id: 0 }
I/chromium( 9837): [INFO:CONSOLE(12)] "686", source: http://localhost:8000/httprequest.js (12)
I/vgn     (  977): 45-xlb -- metadata{ service_id: 0 }
I/chromium( 9837): [INFO:CONSOLE(12)] "685", source: http://localhost:8000/httprequest.js (12)
I/vgn     (  977): 45-xlb -- metadata{ service_id: 0 }
I/chromium( 9837): [INFO:CONSOLE(12)] "684", source: http://localhost:8000/httprequest.js (12)
I/vgn     (  977): 45-xlb -- metadata{ service_id: 0 }
I/chromium( 9837): [INFO:CONSOLE(12)] "683", source: http://localhost:8000/httprequest.js (12)
I/vgn     (  977): 45-xlb -- metadata{ service_id: 0 }
I/chromium( 9837): [INFO:CONSOLE(12)] "682", source: http://localhost:8000/httprequest.js (12)
I/vgn     (  977): 45-xlb -- metadata{ service_id: 0 }
I/chromium( 9837): [INFO:CONSOLE(12)] "681", source: http://localhost:8000/httprequest.js (12)
I/vgn     (  977): 45-xlb -- metadata{ service_id: 0 }
I/chromium( 9837): [INFO:CONSOLE(12)] "680", source: http://localhost:8000/httprequest.js (12)
I/vgn     (  977): 45-xlb -- metadata{ service_id: 0 }
I/chromium( 9837): [INFO:CONSOLE(12)] "679", source: http://localhost:8000/httprequest.js (12)
I/vgn     (  977): 45-xlb -- metadata{ service_id: 0 }
I/chromium( 9837): [INFO:CONSOLE(12)] "678", source: http://localhost:8000/httprequest.js (12)
I/vgn     (  977): 45-xlb -- metadata{ service_id: 0 }
I/chromium( 9837): [INFO:CONSOLE(12)] "677", source: http://localhost:8000/httprequest.js (12)
I/vgn     (  977): 45-xlb -- metadata{ service_id: 0 }
I/chromium( 9837): [INFO:CONSOLE(12)] "676", source: http://localhost:8000/httprequest.js (12)
I/vgn     (  977): 45-xlb -- metadata{ service_id: 0 }
I/chromium( 9837): [INFO:CONSOLE(12)] "675", source: http://localhost:8000/httprequest.js (12)
I/vgn     (  977): 45-xlb -- metadata{ service_id: 0 }
I/chromium( 9837): [INFO:CONSOLE(12)] "674", source: http://localhost:8000/httprequest.js (12)
I/vgn     (  977): 45-xlb -- metadata{ service_id: 0 }
I/chromium( 9837): [INFO:CONSOLE(12)] "673", source: http://localhost:8000/httprequest.js (12)
I/vgn     (  977): 45-xlb -- metadata{ service_id: 0 }
I/chromium( 9837): [INFO:CONSOLE(12)] "672", source: http://localhost:8000/httprequest.js (12)
I/vgn     (  977): 45-xlb -- metadata{ service_id: 0 }
I/chromium( 9837): [INFO:CONSOLE(12)] "671", source: http://localhost:8000/httprequest.js (12)
I/vgn     (  977): 45-xlb -- metadata{ service_id: 0 }
I/chromium( 9837): [INFO:CONSOLE(12)] "670", source: http://localhost:8000/httprequest.js (12)
I/vgn     (  977): 45-xlb -- metadata{ service_id: 0 }
I/chromium( 9837): [INFO:CONSOLE(12)] "669", source: http://localhost:8000/httprequest.js (12)
I/vgn     (  977): 45-xlb -- metadata{ service_id: 0 }
I/chromium( 9837): [INFO:CONSOLE(12)] "668", source: http://localhost:8000/httprequest.js (12)
I/vgn     (  977): 45-xlb -- metadata{ service_id: 0 }
I/chromium( 9837): [INFO:CONSOLE(12)] "667", source: http://localhost:8000/httprequest.js (12)
I/vgn     (  977): 45-xlb -- metadata{ service_id: 0 }
I/chromium( 9837): [INFO:CONSOLE(12)] "666", source: http://localhost:8000/httprequest.js (12)
I/vgn     (  977): 45-xlb -- metadata{ service_id: 0 }
I/chromium( 9837): [INFO:CONSOLE(12)] "665", source: http://localhost:8000/httprequest.js (12)
I/vgn     (  977): 45-xlb -- metadata{ service_id: 0 }
I/chromium( 9837): [INFO:CONSOLE(12)] "664", source: http://localhost:8000/httprequest.js (12)
I/vgn     (  977): 45-xlb -- metadata{ service_id: 0 }
I/chromium( 9837): [INFO:CONSOLE(12)] "663", source: http://localhost:8000/httprequest.js (12)
I/vgn     (  977): 45-xlb -- metadata{ service_id: 0 }
I/chromium( 9837): [INFO:CONSOLE(12)] "662", source: http://localhost:8000/httprequest.js (12)
I/vgn     (  977): 45-xlb -- metadata{ service_id: 0 }
I/chromium( 9837): [INFO:CONSOLE(12)] "661", source: http://localhost:8000/httprequest.js (12)
I/vgn     (  977): 45-xlb -- metadata{ service_id: 0 }
I/chromium( 9837): [INFO:CONSOLE(12)] "660", source: http://localhost:8000/httprequest.js (12)
I/vgn     (  977): 45-xlb -- metadata{ service_id: 0 }
I/chromium( 9837): [INFO:CONSOLE(12)] "659", source: http://localhost:8000/httprequest.js (12)
I/vgn     (  977): 45-xlb -- metadata{ service_id: 0 }
I/chromium( 9837): [INFO:CONSOLE(12)] "658", source: http://localhost:8000/httprequest.js (12)
I/vgn     (  977): 45-xlb -- metadata{ service_id: 0 }
I/chromium( 9837): [INFO:CONSOLE(12)] "657", source: http://localhost:8000/httprequest.js (12)
I/vgn     (  977): 45-xlb -- metadata{ service_id: 0 }
I/chromium( 9837): [INFO:CONSOLE(12)] "656", source: http://localhost:8000/httprequest.js (12)
I/vgn     (  977): 45-xlb -- metadata{ service_id: 0 }
I/chromium( 9837): [INFO:CONSOLE(12)] "655", source: http://localhost:8000/httprequest.js (12)
I/vgn     (  977): 45-xlb -- metadata{ service_id: 0 }
I/chromium( 9837): [INFO:CONSOLE(12)] "654", source: http://localhost:8000/httprequest.js (12)
I/vgn     (  977): 45-xlb -- metadata{ service_id: 0 }
I/chromium( 9837): [INFO:CONSOLE(12)] "653", source: http://localhost:8000/httprequest.js (12)
I/vgn     (  977): 45-xlb -- metadata{ service_id: 0 }
I/chromium( 9837): [INFO:CONSOLE(12)] "652", source: http://localhost:8000/httprequest.js (12)
I/vgn     (  977): 45-xlb -- metadata{ service_id: 0 }
I/chromium( 9837): [INFO:CONSOLE(12)] "651", source: http://localhost:8000/httprequest.js (12)
I/vgn     (  977): 45-xlb -- metadata{ service_id: 0 }
I/chromium( 9837): [INFO:CONSOLE(12)] "650", source: http://localhost:8000/httprequest.js (12)
I/vgn     (  977): 45-xlb -- metadata{ service_id: 0 }
I/chromium( 9837): [INFO:CONSOLE(12)] "649", source: http://localhost:8000/httprequest.js (12)
I/vgn     (  977): 45-xlb -- metadata{ service_id: 0 }
I/chromium( 9837): [INFO:CONSOLE(12)] "648", source: http://localhost:8000/httprequest.js (12)
I/vgn     (  977): 45-xlb -- metadata{ service_id: 0 }
I/chromium( 9837): [INFO:CONSOLE(12)] "647", source: http://localhost:8000/httprequest.js (12)
W/Wifi    ( 3637): Failed to read packet and byte counts from wifi interface
I/art     (  977): Explicit concurrent mark sweep GC freed 104747(3MB) AllocSpace objects, 0(0B) LOS objects, 36% free, 28MB/44MB, paused 505us total 97.485ms
I/vgn     (  977): 45-xlb -- metadata{ service_id: 0 }
I/chromium( 9837): [INFO:CONSOLE(12)] "646", source: http://localhost:8000/httprequest.js (12)
I/vgn     (  977): 45-xlb -- metadata{ service_id: 0 }
I/chromium( 9837): [INFO:CONSOLE(12)] "645", source: http://localhost:8000/httprequest.js (12)
I/vgn     (  977): 45-xlb -- metadata{ service_id: 0 }
I/chromium( 9837): [INFO:CONSOLE(12)] "644", source: http://localhost:8000/httprequest.js (12)
I/vgn     (  977): 45-xlb -- metadata{ service_id: 0 }
I/chromium( 9837): [INFO:CONSOLE(12)] "643", source: http://localhost:8000/httprequest.js (12)
I/vgn     (  977): 45-xlb -- metadata{ service_id: 0 }
I/chromium( 9837): [INFO:CONSOLE(12)] "642", source: http://localhost:8000/httprequest.js (12)
I/vgn     (  977): 45-xlb -- metadata{ service_id: 0 }
I/chromium( 9837): [INFO:CONSOLE(12)] "641", source: http://localhost:8000/httprequest.js (12)
I/vgn     (  977): 45-xlb -- metadata{ service_id: 0 }
I/chromium( 9837): [INFO:CONSOLE(12)] "640", source: http://localhost:8000/httprequest.js (12)
I/vgn     (  977): 45-xlb -- metadata{ service_id: 0 }
I/chromium( 9837): [INFO:CONSOLE(12)] "639", source: http://localhost:8000/httprequest.js (12)
I/vgn     (  977): 45-xlb -- metadata{ service_id: 0 }
I/chromium( 9837): [INFO:CONSOLE(12)] "638", source: http://localhost:8000/httprequest.js (12)
I/vgn     (  977): 45-xlb -- metadata{ service_id: 0 }
I/chromium( 9837): [INFO:CONSOLE(12)] "637", source: http://localhost:8000/httprequest.js (12)
I/vgn     (  977): 45-xlb -- metadata{ service_id: 0 }
I/chromium( 9837): [INFO:CONSOLE(12)] "636", source: http://localhost:8000/httprequest.js (12)
I/vgn     (  977): 45-xlb -- metadata{ service_id: 0 }
I/chromium( 9837): [INFO:CONSOLE(12)] "635", source: http://localhost:8000/httprequest.js (12)
I/vgn     (  977): 45-xlb -- metadata{ service_id: 0 }
I/chromium( 9837): [INFO:CONSOLE(12)] "634", source: http://localhost:8000/httprequest.js (12)
I/vgn     (  977): 45-xlb -- metadata{ service_id: 0 }
I/chromium( 9837): [INFO:CONSOLE(12)] "633", source: http://localhost:8000/httprequest.js (12)
I/vgn     (  977): 45-xlb -- metadata{ service_id: 0 }
I/chromium( 9837): [INFO:CONSOLE(12)] "632", source: http://localhost:8000/httprequest.js (12)
I/vgn     (  977): 45-xlb -- metadata{ service_id: 0 }
I/chromium( 9837): [INFO:CONSOLE(12)] "631", source: http://localhost:8000/httprequest.js (12)
I/vgn     (  977): 45-xlb -- metadata{ service_id: 0 }
I/chromium( 9837): [INFO:CONSOLE(12)] "630", source: http://localhost:8000/httprequest.js (12)
I/vgn     (  977): 45-xlb -- metadata{ service_id: 0 }
I/chromium( 9837): [INFO:CONSOLE(12)] "629", source: http://localhost:8000/httprequest.js (12)
I/vgn     (  977): 45-xlb -- metadata{ service_id: 0 }
I/chromium( 9837): [INFO:CONSOLE(12)] "628", source: http://localhost:8000/httprequest.js (12)
I/vgn     (  977): 45-xlb -- metadata{ service_id: 0 }
I/chromium( 9837): [INFO:CONSOLE(12)] "627", source: http://localhost:8000/httprequest.js (12)
I/vgn     (  977): 45-xlb -- metadata{ service_id: 0 }
I/chromium( 9837): [INFO:CONSOLE(12)] "626", source: http://localhost:8000/httprequest.js (12)
I/vgn     (  977): 45-xlb -- metadata{ service_id: 0 }
I/chromium( 9837): [INFO:CONSOLE(12)] "625", source: http://localhost:8000/httprequest.js (12)
I/vgn     (  977): 45-xlb -- metadata{ service_id: 0 }
I/chromium( 9837): [INFO:CONSOLE(12)] "624", source: http://localhost:8000/httprequest.js (12)
I/vgn     (  977): 45-xlb -- metadata{ service_id: 0 }
I/chromium( 9837): [INFO:CONSOLE(12)] "623", source: http://localhost:8000/httprequest.js (12)
I/vgn     (  977): 45-xlb -- metadata{ service_id: 0 }
I/chromium( 9837): [INFO:CONSOLE(12)] "622", source: http://localhost:8000/httprequest.js (12)
I/vgn     (  977): 45-xlb -- metadata{ service_id: 0 }
I/chromium( 9837): [INFO:CONSOLE(12)] "621", source: http://localhost:8000/httprequest.js (12)
I/vgn     (  977): 45-xlb -- metadata{ service_id: 0 }
I/chromium( 9837): [INFO:CONSOLE(12)] "620", source: http://localhost:8000/httprequest.js (12)
I/vgn     (  977): 45-xlb -- metadata{ service_id: 0 }
I/chromium( 9837): [INFO:CONSOLE(12)] "619", source: http://localhost:8000/httprequest.js (12)
I/vgn     (  977): 45-xlb -- metadata{ service_id: 0 }
I/chromium( 9837): [INFO:CONSOLE(12)] "618", source: http://localhost:8000/httprequest.js (12)
I/vgn     (  977): 45-xlb -- metadata{ service_id: 0 }
I/chromium( 9837): [INFO:CONSOLE(12)] "617", source: http://localhost:8000/httprequest.js (12)
I/vgn     (  977): 45-xlb -- metadata{ service_id: 0 }
I/chromium( 9837): [INFO:CONSOLE(12)] "616", source: http://localhost:8000/httprequest.js (12)
I/vgn     (  977): 45-xlb -- metadata{ service_id: 0 }
I/chromium( 9837): [INFO:CONSOLE(12)] "615", source: http://localhost:8000/httprequest.js (12)
I/vgn     (  977): 45-xlb -- metadata{ service_id: 0 }
I/chromium( 9837): [INFO:CONSOLE(12)] "614", source: http://localhost:8000/httprequest.js (12)
I/vgn     (  977): 45-xlb -- metadata{ service_id: 0 }
I/chromium( 9837): [INFO:CONSOLE(12)] "613", source: http://localhost:8000/httprequest.js (12)
I/vgn     (  977): 45-xlb -- metadata{ service_id: 0 }
I/chromium( 9837): [INFO:CONSOLE(12)] "612", source: http://localhost:8000/httprequest.js (12)
I/vgn     (  977): 45-xlb -- metadata{ service_id: 0 }
I/chromium( 9837): [INFO:CONSOLE(12)] "611", source: http://localhost:8000/httprequest.js (12)
I/vgn     (  977): 45-xlb -- metadata{ service_id: 0 }
I/chromium( 9837): [INFO:CONSOLE(12)] "610", source: http://localhost:8000/httprequest.js (12)
I/vgn     (  977): 45-xlb -- metadata{ service_id: 0 }
I/chromium( 9837): [INFO:CONSOLE(12)] "609", source: http://localhost:8000/httprequest.js (12)
I/vgn     (  977): 45-xlb -- metadata{ service_id: 0 }
I/chromium( 9837): [INFO:CONSOLE(12)] "608", source: http://localhost:8000/httprequest.js (12)
I/vgn     (  977): 45-xlb -- metadata{ service_id: 0 }
I/chromium( 9837): [INFO:CONSOLE(12)] "607", source: http://localhost:8000/httprequest.js (12)
I/vgn     (  977): 45-xlb -- metadata{ service_id: 0 }
I/chromium( 9837): [INFO:CONSOLE(12)] "606", source: http://localhost:8000/httprequest.js (12)
I/vgn     (  977): 45-xlb -- metadata{ service_id: 0 }
I/chromium( 9837): [INFO:CONSOLE(12)] "605", source: http://localhost:8000/httprequest.js (12)
I/vgn     (  977): 45-xlb -- metadata{ service_id: 0 }
I/chromium( 9837): [INFO:CONSOLE(12)] "604", source: http://localhost:8000/httprequest.js (12)
I/vgn     (  977): 45-xlb -- metadata{ service_id: 0 }
I/chromium( 9837): [INFO:CONSOLE(12)] "603", source: http://localhost:8000/httprequest.js (12)
I/vgn     (  977): 45-xlb -- metadata{ service_id: 0 }
I/chromium( 9837): [INFO:CONSOLE(12)] "602", source: http://localhost:8000/httprequest.js (12)
I/vgn     (  977): 45-xlb -- metadata{ service_id: 0 }
I/chromium( 9837): [INFO:CONSOLE(12)] "601", source: http://localhost:8000/httprequest.js (12)
I/vgn     (  977): 45-xlb -- metadata{ service_id: 0 }
I/chromium( 9837): [INFO:CONSOLE(12)] "600", source: http://localhost:8000/httprequest.js (12)
I/vgn     (  977): 45-xlb -- metadata{ service_id: 0 }
I/chromium( 9837): [INFO:CONSOLE(12)] "599", source: http://localhost:8000/httprequest.js (12)
I/vgn     (  977): 45-xlb -- metadata{ service_id: 0 }
I/chromium( 9837): [INFO:CONSOLE(12)] "598", source: http://localhost:8000/httprequest.js (12)
I/vgn     (  977): 45-xlb -- metadata{ service_id: 0 }
I/chromium( 9837): [INFO:CONSOLE(12)] "597", source: http://localhost:8000/httprequest.js (12)
I/vgn     (  977): 45-xlb -- metadata{ service_id: 0 }
I/chromium( 9837): [INFO:CONSOLE(12)] "596", source: http://localhost:8000/httprequest.js (12)
I/vgn     (  977): 45-xlb -- metadata{ service_id: 0 }
