W/Wifi    ( 3847): Failed to read packet and byte counts from wifi interface
E/WifiStateMachine(  459): WifiStateMachine CMD_START_SCAN source -2 txSuccessRate=0.69 rxSuccessRate=1.19 targetRoamBSSID=f0:9f:c2:f4:b8:94 RSSI=-57
W/Wifi    ( 3847): Failed to read packet and byte counts from wifi interface
W/Wifi    ( 3847): Failed to read packet and byte counts from wifi interface
W/Wifi    ( 3847): Failed to read packet and byte counts from wifi interface
W/Wifi    ( 3847): Failed to read packet and byte counts from wifi interface
W/Wifi    ( 3847): Failed to read packet and byte counts from wifi interface
W/Wifi    ( 3847): Failed to read packet and byte counts from wifi interface
W/Wifi    ( 3847): Failed to read packet and byte counts from wifi interface
W/Wifi    ( 3847): Failed to read packet and byte counts from wifi interface
W/Wifi    ( 3847): Failed to read packet and byte counts from wifi interface
W/Wifi    ( 3847): Failed to read packet and byte counts from wifi interface
W/Wifi    ( 3847): Failed to read packet and byte counts from wifi interface
W/Wifi    ( 3847): Failed to read packet and byte counts from wifi interface
W/Wifi    ( 3847): Failed to read packet and byte counts from wifi interface
W/Wifi    ( 3847): Failed to read packet and byte counts from wifi interface
W/Wifi    ( 3847): Failed to read packet and byte counts from wifi interface
W/Wifi    ( 3847): Failed to read packet and byte counts from wifi interface
W/Wifi    ( 3847): Failed to read packet and byte counts from wifi interface
W/Wifi    ( 3847): Failed to read packet and byte counts from wifi interface
W/Wifi    ( 3847): Failed to read packet and byte counts from wifi interface
W/Wifi    ( 3847): Failed to read packet and byte counts from wifi interface
E/WifiStateMachine(  459): WifiStateMachine CMD_START_SCAN source -2 txSuccessRate=0.03 rxSuccessRate=2.41 targetRoamBSSID=f0:9f:c2:f4:b8:94 RSSI=-52
W/Wifi    ( 3847): Failed to read packet and byte counts from wifi interface
W/Wifi    ( 3847): Failed to read packet and byte counts from wifi interface
W/Wifi    ( 3847): Failed to read packet and byte counts from wifi interface
W/Wifi    ( 3847): Failed to read packet and byte counts from wifi interface
W/Wifi    ( 3847): Failed to read packet and byte counts from wifi interface
W/Wifi    ( 3847): Failed to read packet and byte counts from wifi interface
W/Wifi    ( 3847): Failed to read packet and byte counts from wifi interface
W/Wifi    ( 3847): Failed to read packet and byte counts from wifi interface
E/native  (  459): do suspend false
E/WifiStateMachine(  459): scanCount==0 - aborting
I/dhcpcd  (19413): sending signal 14 to pid 5509
I/dhcpcd  ( 5509): received SIGALRM, renewing
I/dhcpcd  ( 5509): wlan0: renewing lease of 10.19.0.144
I/dhcpcd  ( 5509): wlan0: acknowledged 10.19.0.144 from 10.19.0.1
I/dhcpcd  ( 5509): wlan0: leased 10.19.0.144 for 600 seconds
D/ConnectivityService(  459): NetworkAgentInfo [WIFI () - 103] EVENT_NETWORK_INFO_CHANGED, going from CONNECTED to CONNECTING
E/WifiStateMachine(  459): WifiStateMachine: Leaving Connected state
I/GeofencerStateMachine( 1049): sendWifiConnectivityChanged: connectivity=false
D/ConnectivityService(  459): NetworkAgentInfo [WIFI () - 103] EVENT_NETWORK_INFO_CHANGED, going from CONNECTING to CONNECTED
I/GeofencerStateMachine( 1049): sendWifiConnectivityChanged: connectivity=true
W/Wifi    ( 3847): Failed to read packet and byte counts from wifi interface
W/Wifi    ( 3847): Failed to read packet and byte counts from wifi interface
W/Wifi    ( 3847): Failed to read packet and byte counts from wifi interface
W/Wifi    ( 3847): Failed to read packet and byte counts from wifi interface
W/Wifi    ( 3847): Failed to read packet and byte counts from wifi interface
W/Wifi    ( 3847): Failed to read packet and byte counts from wifi interface
W/Wifi    ( 3847): Failed to read packet and byte counts from wifi interface
W/Wifi    ( 3847): Failed to read packet and byte counts from wifi interface
W/Wifi    ( 3847): Failed to read packet and byte counts from wifi interface
W/Wifi    ( 3847): Failed to read packet and byte counts from wifi interface
W/Wifi    ( 3847): Failed to read packet and byte counts from wifi interface
W/Wifi    ( 3847): Failed to read packet and byte counts from wifi interface
E/WifiStateMachine(  459): WifiStateMachine CMD_START_SCAN source -2 txSuccessRate=0.31 rxSuccessRate=1.77 targetRoamBSSID=f0:9f:c2:f4:b8:94 RSSI=-53
E/WifiStateMachine(  459): WifiStateMachine L2Connected CMD_START_SCAN source -2 759, 760 -> obsolete
I/vgn     ( 1049): 35-GetDeviceDataUploadOptInStatusOperation -- metadata{ service_id: 0 }
I/vgn     ( 1049): 35-GetDeviceDataUploadOptInStatusOperation -- metadata{ service_id: 0 }
W/Wifi    ( 3847): Failed to read packet and byte counts from wifi interface
W/Wifi    ( 3847): Failed to read packet and byte counts from wifi interface
W/Wifi    ( 3847): Failed to read packet and byte counts from wifi interface
W/Wifi    ( 3847): Failed to read packet and byte counts from wifi interface
W/Wifi    ( 3847): Failed to read packet and byte counts from wifi interface
W/Wifi    ( 3847): Failed to read packet and byte counts from wifi interface
W/Wifi    ( 3847): Failed to read packet and byte counts from wifi interface
W/art     ( 7946): No such thread id for suspend: 28
W/art     ( 7946): No such thread id for suspend: 28
W/art     ( 7946): No such thread id for suspend: 28
W/art     ( 7946): No such thread id for suspend: 28
W/art     ( 7946): No such thread id for suspend: 28
W/art     ( 7946): No such thread id for suspend: 28
W/Wifi    ( 3847): Failed to read packet and byte counts from wifi interface
E/WifiStateMachine(  459): WifiStateMachine CMD_START_SCAN source -2 txSuccessRate=0.04 rxSuccessRate=2.72 targetRoamBSSID=f0:9f:c2:f4:b8:94 RSSI=-52
W/Wifi    ( 3847): Failed to read packet and byte counts from wifi interface
W/Wifi    ( 3847): Failed to read packet and byte counts from wifi interface
W/Wifi    ( 3847): Failed to read packet and byte counts from wifi interface
W/Wifi    ( 3847): Failed to read packet and byte counts from wifi interface
W/Wifi    ( 3847): Failed to read packet and byte counts from wifi interface
W/Wifi    ( 3847): Failed to read packet and byte counts from wifi interface
W/Wifi    ( 3847): Failed to read packet and byte counts from wifi interface
W/Wifi    ( 3847): Failed to read packet and byte counts from wifi interface
W/Wifi    ( 3847): Failed to read packet and byte counts from wifi interface
W/Wifi    ( 3847): Failed to read packet and byte counts from wifi interface
W/Wifi    ( 3847): Failed to read packet and byte counts from wifi interface
W/Wifi    ( 3847): Failed to read packet and byte counts from wifi interface
W/Wifi    ( 3847): Failed to read packet and byte counts from wifi interface
W/Wifi    ( 3847): Failed to read packet and byte counts from wifi interface
W/Wifi    ( 3847): Failed to read packet and byte counts from wifi interface
W/Wifi    ( 3847): Failed to read packet and byte counts from wifi interface
W/Wifi    ( 3847): Failed to read packet and byte counts from wifi interface
W/Wifi    ( 3847): Failed to read packet and byte counts from wifi interface
W/Wifi    ( 3847): Failed to read packet and byte counts from wifi interface
W/Wifi    ( 3847): Failed to read packet and byte counts from wifi interface
E/WifiStateMachine(  459): WifiStateMachine CMD_START_SCAN source -2 txSuccessRate=0.00 rxSuccessRate=0.29 targetRoamBSSID=f0:9f:c2:f4:b8:94 RSSI=-53
W/Wifi    ( 3847): Failed to read packet and byte counts from wifi interface
W/Wifi    ( 3847): Failed to read packet and byte counts from wifi interface
W/Wifi    ( 3847): Failed to read packet and byte counts from wifi interface
W/Wifi    ( 3847): Failed to read packet and byte counts from wifi interface
W/Wifi    ( 3847): Failed to read packet and byte counts from wifi interface
W/Wifi    ( 3847): Failed to read packet and byte counts from wifi interface
W/Wifi    ( 3847): Failed to read packet and byte counts from wifi interface
W/Wifi    ( 3847): Failed to read packet and byte counts from wifi interface
W/Wifi    ( 3847): Failed to read packet and byte counts from wifi interface
W/Wifi    ( 3847): Failed to read packet and byte counts from wifi interface
W/Wifi    ( 3847): Failed to read packet and byte counts from wifi interface
W/Wifi    ( 3847): Failed to read packet and byte counts from wifi interface
W/Wifi    ( 3847): Failed to read packet and byte counts from wifi interface
W/Wifi    ( 3847): Failed to read packet and byte counts from wifi interface
W/Wifi    ( 3847): Failed to read packet and byte counts from wifi interface
W/Wifi    ( 3847): Failed to read packet and byte counts from wifi interface
W/Wifi    ( 3847): Failed to read packet and byte counts from wifi interface
W/Wifi    ( 3847): Failed to read packet and byte counts from wifi interface
W/Wifi    ( 3847): Failed to read packet and byte counts from wifi interface
W/Wifi    ( 3847): Failed to read packet and byte counts from wifi interface
E/WifiStateMachine(  459): WifiStateMachine CMD_START_SCAN source -2 txSuccessRate=0.25 rxSuccessRate=0.97 targetRoamBSSID=f0:9f:c2:f4:b8:94 RSSI=-54
W/Wifi    ( 3847): Failed to read packet and byte counts from wifi interface
W/Wifi    ( 3847): Failed to read packet and byte counts from wifi interface
W/Wifi    ( 3847): Failed to read packet and byte counts from wifi interface
W/Wifi    ( 3847): Failed to read packet and byte counts from wifi interface
W/Wifi    ( 3847): Failed to read packet and byte counts from wifi interface
I/ActivityManager(  459): Killing 9626:com.google.android.apps.docs/u0a41 (adj 15): empty for 1816s
I/ActivityManager(  459): Killing 9606:com.android.externalstorage/u0a6 (adj 15): empty for 1816s
W/Wifi    ( 3847): Failed to read packet and byte counts from wifi interface
W/Wifi    ( 3847): Failed to read packet and byte counts from wifi interface
W/Wifi    ( 3847): Failed to read packet and byte counts from wifi interface
W/Wifi    ( 3847): Failed to read packet and byte counts from wifi interface
I/DeviceStateChecker( 8196): screenOn: true, isCharging: true
W/Wifi    ( 3847): Failed to read packet and byte counts from wifi interface
W/Wifi    ( 3847): Failed to read packet and byte counts from wifi interface
W/Wifi    ( 3847): Failed to read packet and byte counts from wifi interface
D/WifiService(  459): acquireWifiLockLocked: WifiLock{NlpWifiLock type=2 binder=android.os.BinderProxy@285a7348}
E/WifiStateMachine(  459): WifiStateMachine CMD_START_SCAN source 10008 txSuccessRate=0.02 rxSuccessRate=1.62 targetRoamBSSID=f0:9f:c2:f4:b8:94 RSSI=-52
I/orc     ( 1049): 51-RegisterOperationCall -- metadata{ service_id: 0 }
I/ActivityManager(  459): Start proc 19655:com.android.vending/u0a18 for service com.android.vending/com.google.android.finsky.scheduler.JobSchedulerEngine$PhoneskyJobSchedulerJobService
I/vgn     ( 1049): 35-GetDeviceDataUploadOptInStatusOperation -- metadata{ service_id: 0 }
I/vgn     ( 1049): 35-GetDeviceDataUploadOptInStatusOperation -- metadata{ service_id: 0 }
I/vgn     ( 1010): 5-LoadOwners -- metadata{ service_id: 0 }
I/Places  ( 1049): Converted 0 out of 36 WiFi scans
I/PlaceInferenceEngine( 1049): [anon] Changed inference mode: 1
W/ctxmgr  ( 1049): [AclManager]No 2 for (accnt=account#1813920180#, com.google.android.gms(10008):UserLocationProducer, vrsn=12685000, 0, 3pPkg = null ,  3pMdlId = null ,  pid = 1049). Was: 2 for 1, account#1813920180#
W/ctxmgr  ( 1049): [AclManager]No 2 for (accnt=account#1644684176#, com.google.android.gms(10008):UserLocationProducer, vrsn=12685000, 0, 3pPkg = null ,  3pMdlId = null ,  pid = 1049). Was: 2 for 1, account#1644684176#
W/ctxmgr  ( 1049): [AclManager]No 2 for (accnt=account#-517948760#, com.google.android.gms(10008):UserLocationProducer, vrsn=12685000, 0, 3pPkg = null ,  3pMdlId = null ,  pid = 1049). Was: 3 for 1, account#-517948760#
W/ctxmgr  ( 1049): [AclManager]No 2 for (accnt=account#-517948760#, com.google.android.gms(10008):UserVelocityProducer, vrsn=12685000, 0, 3pPkg = null ,  3pMdlId = null ,  pid = 1049). Was: 3 for 48, account#-517948760#
I/PlaceInferenceEngine( 1049): No beacon scan available - ignoring candidates.
W/Wifi    ( 3847): Failed to read packet and byte counts from wifi interface
W/ctxmgr  ( 1049): [AclManager]No 2 for (accnt=account#-517948760#, com.google.android.gms(10008):IndoorOutdoorProducer, vrsn=12685000, 0, 3pPkg = null ,  3pMdlId = null ,  pid = 1049). Was: 3 for 57, account#-517948760#
D/WifiService(  459): releaseWifiLockLocked: WifiLock{NlpWifiLock type=2 binder=android.os.BinderProxy@285a7348}
W/ctxmgr  ( 1049): [AclManager]No 2 for (accnt=account#1813920180#, com.google.android.gms(10008):UserLocationProducer, vrsn=12685000, 0, 3pPkg = null ,  3pMdlId = null ,  pid = 1049). Was: 2 for 1, account#1813920180#
D/libgps  (  459): proxy_gps_inject_location: called.
W/ctxmgr  ( 1049): [AclManager]No 2 for (accnt=account#1644684176#, com.google.android.gms(10008):UserLocationProducer, vrsn=12685000, 0, 3pPkg = null ,  3pMdlId = null ,  pid = 1049). Was: 2 for 1, account#1644684176#
W/ctxmgr  ( 1049): [AclManager]No 2 for (accnt=account#-517948760#, com.google.android.gms(10008):UserLocationProducer, vrsn=12685000, 0, 3pPkg = null ,  3pMdlId = null ,  pid = 1049). Was: 3 for 1, account#-517948760#
I/Finsky  (19655): [1042] com.google.android.finsky.df.a.l.b(25): Started reading experiment flags from file [0tTSdLVFE1O4zdWuuw7alCw90j4].
I/Finsky  (19655): [1041] com.google.android.finsky.df.a.l.b(25): Started reading experiment flags from file [SKocQA9EQQFTb-1gQsc5WsjVhGA].
I/Finsky  (19655): [1042] com.google.android.finsky.df.a.l.b(61): Finished reading experiment flags from file [0tTSdLVFE1O4zdWuuw7alCw90j4].
I/Finsky  (19655): [1041] com.google.android.finsky.df.a.l.b(61): Finished reading experiment flags from file [SKocQA9EQQFTb-1gQsc5WsjVhGA].
I/Finsky  (19655): [1042] com.google.android.finsky.df.a.l.b(25): Started reading experiment flags from file [CQmb9nNGNCYSxJ4fDqYP5KpbS7Q].
I/Finsky  (19655): [1042] com.google.android.finsky.df.a.l.b(61): Finished reading experiment flags from file [CQmb9nNGNCYSxJ4fDqYP5KpbS7Q].
I/Finsky  (19655): [1] com.google.android.finsky.wear.bi.a(14): Component class com.google.android.finsky.wear.WearSupportService enabled via PackageManager.
I/Finsky  (19655): [1] com.google.android.finsky.wear.bi.a(14): Component class com.google.android.finsky.wear.WearChangeListenerService enabled via PackageManager.
I/Finsky  (19655): [1] com.google.android.finsky.application.impl.a.di(2520): Not a unicorn device
W/linker  (19655): libcronet.68.0.3437.4.so: unused DT entry: type 0x6ffffef5 arg 0xa7bd4
W/linker  (19655): libcronet.68.0.3437.4.so: unused DT entry: type 0x6ffffffe arg 0xa7b74
W/linker  (19655): libcronet.68.0.3437.4.so: unused DT entry: type 0x6fffffff arg 0x3
W/Settings(19655): Setting download_manager_max_bytes_over_mobile has moved from android.provider.Settings.Secure to android.provider.Settings.Global.
W/Settings(19655): Setting download_manager_recommended_max_bytes_over_mobile has moved from android.provider.Settings.Secure to android.provider.Settings.Global.
I/cr_CronetLibraryLoader(19655): Cronet version: 68.0.3437.4, arch: aarch64
D/ConnectivityService(  459): listenForNetwork for NetworkRequest [ id=109, legacyType=-1, [ Capabilities: INTERNET&NOT_RESTRICTED&TRUSTED] ]
D/ConnectivityService(  459): handleRegisterNetworkRequest checking NetworkAgentInfo [WIFI () - 103]
D/ConnectivityService(  459): apparently satisfied.  currentScore=100
D/ConnectivityManager.CallbackHandler(19655): CM callback handler got msg 524290
I/Finsky  (19655): [1] com.google.android.finsky.scheduler.bc.<init>(18): Resetting scheduler db
I/Finsky  (19655): [1065] com.google.android.finsky.ch.a.f.k(147): Loaded library for account: [bV0mn0Se6j8NQF4DT19QdaUy-_8]
I/Finsky  (19655): [1065] com.google.android.finsky.ch.a.f.k(147): Loaded library for account: [P5yunbb7TLwMuMmBSoXgSFeZhaI]
I/Finsky  (19655): [1065] com.google.android.finsky.ch.a.f.k(181): Finished loading 2 libraries.
I/Finsky  (19655): [1] com.google.android.finsky.splitinstallservice.bv.a(25): Connecting InstallListener to SplitInstallService broadcaster...
I/Finsky  (19655): [1] com.google.android.finsky.cq.a.a(48): Enabling bucket experiment: factor=1.000, zeroDelta=0ms, forceNetwork=true
I/Finsky  (19655): [1] com.google.android.finsky.installer.a.ai.a(238): Installer kick - no action, not running yet
I/Finsky  (19655): [1] com.google.android.finsky.scheduler.JobSchedulerEngine$PhoneskyJobSchedulerJobService.onStartJob(11): onJobSchedulerWakeup with jobId 9000
I/Finsky  (19655): [1] com.google.android.finsky.scheduler.y.a(14): Scheduling fallback in 43199996 (absolute: 55654090)
I/Finsky  (19655): [1] com.google.android.finsky.scheduler.y.a(14): Scheduling fallback in 64799995 (absolute: 77254095)
I/Finsky  (19655): [1] com.google.android.finsky.scheduler.JobSchedulerEngine$PhoneskyJobSchedulerJobService.onStartJob(11): onJobSchedulerWakeup with jobId 9002
I/Finsky  (19655): [1] com.google.android.finsky.scheduler.y.a(14): Scheduling fallback in 43199998 (absolute: 55654104)
I/Finsky  (19655): [1] com.google.android.finsky.scheduler.y.a(14): Scheduling fallback in 64799999 (absolute: 77254106)
W/Finsky  (19655): [1] com.google.android.finsky.scheduler.JobSchedulerEngine$PhoneskyJobSchedulerJobService.onStartJob(23): onJobSchedulerWakeup while already running
I/Finsky  (19655): [1] com.google.android.finsky.installer.a.r.<init>(15): Not checking if recovering from paused session because experiment is off
I/Finsky  (19655): [1] com.google.android.finsky.scheduler.af.handleMessage(39): DeviceState: DeviceState{currentTime=1529244968346, isCharging=true, isIdle=false, netAny=true, netNotRoaming=true, netUnmetered=true}
I/Finsky  (19655): [1] com.google.android.finsky.scheduler.bc.a(50): Jobs in database: 1-1337 
I/Finsky  (19655): [1] com.google.android.finsky.scheduler.aa.a(138): Running job: 1-1337
I/Finsky  (19655): [1] com.google.android.finsky.scheduler.aa.a(196): RunningQueue size: 1, PendingQueue size: 0
I/Finsky  (19655): [1] com.google.android.finsky.scheduler.aa.a(213): Running queue: 1-1337 
I/Finsky  (19655): [1] com.google.android.finsky.hygiene.DailyHygiene$DailyHygieneService.onStartCommand(26): Beginning daily hygiene, foreground = false, reason = 12
I/Finsky  (19655): [1] com.google.android.finsky.hygiene.a.a.a(72): Probe [bV0mn0Se6j8NQF4DT19QdaUy-_8] for hygiene pass
W/Wifi    ( 3847): Failed to read packet and byte counts from wifi interface
I/Finsky  (19655): [1053] com.google.android.finsky.bf.a.c.a(254): Process stable target turned on mid-process: 12628179
I/Finsky  (19655): [1] com.google.android.finsky.dv.d.a(91): Skipping DFE self-update. Local Version [81041300] >= Server Version [-1]
I/Finsky  (19655): [1077] com.google.android.finsky.heterodyne.HeterodyneSyncService.onHandleIntent(6): Triggered Heterodyne Sync.
I/Auth    ( 1049): [ReflectiveChannelBinder] Successfully bound channel!
W/Conscrypt( 1049): Could not set socket write timeout: java.lang.reflect.InvocationTargetException
I/Finsky  (19655): [1] com.google.android.finsky.hygiene.j.a(4): Account synced successfully.
W/Conscrypt( 1049): 	at java.lang.reflect.Method.invoke(Native Method)
W/Conscrypt( 1049): 	at java.lang.reflect.Method.invoke(Method.java:372)
W/Conscrypt( 1049): Caused by: android.system.ErrnoException: setsockopt failed: EBADF (Bad file number)
W/Conscrypt( 1049): 	at libcore.io.Posix.setsockoptTimeval(Native Method)
W/Conscrypt( 1049): 	at libcore.io.ForwardingOs.setsockoptTimeval(ForwardingOs.java:147)
W/Conscrypt( 1049): Could not set socket write timeout: java.lang.reflect.InvocationTargetException
W/Conscrypt( 1049): 	at java.lang.reflect.Method.invoke(Native Method)
W/Conscrypt( 1049): 	at java.lang.reflect.Method.invoke(Method.java:372)
W/Conscrypt( 1049): Caused by: android.system.ErrnoException: setsockopt failed: EBADF (Bad file number)
W/Conscrypt( 1049): 	at libcore.io.Posix.setsockoptTimeval(Native Method)
W/Conscrypt( 1049): 	at libcore.io.ForwardingOs.setsockoptTimeval(ForwardingOs.java:147)
W/Wifi    ( 3847): Failed to read packet and byte counts from wifi interface
I/art     ( 1049): Explicit concurrent mark sweep GC freed 233409(10MB) AllocSpace objects, 6(384KB) LOS objects, 35% free, 28MB/44MB, paused 791us total 208.160ms
I/art     (  459): Explicit concurrent mark sweep GC freed 72239(4MB) AllocSpace objects, 66(3MB) LOS objects, 33% free, 25MB/37MB, paused 1.160ms total 94.011ms
I/EventLogChimeraService( 1010): Aggregate from 1529242935248 (log), 1529242935248 (data)
I/Finsky  (19655): [1] com.google.android.finsky.ch.r.b(141): com.google.android.gm.exchange available because owned, overriding [restriction=7].
I/Finsky  (19655): [1] com.google.android.finsky.ch.r.b(141): com.google.android.ears available because owned, overriding [restriction=7].
I/Finsky  (19655): [1] com.google.android.finsky.ch.r.b(141): com.google.android.apps.gcs available because owned, overriding [restriction=7].
I/Finsky  (19655): [1] com.google.android.finsky.ch.r.b(141): com.google.android.email available because owned, overriding [restriction=7].
I/Finsky  (19655): [1] com.google.android.finsky.ch.r.b(141): com.google.android.apps.inputmethod.zhuyin available because owned, overriding [restriction=7].
I/Finsky  (19655): [1] com.google.android.finsky.ch.r.b(141): com.google.android.apps.genie.geniewidget available because owned, overriding [restriction=7].
W/ResourcesManager(19655): Asset path '/system/framework/com.android.media.remotedisplay.jar' does not exist or contains no resources.
W/ResourcesManager(19655): Asset path '/system/framework/com.android.location.provider.jar' does not exist or contains no resources.
W/ProxyAndroidLoggerBackend(19655): Too many Flogger logs received before configuration. Dropping old logs.
I/Auth    ( 1049): [ReflectiveChannelBinder] Successfully bound channel!
W/Conscrypt( 1049): Could not set socket write timeout: java.lang.reflect.InvocationTargetException
W/Conscrypt( 1049): 	at java.lang.reflect.Method.invoke(Native Method)
W/Conscrypt( 1049): 	at java.lang.reflect.Method.invoke(Method.java:372)
W/Conscrypt( 1049): Caused by: android.system.ErrnoException: setsockopt failed: EBADF (Bad file number)
W/Conscrypt( 1049): 	at libcore.io.Posix.setsockoptTimeval(Native Method)
W/Conscrypt( 1049): 	at libcore.io.ForwardingOs.setsockoptTimeval(ForwardingOs.java:147)
W/Conscrypt( 1049): Could not set socket write timeout: java.lang.reflect.InvocationTargetException
W/Conscrypt( 1049): 	at java.lang.reflect.Method.invoke(Native Method)
W/Conscrypt( 1049): 	at java.lang.reflect.Method.invoke(Method.java:372)
W/Conscrypt( 1049): Caused by: android.system.ErrnoException: setsockopt failed: EBADF (Bad file number)
W/Conscrypt( 1049): 	at libcore.io.Posix.setsockoptTimeval(Native Method)
W/Conscrypt( 1049): 	at libcore.io.ForwardingOs.setsockoptTimeval(ForwardingOs.java:147)
W/ResourcesManager(19655): Asset path '/system/framework/com.google.android.maps.jar' does not exist or contains no resources.
W/ProxyAndroidLoggerBackend(19655): Too many Flogger logs received before configuration. Dropping old logs.
W/ProxyAndroidLoggerBackend(19655): Too many Flogger logs received before configuration. Dropping old logs.
I/Finsky  (19655): [1] com.google.android.finsky.hygiene.e.b(128): Logging device features
I/Finsky  (19655): [1] com.google.android.finsky.hygiene.b.d.a(25): Dispatching hygiene task 11
I/Finsky  (19655): [1084] com.google.android.finsky.datasync.y.a(73): [Cache and Sync] mode not available for any accounts.
I/Finsky  (19655): [1] com.google.android.finsky.hygiene.b.d.a(25): Dispatching hygiene task 26
W/Settings(19655): Setting install_non_market_apps has moved from android.provider.Settings.Global to android.provider.Settings.Secure, returning read-only value.
D/Volley  (19655): [1084] f.a: Cache cleared.
W/Settings(19655): Setting download_manager_max_bytes_over_mobile has moved from android.provider.Settings.Secure to android.provider.Settings.Global.
I/art     (19655): Rejecting re-init on previously-failed class java.lang.Class<android.support.v4.app.bq>
I/art     (19655): Rejecting re-init on previously-failed class java.lang.Class<android.support.v4.app.bq>
W/Wifi    ( 3847): Failed to read packet and byte counts from wifi interface
I/ActivityManager(  459): Start proc 19769:com.android.vending:instant_app_installer/u0a18 for service com.android.vending/com.google.android.finsky.instantapps.statussync.StatusSyncService
W/ResourcesManager(19655): Asset path '/system/framework/com.android.media.remotedisplay.jar' does not exist or contains no resources.
W/ResourcesManager(19655): Asset path '/system/framework/com.android.location.provider.jar' does not exist or contains no resources.
I/Finsky  (19655): [1] com.google.android.finsky.scheduler.az.b(8): jobFinished: 1-1337. TimeElapsed: 2439ms
W/ProxyAndroidLoggerBackend(19655): Too many Flogger logs received before configuration. Dropping old logs.
W/ProxyAndroidLoggerBackend(19655): Too many Flogger logs received before configuration. Dropping old logs.
W/ProxyAndroidLoggerBackend(19655): Too many Flogger logs received before configuration. Dropping old logs.
W/ProxyAndroidLoggerBackend(19655): Too many Flogger logs received before configuration. Dropping old logs.
W/ProxyAndroidLoggerBackend(19655): Too many Flogger logs received before configuration. Dropping old logs.
E/Finsky  (19655): [1077] com.google.android.finsky.ar.c.a(34): Unable to build selector: /storage/emulated/0/Download/marketenvs.csv: open failed: ENOENT (No such file or directory)
I/Finsky  (19655): [1] com.google.android.finsky.scheduler.aa.b(38): Job 1-1337 finished
I/Finsky  (19655): [1] com.google.android.finsky.wear.WearSupportService.onStartCommand(26): Starting WearSupportService for hygiene
I/Finsky  (19655): [1] com.google.android.finsky.wear.x.a(18): Connecting to wearable
I/vgn     ( 1049): 35-GetSettingsCacheOperation -- metadata{ service_id: 0 }
I/art     (19769): Rejecting re-init on previously-failed class java.lang.Class<android.support.v4.app.bq>
I/art     (19769): Rejecting re-init on previously-failed class java.lang.Class<android.support.v4.app.bq>
I/vgn     ( 1010): 45-xlb -- metadata{ service_id: 0 }
I/Finsky  (19655): [1] com.google.android.finsky.scheduler.aa.a(196): RunningQueue size: 0, PendingQueue size: 0
I/Finsky  (19655): [1] com.google.android.finsky.scheduler.af.handleMessage(143): Waiting on changed job store
I/WearableService( 1049): Wearable Services not starting - Wear is not available on this device.
I/Finsky  (19655): [1068] com.google.android.finsky.df.a.a.a.b(90): Triggered update for experiment package com.google.android.finsky.stable.
I/vgn     ( 1049): 20-GetDevFeaturesOp -- metadata{ service_id: 0 }
I/Finsky  (19655): [1090] com.google.android.finsky.flushlogs.FlushLogsReceiver$FlushLogsService.onHandleIntent(27): Flushing event logs for [bV0mn0Se6j8NQF4DT19QdaUy-_8]
I/Finsky  (19655): [1090] com.google.android.finsky.flushlogs.FlushLogsReceiver$FlushLogsService.onHandleIntent(27): Flushing event logs for [P5yunbb7TLwMuMmBSoXgSFeZhaI]
I/PlayCommon(19655): [1044] com.google.android.play.b.g.f(543): Preparing logs for uploading
I/PlayCommon(19655): [1044] com.google.android.play.b.x.a(45): Connecting to server for timestamp: https://play.googleapis.com/play/log/timestamp
W/WearableService( 1049): onGetService - Wear is not available on this device.
E/Finsky  (19655): [1] com.google.android.finsky.wear.y.a(3): onConnectionFailed: ConnectionResult{statusCode=API_UNAVAILABLE, resolution=null, message=null}
W/Finsky  (19655): [1] com.google.android.finsky.wear.x.b(31): GoogleApiClient instance is not connected when requested
W/Finsky  (19655): [1] com.google.android.finsky.wear.dq.run(16): Dropping command=hygiene due to Gms not connected
I/Finsky  (19655): [1] com.google.android.finsky.wear.WearSupportService.b(66): Stopping WearSupportService
W/PackageManager(  459): Package named 'org.videolan.vlc' doesn't exist.
W/Finsky  (19655): [1] com.google.android.finsky.ef.b.a(3): Failed to get status for package 'org.videolan.vlc' (1601)
E/Finsky  (19655): [1] com.google.android.finsky.ef.b.a(18): Error getting stats
W/ProxyAndroidLoggerBackend(19655): Too many Flogger logs received before configuration. Dropping old logs.
W/ProxyAndroidLoggerBackend(19655): Too many Flogger logs received before configuration. Dropping old logs.
W/ProxyAndroidLoggerBackend(19655): Too many Flogger logs received before configuration. Dropping old logs.
I/Finsky  (19655): [1068] com.google.android.finsky.df.a.a.a.b(111): Already at the latest configurations for experiment package com.google.android.finsky.stable.
I/Finsky  (19655): [1068] com.google.android.finsky.df.a.a.a.b(90): Triggered update for experiment package com.google.android.finsky.regular.
W/ProxyAndroidLoggerBackend(19655): Too many Flogger logs received before configuration. Dropping old logs.
W/ProxyAndroidLoggerBackend(19655): Too many Flogger logs received before configuration. Dropping old logs.
W/ProxyAndroidLoggerBackend(19655): Too many Flogger logs received before configuration. Dropping old logs.
I/Finsky  (19655): [1068] com.google.android.finsky.df.a.a.a.b(111): Already at the latest configurations for experiment package com.google.android.finsky.regular.
D/PhenotypeUpdateService(19769): onCreate called
D/PhenotypeUpdateService(19769): Registering with Phenotype
I/orc     ( 1049): 51-RegisterOperationCall -- metadata{ service_id: 0 }
I/PlayCommon(19655): [1044] com.google.android.play.b.g.a(792): Connecting to server: https://play.googleapis.com/play/log?format=raw&proto_v2=true
I/PlayCommon(19769): [1057] com.google.android.play.b.g.f(543): Preparing logs for uploading
I/PlayCommon(19769): [1057] com.google.android.play.b.x.a(45): Connecting to server for timestamp: https://play.googleapis.com/play/log/timestamp
I/PlayCommon(19655): [1044] com.google.android.play.b.g.a(265): Successfully uploaded logs.
W/PlayCommon(19769): [1057] com.google.android.play.b.g.a(214): No account for auth token provided
I/PlayCommon(19769): [1057] com.google.android.play.b.g.a(792): Connecting to server: https://play.googleapis.com/play/log?format=raw&proto_v2=true
W/Wifi    ( 3847): Failed to read packet and byte counts from wifi interface
W/PackageManager(  459): Package named 'com.google.android.apps.travel.onthego' doesn't exist.
W/Finsky  (19655): [1] com.google.android.finsky.ef.b.a(3): Failed to get status for package 'com.google.android.apps.travel.onthego' (1601)
E/Finsky  (19655): [1] com.google.android.finsky.ef.b.a(18): Error getting stats
I/PlayCommon(19769): [1057] com.google.android.play.b.g.a(265): Successfully uploaded logs.
W/PackageManager(  459): Package named 'com.stainlessgames.carmageddon' doesn't exist.
W/Finsky  (19655): [1] com.google.android.finsky.ef.b.a(3): Failed to get status for package 'com.stainlessgames.carmageddon' (1601)
E/Finsky  (19655): [1] com.google.android.finsky.ef.b.a(18): Error getting stats
W/PackageManager(  459): Package named 'com.ulmon.android.citymaps2go' doesn't exist.
W/Finsky  (19655): [1] com.google.android.finsky.ef.b.a(3): Failed to get status for package 'com.ulmon.android.citymaps2go' (1601)
E/Finsky  (19655): [1] com.google.android.finsky.ef.b.a(18): Error getting stats
W/Wifi    ( 3847): Failed to read packet and byte counts from wifi interface
W/PackageManager(  459): Package named 'com.navfree.android.OSM.ALL' doesn't exist.
W/Finsky  (19655): [1] com.google.android.finsky.ef.b.a(3): Failed to get status for package 'com.navfree.android.OSM.ALL' (1601)
E/Finsky  (19655): [1] com.google.android.finsky.ef.b.a(18): Error getting stats
W/PackageManager(  459): Package named 'stericson.busybox' doesn't exist.
W/Finsky  (19655): [1] com.google.android.finsky.ef.b.a(3): Failed to get status for package 'stericson.busybox' (1601)
E/Finsky  (19655): [1] com.google.android.finsky.ef.b.a(18): Error getting stats
W/Wifi    ( 3847): Failed to read packet and byte counts from wifi interface
W/PackageManager(  459): Package named 'com.rovio.angrybirdsstarwars.ads.iap' doesn't exist.
W/Finsky  (19655): [1] com.google.android.finsky.ef.b.a(3): Failed to get status for package 'com.rovio.angrybirdsstarwars.ads.iap' (1601)
E/Finsky  (19655): [1] com.google.android.finsky.ef.b.a(18): Error getting stats
W/Wifi    ( 3847): Failed to read packet and byte counts from wifi interface
W/PackageManager(  459): Package named 'com.ea.gp.fifamobile' doesn't exist.
W/Finsky  (19655): [1] com.google.android.finsky.ef.b.a(3): Failed to get status for package 'com.ea.gp.fifamobile' (1601)
E/Finsky  (19655): [1] com.google.android.finsky.ef.b.a(18): Error getting stats
E/WifiStateMachine(  459): WifiStateMachine CMD_START_SCAN source -2 txSuccessRate=30.00 rxSuccessRate=43.93 targetRoamBSSID=f0:9f:c2:f4:b8:94 RSSI=-51
W/Wifi    ( 3847): Failed to read packet and byte counts from wifi interface
I/Finsky  (19655): [1] com.google.android.finsky.scheduler.bc.a(50): Jobs in database: 1-1337 10-11 10-26 12-1 
I/Finsky  (19655): [1] com.google.android.finsky.scheduler.aa.a(138): Running job: 10-11
W/Finsky  (19655): [1] com.google.android.finsky.hygiene.b.a(9): Failed to find the Hygiene logging context. Creating a new one.
I/Finsky  (19655): [1] com.google.android.finsky.scheduler.aa.a(138): Running job: 10-26
W/Finsky  (19655): [1] com.google.android.finsky.hygiene.b.a(9): Failed to find the Hygiene logging context. Creating a new one.
I/Finsky  (19655): [1] com.google.android.finsky.scheduler.aa.a(196): RunningQueue size: 2, PendingQueue size: 0
I/Finsky  (19655): [1] com.google.android.finsky.scheduler.aa.a(213): Running queue: 10-11 10-26 
I/Finsky  (19655): [1095] com.google.android.finsky.scheduler.az.b(8): jobFinished: 10-26. TimeElapsed: 16ms
I/Finsky  (19655): [1094] com.google.android.finsky.splitinstallservice.bk.a(5): Running split install cleaner
I/WearableService( 1049): Wearable Services stopping
I/Finsky  (19655): [1] com.google.android.finsky.scheduler.aa.b(38): Job 10-26 finished
I/Finsky  (19655): [1] com.google.android.finsky.scheduler.aa.a(196): RunningQueue size: 1, PendingQueue size: 0
I/Finsky  (19655): [1] com.google.android.finsky.scheduler.aa.a(213): Running queue: 10-11 
I/Finsky  (19655): [1094] com.google.android.finsky.splitinstallservice.bk.a(24): Removed 0 obsolete sessions.
I/Finsky  (19655): [1094] com.google.android.finsky.splitinstallservice.bk.a(351): Removed 0 corrupted downloaded sessions.
I/Finsky  (19655): [1094] com.google.android.finsky.splitinstallservice.bk.a(53): Finished completion of 0 out of 0 sessions. Successful: 0. Failed: 0.
E/Finsky  (19655): [1094] com.google.android.finsky.splitinstallservice.ab.a(3): Can't schedule deferred install. No modules found.
I/Finsky  (19655): [1094] com.google.android.finsky.scheduler.az.b(8): jobFinished: 10-11. TimeElapsed: 80ms
I/Finsky  (19655): [1] com.google.android.finsky.scheduler.aa.b(38): Job 10-11 finished
I/Finsky  (19655): [1] com.google.android.finsky.scheduler.aa.a(196): RunningQueue size: 0, PendingQueue size: 0
I/Finsky  (19655): [1] com.google.android.finsky.scheduler.af.handleMessage(78): Executor finished
I/Finsky  (19655): [1] com.google.android.finsky.scheduler.bc.a(50): Jobs in database: 1-1337 12-1 
I/Finsky  (19655): [1] com.google.android.finsky.scheduler.h.a(309): ConstraintMapping: 1-1337, 12-1,  -> L: 8148ms, D: 86393148ms, C: false, I: false, N: 1
I/Finsky  (19655): [1] com.google.android.finsky.scheduler.JobSchedulerEngine.a(112): Throttling wakeup for job 9001 (expected to run in 8148 ms) due to recent wakeup
I/Finsky  (19655): [1] com.google.android.finsky.scheduler.JobSchedulerEngine.a(155): Scheduling job Id: 9001, L: 30000, D: 86393148, C: false, I: false, N: 1
I/Finsky  (19655): [1] com.google.android.finsky.scheduler.JobSchedulerEngine.a(112): Throttling wakeup for job 9002 (expected to run in 8148 ms) due to recent wakeup
I/Finsky  (19655): [1] com.google.android.finsky.scheduler.JobSchedulerEngine.a(155): Scheduling job Id: 9002, L: 30000, D: 86393148, C: false, I: false, N: 1
W/Wifi    ( 3847): Failed to read packet and byte counts from wifi interface
W/Wifi    ( 3847): Failed to read packet and byte counts from wifi interface
I/Finsky  (19655): [1068] com.google.android.finsky.df.a.a.a.b(90): Triggered update for experiment package com.google.android.finsky.stable.
W/ProxyAndroidLoggerBackend(19655): Too many Flogger logs received before configuration. Dropping old logs.
W/ProxyAndroidLoggerBackend(19655): Too many Flogger logs received before configuration. Dropping old logs.
W/ProxyAndroidLoggerBackend(19655): Too many Flogger logs received before configuration. Dropping old logs.
I/Finsky  (19655): [1068] com.google.android.finsky.df.a.a.a.b(111): Already at the latest configurations for experiment package com.google.android.finsky.stable.
I/Finsky  (19655): [1072] com.google.android.finsky.df.a.a.a.b(90): Triggered update for experiment package com.google.android.finsky.regular.
W/ProxyAndroidLoggerBackend(19655): Too many Flogger logs received before configuration. Dropping old logs.
W/ProxyAndroidLoggerBackend(19655): Too many Flogger logs received before configuration. Dropping old logs.
W/ProxyAndroidLoggerBackend(19655): Too many Flogger logs received before configuration. Dropping old logs.
I/Finsky  (19655): [1072] com.google.android.finsky.df.a.a.a.b(111): Already at the latest configurations for experiment package com.google.android.finsky.regular.
I/Finsky  (19655): [1071] com.google.android.finsky.df.a.a.a.b(90): Triggered update for experiment package com.google.android.finsky.regular.
W/ProxyAndroidLoggerBackend(19655): Too many Flogger logs received before configuration. Dropping old logs.
W/ProxyAndroidLoggerBackend(19655): Too many Flogger logs received before configuration. Dropping old logs.
W/ProxyAndroidLoggerBackend(19655): Too many Flogger logs received before configuration. Dropping old logs.
I/Finsky  (19655): [1071] com.google.android.finsky.df.a.a.a.b(111): Already at the latest configurations for experiment package com.google.android.finsky.regular.
I/Finsky  (19655): [1068] com.google.android.finsky.df.a.a.a.b(90): Triggered update for experiment package com.google.android.finsky.regular.
W/ProxyAndroidLoggerBackend(19655): Too many Flogger logs received before configuration. Dropping old logs.
W/ProxyAndroidLoggerBackend(19655): Too many Flogger logs received before configuration. Dropping old logs.
W/ProxyAndroidLoggerBackend(19655): Too many Flogger logs received before configuration. Dropping old logs.
I/Finsky  (19655): [1068] com.google.android.finsky.df.a.l.b(25): Started reading experiment flags from file [v6B-2IolLQRBwrwPhscSaeg04As].
I/Finsky  (19655): [1068] com.google.android.finsky.df.a.l.b(61): Finished reading experiment flags from file [v6B-2IolLQRBwrwPhscSaeg04As].
I/Finsky  (19655): [1068] com.google.android.finsky.df.a.a.a.b(111): Already at the latest configurations for experiment package com.google.android.finsky.regular.
I/Finsky  (19655): [1] com.google.android.finsky.wear.WearSupportService.onStartCommand(26): Starting WearSupportService for send_installed_apps
I/Finsky  (19655): [1] com.google.android.finsky.wear.x.a(18): Connecting to wearable
I/WearableService( 1049): Wearable Services not starting - Wear is not available on this device.
W/WearableService( 1049): onGetService - Wear is not available on this device.
E/Finsky  (19655): [1] com.google.android.finsky.wear.y.a(3): onConnectionFailed: ConnectionResult{statusCode=API_UNAVAILABLE, resolution=null, message=null}
W/Finsky  (19655): [1] com.google.android.finsky.wear.x.b(31): GoogleApiClient instance is not connected when requested
W/Finsky  (19655): [1] com.google.android.finsky.wear.dq.run(16): Dropping command=send_installed_apps due to Gms not connected
I/Finsky  (19655): [1] com.google.android.finsky.wear.WearSupportService.b(66): Stopping WearSupportService
I/ShortcutBadger(19655): Checking if platform supports badge counters, attempt 1/3.
I/Finsky  (19655): [1072] com.google.android.finsky.verifier.impl.av.a(7): Restoring notifications
I/ShortcutBadger(19655): Checking if platform supports badge counters, attempt 2/3.
I/ShortcutBadger(19655): Checking if platform supports badge counters, attempt 3/3.
W/ShortcutBadger(19655): Badge counter seems not supported in this platform: unable to resolve intent: Intent { act=android.intent.action.BADGE_COUNT_UPDATE (has extras) }
I/Finsky  (19655): [1] com.google.android.finsky.verifier.impl.av.c(45): Done restoring notifications
I/Finsky  (19655): [1] com.google.android.finsky.setup.ay.run(25): Detected restoreservicev2://recovery not needed, will not run
W/Wifi    ( 3847): Failed to read packet and byte counts from wifi interface
W/Wifi    ( 3847): Failed to read packet and byte counts from wifi interface
W/Wifi    ( 3847): Failed to read packet and byte counts from wifi interface
W/Wifi    ( 3847): Failed to read packet and byte counts from wifi interface
W/Wifi    ( 3847): Failed to read packet and byte counts from wifi interface
I/WearableService( 1049): Wearable Services stopping
W/Wifi    ( 3847): Failed to read packet and byte counts from wifi interface
W/Wifi    ( 3847): Failed to read packet and byte counts from wifi interface
W/Wifi    ( 3847): Failed to read packet and byte counts from wifi interface
W/Wifi    ( 3847): Failed to read packet and byte counts from wifi interface
W/Wifi    ( 3847): Failed to read packet and byte counts from wifi interface
W/Wifi    ( 3847): Failed to read packet and byte counts from wifi interface
W/Wifi    ( 3847): Failed to read packet and byte counts from wifi interface
W/Wifi    ( 3847): Failed to read packet and byte counts from wifi interface
W/Wifi    ( 3847): Failed to read packet and byte counts from wifi interface
W/Wifi    ( 3847): Failed to read packet and byte counts from wifi interface
W/Wifi    ( 3847): Failed to read packet and byte counts from wifi interface
W/Wifi    ( 3847): Failed to read packet and byte counts from wifi interface
E/WifiStateMachine(  459): WifiStateMachine CMD_START_SCAN source -2 txSuccessRate=0.47 rxSuccessRate=2.34 targetRoamBSSID=f0:9f:c2:f4:b8:94 RSSI=-51
W/Wifi    ( 3847): Failed to read packet and byte counts from wifi interface
W/Wifi    ( 3847): Failed to read packet and byte counts from wifi interface
W/Wifi    ( 3847): Failed to read packet and byte counts from wifi interface
W/Wifi    ( 3847): Failed to read packet and byte counts from wifi interface
W/Wifi    ( 3847): Failed to read packet and byte counts from wifi interface
W/Wifi    ( 3847): Failed to read packet and byte counts from wifi interface
W/Wifi    ( 3847): Failed to read packet and byte counts from wifi interface
W/Wifi    ( 3847): Failed to read packet and byte counts from wifi interface
W/Wifi    ( 3847): Failed to read packet and byte counts from wifi interface
W/Wifi    ( 3847): Failed to read packet and byte counts from wifi interface
W/Wifi    ( 3847): Failed to read packet and byte counts from wifi interface
W/Wifi    ( 3847): Failed to read packet and byte counts from wifi interface
W/Wifi    ( 3847): Failed to read packet and byte counts from wifi interface
W/Wifi    ( 3847): Failed to read packet and byte counts from wifi interface
W/Wifi    ( 3847): Failed to read packet and byte counts from wifi interface
W/Wifi    ( 3847): Failed to read packet and byte counts from wifi interface
W/Wifi    ( 3847): Failed to read packet and byte counts from wifi interface
W/Wifi    ( 3847): Failed to read packet and byte counts from wifi interface
W/Wifi    ( 3847): Failed to read packet and byte counts from wifi interface
W/Wifi    ( 3847): Failed to read packet and byte counts from wifi interface
E/WifiStateMachine(  459): WifiStateMachine CMD_START_SCAN source -2 txSuccessRate=0.00 rxSuccessRate=0.45 targetRoamBSSID=f0:9f:c2:f4:b8:94 RSSI=-52
W/Wifi    ( 3847): Failed to read packet and byte counts from wifi interface
W/Wifi    ( 3847): Failed to read packet and byte counts from wifi interface
W/Wifi    ( 3847): Failed to read packet and byte counts from wifi interface
W/Wifi    ( 3847): Failed to read packet and byte counts from wifi interface
W/Wifi    ( 3847): Failed to read packet and byte counts from wifi interface
W/Wifi    ( 3847): Failed to read packet and byte counts from wifi interface
W/Wifi    ( 3847): Failed to read packet and byte counts from wifi interface
W/Wifi    ( 3847): Failed to read packet and byte counts from wifi interface
W/Wifi    ( 3847): Failed to read packet and byte counts from wifi interface
W/Wifi    ( 3847): Failed to read packet and byte counts from wifi interface
W/Wifi    ( 3847): Failed to read packet and byte counts from wifi interface
W/Wifi    ( 3847): Failed to read packet and byte counts from wifi interface
I/Finsky  (19655): [1] com.google.android.finsky.scheduler.JobSchedulerEngine$PhoneskyJobSchedulerJobService.onStartJob(11): onJobSchedulerWakeup with jobId 9002
I/Finsky  (19655): [1] com.google.android.finsky.scheduler.y.a(14): Scheduling fallback in 43199992 (absolute: 55713105)
I/Finsky  (19655): [1] com.google.android.finsky.scheduler.y.a(14): Scheduling fallback in 64799990 (absolute: 77313118)
I/Finsky  (19655): [1] com.google.android.finsky.scheduler.JobSchedulerEngine$PhoneskyJobSchedulerJobService.onStartJob(11): onJobSchedulerWakeup with jobId 9001
I/vgn     ( 1049): 35-GetDeviceDataUploadOptInStatusOperation -- metadata{ service_id: 0 }
I/Finsky  (19655): [1] com.google.android.finsky.scheduler.y.a(14): Scheduling fallback in 43199990 (absolute: 55713137)
I/Finsky  (19655): [1] com.google.android.finsky.scheduler.y.a(14): Scheduling fallback in 64799994 (absolute: 77313149)
W/Finsky  (19655): [1] com.google.android.finsky.scheduler.JobSchedulerEngine$PhoneskyJobSchedulerJobService.onStartJob(23): onJobSchedulerWakeup while already running
I/vgn     ( 1049): 35-GetDeviceDataUploadOptInStatusOperation -- metadata{ service_id: 0 }
I/Finsky  (19655): [1] com.google.android.finsky.scheduler.af.handleMessage(39): DeviceState: DeviceState{currentTime=1529245027374, isCharging=true, isIdle=false, netAny=true, netNotRoaming=true, netUnmetered=true}
I/Finsky  (19655): [1] com.google.android.finsky.scheduler.bc.a(50): Jobs in database: 1-1337 12-1 
I/Finsky  (19655): [1] com.google.android.finsky.scheduler.aa.a(138): Running job: 12-1
I/Finsky  (19655): [1] com.google.android.finsky.ai.c.a(37): ContentSyncJob started
I/Finsky  (19655): [1] com.google.android.finsky.scheduler.aa.a(196): RunningQueue size: 1, PendingQueue size: 0
I/Finsky  (19655): [1] com.google.android.finsky.scheduler.aa.a(213): Running queue: 12-1 
I/Finsky  (19655): [1046] com.google.android.finsky.o.c.a(21): Completed 0 account content syncs with 0 successful.
I/Finsky  (19655): [1] com.google.android.finsky.ai.c.a(5): Installation state replication succeeded.
I/Finsky  (19655): [1] com.google.android.finsky.scheduler.az.b(8): jobFinished: 12-1. TimeElapsed: 15ms
I/Finsky  (19655): [1] com.google.android.finsky.scheduler.aa.b(38): Job 12-1 finished
I/Finsky  (19655): [1] com.google.android.finsky.scheduler.aa.a(196): RunningQueue size: 0, PendingQueue size: 0
I/Finsky  (19655): [1] com.google.android.finsky.scheduler.af.handleMessage(78): Executor finished
I/Finsky  (19655): [1] com.google.android.finsky.scheduler.bc.a(50): Jobs in database: 1-1337 
I/Finsky  (19655): [1] com.google.android.finsky.scheduler.h.a(309): ConstraintMapping: 1-1337,  -> L: 86296451ms, D: 172696451ms, C: false, I: false, N: 1
I/Finsky  (19655): [1] com.google.android.finsky.scheduler.JobSchedulerEngine.a(155): Scheduling job Id: 9000, L: 86296451, D: 172696451, C: false, I: false, N: 1
I/Finsky  (19655): [1] com.google.android.finsky.scheduler.JobSchedulerEngine.a(155): Scheduling job Id: 9001, L: 86296451, D: 172696451, C: false, I: false, N: 1
W/Wifi    ( 3847): Failed to read packet and byte counts from wifi interface
W/Wifi    ( 3847): Failed to read packet and byte counts from wifi interface
W/Wifi    ( 3847): Failed to read packet and byte counts from wifi interface
W/Wifi    ( 3847): Failed to read packet and byte counts from wifi interface
W/Wifi    ( 3847): Failed to read packet and byte counts from wifi interface
W/Wifi    ( 3847): Failed to read packet and byte counts from wifi interface
W/Wifi    ( 3847): Failed to read packet and byte counts from wifi interface
W/Wifi    ( 3847): Failed to read packet and byte counts from wifi interface
E/WifiStateMachine(  459): WifiStateMachine CMD_START_SCAN source -2 txSuccessRate=0.00 rxSuccessRate=2.89 targetRoamBSSID=f0:9f:c2:f4:b8:94 RSSI=-52
W/Wifi    ( 3847): Failed to read packet and byte counts from wifi interface
W/Wifi    ( 3847): Failed to read packet and byte counts from wifi interface
W/Wifi    ( 3847): Failed to read packet and byte counts from wifi interface
W/Wifi    ( 3847): Failed to read packet and byte counts from wifi interface
W/Wifi    ( 3847): Failed to read packet and byte counts from wifi interface
W/Wifi    ( 3847): Failed to read packet and byte counts from wifi interface
W/Wifi    ( 3847): Failed to read packet and byte counts from wifi interface
W/Wifi    ( 3847): Failed to read packet and byte counts from wifi interface
W/Wifi    ( 3847): Failed to read packet and byte counts from wifi interface
W/Wifi    ( 3847): Failed to read packet and byte counts from wifi interface
W/Wifi    ( 3847): Failed to read packet and byte counts from wifi interface
W/Wifi    ( 3847): Failed to read packet and byte counts from wifi interface
W/Wifi    ( 3847): Failed to read packet and byte counts from wifi interface
W/Wifi    ( 3847): Failed to read packet and byte counts from wifi interface
W/Wifi    ( 3847): Failed to read packet and byte counts from wifi interface
