E/Camera3-OutputStream(  204): getBufferLocked: Stream 1: Can't dequeue next output buffer: Broken pipe (-32)
E/Camera3-Device(  204): RequestThread: Can't get output buffer, skipping request: Broken pipe (-32)
E/Camera3-OutputStream(  204): getBufferLocked: Stream 1: Can't dequeue next output buffer: Broken pipe (-32)
E/Camera3-Device(  204): RequestThread: Can't get output buffer, skipping request: Broken pipe (-32)
E/Camera3-OutputStream(  204): getBufferLocked: Stream 1: Can't dequeue next output buffer: Broken pipe (-32)
E/Camera3-Device(  204): RequestThread: Can't get output buffer, skipping request: Broken pipe (-32)
E/Camera3-OutputStream(  204): getBufferLocked: Stream 1: Can't dequeue next output buffer: Broken pipe (-32)
E/Camera3-Device(  204): RequestThread: Can't get output buffer, skipping request: Broken pipe (-32)
E/Camera3-OutputStream(  204): getBufferLocked: Stream 1: Can't dequeue next output buffer: Broken pipe (-32)
E/Camera3-Device(  204): RequestThread: Can't get output buffer, skipping request: Broken pipe (-32)
E/Camera3-OutputStream(  204): getBufferLocked: Stream 1: Can't dequeue next output buffer: Broken pipe (-32)
E/Camera3-Device(  204): RequestThread: Can't get output buffer, skipping request: Broken pipe (-32)
E/Camera3-OutputStream(  204): getBufferLocked: Stream 1: Can't dequeue next output buffer: Broken pipe (-32)
E/Camera3-Device(  204): RequestThread: Can't get output buffer, skipping request: Broken pipe (-32)
E/Camera3-OutputStream(  204): getBufferLocked: Stream 1: Can't dequeue next output buffer: Broken pipe (-32)
E/Camera3-Device(  204): RequestThread: Can't get output buffer, skipping request: Broken pipe (-32)
E/Camera3-OutputStream(  204): getBufferLocked: Stream 1: Can't dequeue next output buffer: Broken pipe (-32)
E/Camera3-Device(  204): RequestThread: Can't get output buffer, skipping request: Broken pipe (-32)
E/Camera3-OutputStream(  204): getBufferLocked: Stream 1: Can't dequeue next output buffer: Broken pipe (-32)
E/Camera3-Device(  204): RequestThread: Can't get output buffer, skipping request: Broken pipe (-32)
E/Camera3-OutputStream(  204): getBufferLocked: Stream 1: Can't dequeue next output buffer: Broken pipe (-32)
E/Camera3-Device(  204): RequestThread: Can't get output buffer, skipping request: Broken pipe (-32)
E/Camera3-OutputStream(  204): getBufferLocked: Stream 1: Can't dequeue next output buffer: Broken pipe (-32)
E/Camera3-Device(  204): RequestThread: Can't get output buffer, skipping request: Broken pipe (-32)
E/Camera3-OutputStream(  204): getBufferLocked: Stream 1: Can't dequeue next output buffer: Broken pipe (-32)
E/Camera3-Device(  204): RequestThread: Can't get output buffer, skipping request: Broken pipe (-32)
E/Camera3-OutputStream(  204): getBufferLocked: Stream 1: Can't dequeue next output buffer: Broken pipe (-32)
E/Camera3-Device(  204): RequestThread: Can't get output buffer, skipping request: Broken pipe (-32)
E/Camera3-OutputStream(  204): getBufferLocked: Stream 1: Can't dequeue next output buffer: Broken pipe (-32)
E/Camera3-Device(  204): RequestThread: Can't get output buffer, skipping request: Broken pipe (-32)
E/Camera3-OutputStream(  204): getBufferLocked: Stream 1: Can't dequeue next output buffer: Broken pipe (-32)
E/Camera3-Device(  204): RequestThread: Can't get output buffer, skipping request: Broken pipe (-32)
E/Camera3-OutputStream(  204): getBufferLocked: Stream 1: Can't dequeue next output buffer: Broken pipe (-32)
E/Camera3-Device(  204): RequestThread: Can't get output buffer, skipping request: Broken pipe (-32)
E/Camera3-OutputStream(  204): getBufferLocked: Stream 1: Can't dequeue next output buffer: Broken pipe (-32)
E/Camera3-Device(  204): RequestThread: Can't get output buffer, skipping request: Broken pipe (-32)
E/Camera3-OutputStream(  204): getBufferLocked: Stream 1: Can't dequeue next output buffer: Broken pipe (-32)
E/Camera3-Device(  204): RequestThread: Can't get output buffer, skipping request: Broken pipe (-32)
E/Camera3-OutputStream(  204): getBufferLocked: Stream 1: Can't dequeue next output buffer: Broken pipe (-32)
E/Camera3-Device(  204): RequestThread: Can't get output buffer, skipping request: Broken pipe (-32)
E/Camera3-OutputStream(  204): getBufferLocked: Stream 1: Can't dequeue next output buffer: Broken pipe (-32)
E/Camera3-Device(  204): RequestThread: Can't get output buffer, skipping request: Broken pipe (-32)
E/Camera3-OutputStream(  204): getBufferLocked: Stream 1: Can't dequeue next output buffer: Broken pipe (-32)
E/Camera3-Device(  204): RequestThread: Can't get output buffer, skipping request: Broken pipe (-32)
E/Camera3-OutputStream(  204): getBufferLocked: Stream 1: Can't dequeue next output buffer: Broken pipe (-32)
E/Camera3-Device(  204): RequestThread: Can't get output buffer, skipping request: Broken pipe (-32)
E/Camera3-OutputStream(  204): getBufferLocked: Stream 1: Can't dequeue next output buffer: Broken pipe (-32)
E/Camera3-Device(  204): RequestThread: Can't get output buffer, skipping request: Broken pipe (-32)
E/Camera3-OutputStream(  204): getBufferLocked: Stream 1: Can't dequeue next output buffer: Broken pipe (-32)
E/Camera3-Device(  204): RequestThread: Can't get output buffer, skipping request: Broken pipe (-32)
E/Camera3-OutputStream(  204): getBufferLocked: Stream 1: Can't dequeue next output buffer: Broken pipe (-32)
E/Camera3-Device(  204): RequestThread: Can't get output buffer, skipping request: Broken pipe (-32)
E/Camera3-OutputStream(  204): getBufferLocked: Stream 1: Can't dequeue next output buffer: Broken pipe (-32)
E/Camera3-Device(  204): RequestThread: Can't get output buffer, skipping request: Broken pipe (-32)
E/Camera3-OutputStream(  204): getBufferLocked: Stream 1: Can't dequeue next output buffer: Broken pipe (-32)
E/Camera3-Device(  204): RequestThread: Can't get output buffer, skipping request: Broken pipe (-32)
E/Camera3-OutputStream(  204): getBufferLocked: Stream 1: Can't dequeue next output buffer: Broken pipe (-32)
E/Camera3-Device(  204): RequestThread: Can't get output buffer, skipping request: Broken pipe (-32)
E/Camera3-OutputStream(  204): getBufferLocked: Stream 1: Can't dequeue next output buffer: Broken pipe (-32)
E/Camera3-Device(  204): RequestThread: Can't get output buffer, skipping request: Broken pipe (-32)
E/Camera3-OutputStream(  204): getBufferLocked: Stream 1: Can't dequeue next output buffer: Broken pipe (-32)
E/Camera3-Device(  204): RequestThread: Can't get output buffer, skipping request: Broken pipe (-32)
E/Camera3-OutputStream(  204): getBufferLocked: Stream 1: Can't dequeue next output buffer: Broken pipe (-32)
E/Camera3-Device(  204): RequestThread: Can't get output buffer, skipping request: Broken pipe (-32)
E/Camera3-OutputStream(  204): getBufferLocked: Stream 1: Can't dequeue next output buffer: Broken pipe (-32)
E/Camera3-Device(  204): RequestThread: Can't get output buffer, skipping request: Broken pipe (-32)
E/Camera3-OutputStream(  204): getBufferLocked: Stream 1: Can't dequeue next output buffer: Broken pipe (-32)
E/Camera3-Device(  204): RequestThread: Can't get output buffer, skipping request: Broken pipe (-32)
E/Camera3-OutputStream(  204): getBufferLocked: Stream 1: Can't dequeue next output buffer: Broken pipe (-32)
E/Camera3-Device(  204): RequestThread: Can't get output buffer, skipping request: Broken pipe (-32)
E/Camera3-OutputStream(  204): getBufferLocked: Stream 1: Can't dequeue next output buffer: Broken pipe (-32)
E/Camera3-Device(  204): RequestThread: Can't get output buffer, skipping request: Broken pipe (-32)
E/Camera3-OutputStream(  204): getBufferLocked: Stream 1: Can't dequeue next output buffer: Broken pipe (-32)
E/Camera3-Device(  204): RequestThread: Can't get output buffer, skipping request: Broken pipe (-32)
E/Camera3-OutputStream(  204): getBufferLocked: Stream 1: Can't dequeue next output buffer: Broken pipe (-32)
E/Camera3-Device(  204): RequestThread: Can't get output buffer, skipping request: Broken pipe (-32)
E/Camera3-OutputStream(  204): getBufferLocked: Stream 1: Can't dequeue next output buffer: Broken pipe (-32)
E/Camera3-Device(  204): RequestThread: Can't get output buffer, skipping request: Broken pipe (-32)
E/Camera3-OutputStream(  204): getBufferLocked: Stream 1: Can't dequeue next output buffer: Broken pipe (-32)
E/Camera3-Device(  204): RequestThread: Can't get output buffer, skipping request: Broken pipe (-32)
E/Camera3-OutputStream(  204): getBufferLocked: Stream 1: Can't dequeue next output buffer: Broken pipe (-32)
E/Camera3-Device(  204): RequestThread: Can't get output buffer, skipping request: Broken pipe (-32)
E/Camera3-OutputStream(  204): getBufferLocked: Stream 1: Can't dequeue next output buffer: Broken pipe (-32)
E/Camera3-Device(  204): RequestThread: Can't get output buffer, skipping request: Broken pipe (-32)
E/Camera3-OutputStream(  204): getBufferLocked: Stream 1: Can't dequeue next output buffer: Broken pipe (-32)
E/Camera3-Device(  204): RequestThread: Can't get output buffer, skipping request: Broken pipe (-32)
E/Camera3-OutputStream(  204): getBufferLocked: Stream 1: Can't dequeue next output buffer: Broken pipe (-32)
E/Camera3-Device(  204): RequestThread: Can't get output buffer, skipping request: Broken pipe (-32)
E/Camera3-OutputStream(  204): getBufferLocked: Stream 1: Can't dequeue next output buffer: Broken pipe (-32)
E/Camera3-Device(  204): RequestThread: Can't get output buffer, skipping request: Broken pipe (-32)
E/Camera3-OutputStream(  204): getBufferLocked: Stream 1: Can't dequeue next output buffer: Broken pipe (-32)
E/Camera3-Device(  204): RequestThread: Can't get output buffer, skipping request: Broken pipe (-32)
E/Camera3-OutputStream(  204): getBufferLocked: Stream 1: Can't dequeue next output buffer: Broken pipe (-32)
E/Camera3-Device(  204): RequestThread: Can't get output buffer, skipping request: Broken pipe (-32)
E/Camera3-OutputStream(  204): getBufferLocked: Stream 1: Can't dequeue next output buffer: Broken pipe (-32)
E/Camera3-Device(  204): RequestThread: Can't get output buffer, skipping request: Broken pipe (-32)
E/Camera3-OutputStream(  204): getBufferLocked: Stream 1: Can't dequeue next output buffer: Broken pipe (-32)
E/Camera3-Device(  204): RequestThread: Can't get output buffer, skipping request: Broken pipe (-32)
E/Camera3-OutputStream(  204): getBufferLocked: Stream 1: Can't dequeue next output buffer: Broken pipe (-32)
E/Camera3-Device(  204): RequestThread: Can't get output buffer, skipping request: Broken pipe (-32)
E/Camera3-OutputStream(  204): getBufferLocked: Stream 1: Can't dequeue next output buffer: Broken pipe (-32)
E/Camera3-Device(  204): RequestThread: Can't get output buffer, skipping request: Broken pipe (-32)
E/Camera3-OutputStream(  204): getBufferLocked: Stream 1: Can't dequeue next output buffer: Broken pipe (-32)
E/Camera3-Device(  204): RequestThread: Can't get output buffer, skipping request: Broken pipe (-32)
E/Camera3-OutputStream(  204): getBufferLocked: Stream 1: Can't dequeue next output buffer: Broken pipe (-32)
E/Camera3-Device(  204): RequestThread: Can't get output buffer, skipping request: Broken pipe (-32)
E/Camera3-OutputStream(  204): getBufferLocked: Stream 1: Can't dequeue next output buffer: Broken pipe (-32)
E/Camera3-Device(  204): RequestThread: Can't get output buffer, skipping request: Broken pipe (-32)
E/Camera3-OutputStream(  204): getBufferLocked: Stream 1: Can't dequeue next output buffer: Broken pipe (-32)
E/Camera3-Device(  204): RequestThread: Can't get output buffer, skipping request: Broken pipe (-32)
E/Camera3-OutputStream(  204): getBufferLocked: Stream 1: Can't dequeue next output buffer: Broken pipe (-32)
E/Camera3-Device(  204): RequestThread: Can't get output buffer, skipping request: Broken pipe (-32)
E/Camera3-OutputStream(  204): getBufferLocked: Stream 1: Can't dequeue next output buffer: Broken pipe (-32)
E/Camera3-Device(  204): RequestThread: Can't get output buffer, skipping request: Broken pipe (-32)
E/Camera3-OutputStream(  204): getBufferLocked: Stream 1: Can't dequeue next output buffer: Broken pipe (-32)
E/Camera3-Device(  204): RequestThread: Can't get output buffer, skipping request: Broken pipe (-32)
E/Camera3-OutputStream(  204): getBufferLocked: Stream 1: Can't dequeue next output buffer: Broken pipe (-32)
E/Camera3-Device(  204): RequestThread: Can't get output buffer, skipping request: Broken pipe (-32)
E/Camera3-OutputStream(  204): getBufferLocked: Stream 1: Can't dequeue next output buffer: Broken pipe (-32)
E/Camera3-Device(  204): RequestThread: Can't get output buffer, skipping request: Broken pipe (-32)
D/ConnectivityService(  459): ConnectivityService NetworkRequestInfo binderDied(NetworkRequest [ id=105, legacyType=-1, [ Capabilities: INTERNET&NOT_RESTRICTED&TRUSTED] ], android.os.BinderProxy@2342526e)
I/WindowState(  459): WIN DEATH: Window{2fabc2de u0 SurfaceView}
D/ConnectivityService(  459): releasing NetworkRequest NetworkRequest [ id=105, legacyType=-1, [ Capabilities: INTERNET&NOT_RESTRICTED&TRUSTED] ]
E/Surface (  204): queueBuffer: error queuing buffer to SurfaceTexture, -32
E/Camera3-OutputStream(  204): returnBufferCheckedLocked: Stream 1: Error queueing buffer to native window: Broken pipe (-32)
E/Camera3-Device(  204): Can't return buffer to its stream: Broken pipe (-32)
E/ConnectivityService(  459): RemoteException caught trying to send a callback msg for NetworkRequest [ id=105, legacyType=-1, [ Capabilities: INTERNET&NOT_RESTRICTED&TRUSTED] ]
D/ConnectivityService(  459): ConnectivityService NetworkRequestInfo binderDied(NetworkRequest [ id=108, legacyType=-1, [ Capabilities: INTERNET&NOT_RESTRICTED&TRUSTED] ], android.os.BinderProxy@276ecd0f)
D/ConnectivityService(  459): releasing NetworkRequest NetworkRequest [ id=108, legacyType=-1, [ Capabilities: INTERNET&NOT_RESTRICTED&TRUSTED] ]
E/ConnectivityService(  459): RemoteException caught trying to send a callback msg for NetworkRequest [ id=108, legacyType=-1, [ Capabilities: INTERNET&NOT_RESTRICTED&TRUSTED] ]
I/WindowState(  459): WIN DEATH: Window{24852bc7 u0 com.android.chrome/org.chromium.chrome.browser.ChromeTabbedActivity}
E/Surface (  204): queueBuffer: error queuing buffer to SurfaceTexture, -32
E/Camera3-OutputStream(  204): returnBufferCheckedLocked: Stream 1: Error queueing buffer to native window: Broken pipe (-32)
E/Camera3-Device(  204): Can't return buffer to its stream: Broken pipe (-32)
E/Surface (  204): queueBuffer: error queuing buffer to SurfaceTexture, -32
E/Camera3-OutputStream(  204): returnBufferCheckedLocked: Stream 1: Error queueing buffer to native window: Broken pipe (-32)
E/Camera3-Device(  204): Can't return buffer to its stream: Broken pipe (-32)
E/Surface (  204): queueBuffer: error queuing buffer to SurfaceTexture, -32
E/Camera3-OutputStream(  204): returnBufferCheckedLocked: Stream 1: Error queueing buffer to native window: Broken pipe (-32)
E/Camera3-Device(  204): Can't return buffer to its stream: Broken pipe (-32)
E/lowmemorykiller(  152): Error opening /proc/16477/oom_score_adj; errno=2
W/ActivityManager(  459): Exception when unbinding service com.android.chrome/org.chromium.content.app.SandboxedProcessService0
W/ActivityManager(  459): android.os.DeadObjectException
W/ActivityManager(  459): 	at android.os.BinderProxy.transactNative(Native Method)
W/ActivityManager(  459): 	at android.os.BinderProxy.transact(Binder.java:496)
W/ActivityManager(  459): 	at android.app.ApplicationThreadProxy.scheduleUnbindService(ApplicationThreadNative.java:921)
W/ActivityManager(  459): 	at com.android.server.am.ActiveServices.removeConnectionLocked(ActiveServices.java:1795)
W/ActivityManager(  459): 	at com.android.server.am.ActiveServices.killServicesLocked(ActiveServices.java:2193)
W/ActivityManager(  459): 	at com.android.server.am.ActivityManagerService.cleanUpApplicationRecordLocked(ActivityManagerService.java:14895)
W/ActivityManager(  459): 	at com.android.server.am.ActivityManagerService.handleAppDiedLocked(ActivityManagerService.java:4552)
W/ActivityManager(  459): 	at com.android.server.am.ActivityManagerService.removeProcessLocked(ActivityManagerService.java:5789)
W/ActivityManager(  459): 	at com.android.server.am.ActivityManagerService.killPackageProcessesLocked(ActivityManagerService.java:5594)
W/ActivityManager(  459): 	at com.android.server.am.ActivityManagerService.forceStopPackageLocked(ActivityManagerService.java:5655)
W/ActivityManager(  459): 	at com.android.server.am.ActivityManagerService.forceStopPackageLocked(ActivityManagerService.java:5499)
W/ActivityManager(  459): 	at com.android.server.am.ActivityManagerService.forceStopPackage(ActivityManagerService.java:5309)
W/ActivityManager(  459): 	at android.app.ActivityManagerNative.onTransact(ActivityManagerNative.java:1461)
W/ActivityManager(  459): 	at com.android.server.am.ActivityManagerService.onTransact(ActivityManagerService.java:2208)
W/ActivityManager(  459): 	at android.os.Binder.execTransact(Binder.java:446)
E/lowmemorykiller(  152): Error opening /proc/16477/oom_score_adj; errno=2
E/lowmemorykiller(  152): Error opening /proc/16621/oom_score_adj; errno=2
E/lowmemorykiller(  152): Error opening /proc/16621/oom_score_adj; errno=2
W/ActivityManager(  459): Exception when unbinding service com.android.chrome/org.chromium.content.app.SandboxedProcessService2
W/ActivityManager(  459): android.os.DeadObjectException
W/ActivityManager(  459): 	at android.os.BinderProxy.transactNative(Native Method)
W/ActivityManager(  459): 	at android.os.BinderProxy.transact(Binder.java:496)
W/ActivityManager(  459): 	at android.app.ApplicationThreadProxy.scheduleUnbindService(ApplicationThreadNative.java:921)
W/ActivityManager(  459): 	at com.android.server.am.ActiveServices.removeConnectionLocked(ActiveServices.java:1795)
W/ActivityManager(  459): 	at com.android.server.am.ActiveServices.killServicesLocked(ActiveServices.java:2193)
W/ActivityManager(  459): 	at com.android.server.am.ActivityManagerService.cleanUpApplicationRecordLocked(ActivityManagerService.java:14895)
W/ActivityManager(  459): 	at com.android.server.am.ActivityManagerService.handleAppDiedLocked(ActivityManagerService.java:4552)
W/ActivityManager(  459): 	at com.android.server.am.ActivityManagerService.removeProcessLocked(ActivityManagerService.java:5789)
W/ActivityManager(  459): 	at com.android.server.am.ActivityManagerService.killPackageProcessesLocked(ActivityManagerService.java:5594)
W/ActivityManager(  459): 	at com.android.server.am.ActivityManagerService.forceStopPackageLocked(ActivityManagerService.java:5655)
W/ActivityManager(  459): 	at com.android.server.am.ActivityManagerService.forceStopPackageLocked(ActivityManagerService.java:5499)
W/ActivityManager(  459): 	at com.android.server.am.ActivityManagerService.forceStopPackage(ActivityManagerService.java:5309)
W/ActivityManager(  459): 	at android.app.ActivityManagerNative.onTransact(ActivityManagerNative.java:1461)
W/ActivityManager(  459): 	at com.android.server.am.ActivityManagerService.onTransact(ActivityManagerService.java:2208)
W/ActivityManager(  459): 	at android.os.Binder.execTransact(Binder.java:446)
I/ActivityManager(  459): Killing 16477:com.android.chrome:sandboxed_process0/u0a35i79 (adj 9): isolated not needed
W/libprocessgroup(  459): failed to open /acct/uid_10035/pid_16477/cgroup.procs: No such file or directory
E/lowmemorykiller(  152): Error opening /proc/16621/oom_score_adj; errno=2
E/Surface (  204): queueBuffer: error queuing buffer to SurfaceTexture, -32
E/Camera3-OutputStream(  204): returnBufferCheckedLocked: Stream 1: Error queueing buffer to native window: Broken pipe (-32)
E/Camera3-Device(  204): Can't return buffer to its stream: Broken pipe (-32)
W/ActivityManager(  459): Scheduling restart of crashed service com.android.chrome/org.chromium.chrome.browser.media.MediaCaptureNotificationService in 1000ms
W/ActivityManager(  459): Force removing ActivityRecord{15d238a u0 com.android.chrome/org.chromium.chrome.browser.ChromeTabbedActivity t4627}: app died, no saved state
I/ActivityManager(  459): Killing 16621:com.android.chrome:sandboxed_process2/u0a35i81 (adj 9): isolated not needed
E/lowmemorykiller(  152): Error opening /proc/16621/oom_score_adj; errno=2
W/libprocessgroup(  459): failed to open /acct/uid_10035/pid_16621/cgroup.procs: No such file or directory
I/ActivityManager(  459):   Force stopping service ServiceRecord{2fb5cc37 u0 com.android.chrome/org.chromium.chrome.browser.media.MediaCaptureNotificationService}
I/ActivityManager(  459): Process com.google.android.music:main (pid 5961) has died
D/AndroidRuntime(17056): Shutting down VM
W/ActivityManager(  459): Spurious death for ProcessRecord{2aa9fcd4 16264:com.android.chrome/u0a35}, curProc for 16264: null
E/Surface (  204): queueBuffer: error queuing buffer to SurfaceTexture, -32
E/Camera3-OutputStream(  204): returnBufferCheckedLocked: Stream 1: Error queueing buffer to native window: Broken pipe (-32)
E/Camera3-Device(  204): Can't return buffer to its stream: Broken pipe (-32)
W/InputMethodManagerService(  459): Got RemoteException sending setActive(false) notification to pid 16264 uid 10035
E/Surface (  204): queueBuffer: error queuing buffer to SurfaceTexture, -32
E/Camera3-OutputStream(  204): returnBufferCheckedLocked: Stream 1: Error queueing buffer to native window: Broken pipe (-32)
E/Camera3-Device(  204): Can't return buffer to its stream: Broken pipe (-32)
W/Camera3-OutputStream(  204): disconnectLocked: While disconnecting stream 0 from native window, the native window died from under us
W/Camera3-OutputStream(  204): disconnectLocked: While disconnecting stream 2 from native window, the native window died from under us
W/Camera3-OutputStream(  204): disconnectLocked: While disconnecting stream 1 from native window, the native window died from under us
W/SessionLifecycleManager( 8196): Handover failed. Creating new session controller.
D/BluetoothAdapter( 8196): 377043596: getState() :  mService = null. Returning STATE_OFF
D/BluetoothAdapter( 8196): 377043596: getState() :  mService = null. Returning STATE_OFF
I/VoiceSearchSettings( 8196): Hotword upgrade key is null!
I/OptInState( 8196): There is a new client and it does not support opt-in. Dropping request.
W/LocationOracle( 8196): No location history returned by ContextManager
D/NvOsDebugPrintf(  204): SensorBayer_SetPowerLevel 1
I/Camera2ClientBase(  204): Closed Camera 1. Client was: com.android.chrome (PID 16264, UID 10035)
I/MicroDetectionWorker( 8196): #updateMicroDetector [detectionMode: [mDetectionMode: [1]]]
I/MicroDetectionWorker( 8196): #startMicroDetector [speakerMode: 0]
D/BluetoothAdapter( 8196): 377043596: getState() :  mService = null. Returning STATE_OFF
D/BluetoothAdapter( 8196): 377043596: getState() :  mService = null. Returning STATE_OFF
I/VoiceSearchSettings( 8196): Hotword upgrade key is null!
D/BluetoothAdapter( 8196): 377043596: getState() :  mService = null. Returning STATE_OFF
I/VoiceSearchSettings( 8196): Hotword upgrade key is null!
D/BluetoothAdapter( 8196): 377043596: getState() :  mService = null. Returning STATE_OFF
I/MicroDetectionWorker( 8196): onReady
I/MicroRecognitionRunner( 8196): Starting detection.
I/MicrophoneInputStream( 8196): mic_starting com.google.android.apps.gsa.speech.audio.af@173193a7
I/SoundTriggerHwService::Module(  204): void android::SoundTriggerHwService::Module::onCallbackEvent(const android::sp<android::SoundTriggerHwService::CallbackEvent>&) mClient == 0
I/AudioFlinger(  204): AudioFlinger's thread 0xaadcc298 ready to run
I/MicrophoneInputStream( 8196): mic_started com.google.android.apps.gsa.speech.audio.af@173193a7
D/WifiService(  459): acquireWifiLockLocked: WifiLock{NlpWifiLock type=2 binder=android.os.BinderProxy@3a848de8}
E/WifiStateMachine(  459): WifiStateMachine CMD_START_SCAN source 10008 txSuccessRate=0.02 rxSuccessRate=0.55 targetRoamBSSID=f0:9f:c2:f4:b8:94 RSSI=-58
W/ctxmgr  ( 1049): [AclManager]No 3 for (accnt=account#-517948760#, com.google.android.gms(10008):UserVelocityProducer, vrsn=12685011, 0, 3pPkg = null ,  3pMdlId = null ,  pid = 1049). Was: 3 for 1, account#-517948760#
E/SQLiteLog( 1049): (2067) abort at 35 in [INSERT INTO context(context_name,end_time,context_family,module_id,version,sync_state_mod_time_millis,start_time,sync_state,context_id,time_type,proto_blob) VALUES (?,?,?,?,?,?,?,?,?,?,?)]: UNI
E/SQLiteLog( 1049): (2067) abort at 35 in [INSERT INTO context(context_name,end_time,context_family,module_id,version,sync_state_mod_time_millis,start_time,sync_state,context_id,time_type,proto_blob) VALUES (?,?,?,?,?,?,?,?,?,?,?)]: UNI
E/SQLiteLog( 1049): (2067) abort at 35 in [INSERT INTO context(context_name,end_time,context_family,module_id,version,sync_state_mod_time_millis,start_time,sync_state,context_id,time_type,proto_blob) VALUES (?,?,?,?,?,?,?,?,?,?,?)]: UNI
D/AndroidRuntime(17078): >>>>>> START com.android.internal.os.RuntimeInit uid 2000 <<<<<<
D/AndroidRuntime(17078): CheckJNI is OFF
I/MicroDetectionWorker( 8196): onReady
I/vgn     ( 1049): 67-RequestPlaceUpdates -- metadata{ service_id: 0 }
W/Wifi    ( 3847): Failed to read packet and byte counts from wifi interface
I/art     (  459): Explicit concurrent mark sweep GC freed 114161(6MB) AllocSpace objects, 102(2MB) LOS objects, 33% free, 30MB/45MB, paused 848us total 135.277ms
I/GeofencerStateMachine( 1049): removeGeofences: removeRequest=RemoveGeofencingRequest[REMOVE_BY_PENDING_INTENT pendingIntent=PendingIntent[creatorPackage=com.google.android.gms], packageName=null]
I/GeofencerStateMachine( 1049): removeGeofences: removeRequest=RemoveGeofencingRequest[REMOVE_BY_PENDING_INTENT pendingIntent=PendingIntent[creatorPackage=com.google.android.gms], packageName=null]
W/OpenGLRenderer(  960): Incorrectly called buildLayer on View: ShortcutAndWidgetContainer, destroying layer...
I/PlaceInferenceEngine( 1049): [anon] Changed inference mode: 0
W/ctxmgr  ( 1049): [AclManager]No 2 for (accnt=account#1813920180#, com.google.android.gms(10008):UserLocationProducer, vrsn=12685000, 0, 3pPkg = null ,  3pMdlId = null ,  pid = 1049). Was: 2 for 1, account#1813920180#
W/ctxmgr  ( 1049): [AclManager]No 2 for (accnt=account#1644684176#, com.google.android.gms(10008):UserLocationProducer, vrsn=12685000, 0, 3pPkg = null ,  3pMdlId = null ,  pid = 1049). Was: 2 for 1, account#1644684176#
W/ctxmgr  ( 1049): [AclManager]No 2 for (accnt=account#-517948760#, com.google.android.gms(10008):UserLocationProducer, vrsn=12685000, 0, 3pPkg = null ,  3pMdlId = null ,  pid = 1049). Was: 3 for 1, account#-517948760#
W/System.err( 7946): android.content.pm.PackageManager$NameNotFoundException
W/System.err( 7946): 	at android.app.ApplicationPackageManager.getPackageInfo(ApplicationPackageManager.java:114)
W/System.err( 7946): 	at com.estrongs.android.pop.app.c.ai.c(Unknown Source)
W/System.err( 7946): 	at com.estrongs.android.pop.app.c.ai.a(Unknown Source)
W/System.err( 7946): 	at com.estrongs.android.pop.app.scene.e.q.a(Unknown Source)
W/System.err( 7946): 	at com.estrongs.android.scanner.c.m.run(Unknown Source)
W/System.err( 7946): 	at java.util.concurrent.ThreadPoolExecutor.runWorker(ThreadPoolExecutor.java:1112)
W/System.err( 7946): 	at java.util.concurrent.ThreadPoolExecutor$Worker.run(ThreadPoolExecutor.java:587)
W/System.err( 7946): 	at java.lang.Thread.run(Thread.java:818)
I/vgn     ( 1049): 67-RequestPlaceUpdates -- metadata{ service_id: 0 }
I/Places  ( 1049): ?: PlacesBleScanner start() with priority 2
I/PlaceInferenceEngine( 1049): [anon] Changed inference mode: 1
I/Places  ( 1049): Converted 28 out of 33 WiFi scans
D/BluetoothAdapter( 1049): 599352940: getState() :  mService = null. Returning STATE_OFF
I/BeaconBle( 1049): Using BLE 'L' hardware layer
I/PlaceInferenceEngine( 1049): [anon] Changed inference mode: 1
I/BeaconBle( 1049): Client requested scan, settings=BleSettings [scanMode=ZERO_POWER, callbackType=ALL_MATCHES, reportDelayMillis=0, 1 filters, 0 clients, callingClientName=Places]
E/BeaconBle( 1049): Scan couldn't start for Places
W/Places  ( 1049): BLE failure while scanning - code 5
D/WifiService(  459): releaseWifiLockLocked: WifiLock{NlpWifiLock type=2 binder=android.os.BinderProxy@3a848de8}
D/libgps  (  459): proxy_gps_inject_location: called.
W/ctxmgr  ( 1049): [AclManager]No 2 for (accnt=account#-517948760#, com.google.android.gms(10008):IndoorOutdoorProducer, vrsn=12685000, 0, 3pPkg = null ,  3pMdlId = null ,  pid = 1049). Was: 3 for 57, account#-517948760#
D/AndroidRuntime(17078): Calling main entry com.android.commands.pm.Pm
I/ActivityManager(  459): Force stopping com.android.chrome appid=10035 user=0: clear data
D/TaskPersister(  459): removeObsoleteFile: deleting file=4627_task.xml
D/TaskPersister(  459): removeObsoleteFile: deleting file=4627_task_thumbnail.png
I/GeofencerStateMachine( 1049): removeGeofences: removeRequest=RemoveGeofencingRequest[REMOVE_ALL packageName=com.android.chrome]
D/Documents( 9552): Update found 8 roots in 7ms
I/PlaceInferenceEngine( 1049): No beacon scan available - ignoring candidates.
I/LocationSettingsChecker( 1010): Removing dialog suppression flag for package com.android.chrome
I/art     (17078): System.exit called, status: 0
I/AndroidRuntime(17078): VM exiting with result code 0.
I/Icing   ( 1010): doRemovePackageData com.android.chrome
I/Icing   ( 1010): Removing corpus key 94FBE96EEF13B8AC56FE8C01687FD8A6012559AC for package com.android.chrome
I/Icing   ( 1010): Flash index sort hb 5 prefix-hits 27 -> 20 at 9.539ms
W/Wifi    ( 3847): Failed to read packet and byte counts from wifi interface
I/Icing   ( 1010): updateResources: need to parse xax{com.android.chrome}
I/Icing   ( 1010): Indexing 94FBE96EEF13B8AC56FE8C01687FD8A6012559AC from com.android.chrome
I/ActivityManager(  459): Start proc 17119:com.android.chrome/u0a35 for content provider com.android.chrome/com.google.android.apps.chrome.icing.IcingProvider
I/art     (  213): Explicit concurrent mark sweep GC freed 706(30KB) AllocSpace objects, 0(0B) LOS objects, 39% free, 7MB/11MB, paused 166us total 26.254ms
I/art     (  213): Explicit concurrent mark sweep GC freed 8(256B) AllocSpace objects, 0(0B) LOS objects, 39% free, 7MB/11MB, paused 197us total 15.398ms
I/art     (  213): Explicit concurrent mark sweep GC freed 5(160B) AllocSpace objects, 0(0B) LOS objects, 39% free, 7MB/11MB, paused 147us total 10.804ms
W/DynamiteModule(17119): Local module descriptor class for com.google.android.gms.googlecertificates not found.
I/DynamiteModule(17119): Considering local module com.google.android.gms.googlecertificates:0 and remote module com.google.android.gms.googlecertificates:4
I/DynamiteModule(17119): Selected remote version of com.google.android.gms.googlecertificates, version >= 4
W/ResourcesManager(17119): Asset path '/system/framework/com.android.media.remotedisplay.jar' does not exist or contains no resources.
W/ResourcesManager(17119): Asset path '/system/framework/com.android.location.provider.jar' does not exist or contains no resources.
I/Icing   ( 1010): Indexing done 94FBE96EEF13B8AC56FE8C01687FD8A6012559AC
W/ctxmgr  ( 1049): [AclManager]No 2 for (accnt=account#-517948760#, com.google.android.gms(10008):PlacesProducer, vrsn=12685000, 0, 3pPkg = null ,  3pMdlId = null ,  pid = 1049). Was: 3 for 18, account#-517948760#
W/Wifi    ( 3847): Failed to read packet and byte counts from wifi interface
W/Wifi    ( 3847): Failed to read packet and byte counts from wifi interface
W/Wifi    ( 3847): Failed to read packet and byte counts from wifi interface
D/AndroidRuntime(17171): >>>>>> START com.android.internal.os.RuntimeInit uid 2000 <<<<<<
D/AndroidRuntime(17171): CheckJNI is OFF
D/AndroidRuntime(17171): Calling main entry com.android.commands.am.Am
I/Trepn   (10767): Trepn 6.2s: Received intent: com.quicinc.trepn.export_to_csv; filename: Trepn_2018.06.17_160258.db; filename: HT4AMJT02334_Trepn_2018.06.17_160258.csv
D/AndroidRuntime(17171): Shutting down VM
W/FileUtils(10767): Failed to chmod(/storage/emulated/0/trepn/Trepn_2018.06.17_160258.db): android.system.ErrnoException: chmod failed: EPERM (Operation not permitted)
W/Wifi    ( 3847): Failed to read packet and byte counts from wifi interface
E/WifiStateMachine(  459): WifiStateMachine CMD_START_SCAN source -2 txSuccessRate=3.19 rxSuccessRate=4.66 targetRoamBSSID=f0:9f:c2:f4:b8:94 RSSI=-62
W/Wifi    ( 3847): Failed to read packet and byte counts from wifi interface
W/System.err( 7946): android.content.pm.PackageManager$NameNotFoundException
W/System.err( 7946): 	at android.app.ApplicationPackageManager.getPackageInfo(ApplicationPackageManager.java:114)
W/System.err( 7946): 	at com.estrongs.android.pop.app.c.ai.c(Unknown Source)
W/System.err( 7946): 	at com.estrongs.android.pop.app.c.ai.a(Unknown Source)
W/System.err( 7946): 	at com.estrongs.android.pop.app.scene.e.q.a(Unknown Source)
W/System.err( 7946): 	at com.estrongs.android.scanner.c.m.run(Unknown Source)
W/System.err( 7946): 	at java.util.concurrent.ThreadPoolExecutor.runWorker(ThreadPoolExecutor.java:1112)
W/System.err( 7946): 	at java.util.concurrent.ThreadPoolExecutor$Worker.run(ThreadPoolExecutor.java:587)
W/System.err( 7946): 	at java.lang.Thread.run(Thread.java:818)
W/System.err( 7946): android.content.pm.PackageManager$NameNotFoundException
W/System.err( 7946): 	at android.app.ApplicationPackageManager.getPackageInfo(ApplicationPackageManager.java:114)
W/System.err( 7946): 	at com.estrongs.android.pop.app.c.ai.c(Unknown Source)
W/System.err( 7946): 	at com.estrongs.android.pop.app.c.ai.a(Unknown Source)
W/System.err( 7946): 	at com.estrongs.android.pop.app.scene.e.q.a(Unknown Source)
W/System.err( 7946): 	at com.estrongs.android.scanner.c.m.run(Unknown Source)
W/System.err( 7946): 	at java.util.concurrent.ThreadPoolExecutor.runWorker(ThreadPoolExecutor.java:1112)
W/System.err( 7946): 	at java.util.concurrent.ThreadPoolExecutor$Worker.run(ThreadPoolExecutor.java:587)
W/System.err( 7946): 	at java.lang.Thread.run(Thread.java:818)
W/System.err( 7946): android.content.pm.PackageManager$NameNotFoundException
W/System.err( 7946): 	at android.app.ApplicationPackageManager.getPackageInfo(ApplicationPackageManager.java:114)
W/System.err( 7946): 	at com.estrongs.android.pop.app.c.ai.c(Unknown Source)
W/System.err( 7946): 	at com.estrongs.android.pop.app.c.ai.a(Unknown Source)
W/System.err( 7946): 	at com.estrongs.android.pop.app.scene.e.q.a(Unknown Source)
W/System.err( 7946): 	at com.estrongs.android.scanner.c.m.run(Unknown Source)
W/System.err( 7946): 	at java.util.concurrent.ThreadPoolExecutor.runWorker(ThreadPoolExecutor.java:1112)
W/System.err( 7946): 	at java.util.concurrent.ThreadPoolExecutor$Worker.run(ThreadPoolExecutor.java:587)
W/System.err( 7946): 	at java.lang.Thread.run(Thread.java:818)
W/Wifi    ( 3847): Failed to read packet and byte counts from wifi interface
W/Wifi    ( 3847): Failed to read packet and byte counts from wifi interface
W/Wifi    ( 3847): Failed to read packet and byte counts from wifi interface
W/Wifi    ( 3847): Failed to read packet and byte counts from wifi interface
W/Wifi    ( 3847): Failed to read packet and byte counts from wifi interface
W/Wifi    ( 3847): Failed to read packet and byte counts from wifi interface
W/Wifi    ( 3847): Failed to read packet and byte counts from wifi interface
W/Wifi    ( 3847): Failed to read packet and byte counts from wifi interface
W/Wifi    ( 3847): Failed to read packet and byte counts from wifi interface
W/Wifi    ( 3847): Failed to read packet and byte counts from wifi interface
W/Wifi    ( 3847): Failed to read packet and byte counts from wifi interface
W/Wifi    ( 3847): Failed to read packet and byte counts from wifi interface
W/Wifi    ( 3847): Failed to read packet and byte counts from wifi interface
W/Wifi    ( 3847): Failed to read packet and byte counts from wifi interface
W/Wifi    ( 3847): Failed to read packet and byte counts from wifi interface
W/Wifi    ( 3847): Failed to read packet and byte counts from wifi interface
W/Wifi    ( 3847): Failed to read packet and byte counts from wifi interface
W/Wifi    ( 3847): Failed to read packet and byte counts from wifi interface
W/Wifi    ( 3847): Failed to read packet and byte counts from wifi interface
E/WifiStateMachine(  459): WifiStateMachine CMD_START_SCAN source -2 txSuccessRate=0.02 rxSuccessRate=0.60 targetRoamBSSID=f0:9f:c2:f4:b8:94 RSSI=-58
W/Wifi    ( 3847): Failed to read packet and byte counts from wifi interface
W/Wifi    ( 3847): Failed to read packet and byte counts from wifi interface
W/Wifi    ( 3847): Failed to read packet and byte counts from wifi interface
W/Wifi    ( 3847): Failed to read packet and byte counts from wifi interface
W/Wifi    ( 3847): Failed to read packet and byte counts from wifi interface
W/Wifi    ( 3847): Failed to read packet and byte counts from wifi interface
W/Wifi    ( 3847): Failed to read packet and byte counts from wifi interface
W/Wifi    ( 3847): Failed to read packet and byte counts from wifi interface
W/Wifi    ( 3847): Failed to read packet and byte counts from wifi interface
W/Wifi    ( 3847): Failed to read packet and byte counts from wifi interface
W/Wifi    ( 3847): Failed to read packet and byte counts from wifi interface
W/Wifi    ( 3847): Failed to read packet and byte counts from wifi interface
W/Wifi    ( 3847): Failed to read packet and byte counts from wifi interface
W/Wifi    ( 3847): Failed to read packet and byte counts from wifi interface
W/Wifi    ( 3847): Failed to read packet and byte counts from wifi interface
W/Wifi    ( 3847): Failed to read packet and byte counts from wifi interface
W/Wifi    ( 3847): Failed to read packet and byte counts from wifi interface
W/Wifi    ( 3847): Failed to read packet and byte counts from wifi interface
W/Wifi    ( 3847): Failed to read packet and byte counts from wifi interface
W/Wifi    ( 3847): Failed to read packet and byte counts from wifi interface
E/WifiStateMachine(  459): WifiStateMachine CMD_START_SCAN source -2 txSuccessRate=0.00 rxSuccessRate=1.20 targetRoamBSSID=f0:9f:c2:f4:b8:94 RSSI=-50
W/Wifi    ( 3847): Failed to read packet and byte counts from wifi interface
W/Wifi    ( 3847): Failed to read packet and byte counts from wifi interface
W/Wifi    ( 3847): Failed to read packet and byte counts from wifi interface
W/Wifi    ( 3847): Failed to read packet and byte counts from wifi interface
W/Wifi    ( 3847): Failed to read packet and byte counts from wifi interface
W/Wifi    ( 3847): Failed to read packet and byte counts from wifi interface
W/Wifi    ( 3847): Failed to read packet and byte counts from wifi interface
W/Wifi    ( 3847): Failed to read packet and byte counts from wifi interface
W/Wifi    ( 3847): Failed to read packet and byte counts from wifi interface
W/Wifi    ( 3847): Failed to read packet and byte counts from wifi interface
W/Wifi    ( 3847): Failed to read packet and byte counts from wifi interface
I/vgn     ( 1049): 35-GetDeviceDataUploadOptInStatusOperation -- metadata{ service_id: 0 }
I/vgn     ( 1049): 35-GetDeviceDataUploadOptInStatusOperation -- metadata{ service_id: 0 }
W/Wifi    ( 3847): Failed to read packet and byte counts from wifi interface
W/Wifi    ( 3847): Failed to read packet and byte counts from wifi interface
W/Wifi    ( 3847): Failed to read packet and byte counts from wifi interface
W/Wifi    ( 3847): Failed to read packet and byte counts from wifi interface
W/Wifi    ( 3847): Failed to read packet and byte counts from wifi interface
W/Wifi    ( 3847): Failed to read packet and byte counts from wifi interface
W/Wifi    ( 3847): Failed to read packet and byte counts from wifi interface
W/Wifi    ( 3847): Failed to read packet and byte counts from wifi interface
W/Wifi    ( 3847): Failed to read packet and byte counts from wifi interface
E/WifiStateMachine(  459): WifiStateMachine CMD_START_SCAN source -2 txSuccessRate=0.00 rxSuccessRate=1.63 targetRoamBSSID=f0:9f:c2:f4:b8:94 RSSI=-51
W/Wifi    ( 3847): Failed to read packet and byte counts from wifi interface
W/Wifi    ( 3847): Failed to read packet and byte counts from wifi interface
W/Wifi    ( 3847): Failed to read packet and byte counts from wifi interface
W/Wifi    ( 3847): Failed to read packet and byte counts from wifi interface
W/Wifi    ( 3847): Failed to read packet and byte counts from wifi interface
W/Wifi    ( 3847): Failed to read packet and byte counts from wifi interface
W/Wifi    ( 3847): Failed to read packet and byte counts from wifi interface
W/Wifi    ( 3847): Failed to read packet and byte counts from wifi interface
E/native  (  459): do suspend false
E/WifiStateMachine(  459): scanCount==0 - aborting
I/dhcpcd  (17435): sending signal 14 to pid 5509
I/dhcpcd  ( 5509): received SIGALRM, renewing
I/dhcpcd  ( 5509): wlan0: renewing lease of 10.19.0.144
I/dhcpcd  ( 5509): wlan0: acknowledged 10.19.0.144 from 10.19.0.1
I/dhcpcd  ( 5509): wlan0: leased 10.19.0.144 for 600 seconds
D/ConnectivityService(  459): NetworkAgentInfo [WIFI () - 103] EVENT_NETWORK_INFO_CHANGED, going from CONNECTED to CONNECTING
I/GeofencerStateMachine( 1049): sendWifiConnectivityChanged: connectivity=false
D/ConnectivityService(  459): NetworkAgentInfo [WIFI () - 103] EVENT_NETWORK_INFO_CHANGED, going from CONNECTING to CONNECTED
E/WifiStateMachine(  459): WifiStateMachine: Leaving Connected state
I/GeofencerStateMachine( 1049): sendWifiConnectivityChanged: connectivity=true
W/Wifi    ( 3847): Failed to read packet and byte counts from wifi interface
W/Wifi    ( 3847): Failed to read packet and byte counts from wifi interface
W/Wifi    ( 3847): Failed to read packet and byte counts from wifi interface
W/Wifi    ( 3847): Failed to read packet and byte counts from wifi interface
W/Wifi    ( 3847): Failed to read packet and byte counts from wifi interface
W/Wifi    ( 3847): Failed to read packet and byte counts from wifi interface
W/Wifi    ( 3847): Failed to read packet and byte counts from wifi interface
W/Wifi    ( 3847): Failed to read packet and byte counts from wifi interface
W/Wifi    ( 3847): Failed to read packet and byte counts from wifi interface
W/Wifi    ( 3847): Failed to read packet and byte counts from wifi interface
W/Wifi    ( 3847): Failed to read packet and byte counts from wifi interface
W/Wifi    ( 3847): Failed to read packet and byte counts from wifi interface
E/WifiStateMachine(  459): WifiStateMachine CMD_START_SCAN source -2 txSuccessRate=0.31 rxSuccessRate=2.14 targetRoamBSSID=f0:9f:c2:f4:b8:94 RSSI=-50
E/WifiStateMachine(  459): WifiStateMachine L2Connected CMD_START_SCAN source -2 729, 730 -> obsolete
W/Wifi    ( 3847): Failed to read packet and byte counts from wifi interface
W/Wifi    ( 3847): Failed to read packet and byte counts from wifi interface
W/Wifi    ( 3847): Failed to read packet and byte counts from wifi interface
W/Wifi    ( 3847): Failed to read packet and byte counts from wifi interface
W/Wifi    ( 3847): Failed to read packet and byte counts from wifi interface
W/Wifi    ( 3847): Failed to read packet and byte counts from wifi interface
W/Wifi    ( 3847): Failed to read packet and byte counts from wifi interface
W/Wifi    ( 3847): Failed to read packet and byte counts from wifi interface
E/WifiStateMachine(  459): WifiStateMachine CMD_START_SCAN source -2 txSuccessRate=0.29 rxSuccessRate=0.77 targetRoamBSSID=f0:9f:c2:f4:b8:94 RSSI=-51
W/Wifi    ( 3847): Failed to read packet and byte counts from wifi interface
W/Wifi    ( 3847): Failed to read packet and byte counts from wifi interface
W/Wifi    ( 3847): Failed to read packet and byte counts from wifi interface
W/Wifi    ( 3847): Failed to read packet and byte counts from wifi interface
W/Wifi    ( 3847): Failed to read packet and byte counts from wifi interface
W/Wifi    ( 3847): Failed to read packet and byte counts from wifi interface
W/Wifi    ( 3847): Failed to read packet and byte counts from wifi interface
W/Wifi    ( 3847): Failed to read packet and byte counts from wifi interface
W/Wifi    ( 3847): Failed to read packet and byte counts from wifi interface
W/Wifi    ( 3847): Failed to read packet and byte counts from wifi interface
W/Wifi    ( 3847): Failed to read packet and byte counts from wifi interface
W/Wifi    ( 3847): Failed to read packet and byte counts from wifi interface
W/Wifi    ( 3847): Failed to read packet and byte counts from wifi interface
W/Wifi    ( 3847): Failed to read packet and byte counts from wifi interface
W/Wifi    ( 3847): Failed to read packet and byte counts from wifi interface
W/Wifi    ( 3847): Failed to read packet and byte counts from wifi interface
W/Wifi    ( 3847): Failed to read packet and byte counts from wifi interface
W/Wifi    ( 3847): Failed to read packet and byte counts from wifi interface
W/Wifi    ( 3847): Failed to read packet and byte counts from wifi interface
W/Wifi    ( 3847): Failed to read packet and byte counts from wifi interface
E/WifiStateMachine(  459): WifiStateMachine CMD_START_SCAN source -2 txSuccessRate=0.00 rxSuccessRate=1.22 targetRoamBSSID=f0:9f:c2:f4:b8:94 RSSI=-56
W/Wifi    ( 3847): Failed to read packet and byte counts from wifi interface
W/Wifi    ( 3847): Failed to read packet and byte counts from wifi interface
W/Wifi    ( 3847): Failed to read packet and byte counts from wifi interface
W/Wifi    ( 3847): Failed to read packet and byte counts from wifi interface
I/vgn     ( 1049): 35-GetDeviceDataUploadOptInStatusOperation -- metadata{ service_id: 0 }
I/vgn     ( 1049): 35-GetDeviceDataUploadOptInStatusOperation -- metadata{ service_id: 0 }
W/Wifi    ( 3847): Failed to read packet and byte counts from wifi interface
W/Wifi    ( 3847): Failed to read packet and byte counts from wifi interface
W/Wifi    ( 3847): Failed to read packet and byte counts from wifi interface
W/Wifi    ( 3847): Failed to read packet and byte counts from wifi interface
W/Wifi    ( 3847): Failed to read packet and byte counts from wifi interface
W/Wifi    ( 3847): Failed to read packet and byte counts from wifi interface
W/Wifi    ( 3847): Failed to read packet and byte counts from wifi interface
W/Wifi    ( 3847): Failed to read packet and byte counts from wifi interface
W/Wifi    ( 3847): Failed to read packet and byte counts from wifi interface
W/Wifi    ( 3847): Failed to read packet and byte counts from wifi interface
W/Wifi    ( 3847): Failed to read packet and byte counts from wifi interface
W/Wifi    ( 3847): Failed to read packet and byte counts from wifi interface
W/Wifi    ( 3847): Failed to read packet and byte counts from wifi interface
W/Wifi    ( 3847): Failed to read packet and byte counts from wifi interface
W/Wifi    ( 3847): Failed to read packet and byte counts from wifi interface
W/Wifi    ( 3847): Failed to read packet and byte counts from wifi interface
E/WifiStateMachine(  459): WifiStateMachine CMD_START_SCAN source -2 txSuccessRate=0.00 rxSuccessRate=1.27 targetRoamBSSID=f0:9f:c2:f4:b8:94 RSSI=-50
W/Wifi    ( 3847): Failed to read packet and byte counts from wifi interface
W/Wifi    ( 3847): Failed to read packet and byte counts from wifi interface
W/Wifi    ( 3847): Failed to read packet and byte counts from wifi interface
W/Wifi    ( 3847): Failed to read packet and byte counts from wifi interface
D/AndroidRuntime(17671): >>>>>> START com.android.internal.os.RuntimeInit uid 2000 <<<<<<
D/AndroidRuntime(17671): CheckJNI is OFF
D/AndroidRuntime(17671): Calling main entry com.android.commands.am.Am
I/Trepn   (10767): Trepn 6.2s: Received intent: com.quicinc.trepn.stop_profiling
D/AndroidRuntime(17671): Shutting down VM
W/Wifi    ( 3847): Failed to read packet and byte counts from wifi interface
D/AndroidRuntime(17692): >>>>>> START com.android.internal.os.RuntimeInit uid 2000 <<<<<<
D/AndroidRuntime(17692): CheckJNI is OFF
D/AndroidRuntime(17692): Calling main entry com.android.commands.am.Am
D/AndroidRuntime(17692): Shutting down VM
W/Wifi    ( 3847): Failed to read packet and byte counts from wifi interface
D/AndroidRuntime(17708): >>>>>> START com.android.internal.os.RuntimeInit uid 2000 <<<<<<
D/AndroidRuntime(17708): CheckJNI is OFF
D/AndroidRuntime(17708): Calling main entry com.android.commands.am.Am
I/ActivityManager(  459): Force stopping com.android.chrome appid=10035 user=0: from pid 17708
I/ActivityManager(  459): Killing 17119:com.android.chrome/u0a35 (adj 9): stop com.android.chrome
W/ActivityManager(  459): Spurious death for ProcessRecord{162119dd 17119:com.android.chrome/u0a35}, curProc for 17119: null
D/AndroidRuntime(17708): Shutting down VM
W/Wifi    ( 3847): Failed to read packet and byte counts from wifi interface
D/AndroidRuntime(17726): >>>>>> START com.android.internal.os.RuntimeInit uid 2000 <<<<<<
D/AndroidRuntime(17726): CheckJNI is OFF
D/AndroidRuntime(17726): Calling main entry com.android.commands.pm.Pm
I/ActivityManager(  459): Force stopping com.android.chrome appid=10035 user=0: clear data
I/GeofencerStateMachine( 1049): removeGeofences: removeRequest=RemoveGeofencingRequest[REMOVE_ALL packageName=com.android.chrome]
D/Documents( 9552): Update found 8 roots in 4ms
I/art     (17726): System.exit called, status: 0
I/AndroidRuntime(17726): VM exiting with result code 0.
I/LocationSettingsChecker( 1010): Removing dialog suppression flag for package com.android.chrome
I/Icing   ( 1010): doRemovePackageData com.android.chrome
I/Icing   ( 1010): Removing corpus key 94FBE96EEF13B8AC56FE8C01687FD8A6012559AC for package com.android.chrome
I/Icing   ( 1010): updateResources: need to parse xax{com.android.chrome}
I/Icing   ( 1010): Indexing 94FBE96EEF13B8AC56FE8C01687FD8A6012559AC from com.android.chrome
I/ActivityManager(  459): Start proc 17755:com.android.chrome/u0a35 for content provider com.android.chrome/com.google.android.apps.chrome.icing.IcingProvider
W/DynamiteModule(17755): Local module descriptor class for com.google.android.gms.googlecertificates not found.
