D/WifiService(  459): releaseWifiLockLocked: WifiLock{NlpWifiLock type=2 binder=android.os.BinderProxy@8f55022}
I/ValidateNoPeople(  459): skipping global notification
W/BroadcastQueue(  459): Skipping deliver [background] BroadcastRecord{c4a99ce u-1 android.net.conn.CONNECTIVITY_CHANGE} to ReceiverList{39f470ef 5047 (unknown name)/2000/u-1 remote:ddaded0}: process crashing
I/ActivityManager(  459): START u0 {act=android.intent.action.MAIN cat=[android.intent.category.LAUNCHER] flg=0x10200000 cmp=com.quicinc.trepn/.userinterface.main.TrepnActivity} from uid 2000 on display 0
V/WindowManager(  459): addAppToken: AppWindowToken{87a84da token=Token{3a4c2e85 ActivityRecord{2f5717fc u0 com.quicinc.trepn/.userinterface.main.TrepnActivity t4591}}} to stack=1 task=4591 at 0
V/WindowManager(  459): Adding window Window{2146a93d u0 Starting com.quicinc.trepn} at 3 of 17 (after Window{26b8dd53 u0 com.google.android.googlequicksearchbox/com.google.android.launcher.GEL})
V/WindowManager(  459): Adding window Window{177b6efb u0 com.quicinc.trepn/com.quicinc.trepn.userinterface.main.TrepnActivity} at 3 of 18 (before Window{2146a93d u0 Starting com.quicinc.trepn})
D/TaskPersister(  459): removeObsoleteFile: deleting file=4587_task.xml
I/ActivityManager(  459): Force stopping com.quicinc.trepn appid=10091 user=0: from pid 5102
I/ActivityManager(  459): Killing 3200:com.quicinc.trepn/u0a91 (adj 0): stop com.quicinc.trepn
I/WindowState(  459): WIN DEATH: Window{177b6efb u0 com.quicinc.trepn/com.quicinc.trepn.userinterface.main.TrepnActivity}
W/ActivityManager(  459): Force removing ActivityRecord{2f5717fc u0 com.quicinc.trepn/.userinterface.main.TrepnActivity t4591}: app died, no saved state
W/ActivityManager(  459): Spurious death for ProcessRecord{14d4d532 3200:com.quicinc.trepn/u0a91}, curProc for 3200: null
W/InputMethodManagerService(  459): Got RemoteException sending setActive(false) notification to pid 3200 uid 10091
I/ActivityManager(  459): Start proc 5138:com.quicinc.trepn/u0a91 for service com.quicinc.trepn/.TrepnService
I/ActivityManager(  459): Force stopping com.android.chrome appid=10035 user=0: from pid 5172
I/ActivityManager(  459): Killing 4504:com.android.chrome/u0a35 (adj 9): stop com.android.chrome
W/ActivityManager(  459): Spurious death for ProcessRecord{31e5d887 4504:com.android.chrome/u0a35}, curProc for 4504: null
I/ActivityManager(  459): START u0 {act=android.intent.action.VIEW flg=0x10008000 cmp=com.android.chrome/com.google.android.apps.chrome.Main} from uid 2000 on display 0
V/WindowManager(  459): addAppToken: AppWindowToken{33746352 token=Token{22d11bdd ActivityRecord{64083b4 u0 com.android.chrome/com.google.android.apps.chrome.Main t4592}}} to stack=1 task=4592 at 0
I/ActivityManager(  459): Start proc 5185:com.android.chrome/u0a35 for activity com.android.chrome/com.google.android.apps.chrome.Main
W/ResourcesManager( 5185): Asset path '/system/framework/com.android.media.remotedisplay.jar' does not exist or contains no resources.
W/ResourcesManager( 5185): Asset path '/system/framework/com.android.location.provider.jar' does not exist or contains no resources.
I/ActivityManager(  459): START u0 {cmp=com.android.chrome/org.chromium.chrome.browser.firstrun.FirstRunActivity (has extras)} from uid 10035 on display 0
V/WindowManager(  459): addAppToken: AppWindowToken{2a29869b token=Token{1d6d0aaa ActivityRecord{3220e995 u0 com.android.chrome/org.chromium.chrome.browser.firstrun.FirstRunActivity t4593}}} to stack=1 task=4593 at 0
V/WindowManager(  459): Based on layer: Adding window Window{2d69af4e u0 com.android.chrome/org.chromium.chrome.browser.firstrun.FirstRunActivity} at 3 of 17
I/ActivityManager(  459): Start proc 5211:com.android.chrome:sandboxed_process0/u0i51 for service com.android.chrome/org.chromium.content.app.SandboxedProcessService0
I/ActivityManager(  459): Start proc 5253:com.android.chrome:privileged_process0/u0a35 for service com.android.chrome/org.chromium.content.app.PrivilegedProcessService0
D/ConnectivityService(  459): listenForNetwork for NetworkRequest [ id=77, legacyType=-1, [ Capabilities: INTERNET&NOT_RESTRICTED&TRUSTED] ]
D/ConnectivityService(  459): listenForNetwork for NetworkRequest [ id=78, legacyType=-1, [ Capabilities: INTERNET&NOT_RESTRICTED&TRUSTED] ]
I/ActivityManager(  459): START u0 {act=android.intent.action.VIEW flg=0x10808000 cmp=com.android.chrome/com.google.android.apps.chrome.Main (has extras)} from uid 10035 on display 0
V/WindowManager(  459): addAppToken: AppWindowToken{3d94c65b token=Token{c02716a ActivityRecord{3924b355 u0 com.android.chrome/com.google.android.apps.chrome.Main t4594}}} to stack=1 task=4594 at 0
D/ConnectivityService(  459): releasing NetworkRequest NetworkRequest [ id=78, legacyType=-1, [ Capabilities: INTERNET&NOT_RESTRICTED&TRUSTED] ]
D/ConnectivityService(  459): listenForNetwork for NetworkRequest [ id=79, legacyType=-1, [ Capabilities: INTERNET&NOT_RESTRICTED&TRUSTED] ]
I/ActivityManager(  459): START u0 {act=android.intent.action.VIEW flg=0x14002000 cmp=com.android.chrome/org.chromium.chrome.browser.ChromeTabbedActivity (has extras)} from uid 10035 on display 0
V/WindowManager(  459): addAppToken: AppWindowToken{27a3a5d3 token=Token{18bbc3c2 ActivityRecord{2e70f80d u0 com.android.chrome/org.chromium.chrome.browser.ChromeTabbedActivity t4595}}} to stack=1 task=4595 at 0
V/WindowManager(  459): Based on layer: Adding window Window{166f7628 u0 Starting com.android.chrome} at 4 of 18
V/WindowManager(  459): Adding window Window{3810a172 u0 com.android.chrome/org.chromium.chrome.browser.ChromeTabbedActivity} at 4 of 19 (before Window{166f7628 u0 Starting com.android.chrome})
V/WindowManager(  459): Adding window Window{114eecca u0 SurfaceView} at 4 of 20 (before Window{3810a172 u0 com.android.chrome/org.chromium.chrome.browser.ChromeTabbedActivity})
I/ActivityManager(  459): Start proc 5377:com.android.chrome:sandboxed_process1/u0i52 for service com.android.chrome/org.chromium.content.app.SandboxedProcessService1
I/ActivityManager(  459): Activity reported stop, but no longer stopping: ActivityRecord{3220e995 u0 com.android.chrome/org.chromium.chrome.browser.firstrun.FirstRunActivity t4593 f}
W/FileUtils( 5138): Failed to chmod(/storage/emulated/0/trepn/Trepn_2018.06.17_154038.db): android.system.ErrnoException: chmod failed: EPERM (Operation not permitted)
D/TaskPersister(  459): removeObsoleteFile: deleting file=4593_task_thumbnail.png
I/ActivityManager(  459): START u0 {act=android.intent.action.VIEW dat=localhost:8000 flg=0x10000000 cmp=com.android.chrome/com.google.android.apps.chrome.Main} from uid 2000 on display 0
V/WindowManager(  459): addAppToken: AppWindowToken{3a2a3bc7 token=Token{28cfe906 ActivityRecord{2abd17e1 u0 com.android.chrome/com.google.android.apps.chrome.Main t4596}}} to stack=1 task=4596 at 0
D/ConnectivityService(  459): releasing NetworkRequest NetworkRequest [ id=79, legacyType=-1, [ Capabilities: INTERNET&NOT_RESTRICTED&TRUSTED] ]
D/ConnectivityService(  459): listenForNetwork for NetworkRequest [ id=80, legacyType=-1, [ Capabilities: INTERNET&NOT_RESTRICTED&TRUSTED] ]
I/ActivityManager(  459): START u0 {act=android.intent.action.VIEW dat=localhost:8000 flg=0x14002000 cmp=com.android.chrome/org.chromium.chrome.browser.ChromeTabbedActivity (has extras)} from uid 10035 on display 0
W/InputMethodManagerService(  459): Window already focused, ignoring focus gain of: com.android.internal.view.IInputMethodClient$Stub$Proxy@1387e219 attribute=null, token = android.os.BinderProxy@69cfe7d
I/ActivityManager(  459): Start proc 5439:com.android.chrome:sandboxed_process2/u0i53 for service com.android.chrome/org.chromium.content.app.SandboxedProcessService2
W/libprocessgroup(  459): failed to open /acct/uid_10035/pid_5377/cgroup.procs: No such file or directory
I/ActivityManager(  459): Process com.android.chrome:sandboxed_process1 (pid 5377) has died
W/ActivityManager(  459): Scheduling restart of crashed service com.android.chrome/org.chromium.content.app.SandboxedProcessService1 in 1000ms
I/ActivityManager(  459): START u0 {act=android.intent.action.MAIN cat=[android.intent.category.LAUNCHER] flg=0x1000c000 cmp=com.android.settings/.Settings} from uid 1000 on display 0
W/InputMethodManagerService(  459): Window already focused, ignoring focus gain of: com.android.internal.view.IInputMethodClient$Stub$Proxy@1597a69f attribute=null, token = android.os.BinderProxy@69cfe7d
V/WindowManager(  459): addAppToken: AppWindowToken{253cba4a token=Token{17e913b5 ActivityRecord{245093ec u0 com.android.settings/.Settings t4597}}} to stack=1 task=4597 at 0
V/WindowManager(  459): Adding window Window{249e7933 u0 Starting com.android.settings} at 5 of 20 (after Window{3810a172 u0 com.android.chrome/org.chromium.chrome.browser.ChromeTabbedActivity})
I/ActivityManager(  459): START u0 {act=android.net.wifi.PICK_WIFI_NETWORK cmp=com.android.settings/.wifi.WifiPickerActivity} from uid 1000 on display 0
V/WindowManager(  459): addAppToken: AppWindowToken{19f84cee token=Token{60a7a69 ActivityRecord{10d954f0 u0 com.android.settings/.wifi.WifiPickerActivity t4597}}} to stack=1 task=4597 at 1
D/ConnectivityService(  459): releasing NetworkRequest NetworkRequest [ id=80, legacyType=-1, [ Capabilities: INTERNET&NOT_RESTRICTED&TRUSTED] ]
V/WindowManager(  459): Adding window Window{8be0da1 u0 Starting com.android.settings} at 6 of 21 (after Window{249e7933 u0 Starting com.android.settings})
I/ActivityManager(  459): Start proc 5475:com.android.settings/1000 for activity com.android.settings/.wifi.WifiPickerActivity
D/WifiService(  459): New client listening to asynchronous messages
V/WindowManager(  459): Adding window Window{2d228b8b u0 com.android.settings/com.android.settings.wifi.WifiPickerActivity} at 5 of 21 (before Window{8be0da1 u0 Starting com.android.settings})
E/WiFiServiceImpl (  459): CONNECT  nid=-1 uid=1000
D/WifiService(  459): Connect with config* ID: -1 SSID: "Coffeecompany Amstel" BSSID: null FQDN: null REALM: null PRIO: 0
D/WifiService(  459):  KeyMgmt: NONE Protocols:
D/WifiService(  459):  AuthAlgorithms:
D/WifiService(  459):  PairwiseCiphers:
D/WifiService(  459):  GroupCiphers:
D/WifiService(  459):  PSK: 
D/WifiService(  459): Enterprise config:
D/WifiService(  459): IP config:
D/WifiService(  459): IP assignment: UNASSIGNED
D/WifiService(  459): Proxy settings: UNASSIGNED
D/WifiService(  459):  uid=1000roamingFailureBlackListTimeMilli: 1000
D/WifiService(  459): triggeredLow: 0 triggeredBad: 0 triggeredNotHigh: 0
D/WifiService(  459): ticksLow: 0 ticksBad: 0 ticksNotHigh: 0
D/WifiService(  459): triggeredJoin: 0
D/WifiService(  459): autoJoinBailedDueToLowRssi: false
D/WifiService(  459): autoJoinUseAggressiveJoinAttemptThreshold: 0
D/ConnectivityService(  459): registerNetworkAgent NetworkAgentInfo{ ni{[type: WIFI[], state: CONNECTING/CONNECTING, reason: (unspecified), extra: "Coffeecompany Amstel", roaming: false, failover: false, isAvailable: true, isConnectedToProvisioningNetwork: false]}  network{null}  lp{{InterfaceName: wlan0 LinkAddresses: []  Routes: [] DnsAddresses: [] Domains: null MTU: 0 TcpBufferSizes: 524288,1048576,2097152,262144,524288,1048576}}  nc{[ Transports: WIFI Capabilities: INTERNET&NOT_RESTRICTED&TRUSTED&NOT_VPN LinkUpBandwidth>=1048576Kbps LinkDnBandwidth>=1048576Kbps]}  Score{20}  everValidated{false}  lastValidated{false}  created{false}  explicitlySelected{false} }
D/ConnectivityService(  459): NetworkAgentInfo [WIFI () - 103] EVENT_NETWORK_INFO_CHANGED, going from null to CONNECTING
D/ConnectivityService(  459): updateNetworkScore for NetworkAgentInfo [WIFI () - 103] to 60
D/ConnectivityService(  459): NetworkAgentInfo [WIFI () - 103] EVENT_NETWORK_INFO_CHANGED, going from CONNECTING to CONNECTED
D/ConnectivityService(  459): Adding iface wlan0 to network 103
E/ConnectivityService(  459): Unexpected mtu value: 0, wlan0
D/ConnectivityService(  459): Adding Route [fe80::/64 -> :: wlan0] to network 103
D/ConnectivityService(  459): Adding Route [10.19.0.0/24 -> 0.0.0.0 wlan0] to network 103
D/ConnectivityService(  459): Adding Route [0.0.0.0/0 -> 10.19.0.1 wlan0] to network 103
D/ConnectivityService(  459): Setting Dns servers for network 103 to [/10.19.0.1]
D/ConnectivityService(  459): notifyType IP_CHANGED for NetworkAgentInfo [WIFI () - 103]
D/ConnectivityService(  459): notifyType PRECHECK for NetworkAgentInfo [WIFI () - 103]
D/ConnectivityService(  459): rematching NetworkAgentInfo [WIFI () - 103]
D/ConnectivityService(  459):    accepting network in place of null
D/ConnectivityService(  459): Switching to new default network: NetworkAgentInfo{ ni{[type: WIFI[], state: CONNECTED/CONNECTED, reason: (unspecified), extra: "Coffeecompany Amstel", roaming: false, failover: false, isAvailable: true, isConnectedToProvisioningNetwork: false]}  network{103}  lp{{InterfaceName: wlan0 LinkAddresses: [fe80::522e:5cff:fee5:38b1/64,10.19.0.144/24,]  Routes: [fe80::/64 -> :: wlan0,10.19.0.0/24 -> 0.0.0.0 wlan0,0.0.0.0/0 -> 10.19.0.1 wlan0,] DnsAddresses: [10.19.0.1,] Domains: coffeecompany.local MTU: 0 TcpBufferSizes: 524288,1048576,2097152,262144,524288,1048576}}  nc{[ Transports: WIFI Capabilities: INTERNET&NOT_RESTRICTED&TRUSTED&NOT_VPN LinkUpBandwidth>=1048576Kbps LinkDnBandwidth>=1048576Kbps]}  Score{100}  everValidated{false}  lastValidated{false}  created{true}  explicitlySelected{true} }
D/ConnectivityService(  459): notifyType AVAILABLE for NetworkAgentInfo [WIFI () - 103]
D/CSLegacyTypeTracker(  459): Sending connected broadcast for type 1 NetworkAgentInfo [WIFI () - 103] isDefaultNetwork=true
D/ConnectivityService(  459): sendStickyBroadcast: action=android.net.conn.CONNECTIVITY_CHANGE_IMMEDIATE
D/ConnectivityService(  459): sendStickyBroadcast: action=android.net.conn.CONNECTIVITY_CHANGE
D/ConnectivityService(  459): setProvNotificationVisibleIntent: E visible=true networkType=1 extraInfo="Coffeecompany Amstel"
I/ActivityManager(  459): Start proc 5573:com.google.android.gms.unstable/u0a8 for service com.google.android.gms/.droidguard.DroidGuardService
W/ResourcesManager( 5573): Asset path '/system/framework/com.android.media.remotedisplay.jar' does not exist or contains no resources.
W/ResourcesManager( 5573): Asset path '/system/framework/com.android.location.provider.jar' does not exist or contains no resources.
I/ActivityManager(  459): Start proc 5640:com.google.android.videos/u0a77 for service com.google.android.videos/.service.drm.RefreshLicenseTaskService
W/ResourcesManager( 5640): Asset path '/system/framework/com.google.widevine.software.drm.jar' does not exist or contains no resources.
I/ActivityManager(  459): Start proc 5661:com.google.android.ears/u0a48 for service com.google.android.ears/.heard.EarsSyncAdapterService
I/ActivityManager(  459): Start proc 5706:com.google.android.keep/u0a72 for service com.google.android.keep/.syncadapter.KeepSyncAdapterService
D/WifiService(  459): acquireWifiLockLocked: WifiLock{com.google.android.videos.service.drm.LicenseRefresher_tasks type=3 binder=android.os.BinderProxy@5661919}
D/WifiService(  459): releaseWifiLockLocked: WifiLock{com.google.android.videos.service.drm.LicenseRefresher_tasks type=3 binder=android.os.BinderProxy@5661919}
W/AppOps  (  459): Bad call: specified package com.google.android.gms under uid 10072 but it is really 10008
I/ActivityManager(  459): Start proc 5779:com.google.android.gm/u0a71 for service com.google.android.gm/.provider.MailSyncAdapterService
D/ActivityThread( 5779): Loading provider com.google.android.gmail.provider;com.android.mail.notifier;com.google.android.gm.email.provider;com.google.android.gm.tasks.provider;com.google.android.gm.email.notifier: com.android.email.provider.EmailProvider
W/ActivityManager(  459): Unable to start service Intent { cmp=com.google.android.gm/com.android.email.service.AttachmentService } U=0: not found
W/ActivityManager(  459): Unable to start service Intent { cmp=com.google.android.gm.exchange/com.android.exchange.service.EasService } U=0: not found
I/ActivityManager(  459): Start proc 5830:com.android.vending:instant_app_installer/u0a18 for service com.android.vending/com.google.android.finsky.instantapps.statussync.StatusSyncService
W/PackageManager(  459): Package named 'org.videolan.vlc' doesn't exist.
W/ResourcesManager( 5779): Asset path '/system/framework/com.android.media.remotedisplay.jar' does not exist or contains no resources.
W/ResourcesManager( 5779): Asset path '/system/framework/com.android.location.provider.jar' does not exist or contains no resources.
W/PackageManager(  459): Package named 'com.google.android.apps.travel.onthego' doesn't exist.
I/ActivityManager(  459): Start proc 5917:com.google.android.gms.ui/u0a8 for service com.google.android.gms/.chimera.UiIntentOperationService
W/ResourcesManager( 5917): Asset path '/system/framework/com.android.media.remotedisplay.jar' does not exist or contains no resources.
W/ResourcesManager( 5917): Asset path '/system/framework/com.android.location.provider.jar' does not exist or contains no resources.
W/AppOps  (  459): Bad call: specified package com.google.android.gms under uid 10072 but it is really 10008
W/PackageManager(  459): Package named 'com.stainlessgames.carmageddon' doesn't exist.
I/ActivityManager(  459): Start proc 5961:com.google.android.music:main/u0a61 for service com.google.android.music/.sync.SyncAdapterService
W/ResourcesManager( 5961): Asset path '/system/framework/com.android.media.remotedisplay.jar' does not exist or contains no resources.
W/ResourcesManager( 5961): Asset path '/system/framework/com.android.location.provider.jar' does not exist or contains no resources.
W/PackageManager(  459): Package named 'com.ulmon.android.citymaps2go' doesn't exist.
I/ActivityManager(  459): Process com.google.android.apps.docs (pid 31823) has died
W/PackageManager(  459): Package named 'com.navfree.android.OSM.ALL' doesn't exist.
W/PackageManager(  459): Package named 'stericson.busybox' doesn't exist.
I/ActivityManager(  459): Process com.opera.browser (pid 16444) has died
W/ActivityManager(  459): Scheduling restart of crashed service com.opera.browser/com.opera.android.dashboard.newsfeed.statistic.NewsFeedService in 1000ms
I/ActivityManager(  459): Start proc 6008:com.opera.browser/u0a85 for service com.opera.browser/com.opera.android.dashboard.newsfeed.statistic.NewsFeedService
W/PackageManager(  459): Package named 'com.rovio.angrybirdsstarwars.ads.iap' doesn't exist.
W/PackageManager(  459): Package named 'com.ea.gp.fifamobile' doesn't exist.
I/ActivityManager(  459): Killing 31805:com.android.externalstorage/u0a6 (adj 15): empty #17
I/ActivityManager(  459): Process com.google.android.googlequicksearchbox:search (pid 19636) has died
D/WifiService(  459): Client connection lost with reason: 4
D/ConnectivityService(  459): ConnectivityService NetworkRequestInfo binderDied(NetworkRequest [ id=65, legacyType=-1, [ Capabilities: INTERNET&NOT_RESTRICTED&TRUSTED] ], android.os.BinderProxy@21984ac9)
D/ConnectivityService(  459): releasing NetworkRequest NetworkRequest [ id=65, legacyType=-1, [ Capabilities: INTERNET&NOT_RESTRICTED&TRUSTED] ]
E/ConnectivityService(  459): RemoteException caught trying to send a callback msg for NetworkRequest [ id=65, legacyType=-1, [ Capabilities: INTERNET&NOT_RESTRICTED&TRUSTED] ]
I/ActivityManager(  459): START u0 {act=android.intent.action.SEND dat=netid:103 flg=0x10400000 cmp=com.android.captiveportallogin/.CaptivePortalLoginActivity} from uid 1000 on display 0
W/InputMethodManagerService(  459): Window already focused, ignoring focus gain of: com.android.internal.view.IInputMethodClient$Stub$Proxy@2a787694 attribute=null, token = android.os.BinderProxy@12a44d5a
V/WindowManager(  459): addAppToken: AppWindowToken{b88ae83 token=Token{2841c132 ActivityRecord{13e3c53d u0 com.android.captiveportallogin/.CaptivePortalLoginActivity t4598}}} to stack=1 task=4598 at 0
V/WindowManager(  459): Adding window Window{20733718 u0 Starting com.android.captiveportallogin} at 6 of 21 (after Window{2d228b8b u0 com.android.settings/com.android.settings.wifi.WifiPickerActivity})
I/ActivityManager(  459): Start proc 6082:com.android.captiveportallogin/u0a33 for activity com.android.captiveportallogin/.CaptivePortalLoginActivity
D/ConnectivityService(  459): listenForNetwork for NetworkRequest [ id=81, legacyType=-1, [ Capabilities: INTERNET&NOT_RESTRICTED&TRUSTED] ]
D/ConnectivityService(  459): handleRegisterNetworkRequest checking NetworkAgentInfo [WIFI () - 103]
D/ConnectivityService(  459): apparently satisfied.  currentScore=100
D/ConnectivityService(  459): listenForNetwork for NetworkRequest [ id=82, legacyType=-1, [ Transports: WIFI Capabilities: NOT_RESTRICTED&TRUSTED&NOT_VPN] ]
D/ConnectivityService(  459): handleRegisterNetworkRequest checking NetworkAgentInfo [WIFI () - 103]
D/ConnectivityService(  459): apparently satisfied.  currentScore=100
V/WindowManager(  459): Adding window Window{2450d754 u0 com.android.captiveportallogin/com.android.captiveportallogin.CaptivePortalLoginActivity} at 6 of 22 (before Window{20733718 u0 Starting com.android.captiveportallogin})
D/ConnectivityService(  459): listenForNetwork for NetworkRequest [ id=83, legacyType=-1, [ Capabilities: INTERNET&NOT_RESTRICTED&TRUSTED] ]
D/ConnectivityService(  459): handleRegisterNetworkRequest checking NetworkAgentInfo [WIFI () - 103]
D/ConnectivityService(  459): apparently satisfied.  currentScore=100
I/ActivityManager(  459): Process com.android.providers.partnerbookmarks (pid 31346) has died
I/ActivityManager(  459): Process com.android.documentsui (pid 31758) has died
I/ActivityManager(  459): Process com.google.android.partnersetup (pid 31243) has died
I/ActivityManager(  459): Process com.google.android.apps.photos (pid 22228) has died
I/ActivityManager(  459): Process com.google.android.videos (pid 5640) has died
I/ActivityManager(  459): Process com.google.android.ears (pid 5661) has died
I/ActivityManager(  459): Process com.google.android.apps.plus (pid 29921) has died
D/WifiService(  459): Client connection lost with reason: 4
I/ActivityManager(  459): Process com.google.android.apps.gcs (pid 30138) has died
D/ConnectivityService(  459): releasing NetworkRequest NetworkRequest [ id=82, legacyType=-1, [ Transports: WIFI Capabilities: NOT_RESTRICTED&TRUSTED&NOT_VPN] ]
D/ConnectivityService(  459): setProvNotificationVisibleIntent: E visible=false networkType=0 extraInfo=null
D/ConnectivityService(  459): Validated NetworkAgentInfo [WIFI () - 103]
D/ConnectivityService(  459): rematching NetworkAgentInfo [WIFI () - 103]
D/ConnectivityService(  459): Network NetworkAgentInfo [WIFI () - 103] was already satisfying request 1. No change.
D/ConnectivityService(  459): notifyType AVAILABLE for NetworkAgentInfo [WIFI () - 103]
D/ConnectivityService(  459): sendStickyBroadcast: action=android.net.conn.INET_CONDITION_ACTION
W/ActivityManager(  459): Finishing task with all activities already finished
W/ActivityManager(  459): Duplicate finish request for ActivityRecord{13e3c53d u0 com.android.captiveportallogin/.CaptivePortalLoginActivity t4598 f}
W/ActivityManager(  459): Finishing task with all activities already finished
W/ActivityManager(  459): Duplicate finish request for ActivityRecord{13e3c53d u0 com.android.captiveportallogin/.CaptivePortalLoginActivity t4598 f}
W/ActivityManager(  459): Finishing task with all activities already finished
W/ActivityManager(  459): Duplicate finish request for ActivityRecord{13e3c53d u0 com.android.captiveportallogin/.CaptivePortalLoginActivity t4598 f}
I/libprocessgroup(  459): Killing pid 30213 in uid 10089 as part of process group 16100
D/WifiService(  459): Client connection lost with reason: 4
D/ConnectivityService(  459): ConnectivityService NetworkRequestInfo binderDied(NetworkRequest [ id=31, legacyType=-1, [ Capabilities: INTERNET&NOT_RESTRICTED&TRUSTED] ], android.os.BinderProxy@1dde91ba)
D/ConnectivityService(  459): releasing NetworkRequest NetworkRequest [ id=31, legacyType=-1, [ Capabilities: INTERNET&NOT_RESTRICTED&TRUSTED] ]
D/ConnectivityService(  459): ConnectivityService NetworkRequestInfo binderDied(NetworkRequest [ id=32, legacyType=-1, [ Capabilities: INTERNET&NOT_RESTRICTED&TRUSTED] ], android.os.BinderProxy@3806e86b)
I/libprocessgroup(  459): Killing pid 30213 in uid 10089 as part of process group 16100
E/ConnectivityService(  459): RemoteException caught trying to send a callback msg for NetworkRequest [ id=31, legacyType=-1, [ Capabilities: INTERNET&NOT_RESTRICTED&TRUSTED] ]
D/ConnectivityService(  459): releasing NetworkRequest NetworkRequest [ id=32, legacyType=-1, [ Capabilities: INTERNET&NOT_RESTRICTED&TRUSTED] ]
E/ConnectivityService(  459): RemoteException caught trying to send a callback msg for NetworkRequest [ id=32, legacyType=-1, [ Capabilities: INTERNET&NOT_RESTRICTED&TRUSTED] ]
I/libprocessgroup(  459): Killing pid 30213 in uid 10089 as part of process group 16100
I/libprocessgroup(  459): Killing pid 30213 in uid 10089 as part of process group 16100
E/WifiService(  459): Multicaster binderDied
I/libprocessgroup(  459): Killing pid 30213 in uid 10089 as part of process group 16100
I/libprocessgroup(  459): Killing pid 30213 in uid 10089 as part of process group 16100
I/libprocessgroup(  459): Killing pid 30213 in uid 10089 as part of process group 16100
I/libprocessgroup(  459): Killing pid 30213 in uid 10089 as part of process group 16100
I/WindowState(  459): WIN DEATH: Window{e5dc698 u0 com.estrongs.android.pop}
I/WindowState(  459): WIN DEATH: Window{29ec9bac u0 com.estrongs.android.pop}
I/WindowState(  459): WIN DEATH: Window{3077f4b2 u0 com.estrongs.android.pop}
I/WindowState(  459): WIN DEATH: Window{2cccceda u0 com.estrongs.android.pop}
I/WindowState(  459): WIN DEATH: Window{8eca9fe u0 com.estrongs.android.pop}
I/ActivityManager(  459): Process com.estrongs.android.pop (pid 16100) has died
W/ActivityManager(  459): Scheduling restart of crashed service com.estrongs.android.pop/com.android.apps.pros.LocalMService in 1000ms
W/ActivityManager(  459): Scheduling restart of crashed service com.estrongs.android.pop/com.estrongs.android.scanner.service.FileScannerService in 11000ms
I/WindowState(  459): WIN DEATH: Window{3665680a u0 com.estrongs.android.pop}
I/WindowState(  459): WIN DEATH: Window{3df9fad6 u0 com.estrongs.android.pop}
I/WindowState(  459): WIN DEATH: Window{1ae68780 u0 com.estrongs.android.pop}
I/ActivityManager(  459): Killing 2156:.esfm/u0a89 (adj 15): remove task
I/ActivityManager(  459): Process com.google.android.gms.ui (pid 5917) has died
W/ActivityManager(  459): Scheduling restart of crashed service com.estrongs.android.pop/com.estrongs.android.scanner.service.FileMonitorService in 10778ms
I/ActivityManager(  459): Process com.android.vending:instant_app_installer (pid 5830) has died
W/ActivityManager(  459): Finishing task with all activities already finished
W/ActivityManager(  459): Duplicate finish request for ActivityRecord{13e3c53d u0 com.android.captiveportallogin/.CaptivePortalLoginActivity t4598 f}
I/ActivityManager(  459): Start proc 7946:com.estrongs.android.pop/u0a89 for service com.estrongs.android.pop/com.android.apps.pros.LocalMService
D/WifiService(  459): New client listening to asynchronous messages
W/ResourcesManager( 7946): Asset path '/system/framework/com.android.media.remotedisplay.jar' does not exist or contains no resources.
W/ResourcesManager( 7946): Asset path '/system/framework/com.android.location.provider.jar' does not exist or contains no resources.
E/ActivityThread( 7946): Failed to find provider info for com.facebook.katana.provider.AttributionIdProvider
W/ResourcesManager( 7946): Asset path '/system/framework/com.google.android.maps.jar' does not exist or contains no resources.
W/ResourcesManager( 7946): Asset path '/system/framework/com.google.android.maps.jar' does not exist or contains no resources.
W/ResourcesManager( 7946): Asset path '/system/framework/com.google.android.maps.jar' does not exist or contains no resources.
W/ResourcesManager( 7946): Asset path '/system/framework/com.google.widevine.software.drm.jar' does not exist or contains no resources.
W/ResourcesManager( 7946): Asset path '/system/framework/com.google.widevine.software.drm.jar' does not exist or contains no resources.
W/ResourcesManager( 7946): Asset path '/system/framework/com.google.widevine.software.drm.jar' does not exist or contains no resources.
W/ResourcesManager( 7946): Asset path '/system/framework/com.google.android.media.effects.jar' does not exist or contains no resources.
W/ResourcesManager( 7946): Asset path '/system/framework/com.google.android.media.effects.jar' does not exist or contains no resources.
W/ResourcesManager( 7946): Asset path '/system/framework/com.google.android.media.effects.jar' does not exist or contains no resources.
I/ActivityManager(  459): Start proc 8062:.esfm/u0a89 for service com.estrongs.android.pop/com.estrongs.android.scanner.service.FileMonitorService
W/ResourcesManager( 7946): Asset path '/system/framework/com.android.media.remotedisplay.jar' does not exist or contains no resources.
W/ResourcesManager( 7946): Asset path '/system/framework/com.android.location.provider.jar' does not exist or contains no resources.
I/ActivityManager(  459): Start proc 8086:com.google.android.ears/u0a48 for service com.google.android.ears/.heard.EarsSyncAdapterService
W/AppOps  (  459): Bad call: specified package com.google.android.gms under uid 10072 but it is really 10008
D/ConnectivityService(  459): releasing NetworkRequest NetworkRequest [ id=81, legacyType=-1, [ Capabilities: INTERNET&NOT_RESTRICTED&TRUSTED] ]
I/ActivityManager(  459): Start proc 8110:com.google.android.apps.gcs/u0a7 for service com.google.android.apps.gcs/.service.WfaEligibilityRefreshingGcmTaskService
W/AppOps  (  459): Bad call: specified package com.google.android.gms under uid 10072 but it is really 10008
I/ActivityManager(  459): Start proc 8196:com.google.android.googlequicksearchbox:search/u0a24 for broadcast com.google.android.googlequicksearchbox/com.google.android.apps.gsa.gcm.GcmBroadcastReceiver
I/ActivityManager(  459): Start proc 8224:com.google.android.partnersetup/u0a12 for content provider com.google.android.partnersetup/.RlzAppProvider
I/ActivityManager(  459): START u0 {act=com.android.systemui.recents.SHOW_RECENTS flg=0x10804000 cmp=com.android.systemui/.recents.RecentsActivity} from uid 10022 on display 0
D/WifiService(  459): New client listening to asynchronous messages
I/ActivityManager(  459): Killing 5475:com.android.settings/1000 (adj 9): remove task
I/WindowState(  459): WIN DEATH: Window{2d228b8b u0 com.android.settings/com.android.settings.wifi.WifiPickerActivity}
D/WifiService(  459): Client connection lost with reason: 4
D/TaskPersister(  459): removeObsoleteFile: deleting file=4597_task.xml
D/TaskPersister(  459): removeObsoleteFile: deleting file=4597_task_thumbnail.png
I/ActivityManager(  459): Killing 6082:com.android.captiveportallogin/u0a33 (adj 13): remove task
D/ConnectivityService(  459): ConnectivityService NetworkRequestInfo binderDied(NetworkRequest [ id=83, legacyType=-1, [ Capabilities: INTERNET&NOT_RESTRICTED&TRUSTED] ], android.os.BinderProxy@2a2f165c)
D/ConnectivityService(  459): releasing NetworkRequest NetworkRequest [ id=83, legacyType=-1, [ Capabilities: INTERNET&NOT_RESTRICTED&TRUSTED] ]
E/ConnectivityService(  459): RemoteException caught trying to send a callback msg for NetworkRequest [ id=83, legacyType=-1, [ Capabilities: INTERNET&NOT_RESTRICTED&TRUSTED] ]
D/TaskPersister(  459): removeObsoleteFile: deleting file=4598_task.xml
D/TaskPersister(  459): removeObsoleteFile: deleting file=4598_task_thumbnail.png
I/ActivityManager(  459): Killing 5253:com.android.chrome:privileged_process0/u0a35 (adj 9): remove task
I/ActivityManager(  459): Killing 5185:com.android.chrome/u0a35 (adj 11): remove task
I/WindowState(  459): WIN DEATH: Window{3810a172 u0 com.android.chrome/org.chromium.chrome.browser.ChromeTabbedActivity}
W/WindowManager(  459): Force-removing child win Window{114eecca u0 SurfaceView} from container Window{3810a172 u0 com.android.chrome/org.chromium.chrome.browser.ChromeTabbedActivity}
D/ConnectivityService(  459): ConnectivityService NetworkRequestInfo binderDied(NetworkRequest [ id=77, legacyType=-1, [ Capabilities: INTERNET&NOT_RESTRICTED&TRUSTED] ], android.os.BinderProxy@12d79a3a)
D/ConnectivityService(  459): releasing NetworkRequest NetworkRequest [ id=77, legacyType=-1, [ Capabilities: INTERNET&NOT_RESTRICTED&TRUSTED] ]
E/ConnectivityService(  459): RemoteException caught trying to send a callback msg for NetworkRequest [ id=77, legacyType=-1, [ Capabilities: INTERNET&NOT_RESTRICTED&TRUSTED] ]
W/WindowManager(  459): Failed looking up window
W/WindowManager(  459): java.lang.IllegalArgumentException: Requested window android.os.BinderProxy@2df28035 does not exist
W/WindowManager(  459): 	at com.android.server.wm.WindowManagerService.windowForClientLocked(WindowManagerService.java:8539)
W/WindowManager(  459): 	at com.android.server.wm.WindowManagerService.windowForClientLocked(WindowManagerService.java:8530)
W/WindowManager(  459): 	at com.android.server.wm.WindowState$DeathRecipient.binderDied(WindowState.java:1142)
W/WindowManager(  459): 	at android.os.BinderProxy.sendDeathNotice(Binder.java:551)
I/WindowState(  459): WIN DEATH: null
I/ActivityManager(  459): Killing 5211:com.android.chrome:sandboxed_process0/u0a35i51 (adj 9): remove task
W/libprocessgroup(  459): failed to open /acct/uid_10035/pid_5211/cgroup.procs: No such file or directory
I/ActivityManager(  459): Killing 5439:com.android.chrome:sandboxed_process2/u0a35i53 (adj 9): remove task
W/libprocessgroup(  459): failed to open /acct/uid_10035/pid_5439/cgroup.procs: No such file or directory
W/ActivityManager(  459): Scheduling restart of crashed service com.android.chrome/org.chromium.content.app.PrivilegedProcessService0 in 1000ms
W/ActivityManager(  459): Exception when unbinding service com.android.chrome/org.chromium.content.app.SandboxedProcessService2
W/ActivityManager(  459): android.os.DeadObjectException
W/ActivityManager(  459): 	at android.os.BinderProxy.transactNative(Native Method)
W/ActivityManager(  459): 	at android.os.BinderProxy.transact(Binder.java:496)
W/ActivityManager(  459): 	at android.app.ApplicationThreadProxy.scheduleUnbindService(ApplicationThreadNative.java:921)
W/ActivityManager(  459): 	at com.android.server.am.ActiveServices.removeConnectionLocked(ActiveServices.java:1795)
W/ActivityManager(  459): 	at com.android.server.am.ActiveServices.killServicesLocked(ActiveServices.java:2193)
W/ActivityManager(  459): 	at com.android.server.am.ActivityManagerService.cleanUpApplicationRecordLocked(ActivityManagerService.java:14895)
W/ActivityManager(  459): 	at com.android.server.am.ActivityManagerService.handleAppDiedLocked(ActivityManagerService.java:4552)
W/ActivityManager(  459): 	at com.android.server.am.ActivityManagerService.appDiedLocked(ActivityManagerService.java:4717)
W/ActivityManager(  459): 	at com.android.server.am.ActivityManagerService$AppDeathRecipient.binderDied(ActivityManagerService.java:1229)
W/ActivityManager(  459): 	at android.os.BinderProxy.sendDeathNotice(Binder.java:551)
W/ActivityManager(  459): Exception when unbinding service com.android.chrome/org.chromium.content.app.SandboxedProcessService0
W/ActivityManager(  459): android.os.DeadObjectException
W/ActivityManager(  459): 	at android.os.BinderProxy.transactNative(Native Method)
W/ActivityManager(  459): 	at android.os.BinderProxy.transact(Binder.java:496)
W/ActivityManager(  459): 	at android.app.ApplicationThreadProxy.scheduleUnbindService(ApplicationThreadNative.java:921)
W/ActivityManager(  459): 	at com.android.server.am.ActiveServices.removeConnectionLocked(ActiveServices.java:1795)
W/ActivityManager(  459): 	at com.android.server.am.ActiveServices.killServicesLocked(ActiveServices.java:2193)
W/ActivityManager(  459): 	at com.android.server.am.ActivityManagerService.cleanUpApplicationRecordLocked(ActivityManagerService.java:14895)
W/ActivityManager(  459): 	at com.android.server.am.ActivityManagerService.handleAppDiedLocked(ActivityManagerService.java:4552)
W/ActivityManager(  459): 	at com.android.server.am.ActivityManagerService.appDiedLocked(ActivityManagerService.java:4717)
W/ActivityManager(  459): 	at com.android.server.am.ActivityManagerService$AppDeathRecipient.binderDied(ActivityManagerService.java:1229)
W/ActivityManager(  459): 	at android.os.BinderProxy.sendDeathNotice(Binder.java:551)
D/TaskPersister(  459): removeObsoleteFile: deleting file=4595_task.xml
D/TaskPersister(  459): removeObsoleteFile: deleting file=4595_task_thumbnail.png
D/TaskPersister(  459): removeObsoleteFile: deleting file=4591_task.xml
I/ActivityManager(  459): START u0 {act=android.intent.action.MAIN cat=[android.intent.category.HOME] flg=0x10200000 cmp=com.google.android.googlequicksearchbox/com.google.android.launcher.GEL} from uid 10022 on display 0
W/BroadcastQueue(  459): Skipping deliver [background] BroadcastRecord{3ab2a62f u-1 android.net.conn.CONNECTIVITY_CHANGE} to ReceiverList{240d443c 8667 (unknown name)/2000/u-1 remote:82dd209}: process crashing
I/ActivityManager(  459): START u0 {act=android.intent.action.MAIN cat=[android.intent.category.LAUNCHER] flg=0x10200000 cmp=com.quicinc.trepn/.userinterface.main.TrepnActivity} from uid 2000 on display 0
V/WindowManager(  459): addAppToken: AppWindowToken{33cd764b token=Token{3e512b1a ActivityRecord{26d885c5 u0 com.quicinc.trepn/.userinterface.main.TrepnActivity t4599}}} to stack=1 task=4599 at 0
V/WindowManager(  459): Adding window Window{5920372 u0 Starting com.quicinc.trepn} at 3 of 17 (after Window{26b8dd53 u0 com.google.android.googlequicksearchbox/com.google.android.launcher.GEL})
I/ActivityManager(  459): START u0 {cmp=com.quicinc.trepn/.userinterface.advanced.ProfilingActivity} from uid 10091 on display 0
V/WindowManager(  459): addAppToken: AppWindowToken{2e3f6a35 token=Token{3848346c ActivityRecord{31f791f u0 com.quicinc.trepn/.userinterface.advanced.ProfilingActivity t4599}}} to stack=1 task=4599 at 1
V/WindowManager(  459): Based on layer: Adding window Window{5920372 u0 Starting com.quicinc.trepn} at 3 of 17
V/WindowManager(  459): Adding window Window{114c883b u0 com.quicinc.trepn/com.quicinc.trepn.userinterface.main.TrepnActivity} at 3 of 18 (before Window{5920372 u0 Starting com.quicinc.trepn})
V/WindowManager(  459): Adding window Window{3f716d17 u0 com.quicinc.trepn/com.quicinc.trepn.userinterface.advanced.ProfilingActivity} at 4 of 19 (before Window{5920372 u0 Starting com.quicinc.trepn})
W/ResourcesManager( 7946): Asset path '/system/framework/com.android.media.remotedisplay.jar' does not exist or contains no resources.
W/ResourcesManager( 7946): Asset path '/system/framework/com.android.location.provider.jar' does not exist or contains no resources.
E/ActivityThread( 7946): Failed to find provider info for com.facebook.katana.provider.AttributionIdProvider
W/ActivityManager(  459): getTasks: caller 10089 does not hold GET_TASKS; limiting output
I/ActivityManager(  459): Force stopping com.quicinc.trepn appid=10091 user=0: from pid 8768
I/ActivityManager(  459): Killing 5138:com.quicinc.trepn/u0a91 (adj 0): stop com.quicinc.trepn
I/WindowState(  459): WIN DEATH: Window{114c883b u0 com.quicinc.trepn/com.quicinc.trepn.userinterface.main.TrepnActivity}
I/WindowState(  459): WIN DEATH: Window{3a886dfb u0 com.quicinc.trepn}
I/WindowState(  459): WIN DEATH: Window{3f716d17 u0 com.quicinc.trepn/com.quicinc.trepn.userinterface.advanced.ProfilingActivity}
W/ActivityManager(  459): Scheduling restart of crashed service com.quicinc.trepn/.TrepnService in 1000ms
W/ActivityManager(  459): Force removing ActivityRecord{31f791f u0 com.quicinc.trepn/.userinterface.advanced.ProfilingActivity t4599}: app died, no saved state
I/ActivityManager(  459):   Force finishing activity 3 ActivityRecord{26d885c5 u0 com.quicinc.trepn/.userinterface.main.TrepnActivity t4599}
I/ActivityManager(  459):   Force stopping service ServiceRecord{23a50369 u0 com.quicinc.trepn/.TrepnService}
W/ActivityManager(  459): Spurious death for ProcessRecord{18413a2a 5138:com.quicinc.trepn/u0a91}, curProc for 5138: null
W/InputMethodManagerService(  459): Got RemoteException sending setActive(false) notification to pid 5138 uid 10091
I/ActivityManager(  459): Start proc 8811:com.quicinc.trepn/u0a91 for service com.quicinc.trepn/.TrepnService
I/ActivityManager(  459): Force stopping com.android.chrome appid=10035 user=0: from pid 8844
I/ActivityManager(  459): START u0 {act=android.intent.action.VIEW flg=0x10008000 cmp=com.android.chrome/com.google.android.apps.chrome.Main} from uid 2000 on display 0
V/WindowManager(  459): addAppToken: AppWindowToken{32f036bf token=Token{398594de ActivityRecord{6412c19 u0 com.android.chrome/com.google.android.apps.chrome.Main t4600}}} to stack=1 task=4600 at 0
I/ActivityManager(  459): Start proc 8856:com.android.chrome/u0a35 for activity com.android.chrome/com.google.android.apps.chrome.Main
W/ResourcesManager( 8856): Asset path '/system/framework/com.android.media.remotedisplay.jar' does not exist or contains no resources.
W/ResourcesManager( 8856): Asset path '/system/framework/com.android.location.provider.jar' does not exist or contains no resources.
I/ActivityManager(  459): START u0 {act=android.intent.action.VIEW flg=0x14002000 cmp=com.android.chrome/org.chromium.chrome.browser.ChromeTabbedActivity (has extras)} from uid 10035 on display 0
V/WindowManager(  459): addAppToken: AppWindowToken{48a624 token=Token{11a83eb7 ActivityRecord{19a961b6 u0 com.android.chrome/org.chromium.chrome.browser.ChromeTabbedActivity t4601}}} to stack=1 task=4601 at 0
V/WindowManager(  459): Based on layer: Adding window Window{fef3945 u0 Starting com.android.chrome} at 3 of 17
V/WindowManager(  459): Adding window Window{18bae5ec u0 com.android.chrome/org.chromium.chrome.browser.ChromeTabbedActivity} at 3 of 18 (before Window{fef3945 u0 Starting com.android.chrome})
I/ActivityManager(  459): Start proc 8888:com.android.chrome:sandboxed_process0/u0i54 for service com.android.chrome/org.chromium.content.app.SandboxedProcessService0
V/WindowManager(  459): Adding window Window{49c031 u0 SurfaceView} at 3 of 19 (before Window{18bae5ec u0 com.android.chrome/org.chromium.chrome.browser.ChromeTabbedActivity})
I/ActivityManager(  459): Start proc 8927:com.android.chrome:privileged_process0/u0a35 for service com.android.chrome/org.chromium.content.app.PrivilegedProcessService0
D/ConnectivityService(  459): listenForNetwork for NetworkRequest [ id=84, legacyType=-1, [ Capabilities: INTERNET&NOT_RESTRICTED&TRUSTED] ]
D/ConnectivityService(  459): handleRegisterNetworkRequest checking NetworkAgentInfo [WIFI () - 103]
D/ConnectivityService(  459): apparently satisfied.  currentScore=100
D/ConnectivityService(  459): listenForNetwork for NetworkRequest [ id=85, legacyType=-1, [ Capabilities: INTERNET&NOT_RESTRICTED&TRUSTED] ]
D/ConnectivityService(  459): handleRegisterNetworkRequest checking NetworkAgentInfo [WIFI () - 103]
D/ConnectivityService(  459): apparently satisfied.  currentScore=100
W/ResourcesManager( 8196): Asset path '/system/framework/com.android.media.remotedisplay.jar' does not exist or contains no resources.
W/ResourcesManager( 8196): Asset path '/system/framework/com.android.location.provider.jar' does not exist or contains no resources.
I/ActivityManager(  459): Start proc 8988:com.android.providers.partnerbookmarks/u0a65 for content provider com.android.providers.partnerbookmarks/.PartnerBookmarksProvider
W/FileUtils( 8811): Failed to chmod(/storage/emulated/0/trepn/Trepn_2018.06.17_154437.db): android.system.ErrnoException: chmod failed: EPERM (Operation not permitted)
I/ActivityManager(  459): START u0 {act=android.intent.action.VIEW dat=localhost:8000 flg=0x10000000 cmp=com.android.chrome/com.google.android.apps.chrome.Main} from uid 2000 on display 0
V/WindowManager(  459): addAppToken: AppWindowToken{29f0a2b3 token=Token{2b1d2822 ActivityRecord{1f61b1ed u0 com.android.chrome/com.google.android.apps.chrome.Main t4602}}} to stack=1 task=4602 at 0
D/ConnectivityService(  459): releasing NetworkRequest NetworkRequest [ id=85, legacyType=-1, [ Capabilities: INTERNET&NOT_RESTRICTED&TRUSTED] ]
D/ConnectivityService(  459): listenForNetwork for NetworkRequest [ id=86, legacyType=-1, [ Capabilities: INTERNET&NOT_RESTRICTED&TRUSTED] ]
D/ConnectivityService(  459): handleRegisterNetworkRequest checking NetworkAgentInfo [WIFI () - 103]
D/ConnectivityService(  459): apparently satisfied.  currentScore=100
I/ActivityManager(  459): START u0 {act=android.intent.action.VIEW dat=localhost:8000 flg=0x14002000 cmp=com.android.chrome/org.chromium.chrome.browser.ChromeTabbedActivity (has extras)} from uid 10035 on display 0
W/InputMethodManagerService(  459): Window already focused, ignoring focus gain of: com.android.internal.view.IInputMethodClient$Stub$Proxy@252f997a attribute=null, token = android.os.BinderProxy@1ed0009f
I/ActivityManager(  459): Start proc 9142:com.android.chrome:sandboxed_process1/u0i55 for service com.android.chrome/org.chromium.content.app.SandboxedProcessService1
D/WifiService(  459): acquireWifiLockLocked: WifiLock{NlpWifiLock type=2 binder=android.os.BinderProxy@224b81ff}
D/WifiService(  459): releaseWifiLockLocked: WifiLock{NlpWifiLock type=2 binder=android.os.BinderProxy@224b81ff}
D/ConnectivityService(  459): updateNetworkScore for NetworkAgentInfo [WIFI () - 103] to 56
D/ConnectivityService(  459): rematching NetworkAgentInfo [WIFI () - 103]
D/ConnectivityService(  459): Network NetworkAgentInfo [WIFI () - 103] was already satisfying request 1. No change.
D/ConnectivityService(  459): notifyType AVAILABLE for NetworkAgentInfo [WIFI () - 103]
D/ConnectivityService(  459): updateNetworkScore for NetworkAgentInfo [WIFI () - 103] to 60
D/ConnectivityService(  459): rematching NetworkAgentInfo [WIFI () - 103]
D/ConnectivityService(  459): Network NetworkAgentInfo [WIFI () - 103] was already satisfying request 1. No change.
D/ConnectivityService(  459): notifyType AVAILABLE for NetworkAgentInfo [WIFI () - 103]
D/ConnectivityService(  459): updateNetworkScore for NetworkAgentInfo [WIFI () - 103] to 56
D/ConnectivityService(  459): rematching NetworkAgentInfo [WIFI () - 103]
D/ConnectivityService(  459): Network NetworkAgentInfo [WIFI () - 103] was already satisfying request 1. No change.
D/ConnectivityService(  459): notifyType AVAILABLE for NetworkAgentInfo [WIFI () - 103]
D/ConnectivityService(  459): updateNetworkScore for NetworkAgentInfo [WIFI () - 103] to 60
D/ConnectivityService(  459): rematching NetworkAgentInfo [WIFI () - 103]
D/ConnectivityService(  459): Network NetworkAgentInfo [WIFI () - 103] was already satisfying request 1. No change.
D/ConnectivityService(  459): notifyType AVAILABLE for NetworkAgentInfo [WIFI () - 103]
D/ConnectivityService(  459): updateNetworkScore for NetworkAgentInfo [WIFI () - 103] to 56
D/ConnectivityService(  459): rematching NetworkAgentInfo [WIFI () - 103]
D/ConnectivityService(  459): Network NetworkAgentInfo [WIFI () - 103] was already satisfying request 1. No change.
D/ConnectivityService(  459): notifyType AVAILABLE for NetworkAgentInfo [WIFI () - 103]
I/ActivityManager(  459): Force stopping com.android.chrome appid=10035 user=0: from pid 9510
I/ActivityManager(  459): Killing 8927:com.android.chrome:privileged_process0/u0a35 (adj 0): stop com.android.chrome
W/ActivityManager(  459): Scheduling restart of crashed service com.android.chrome/org.chromium.content.app.PrivilegedProcessService0 in 1000ms
I/ActivityManager(  459): Killing 8856:com.android.chrome/u0a35 (adj 0): stop com.android.chrome
I/WindowState(  459): WIN DEATH: Window{18bae5ec u0 com.android.chrome/org.chromium.chrome.browser.ChromeTabbedActivity}
W/WindowManager(  459): Force-removing child win Window{49c031 u0 SurfaceView} from container Window{18bae5ec u0 com.android.chrome/org.chromium.chrome.browser.ChromeTabbedActivity}
D/ConnectivityService(  459): ConnectivityService NetworkRequestInfo binderDied(NetworkRequest [ id=84, legacyType=-1, [ Capabilities: INTERNET&NOT_RESTRICTED&TRUSTED] ], android.os.BinderProxy@7258318)
D/ConnectivityService(  459): releasing NetworkRequest NetworkRequest [ id=84, legacyType=-1, [ Capabilities: INTERNET&NOT_RESTRICTED&TRUSTED] ]
D/ConnectivityService(  459): ConnectivityService NetworkRequestInfo binderDied(NetworkRequest [ id=86, legacyType=-1, [ Capabilities: INTERNET&NOT_RESTRICTED&TRUSTED] ], android.os.BinderProxy@357a5171)
E/ConnectivityService(  459): RemoteException caught trying to send a callback msg for NetworkRequest [ id=84, legacyType=-1, [ Capabilities: INTERNET&NOT_RESTRICTED&TRUSTED] ]
D/ConnectivityService(  459): releasing NetworkRequest NetworkRequest [ id=86, legacyType=-1, [ Capabilities: INTERNET&NOT_RESTRICTED&TRUSTED] ]
E/ConnectivityService(  459): RemoteException caught trying to send a callback msg for NetworkRequest [ id=86, legacyType=-1, [ Capabilities: INTERNET&NOT_RESTRICTED&TRUSTED] ]
W/WindowManager(  459): Failed looking up window
W/WindowManager(  459): java.lang.IllegalArgumentException: Requested window android.os.BinderProxy@3e6674d8 does not exist
W/WindowManager(  459): 	at com.android.server.wm.WindowManagerService.windowForClientLocked(WindowManagerService.java:8539)
W/WindowManager(  459): 	at com.android.server.wm.WindowManagerService.windowForClientLocked(WindowManagerService.java:8530)
W/WindowManager(  459): 	at com.android.server.wm.WindowState$DeathRecipient.binderDied(WindowState.java:1142)
W/WindowManager(  459): 	at android.os.BinderProxy.sendDeathNotice(Binder.java:551)
I/WindowState(  459): WIN DEATH: null
W/ActivityManager(  459): Exception when unbinding service com.android.chrome/org.chromium.content.app.SandboxedProcessService1
