W/Conscrypt( 1010): Caused by: android.system.ErrnoException: setsockopt failed: EBADF (Bad file number)
W/Conscrypt( 1010): 	at libcore.io.Posix.setsockoptTimeval(Native Method)
W/Conscrypt( 1010): 	at libcore.io.ForwardingOs.setsockoptTimeval(ForwardingOs.java:147)
W/Conscrypt( 1010): Could not set socket write timeout: java.lang.reflect.InvocationTargetException
W/Conscrypt( 1010): 	at java.lang.reflect.Method.invoke(Native Method)
W/Conscrypt( 1010): 	at java.lang.reflect.Method.invoke(Method.java:372)
W/Conscrypt( 1010): Caused by: android.system.ErrnoException: setsockopt failed: EBADF (Bad file number)
W/Conscrypt( 1010): 	at libcore.io.Posix.setsockoptTimeval(Native Method)
W/Conscrypt( 1010): 	at libcore.io.ForwardingOs.setsockoptTimeval(ForwardingOs.java:147)
W/Wifi    ( 3847): Failed to read packet and byte counts from wifi interface
D/AndroidRuntime( 9021): >>>>>> START com.android.internal.os.RuntimeInit uid 2000 <<<<<<
D/AndroidRuntime( 9021): CheckJNI is OFF
D/AndroidRuntime( 9021): Calling main entry com.android.commands.input.Input
I/Input   ( 9021): injectMotionEvent: MotionEvent { action=ACTION_DOWN, id[0]=0, x[0]=700.0, y[0]=1550.0, toolType[0]=TOOL_TYPE_UNKNOWN, buttonState=0, metaState=0, flags=0x0, edgeFlags=0x0, pointerCount=1, historySize=0, eventTime=10292997, downTime=10292997, deviceId=0, source=0x1002 }
I/Input   ( 9021): injectMotionEvent: MotionEvent { action=ACTION_UP, id[0]=0, x[0]=700.0, y[0]=1550.0, toolType[0]=TOOL_TYPE_UNKNOWN, buttonState=0, metaState=0, flags=0x0, edgeFlags=0x0, pointerCount=1, historySize=0, eventTime=10292997, downTime=10292997, deviceId=0, source=0x1002 }
D/AndroidRuntime( 9021): Shutting down VM
W/Wifi    ( 3847): Failed to read packet and byte counts from wifi interface
I/cr_omaha( 8856): Attempting to schedule next job for: Sun Jun 17 16:40:42 GMT+02:00 2018
W/Wifi    ( 3847): Failed to read packet and byte counts from wifi interface
I/cr_omaha( 8856): Scheduled using AlarmManager and IntentService
I/vgn     ( 1049): 67-RequestPlaceUpdates -- metadata{ service_id: 0 }
I/vgn     ( 1049): 67-RemovePlaceUpdates -- metadata{ service_id: 0 }
I/Places  ( 1049): ?: PlacesBleScanner stop()
I/BeaconBle( 1049): Scan canceled successfully.
I/PlaceInferenceEngine( 1049): [anon] Changed inference mode: 0
I/GeofencerStateMachine( 1049): removeGeofences: removeRequest=RemoveGeofencingRequest[REMOVE_BY_PENDING_INTENT pendingIntent=PendingIntent[creatorPackage=com.google.android.gms], packageName=null]
W/Wifi    ( 3847): Failed to read packet and byte counts from wifi interface
W/cr_Autocomplete( 8856): stopping autocomplete.
I/vgn     ( 1010): 45-xlb -- metadata{ service_id: 0 }
D/audio_hw_primary(  204): out_set_parameters: enter: usecase(0: playback) kvpairs: routing=2 out->devices(2) adev->mode(0)
I/vgn     ( 1010): 45-xlb -- metadata{ service_id: 0 }
I/CameraManagerGlobal( 8856): getCameraService: Reconnecting to camera service
W/Wifi    ( 3847): Failed to read packet and byte counts from wifi interface
D/BluetoothAdapter( 1049): 599352940: getState() :  mService = null. Returning STATE_OFF
W/Wifi    ( 3847): Failed to read packet and byte counts from wifi interface
E/WifiStateMachine(  459): WifiStateMachine CMD_START_SCAN source -2 txSuccessRate=34.68 rxSuccessRate=45.03 targetRoamBSSID=f0:9f:c2:f4:b8:94 RSSI=-55
W/Wifi    ( 3847): Failed to read packet and byte counts from wifi interface
D/AndroidRuntime( 9065): >>>>>> START com.android.internal.os.RuntimeInit uid 2000 <<<<<<
D/AndroidRuntime( 9065): CheckJNI is OFF
D/AndroidRuntime( 9065): Calling main entry com.android.commands.input.Input
I/Input   ( 9065): injectMotionEvent: MotionEvent { action=ACTION_DOWN, id[0]=0, x[0]=372.0, y[0]=1530.0, toolType[0]=TOOL_TYPE_UNKNOWN, buttonState=0, metaState=0, flags=0x0, edgeFlags=0x0, pointerCount=1, historySize=0, eventTime=10298713, downTime=10298713, deviceId=0, source=0x1002 }
I/Input   ( 9065): injectMotionEvent: MotionEvent { action=ACTION_UP, id[0]=0, x[0]=372.0, y[0]=1530.0, toolType[0]=TOOL_TYPE_UNKNOWN, buttonState=0, metaState=0, flags=0x0, edgeFlags=0x0, pointerCount=1, historySize=0, eventTime=10298713, downTime=10298713, deviceId=0, source=0x1002 }
D/AndroidRuntime( 9065): Shutting down VM
D/AndroidRuntime( 9085): >>>>>> START com.android.internal.os.RuntimeInit uid 2000 <<<<<<
D/AndroidRuntime( 9085): CheckJNI is OFF
W/Wifi    ( 3847): Failed to read packet and byte counts from wifi interface
D/AndroidRuntime( 9085): Calling main entry com.android.commands.am.Am
I/Trepn   ( 8811): Trepn 6.2s: Received intent: com.quicinc.trepn.start_profiling
W/FileUtils( 8811): Failed to chmod(/storage/emulated/0/trepn/Trepn_2018.06.17_154437.db): android.system.ErrnoException: chmod failed: EPERM (Operation not permitted)
D/OpenGLRenderer( 8811): Use EGL_SWAP_BEHAVIOR_PRESERVED: true
I/Trepn   ( 8811): Trepn 6.2s: Trepn has Started Profiling.
D/AndroidRuntime( 9085): Shutting down VM
I/OpenGLRenderer( 8811): Initialized EGL, version 1.4
D/OpenGLRenderer( 8811): Enabling debug mode 0
I/EventLogSendingHelper( 8196): Sending log events.
D/AndroidRuntime( 9122): >>>>>> START com.android.internal.os.RuntimeInit uid 2000 <<<<<<
D/AndroidRuntime( 9122): CheckJNI is OFF
W/Wifi    ( 3847): Failed to read packet and byte counts from wifi interface
D/AndroidRuntime( 9122): Calling main entry com.android.commands.am.Am
I/ActivityManager(  459): START u0 {act=android.intent.action.VIEW dat=localhost:8000 flg=0x10000000 cmp=com.android.chrome/com.google.android.apps.chrome.Main} from uid 2000 on display 0
V/WindowManager(  459): addAppToken: AppWindowToken{29f0a2b3 token=Token{2b1d2822 ActivityRecord{1f61b1ed u0 com.android.chrome/com.google.android.apps.chrome.Main t4602}}} to stack=1 task=4602 at 0
W/cr_Autocomplete( 8856): stopping autocomplete.
D/AndroidRuntime( 9122): Shutting down VM
D/ConnectivityService(  459): releasing NetworkRequest NetworkRequest [ id=85, legacyType=-1, [ Capabilities: INTERNET&NOT_RESTRICTED&TRUSTED] ]
D/ConnectivityManager.CallbackHandler( 8856): CM callback handler got msg 524296
D/ConnectivityService(  459): listenForNetwork for NetworkRequest [ id=86, legacyType=-1, [ Capabilities: INTERNET&NOT_RESTRICTED&TRUSTED] ]
D/ConnectivityService(  459): handleRegisterNetworkRequest checking NetworkAgentInfo [WIFI () - 103]
D/ConnectivityService(  459): apparently satisfied.  currentScore=100
D/ConnectivityManager.CallbackHandler( 8856): CM callback handler got msg 524290
I/cr_InstantAppsHandler( 8856): Not handling with Instant Apps because Chrome is not default or there's a specialized handler
I/ActivityManager(  459): START u0 {act=android.intent.action.VIEW dat=localhost:8000 flg=0x14002000 cmp=com.android.chrome/org.chromium.chrome.browser.ChromeTabbedActivity (has extras)} from uid 10035 on display 0
W/InputMethodManagerService(  459): Window already focused, ignoring focus gain of: com.android.internal.view.IInputMethodClient$Stub$Proxy@252f997a attribute=null, token = android.os.BinderProxy@1ed0009f
I/ActivityManager(  459): Start proc 9142:com.android.chrome:sandboxed_process1/u0i55 for service com.android.chrome/org.chromium.content.app.SandboxedProcessService1
W/dboxed_process1( 9142): type=1400 audit(0.0:60): avc: denied { search } for name="tmp" dev="dm-0" ino=49 scontext=u:r:isolated_app:s0 tcontext=u:object_r:shell_data_file:s0 tclass=dir permissive=0
I/cr_ChildProcessService( 9142): Creating new ChildProcessService pid=9142
I/cr_LibraryLoader( 9142): Using linker: org.chromium.base.library_loader.LegacyLinker
W/linker  ( 9142): libchromium_android_linker.so: unused DT entry: type 0x6ffffffe arg 0xce8
W/linker  ( 9142): libchromium_android_linker.so: unused DT entry: type 0x6fffffff arg 0x3
I/cr_LibraryLoader( 9142): Loading chrome from within /data/app/com.android.chrome-2/base.apk
I/cr_LibraryLoader( 9142): Time to load native libraries: 128 ms (timestamps 922-1050)
I/chromium( 9142): [INFO:library_loader_hooks.cc(136)] Chromium logging enabled: level = 0, default verbosity = 0
I/cr_LibraryLoader( 9142): Expected native library version number "61.0.3163.98", actual native library version number "61.0.3163.98"
I/vgn     ( 1010): 45-xlb -- metadata{ service_id: 0 }
I/vgn     ( 1010): 45-xlb -- metadata{ service_id: 0 }
W/Wifi    ( 3847): Failed to read packet and byte counts from wifi interface
W/System.err( 7946): android.content.pm.PackageManager$NameNotFoundException
W/System.err( 7946): 	at android.app.ApplicationPackageManager.getPackageInfo(ApplicationPackageManager.java:114)
W/System.err( 7946): 	at com.estrongs.android.pop.app.c.ai.c(Unknown Source)
W/System.err( 7946): 	at com.estrongs.android.pop.app.c.ai.a(Unknown Source)
W/System.err( 7946): 	at com.estrongs.android.pop.app.scene.e.q.a(Unknown Source)
W/System.err( 7946): 	at com.estrongs.android.scanner.c.m.run(Unknown Source)
W/System.err( 7946): 	at java.util.concurrent.ThreadPoolExecutor.runWorker(ThreadPoolExecutor.java:1112)
W/System.err( 7946): 	at java.util.concurrent.ThreadPoolExecutor$Worker.run(ThreadPoolExecutor.java:587)
W/System.err( 7946): 	at java.lang.Thread.run(Thread.java:818)
W/Wifi    ( 3847): Failed to read packet and byte counts from wifi interface
W/Wifi    ( 3847): Failed to read packet and byte counts from wifi interface
D/WifiService(  459): acquireWifiLockLocked: WifiLock{NlpWifiLock type=2 binder=android.os.BinderProxy@224b81ff}
E/WifiStateMachine(  459): WifiStateMachine CMD_START_SCAN source 10008 txSuccessRate=13.67 rxSuccessRate=14.76 targetRoamBSSID=f0:9f:c2:f4:b8:94 RSSI=-55
I/vgn     ( 1049): 35-GetDeviceDataUploadOptInStatusOperation -- metadata{ service_id: 0 }
I/vgn     ( 1049): 35-GetDeviceDataUploadOptInStatusOperation -- metadata{ service_id: 0 }
W/ctxmgr  ( 1049): [AclManager]No 2 for (accnt=account#-517948760#, com.google.android.gms(10008):IndoorOutdoorProducer, vrsn=12685000, 0, 3pPkg = null ,  3pMdlId = null ,  pid = 1049). Was: 3 for 57, account#-517948760#
D/WifiService(  459): releaseWifiLockLocked: WifiLock{NlpWifiLock type=2 binder=android.os.BinderProxy@224b81ff}
D/libgps  (  459): proxy_gps_inject_location: called.
W/ctxmgr  ( 1049): [AclManager]No 2 for (accnt=account#1813920180#, com.google.android.gms(10008):UserLocationProducer, vrsn=12685000, 0, 3pPkg = null ,  3pMdlId = null ,  pid = 1049). Was: 2 for 1, account#1813920180#
W/ctxmgr  ( 1049): [AclManager]No 2 for (accnt=account#1644684176#, com.google.android.gms(10008):UserLocationProducer, vrsn=12685000, 0, 3pPkg = null ,  3pMdlId = null ,  pid = 1049). Was: 2 for 1, account#1644684176#
W/Wifi    ( 3847): Failed to read packet and byte counts from wifi interface
W/Wifi    ( 3847): Failed to read packet and byte counts from wifi interface
W/Wifi    ( 3847): Failed to read packet and byte counts from wifi interface
W/Wifi    ( 3847): Failed to read packet and byte counts from wifi interface
W/Wifi    ( 3847): Failed to read packet and byte counts from wifi interface
W/Wifi    ( 3847): Failed to read packet and byte counts from wifi interface
W/Wifi    ( 3847): Failed to read packet and byte counts from wifi interface
W/Wifi    ( 3847): Failed to read packet and byte counts from wifi interface
W/Wifi    ( 3847): Failed to read packet and byte counts from wifi interface
W/Wifi    ( 3847): Failed to read packet and byte counts from wifi interface
W/Wifi    ( 3847): Failed to read packet and byte counts from wifi interface
W/Wifi    ( 3847): Failed to read packet and byte counts from wifi interface
W/Wifi    ( 3847): Failed to read packet and byte counts from wifi interface
W/Wifi    ( 3847): Failed to read packet and byte counts from wifi interface
E/WifiStateMachine(  459): WifiStateMachine CMD_START_SCAN source -2 txSuccessRate=0.17 rxSuccessRate=1.12 targetRoamBSSID=f0:9f:c2:f4:b8:94 RSSI=-56
W/Wifi    ( 3847): Failed to read packet and byte counts from wifi interface
W/ctxmgr  ( 1049): [AclManager]No 2 for (accnt=account#-517948760#, com.google.android.gms(10008):IndoorOutdoorProducer, vrsn=12685000, 0, 3pPkg = null ,  3pMdlId = null ,  pid = 1049). Was: 3 for 57, account#-517948760#
W/Wifi    ( 3847): Failed to read packet and byte counts from wifi interface
W/Wifi    ( 3847): Failed to read packet and byte counts from wifi interface
D/AndroidRuntime( 9262): >>>>>> START com.android.internal.os.RuntimeInit uid 2000 <<<<<<
D/AndroidRuntime( 9262): CheckJNI is OFF
W/Wifi    ( 3847): Failed to read packet and byte counts from wifi interface
D/AndroidRuntime( 9262): Calling main entry com.android.commands.input.Input
I/Input   ( 9262): injectMotionEvent: MotionEvent { action=ACTION_DOWN, id[0]=0, x[0]=1256.0, y[0]=1890.0, toolType[0]=TOOL_TYPE_UNKNOWN, buttonState=0, metaState=0, flags=0x0, edgeFlags=0x0, pointerCount=1, historySize=0, eventTime=10321389, downTime=10321389, deviceId=0, source=0x1002 }
I/Input   ( 9262): injectMotionEvent: MotionEvent { action=ACTION_UP, id[0]=0, x[0]=1256.0, y[0]=1890.0, toolType[0]=TOOL_TYPE_UNKNOWN, buttonState=0, metaState=0, flags=0x0, edgeFlags=0x0, pointerCount=1, historySize=0, eventTime=10321389, downTime=10321389, deviceId=0, source=0x1002 }
D/AndroidRuntime( 9262): Shutting down VM
D/audio_hw_primary(  204): out_set_parameters: enter: usecase(0: playback) kvpairs: routing=2 out->devices(2) adev->mode(0)
I/Camera2ClientBase(  204): Camera 1: Opened. Client: com.android.chrome (PID 8856, UID 10035)
I/CameraDeviceClient(  204): CameraDeviceClient 1: Opened
I/NvCameraHalLogging(  204): NvCameraHalLogging:Preview profile reset
I/CwMcuSensor(  459): CwMcuSensor::flush: fd = 214, sensors_id = 0, path = /sys/class/htc_sensorhub/sensor_hub/flush, err = 0
D/NvOsDebugPrintf(  204): NvPclHwCreateModuleListOne: WARNING: Could not map module to ISP config string
D/NvOsDebugPrintf(  204): NvPclHwCreateModuleListOne: WARNING: Could not map module to ISP config string
D/NvOsDebugPrintf(  204): SensorBayer_SetPowerLevel 3
D/NvOsDebugPrintf(  204): OV9760 Camera fd open as: 47
D/NvOsDebugPrintf(  204): AFConfigParamsSanityCheck: Warning: settle_time too large: 100, capped to 30
D/NvOsDebugPrintf(  204): NvIspSetStats: WARNING: FM can't be enabled because AP is not enabled!!
D/NvOsDebugPrintf(  204): SensorBayer_SetPowerLevel 3
E/CameraDeviceClient(  204): beginConfigure: Not implemented yet.
W/CameraDeviceClient(  204): createStream: Camera 1: Forcing asynchronous mode for stream
W/CameraDeviceClient(  204): createStream: Camera 1: Overriding format 0x1 to IMPLEMENTATION_DEFINED
D/Camera3-Stream(  204): registerBuffersLocked: Skipping NULL check for deprecated register_stream_buffers
D/Camera3-Stream(  204): registerBuffersLocked: Skipping NULL check for deprecated register_stream_buffers
D/Camera3-Stream(  204): registerBuffersLocked: Skipping NULL check for deprecated register_stream_buffers
I/chromium( 8856): [INFO:CONSOLE(21)] "STARTME---1529243099320", source: http://localhost:8000/cameratest.js (21)
I/chromium( 8856): [INFO:CONSOLE(27)] "STOPME---1529243099634", source: http://localhost:8000/cameratest.js (27)
W/Wifi    ( 3847): Failed to read packet and byte counts from wifi interface
W/Wifi    ( 3847): Failed to read packet and byte counts from wifi interface
W/Wifi    ( 3847): Failed to read packet and byte counts from wifi interface
W/GmsLocationProvider( 8196): Error removing location updates: 16
W/Wifi    ( 3847): Failed to read packet and byte counts from wifi interface
I/Icing   ( 1010): IndexChimeraService.getServiceInterface callingPackage=com.android.chrome componentName=null serviceId=36
I/vgn     ( 1049): 19-GetFileDescriptorAndDelete -- metadata{ service_id: 0 }
I/Icing   ( 1010): Usage reports ok 0, Failed Usage reports 0, indexed 0, rejected 0, imm upload false
W/Wifi    ( 3847): Failed to read packet and byte counts from wifi interface
I/Icing   ( 1010): Indexing 94FBE96EEF13B8AC56FE8C01687FD8A6012559AC from com.android.chrome
I/Icing   ( 1010): Indexing done 94FBE96EEF13B8AC56FE8C01687FD8A6012559AC
W/Wifi    ( 3847): Failed to read packet and byte counts from wifi interface
W/Wifi    ( 3847): Failed to read packet and byte counts from wifi interface
W/Wifi    ( 3847): Failed to read packet and byte counts from wifi interface
W/Wifi    ( 3847): Failed to read packet and byte counts from wifi interface
W/Wifi    ( 3847): Failed to read packet and byte counts from wifi interface
W/Wifi    ( 3847): Failed to read packet and byte counts from wifi interface
W/Wifi    ( 3847): Failed to read packet and byte counts from wifi interface
W/Wifi    ( 3847): Failed to read packet and byte counts from wifi interface
E/System  ( 8856): Uncaught exception thrown by finalizer
E/System  ( 8856): java.lang.IllegalStateException: Warning: Router objects should be explicitly closed when no longer required otherwise you may leak handles.
E/System  ( 8856): 	at org.chromium.mojo.bindings.AutoCloseableRouter.finalize(AutoCloseableRouter.java:18)
E/System  ( 8856): 	at java.lang.Daemons$FinalizerDaemon.doFinalize(Daemons.java:191)
E/System  ( 8856): 	at java.lang.Daemons$FinalizerDaemon.run(Daemons.java:174)
E/System  ( 8856): 	at java.lang.Thread.run(Thread.java:818)
W/Wifi    ( 3847): Failed to read packet and byte counts from wifi interface
D/ConnectivityService(  459): updateNetworkScore for NetworkAgentInfo [WIFI () - 103] to 56
D/ConnectivityService(  459): rematching NetworkAgentInfo [WIFI () - 103]
D/ConnectivityService(  459): Network NetworkAgentInfo [WIFI () - 103] was already satisfying request 1. No change.
D/ConnectivityService(  459): notifyType AVAILABLE for NetworkAgentInfo [WIFI () - 103]
D/ConnectivityManager.CallbackHandler(  663): CM callback handler got msg 524290
D/ConnectivityManager.CallbackHandler( 1010): CM callback handler got msg 524290
D/ConnectivityManager.CallbackHandler( 8856): CM callback handler got msg 524290
D/ConnectivityManager.CallbackHandler( 1010): CM callback handler got msg 524290
D/ConnectivityManager.CallbackHandler( 8856): CM callback handler got msg 524290
D/ConnectivityManager.CallbackHandler(30665): CM callback handler got msg 524290
D/ConnectivityManager.CallbackHandler( 1010): CM callback handler got msg 524290
W/Wifi    ( 3847): Failed to read packet and byte counts from wifi interface
W/Wifi    ( 3847): Failed to read packet and byte counts from wifi interface
E/WifiStateMachine(  459): WifiStateMachine CMD_START_SCAN source -2 txSuccessRate=0.13 rxSuccessRate=1.32 targetRoamBSSID=f0:9f:c2:f4:b8:94 RSSI=-68
W/Wifi    ( 3847): Failed to read packet and byte counts from wifi interface
W/Wifi    ( 3847): Failed to read packet and byte counts from wifi interface
W/Wifi    ( 3847): Failed to read packet and byte counts from wifi interface
W/Wifi    ( 3847): Failed to read packet and byte counts from wifi interface
D/ConnectivityService(  459): updateNetworkScore for NetworkAgentInfo [WIFI () - 103] to 60
D/ConnectivityService(  459): rematching NetworkAgentInfo [WIFI () - 103]
D/ConnectivityService(  459): Network NetworkAgentInfo [WIFI () - 103] was already satisfying request 1. No change.
D/ConnectivityService(  459): notifyType AVAILABLE for NetworkAgentInfo [WIFI () - 103]
D/ConnectivityManager.CallbackHandler(  663): CM callback handler got msg 524290
D/ConnectivityManager.CallbackHandler( 8856): CM callback handler got msg 524290
D/ConnectivityManager.CallbackHandler( 8856): CM callback handler got msg 524290
D/ConnectivityManager.CallbackHandler( 1010): CM callback handler got msg 524290
D/ConnectivityManager.CallbackHandler( 1010): CM callback handler got msg 524290
D/ConnectivityManager.CallbackHandler( 1010): CM callback handler got msg 524290
D/ConnectivityManager.CallbackHandler(30665): CM callback handler got msg 524290
W/Wifi    ( 3847): Failed to read packet and byte counts from wifi interface
W/Wifi    ( 3847): Failed to read packet and byte counts from wifi interface
W/Wifi    ( 3847): Failed to read packet and byte counts from wifi interface
W/Wifi    ( 3847): Failed to read packet and byte counts from wifi interface
W/Wifi    ( 3847): Failed to read packet and byte counts from wifi interface
W/Wifi    ( 3847): Failed to read packet and byte counts from wifi interface
W/Wifi    ( 3847): Failed to read packet and byte counts from wifi interface
W/Wifi    ( 3847): Failed to read packet and byte counts from wifi interface
W/Wifi    ( 3847): Failed to read packet and byte counts from wifi interface
D/ConnectivityService(  459): updateNetworkScore for NetworkAgentInfo [WIFI () - 103] to 56
D/ConnectivityService(  459): rematching NetworkAgentInfo [WIFI () - 103]
D/ConnectivityService(  459): Network NetworkAgentInfo [WIFI () - 103] was already satisfying request 1. No change.
D/ConnectivityService(  459): notifyType AVAILABLE for NetworkAgentInfo [WIFI () - 103]
D/ConnectivityManager.CallbackHandler(  663): CM callback handler got msg 524290
D/ConnectivityManager.CallbackHandler(30665): CM callback handler got msg 524290
D/ConnectivityManager.CallbackHandler( 1010): CM callback handler got msg 524290
D/ConnectivityManager.CallbackHandler( 8856): CM callback handler got msg 524290
D/ConnectivityManager.CallbackHandler( 1010): CM callback handler got msg 524290
D/ConnectivityManager.CallbackHandler( 8856): CM callback handler got msg 524290
D/ConnectivityManager.CallbackHandler( 1010): CM callback handler got msg 524290
W/Wifi    ( 3847): Failed to read packet and byte counts from wifi interface
W/Wifi    ( 3847): Failed to read packet and byte counts from wifi interface
W/Wifi    ( 3847): Failed to read packet and byte counts from wifi interface
D/ConnectivityService(  459): updateNetworkScore for NetworkAgentInfo [WIFI () - 103] to 60
D/ConnectivityService(  459): rematching NetworkAgentInfo [WIFI () - 103]
D/ConnectivityService(  459): Network NetworkAgentInfo [WIFI () - 103] was already satisfying request 1. No change.
D/ConnectivityService(  459): notifyType AVAILABLE for NetworkAgentInfo [WIFI () - 103]
D/ConnectivityManager.CallbackHandler(  663): CM callback handler got msg 524290
D/ConnectivityManager.CallbackHandler( 1010): CM callback handler got msg 524290
D/ConnectivityManager.CallbackHandler(30665): CM callback handler got msg 524290
D/ConnectivityManager.CallbackHandler( 1010): CM callback handler got msg 524290
D/ConnectivityManager.CallbackHandler( 8856): CM callback handler got msg 524290
D/ConnectivityManager.CallbackHandler( 1010): CM callback handler got msg 524290
D/ConnectivityManager.CallbackHandler( 8856): CM callback handler got msg 524290
W/Wifi    ( 3847): Failed to read packet and byte counts from wifi interface
W/Wifi    ( 3847): Failed to read packet and byte counts from wifi interface
W/Wifi    ( 3847): Failed to read packet and byte counts from wifi interface
W/Wifi    ( 3847): Failed to read packet and byte counts from wifi interface
E/WifiStateMachine(  459): WifiStateMachine CMD_START_SCAN source -2 txSuccessRate=0.00 rxSuccessRate=1.94 targetRoamBSSID=f0:9f:c2:f4:b8:94 RSSI=-54
W/Wifi    ( 3847): Failed to read packet and byte counts from wifi interface
W/Wifi    ( 3847): Failed to read packet and byte counts from wifi interface
W/Wifi    ( 3847): Failed to read packet and byte counts from wifi interface
W/Wifi    ( 3847): Failed to read packet and byte counts from wifi interface
D/AndroidRuntime( 9453): >>>>>> START com.android.internal.os.RuntimeInit uid 2000 <<<<<<
D/AndroidRuntime( 9453): CheckJNI is OFF
W/Wifi    ( 3847): Failed to read packet and byte counts from wifi interface
D/ConnectivityService(  459): updateNetworkScore for NetworkAgentInfo [WIFI () - 103] to 56
D/ConnectivityService(  459): rematching NetworkAgentInfo [WIFI () - 103]
D/ConnectivityService(  459): Network NetworkAgentInfo [WIFI () - 103] was already satisfying request 1. No change.
D/ConnectivityService(  459): notifyType AVAILABLE for NetworkAgentInfo [WIFI () - 103]
D/ConnectivityManager.CallbackHandler(  663): CM callback handler got msg 524290
D/ConnectivityManager.CallbackHandler( 1010): CM callback handler got msg 524290
D/ConnectivityManager.CallbackHandler( 1010): CM callback handler got msg 524290
D/ConnectivityManager.CallbackHandler(30665): CM callback handler got msg 524290
D/ConnectivityManager.CallbackHandler( 1010): CM callback handler got msg 524290
D/ConnectivityManager.CallbackHandler( 8856): CM callback handler got msg 524290
D/ConnectivityManager.CallbackHandler( 8856): CM callback handler got msg 524290
D/AndroidRuntime( 9453): Calling main entry com.android.commands.am.Am
I/Trepn   ( 8811): Trepn 6.2s: Received intent: com.quicinc.trepn.stop_profiling
I/Trepn   ( 8811): Trepn 6.2s: Trepn has Stopped Profiling.
D/AndroidRuntime( 9453): Shutting down VM
W/Wifi    ( 3847): Failed to read packet and byte counts from wifi interface
D/AndroidRuntime( 9510): >>>>>> START com.android.internal.os.RuntimeInit uid 2000 <<<<<<
D/AndroidRuntime( 9510): CheckJNI is OFF
D/AndroidRuntime( 9510): Calling main entry com.android.commands.am.Am
I/ActivityManager(  459): Force stopping com.android.chrome appid=10035 user=0: from pid 9510
I/ActivityManager(  459): Killing 8927:com.android.chrome:privileged_process0/u0a35 (adj 0): stop com.android.chrome
W/cr_ChildProcessConn( 8856): onServiceDisconnected (crash or killed by oom): pid=8927
W/chromium( 8856): [WARNING:compositor_view.cc(255)] Child process disconnected (type=9) pid=8927)
W/ActivityManager(  459): Scheduling restart of crashed service com.android.chrome/org.chromium.content.app.PrivilegedProcessService0 in 1000ms
I/ActivityManager(  459): Killing 8856:com.android.chrome/u0a35 (adj 0): stop com.android.chrome
W/InputDispatcher(  459): channel '18bae5ec com.android.chrome/org.chromium.chrome.browser.ChromeTabbedActivity (server)' ~ Consumer closed input channel or an error occurred.  events=0x9
E/InputDispatcher(  459): channel '18bae5ec com.android.chrome/org.chromium.chrome.browser.ChromeTabbedActivity (server)' ~ Channel is unrecoverably broken and will be disposed!
E/Surface (  204): queueBuffer: error queuing buffer to SurfaceTexture, -32
E/Camera3-OutputStream(  204): returnBufferCheckedLocked: Stream 1: Error queueing buffer to native window: Broken pipe (-32)
E/Camera3-Device(  204): Can't return buffer to its stream: Broken pipe (-32)
E/Camera3-OutputStream(  204): getBufferLocked: Stream 1: Can't dequeue next output buffer: Broken pipe (-32)
E/Camera3-Device(  204): RequestThread: Can't get output buffer, skipping request: Broken pipe (-32)
E/Camera3-OutputStream(  204): getBufferLocked: Stream 1: Can't dequeue next output buffer: Broken pipe (-32)
E/Camera3-Device(  204): RequestThread: Can't get output buffer, skipping request: Broken pipe (-32)
E/Camera3-OutputStream(  204): getBufferLocked: Stream 1: Can't dequeue next output buffer: Broken pipe (-32)
E/Camera3-Device(  204): RequestThread: Can't get output buffer, skipping request: Broken pipe (-32)
E/Camera3-OutputStream(  204): getBufferLocked: Stream 1: Can't dequeue next output buffer: Broken pipe (-32)
E/Camera3-Device(  204): RequestThread: Can't get output buffer, skipping request: Broken pipe (-32)
E/Camera3-OutputStream(  204): getBufferLocked: Stream 1: Can't dequeue next output buffer: Broken pipe (-32)
E/Camera3-Device(  204): RequestThread: Can't get output buffer, skipping request: Broken pipe (-32)
E/Camera3-OutputStream(  204): getBufferLocked: Stream 1: Can't dequeue next output buffer: Broken pipe (-32)
E/Camera3-Device(  204): RequestThread: Can't get output buffer, skipping request: Broken pipe (-32)
E/Camera3-OutputStream(  204): getBufferLocked: Stream 1: Can't dequeue next output buffer: Broken pipe (-32)
E/Camera3-Device(  204): RequestThread: Can't get output buffer, skipping request: Broken pipe (-32)
E/Camera3-OutputStream(  204): getBufferLocked: Stream 1: Can't dequeue next output buffer: Broken pipe (-32)
E/Camera3-Device(  204): RequestThread: Can't get output buffer, skipping request: Broken pipe (-32)
E/Camera3-OutputStream(  204): getBufferLocked: Stream 1: Can't dequeue next output buffer: Broken pipe (-32)
E/Camera3-Device(  204): RequestThread: Can't get output buffer, skipping request: Broken pipe (-32)
E/Camera3-OutputStream(  204): getBufferLocked: Stream 1: Can't dequeue next output buffer: Broken pipe (-32)
E/Camera3-Device(  204): RequestThread: Can't get output buffer, skipping request: Broken pipe (-32)
E/Camera3-OutputStream(  204): getBufferLocked: Stream 1: Can't dequeue next output buffer: Broken pipe (-32)
E/Camera3-Device(  204): RequestThread: Can't get output buffer, skipping request: Broken pipe (-32)
E/Camera3-OutputStream(  204): getBufferLocked: Stream 1: Can't dequeue next output buffer: Broken pipe (-32)
E/Camera3-Device(  204): RequestThread: Can't get output buffer, skipping request: Broken pipe (-32)
E/Camera3-OutputStream(  204): getBufferLocked: Stream 1: Can't dequeue next output buffer: Broken pipe (-32)
E/Camera3-Device(  204): RequestThread: Can't get output buffer, skipping request: Broken pipe (-32)
E/Camera3-OutputStream(  204): getBufferLocked: Stream 1: Can't dequeue next output buffer: Broken pipe (-32)
E/Camera3-Device(  204): RequestThread: Can't get output buffer, skipping request: Broken pipe (-32)
E/Camera3-OutputStream(  204): getBufferLocked: Stream 1: Can't dequeue next output buffer: Broken pipe (-32)
E/Camera3-Device(  204): RequestThread: Can't get output buffer, skipping request: Broken pipe (-32)
E/Camera3-OutputStream(  204): getBufferLocked: Stream 1: Can't dequeue next output buffer: Broken pipe (-32)
E/Camera3-Device(  204): RequestThread: Can't get output buffer, skipping request: Broken pipe (-32)
E/Camera3-OutputStream(  204): getBufferLocked: Stream 1: Can't dequeue next output buffer: Broken pipe (-32)
E/Camera3-Device(  204): RequestThread: Can't get output buffer, skipping request: Broken pipe (-32)
E/Camera3-OutputStream(  204): getBufferLocked: Stream 1: Can't dequeue next output buffer: Broken pipe (-32)
E/Camera3-Device(  204): RequestThread: Can't get output buffer, skipping request: Broken pipe (-32)
E/Camera3-OutputStream(  204): getBufferLocked: Stream 1: Can't dequeue next output buffer: Broken pipe (-32)
E/Camera3-Device(  204): RequestThread: Can't get output buffer, skipping request: Broken pipe (-32)
E/Camera3-OutputStream(  204): getBufferLocked: Stream 1: Can't dequeue next output buffer: Broken pipe (-32)
E/Camera3-Device(  204): RequestThread: Can't get output buffer, skipping request: Broken pipe (-32)
E/Camera3-OutputStream(  204): getBufferLocked: Stream 1: Can't dequeue next output buffer: Broken pipe (-32)
E/Camera3-Device(  204): RequestThread: Can't get output buffer, skipping request: Broken pipe (-32)
E/Camera3-OutputStream(  204): getBufferLocked: Stream 1: Can't dequeue next output buffer: Broken pipe (-32)
E/Camera3-Device(  204): RequestThread: Can't get output buffer, skipping request: Broken pipe (-32)
E/Camera3-OutputStream(  204): getBufferLocked: Stream 1: Can't dequeue next output buffer: Broken pipe (-32)
E/Camera3-Device(  204): RequestThread: Can't get output buffer, skipping request: Broken pipe (-32)
E/Camera3-OutputStream(  204): getBufferLocked: Stream 1: Can't dequeue next output buffer: Broken pipe (-32)
E/Camera3-Device(  204): RequestThread: Can't get output buffer, skipping request: Broken pipe (-32)
E/Camera3-OutputStream(  204): getBufferLocked: Stream 1: Can't dequeue next output buffer: Broken pipe (-32)
E/Camera3-Device(  204): RequestThread: Can't get output buffer, skipping request: Broken pipe (-32)
I/WindowState(  459): WIN DEATH: Window{18bae5ec u0 com.android.chrome/org.chromium.chrome.browser.ChromeTabbedActivity}
W/InputDispatcher(  459): Attempted to unregister already unregistered input channel '18bae5ec com.android.chrome/org.chromium.chrome.browser.ChromeTabbedActivity (server)'
W/WindowManager(  459): Force-removing child win Window{49c031 u0 SurfaceView} from container Window{18bae5ec u0 com.android.chrome/org.chromium.chrome.browser.ChromeTabbedActivity}
D/ConnectivityService(  459): ConnectivityService NetworkRequestInfo binderDied(NetworkRequest [ id=84, legacyType=-1, [ Capabilities: INTERNET&NOT_RESTRICTED&TRUSTED] ], android.os.BinderProxy@7258318)
D/ConnectivityService(  459): releasing NetworkRequest NetworkRequest [ id=84, legacyType=-1, [ Capabilities: INTERNET&NOT_RESTRICTED&TRUSTED] ]
D/ConnectivityService(  459): ConnectivityService NetworkRequestInfo binderDied(NetworkRequest [ id=86, legacyType=-1, [ Capabilities: INTERNET&NOT_RESTRICTED&TRUSTED] ], android.os.BinderProxy@357a5171)
E/ConnectivityService(  459): RemoteException caught trying to send a callback msg for NetworkRequest [ id=84, legacyType=-1, [ Capabilities: INTERNET&NOT_RESTRICTED&TRUSTED] ]
D/ConnectivityService(  459): releasing NetworkRequest NetworkRequest [ id=86, legacyType=-1, [ Capabilities: INTERNET&NOT_RESTRICTED&TRUSTED] ]
E/ConnectivityService(  459): RemoteException caught trying to send a callback msg for NetworkRequest [ id=86, legacyType=-1, [ Capabilities: INTERNET&NOT_RESTRICTED&TRUSTED] ]
E/Surface (  204): queueBuffer: error queuing buffer to SurfaceTexture, -32
E/Camera3-OutputStream(  204): returnBufferCheckedLocked: Stream 1: Error queueing buffer to native window: Broken pipe (-32)
E/Camera3-Device(  204): Can't return buffer to its stream: Broken pipe (-32)
W/WindowManager(  459): Failed looking up window
W/WindowManager(  459): java.lang.IllegalArgumentException: Requested window android.os.BinderProxy@3e6674d8 does not exist
W/WindowManager(  459): 	at com.android.server.wm.WindowManagerService.windowForClientLocked(WindowManagerService.java:8539)
W/WindowManager(  459): 	at com.android.server.wm.WindowManagerService.windowForClientLocked(WindowManagerService.java:8530)
W/WindowManager(  459): 	at com.android.server.wm.WindowState$DeathRecipient.binderDied(WindowState.java:1142)
W/WindowManager(  459): 	at android.os.BinderProxy.sendDeathNotice(Binder.java:551)
I/WindowState(  459): WIN DEATH: null
E/Surface (  204): queueBuffer: error queuing buffer to SurfaceTexture, -32
E/Camera3-OutputStream(  204): returnBufferCheckedLocked: Stream 1: Error queueing buffer to native window: Broken pipe (-32)
E/Camera3-Device(  204): Can't return buffer to its stream: Broken pipe (-32)
E/Surface (  204): queueBuffer: error queuing buffer to SurfaceTexture, -32
E/Camera3-OutputStream(  204): returnBufferCheckedLocked: Stream 1: Error queueing buffer to native window: Broken pipe (-32)
E/Camera3-Device(  204): Can't return buffer to its stream: Broken pipe (-32)
W/ActivityManager(  459): Exception when unbinding service com.android.chrome/org.chromium.content.app.SandboxedProcessService1
W/ActivityManager(  459): android.os.DeadObjectException
W/ActivityManager(  459): 	at android.os.BinderProxy.transactNative(Native Method)
W/ActivityManager(  459): 	at android.os.BinderProxy.transact(Binder.java:496)
W/ActivityManager(  459): 	at android.app.ApplicationThreadProxy.scheduleUnbindService(ApplicationThreadNative.java:921)
W/ActivityManager(  459): 	at com.android.server.am.ActiveServices.removeConnectionLocked(ActiveServices.java:1795)
W/ActivityManager(  459): 	at com.android.server.am.ActiveServices.killServicesLocked(ActiveServices.java:2193)
W/ActivityManager(  459): 	at com.android.server.am.ActivityManagerService.cleanUpApplicationRecordLocked(ActivityManagerService.java:14895)
W/ActivityManager(  459): 	at com.android.server.am.ActivityManagerService.handleAppDiedLocked(ActivityManagerService.java:4552)
W/ActivityManager(  459): 	at com.android.server.am.ActivityManagerService.removeProcessLocked(ActivityManagerService.java:5789)
W/ActivityManager(  459): 	at com.android.server.am.ActivityManagerService.killPackageProcessesLocked(ActivityManagerService.java:5594)
W/ActivityManager(  459): 	at com.android.server.am.ActivityManagerService.forceStopPackageLocked(ActivityManagerService.java:5655)
W/ActivityManager(  459): 	at com.android.server.am.ActivityManagerService.forceStopPackageLocked(ActivityManagerService.java:5499)
W/ActivityManager(  459): 	at com.android.server.am.ActivityManagerService.forceStopPackage(ActivityManagerService.java:5309)
W/ActivityManager(  459): 	at android.app.ActivityManagerNative.onTransact(ActivityManagerNative.java:1461)
W/ActivityManager(  459): 	at com.android.server.am.ActivityManagerService.onTransact(ActivityManagerService.java:2208)
W/ActivityManager(  459): 	at android.os.Binder.execTransact(Binder.java:446)
E/lowmemorykiller(  152): Error opening /proc/8888/oom_score_adj; errno=2
E/lowmemorykiller(  152): Error opening /proc/9142/oom_score_adj; errno=2
E/lowmemorykiller(  152): Error opening /proc/8888/oom_score_adj; errno=2
W/ActivityManager(  459): Exception when unbinding service com.android.chrome/org.chromium.content.app.SandboxedProcessService0
W/ActivityManager(  459): android.os.DeadObjectException
W/ActivityManager(  459): 	at android.os.BinderProxy.transactNative(Native Method)
W/ActivityManager(  459): 	at android.os.BinderProxy.transact(Binder.java:496)
W/ActivityManager(  459): 	at android.app.ApplicationThreadProxy.scheduleUnbindService(ApplicationThreadNative.java:921)
W/ActivityManager(  459): 	at com.android.server.am.ActiveServices.removeConnectionLocked(ActiveServices.java:1795)
W/ActivityManager(  459): 	at com.android.server.am.ActiveServices.killServicesLocked(ActiveServices.java:2193)
W/ActivityManager(  459): 	at com.android.server.am.ActivityManagerService.cleanUpApplicationRecordLocked(ActivityManagerService.java:14895)
W/ActivityManager(  459): 	at com.android.server.am.ActivityManagerService.handleAppDiedLocked(ActivityManagerService.java:4552)
W/ActivityManager(  459): 	at com.android.server.am.ActivityManagerService.removeProcessLocked(ActivityManagerService.java:5789)
W/ActivityManager(  459): 	at com.android.server.am.ActivityManagerService.killPackageProcessesLocked(ActivityManagerService.java:5594)
W/ActivityManager(  459): 	at com.android.server.am.ActivityManagerService.forceStopPackageLocked(ActivityManagerService.java:5655)
W/ActivityManager(  459): 	at com.android.server.am.ActivityManagerService.forceStopPackageLocked(ActivityManagerService.java:5499)
W/ActivityManager(  459): 	at com.android.server.am.ActivityManagerService.forceStopPackage(ActivityManagerService.java:5309)
W/ActivityManager(  459): 	at android.app.ActivityManagerNative.onTransact(ActivityManagerNative.java:1461)
W/ActivityManager(  459): 	at com.android.server.am.ActivityManagerService.onTransact(ActivityManagerService.java:2208)
W/ActivityManager(  459): 	at android.os.Binder.execTransact(Binder.java:446)
E/lowmemorykiller(  152): Error opening /proc/8888/oom_score_adj; errno=2
E/lowmemorykiller(  152): Error opening /proc/9142/oom_score_adj; errno=2
I/ActivityManager(  459): Killing 9142:com.android.chrome:sandboxed_process1/u0a35i55 (adj 10): isolated not needed
W/libprocessgroup(  459): failed to open /acct/uid_10035/pid_9142/cgroup.procs: No such file or directory
W/ActivityManager(  459): Scheduling restart of crashed service com.android.chrome/org.chromium.chrome.browser.media.MediaCaptureNotificationService in 1000ms
W/ActivityManager(  459): Force removing ActivityRecord{19a961b6 u0 com.android.chrome/org.chromium.chrome.browser.ChromeTabbedActivity t4601}: app died, no saved state
I/ActivityManager(  459): Killing 8888:com.android.chrome:sandboxed_process0/u0a35i54 (adj 9): isolated not needed
W/libprocessgroup(  459): failed to open /acct/uid_10035/pid_8888/cgroup.procs: No such file or directory
I/ActivityManager(  459):   Force stopping service ServiceRecord{3ce76d0 u0 com.android.chrome/org.chromium.chrome.browser.media.MediaCaptureNotificationService}
E/Surface (  204): queueBuffer: error queuing buffer to SurfaceTexture, -32
E/Camera3-OutputStream(  204): returnBufferCheckedLocked: Stream 1: Error queueing buffer to native window: Broken pipe (-32)
E/Camera3-Device(  204): Can't return buffer to its stream: Broken pipe (-32)
W/ActivityManager(  459): Spurious death for ProcessRecord{24b47fe9 8927:com.android.chrome:privileged_process0/u0a35}, curProc for 8927: null
D/AndroidRuntime( 9510): Shutting down VM
W/ActivityManager(  459): Unbind failed: could not find connection for android.os.BinderProxy@309a17a1
W/ActivityManager(  459): Spurious death for ProcessRecord{3018adc0 8856:com.android.chrome/u0a35}, curProc for 8856: null
E/Surface (  204): queueBuffer: error queuing buffer to SurfaceTexture, -32
E/Camera3-OutputStream(  204): returnBufferCheckedLocked: Stream 1: Error queueing buffer to native window: Broken pipe (-32)
E/Camera3-Device(  204): Can't return buffer to its stream: Broken pipe (-32)
W/Wifi    ( 3847): Failed to read packet and byte counts from wifi interface
E/Surface (  204): queueBuffer: error queuing buffer to SurfaceTexture, -32
E/Camera3-OutputStream(  204): returnBufferCheckedLocked: Stream 1: Error queueing buffer to native window: Broken pipe (-32)
E/Camera3-Device(  204): Can't return buffer to its stream: Broken pipe (-32)
I/vgn     ( 1049): 35-GetDeviceDataUploadOptInStatusOperation -- metadata{ service_id: 0 }
E/Surface (  204): queueBuffer: error queuing buffer to SurfaceTexture, -32
E/Camera3-OutputStream(  204): returnBufferCheckedLocked: Stream 1: Error queueing buffer to native window: Broken pipe (-32)
E/Camera3-Device(  204): Can't return buffer to its stream: Broken pipe (-32)
W/Camera3-OutputStream(  204): disconnectLocked: While disconnecting stream 0 from native window, the native window died from under us
W/Camera3-OutputStream(  204): disconnectLocked: While disconnecting stream 2 from native window, the native window died from under us
W/Camera3-OutputStream(  204): disconnectLocked: While disconnecting stream 1 from native window, the native window died from under us
I/vgn     ( 1049): 35-GetDeviceDataUploadOptInStatusOperation -- metadata{ service_id: 0 }
W/InputMethodManagerService(  459): Got RemoteException sending setActive(false) notification to pid 8856 uid 10035
D/NvOsDebugPrintf(  204): SensorBayer_SetPowerLevel 1
I/art     (  459): Explicit concurrent mark sweep GC freed 126729(6MB) AllocSpace objects, 82(2MB) LOS objects, 33% free, 27MB/41MB, paused 3.860ms total 128.643ms
I/Camera2ClientBase(  204): Closed Camera 1. Client was: com.android.chrome (PID 8856, UID 10035)
W/SessionLifecycleManager( 8196): Handover failed. Creating new session controller.
D/AndroidRuntime( 9533): >>>>>> START com.android.internal.os.RuntimeInit uid 2000 <<<<<<
D/BluetoothAdapter( 8196): 377043596: getState() :  mService = null. Returning STATE_OFF
D/BluetoothAdapter( 8196): 377043596: getState() :  mService = null. Returning STATE_OFF
I/VoiceSearchSettings( 8196): Hotword upgrade key is null!
D/AndroidRuntime( 9533): CheckJNI is OFF
I/OptInState( 8196): There is a new client and it does not support opt-in. Dropping request.
W/LocationOracle( 8196): No location history returned by ContextManager
I/MicroDetectionWorker( 8196): #updateMicroDetector [detectionMode: [mDetectionMode: [1]]]
I/MicroDetectionWorker( 8196): #startMicroDetector [speakerMode: 0]
D/BluetoothAdapter( 8196): 377043596: getState() :  mService = null. Returning STATE_OFF
D/BluetoothAdapter( 8196): 377043596: getState() :  mService = null. Returning STATE_OFF
I/VoiceSearchSettings( 8196): Hotword upgrade key is null!
D/BluetoothAdapter( 8196): 377043596: getState() :  mService = null. Returning STATE_OFF
I/VoiceSearchSettings( 8196): Hotword upgrade key is null!
D/BluetoothAdapter( 8196): 377043596: getState() :  mService = null. Returning STATE_OFF
I/MicroDetectionWorker( 8196): onReady
I/MicroRecognitionRunner( 8196): Starting detection.
I/MicrophoneInputStream( 8196): mic_starting com.google.android.apps.gsa.speech.audio.af@2db530c8
I/SoundTriggerHwService::Module(  204): void android::SoundTriggerHwService::Module::onCallbackEvent(const android::sp<android::SoundTriggerHwService::CallbackEvent>&) mClient == 0
I/AudioFlinger(  204): AudioFlinger's thread 0xaadcc298 ready to run
I/MicrophoneInputStream( 8196): mic_started com.google.android.apps.gsa.speech.audio.af@2db530c8
W/ctxmgr  ( 1049): [AclManager]No 3 for (accnt=account#-517948760#, com.google.android.gms(10008):UserVelocityProducer, vrsn=12685011, 0, 3pPkg = null ,  3pMdlId = null ,  pid = 1049). Was: 3 for 1, account#-517948760#
W/System.err( 7946): android.content.pm.PackageManager$NameNotFoundException
W/System.err( 7946): 	at android.app.ApplicationPackageManager.getPackageInfo(ApplicationPackageManager.java:114)
W/System.err( 7946): 	at com.estrongs.android.pop.app.c.ai.c(Unknown Source)
W/System.err( 7946): 	at com.estrongs.android.pop.app.c.ai.a(Unknown Source)
W/System.err( 7946): 	at com.estrongs.android.pop.app.scene.e.q.a(Unknown Source)
W/System.err( 7946): 	at com.estrongs.android.scanner.c.m.run(Unknown Source)
W/System.err( 7946): 	at java.util.concurrent.ThreadPoolExecutor.runWorker(ThreadPoolExecutor.java:1112)
W/System.err( 7946): 	at java.util.concurrent.ThreadPoolExecutor$Worker.run(ThreadPoolExecutor.java:587)
W/System.err( 7946): 	at java.lang.Thread.run(Thread.java:818)
E/SQLiteLog( 1049): (2067) abort at 35 in [INSERT INTO context(context_name,end_time,context_family,module_id,version,sync_state_mod_time_millis,start_time,sync_state,context_id,time_type,proto_blob) VALUES (?,?,?,?,?,?,?,?,?,?,?)]: UNI
E/SQLiteLog( 1049): (2067) abort at 35 in [INSERT INTO context(context_name,end_time,context_family,module_id,version,sync_state_mod_time_millis,start_time,sync_state,context_id,time_type,proto_blob) VALUES (?,?,?,?,?,?,?,?,?,?,?)]: UNI
E/SQLiteLog( 1049): (2067) abort at 35 in [INSERT INTO context(context_name,end_time,context_family,module_id,version,sync_state_mod_time_millis,start_time,sync_state,context_id,time_type,proto_blob) VALUES (?,?,?,?,?,?,?,?,?,?,?)]: UNI
W/OpenGLRenderer(  960): Incorrectly called buildLayer on View: ShortcutAndWidgetContainer, destroying layer...
I/vgn     ( 1049): 67-RequestPlaceUpdates -- metadata{ service_id: 0 }
I/GeofencerStateMachine( 1049): removeGeofences: removeRequest=RemoveGeo