D/ConnectivityService(  459): releasing NetworkRequest NetworkRequest [ id=76, legacyType=-1, [ Capabilities: INTERNET&NOT_RESTRICTED&TRUSTED] ]
E/ConnectivityService(  459): RemoteException caught trying to send a callback msg for NetworkRequest [ id=76, legacyType=-1, [ Capabilities: INTERNET&NOT_RESTRICTED&TRUSTED] ]
W/WindowManager(  459): Failed looking up window
W/WindowManager(  459): java.lang.IllegalArgumentException: Requested window android.os.BinderProxy@3f70c120 does not exist
W/WindowManager(  459): 	at com.android.server.wm.WindowManagerService.windowForClientLocked(WindowManagerService.java:8539)
W/WindowManager(  459): 	at com.android.server.wm.WindowManagerService.windowForClientLocked(WindowManagerService.java:8530)
W/WindowManager(  459): 	at com.android.server.wm.WindowState$DeathRecipient.binderDied(WindowState.java:1142)
W/WindowManager(  459): 	at android.os.BinderProxy.sendDeathNotice(Binder.java:551)
I/WindowState(  459): WIN DEATH: null
W/ActivityManager(  459): Exception when unbinding service com.android.chrome/org.chromium.content.app.SandboxedProcessService1
W/ActivityManager(  459): android.os.DeadObjectException
W/ActivityManager(  459): 	at android.os.BinderProxy.transactNative(Native Method)
W/ActivityManager(  459): 	at android.os.BinderProxy.transact(Binder.java:496)
W/ActivityManager(  459): 	at android.app.ApplicationThreadProxy.scheduleUnbindService(ApplicationThreadNative.java:921)
W/ActivityManager(  459): 	at com.android.server.am.ActiveServices.removeConnectionLocked(ActiveServices.java:1795)
W/ActivityManager(  459): 	at com.android.server.am.ActiveServices.killServicesLocked(ActiveServices.java:2193)
W/ActivityManager(  459): 	at com.android.server.am.ActivityManagerService.cleanUpApplicationRecordLocked(ActivityManagerService.java:14895)
W/ActivityManager(  459): 	at com.android.server.am.ActivityManagerService.handleAppDiedLocked(ActivityManagerService.java:4552)
W/ActivityManager(  459): 	at com.android.server.am.ActivityManagerService.removeProcessLocked(ActivityManagerService.java:5789)
W/ActivityManager(  459): 	at com.android.server.am.ActivityManagerService.killPackageProcessesLocked(ActivityManagerService.java:5594)
W/ActivityManager(  459): 	at com.android.server.am.ActivityManagerService.forceStopPackageLocked(ActivityManagerService.java:5655)
W/ActivityManager(  459): 	at com.android.server.am.ActivityManagerService.forceStopPackageLocked(ActivityManagerService.java:5499)
W/ActivityManager(  459): 	at com.android.server.am.ActivityManagerService.forceStopPackage(ActivityManagerService.java:5309)
W/ActivityManager(  459): 	at android.app.ActivityManagerNative.onTransact(ActivityManagerNative.java:1461)
W/ActivityManager(  459): 	at com.android.server.am.ActivityManagerService.onTransact(ActivityManagerService.java:2208)
W/ActivityManager(  459): 	at android.os.Binder.execTransact(Binder.java:446)
W/ActivityManager(  459): Exception when unbinding service com.android.chrome/org.chromium.content.app.SandboxedProcessService0
W/ActivityManager(  459): android.os.DeadObjectException
W/ActivityManager(  459): 	at android.os.BinderProxy.transactNative(Native Method)
W/ActivityManager(  459): 	at android.os.BinderProxy.transact(Binder.java:496)
W/ActivityManager(  459): 	at android.app.ApplicationThreadProxy.scheduleUnbindService(ApplicationThreadNative.java:921)
W/ActivityManager(  459): 	at com.android.server.am.ActiveServices.removeConnectionLocked(ActiveServices.java:1795)
W/ActivityManager(  459): 	at com.android.server.am.ActiveServices.killServicesLocked(ActiveServices.java:2193)
W/ActivityManager(  459): 	at com.android.server.am.ActivityManagerService.cleanUpApplicationRecordLocked(ActivityManagerService.java:14895)
W/ActivityManager(  459): 	at com.android.server.am.ActivityManagerService.handleAppDiedLocked(ActivityManagerService.java:4552)
W/ActivityManager(  459): 	at com.android.server.am.ActivityManagerService.removeProcessLocked(ActivityManagerService.java:5789)
W/ActivityManager(  459): 	at com.android.server.am.ActivityManagerService.killPackageProcessesLocked(ActivityManagerService.java:5594)
W/ActivityManager(  459): 	at com.android.server.am.ActivityManagerService.forceStopPackageLocked(ActivityManagerService.java:5655)
W/ActivityManager(  459): 	at com.android.server.am.ActivityManagerService.forceStopPackageLocked(ActivityManagerService.java:5499)
W/ActivityManager(  459): 	at com.android.server.am.ActivityManagerService.forceStopPackage(ActivityManagerService.java:5309)
W/ActivityManager(  459): 	at android.app.ActivityManagerNative.onTransact(ActivityManagerNative.java:1461)
W/ActivityManager(  459): 	at com.android.server.am.ActivityManagerService.onTransact(ActivityManagerService.java:2208)
W/ActivityManager(  459): 	at android.os.Binder.execTransact(Binder.java:446)
I/ActivityManager(  459): Killing 3520:com.android.chrome:sandboxed_process1/u0a35i50 (adj 10): isolated not needed
W/libprocessgroup(  459): failed to open /acct/uid_10035/pid_3520/cgroup.procs: No such file or directory
W/ActivityManager(  459): Scheduling restart of crashed service com.android.chrome/org.chromium.chrome.browser.media.MediaCaptureNotificationService in 1000ms
W/ActivityManager(  459): Force removing ActivityRecord{1e1c973e u0 com.android.chrome/org.chromium.chrome.browser.ChromeTabbedActivity t4589}: app died, no saved state
I/ActivityManager(  459): Killing 3278:com.android.chrome:sandboxed_process0/u0a35i49 (adj 9): isolated not needed
W/libprocessgroup(  459): failed to open /acct/uid_10035/pid_3278/cgroup.procs: No such file or directory
I/ActivityManager(  459):   Force stopping service ServiceRecord{110a76f6 u0 com.android.chrome/org.chromium.chrome.browser.media.MediaCaptureNotificationService}
W/ActivityManager(  459): Spurious death for ProcessRecord{3f9dfe2b 3322:com.android.chrome:privileged_process0/u0a35}, curProc for 3322: null
W/ActivityManager(  459): Unbind failed: could not find connection for android.os.BinderProxy@2bd7bbe4
W/ActivityManager(  459): Spurious death for ProcessRecord{335ceac6 3251:com.android.chrome/u0a35}, curProc for 3251: null
W/InputMethodManagerService(  459): Got RemoteException sending setActive(false) notification to pid 3251 uid 10035
I/ActivityManager(  459): Force stopping com.android.chrome appid=10035 user=0: clear data
D/TaskPersister(  459): removeObsoleteFile: deleting file=4589_task.xml
D/TaskPersister(  459): removeObsoleteFile: deleting file=4589_task_thumbnail.png
I/ActivityManager(  459): Start proc 3916:com.android.chrome/u0a35 for content provider com.android.chrome/com.google.android.apps.chrome.icing.IcingProvider
W/ResourcesManager( 3916): Asset path '/system/framework/com.android.media.remotedisplay.jar' does not exist or contains no resources.
W/ResourcesManager( 3916): Asset path '/system/framework/com.android.location.provider.jar' does not exist or contains no resources.
W/FileUtils( 3200): Failed to chmod(/storage/emulated/0/trepn/Trepn_2018.06.17_153327.db): android.system.ErrnoException: chmod failed: EPERM (Operation not permitted)
I/ActivityManager(  459): Force stopping com.android.chrome appid=10035 user=0: from pid 4457
I/ActivityManager(  459): Killing 3916:com.android.chrome/u0a35 (adj 9): stop com.android.chrome
W/ActivityManager(  459): Spurious death for ProcessRecord{1cab0f99 3916:com.android.chrome/u0a35}, curProc for 3916: null
I/ActivityManager(  459): Force stopping com.android.chrome appid=10035 user=0: clear data
I/ActivityManager(  459): Start proc 4504:com.android.chrome/u0a35 for content provider com.android.chrome/com.google.android.apps.chrome.icing.IcingProvider
W/ResourcesManager( 4504): Asset path '/system/framework/com.android.media.remotedisplay.jar' does not exist or contains no resources.
W/ResourcesManager( 4504): Asset path '/system/framework/com.android.location.provider.jar' does not exist or contains no resources.
I/UsageStatsService(  459): User[0] Flushing usage stats to disk
D/WifiService(  459): acquireWifiLockLocked: WifiLock{NlpWifiLock type=2 binder=android.os.BinderProxy@8f55022}
D/WifiService(  459): releaseWifiLockLocked: WifiLock{NlpWifiLock type=2 binder=android.os.BinderProxy@8f55022}
I/ValidateNoPeople(  459): skipping global notification
W/BroadcastQueue(  459): Skipping deliver [background] BroadcastRecord{c4a99ce u-1 android.net.conn.CONNECTIVITY_CHANGE} to ReceiverList{39f470ef 5047 (unknown name)/2000/u-1 remote:ddaded0}: process crashing
I/ActivityManager(  459): START u0 {act=android.intent.action.MAIN cat=[android.intent.category.LAUNCHER] flg=0x10200000 cmp=com.quicinc.trepn/.userinterface.main.TrepnActivity} from uid 2000 on display 0
V/WindowManager(  459): addAppToken: AppWindowToken{87a84da token=Token{3a4c2e85 ActivityRecord{2f5717fc u0 com.quicinc.trepn/.userinterface.main.TrepnActivity t4591}}} to stack=1 task=4591 at 0
V/WindowManager(  459): Adding window Window{2146a93d u0 Starting com.quicinc.trepn} at 3 of 17 (after Window{26b8dd53 u0 com.google.android.googlequicksearchbox/com.google.android.launcher.GEL})
V/WindowManager(  459): Adding window Window{177b6efb u0 com.quicinc.trepn/com.quicinc.trepn.userinterface.main.TrepnActivity} at 3 of 18 (before Window{2146a93d u0 Starting com.quicinc.trepn})
D/TaskPersister(  459): removeObsoleteFile: deleting file=4587_task.xml
I/ActivityManager(  459): Force stopping com.quicinc.trepn appid=10091 user=0: from pid 5102
I/ActivityManager(  459): Killing 3200:com.quicinc.trepn/u0a91 (adj 0): stop com.quicinc.trepn
I/WindowState(  459): WIN DEATH: Window{177b6efb u0 com.quicinc.trepn/com.quicinc.trepn.userinterface.main.TrepnActivity}
W/ActivityManager(  459): Force removing ActivityRecord{2f5717fc u0 com.quicinc.trepn/.userinterface.main.TrepnActivity t4591}: app died, no saved state
W/ActivityManager(  459): Spurious death for ProcessRecord{14d4d532 3200:com.quicinc.trepn/u0a91}, curProc for 3200: null
W/InputMethodManagerService(  459): Got RemoteException sending setActive(false) notification to pid 3200 uid 10091
I/ActivityManager(  459): Start proc 5138:com.quicinc.trepn/u0a91 for service com.quicinc.trepn/.TrepnService
I/ActivityManager(  459): Force stopping com.android.chrome appid=10035 user=0: from pid 5172
I/ActivityManager(  459): Killing 4504:com.android.chrome/u0a35 (adj 9): stop com.android.chrome
W/ActivityManager(  459): Spurious death for ProcessRecord{31e5d887 4504:com.android.chrome/u0a35}, curProc for 4504: null
I/ActivityManager(  459): START u0 {act=android.intent.action.VIEW flg=0x10008000 cmp=com.android.chrome/com.google.android.apps.chrome.Main} from uid 2000 on display 0
V/WindowManager(  459): addAppToken: AppWindowToken{33746352 token=Token{22d11bdd ActivityRecord{64083b4 u0 com.android.chrome/com.google.android.apps.chrome.Main t4592}}} to stack=1 task=4592 at 0
I/ActivityManager(  459): Start proc 5185:com.android.chrome/u0a35 for activity com.android.chrome/com.google.android.apps.chrome.Main
W/ResourcesManager( 5185): Asset path '/system/framework/com.android.media.remotedisplay.jar' does not exist or contains no resources.
W/ResourcesManager( 5185): Asset path '/system/framework/com.android.location.provider.jar' does not exist or contains no resources.
I/ActivityManager(  459): START u0 {cmp=com.android.chrome/org.chromium.chrome.browser.firstrun.FirstRunActivity (has extras)} from uid 10035 on display 0
V/WindowManager(  459): addAppToken: AppWindowToken{2a29869b token=Token{1d6d0aaa ActivityRecord{3220e995 u0 com.android.chrome/org.chromium.chrome.browser.firstrun.FirstRunActivity t4593}}} to stack=1 task=4593 at 0
V/WindowManager(  459): Based on layer: Adding window Window{2d69af4e u0 com.android.chrome/org.chromium.chrome.browser.firstrun.FirstRunActivity} at 3 of 17
I/ActivityManager(  459): Start proc 5211:com.android.chrome:sandboxed_process0/u0i51 for service com.android.chrome/org.chromium.content.app.SandboxedProcessService0
I/ActivityManager(  459): Start proc 5253:com.android.chrome:privileged_process0/u0a35 for service com.android.chrome/org.chromium.content.app.PrivilegedProcessService0
D/ConnectivityService(  459): listenForNetwork for NetworkRequest [ id=77, legacyType=-1, [ Capabilities: INTERNET&NOT_RESTRICTED&TRUSTED] ]
D/ConnectivityService(  459): listenForNetwork for NetworkRequest [ id=78, legacyType=-1, [ Capabilities: INTERNET&NOT_RESTRICTED&TRUSTED] ]
I/ActivityManager(  459): START u0 {act=android.intent.action.VIEW flg=0x10808000 cmp=com.android.chrome/com.google.android.apps.chrome.Main (has extras)} from uid 10035 on display 0
V/WindowManager(  459): addAppToken: AppWindowToken{3d94c65b token=Token{c02716a ActivityRecord{3924b355 u0 com.android.chrome/com.google.android.apps.chrome.Main t4594}}} to stack=1 task=4594 at 0
D/ConnectivityService(  459): releasing NetworkRequest NetworkRequest [ id=78, legacyType=-1, [ Capabilities: INTERNET&NOT_RESTRICTED&TRUSTED] ]
D/ConnectivityService(  459): listenForNetwork for NetworkRequest [ id=79, legacyType=-1, [ Capabilities: INTERNET&NOT_RESTRICTED&TRUSTED] ]
I/ActivityManager(  459): START u0 {act=android.intent.action.VIEW flg=0x14002000 cmp=com.android.chrome/org.chromium.chrome.browser.ChromeTabbedActivity (has extras)} from uid 10035 on display 0
V/WindowManager(  459): addAppToken: AppWindowToken{27a3a5d3 token=Token{18bbc3c2 ActivityRecord{2e70f80d u0 com.android.chrome/org.chromium.chrome.browser.ChromeTabbedActivity t4595}}} to stack=1 task=4595 at 0
V/WindowManager(  459): Based on layer: Adding window Window{166f7628 u0 Starting com.android.chrome} at 4 of 18
V/WindowManager(  459): Adding window Window{3810a172 u0 com.android.chrome/org.chromium.chrome.browser.ChromeTabbedActivity} at 4 of 19 (before Window{166f7628 u0 Starting com.android.chrome})
V/WindowManager(  459): Adding window Window{114eecca u0 SurfaceView} at 4 of 20 (before Window{3810a172 u0 com.android.chrome/org.chromium.chrome.browser.ChromeTabbedActivity})
I/ActivityManager(  459): Start proc 5377:com.android.chrome:sandboxed_process1/u0i52 for service com.android.chrome/org.chromium.content.app.SandboxedProcessService1
I/ActivityManager(  459): Activity reported stop, but no longer stopping: ActivityRecord{3220e995 u0 com.android.chrome/org.chromium.chrome.browser.firstrun.FirstRunActivity t4593 f}
W/FileUtils( 5138): Failed to chmod(/storage/emulated/0/trepn/Trepn_2018.06.17_154038.db): android.system.ErrnoException: chmod failed: EPERM (Operation not permitted)
D/TaskPersister(  459): removeObsoleteFile: deleting file=4593_task_thumbnail.png
I/ActivityManager(  459): START u0 {act=android.intent.action.VIEW dat=localhost:8000 flg=0x10000000 cmp=com.android.chrome/com.google.android.apps.chrome.Main} from uid 2000 on display 0
V/WindowManager(  459): addAppToken: AppWindowToken{3a2a3bc7 token=Token{28cfe906 ActivityRecord{2abd17e1 u0 com.android.chrome/com.google.android.apps.chrome.Main t4596}}} to stack=1 task=4596 at 0
D/ConnectivityService(  459): releasing NetworkRequest NetworkRequest [ id=79, legacyType=-1, [ Capabilities: INTERNET&NOT_RESTRICTED&TRUSTED] ]
D/ConnectivityService(  459): listenForNetwork for NetworkRequest [ id=80, legacyType=-1, [ Capabilities: INTERNET&NOT_RESTRICTED&TRUSTED] ]
I/ActivityManager(  459): START u0 {act=android.intent.action.VIEW dat=localhost:8000 flg=0x14002000 cmp=com.android.chrome/org.chromium.chrome.browser.ChromeTabbedActivity (has extras)} from uid 10035 on display 0
W/InputMethodManagerService(  459): Window already focused, ignoring focus gain of: com.android.internal.view.IInputMethodClient$Stub$Proxy@1387e219 attribute=null, token = android.os.BinderProxy@69cfe7d
I/ActivityManager(  459): Start proc 5439:com.android.chrome:sandboxed_process2/u0i53 for service com.android.chrome/org.chromium.content.app.SandboxedProcessService2
W/libprocessgroup(  459): failed to open /acct/uid_10035/pid_5377/cgroup.procs: No such file or directory
I/ActivityManager(  459): Process com.android.chrome:sandboxed_process1 (pid 5377) has died
W/ActivityManager(  459): Scheduling restart of crashed service com.android.chrome/org.chromium.content.app.SandboxedProcessService1 in 1000ms
I/ActivityManager(  459): START u0 {act=android.intent.action.MAIN cat=[android.intent.category.LAUNCHER] flg=0x1000c000 cmp=com.android.settings/.Settings} from uid 1000 on display 0
W/InputMethodManagerService(  459): Window already focused, ignoring focus gain of: com.android.internal.view.IInputMethodClient$Stub$Proxy@1597a69f attribute=null, token = android.os.BinderProxy@69cfe7d
V/WindowManager(  459): addAppToken: AppWindowToken{253cba4a token=Token{17e913b5 ActivityRecord{245093ec u0 com.android.settings/.Settings t4597}}} to stack=1 task=4597 at 0
V/WindowManager(  459): Adding window Window{249e7933 u0 Starting com.android.settings} at 5 of 20 (after Window{3810a172 u0 com.android.chrome/org.chromium.chrome.browser.ChromeTabbedActivity})
I/ActivityManager(  459): START u0 {act=android.net.wifi.PICK_WIFI_NETWORK cmp=com.android.settings/.wifi.WifiPickerActivity} from uid 1000 on display 0
V/WindowManager(  459): addAppToken: AppWindowToken{19f84cee token=Token{60a7a69 ActivityRecord{10d954f0 u0 com.android.settings/.wifi.WifiPickerActivity t4597}}} to stack=1 task=4597 at 1
D/ConnectivityService(  459): releasing NetworkRequest NetworkRequest [ id=80, legacyType=-1, [ Capabilities: INTERNET&NOT_RESTRICTED&TRUSTED] ]
V/WindowManager(  459): Adding window Window{8be0da1 u0 Starting com.android.settings} at 6 of 21 (after Window{249e7933 u0 Starting com.android.settings})
I/ActivityManager(  459): Start proc 5475:com.android.settings/1000 for activity com.android.settings/.wifi.WifiPickerActivity
D/WifiService(  459): New client listening to asynchronous messages
V/WindowManager(  459): Adding window Window{2d228b8b u0 com.android.settings/com.android.settings.wifi.WifiPickerActivity} at 5 of 21 (before Window{8be0da1 u0 Starting com.android.settings})
E/WiFiServiceImpl (  459): CONNECT  nid=-1 uid=1000
D/WifiService(  459): Connect with config* ID: -1 SSID: "Coffeecompany Amstel" BSSID: null FQDN: null REALM: null PRIO: 0
D/WifiService(  459):  KeyMgmt: NONE Protocols:
D/WifiService(  459):  AuthAlgorithms:
D/WifiService(  459):  PairwiseCiphers:
D/WifiService(  459):  GroupCiphers:
D/WifiService(  459):  PSK: 
D/WifiService(  459): Enterprise config:
D/WifiService(  459): IP config:
D/WifiService(  459): IP assignment: UNASSIGNED
D/WifiService(  459): Proxy settings: UNASSIGNED
D/WifiService(  459):  uid=1000roamingFailureBlackListTimeMilli: 1000
D/WifiService(  459): triggeredLow: 0 triggeredBad: 0 triggeredNotHigh: 0
D/WifiService(  459): ticksLow: 0 ticksBad: 0 ticksNotHigh: 0
D/WifiService(  459): triggeredJoin: 0
D/WifiService(  459): autoJoinBailedDueToLowRssi: false
D/WifiService(  459): autoJoinUseAggressiveJoinAttemptThreshold: 0
D/ConnectivityService(  459): registerNetworkAgent NetworkAgentInfo{ ni{[type: WIFI[], state: CONNECTING/CONNECTING, reason: (unspecified), extra: "Coffeecompany Amstel", roaming: false, failover: false, isAvailable: true, isConnectedToProvisioningNetwork: false]}  network{null}  lp{{InterfaceName: wlan0 LinkAddresses: []  Routes: [] DnsAddresses: [] Domains: null MTU: 0 TcpBufferSizes: 524288,1048576,2097152,262144,524288,1048576}}  nc{[ Transports: WIFI Capabilities: INTERNET&NOT_RESTRICTED&TRUSTED&NOT_VPN LinkUpBandwidth>=1048576Kbps LinkDnBandwidth>=1048576Kbps]}  Score{20}  everValidated{false}  lastValidated{false}  created{false}  explicitlySelected{false} }
D/ConnectivityService(  459): NetworkAgentInfo [WIFI () - 103] EVENT_NETWORK_INFO_CHANGED, going from null to CONNECTING
D/ConnectivityService(  459): updateNetworkScore for NetworkAgentInfo [WIFI () - 103] to 60
D/ConnectivityService(  459): NetworkAgentInfo [WIFI () - 103] EVENT_NETWORK_INFO_CHANGED, going from CONNECTING to CONNECTED
D/ConnectivityService(  459): Adding iface wlan0 to network 103
E/ConnectivityService(  459): Unexpected mtu value: 0, wlan0
D/ConnectivityService(  459): Adding Route [fe80::/64 -> :: wlan0] to network 103
D/ConnectivityService(  459): Adding Route [10.19.0.0/24 -> 0.0.0.0 wlan0] to network 103
D/ConnectivityService(  459): Adding Route [0.0.0.0/0 -> 10.19.0.1 wlan0] to network 103
D/ConnectivityService(  459): Setting Dns servers for network 103 to [/10.19.0.1]
D/ConnectivityService(  459): notifyType IP_CHANGED for NetworkAgentInfo [WIFI () - 103]
D/ConnectivityService(  459): notifyType PRECHECK for NetworkAgentInfo [WIFI () - 103]
D/ConnectivityService(  459): rematching NetworkAgentInfo [WIFI () - 103]
D/ConnectivityService(  459):    accepting network in place of null
D/ConnectivityService(  459): Switching to new default network: NetworkAgentInfo{ ni{[type: WIFI[], state: CONNECTED/CONNECTED, reason: (unspecified), extra: "Coffeecompany Amstel", roaming: false, failover: false, isAvailable: true, isConnectedToProvisioningNetwork: false]}  network{103}  lp{{InterfaceName: wlan0 LinkAddresses: [fe80::522e:5cff:fee5:38b1/64,10.19.0.144/24,]  Routes: [fe80::/64 -> :: wlan0,10.19.0.0/24 -> 0.0.0.0 wlan0,0.0.0.0/0 -> 10.19.0.1 wlan0,] DnsAddresses: [10.19.0.1,] Domains: coffeecompany.local MTU: 0 TcpBufferSizes: 524288,1048576,2097152,262144,524288,1048576}}  nc{[ Transports: WIFI Capabilities: INTERNET&NOT_RESTRICTED&TRUSTED&NOT_VPN LinkUpBandwidth>=1048576Kbps LinkDnBandwidth>=1048576Kbps]}  Score{100}  everValidated{false}  lastValidated{false}  created{true}  explicitlySelected{true} }
D/ConnectivityService(  459): notifyType AVAILABLE for NetworkAgentInfo [WIFI () - 103]
D/CSLegacyTypeTracker(  459): Sending connected broadcast for type 1 NetworkAgentInfo [WIFI () - 103] isDefaultNetwork=true
D/ConnectivityService(  459): sendStickyBroadcast: action=android.net.conn.CONNECTIVITY_CHANGE_IMMEDIATE
D/ConnectivityService(  459): sendStickyBroadcast: action=android.net.conn.CONNECTIVITY_CHANGE
D/ConnectivityService(  459): setProvNotificationVisibleIntent: E visible=true networkType=1 extraInfo="Coffeecompany Amstel"
I/ActivityManager(  459): Start proc 5573:com.google.android.gms.unstable/u0a8 for service com.google.android.gms/.droidguard.DroidGuardService
W/ResourcesManager( 5573): Asset path '/system/framework/com.android.media.remotedisplay.jar' does not exist or contains no resources.
W/ResourcesManager( 5573): Asset path '/system/framework/com.android.location.provider.jar' does not exist or contains no resources.
I/ActivityManager(  459): Start proc 5640:com.google.android.videos/u0a77 for service com.google.android.videos/.service.drm.RefreshLicenseTaskService
W/ResourcesManager( 5640): Asset path '/system/framework/com.google.widevine.software.drm.jar' does not exist or contains no resources.
I/ActivityManager(  459): Start proc 5661:com.google.android.ears/u0a48 for service com.google.android.ears/.heard.EarsSyncAdapterService
I/ActivityManager(  459): Start proc 5706:com.google.android.keep/u0a72 for service com.google.android.keep/.syncadapter.KeepSyncAdapterService
D/WifiService(  459): acquireWifiLockLocked: WifiLock{com.google.android.videos.service.drm.LicenseRefresher_tasks type=3 binder=android.os.BinderProxy@5661919}
D/WifiService(  459): releaseWifiLockLocked: WifiLock{com.google.android.videos.service.drm.LicenseRefresher_tasks type=3 binder=android.os.BinderProxy@5661919}
W/AppOps  (  459): Bad call: specified package com.google.android.gms under uid 10072 but it is really 10008
I/ActivityManager(  459): Start proc 5779:com.google.android.gm/u0a71 for service com.google.android.gm/.provider.MailSyncAdapterService
D/ActivityThread( 5779): Loading provider com.google.android.gmail.provider;com.android.mail.notifier;com.google.android.gm.email.provider;com.google.android.gm.tasks.provider;com.google.android.gm.email.notifier: com.android.email.provider.EmailProvider
W/ActivityManager(  459): Unable to start service Intent { cmp=com.google.android.gm/com.android.email.service.AttachmentService } U=0: not found
W/ActivityManager(  459): Unable to start service Intent { cmp=com.google.android.gm.exchange/com.android.exchange.service.EasService } U=0: not found
I/ActivityManager(  459): Start proc 5830:com.android.vending:instant_app_installer/u0a18 for service com.android.vending/com.google.android.finsky.instantapps.statussync.StatusSyncService
W/PackageManager(  459): Package named 'org.videolan.vlc' doesn't exist.
W/ResourcesManager( 5779): Asset path '/system/framework/com.android.media.remotedisplay.jar' does not exist or contains no resources.
W/ResourcesManager( 5779): Asset path '/system/framework/com.android.location.provider.jar' does not exist or contains no resources.
W/PackageManager(  459): Package named 'com.google.android.apps.travel.onthego' doesn't exist.
I/ActivityManager(  459): Start proc 5917:com.google.android.gms.ui/u0a8 for service com.google.android.gms/.chimera.UiIntentOperationService
W/ResourcesManager( 5917): Asset path '/system/framework/com.android.media.remotedisplay.jar' does not exist or contains no resources.
W/ResourcesManager( 5917): Asset path '/system/framework/com.android.location.provider.jar' does not exist or contains no resources.
W/AppOps  (  459): Bad call: specified package com.google.android.gms under uid 10072 but it is really 10008
W/PackageManager(  459): Package named 'com.stainlessgames.carmageddon' doesn't exist.
--------- beginning of main
I/orc     ( 1049): 51-CommitToConfigurationOperationCall -- metadata{ service_id: 0 }
E/Auth    ( 1049): [GoogleAccountDataServiceImpl] getToken() -> NETWORK_ERROR. Account: <ELLIDED:-421322798>, App: com.google.android.gm, Service: oauth2:https://www.googleapis.com/auth/gmail.full_access
E/Auth    ( 1049): gai: Error when calling server.
E/Auth    ( 1049): 	at gaj.b(:com.google.android.gms@12685011@12.6.85 (020406-197041431):157)
E/Auth    ( 1049): 	at gaj.a(:com.google.android.gms@12685011@12.6.85 (020406-197041431):50)
E/Auth    ( 1049): 	at fyt.a(:com.google.android.gms@12685011@12.6.85 (020406-197041431):38)
E/Auth    ( 1049): 	at hpk.a(:com.google.android.gms@12685011@12.6.85 (020406-197041431):8)
E/Auth    ( 1049): 	at hpk.a(:com.google.android.gms@12685011@12.6.85 (020406-197041431):189)
E/Auth    ( 1049): 	at hok.a(:com.google.android.gms@12685011@12.6.85 (020406-197041431):2)
E/Auth    ( 1049): 	at hoh.a(:com.google.android.gms@12685011@12.6.85 (020406-197041431):17)
E/Auth    ( 1049): 	at hoh.a(:com.google.android.gms@12685011@12.6.85 (020406-197041431):6)
E/Auth    ( 1049): 	at cyz.a(:com.google.android.gms@12685011@12.6.85 (020406-197041431):25)
E/Auth    ( 1049): 	at cyz.a(:com.google.android.gms@12685011@12.6.85 (020406-197041431):82)
E/Auth    ( 1049): 	at fvp.a(:com.google.android.gms@12685011@12.6.85 (020406-197041431):6)
E/Auth    ( 1049): 	at fvo.a(:com.google.android.gms@12685011@12.6.85 (020406-197041431):2)
E/Auth    ( 1049): 	at fvo.e(:com.google.android.gms@12685011@12.6.85 (020406-197041431):6)
E/Auth    ( 1049): 	at fvn.a(:com.google.android.gms@12685011@12.6.85 (020406-197041431):1)
E/Auth    ( 1049): 	at fxk.getAuthToken(:com.google.android.gms@12685011@12.6.85 (020406-197041431):7)
E/Auth    ( 1049): 	at android.accounts.AbstractAccountAuthenticator$Transport.getAuthToken(AbstractAccountAuthenticator.java:196)
E/Auth    ( 1049): 	at android.accounts.IAccountAuthenticator$Stub.onTransact(IAccountAuthenticator.java:113)
E/Auth    ( 1049): 	at android.os.Binder.transact(Binder.java:380)
E/Auth    ( 1049): 	at dbf.onTransact(:com.google.android.gms@12685011@12.6.85 (020406-197041431):3)
E/Auth    ( 1049): 	at android.os.Binder.execTransact(Binder.java:446)
E/Auth    ( 1049): Caused by: javax.net.ssl.SSLHandshakeException: java.security.cert.CertPathValidatorException: Trust anchor for certification path not found.
E/Auth    ( 1049): 	at com.google.android.gms.org.conscrypt.ConscryptFileDescriptorSocket.startHandshake(:com.google.android.gms@12685011@12.6.85 (020406-197041431):22)
E/Auth    ( 1049): 	at com.google.android.gms.common.net.SSLCertificateSocketFactory.verifyHostname(:com.google.android.gms@12685011@12.6.85 (020406-197041431):2)
E/Auth    ( 1049): 	at com.google.android.gms.common.net.SSLCertificateSocketFactory.createSocket(:com.google.android.gms@12685011@12.6.85 (020406-197041431):8)
E/Auth    ( 1049): 	at com.android.okhttp.Connection.upgradeToTls(Connection.java:175)
E/Auth    ( 1049): 	at com.android.okhttp.Connection.connect(Connection.java:155)
E/Auth    ( 1049): 	at com.android.okhttp.internal.http.HttpEngine.connect(HttpEngine.java:276)
E/Auth    ( 1049): 	at com.android.okhttp.internal.http.HttpEngine.sendRequest(HttpEngine.java:211)
E/Auth    ( 1049): 	at com.android.okhttp.internal.http.HttpURLConnectionImpl.execute(HttpURLConnectionImpl.java:382)
E/Auth    ( 1049): 	at com.android.okhttp.internal.http.HttpURLConnectionImpl.connect(HttpURLConnectionImpl.java:106)
E/Auth    ( 1049): 	at com.android.okhttp.internal.http.HttpURLConnectionImpl.getOutputStream(HttpURLConnectionImpl.java:217)
E/Auth    ( 1049): 	at com.android.okhttp.internal.http.DelegatingHttpsURLConnection.getOutputStream(DelegatingHttpsURLConnection.java:218)
E/Auth    ( 1049): 	at com.android.okhttp.internal.http.HttpsURLConnectionImpl.getOutputStream(HttpsURLConnectionImpl.java:25)
E/Auth    ( 1049): 	at wvs.a(:com.google.android.gms@12685011@12.6.85 (020406-197041431):60)
E/Auth    ( 1049): 	at hxj.a(:com.google.android.gms@12685011@12.6.85 (020406-197041431))
E/Auth    ( 1049): 	at fzu.a(:com.google.android.gms@12685011@12.6.85 (020406-197041431):6)
E/Auth    ( 1049): 	at fzu.a(:com.google.android.gms@12685011@12.6.85 (020406-197041431):2)
E/Auth    ( 1049): 	at gaj.b(:com.google.android.gms@12685011@12.6.85 (020406-197041431):154)
E/Auth    ( 1049): 	... 19 more
E/Auth    ( 1049): Caused by: java.security.cert.CertificateException: java.security.cert.CertPathValidatorException: Trust anchor for certification path not found.
E/Auth    ( 1049): 	at com.android.org.conscrypt.TrustManagerImpl.checkTrusted(TrustManagerImpl.java:318)
E/Auth    ( 1049): 	at com.android.org.conscrypt.TrustManagerImpl.checkServerTrusted(TrustManagerImpl.java:219)
E/Auth    ( 1049): 	at java.lang.reflect.Method.invoke(Native Method)
E/Auth    ( 1049): 	at java.lang.reflect.Method.invoke(Method.java:372)
E/Auth    ( 1049): 	at com.google.android.gms.org.conscrypt.Platform.checkTrusted(:com.google.android.gms@12685011@12.6.85 (020406-197041431):2)
E/Auth    ( 1049): 	at com.google.a
W/Auth    ( 1049): [GetToken] GetToken failed with status code: NetworkError
W/GLSActivity( 1049): java.io.IOException: NetworkError
W/GLSActivity( 1049): 	at fvp.a(:com.google.android.gms@12685011@12.6.85 (020406-197041431):13)
W/GLSActivity( 1049): 	at fvo.a(:com.google.android.gms@12685011@12.6.85 (020406-197041431):2)
W/GLSActivity( 1049): 	at fvo.e(:com.google.android.gms@12685011@12.6.85 (020406-197041431):6)
W/GLSActivity( 1049): 	at fvn.a(:com.google.android.gms@12685011@12.6.85 (020406-197041431):1)
W/GLSActivity( 1049): 	at fxk.getAuthToken(:com.google.android.gms@12685011@12.6.85 (020406-197041431):7)
W/GLSActivity( 1049): 	at android.accounts.AbstractAccountAuthenticator$Transport.getAuthToken(AbstractAccountAuthenticator.java:196)
W/GLSActivity( 1049): 	at android.accounts.IAccountAuthenticator$Stub.onTransact(IAccountAuthenticator.java:113)
W/GLSActivity( 1049): 	at android.os.Binder.transact(Binder.java:380)
W/GLSActivity( 1049): 	at dbf.onTransact(:com.google.android.gms@12685011@12.6.85 (020406-197041431):3)
W/GLSActivity( 1049): 	at android.os.Binder.execTransact(Binder.java:446)
I/orc     ( 1049): 51-GetConfigurationSnapshotOperationCall -- metadata{ service_id: 0 }
W/ModuleInitIntentOp( 1010): Dropping unexpected action com.google.android.gms.phenotype.COMMITTED
I/TelephonySpam( 1010): SettingsChangedIntentOp - SettingsChangedIntentOperation.run: Got intent Intent { act=com.google.android.gms.phenotype.COMMITTED flg=0x10 pkg=com.google.android.gms cmp=com.google.android.gms/.chimera.GmsIntentOperationService (has extras) }
I/TelephonySpam( 1010): SettingsChangedIntentOp - SettingsChangedIntentOperation.run Intent extra com.google.android.gms.phenotype.PACKAGE_NAME: com.google.android.gms.devicedoctor
I/TelephonySpam( 1010): SettingsChangedIntentOp - Action: com.google.android.gms.phenotype.COMMITTED
I/TelephonySpam( 1010): SettingsChangedIntentOp - EXTRA_PACKAGE_NAME: com.google.android.gms.devicedoctor
I/PTCommittedOperation( 1049): Receive new configuration for com.google.android.gms.devicedoctor
I/PTCommittedOperation( 1049): Running Fixer Framework for com.google.android.gms.devicedoctor
I/orc     ( 1049): 51-CommitToConfigurationOperationCall -- metadata{ service_id: 0 }
E/Gmail   ( 5779): Exception during sync
E/Gmail   ( 5779): java.io.IOException: NetworkError
E/Gmail   ( 5779): 	at android.accounts.AccountManager.convertErrorToException(AccountManager.java:2009)
E/Gmail   ( 5779): 	at android.accounts.AccountManager.access$400(AccountManager.java:144)
E/Gmail   ( 5779): 	at android.accounts.AccountManager$AmsTask$Response.onError(AccountManager.java:1867)
E/Gmail   ( 5779): 	at android.accounts.IAccountManagerResponse$Stub.onTransact(IAccountManagerResponse.java:69)
E/Gmail   ( 5779): 	at android.os.Binder.execTransact(Binder.java:446)
I/orc     ( 1049): 51-GetConfigurationSnapshotOperationCall -- metadata{ service_id: 0 }
W/ModuleInitIntentOp( 1010): Dropping unexpected action com.google.android.gms.phenotype.COMMITTED
I/TelephonySpam( 1010): SettingsChangedIntentOp - SettingsChangedIntentOperation.run: Got intent Intent { act=com.google.android.gms.phenotype.COMMITTED flg=0x10 pkg=com.google.android.gms cmp=com.google.android.gms/.chimera.GmsIntentOperationService (has extras) }
I/TelephonySpam( 1010): SettingsChangedIntentOp - SettingsChangedIntentOperation.run Intent extra com.google.android.gms.phenotype.PACKAGE_NAME: com.google.android.gms.trustlet_onbody
I/TelephonySpam( 1010): SettingsChangedIntentOp - Action: com.google.android.gms.phenotype.COMMITTED
I/TelephonySpam( 1010): SettingsChangedIntentOp - EXTRA_PACKAGE_NAME: com.google.android.gms.trustlet_onbody
I/PTCommittedOperation( 1049): Receive new configuration for com.google.android.gms.trustlet_onbody
I/orc     ( 1049): 51-CommitToConfigurationOperationCall -- metadata{ service_id: 0 }
I/orc     ( 1049): 51-GetConfigurationSnapshotOperationCall -- metadata{ service_id: 0 }
W/ModuleInitIntentOp( 1010): Dropping unexpected action com.google.android.gms.phenotype.COMMITTED
I/PTCommittedOperation( 1049): Receive new configuration for com.google.android.gms.languageprofile
I/TelephonySpam( 1010): SettingsChangedIntentOp - SettingsChangedIntentOperation.run: Got intent Intent { act=com.google.android.gms.phenotype.COMMITTED flg=0x10 pkg=com.google.android.gms cmp=com.google.android.gms/.chimera.GmsIntentOperationService (has extras) }
I/TelephonySpam( 1010): SettingsChangedIntentOp - SettingsChangedIntentOperation.run Intent extra com.google.android.gms.phenotype.PACKAGE_NAME: com.google.android.gms.languageprofile
I/TelephonySpam( 1010): SettingsChangedIntentOp - Action: com.google.android.gms.phenotype.COMMITTED
I/TelephonySpam( 1010): SettingsChangedIntentOp - EXTRA_PACKAGE_NAME: com.google.android.gms.languageprofile
I/orc     ( 1049): 51-CommitToConfigurationOperationCall -- metadata{ service_id: 0 }
I/orc     ( 1049): 50-LightweightReportNetworkQuality -- metadata{ service_id: 0 }
I/orc     ( 1049): 51-GetConfigurationSnapshotOperationCall -- metadata{ service_id: 0 }
W/ModuleInitIntentOp( 1010): Dropping unexpected action com.google.android.gms.phenotype.COMMITTED
I/TelephonySpam( 1010): SettingsChangedIntentOp - SettingsChangedIntentOperation.run: Got intent Intent { act=com.google.android.gms.phenotype.COMMITTED flg=0x10 pkg=com.google.android.gms cmp=com.google.android.gms/.chimera.GmsIntentOperationService (has extras) }
I/TelephonySpam( 1010): SettingsChangedIntentOp - SettingsChangedIntentOperation.run Intent extra com.google.android.gms.phenotype.PACKAGE_NAME: com.google.android.gms.mobile_data_plan
I/TelephonySpam( 1010): SettingsChangedIntentOp - Action: com.google.android.gms.phenotype.COMMITTED
I/TelephonySpam( 1010): SettingsChangedIntentOp - EXTRA_PACKAGE_NAME: com.google.android.gms.mobile_data_plan
I/PTCommittedOperation( 1049): Receive new configuration for com.google.android.gms.mobile_data_plan
I/orc     ( 1049): 51-CommitToConfigurationOperationCall -- metadata{ service_id: 0 }
I/orc     ( 1049): 51-GetConfigurationSnapshotOperationCall -- metadata{ service_id: 0 }
W/ModuleInitIntentOp( 1010): Dropping unexpected action com.google.android.gms.phenotype.COMMITTED
I/PTCommittedOperation( 1049): Receive new configuration for alt.com.google.android.gms.devicedoctor
I/TelephonySpam( 1010): SettingsChangedIntentOp - SettingsChangedIntentOperation.run: Got intent Intent { act=com.google.android.gms.phenotype.COMMITTED flg=0x10 pkg=com.google.android.gms cmp=com.google.android.gms/.chimera.GmsIntentOperationService (has extras) }
I/TelephonySpam( 1010): SettingsChangedIntentOp - SettingsChangedIntentOperation.run Intent extra com.google.android.gms.phenotype.PACKAGE_NAME: alt.com.google.android.gms.devicedoctor
I/TelephonySpam( 1010): SettingsChangedIntentOp - Action: com.google.android.gms.phenotype.COMMITTED
I/TelephonySpam( 1010): SettingsChangedIntentOp - EXTRA_PACKAGE_NAME: alt.com.google.android.gms.devicedoctor
W/Gmail   ( 5779): Sync complete for account: 1813920180
I/orc     ( 1049): 51-CommitToConfigurationOperationCall -- metadata{ service_id: 0 }
D/SyncManager(  459): failed sync operation greenlab.vu@gmail.com u0 (com.google), gmail-ls, PERIODIC, currentRunTime 7844730, reason: Periodic, SyncResult: stats [ numIoExceptions: 1]
I/orc     ( 1049): 51-GetConfigurationSnapshotOperationCall -- metadata{ service_id: 0 }
W/ModuleInitIntentOp( 1010): Dropping unexpected action com.google.android.gms.phenotype.COMMITTED
I/TelephonySpam( 1010): SettingsChangedIntentOp - SettingsChangedIntentOperation.run: Got intent Intent { act=com.google.android.gms.phenotype.COMMITTED flg=0x10 pkg=com.google.android.gms cmp=com.google.android.gms/.chimera.GmsIntentOperationService (has extras) }
I/TelephonySpam( 1010): SettingsChangedIntentOp - SettingsChangedIntentOperation.run Intent extra com.google.android.gms.phenotype.PACKAGE_NAME: com.google.android.gms.telephonyspam
I/TelephonySpam( 1010): SettingsChangedIntentOp - Action: com.google.android.gms.phenotype.COMMITTED
I/TelephonySpam( 1010): SettingsChangedIntentOp - EXTRA_PACKAGE_NAME: com.google.android.gms.telephonyspam
I/TelephonySpam( 1010): SettingsChangedIntentOp - telephonyspam phenotype flag changed
I/TelephonySpam( 1010): SpamListSync - schedulePeriodicTask
I/orc     ( 1049): 51-CommitToConfigurationOperationCall -- metadata{ service_id: 0 }
I/PTCommittedOperation( 1049): Receive new configuration for com.google.android.gms.telephonyspam
I/orc     ( 1049): 51-GetConfigurationSnapshotOperationCall -- metadata{ service_id: 0 }
I/PTCommittedOperation( 1049): Receive new configuration for com.google.android.gms.reachability
W/ModuleInitIntentOp( 1010): Dropping unexpected action com.google.android.gms.phenotype.COMMITTED
I/TelephonySpam( 1010): SettingsChangedIntentOp - SettingsChangedIntentOperation.run: Got intent Intent { act=com.google.android.gms.phenotype.COMMITTED flg=0x10 pkg=com.google.android.gms cmp=com.google.android.gms/.chimera.GmsIntentOperationService (has extras) }
I/TelephonySpam( 1010): SettingsChangedIntentOp - SettingsChangedIntentOperation.run Intent extra com.google.android.gms.phenotype.PACKAGE_NAME: com.google.android.gms.reachability
I/TelephonySpam( 1010): SettingsChangedIntentOp - Action: com.google.android.gms.phenotype.COMMITTED
I/TelephonySpam( 1010): SettingsChangedIntentOp - EXTRA_PACKAGE_NAME: com.google.android.gms.reachability
I/orc     ( 1049): 51-CommitToConfigurationOperationCall -- metadata{ service_id: 0 }
I/orc     ( 1049): 51-GetConfigurationSnapshotOperationCall -- metadata{ service_id: 0 }
W/ModuleInitIntentOp( 1010): Dropping unexpected action com.google.android.gms.phenotype.COMMITTED
I/TelephonySpam( 1010): SettingsChangedIntentOp - SettingsChangedIntentOperation.run: Got intent Intent { act=com.google.android.gms.phenotype.COMMITTED flg=0x10 pkg=com.google.android.gms cmp=com.google.android.gms/.chimera.GmsIntentOperationService (has extras) }
I/TelephonySpam( 1010): SettingsChangedIntentOp - SettingsChangedIntentOperation.run Intent extra com.google.android.gms.phenotype.PACKAGE_NAME: com.google.android.gms.audit
I/TelephonySpam( 1010): SettingsChangedIntentOp - Action: com.google.android.gms.phenotype.COMMITTED
I/TelephonySpam( 1010): SettingsChangedIntentOp - EXTRA_PACKAGE_NAME: com.google.android.gms.audit
I/PTCommittedOperation( 1049): Receive new configuration for com.google.android.gms.audit
I/orc     ( 1049): 51-CommitToConfigurationOperationCall -- metadata{ service_id: 0 }
W/Conscrypt( 1010): Could not set socket write timeout: java.lang.reflect.InvocationTargetException
W/Conscrypt( 1010): 	at java.lang.reflect.Method.invoke(Native Method)
W/Conscrypt( 1010): 	at java.lang.reflect.Method.invoke(Method.java:372)
W/Conscrypt( 1010): Caused by: android.system.ErrnoException: setsockopt failed: EBADF (Bad file number)
W/Conscrypt( 1010): 	at libcore.io.Posix.setsockoptTimeval(Native Method)
W/Conscrypt( 1010): 	at libcore.io.ForwardingOs.setsockoptTimeval(ForwardingOs.java:147)
I/orc     ( 1049): 51-GetConfigurationSnapshotOperationCall -- metadata{ service_id: 0 }
W/ModuleInitIntentOp( 1010): Dropping unexpected action com.google.android.gms.phenotype.COMMITTED
I/TelephonySpam( 1010): SettingsChangedIntentOp - SettingsChangedIntentOperation.run: Got intent Intent { act=com.google.android.gms.phenotype.COMMITTED flg=0x10 pkg=com.google.android.gms cmp=com.google.android.gms/.chimera.GmsIntentOperationService (has extras) }
I/TelephonySpam( 1010): SettingsChangedIntentOp - SettingsChangedIntentOperation.run Intent extra com.google.android.gms.phenotype.PACKAGE_NAME: com.google.android.gms.fonts
I/TelephonySpam( 1010): SettingsChangedIntentOp - Action: com.google.android.gms.phenotype.COMMITTED
I/TelephonySpam( 1010): SettingsChangedIntentOp - EXTRA_PACKAGE_NAME: com.google.android.gms.fonts
I/orc     ( 1049): 51-CommitToConfigurationOperationCall -- metadata{ service_id: 0 }
W/GDataClient( 1010): Unable to execute HTTP request.javax.net.ssl.SSLHandshakeException: java.security.cert.CertPathValidatorException: Trust anchor for certification path not found.
W/SubscribedFeeds( 1010): Soft failure: javax.net.ssl.SSLHandshakeException: java.security.cert.CertPathValidatorException: Trust anchor for certification path not found.
I/art     (  459): Explicit concurrent mark sweep GC freed 37620(1595KB) AllocSpace objects, 4(80KB) LOS objects, 33% free, 27MB/41MB, paused 1.365ms total 129.425ms
I/PTCommittedOperation( 1049): Receive new configuration for com.google.android.gms.fonts
D/SyncManager(  459): failed sync operation greenlab.vu@gmail.com u0 (com.google), subscribedfeeds, PERIODIC, currentRunTime 7874580, reason: Periodic, SyncResult: stats [ numIoExceptions: 1]
I/orc     ( 1049): 51-GetConfigurationSnapshotOperationCall -- metadata{ service_id: 0 }
W/ModuleInitIntentOp( 1010): Dropping unexpected action com.google.android.gms.phenotype.COMMITTED
I/TelephonySpam( 1010): SettingsChangedIntentOp - SettingsChangedIntentOperation.run: Got intent Intent { act=com.google.android.gms.phenotype.COMMITTED flg=0x10 pkg=com.google.android.gms cmp=com.google.android.gms/.chimera.GmsIntentOperationService (has extras) }
I/TelephonySpam( 1010): SettingsChangedIntentOp - SettingsChangedIntentOperation.run Intent extra com.google.android.gms.phenotype.PACKAGE_NAME: com.google.android.gms.icing
I/TelephonySpam( 1010): SettingsChangedIntentOp - Action: com.google.android.gms.phenotype.COMMITTED
I/TelephonySpam( 1010): SettingsChangedIntentOp - EXTRA_PACKAGE_NAME: com.google.android.gms.icing
I/PTCommittedOperation( 1049): Receive new configuration for com.google.android.gms.icing
I/orc     ( 1049): 51-CommitToConfigurationOperationCall -- metadata{ service_id: 0 }
I/ActivityManager(  459): Start proc 5961:com.google.android.music:main/u0a61 for service com.google.android.music/.sync.SyncAdapterService
I/orc     ( 1049): 51-GetConfigurationSnapshotOperationCall -- metadata{ service_id: 0 }
I/PTCommittedOperation( 1049): Receive new configuration for com.google.android.gms.droidguard
I/vgn     ( 1010): 152-CheckResetTriggerOperation -- metadata{ service_id: 0 }
I/orc     ( 1049): 51-GetCommittedConfigurationOperationCall -- metadata{ service_id: 0 }
W/Wifi    ( 3847): Failed to read packet and byte counts from wifi interface
I/orc     ( 1049): 51-CommitToConfigurationOperationCall -- metadata{ service_id: 0 }
I/MobileDataHub( 1010): Scheduling periodic tasks
W/MobileDataHub( 1010): [Service] appsupload-periodic periodic task disabled
W/ModuleInitIntentOp( 1010): Dropping unexpected action com.google.android.gms.phenotype.COMMITTED
I/TelephonySpam( 1010): SettingsChangedIntentOp - SettingsChangedIntentOperation.run: Got intent Intent { act=com.google.android.gms.phenotype.COMMITTED flg=0x10 pkg=com.google.android.gms cmp=com.google.android.gms/.chimera.GmsIntentOperationService (has extras) }
I/TelephonySpam( 1010): SettingsChangedIntentOp - SettingsChangedIntentOperation.run Intent extra com.google.android.gms.phenotype.PACKAGE_NAME: com.google.android.gms.droidguard
I/TelephonySpam( 1010): SettingsChangedIntentOp - Action: com.google.android.gms.phenotype.COMMITTED
I/TelephonySpam( 1010): SettingsChangedIntentOp - EXTRA_PACKAGE_NAME: com.google.android.gms.droidguard
I/orc     ( 1049): 51-GetConfigurationSnapshotOperationCall -- metadata{ service_id: 0 }
W/ModuleInitIntentOp( 1010): Dropping unexpected action com.google.android.gms.phenotype.COMMITTED
I/PTCommittedOperation( 1049): Receive new configuration for com.google.android.gms.auth.api.credentials
I/TelephonySpam( 1010): SettingsChangedIntentOp - SettingsChangedIntentOperation.run: Got intent Intent { act=com.google.android.gms.phenotype.COMMITTED flg=0x10 pkg=com.google.android.gms cmp=com.google.android.gms/.chimera.GmsIntentOperationService (has extras) }
I/TelephonySpam( 1010): SettingsChangedIntentOp - SettingsChangedIntentOperation.run Intent extra com.google.android.gms.phenotype.PACKAGE_NAME: com.google.android.gms.auth.api.credentials
I/TelephonySpam( 1010): SettingsChangedIntentOp - Action: com.google.android.gms.phenotype.COMMITTED
I/TelephonySpam( 1010): SettingsChangedIntentOp - EXTRA_PACKAGE_NAME: com.google.android.gms.auth.api.credentials
I/orc     ( 1049): 51-CommitToConfigurationOperationCall -- metadata{ service_id: 0 }
I/PTCommittedOperation( 1049): Receive new configuration for com.google.android.gms.smartdevice
W/ModuleInitIntentOp( 1010): Dropping unexpected action com.google.android.gms.phenotype.COMMITTED
I/TelephonySpam( 1010): SettingsChangedIntentOp - SettingsChangedIntentOperation.run: Got intent Intent { act=com.google.android.gms.phenotype.COMMITTED flg=0x10 pkg=com.google.android.gms cmp=com.google.android.gms/.chimera.GmsIntentOperationService (has extras) }
I/TelephonySpam( 1010): SettingsChangedIntentOp - SettingsChangedIntentOperation.run Intent extra com.google.android.gms.phenotype.PACKAGE_NAME: com.google.android.gms.smartdevice
I/TelephonySpam( 1010): SettingsChangedIntentOp - Action: com.google.android.gms.phenotype.COMMITTED
I/TelephonySpam( 1010): SettingsChangedIntentOp - EXTRA_PACKAGE_NAME: com.google.android.gms.smartdevice
I/MultiDex( 5961): VM with version 2.1.0 has multidex support
I/MultiDex( 5961): install
I/MultiDex( 5961): VM has multidex support, MultiDex support library is disabled.
D/MusicLifecycle( 5961): com.google.android.music.store.ConfigContentProvider generated event: Content provider created
D/MusicLifecycle( 5961): com.google.android.music.api.MusicPublicContentProvider generated event: Content provider created
D/MusicLifecycle( 5961): com.google.android.music.store.MusicContentProvider generated event: Content provider created
D/MusicLifecycle( 5961): com.google.android.music.ui.PhoneMusicApplication generated event: Application created
D/MusicLifecycle( 5961): com.google.android.music.store.ConfigContentProvider generated event: initializing
I/BaseStore( 5961): ConfigStore database version: 1
W/ResourcesManager( 5961): Asset path '/system/framework/com.android.media.remotedisplay.jar' does not exist or contains no resources.
W/ResourcesManager( 5961): Asset path '/system/framework/com.android.location.provider.jar' does not exist or contains no resources.
W/PackageManager(  459): Package named 'com.ulmon.android.citymaps2go' doesn't exist.
W/Finsky  (30665): [1] com.google.android.finsky.ef.b.a(3): Failed to get status for package 'com.ulmon.android.citymaps2go' (1601)
E/Finsky  (30665): [1] com.google.android.finsky.ef.b.a(18): Error getting stats
W/linker  ( 5961): /data/app/com.google.android.gms-1/lib/arm64/libgmscore.so: unused DT entry: type 0x6ffffffe arg 0x1228
W/linker  ( 5961): /data/app/com.google.android.gms-1/lib/arm64/libgmscore.so: unused DT entry: type 0x6fffffff arg 0x2
W/linker  ( 5961): /data/app/com.google.android.gms-1/lib/arm64/libconscrypt_gmscore_jni.so: unused DT entry: type 0xf arg 0x8a
W/linker  ( 5961): /data/app/com.google.android.gms-1/lib/arm64/libconscrypt_gmscore_jni.so: unused DT entry: type 0x6ffffffe arg 0x468
W/linker  ( 5961): /data/app/com.google.android.gms-1/lib/arm64/libconscrypt_gmscore_jni.so: unused DT entry: type 0x6fffffff arg 0x1
V/NativeCrypto( 5961): Registering com/google/android/gms/org/conscrypt/NativeCrypto's 280 native methods...
I/art     ( 5961): Rejecting re-init on previously-failed class java.lang.Class<com.google.android.gms.org.conscrypt.Java7ExtendedSSLSession>
I/art     ( 5961): Rejecting re-init on previously-failed class java.lang.Class<com.google.android.gms.org.conscrypt.Java7ExtendedSSLSession>
