W/ResourcesManager(23766): Asset path '/system/framework/com.android.location.provider.jar' does not exist or contains no resources.
I/ActivityManager(  459): START u0 {cmp=com.android.chrome/org.chromium.chrome.browser.firstrun.FirstRunActivity (has extras)} from uid 10035 on display 0
V/WindowManager(  459): addAppToken: AppWindowToken{15f0512f token=Token{1bc4d30e ActivityRecord{27fac509 u0 com.android.chrome/org.chromium.chrome.browser.firstrun.FirstRunActivity t4549}}} to stack=1 task=4549 at 0
V/WindowManager(  459): Based on layer: Adding window Window{e633727 u0 com.android.chrome/org.chromium.chrome.browser.firstrun.FirstRunActivity} at 3 of 17
I/ActivityManager(  459): Start proc 23795:com.android.chrome:sandboxed_process0/u0i27 for service com.android.chrome/org.chromium.content.app.SandboxedProcessService0
I/ActivityManager(  459): Start proc 23923:com.android.chrome:privileged_process0/u0a35 for service com.android.chrome/org.chromium.content.app.PrivilegedProcessService0
D/ConnectivityService(  459): listenForNetwork for NetworkRequest [ id=48, legacyType=-1, [ Capabilities: INTERNET&NOT_RESTRICTED&TRUSTED] ]
D/ConnectivityService(  459): handleRegisterNetworkRequest checking NetworkAgentInfo [WIFI () - 101]
D/ConnectivityService(  459): apparently satisfied.  currentScore=56
D/ConnectivityService(  459): listenForNetwork for NetworkRequest [ id=49, legacyType=-1, [ Capabilities: INTERNET&NOT_RESTRICTED&TRUSTED] ]
D/ConnectivityService(  459): handleRegisterNetworkRequest checking NetworkAgentInfo [WIFI () - 101]
D/ConnectivityService(  459): apparently satisfied.  currentScore=56
D/ConnectivityService(  459): updateNetworkScore for NetworkAgentInfo [WIFI () - 101] to 60
D/ConnectivityService(  459): rematching NetworkAgentInfo [WIFI () - 101]
D/ConnectivityService(  459): Network NetworkAgentInfo [WIFI () - 101] was already satisfying request 1. No change.
D/ConnectivityService(  459): notifyType AVAILABLE for NetworkAgentInfo [WIFI () - 101]
W/FileUtils(23715): Failed to chmod(/storage/emulated/0/trepn/Trepn_2018.06.17_143158.db): android.system.ErrnoException: chmod failed: EPERM (Operation not permitted)
I/ActivityManager(  459): START u0 {act=android.intent.action.VIEW dat=localhost:8000 flg=0x10000000 cmp=com.android.chrome/com.google.android.apps.chrome.Main} from uid 2000 on display 0
V/WindowManager(  459): addAppToken: AppWindowToken{a95bc8a token=Token{2957b6f5 ActivityRecord{e12bc2c u0 com.android.chrome/com.google.android.apps.chrome.Main t4550}}} to stack=1 task=4550 at 0
D/ConnectivityService(  459): releasing NetworkRequest NetworkRequest [ id=49, legacyType=-1, [ Capabilities: INTERNET&NOT_RESTRICTED&TRUSTED] ]
D/ConnectivityService(  459): listenForNetwork for NetworkRequest [ id=50, legacyType=-1, [ Capabilities: INTERNET&NOT_RESTRICTED&TRUSTED] ]
D/ConnectivityService(  459): handleRegisterNetworkRequest checking NetworkAgentInfo [WIFI () - 101]
D/ConnectivityService(  459): apparently satisfied.  currentScore=60
I/ActivityManager(  459): START u0 {cmp=com.android.chrome/org.chromium.chrome.browser.firstrun.FirstRunActivity (has extras)} from uid 10035 on display 0
W/InputMethodManagerService(  459): Window already focused, ignoring focus gain of: com.android.internal.view.IInputMethodClient$Stub$Proxy@164ccfad attribute=null, token = android.os.BinderProxy@1a6c35e6
I/ActivityManager(  459): START u0 {act=android.intent.action.VIEW dat=localhost:8000 flg=0x10800000 cmp=com.android.chrome/com.google.android.apps.chrome.Main (has extras)} from uid 10035 on display 0
V/WindowManager(  459): addAppToken: AppWindowToken{3b4f0930 token=Token{33c55673 ActivityRecord{32c952e2 u0 com.android.chrome/com.google.android.apps.chrome.Main t4551}}} to stack=1 task=4551 at 0
D/ConnectivityService(  459): releasing NetworkRequest NetworkRequest [ id=50, legacyType=-1, [ Capabilities: INTERNET&NOT_RESTRICTED&TRUSTED] ]
D/ConnectivityService(  459): listenForNetwork for NetworkRequest [ id=51, legacyType=-1, [ Capabilities: INTERNET&NOT_RESTRICTED&TRUSTED] ]
D/ConnectivityService(  459): handleRegisterNetworkRequest checking NetworkAgentInfo [WIFI () - 101]
D/ConnectivityService(  459): apparently satisfied.  currentScore=60
I/ActivityManager(  459): START u0 {act=android.intent.action.VIEW dat=localhost:8000 flg=0x14002000 cmp=com.android.chrome/org.chromium.chrome.browser.ChromeTabbedActivity (has extras)} from uid 10035 on display 0
V/WindowManager(  459): addAppToken: AppWindowToken{35e5c3a token=Token{1454765 ActivityRecord{1353885c u0 com.android.chrome/org.chromium.chrome.browser.ChromeTabbedActivity t4552}}} to stack=1 task=4552 at 0
V/WindowManager(  459): Based on layer: Adding window Window{1930c263 u0 Starting com.android.chrome} at 4 of 19
V/WindowManager(  459): Adding window Window{3326d851 u0 com.android.chrome/org.chromium.chrome.browser.ChromeTabbedActivity} at 4 of 20 (before Window{1930c263 u0 Starting com.android.chrome})
V/WindowManager(  459): Adding window Window{10b3ea42 u0 SurfaceView} at 4 of 21 (before Window{3326d851 u0 com.android.chrome/org.chromium.chrome.browser.ChromeTabbedActivity})
I/ActivityManager(  459): Activity reported stop, but no longer stopping: ActivityRecord{27fac509 u0 com.android.chrome/org.chromium.chrome.browser.firstrun.FirstRunActivity t4549 f}
I/ActivityManager(  459): Start proc 24028:com.android.chrome:sandboxed_process1/u0i28 for service com.android.chrome/org.chromium.content.app.SandboxedProcessService1
D/TaskPersister(  459): removeObsoleteFile: deleting file=4549_task_thumbnail.png
W/libprocessgroup(  459): failed to open /acct/uid_10035/pid_24028/cgroup.procs: No such file or directory
I/ActivityManager(  459): Process com.android.chrome:sandboxed_process1 (pid 24028) has died
W/ActivityManager(  459): Scheduling restart of crashed service com.android.chrome/org.chromium.content.app.SandboxedProcessService1 in 1000ms
D/ConnectivityService(  459): updateNetworkScore for NetworkAgentInfo [WIFI () - 101] to 56
D/ConnectivityService(  459): rematching NetworkAgentInfo [WIFI () - 101]
D/ConnectivityService(  459): Network NetworkAgentInfo [WIFI () - 101] was already satisfying request 1. No change.
D/ConnectivityService(  459): notifyType AVAILABLE for NetworkAgentInfo [WIFI () - 101]
D/ConnectivityService(  459): updateNetworkScore for NetworkAgentInfo [WIFI () - 101] to 60
D/ConnectivityService(  459): rematching NetworkAgentInfo [WIFI () - 101]
D/ConnectivityService(  459): Network NetworkAgentInfo [WIFI () - 101] was already satisfying request 1. No change.
D/ConnectivityService(  459): notifyType AVAILABLE for NetworkAgentInfo [WIFI () - 101]
D/WifiService(  459): acquireWifiLockLocked: WifiLock{NlpWifiLock type=2 binder=android.os.BinderProxy@121ff7e0}
D/ConnectivityService(  459): updateNetworkScore for NetworkAgentInfo [WIFI () - 101] to 56
D/ConnectivityService(  459): rematching NetworkAgentInfo [WIFI () - 101]
D/ConnectivityService(  459): Network NetworkAgentInfo [WIFI () - 101] was already satisfying request 1. No change.
D/ConnectivityService(  459): notifyType AVAILABLE for NetworkAgentInfo [WIFI () - 101]
D/WifiService(  459): releaseWifiLockLocked: WifiLock{NlpWifiLock type=2 binder=android.os.BinderProxy@121ff7e0}
D/ConnectivityService(  459): updateNetworkScore for NetworkAgentInfo [WIFI () - 101] to 60
D/ConnectivityService(  459): rematching NetworkAgentInfo [WIFI () - 101]
D/ConnectivityService(  459): Network NetworkAgentInfo [WIFI () - 101] was already satisfying request 1. No change.
D/ConnectivityService(  459): notifyType AVAILABLE for NetworkAgentInfo [WIFI () - 101]
D/ConnectivityService(  459): updateNetworkScore for NetworkAgentInfo [WIFI () - 101] to 56
D/ConnectivityService(  459): rematching NetworkAgentInfo [WIFI () - 101]
D/ConnectivityService(  459): Network NetworkAgentInfo [WIFI () - 101] was already satisfying request 1. No change.
D/ConnectivityService(  459): notifyType AVAILABLE for NetworkAgentInfo [WIFI () - 101]
D/ConnectivityService(  459): updateNetworkScore for NetworkAgentInfo [WIFI () - 101] to 60
D/ConnectivityService(  459): rematching NetworkAgentInfo [WIFI () - 101]
D/ConnectivityService(  459): Network NetworkAgentInfo [WIFI () - 101] was already satisfying request 1. No change.
D/ConnectivityService(  459): notifyType AVAILABLE for NetworkAgentInfo [WIFI () - 101]
D/ConnectivityService(  459): updateNetworkScore for NetworkAgentInfo [WIFI () - 101] to 56
D/ConnectivityService(  459): rematching NetworkAgentInfo [WIFI () - 101]
D/ConnectivityService(  459): Network NetworkAgentInfo [WIFI () - 101] was already satisfying request 1. No change.
D/ConnectivityService(  459): notifyType AVAILABLE for NetworkAgentInfo [WIFI () - 101]
I/ActivityManager(  459): Force stopping com.android.chrome appid=10035 user=0: from pid 24364
I/ActivityManager(  459): Killing 23923:com.android.chrome:privileged_process0/u0a35 (adj 0): stop com.android.chrome
W/ActivityManager(  459): Scheduling restart of crashed service com.android.chrome/org.chromium.content.app.PrivilegedProcessService0 in 1000ms
I/ActivityManager(  459): Killing 23766:com.android.chrome/u0a35 (adj 0): stop com.android.chrome
I/WindowState(  459): WIN DEATH: Window{e633727 u0 com.android.chrome/org.chromium.chrome.browser.firstrun.FirstRunActivity}
D/ConnectivityService(  459): ConnectivityService NetworkRequestInfo binderDied(NetworkRequest [ id=48, legacyType=-1, [ Capabilities: INTERNET&NOT_RESTRICTED&TRUSTED] ], android.os.BinderProxy@2f74c0e6)
D/ConnectivityService(  459): releasing NetworkRequest NetworkRequest [ id=48, legacyType=-1, [ Capabilities: INTERNET&NOT_RESTRICTED&TRUSTED] ]
D/ConnectivityService(  459): ConnectivityService NetworkRequestInfo binderDied(NetworkRequest [ id=51, legacyType=-1, [ Capabilities: INTERNET&NOT_RESTRICTED&TRUSTED] ], android.os.BinderProxy@1f606627)
E/ConnectivityService(  459): RemoteException caught trying to send a callback msg for NetworkRequest [ id=48, legacyType=-1, [ Capabilities: INTERNET&NOT_RESTRICTED&TRUSTED] ]
D/ConnectivityService(  459): releasing NetworkRequest NetworkRequest [ id=51, legacyType=-1, [ Capabilities: INTERNET&NOT_RESTRICTED&TRUSTED] ]
E/ConnectivityService(  459): RemoteException caught trying to send a callback msg for NetworkRequest [ id=51, legacyType=-1, [ Capabilities: INTERNET&NOT_RESTRICTED&TRUSTED] ]
I/WindowState(  459): WIN DEATH: Window{10b3ea42 u0 SurfaceView}
I/WindowState(  459): WIN DEATH: Window{3326d851 u0 com.android.chrome/org.chromium.chrome.browser.ChromeTabbedActivity}
W/ActivityManager(  459): Exception when unbinding service com.android.chrome/org.chromium.content.app.SandboxedProcessService0
W/ActivityManager(  459): android.os.DeadObjectException
W/ActivityManager(  459): 	at android.os.BinderProxy.transactNative(Native Method)
W/ActivityManager(  459): 	at android.os.BinderProxy.transact(Binder.java:496)
W/ActivityManager(  459): 	at android.app.ApplicationThreadProxy.scheduleUnbindService(ApplicationThreadNative.java:921)
W/ActivityManager(  459): 	at com.android.server.am.ActiveServices.removeConnectionLocked(ActiveServices.java:1795)
W/ActivityManager(  459): 	at com.android.server.am.ActiveServices.killServicesLocked(ActiveServices.java:2193)
W/ActivityManager(  459): 	at com.android.server.am.ActivityManagerService.cleanUpApplicationRecordLocked(ActivityManagerService.java:14895)
W/ActivityManager(  459): 	at com.android.server.am.ActivityManagerService.handleAppDiedLocked(ActivityManagerService.java:4552)
W/ActivityManager(  459): 	at com.android.server.am.ActivityManagerService.removeProcessLocked(ActivityManagerService.java:5789)
W/ActivityManager(  459): 	at com.android.server.am.ActivityManagerService.killPackageProcessesLocked(ActivityManagerService.java:5594)
W/ActivityManager(  459): 	at com.android.server.am.ActivityManagerService.forceStopPackageLocked(ActivityManagerService.java:5655)
W/ActivityManager(  459): 	at com.android.server.am.ActivityManagerService.forceStopPackageLocked(ActivityManagerService.java:5499)
W/ActivityManager(  459): 	at com.android.server.am.ActivityManagerService.forceStopPackage(ActivityManagerService.java:5309)
W/ActivityManager(  459): 	at android.app.ActivityManagerNative.onTransact(ActivityManagerNative.java:1461)
W/ActivityManager(  459): 	at com.android.server.am.ActivityManagerService.onTransact(ActivityManagerService.java:2208)
W/ActivityManager(  459): 	at android.os.Binder.execTransact(Binder.java:446)
W/ActivityManager(  459): Scheduling restart of crashed service com.android.chrome/org.chromium.chrome.browser.media.MediaCaptureNotificationService in 1000ms
W/ActivityManager(  459): Force removing ActivityRecord{1353885c u0 com.android.chrome/org.chromium.chrome.browser.ChromeTabbedActivity t4552}: app died, no saved state
I/ActivityManager(  459): Killing 23795:com.android.chrome:sandboxed_process0/u0a35i27 (adj 9): isolated not needed
W/libprocessgroup(  459): failed to open /acct/uid_10035/pid_23795/cgroup.procs: No such file or directory
I/ActivityManager(  459):   Force stopping service ServiceRecord{256fce4f u0 com.android.chrome/org.chromium.chrome.browser.media.MediaCaptureNotificationService}
W/ActivityManager(  459): Spurious death for ProcessRecord{2a368dd4 23766:com.android.chrome/u0a35}, curProc for 23766: null
W/InputMethodManagerService(  459): Got RemoteException sending setActive(false) notification to pid 23766 uid 10035
I/ActivityManager(  459): Force stopping com.android.chrome appid=10035 user=0: clear data
D/TaskPersister(  459): removeObsoleteFile: deleting file=4552_task.xml
D/ConnectivityService(  459): updateNetworkScore for NetworkAgentInfo [WIFI () - 101] to 60
D/ConnectivityService(  459): rematching NetworkAgentInfo [WIFI () - 101]
D/ConnectivityService(  459): Network NetworkAgentInfo [WIFI () - 101] was already satisfying request 1. No change.
D/ConnectivityService(  459): notifyType AVAILABLE for NetworkAgentInfo [WIFI () - 101]
I/ActivityManager(  459): Start proc 24420:com.android.chrome/u0a35 for content provider com.android.chrome/com.google.android.apps.chrome.icing.IcingProvider
W/ResourcesManager(24420): Asset path '/system/framework/com.android.media.remotedisplay.jar' does not exist or contains no resources.
W/ResourcesManager(24420): Asset path '/system/framework/com.android.location.provider.jar' does not exist or contains no resources.
W/FileUtils(23715): Failed to chmod(/storage/emulated/0/trepn/Trepn_2018.06.17_143158.db): android.system.ErrnoException: chmod failed: EPERM (Operation not permitted)
D/ConnectivityService(  459): updateNetworkScore for NetworkAgentInfo [WIFI () - 101] to 56
D/ConnectivityService(  459): rematching NetworkAgentInfo [WIFI () - 101]
D/ConnectivityService(  459): Network NetworkAgentInfo [WIFI () - 101] was already satisfying request 1. No change.
D/ConnectivityService(  459): notifyType AVAILABLE for NetworkAgentInfo [WIFI () - 101]
D/ConnectivityService(  459): updateNetworkScore for NetworkAgentInfo [WIFI () - 101] to 60
D/ConnectivityService(  459): rematching NetworkAgentInfo [WIFI () - 101]
D/ConnectivityService(  459): Network NetworkAgentInfo [WIFI () - 101] was already satisfying request 1. No change.
D/ConnectivityService(  459): notifyType AVAILABLE for NetworkAgentInfo [WIFI () - 101]
D/ConnectivityService(  459): updateNetworkScore for NetworkAgentInfo [WIFI () - 101] to 56
D/ConnectivityService(  459): rematching NetworkAgentInfo [WIFI () - 101]
D/ConnectivityService(  459): Network NetworkAgentInfo [WIFI () - 101] was already satisfying request 1. No change.
D/ConnectivityService(  459): notifyType AVAILABLE for NetworkAgentInfo [WIFI () - 101]
D/ConnectivityService(  459): updateNetworkScore for NetworkAgentInfo [WIFI () - 101] to 60
D/ConnectivityService(  459): rematching NetworkAgentInfo [WIFI () - 101]
D/ConnectivityService(  459): Network NetworkAgentInfo [WIFI () - 101] was already satisfying request 1. No change.
D/ConnectivityService(  459): notifyType AVAILABLE for NetworkAgentInfo [WIFI () - 101]
D/ConnectivityService(  459): updateNetworkScore for NetworkAgentInfo [WIFI () - 101] to 56
D/ConnectivityService(  459): rematching NetworkAgentInfo [WIFI () - 101]
D/ConnectivityService(  459): Network NetworkAgentInfo [WIFI () - 101] was already satisfying request 1. No change.
D/ConnectivityService(  459): notifyType AVAILABLE for NetworkAgentInfo [WIFI () - 101]
I/UsageStatsService(  459): User[0] Flushing usage stats to disk
D/ConnectivityService(  459): updateNetworkScore for NetworkAgentInfo [WIFI () - 101] to 60
D/ConnectivityService(  459): rematching NetworkAgentInfo [WIFI () - 101]
D/ConnectivityService(  459): Network NetworkAgentInfo [WIFI () - 101] was already satisfying request 1. No change.
D/ConnectivityService(  459): notifyType AVAILABLE for NetworkAgentInfo [WIFI () - 101]
D/ConnectivityService(  459): updateNetworkScore for NetworkAgentInfo [WIFI () - 101] to 56
D/ConnectivityService(  459): rematching NetworkAgentInfo [WIFI () - 101]
D/ConnectivityService(  459): Network NetworkAgentInfo [WIFI () - 101] was already satisfying request 1. No change.
D/ConnectivityService(  459): notifyType AVAILABLE for NetworkAgentInfo [WIFI () - 101]
D/ConnectivityService(  459): updateNetworkScore for NetworkAgentInfo [WIFI () - 101] to 60
D/ConnectivityService(  459): rematching NetworkAgentInfo [WIFI () - 101]
D/ConnectivityService(  459): Network NetworkAgentInfo [WIFI () - 101] was already satisfying request 1. No change.
D/ConnectivityService(  459): notifyType AVAILABLE for NetworkAgentInfo [WIFI () - 101]
D/ConnectivityService(  459): updateNetworkScore for NetworkAgentInfo [WIFI () - 101] to 56
D/ConnectivityService(  459): rematching NetworkAgentInfo [WIFI () - 101]
D/ConnectivityService(  459): Network NetworkAgentInfo [WIFI () - 101] was already satisfying request 1. No change.
D/ConnectivityService(  459): notifyType AVAILABLE for NetworkAgentInfo [WIFI () - 101]
D/ConnectivityService(  459): updateNetworkScore for NetworkAgentInfo [WIFI () - 101] to 60
D/ConnectivityService(  459): rematching NetworkAgentInfo [WIFI () - 101]
D/ConnectivityService(  459): Network NetworkAgentInfo [WIFI () - 101] was already satisfying request 1. No change.
D/ConnectivityService(  459): notifyType AVAILABLE for NetworkAgentInfo [WIFI () - 101]
D/ConnectivityService(  459): updateNetworkScore for NetworkAgentInfo [WIFI () - 101] to 56
D/ConnectivityService(  459): rematching NetworkAgentInfo [WIFI () - 101]
D/ConnectivityService(  459): Network NetworkAgentInfo [WIFI () - 101] was already satisfying request 1. No change.
D/ConnectivityService(  459): notifyType AVAILABLE for NetworkAgentInfo [WIFI () - 101]
D/ConnectivityService(  459): updateNetworkScore for NetworkAgentInfo [WIFI () - 101] to 60
D/ConnectivityService(  459): rematching NetworkAgentInfo [WIFI () - 101]
D/ConnectivityService(  459): Network NetworkAgentInfo [WIFI () - 101] was already satisfying request 1. No change.
D/ConnectivityService(  459): notifyType AVAILABLE for NetworkAgentInfo [WIFI () - 101]
D/ConnectivityService(  459): updateNetworkScore for NetworkAgentInfo [WIFI () - 101] to 56
D/ConnectivityService(  459): rematching NetworkAgentInfo [WIFI () - 101]
D/ConnectivityService(  459): Network NetworkAgentInfo [WIFI () - 101] was already satisfying request 1. No change.
D/ConnectivityService(  459): notifyType AVAILABLE for NetworkAgentInfo [WIFI () - 101]
I/ActivityManager(  459): Force stopping com.android.chrome appid=10035 user=0: from pid 25085
I/ActivityManager(  459): Killing 24420:com.android.chrome/u0a35 (adj 9): stop com.android.chrome
W/ActivityManager(  459): Spurious death for ProcessRecord{23eeaca2 24420:com.android.chrome/u0a35}, curProc for 24420: null
I/ActivityManager(  459): Force stopping com.android.chrome appid=10035 user=0: clear data
I/ActivityManager(  459): Start proc 25131:com.android.chrome/u0a35 for content provider com.android.chrome/com.google.android.apps.chrome.icing.IcingProvider
W/ResourcesManager(25131): Asset path '/system/framework/com.android.media.remotedisplay.jar' does not exist or contains no resources.
W/ResourcesManager(25131): Asset path '/system/framework/com.android.location.provider.jar' does not exist or contains no resources.
D/ConnectivityService(  459): updateNetworkScore for NetworkAgentInfo [WIFI () - 101] to 60
D/ConnectivityService(  459): rematching NetworkAgentInfo [WIFI () - 101]
D/ConnectivityService(  459): Network NetworkAgentInfo [WIFI () - 101] was already satisfying request 1. No change.
D/ConnectivityService(  459): notifyType AVAILABLE for NetworkAgentInfo [WIFI () - 101]
D/ConnectivityService(  459): updateNetworkScore for NetworkAgentInfo [WIFI () - 101] to 56
D/ConnectivityService(  459): rematching NetworkAgentInfo [WIFI () - 101]
D/ConnectivityService(  459): Network NetworkAgentInfo [WIFI () - 101] was already satisfying request 1. No change.
D/ConnectivityService(  459): notifyType AVAILABLE for NetworkAgentInfo [WIFI () - 101]
W/BroadcastQueue(  459): Skipping deliver [background] BroadcastRecord{2f2f7868 u-1 android.net.conn.CONNECTIVITY_CHANGE} to ReceiverList{16562481 25318 (unknown name)/2000/u-1 remote:1863315a}: process crashing
I/ActivityManager(  459): START u0 {act=android.intent.action.MAIN cat=[android.intent.category.LAUNCHER] flg=0x10200000 cmp=com.quicinc.trepn/.userinterface.main.TrepnActivity} from uid 2000 on display 0
V/WindowManager(  459): addAppToken: AppWindowToken{7b7b314 token=Token{2ac8a967 ActivityRecord{3e930926 u0 com.quicinc.trepn/.userinterface.main.TrepnActivity t4553}}} to stack=1 task=4553 at 0
V/WindowManager(  459): Adding window Window{23775e5f u0 Starting com.quicinc.trepn} at 3 of 17 (after Window{97f2b52 u0 com.google.android.googlequicksearchbox/com.google.android.launcher.GEL})
V/WindowManager(  459): Adding window Window{33c6da2d u0 com.quicinc.trepn/com.quicinc.trepn.userinterface.main.TrepnActivity} at 3 of 18 (before Window{23775e5f u0 Starting com.quicinc.trepn})
D/TaskPersister(  459): removeObsoleteFile: deleting file=4547_task.xml
I/ActivityManager(  459): Force stopping com.quicinc.trepn appid=10091 user=0: from pid 25400
I/ActivityManager(  459): Killing 23715:com.quicinc.trepn/u0a91 (adj 0): stop com.quicinc.trepn
I/WindowState(  459): WIN DEATH: Window{33c6da2d u0 com.quicinc.trepn/com.quicinc.trepn.userinterface.main.TrepnActivity}
W/ActivityManager(  459): Force removing ActivityRecord{3e930926 u0 com.quicinc.trepn/.userinterface.main.TrepnActivity t4553}: app died, no saved state
W/ActivityManager(  459): Spurious death for ProcessRecord{315d817b 23715:com.quicinc.trepn/u0a91}, curProc for 23715: null
W/InputMethodManagerService(  459): Got RemoteException sending setActive(false) notification to pid 23715 uid 10091
I/ActivityManager(  459): Start proc 25450:com.quicinc.trepn/u0a91 for service com.quicinc.trepn/.TrepnService
I/ActivityManager(  459): Force stopping com.android.chrome appid=10035 user=0: from pid 25489
I/ActivityManager(  459): Killing 25131:com.android.chrome/u0a35 (adj 9): stop com.android.chrome
W/ActivityManager(  459): Spurious death for ProcessRecord{32d5e091 25131:com.android.chrome/u0a35}, curProc for 25131: null
I/ActivityManager(  459): START u0 {act=android.intent.action.VIEW flg=0x10008000 cmp=com.android.chrome/com.google.android.apps.chrome.Main} from uid 2000 on display 0
V/WindowManager(  459): addAppToken: AppWindowToken{ff36a64 token=Token{146e6bf7 ActivityRecord{10a2fbf6 u0 com.android.chrome/com.google.android.apps.chrome.Main t4554}}} to stack=1 task=4554 at 0
I/ActivityManager(  459): Start proc 25501:com.android.chrome/u0a35 for activity com.android.chrome/com.google.android.apps.chrome.Main
W/ResourcesManager(25501): Asset path '/system/framework/com.android.media.remotedisplay.jar' does not exist or contains no resources.
W/ResourcesManager(25501): Asset path '/system/framework/com.android.location.provider.jar' does not exist or contains no resources.
I/ActivityManager(  459): START u0 {cmp=com.android.chrome/org.chromium.chrome.browser.firstrun.FirstRunActivity (has extras)} from uid 10035 on display 0
V/WindowManager(  459): addAppToken: AppWindowToken{39af085 token=Token{197fa1fc ActivityRecord{ca0e2ef u0 com.android.chrome/org.chromium.chrome.browser.firstrun.FirstRunActivity t4555}}} to stack=1 task=4555 at 0
V/WindowManager(  459): Based on layer: Adding window Window{296bab3d u0 com.android.chrome/org.chromium.chrome.browser.firstrun.FirstRunActivity} at 3 of 17
I/ActivityManager(  459): Start proc 25535:com.android.chrome:sandboxed_process0/u0i29 for service com.android.chrome/org.chromium.content.app.SandboxedProcessService0
I/ActivityManager(  459): Start proc 25580:com.android.chrome:privileged_process0/u0a35 for service com.android.chrome/org.chromium.content.app.PrivilegedProcessService0
D/ConnectivityService(  459): listenForNetwork for NetworkRequest [ id=52, legacyType=-1, [ Capabilities: INTERNET&NOT_RESTRICTED&TRUSTED] ]
D/ConnectivityService(  459): handleRegisterNetworkRequest checking NetworkAgentInfo [WIFI () - 101]
D/ConnectivityService(  459): apparently satisfied.  currentScore=56
D/ConnectivityService(  459): listenForNetwork for NetworkRequest [ id=53, legacyType=-1, [ Capabilities: INTERNET&NOT_RESTRICTED&TRUSTED] ]
D/ConnectivityService(  459): handleRegisterNetworkRequest checking NetworkAgentInfo [WIFI () - 101]
D/ConnectivityService(  459): apparently satisfied.  currentScore=56
D/ConnectivityService(  459): updateNetworkScore for NetworkAgentInfo [WIFI () - 101] to 60
D/ConnectivityService(  459): rematching NetworkAgentInfo [WIFI () - 101]
D/ConnectivityService(  459): Network NetworkAgentInfo [WIFI () - 101] was already satisfying request 1. No change.
D/ConnectivityService(  459): notifyType AVAILABLE for NetworkAgentInfo [WIFI () - 101]
I/ActivityManager(  459): START u0 {act=android.intent.action.VIEW flg=0x10808000 cmp=com.android.chrome/com.google.android.apps.chrome.Main (has extras)} from uid 10035 on display 0
V/WindowManager(  459): addAppToken: AppWindowToken{500b6a8 token=Token{cd3eecb ActivityRecord{22fc359a u0 com.android.chrome/com.google.android.apps.chrome.Main t4556}}} to stack=1 task=4556 at 0
D/ConnectivityService(  459): releasing NetworkRequest NetworkRequest [ id=53, legacyType=-1, [ Capabilities: INTERNET&NOT_RESTRICTED&TRUSTED] ]
D/ConnectivityService(  459): listenForNetwork for NetworkRequest [ id=54, legacyType=-1, [ Capabilities: INTERNET&NOT_RESTRICTED&TRUSTED] ]
D/ConnectivityService(  459): handleRegisterNetworkRequest checking NetworkAgentInfo [WIFI () - 101]
D/ConnectivityService(  459): apparently satisfied.  currentScore=60
I/ActivityManager(  459): START u0 {act=android.intent.action.VIEW flg=0x14002000 cmp=com.android.chrome/org.chromium.chrome.browser.ChromeTabbedActivity (has extras)} from uid 10035 on display 0
V/WindowManager(  459): addAppToken: AppWindowToken{1859b2c0 token=Token{1bb16c43 ActivityRecord{e43ddf2 u0 com.android.chrome/org.chromium.chrome.browser.ChromeTabbedActivity t4557}}} to stack=1 task=4557 at 0
V/WindowManager(  459): Based on layer: Adding window Window{3ce20131 u0 Starting com.android.chrome} at 4 of 18
I/ActivityManager(  459): Start proc 25718:com.android.chrome:sandboxed_process1/u0i30 for service com.android.chrome/org.chromium.content.app.SandboxedProcessService1
V/WindowManager(  459): Adding window Window{1299188f u0 com.android.chrome/org.chromium.chrome.browser.ChromeTabbedActivity} at 4 of 19 (before Window{3ce20131 u0 Starting com.android.chrome})
V/WindowManager(  459): Adding window Window{391e88fa u0 SurfaceView} at 4 of 20 (before Window{1299188f u0 com.android.chrome/org.chromium.chrome.browser.ChromeTabbedActivity})
W/libprocessgroup(  459): failed to open /acct/uid_10035/pid_25535/cgroup.procs: No such file or directory
I/ActivityManager(  459): Process com.android.chrome:sandboxed_process0 (pid 25535) has died
W/ActivityManager(  459): Scheduling restart of crashed service com.android.chrome/org.chromium.content.app.SandboxedProcessService0 in 1000ms
I/ActivityManager(  459): Start proc 25763:com.android.chrome:sandboxed_process2/u0i31 for service com.android.chrome/org.chromium.content.app.SandboxedProcessService2
I/ActivityManager(  459): Activity reported stop, but no longer stopping: ActivityRecord{ca0e2ef u0 com.android.chrome/org.chromium.chrome.browser.firstrun.FirstRunActivity t4555 f}
W/FileUtils(25450): Failed to chmod(/storage/emulated/0/trepn/Trepn_2018.06.17_143627.db): android.system.ErrnoException: chmod failed: EPERM (Operation not permitted)
I/ActivityManager(  459): START u0 {act=android.intent.action.VIEW dat=localhost:8000 flg=0x10000000 cmp=com.android.chrome/com.google.android.apps.chrome.Main} from uid 2000 on display 0
V/WindowManager(  459): addAppToken: AppWindowToken{3ba9d6e6 token=Token{ef49141 ActivityRecord{a44a028 u0 com.android.chrome/com.google.android.apps.chrome.Main t4558}}} to stack=1 task=4558 at 0
D/ConnectivityService(  459): releasing NetworkRequest NetworkRequest [ id=54, legacyType=-1, [ Capabilities: INTERNET&NOT_RESTRICTED&TRUSTED] ]
D/ConnectivityService(  459): listenForNetwork for NetworkRequest [ id=55, legacyType=-1, [ Capabilities: INTERNET&NOT_RESTRICTED&TRUSTED] ]
D/ConnectivityService(  459): handleRegisterNetworkRequest checking NetworkAgentInfo [WIFI () - 101]
D/ConnectivityService(  459): apparently satisfied.  currentScore=60
I/ActivityManager(  459): START u0 {act=android.intent.action.VIEW dat=localhost:8000 flg=0x14002000 cmp=com.android.chrome/org.chromium.chrome.browser.ChromeTabbedActivity (has extras)} from uid 10035 on display 0
W/InputMethodManagerService(  459): Window already focused, ignoring focus gain of: com.android.internal.view.IInputMethodClient$Stub$Proxy@39492779 attribute=null, token = android.os.BinderProxy@dc09bee
I/ActivityManager(  459): Start proc 25859:com.android.chrome:sandboxed_process3/u0i32 for service com.android.chrome/org.chromium.content.app.SandboxedProcessService3
D/TaskPersister(  459): removeObsoleteFile: deleting file=4555_task_thumbnail.png
W/libprocessgroup(  459): failed to open /acct/uid_10035/pid_25763/cgroup.procs: No such file or directory
I/ActivityManager(  459): Process com.android.chrome:sandboxed_process2 (pid 25763) has died
W/ActivityManager(  459): Scheduling restart of crashed service com.android.chrome/org.chromium.content.app.SandboxedProcessService2 in 1000ms
I/ActivityManager(  459): Start proc 25918:com.android.chrome:sandboxed_process4/u0i33 for service com.android.chrome/org.chromium.content.app.SandboxedProcessService4
W/libprocessgroup(  459): failed to open /acct/uid_10035/pid_25918/cgroup.procs: No such file or directory
I/ActivityManager(  459): Process com.android.chrome:sandboxed_process4 (pid 25918) has died
W/ActivityManager(  459): Scheduling restart of crashed service com.android.chrome/org.chromium.content.app.SandboxedProcessService4 in 1000ms
I/ActivityManager(  459): Start proc 25978:com.android.chrome:sandboxed_process5/u0i34 for service com.android.chrome/org.chromium.content.app.SandboxedProcessService5
W/libprocessgroup(  459): failed to open /acct/uid_10035/pid_25978/cgroup.procs: No such file or directory
I/ActivityManager(  459): Process com.android.chrome:sandboxed_process5 (pid 25978) has died
W/ActivityManager(  459): Scheduling restart of crashed service com.android.chrome/org.chromium.content.app.SandboxedProcessService5 in 1000ms
D/ConnectivityService(  459): updateNetworkScore for NetworkAgentInfo [WIFI () - 101] to 56
D/ConnectivityService(  459): rematching NetworkAgentInfo [WIFI () - 101]
D/ConnectivityService(  459): Network NetworkAgentInfo [WIFI () - 101] was already satisfying request 1. No change.
D/ConnectivityService(  459): notifyType AVAILABLE for NetworkAgentInfo [WIFI () - 101]
D/ConnectivityService(  459): updateNetworkScore for NetworkAgentInfo [WIFI () - 101] to 60
D/ConnectivityService(  459): rematching NetworkAgentInfo [WIFI () - 101]
D/ConnectivityService(  459): Network NetworkAgentInfo [WIFI () - 101] was already satisfying request 1. No change.
D/ConnectivityService(  459): notifyType AVAILABLE for NetworkAgentInfo [WIFI () - 101]
D/ConnectivityService(  459): updateNetworkScore for NetworkAgentInfo [WIFI () - 101] to 56
D/ConnectivityService(  459): rematching NetworkAgentInfo [WIFI () - 101]
D/ConnectivityService(  459): Network NetworkAgentInfo [WIFI () - 101] was already satisfying request 1. No change.
D/ConnectivityService(  459): notifyType AVAILABLE for NetworkAgentInfo [WIFI () - 101]
I/ActivityManager(  459): Force stopping com.android.chrome appid=10035 user=0: from pid 26316
I/ActivityManager(  459): Killing 25580:com.android.chrome:privileged_process0/u0a35 (adj 0): stop com.android.chrome
W/ActivityManager(  459): Scheduling restart of crashed service com.android.chrome/org.chromium.content.app.PrivilegedProcessService0 in 1000ms
I/ActivityManager(  459): Killing 25501:com.android.chrome/u0a35 (adj 0): stop com.android.chrome
D/ConnectivityService(  459): ConnectivityService NetworkRequestInfo binderDied(NetworkRequest [ id=52, legacyType=-1, [ Capabilities: INTERNET&NOT_RESTRICTED&TRUSTED] ], android.os.BinderProxy@3f2743e2)
I/WindowState(  459): WIN DEATH: Window{1299188f u0 com.android.chrome/org.chromium.chrome.browser.ChromeTabbedActivity}
D/ConnectivityService(  459): releasing NetworkRequest NetworkRequest [ id=52, legacyType=-1, [ Capabilities: INTERNET&NOT_RESTRICTED&TRUSTED] ]
W/WindowManager(  459): Force-removing child win Window{391e88fa u0 SurfaceView} from container Window{1299188f u0 com.android.chrome/org.chromium.chrome.browser.ChromeTabbedActivity}
D/ConnectivityService(  459): ConnectivityService NetworkRequestInfo binderDied(NetworkRequest [ id=55, legacyType=-1, [ Capabilities: INTERNET&NOT_RESTRICTED&TRUSTED] ], android.os.BinderProxy@3d32f373)
E/ConnectivityService(  459): RemoteException caught trying to send a callback msg for NetworkRequest [ id=52, legacyType=-1, [ Capabilities: INTERNET&NOT_RESTRICTED&TRUSTED] ]
D/ConnectivityService(  459): releasing NetworkRequest NetworkRequest [ id=55, legacyType=-1, [ Capabilities: INTERNET&NOT_RESTRICTED&TRUSTED] ]
E/ConnectivityService(  459): RemoteException caught trying to send a callback msg for NetworkRequest [ id=55, legacyType=-1, [ Capabilities: INTERNET&NOT_RESTRICTED&TRUSTED] ]
W/WindowManager(  459): Failed looking up window
W/WindowManager(  459): java.lang.IllegalArgumentException: Requested window android.os.BinderProxy@35eb2f25 does not exist
W/WindowManager(  459): 	at com.android.server.wm.WindowManagerService.windowForClientLocked(WindowManagerService.java:8539)
W/WindowManager(  459): 	at com.android.server.wm.WindowManagerService.windowForClientLocked(WindowManagerService.java:8530)
W/WindowManager(  459): 	at com.android.server.wm.WindowState$DeathRecipient.binderDied(WindowState.java:1142)
W/WindowManager(  459): 	at android.os.BinderProxy.sendDeathNotice(Binder.java:551)
I/WindowState(  459): WIN DEATH: null
W/ActivityManager(  459): Exception when unbinding service com.android.chrome/org.chromium.content.app.SandboxedProcessService3
W/ActivityManager(  459): android.os.DeadObjectException
W/ActivityManager(  459): 	at android.os.BinderProxy.transactNative(Native Method)
W/ActivityManager(  459): 	at android.os.BinderProxy.transact(Binder.java:496)
W/ActivityManager(  459): 	at android.app.ApplicationThreadProxy.scheduleUnbindService(ApplicationThreadNative.java:921)
W/ActivityManager(  459): 	at com.android.server.am.ActiveServices.removeConnectionLocked(ActiveServices.java:1795)
W/ActivityManager(  459): 	at com.android.server.am.ActiveServices.killServicesLocked(ActiveServices.java:2193)
W/ActivityManager(  459): 	at com.android.server.am.ActivityManagerService.cleanUpApplicationRecordLocked(ActivityManagerService.java:14895)
W/ActivityManager(  459): 	at com.android.server.am.ActivityManagerService.handleAppDiedLocked(ActivityManagerService.java:4552)
W/ActivityManager(  459): 	at com.android.server.am.ActivityManagerService.removeProcessLocked(ActivityManagerService.java:5789)
W/ActivityManager(  459): 	at com.android.server.am.ActivityManagerService.killPackageProcessesLocked(ActivityManagerService.java:5594)
W/ActivityManager(  459): 	at com.android.server.am.ActivityManagerService.forceStopPackageLocked(ActivityManagerService.java:5655)
W/ActivityManager(  459): 	at com.android.server.am.ActivityManagerService.forceStopPackageLocked(ActivityManagerService.java:5499)
W/ActivityManager(  459): 	at com.android.server.am.ActivityManagerService.forceStopPackage(ActivityManagerService.java:5309)
W/ActivityManager(  459): 	at android.app.ActivityManagerNative.onTransact(ActivityManagerNative.java:1461)
W/ActivityManager(  459): 	at com.android.server.am.ActivityManagerService.onTransact(ActivityManagerService.java:2208)
W/ActivityManager(  459): 	at android.os.Binder.execTransact(Binder.java:446)
W/ActivityManager(  459): Exception when unbinding service com.android.chrome/org.chromium.content.app.SandboxedProcessService1
W/ActivityManager(  459): android.os.DeadObjectException
W/ActivityManager(  459): 	at android.os.BinderProxy.transactNative(Native Method)
W/ActivityManager(  459): 	at android.os.BinderProxy.transact(Binder.java:496)
W/ActivityManager(  459): 	at android.app.ApplicationThreadProxy.scheduleUnbindService(ApplicationThreadNative.java:921)
W/ActivityManager(  459): 	at com.android.server.am.ActiveServices.removeConnectionLocked(ActiveServices.java:1795)
W/ActivityManager(  459): 	at com.android.server.am.ActiveServices.killServicesLocked(ActiveServices.java:2193)
W/ActivityManager(  459): 	at com.android.server.am.ActivityManagerService.cleanUpApplicationRecordLocked(ActivityManagerService.java:14895)
W/ActivityManager(  459): 	at com.android.server.am.ActivityManagerService.handleAppDiedLocked(ActivityManagerService.java:4552)
W/ActivityManager(  459): 	at com.android.server.am.ActivityManagerService.removeProcessLocked(ActivityManagerService.java:5789)
W/ActivityManager(  459): 	at com.android.server.am.ActivityManagerService.killPackageProcessesLocked(ActivityManagerService.java:5594)
W/ActivityManager(  459): 	at com.android.server.am.ActivityManagerService.forceStopPackageLocked(ActivityManagerService.java:5655)
W/ActivityManager(  459): 	at com.android.server.am.ActivityManagerService.forceStopPackageLocked(ActivityManagerService.java:5499)
W/ActivityManager(  459): 	at com.android.server.am.ActivityManagerService.forceStopPackage(ActivityManagerService.java:5309)
W/ActivityManager(  459): 	at android.app.ActivityManagerNative.onTransact(ActivityManagerNative.java:1461)
W/ActivityManager(  459): 	at com.android.server.am.ActivityManagerService.onTransact(ActivityManagerService.java:2208)
W/ActivityManager(  459): 	at android.os.Binder.execTransact(Binder.java:446)
I/ActivityManager(  459): Killing 25859:com.android.chrome:sandboxed_process3/u0a35i32 (adj 10): isolated not needed
W/libprocessgroup(  459): failed to open /acct/uid_10035/pid_25859/cgroup.procs: No such file or directory
W/ActivityManager(  459): Force removing ActivityRecord{e43ddf2 u0 com.android.chrome/org.chromium.chrome.browser.ChromeTabbedActivity t4557}: app died, no saved state
I/ActivityManager(  459): Killing 25718:com.android.chrome:sandboxed_process1/u0a35i30 (adj 9): isolated not needed
W/libprocessgroup(  459): failed to open /acct/uid_10035/pid_25718/cgroup.procs: No such file or directory
W/ActivityManager(  459): Spurious death for ProcessRecord{6e525c1 25580:com.android.chrome:privileged_process0/u0a35}, curProc for 25580: null
W/ActivityManager(  459): Unbind failed: could not find connection for android.os.BinderProxy@1102ddad
W/ActivityManager(  459): Spurious death for ProcessRecord{1f32af32 25501:com.android.chrome/u0a35}, curProc for 25501: null
W/InputMethodManagerService(  459): Got RemoteException sending setActive(false) notification to pid 25501 uid 10035
D/ConnectivityService(  459): updateNetworkScore for NetworkAgentInfo [WIFI () - 101] to 60
D/ConnectivityService(  459): rematching NetworkAgentInfo [WIFI () - 101]
D/ConnectivityService(  459): Network NetworkAgentInfo [WIFI () - 101] was already satisfying request 1. No change.
D/ConnectivityService(  459): notifyType AVAILABLE for NetworkAgentInfo [WIFI () - 101]
I/ActivityManager(  459): Force stopping com.android.chrome appid=10035 user=0: clear data
D/TaskPersister(  459): removeObsoleteFile: deleting file=4557_task.xml
D/TaskPersister(  459): removeObsoleteFile: deleting file=4557_task_thumbnail.png
I/ActivityManager(  459): Start proc 26379:com.android.chrome/u0a35 for content provider com.android.chrome/com.google.android.apps.chrome.icing.IcingProvider
W/ResourcesManager(26379): Asset path '/system/framework/com.android.media.remotedisplay.jar' does not exist or contains no resources.
W/ResourcesManager(26379): Asset path '/system/framework/com.android.location.provider.jar' does not exist or contains no resources.
W/FileUtils(25450): Failed to chmod(/storage/emulated/0/trepn/Trepn_2018.06.17_143627.db): android.system.ErrnoException: chmod failed: EPERM (Operation not permitted)
D/ConnectivityService(  459): updateNetworkScore for NetworkAgentInfo [WIFI () - 101] to 56
D/ConnectivityService(  459): rematching NetworkAgentInfo [WIFI () - 101]
D/ConnectivityService(  459): Network NetworkAgentInfo [WIFI () - 101] was already satisfying request 1. No change.
D/ConnectivityService(  459): notifyType AVAILABLE for NetworkAgentInfo [WIFI () - 101]
D/WifiService(  459): acquireWifiLockLocked: WifiLock{NlpWifiLock type=2 binder=android.os.BinderProxy@15108b05}
D/WifiService(  459): releaseWifiLockLocked: WifiLock{NlpWifiLock type=2 binder=android.os.BinderProxy@15108b05}
D/ConnectivityService(  459): updateNetworkScore for NetworkAgentInfo [WIFI () - 101] to 60
D/ConnectivityService(  459): rematching NetworkAgentInfo [WIFI () - 101]
D/ConnectivityService(  459): Network NetworkAgentInfo [WIFI () - 101] was already satisfying request 1. No change.
D/ConnectivityService(  459): notifyType AVAILABLE for NetworkAgentInfo [WIFI () - 101]
D/ConnectivityService(  459): updateNetworkScore for NetworkAgentInfo [WIFI () - 101] to 56
D/ConnectivityService(  459): rematching NetworkAgentInfo [WIFI () - 101]
D/ConnectivityService(  459): Network NetworkAgentInfo [WIFI () - 101] was already satisfying request 1. No change.
D/ConnectivityService(  459): notifyType AVAILABLE for NetworkAgentInfo [WIFI () - 101]
I/ActivityManager(  459): Force stopping com.android.chrome appid=10035 user=0: from pid 27129
I/ActivityManager(  459): Killing 26379:com.android.chrome/u0a35 (adj 9): stop com.android.chrome
W/ActivityManager(  459): Spurious death for ProcessRecord{43a99d4 26379:com.android.chrome/u0a35}, curProc for 26379: null
I/ActivityManager(  459): Force stopping com.android.chrome appid=10035 user=0: clear data
I/ActivityManager(  459): Start proc 27176:com.android.chrome/u0a35 for content provider com.android.chrome/com.google.android.apps.chrome.icing.IcingProvider
W/ResourcesManager(27176): Asset path '/system/framework/com.android.media.remotedisplay.jar' does not exist or contains no resources.
W/ResourcesManager(27176): Asset path '/system/framework/com.android.location.provider.jar' does not exist or contains no resources.
D/ConnectivityService(  459): updateNetworkScore for NetworkAgentInfo [WIFI () - 101] to 60
D/ConnectivityService(  459): rematching NetworkAgentInfo [WIFI () - 101]
D/ConnectivityService(  459): Network NetworkAgentInfo [WIFI () - 101] was already satisfying request 1. No change.
D/ConnectivityService(  459): notifyType AVAILABLE for NetworkAgentInfo [WIFI () - 101]
W/BroadcastQueue(  459): Skipping deliver [background] BroadcastRecord{4db6b9c u-1 android.net.conn.CONNECTIVITY_CHANGE} to ReceiverList{2de89a5 27283 (unknown name)/2000/u-1 remote:15a19c6e}: process crashing
I/ActivityManager(  459): START u0 {act=android.intent.action.MAIN cat=[android.intent.category.LAUNCHER] flg=0x10200000 cmp=com.quicinc.trepn/.userinterface.main.TrepnActivity} from uid 2000 on display 0
V/WindowManager(  459): addAppToken: AppWindowToken{1101a588 token=Token{459cd2b ActivityRecord{214f117a u0 com.quicinc.trepn/.userinterface.main.TrepnActivity t4559}}} to stack=1 task=4559 at 0
V/WindowManager(  459): Adding window Window{3988b6a3 u0 Starting com.quicinc.trepn} at 3 of 17 (after Window{97f2b52 u0 com.google.android.googlequicksearchbox/com.google.android.launcher.GEL})
V/WindowManager(  459): Adding window Window{4e80e91 u0 com.quicinc.trepn/com.quicinc.trepn.userinterface.main.TrepnActivity} at 3 of 18 (before Window{3988b6a3 u0 Starting com.quicinc.trepn})
D/TaskPersister(  459): removeObsoleteFile: deleting file=4553_task.xml
I/ActivityManager(  459): Force stopping com.quicinc.trepn appid=10091 user=0: from pid 27359
I/ActivityManager(  459): Killing 25450:com.quicinc.trepn/u0a91 (adj 0): stop com.quicinc.trepn
I/WindowState(  459): WIN DEATH: Window{4e80e91 u0 com.quicinc.trepn/com.quicinc.trepn.userinterface.main.TrepnActivity}
W/ActivityManager(  459): Force removing ActivityRecord{214f117a u0 com.quicinc.trepn/.userinterface.main.TrepnActivity t4559}: app died, no saved state
W/ActivityManager(  459): Spurious death for ProcessRecord{bed9da0 25450:com.quicinc.trepn/u0a91}, curProc for 25450: null
W/InputMethodManagerService(  459): Got RemoteException sending setActive(false) notification to pid 25450 uid 10091
D/ConnectivityService(  459): updateNetworkScore for NetworkAgentInfo [WIFI () - 101] to 56
D/ConnectivityService(  459): rematching NetworkAgentInfo [WIFI () - 101]
D/ConnectivityService(  459): Network NetworkAgentInfo [WIFI () - 101] was already satisfying request 1. No change.
D/ConnectivityService(  459): notifyType AVAILABLE for NetworkAgentInfo [WIFI () - 101]
I/ActivityManager(  459): Start proc 27409:com.quicinc.trepn/u0a91 for service com.quicinc.trepn/.TrepnService
I/ActivityManager(  459): Force stopping com.android.chrome appid=10035 user=0: from pid 27448
I/ActivityManager(  459): Killing 27176:com.android.chrome/u0a35 (adj 9): stop com.android.chrome
W/ActivityManager(  459): Spurious death for ProcessRecord{2153bd3e 27176:com.android.chrome/u0a35}, curProc for 27176: null
I/ActivityManager(  459): START u0 {act=android.intent.action.VIEW flg=0x10008000 cmp=com.android.chrome/com.google.android.apps.chrome.Main} from uid 2000 on display 0
V/WindowManager(  459): addAppToken: AppWindowToken{1d787cb5 token=Token{1c4800ec ActivityRecord{1044a79f u0 com.android.chrome/com.google.android.apps.chrome.Main t4560}}} to stack=1 task=4560 at 0
I/ActivityManager(  459): Start proc 27460:com.android.chrome/u0a35 for activity com.android.chrome/com.google.android.apps.chrome.Main
W/ResourcesManager(27460): Asset path '/system/framework/com.android.media.remotedisplay.jar' does not exist or contains no resources.
W/ResourcesManager(27460): Asset path '/system/framework/com.android.location.provider.jar' does not exist or contains no resources.
I/ActivityManager(  459): START u0 {cmp=com.android.chrome/org.chromium.chrome.browser.firstrun.FirstRunActivity (has extras)} from uid 10035 on display 0
V/WindowManager(  459): addAppToken: AppWindowToken{21899da2 token=Token{11888d6d ActivityRecord{aef8184 u0 com.android.chrome/org.chromium.chrome.browser.firstrun.FirstRunActivity t4561}}} to stack=1 task=4561 at 0
V/WindowManager(  459): Based on layer: Adding window Window{340b46a1 u0 com.android.chrome/org.chromium.chrome.browser.firstrun.FirstRunActivity} at 3 of 17
I/ActivityManager(  459): Start proc 27492:com.android.chrome:sandboxed_process0/u0i35 for service com.android.chrome/org.chromium.content.app.SandboxedProcessService0
I/ActivityManager(  459): Start proc 27540:com.android.chrome:privileged_process0/u0a35 for service com.android.chrome/org.chromium.content.app.PrivilegedProcessService0
D/ConnectivityService(  459): listenForNetwork for NetworkRequest [ id=56, legacyType=-1, [ Capabilities: INTERNET&NOT_RESTRICTED&TRUSTED] ]
D/ConnectivityService(  459): handleRegisterNetworkRequest checking NetworkAgentInfo [WIFI () - 101]
D/ConnectivityService(  459): apparently satisfied.  currentScore=56
D/ConnectivityService(  459): listenForNetwork for NetworkRequest [ id=57, legacyType=-1, [ Capabilities: INTERNET&NOT_RESTRICTED&TRUSTED] ]
D/ConnectivityService(  459): handleRegisterNetworkRequest checking NetworkAgentInfo [WIFI () - 101]
D/ConnectivityService(  459): apparently satisfied.  currentScore=56
D/ConnectivityService(  459): updateNetworkScore for NetworkAgentInfo [WIFI () - 101] to 60
D/ConnectivityService(  459): rematching NetworkAgentInfo [WIFI () - 101]
D/ConnectivityService(  459): Network NetworkAgentInfo [WIFI () - 101] was already satisfying request 1. No change.
D/ConnectivityService(  459): notifyType AVAILABLE for NetworkAgentInfo [WIFI () - 101]
I/ActivityManager(  459): START u0 {act=android.intent.action.VIEW flg=0x10808000 cmp=com.android.chrome/com.google.android.apps.chrome.Main (has extras)} from uid 10035 on display 0
V/WindowManager(  459): addAppToken: AppWindowToken{32f83cae token=Token{15d95129 ActivityRecord{1d564eb0 u0 com.android.chrome/com.google.android.apps.chrome.Main t4562}}} to stack=1 task=4562 at 0
D/ConnectivityService(  459): releasing NetworkRequest NetworkRequest [ id=57, legacyType=-1, [ Capabilities: INTERNET&NOT_RESTRICTED&TRUSTED] ]
D/ConnectivityService(  459): listenForNetwork for NetworkRequest [ id=58, legacyType=-1, [ Capabilities: INTERNET&NOT_RESTRICTED&TRUSTED] ]
D/ConnectivityService(  459): handleRegisterNetworkRequest checking NetworkAgentInfo [WIFI () - 101]
D/ConnectivityService(  459): apparently satisfied.  currentScore=60
I/ActivityManager(  459): START u0 {act=android.intent.action.VIEW flg=0x14002000 cmp=com.android.chrome/org.chromium.chrome.browser.ChromeTabbedActivity (has extras)} from uid 10035 on display 0
