V/WindowManager(  459): Layouts looping: On entry to LockedInner, mPendingLayoutChanges = 0x1
V/WindowManager(  459): Layouts looping: loop number 5, mPendingLayoutChanges = 0x0
V/WindowManager(  459): Layouts looping: after finishPostLayoutPolicyLw, mPendingLayoutChanges = 0x0
V/WindowManager(  459): Layouts looping: mLayoutNeeded, mPendingLayoutChanges = 0x1
E/WindowManager(  459): Performed 6 layouts in a row. Skipping
I/WindowManager(  459): Screen frozen for +802ms due to Window{15d52a05 u0 Starting com.halfbrick.fruitninjafree}
W/ResourcesManager(30558): Asset path '/system/framework/com.android.media.remotedisplay.jar' does not exist or contains no resources.
W/ResourcesManager(30558): Asset path '/system/framework/com.android.location.provider.jar' does not exist or contains no resources.
I/ActivityManager(  459): Start proc 30665:com.android.vending/u0a18 for service com.android.vending/com.google.android.finsky.billing.iab.InAppBillingService
D/ConnectivityService(  459): listenForNetwork for NetworkRequest [ id=64, legacyType=-1, [ Capabilities: INTERNET&NOT_RESTRICTED&TRUSTED] ]
I/ActivityManager(  459): START u0 {act=com.android.systemui.recents.SHOW_RECENTS flg=0x10804000 cmp=com.android.systemui/.recents.RecentsActivity} from uid 10022 on display 0
V/WindowManager(  459): Adding window Window{30fb0515 u0 com.android.systemui/com.android.systemui.recents.RecentsActivity} at 4 of 17 (after Window{97f2b52 u0 com.google.android.googlequicksearchbox/com.google.android.launcher.GEL})
I/ActivityManager(  459): Killing 30558:com.halfbrick.fruitninjafree/u0a83 (adj 9): remove task
I/WindowState(  459): WIN DEATH: Window{3be41c98 u0 com.halfbrick.fruitninjafree/com.halfbrick.mortar.MortarGameActivity}
W/WindowManager(  459): Force-removing child win Window{3ea8272d u0 SurfaceView} from container Window{3be41c98 u0 com.halfbrick.fruitninjafree/com.halfbrick.mortar.MortarGameActivity}
W/WindowManager(  459): Failed looking up window
W/WindowManager(  459): java.lang.IllegalArgumentException: Requested window android.os.BinderProxy@364a6a44 does not exist
W/WindowManager(  459): 	at com.android.server.wm.WindowManagerService.windowForClientLocked(WindowManagerService.java:8539)
W/WindowManager(  459): 	at com.android.server.wm.WindowManagerService.windowForClientLocked(WindowManagerService.java:8530)
W/WindowManager(  459): 	at com.android.server.wm.WindowState$DeathRecipient.binderDied(WindowState.java:1142)
W/WindowManager(  459): 	at android.os.BinderProxy.sendDeathNotice(Binder.java:551)
I/WindowState(  459): WIN DEATH: null
I/ActivityManager(  459): START u0 {act=android.intent.action.MAIN cat=[android.intent.category.HOME] flg=0x10200000 cmp=com.google.android.googlequicksearchbox/com.google.android.launcher.GEL} from uid 10022 on display 0
D/TaskPersister(  459): removeObsoleteFile: deleting file=4574_task.xml
D/TaskPersister(  459): removeObsoleteFile: deleting file=4574_task_thumbnail.png
V/ActivityManager(  459): Display changed displayId=0
I/ActivityManager(  459): Config changes=480 {1.0 ?mcc?mnc en_US ldltr sw768dp w768dp h951dp 320dpi xlrg port finger -keyb/v/h -nav/h s.15}
V/WindowManager(  459): Adding window Window{277ae656 u0 com.google.android.googlequicksearchbox/com.google.android.launcher.GEL} at 2 of 15 (after Window{30fb0515 u0 com.android.systemui/com.android.systemui.recents.RecentsActivity})
V/WindowManager(  459): Adding window Window{26b8dd53 u0 com.google.android.googlequicksearchbox/com.google.android.launcher.GEL} at 2 of 15 (after Window{30fb0515 u0 com.android.systemui/com.android.systemui.recents.RecentsActivity})
I/WindowManager(  459): Screen frozen for +507ms due to Window{26b8dd53 u0 com.google.android.googlequicksearchbox/com.google.android.launcher.GEL}
D/ConnectivityService(  459): listenForNetwork for NetworkRequest [ id=65, legacyType=-1, [ Capabilities: INTERNET&NOT_RESTRICTED&TRUSTED] ]
I/ActivityManager(  459): Start proc 30821:com.halfbrick.fruitninjafree/u0a83 for broadcast com.halfbrick.fruitninjafree/com.otherlevels.android.sdk.ServiceReceiver
W/ResourcesManager(30821): Asset path '/system/framework/com.android.media.remotedisplay.jar' does not exist or contains no resources.
W/ResourcesManager(30821): Asset path '/system/framework/com.android.location.provider.jar' does not exist or contains no resources.
W/ResourcesManager(30821): Asset path '/system/framework/com.android.media.remotedisplay.jar' does not exist or contains no resources.
W/ResourcesManager(30821): Asset path '/system/framework/com.android.location.provider.jar' does not exist or contains no resources.
W/BroadcastQueue(  459): Skipping deliver [background] BroadcastRecord{259276b9 u-1 android.net.conn.CONNECTIVITY_CHANGE} to ReceiverList{2b9f1afe 30905 (unknown name)/2000/u-1 remote:367de903}: process crashing
I/ActivityManager(  459): START u0 {act=android.intent.action.MAIN cat=[android.intent.category.LAUNCHER] flg=0x10200000 cmp=com.quicinc.trepn/.userinterface.main.TrepnActivity} from uid 2000 on display 0
V/WindowManager(  459): addAppToken: AppWindowToken{45ac575 token=Token{3f16f4ac ActivityRecord{2b6c125f u0 com.quicinc.trepn/.userinterface.main.TrepnActivity t4575}}} to stack=1 task=4575 at 0
V/WindowManager(  459): Adding window Window{3ab12d44 u0 Starting com.quicinc.trepn} at 3 of 16 (after Window{26b8dd53 u0 com.google.android.googlequicksearchbox/com.google.android.launcher.GEL})
V/WindowManager(  459): Adding window Window{416e0dc u0 com.quicinc.trepn/com.quicinc.trepn.userinterface.main.TrepnActivity} at 3 of 17 (before Window{3ab12d44 u0 Starting com.quicinc.trepn})
I/ActivityManager(  459): Force stopping com.quicinc.trepn appid=10091 user=0: from pid 30959
I/ActivityManager(  459): Killing 27994:com.quicinc.trepn/u0a91 (adj 0): stop com.quicinc.trepn
I/WindowState(  459): WIN DEATH: Window{416e0dc u0 com.quicinc.trepn/com.quicinc.trepn.userinterface.main.TrepnActivity}
W/ActivityManager(  459): Scheduling restart of crashed service com.quicinc.trepn/.TrepnService in 1000ms
W/ActivityManager(  459): Force removing ActivityRecord{2b6c125f u0 com.quicinc.trepn/.userinterface.main.TrepnActivity t4575}: app died, no saved state
I/ActivityManager(  459):   Force stopping service ServiceRecord{2ce87664 u0 com.quicinc.trepn/.TrepnService}
W/ActivityManager(  459): Spurious death for ProcessRecord{2935d9b0 27994:com.quicinc.trepn/u0a91}, curProc for 27994: null
W/InputMethodManagerService(  459): Got RemoteException sending setActive(false) notification to pid 27994 uid 10091
I/ActivityManager(  459): Start proc 30995:com.quicinc.trepn/u0a91 for service com.quicinc.trepn/.TrepnService
I/ActivityManager(  459): Force stopping com.android.chrome appid=10035 user=0: from pid 31033
I/ActivityManager(  459): Killing 28824:com.android.chrome/u0a35 (adj 15): stop com.android.chrome
W/ActivityManager(  459): Spurious death for ProcessRecord{1d5b0e5d 28824:com.android.chrome/u0a35}, curProc for 28824: null
I/ActivityManager(  459): START u0 {act=android.intent.action.VIEW flg=0x10008000 cmp=com.android.chrome/com.google.android.apps.chrome.Main} from uid 2000 on display 0
V/WindowManager(  459): addAppToken: AppWindowToken{a5a9ba0 token=Token{35b2eca3 ActivityRecord{3713a3d2 u0 com.android.chrome/com.google.android.apps.chrome.Main t4576}}} to stack=1 task=4576 at 0
I/ActivityManager(  459): Start proc 31045:com.android.chrome/u0a35 for activity com.android.chrome/com.google.android.apps.chrome.Main
W/ResourcesManager(31045): Asset path '/system/framework/com.android.media.remotedisplay.jar' does not exist or contains no resources.
W/ResourcesManager(31045): Asset path '/system/framework/com.android.location.provider.jar' does not exist or contains no resources.
I/ActivityManager(  459): START u0 {cmp=com.android.chrome/org.chromium.chrome.browser.firstrun.FirstRunActivity (has extras)} from uid 10035 on display 0
V/WindowManager(  459): addAppToken: AppWindowToken{1f52f491 token=Token{97c3eb8 ActivityRecord{2b074d1b u0 com.android.chrome/org.chromium.chrome.browser.firstrun.FirstRunActivity t4577}}} to stack=1 task=4577 at 0
V/WindowManager(  459): Based on layer: Adding window Window{3a06a4c9 u0 com.android.chrome/org.chromium.chrome.browser.firstrun.FirstRunActivity} at 3 of 17
I/ActivityManager(  459): Start proc 31074:com.android.chrome:sandboxed_process0/u0i44 for service com.android.chrome/org.chromium.content.app.SandboxedProcessService0
I/ActivityManager(  459): Start proc 31117:com.android.chrome:privileged_process0/u0a35 for service com.android.chrome/org.chromium.content.app.PrivilegedProcessService0
D/ConnectivityService(  459): listenForNetwork for NetworkRequest [ id=66, legacyType=-1, [ Capabilities: INTERNET&NOT_RESTRICTED&TRUSTED] ]
D/ConnectivityService(  459): listenForNetwork for NetworkRequest [ id=67, legacyType=-1, [ Capabilities: INTERNET&NOT_RESTRICTED&TRUSTED] ]
I/ActivityManager(  459): Waited long enough for: ServiceRecord{33da6f6f u0 com.halfbrick.fruitninjafree/com.otherlevels.android.sdk.OLService}
I/ActivityManager(  459): START u0 {act=android.intent.action.VIEW flg=0x10808000 cmp=com.android.chrome/com.google.android.apps.chrome.Main (has extras)} from uid 10035 on display 0
V/WindowManager(  459): addAppToken: AppWindowToken{321bfe45 token=Token{19c94ebc ActivityRecord{22064aaf u0 com.android.chrome/com.google.android.apps.chrome.Main t4578}}} to stack=1 task=4578 at 0
D/ConnectivityService(  459): releasing NetworkRequest NetworkRequest [ id=67, legacyType=-1, [ Capabilities: INTERNET&NOT_RESTRICTED&TRUSTED] ]
D/ConnectivityService(  459): listenForNetwork for NetworkRequest [ id=68, legacyType=-1, [ Capabilities: INTERNET&NOT_RESTRICTED&TRUSTED] ]
I/ActivityManager(  459): START u0 {act=android.intent.action.VIEW flg=0x14002000 cmp=com.android.chrome/org.chromium.chrome.browser.ChromeTabbedActivity (has extras)} from uid 10035 on display 0
V/WindowManager(  459): addAppToken: AppWindowToken{31c8b0fd token=Token{37f2b954 ActivityRecord{250ee0a7 u0 com.android.chrome/org.chromium.chrome.browser.ChromeTabbedActivity t4579}}} to stack=1 task=4579 at 0
V/WindowManager(  459): Based on layer: Adding window Window{22fc7d4a u0 Starting com.android.chrome} at 4 of 18
V/WindowManager(  459): Adding window Window{1e11f84 u0 com.android.chrome/org.chromium.chrome.browser.ChromeTabbedActivity} at 4 of 19 (before Window{22fc7d4a u0 Starting com.android.chrome})
V/WindowManager(  459): Adding window Window{3faf6ba2 u0 SurfaceView} at 4 of 20 (before Window{1e11f84 u0 com.android.chrome/org.chromium.chrome.browser.ChromeTabbedActivity})
I/ActivityManager(  459): Start proc 31243:com.google.android.partnersetup/u0a12 for content provider com.google.android.partnersetup/.RlzAppProvider
I/ActivityManager(  459): Start proc 31305:com.android.chrome:sandboxed_process1/u0i45 for service com.android.chrome/org.chromium.content.app.SandboxedProcessService1
I/ActivityManager(  459): Activity reported stop, but no longer stopping: ActivityRecord{2b074d1b u0 com.android.chrome/org.chromium.chrome.browser.firstrun.FirstRunActivity t4577 f}
W/FileUtils(30995): Failed to chmod(/storage/emulated/0/trepn/Trepn_2018.06.17_151851.db): android.system.ErrnoException: chmod failed: EPERM (Operation not permitted)
I/ActivityManager(  459): Start proc 31346:com.android.providers.partnerbookmarks/u0a65 for content provider com.android.providers.partnerbookmarks/.PartnerBookmarksProvider
I/ActivityManager(  459): START u0 {act=android.intent.action.VIEW dat=localhost:8000 flg=0x10000000 cmp=com.android.chrome/com.google.android.apps.chrome.Main} from uid 2000 on display 0
V/WindowManager(  459): addAppToken: AppWindowToken{16216310 token=Token{14236bd3 ActivityRecord{7e6e1c2 u0 com.android.chrome/com.google.android.apps.chrome.Main t4580}}} to stack=1 task=4580 at 0
D/ConnectivityService(  459): releasing NetworkRequest NetworkRequest [ id=68, legacyType=-1, [ Capabilities: INTERNET&NOT_RESTRICTED&TRUSTED] ]
D/ConnectivityService(  459): listenForNetwork for NetworkRequest [ id=69, legacyType=-1, [ Capabilities: INTERNET&NOT_RESTRICTED&TRUSTED] ]
I/ActivityManager(  459): START u0 {act=android.intent.action.VIEW dat=localhost:8000 flg=0x14002000 cmp=com.android.chrome/org.chromium.chrome.browser.ChromeTabbedActivity (has extras)} from uid 10035 on display 0
W/InputMethodManagerService(  459): Window already focused, ignoring focus gain of: com.android.internal.view.IInputMethodClient$Stub$Proxy@3302e71a attribute=null, token = android.os.BinderProxy@209b4197
I/ActivityManager(  459): Start proc 31394:com.android.chrome:sandboxed_process2/u0i46 for service com.android.chrome/org.chromium.content.app.SandboxedProcessService2
D/TaskPersister(  459): removeObsoleteFile: deleting file=4577_task_thumbnail.png
W/libprocessgroup(  459): failed to open /acct/uid_10035/pid_31305/cgroup.procs: No such file or directory
I/ActivityManager(  459): Process com.android.chrome:sandboxed_process1 (pid 31305) has died
W/ActivityManager(  459): Scheduling restart of crashed service com.android.chrome/org.chromium.content.app.SandboxedProcessService1 in 1000ms
I/ActivityManager(  459): Force stopping com.android.chrome appid=10035 user=0: from pid 31710
I/ActivityManager(  459): Killing 31117:com.android.chrome:privileged_process0/u0a35 (adj 0): stop com.android.chrome
W/ActivityManager(  459): Scheduling restart of crashed service com.android.chrome/org.chromium.content.app.PrivilegedProcessService0 in 1000ms
I/ActivityManager(  459): Killing 31045:com.android.chrome/u0a35 (adj 0): stop com.android.chrome
D/ConnectivityService(  459): ConnectivityService NetworkRequestInfo binderDied(NetworkRequest [ id=66, legacyType=-1, [ Capabilities: INTERNET&NOT_RESTRICTED&TRUSTED] ], android.os.BinderProxy@277dd164)
I/WindowState(  459): WIN DEATH: Window{1e11f84 u0 com.android.chrome/org.chromium.chrome.browser.ChromeTabbedActivity}
W/WindowManager(  459): Force-removing child win Window{3faf6ba2 u0 SurfaceView} from container Window{1e11f84 u0 com.android.chrome/org.chromium.chrome.browser.ChromeTabbedActivity}
D/ConnectivityService(  459): releasing NetworkRequest NetworkRequest [ id=66, legacyType=-1, [ Capabilities: INTERNET&NOT_RESTRICTED&TRUSTED] ]
D/ConnectivityService(  459): ConnectivityService NetworkRequestInfo binderDied(NetworkRequest [ id=69, legacyType=-1, [ Capabilities: INTERNET&NOT_RESTRICTED&TRUSTED] ], android.os.BinderProxy@3db6cfcd)
E/ConnectivityService(  459): RemoteException caught trying to send a callback msg for NetworkRequest [ id=66, legacyType=-1, [ Capabilities: INTERNET&NOT_RESTRICTED&TRUSTED] ]
D/ConnectivityService(  459): releasing NetworkRequest NetworkRequest [ id=69, legacyType=-1, [ Capabilities: INTERNET&NOT_RESTRICTED&TRUSTED] ]
E/ConnectivityService(  459): RemoteException caught trying to send a callback msg for NetworkRequest [ id=69, legacyType=-1, [ Capabilities: INTERNET&NOT_RESTRICTED&TRUSTED] ]
W/WindowManager(  459): Failed looking up window
W/WindowManager(  459): java.lang.IllegalArgumentException: Requested window android.os.BinderProxy@88cd36d does not exist
W/WindowManager(  459): 	at com.android.server.wm.WindowManagerService.windowForClientLocked(WindowManagerService.java:8539)
W/WindowManager(  459): 	at com.android.server.wm.WindowManagerService.windowForClientLocked(WindowManagerService.java:8530)
W/WindowManager(  459): 	at com.android.server.wm.WindowState$DeathRecipient.binderDied(WindowState.java:1142)
W/WindowManager(  459): 	at android.os.BinderProxy.sendDeathNotice(Binder.java:551)
I/WindowState(  459): WIN DEATH: null
W/ActivityManager(  459): Exception when unbinding service com.android.chrome/org.chromium.content.app.SandboxedProcessService0
W/ActivityManager(  459): android.os.DeadObjectException
W/ActivityManager(  459): 	at android.os.BinderProxy.transactNative(Native Method)
W/ActivityManager(  459): 	at android.os.BinderProxy.transact(Binder.java:496)
W/ActivityManager(  459): 	at android.app.ApplicationThreadProxy.scheduleUnbindService(ApplicationThreadNative.java:921)
W/ActivityManager(  459): 	at com.android.server.am.ActiveServices.removeConnectionLocked(ActiveServices.java:1795)
W/ActivityManager(  459): 	at com.android.server.am.ActiveServices.killServicesLocked(ActiveServices.java:2193)
W/ActivityManager(  459): 	at com.android.server.am.ActivityManagerService.cleanUpApplicationRecordLocked(ActivityManagerService.java:14895)
W/ActivityManager(  459): 	at com.android.server.am.ActivityManagerService.handleAppDiedLocked(ActivityManagerService.java:4552)
W/ActivityManager(  459): 	at com.android.server.am.ActivityManagerService.removeProcessLocked(ActivityManagerService.java:5789)
W/ActivityManager(  459): 	at com.android.server.am.ActivityManagerService.killPackageProcessesLocked(ActivityManagerService.java:5594)
W/ActivityManager(  459): 	at com.android.server.am.ActivityManagerService.forceStopPackageLocked(ActivityManagerService.java:5655)
W/ActivityManager(  459): 	at com.android.server.am.ActivityManagerService.forceStopPackageLocked(ActivityManagerService.java:5499)
W/ActivityManager(  459): 	at com.android.server.am.ActivityManagerService.forceStopPackage(ActivityManagerService.java:5309)
W/ActivityManager(  459): 	at android.app.ActivityManagerNative.onTransact(ActivityManagerNative.java:1461)
W/ActivityManager(  459): 	at com.android.server.am.ActivityManagerService.onTransact(ActivityManagerService.java:2208)
W/ActivityManager(  459): 	at android.os.Binder.execTransact(Binder.java:446)
W/ActivityManager(  459): Exception when unbinding service com.android.chrome/org.chromium.content.app.SandboxedProcessService2
W/ActivityManager(  459): android.os.DeadObjectException
W/ActivityManager(  459): 	at android.os.BinderProxy.transactNative(Native Method)
W/ActivityManager(  459): 	at android.os.BinderProxy.transact(Binder.java:496)
W/ActivityManager(  459): 	at android.app.ApplicationThreadProxy.scheduleUnbindService(ApplicationThreadNative.java:921)
W/ActivityManager(  459): 	at com.android.server.am.ActiveServices.removeConnectionLocked(ActiveServices.java:1795)
W/ActivityManager(  459): 	at com.android.server.am.ActiveServices.killServicesLocked(ActiveServices.java:2193)
W/ActivityManager(  459): 	at com.android.server.am.ActivityManagerService.cleanUpApplicationRecordLocked(ActivityManagerService.java:14895)
W/ActivityManager(  459): 	at com.android.server.am.ActivityManagerService.handleAppDiedLocked(ActivityManagerService.java:4552)
W/ActivityManager(  459): 	at com.android.server.am.ActivityManagerService.removeProcessLocked(ActivityManagerService.java:5789)
W/ActivityManager(  459): 	at com.android.server.am.ActivityManagerService.killPackageProcessesLocked(ActivityManagerService.java:5594)
W/ActivityManager(  459): 	at com.android.server.am.ActivityManagerService.forceStopPackageLocked(ActivityManagerService.java:5655)
W/ActivityManager(  459): 	at com.android.server.am.ActivityManagerService.forceStopPackageLocked(ActivityManagerService.java:5499)
W/ActivityManager(  459): 	at com.android.server.am.ActivityManagerService.forceStopPackage(ActivityManagerService.java:5309)
W/ActivityManager(  459): 	at android.app.ActivityManagerNative.onTransact(ActivityManagerNative.java:1461)
W/ActivityManager(  459): 	at com.android.server.am.ActivityManagerService.onTransact(ActivityManagerService.java:2208)
W/ActivityManager(  459): 	at android.os.Binder.execTransact(Binder.java:446)
I/ActivityManager(  459): Killing 31074:com.android.chrome:sandboxed_process0/u0a35i44 (adj 9): isolated not needed
W/libprocessgroup(  459): failed to open /acct/uid_10035/pid_31074/cgroup.procs: No such file or directory
W/ActivityManager(  459): Force removing ActivityRecord{250ee0a7 u0 com.android.chrome/org.chromium.chrome.browser.ChromeTabbedActivity t4579}: app died, no saved state
I/ActivityManager(  459): Killing 31394:com.android.chrome:sandboxed_process2/u0a35i46 (adj 9): isolated not needed
W/libprocessgroup(  459): failed to open /acct/uid_10035/pid_31394/cgroup.procs: No such file or directory
W/ActivityManager(  459): Spurious death for ProcessRecord{bc2799a 31117:com.android.chrome:privileged_process0/u0a35}, curProc for 31117: null
W/ActivityManager(  459): Unbind failed: could not find connection for android.os.BinderProxy@3d7e262c
W/ActivityManager(  459): Spurious death for ProcessRecord{377f97ce 31045:com.android.chrome/u0a35}, curProc for 31045: null
W/InputMethodManagerService(  459): Got RemoteException sending setActive(false) notification to pid 31045 uid 10035
I/ActivityManager(  459): Force stopping com.android.chrome appid=10035 user=0: clear data
I/ActivityManager(  459): Start proc 31758:com.android.documentsui/u0a40 for broadcast com.android.documentsui/.PackageReceiver
D/TaskPersister(  459): removeObsoleteFile: deleting file=4579_task.xml
D/TaskPersister(  459): removeObsoleteFile: deleting file=4579_task_thumbnail.png
I/ActivityManager(  459): Start proc 31770:com.android.defcontainer/u0a4 for service com.android.defcontainer/.DefaultContainerService
I/ActivityManager(  459): Start proc 31805:com.android.externalstorage/u0a6 for content provider com.android.externalstorage/.ExternalStorageProvider
I/ActivityManager(  459): Start proc 31823:com.google.android.apps.docs/u0a41 for content provider com.google.android.apps.docs/.storagebackend.StorageBackendContentProvider
I/ActivityManager(  459): Start proc 31846:com.android.chrome/u0a35 for content provider com.android.chrome/com.google.android.apps.chrome.icing.IcingProvider
W/ResourcesManager(31846): Asset path '/system/framework/com.android.media.remotedisplay.jar' does not exist or contains no resources.
W/ResourcesManager(31846): Asset path '/system/framework/com.android.location.provider.jar' does not exist or contains no resources.
W/FileUtils(30995): Failed to chmod(/storage/emulated/0/trepn/Trepn_2018.06.17_151851.db): android.system.ErrnoException: chmod failed: EPERM (Operation not permitted)
W/ResourcesManager(31823): Asset path '/system/framework/com.android.media.remotedisplay.jar' does not exist or contains no resources.
W/ResourcesManager(31823): Asset path '/system/framework/com.android.location.provider.jar' does not exist or contains no resources.
I/ActivityManager(  459): Killing 30036:com.google.android.talk/u0a13 (adj 15): empty for 1801s
I/ActivityManager(  459): Force stopping com.android.chrome appid=10035 user=0: from pid 32528
I/ActivityManager(  459): Killing 31846:com.android.chrome/u0a35 (adj 9): stop com.android.chrome
W/ActivityManager(  459): Spurious death for ProcessRecord{2d691375 31846:com.android.chrome/u0a35}, curProc for 31846: null
I/ActivityManager(  459): Force stopping com.android.chrome appid=10035 user=0: clear data
I/ActivityManager(  459): Start proc 32574:com.android.chrome/u0a35 for content provider com.android.chrome/com.google.android.apps.chrome.icing.IcingProvider
W/ResourcesManager(32574): Asset path '/system/framework/com.android.media.remotedisplay.jar' does not exist or contains no resources.
W/ResourcesManager(32574): Asset path '/system/framework/com.android.location.provider.jar' does not exist or contains no resources.
I/ActivityManager(  459): Killing 30116:com.opera.browser:alarm_receiver/u0a85 (adj 15): empty for 1810s
I/ValidateNoPeople(  459): skipping global notification
D/WifiService(  459): acquireWifiLockLocked: WifiLock{NlpWifiLock type=2 binder=android.os.BinderProxy@1bcffff8}
D/WifiService(  459): releaseWifiLockLocked: WifiLock{NlpWifiLock type=2 binder=android.os.BinderProxy@1bcffff8}
W/ProcessStats(  459): Time val negative: -16752
W/ProcessStats(  459): Time val negative: -16752
W/ProcessStats(  459): Time val negative: -16752
I/ProcessStatsService(  459): Prepared write state in 4ms
W/ProcessStats(  459): Time val negative: -16752
W/ProcessStats(  459): Time val negative: -16752
W/ProcessStats(  459): Time val negative: -16752
I/ProcessStatsService(  459): Prepared write state in 5ms
D/WifiService(  459): acquireWifiLockLocked: WifiLock{NlpWifiLock type=2 binder=android.os.BinderProxy@1eb7b683}
D/WifiService(  459): releaseWifiLockLocked: WifiLock{NlpWifiLock type=2 binder=android.os.BinderProxy@1eb7b683}
I/ActivityManager(  459): START u0 {act=android.intent.action.MAIN cat=[android.intent.category.LAUNCHER] flg=0x10200000 cmp=com.android.chrome/com.google.android.apps.chrome.Main bnds=[464,1773][678,1941] (has extras)} from uid 10024 on display 0
V/WindowManager(  459): addAppToken: AppWindowToken{3fffc756 token=Token{9833d71 ActivityRecord{2b4e9f18 u0 com.android.chrome/com.google.android.apps.chrome.Main t4581}}} to stack=1 task=4581 at 0
I/ActivityManager(  459): START u0 {cmp=com.android.chrome/org.chromium.chrome.browser.firstrun.FirstRunActivity (has extras)} from uid 10035 on display 0
V/WindowManager(  459): addAppToken: AppWindowToken{cc34673 token=Token{1a4902e2 ActivityRecord{123d3fad u0 com.android.chrome/org.chromium.chrome.browser.firstrun.FirstRunActivity t4582}}} to stack=1 task=4582 at 0
V/DeadZone(  663): consuming errant click: (0.0,56.905884)
V/WindowManager(  459): Based on layer: Adding window Window{1aef10eb u0 com.android.chrome/org.chromium.chrome.browser.firstrun.FirstRunActivity} at 3 of 17
I/ActivityManager(  459): Start proc 2137:com.android.chrome:sandboxed_process0/u0i47 for service com.android.chrome/org.chromium.content.app.SandboxedProcessService0
I/ActivityManager(  459): Start proc 2181:com.android.chrome:privileged_process0/u0a35 for service com.android.chrome/org.chromium.content.app.PrivilegedProcessService0
D/ConnectivityService(  459): listenForNetwork for NetworkRequest [ id=70, legacyType=-1, [ Capabilities: INTERNET&NOT_RESTRICTED&TRUSTED] ]
D/ConnectivityService(  459): listenForNetwork for NetworkRequest [ id=71, legacyType=-1, [ Capabilities: INTERNET&NOT_RESTRICTED&TRUSTED] ]
I/ActivityManager(  459): START u0 {flg=0x14000000 cmp=com.estrongs.android.pop/.view.FileExplorerActivity (has extras)} from uid 10089 on display 0
V/WindowManager(  459): addAppToken: AppWindowToken{cec4331 token=Token{13c523d8 ActivityRecord{383e12bb u0 com.estrongs.android.pop/.view.FileExplorerActivity t4583}}} to stack=1 task=4583 at 0
V/WindowManager(  459): Adding window Window{11ad61a2 u0 Starting com.estrongs.android.pop} at 4 of 17 (after Window{1aef10eb u0 com.android.chrome/org.chromium.chrome.browser.firstrun.FirstRunActivity})
D/ConnectivityService(  459): releasing NetworkRequest NetworkRequest [ id=71, legacyType=-1, [ Capabilities: INTERNET&NOT_RESTRICTED&TRUSTED] ]
V/WindowManager(  459): Adding window Window{9157752 u0 com.estrongs.android.pop/com.estrongs.android.pop.view.FileExplorerActivity} at 4 of 18 (before Window{11ad61a2 u0 Starting com.estrongs.android.pop})
I/ActivityManager(  459): START u0 {act=com.android.systemui.recents.SHOW_RECENTS flg=0x10804000 cmp=com.android.systemui/.recents.RecentsActivity} from uid 10022 on display 0
V/WindowManager(  459): Adding window Window{2c684603 u0 com.android.systemui/com.android.systemui.recents.RecentsActivity} at 4 of 17 (after Window{26b8dd53 u0 com.google.android.googlequicksearchbox/com.google.android.launcher.GEL})
I/ActivityManager(  459): Killing 1805:com.estrongs.android.pop:local/u0a89 (adj 16): remove task
W/ActivityManager(  459): Scheduling restart of crashed service com.estrongs.android.pop/com.android.apps.pros.LocalCService in 1000ms
D/TaskPersister(  459): removeObsoleteFile: deleting file=4583_task.xml
D/TaskPersister(  459): removeObsoleteFile: deleting file=4512_task_thumbnail.png
D/TaskPersister(  459): removeObsoleteFile: deleting file=4583_task_thumbnail.png
I/ActivityManager(  459): Killing 30995:com.quicinc.trepn/u0a91 (adj 13): remove task
D/TaskPersister(  459): removeObsoleteFile: deleting file=4575_task.xml
I/ActivityManager(  459): START u0 {act=android.intent.action.MAIN cat=[android.intent.category.HOME] flg=0x10200000 cmp=com.google.android.googlequicksearchbox/com.google.android.launcher.GEL} from uid 10022 on display 0
I/ActivityManager(  459): Start proc 2354:com.estrongs.android.pop:local/u0a89 for service com.estrongs.android.pop/com.android.apps.pros.LocalCService
I/ActivityManager(  459): START u0 {act=android.intent.action.MAIN cat=[android.intent.category.LAUNCHER] flg=0x10200000 cmp=com.android.chrome/com.google.android.apps.chrome.Main bnds=[464,1773][678,1941] (has extras)} from uid 10024 on display 0
V/WindowManager(  459): addAppToken: AppWindowToken{24a9b137 token=Token{2bd70e36 ActivityRecord{2b61d3d1 u0 com.android.chrome/com.google.android.apps.chrome.Main t4584}}} to stack=1 task=4584 at 0
D/ConnectivityService(  459): listenForNetwork for NetworkRequest [ id=72, legacyType=-1, [ Capabilities: INTERNET&NOT_RESTRICTED&TRUSTED] ]
I/ActivityManager(  459): START u0 {cmp=com.android.chrome/org.chromium.chrome.browser.firstrun.FirstRunActivity (has extras)} from uid 10035 on display 0
I/ActivityManager(  459): START u0 {act=android.intent.action.MAIN cat=[android.intent.category.LAUNCHER] flg=0x10a00000 cmp=com.android.chrome/com.google.android.apps.chrome.Main bnds=[464,1773][678,1941] (has extras)} from uid 10035 on display 0
V/WindowManager(  459): addAppToken: AppWindowToken{164be27d token=Token{13a5c0d4 ActivityRecord{16135627 u0 com.android.chrome/com.google.android.apps.chrome.Main t4585}}} to stack=1 task=4585 at 0
D/ConnectivityService(  459): releasing NetworkRequest NetworkRequest [ id=72, legacyType=-1, [ Capabilities: INTERNET&NOT_RESTRICTED&TRUSTED] ]
D/ConnectivityService(  459): listenForNetwork for NetworkRequest [ id=73, legacyType=-1, [ Capabilities: INTERNET&NOT_RESTRICTED&TRUSTED] ]
I/ActivityManager(  459): START u0 {act=android.intent.action.MAIN cat=[android.intent.category.LAUNCHER] flg=0x14002000 cmp=com.android.chrome/org.chromium.chrome.browser.ChromeTabbedActivity bnds=[464,1773][678,1941] (has extras)} from uid 10035 on display 0
V/WindowManager(  459): addAppToken: AppWindowToken{2652e31f token=Token{250fb6be ActivityRecord{3bb92979 u0 com.android.chrome/org.chromium.chrome.browser.ChromeTabbedActivity t4586}}} to stack=1 task=4586 at 0
V/WindowManager(  459): Based on layer: Adding window Window{1a250704 u0 Starting com.android.chrome} at 4 of 17
V/WindowManager(  459): Adding window Window{18f54b6e u0 com.android.chrome/org.chromium.chrome.browser.ChromeTabbedActivity} at 4 of 18 (before Window{1a250704 u0 Starting com.android.chrome})
V/WindowManager(  459): Adding window Window{3774329c u0 SurfaceView} at 4 of 19 (before Window{18f54b6e u0 com.android.chrome/org.chromium.chrome.browser.ChromeTabbedActivity})
I/ActivityManager(  459): Start proc 2488:com.android.chrome:sandboxed_process1/u0i48 for service com.android.chrome/org.chromium.content.app.SandboxedProcessService1
I/ActivityManager(  459): Activity reported stop, but no longer stopping: ActivityRecord{123d3fad u0 com.android.chrome/org.chromium.chrome.browser.firstrun.FirstRunActivity t4582 f}
D/TaskPersister(  459): removeObsoleteFile: deleting file=4582_task_thumbnail.png
W/libprocessgroup(  459): failed to open /acct/uid_10035/pid_2488/cgroup.procs: No such file or directory
I/ActivityManager(  459): Process com.android.chrome:sandboxed_process1 (pid 2488) has died
W/ActivityManager(  459): Scheduling restart of crashed service com.android.chrome/org.chromium.content.app.SandboxedProcessService1 in 1000ms
V/DeadZone(  663): consuming errant click: (129.45786,28.473755)
V/ActivityManager(  459): Display changed displayId=0
I/ActivityManager(  459): Config changes=480 {1.0 ?mcc?mnc en_US ldltr sw768dp w1024dp h695dp 320dpi xlrg land finger -keyb/v/h -nav/h s.16}
I/WindowManager(  459): Screen frozen for +645ms due to Window{3df9fad6 u0 com.estrongs.android.pop}
V/ActivityManager(  459): Display changed displayId=0
I/ActivityManager(  459): Config changes=480 {1.0 ?mcc?mnc en_US ldltr sw768dp w768dp h951dp 320dpi xlrg port finger -keyb/v/h -nav/h s.17}
I/WindowManager(  459): Screen frozen for +343ms due to Window{5899d5f u0 NavigationBar}
W/InputMethodManagerService(  459): Window already focused, ignoring focus gain of: com.android.internal.view.IInputMethodClient$Stub$Proxy@2ab2fd33 attribute=null, token = android.os.BinderProxy@7fa62e9
I/ActivityManager(  459): START u0 {act=com.android.systemui.recents.SHOW_RECENTS flg=0x10804000 cmp=com.android.systemui/.recents.RecentsActivity} from uid 10022 on display 0
W/libprocessgroup(  459): failed to open /acct/uid_10035/pid_2137/cgroup.procs: No such file or directory
I/ActivityManager(  459): Process com.android.chrome:sandboxed_process0 (pid 2137) has died
W/ActivityManager(  459): Scheduling restart of crashed service com.android.chrome/org.chromium.content.app.SandboxedProcessService0 in 1000ms
D/ConnectivityService(  459): releasing NetworkRequest NetworkRequest [ id=73, legacyType=-1, [ Capabilities: INTERNET&NOT_RESTRICTED&TRUSTED] ]
W/InputMethodManagerService(  459): Starting input on non-focused client com.android.internal.view.IInputMethodClient$Stub$Proxy@3180fab4 (uid=10035 pid=32574)
I/ActivityManager(  459): Killing 2181:com.android.chrome:privileged_process0/u0a35 (adj 9): remove task
I/ActivityManager(  459): Killing 32574:com.android.chrome/u0a35 (adj 9): remove task
D/ConnectivityService(  459): ConnectivityService NetworkRequestInfo binderDied(NetworkRequest [ id=70, legacyType=-1, [ Capabilities: INTERNET&NOT_RESTRICTED&TRUSTED] ], android.os.BinderProxy@3b85c6dd)
D/ConnectivityService(  459): releasing NetworkRequest NetworkRequest [ id=70, legacyType=-1, [ Capabilities: INTERNET&NOT_RESTRICTED&TRUSTED] ]
E/ConnectivityService(  459): RemoteException caught trying to send a callback msg for NetworkRequest [ id=70, legacyType=-1, [ Capabilities: INTERNET&NOT_RESTRICTED&TRUSTED] ]
W/ActivityManager(  459): Scheduling restart of crashed service com.android.chrome/org.chromium.content.app.PrivilegedProcessService0 in 1000ms
I/ActivityManager(  459): START u0 {act=android.intent.action.MAIN cat=[android.intent.category.HOME] flg=0x10200000 cmp=com.google.android.googlequicksearchbox/com.google.android.launcher.GEL} from uid 10022 on display 0
D/TaskPersister(  459): removeObsoleteFile: deleting file=4586_task.xml
D/TaskPersister(  459): removeObsoleteFile: deleting file=4586_task_thumbnail.png
D/WifiService(  459): acquireWifiLockLocked: WifiLock{NlpWifiLock type=2 binder=android.os.BinderProxy@1657aa57}
D/WifiService(  459): releaseWifiLockLocked: WifiLock{NlpWifiLock type=2 binder=android.os.BinderProxy@1657aa57}
W/BroadcastQueue(  459): Skipping deliver [background] BroadcastRecord{1a0fecb3 u-1 android.net.conn.CONNECTIVITY_CHANGE} to ReceiverList{38588270 3055 (unknown name)/2000/u-1 remote:17f96bed}: process crashing
I/ActivityManager(  459): START u0 {act=android.intent.action.MAIN cat=[android.intent.category.LAUNCHER] flg=0x10200000 cmp=com.quicinc.trepn/.userinterface.main.TrepnActivity} from uid 2000 on display 0
V/WindowManager(  459): addAppToken: AppWindowToken{2e12a10f token=Token{1980f66e ActivityRecord{80dd9e9 u0 com.quicinc.trepn/.userinterface.main.TrepnActivity t4587}}} to stack=1 task=4587 at 0
V/WindowManager(  459): Adding window Window{1c5d6546 u0 Starting com.quicinc.trepn} at 3 of 16 (after Window{26b8dd53 u0 com.google.android.googlequicksearchbox/com.google.android.launcher.GEL})
I/ActivityManager(  459): Start proc 3067:com.quicinc.trepn/u0a91 for activity com.quicinc.trepn/.userinterface.main.TrepnActivity
V/WindowManager(  459): Adding window Window{3215491b u0 com.quicinc.trepn/com.quicinc.trepn.userinterface.main.TrepnActivity} at 3 of 17 (before Window{1c5d6546 u0 Starting com.quicinc.trepn})
I/ActivityManager(  459): Force stopping com.quicinc.trepn appid=10091 user=0: from pid 3162
I/ActivityManager(  459): Killing 3067:com.quicinc.trepn/u0a91 (adj 0): stop com.quicinc.trepn
I/WindowState(  459): WIN DEATH: Window{3215491b u0 com.quicinc.trepn/com.quicinc.trepn.userinterface.main.TrepnActivity}
W/ActivityManager(  459): Force removing ActivityRecord{80dd9e9 u0 com.quicinc.trepn/.userinterface.main.TrepnActivity t4587}: app died, no saved state
W/ActivityManager(  459): Spurious death for ProcessRecord{108967a0 3067:com.quicinc.trepn/u0a91}, curProc for 3067: null
W/InputMethodManagerService(  459): Got RemoteException sending setActive(false) notification to pid 3067 uid 10091
I/ActivityManager(  459): Start proc 3200:com.quicinc.trepn/u0a91 for service com.quicinc.trepn/.TrepnService
I/ActivityManager(  459): Force stopping com.android.chrome appid=10035 user=0: from pid 3238
I/ActivityManager(  459): START u0 {act=android.intent.action.VIEW flg=0x10008000 cmp=com.android.chrome/com.google.android.apps.chrome.Main} from uid 2000 on display 0
V/WindowManager(  459): addAppToken: AppWindowToken{8039ca7 token=Token{2d60c166 ActivityRecord{be295c1 u0 com.android.chrome/com.google.android.apps.chrome.Main t4588}}} to stack=1 task=4588 at 0
I/ActivityManager(  459): Start proc 3251:com.android.chrome/u0a35 for activity com.android.chrome/com.google.android.apps.chrome.Main
W/ResourcesManager( 3251): Asset path '/system/framework/com.android.media.remotedisplay.jar' does not exist or contains no resources.
W/ResourcesManager( 3251): Asset path '/system/framework/com.android.location.provider.jar' does not exist or contains no resources.
I/ActivityManager(  459): START u0 {act=android.intent.action.VIEW flg=0x14002000 cmp=com.android.chrome/org.chromium.chrome.browser.ChromeTabbedActivity (has extras)} from uid 10035 on display 0
V/WindowManager(  459): addAppToken: AppWindowToken{11cd6aec token=Token{35799f ActivityRecord{1e1c973e u0 com.android.chrome/org.chromium.chrome.browser.ChromeTabbedActivity t4589}}} to stack=1 task=4589 at 0
V/WindowManager(  459): Based on layer: Adding window Window{1e84ef6d u0 Starting com.android.chrome} at 3 of 17
V/WindowManager(  459): Adding window Window{8ba08a1 u0 com.android.chrome/org.chromium.chrome.browser.ChromeTabbedActivity} at 3 of 18 (before Window{1e84ef6d u0 Starting com.android.chrome})
I/ActivityManager(  459): Start proc 3278:com.android.chrome:sandboxed_process0/u0i49 for service com.android.chrome/org.chromium.content.app.SandboxedProcessService0
V/WindowManager(  459): Adding window Window{1c9a2ad9 u0 SurfaceView} at 3 of 19 (before Window{8ba08a1 u0 com.android.chrome/org.chromium.chrome.browser.ChromeTabbedActivity})
I/ActivityManager(  459): Start proc 3322:com.android.chrome:privileged_process0/u0a35 for service com.android.chrome/org.chromium.content.app.PrivilegedProcessService0
D/ConnectivityService(  459): listenForNetwork for NetworkRequest [ id=74, legacyType=-1, [ Capabilities: INTERNET&NOT_RESTRICTED&TRUSTED] ]
D/ConnectivityService(  459): listenForNetwork for NetworkRequest [ id=75, legacyType=-1, [ Capabilities: INTERNET&NOT_RESTRICTED&TRUSTED] ]
V/WindowManager(  459): not Base app: Adding window Window{187cbcb1 u0 com.android.chrome/org.chromium.chrome.browser.ChromeTabbedActivity} at 5 of 19
W/FileUtils( 3200): Failed to chmod(/storage/emulated/0/trepn/Trepn_2018.06.17_153327.db): android.system.ErrnoException: chmod failed: EPERM (Operation not permitted)
I/ActivityManager(  459): START u0 {act=android.intent.action.VIEW dat=localhost:8000 flg=0x10000000 cmp=com.android.chrome/com.google.android.apps.chrome.Main} from uid 2000 on display 0
V/WindowManager(  459): addAppToken: AppWindowToken{531667a token=Token{1c3112a5 ActivityRecord{72e789c u0 com.android.chrome/com.google.android.apps.chrome.Main t4590}}} to stack=1 task=4590 at 0
D/ConnectivityService(  459): releasing NetworkRequest NetworkRequest [ id=75, legacyType=-1, [ Capabilities: INTERNET&NOT_RESTRICTED&TRUSTED] ]
D/ConnectivityService(  459): listenForNetwork for NetworkRequest [ id=76, legacyType=-1, [ Capabilities: INTERNET&NOT_RESTRICTED&TRUSTED] ]
I/ActivityManager(  459): START u0 {act=android.intent.action.VIEW dat=localhost:8000 flg=0x14002000 cmp=com.android.chrome/org.chromium.chrome.browser.ChromeTabbedActivity (has extras)} from uid 10035 on display 0
W/InputMethodManagerService(  459): Window already focused, ignoring focus gain of: com.android.internal.view.IInputMethodClient$Stub$Proxy@321ff15d attribute=null, token = android.os.BinderProxy@10cd9358
I/ActivityManager(  459): Start proc 3520:com.android.chrome:sandboxed_process1/u0i50 for service com.android.chrome/org.chromium.content.app.SandboxedProcessService1
I/ActivityManager(  459): Force stopping com.android.chrome appid=10035 user=0: from pid 3845
I/ActivityManager(  459): Killing 3322:com.android.chrome:privileged_process0/u0a35 (adj 0): stop com.android.chrome
W/ActivityManager(  459): Scheduling restart of crashed service com.android.chrome/org.chromium.content.app.PrivilegedProcessService0 in 1000ms
I/ActivityManager(  459): Killing 3251:com.android.chrome/u0a35 (adj 0): stop com.android.chrome
I/WindowState(  459): WIN DEATH: Window{8ba08a1 u0 com.android.chrome/org.chromium.chrome.browser.ChromeTabbedActivity}
W/WindowManager(  459): Force-removing child win Window{1c9a2ad9 u0 SurfaceView} from container Window{8ba08a1 u0 com.android.chrome/org.chromium.chrome.browser.ChromeTabbedActivity}
D/ConnectivityService(  459): ConnectivityService NetworkRequestInfo binderDied(NetworkRequest [ id=74, legacyType=-1, [ Capabilities: INTERNET&NOT_RESTRICTED&TRUSTED] ], android.os.BinderProxy@1fc854ad)
D/ConnectivityService(  459): releasing NetworkRequest NetworkRequest [ id=74, legacyType=-1, [ Capabilities: INTERNET&NOT_RESTRICTED&TRUSTED] ]
D/ConnectivityService(  459): ConnectivityService NetworkRequestInfo binderDied(NetworkRequest [ id=76, legacyType=-1, [ Capabilities: INTERNET&NOT_RESTRICTED&TRUSTED] ], android.os.BinderProxy@3ce6f3e2)
E/ConnectivityService(  459): RemoteException caught trying to send a callback msg for NetworkRequest [ id=74, legacyType=-1, [ Capabilities: INTERNET&NOT_RESTRICTED&TRUSTED] ]
D/ConnectivityService(  459): releasing NetworkRequest NetworkRequest [ id=76, legacyType=-1, [ Capabilities: INTERNET&NOT_RESTRICTED&TRUSTED] ]
E/ConnectivityService(  459): RemoteException caught trying to send a callback msg for NetworkRequest [ id=76, legacyType=-1, [ Capabilities: INTERNET&NOT_RESTRICTED&TRUSTED] ]
W/WindowManager(  459): Failed looking up window
W/WindowManager(  459): java.lang.IllegalArgumentException: Requested window android.os.BinderProxy@3f70c120 does not exist
W/WindowManager(  459): 	at com.android.server.wm.WindowManagerService.windowForClientLocked(WindowManagerService.java:8539)
W/WindowManager(  459): 	at com.android.server.wm.WindowManagerService.windowForClientLocked(WindowManagerService.java:8530)
W/WindowManager(  459): 	at com.android.server.wm.WindowState$DeathRecipient.binderDied(WindowState.java:1142)
W/WindowManager(  459): 	at android.os.BinderProxy.sendDeathNotice(Binder.java:551)
I/WindowState(  459): WIN DEATH: null
W/ActivityManager(  459): Exception when unbinding service com.android.chrome/org.chromium.content.app.SandboxedProcessService1
W/ActivityManager(  459): android.os.DeadObjectException
W/ActivityManager(  459): 	at android.os.BinderProxy.transactNative(Native Method)
W/ActivityManager(  459): 	at android.os.BinderProxy.transact(Binder.java:496)
W/ActivityManager(  459): 	at android.app.ApplicationThreadProxy.scheduleUnbindService(ApplicationThreadNative.java:921)
W/ActivityManager(  459): 	at com.android.server.am.ActiveServices.removeConnectionLocked(ActiveServices.java:1795)
W/ActivityManager(  459): 	at com.android.server.am.ActiveServices.killServicesLocked(ActiveServices.java:2193)
W/ActivityManager(  459): 	at com.android.server.am.ActivityManagerService.cleanUpApplicationRecordLocked(ActivityManagerService.java:14895)
W/ActivityManager(  459): 	at com.android.server.am.ActivityManagerService.handleAppDiedLocked(ActivityManagerService.java:4552)
W/ActivityManager(  459): 	at com.android.server.am.ActivityManagerService.removeProcessLocked(ActivityManagerService.java:5789)
W/ActivityManager(  459): 	at com.android.server.am.ActivityManagerService.killPackageProcessesLocked(ActivityManagerService.java:5594)
W/ActivityManager(  459): 	at com.android.server.am.ActivityManagerService.forceStopPackageLocked(ActivityManagerService.java:5655)
W/ActivityManager(  459): 	at com.android.server.am.ActivityManagerService.forceStopPackageLocked(ActivityManagerService.java:5499)
W/ActivityManager(  459): 	at com.android.server.am.ActivityManagerService.forceStopPackage(ActivityManagerService.java:5309)
W/ActivityManager(  459): 	at android.app.ActivityManagerNative.onTransact(ActivityManagerNative.java:1461)
W/ActivityManager(  459): 	at com.android.server.am.ActivityManagerService.onTransact(ActivityManagerService.java:2208)
W/ActivityManager(  459): 	at android.os.Binder.execTransact(Binder.java:446)
W/ActivityManager(  459): Exception when unbinding service com.android.chrome/org.chromium.content.app.SandboxedProcessService0
W/ActivityManager(  459): android.os.DeadObjectException
W/ActivityManager(  459): 	at android.os.BinderProxy.transactNative(Native Method)
W/ActivityManager(  459): 	at android.os.BinderProxy.transact(Binder.java:496)
W/ActivityManager(  459): 	at android.app.ApplicationThreadProxy.scheduleUnbindService(ApplicationThreadNative.java:921)
W/ActivityManager(  459): 	at com.android.server.am.ActiveServices.removeConnectionLocked(ActiveServices.java:1795)
W/ActivityManager(  459): 	at com.android.server.am.ActiveServices.killServicesLocked(ActiveServices.java:2193)
W/ActivityManager(  459): 	at com.android.server.am.ActivityManagerService.cleanUpApplicationRecordLocked(ActivityManagerService.java:14895)
W/ActivityManager(  459): 	at com.android.server.am.ActivityManagerService.handleAppDiedLocked(ActivityManagerService.java:4552)
W/ActivityManager(  459): 	at com.android.server.am.ActivityManagerService.removeProcessLocked(ActivityManagerService.java:5789)
W/ActivityManager(  459): 	at com.android.server.am.ActivityManagerService.killPackageProcessesLocked(ActivityManagerService.java:5594)
W/ActivityManager(  459): 	at com.android.server.am.ActivityManagerService.forceStopPackageLocked(ActivityManagerService.java:5655)
W/ActivityManager(  459): 	at com.android.server.am.ActivityManagerService.forceStopPackageLocked(ActivityManagerService.java:5499)
W/ActivityManager(  459): 	at com.android.server.am.ActivityManagerService.forceStopPackage(ActivityManagerService.java:5309)
W/ActivityManager(  459): 	at android.app.ActivityManagerNative.onTransact(ActivityManagerNative.java:1461)
W/ActivityManager(  459): 	at com.android.server.am.ActivityManagerService.onTransact(ActivityManagerService.java:2208)
W/ActivityManager(  459): 	at android.os.Binder.execTransact(Binder.java:446)
I/ActivityManager(  459): Killing 3520:com.android.chrome:sandboxed_process1/u0a35i50 (adj 10): isolated not needed
W/libprocessgroup(  459): failed to open /acct/uid_10035/pid_3520/cgroup.procs: No such file or directory
W/ActivityManager(  459): Scheduling restart of crashed service com.android.chrome/org.chromium.chrome.browser.media.MediaCaptureNotificationService in 1000ms
W/ActivityManager(  459): Force removing ActivityRecord{1e1c973e u0 com.android.chrome/org.chromium.chrome.browser.ChromeTabbedActivity t4589}: app died, no saved state
I/ActivityManager(  459): Killing 3278:com.android.chrome:sandboxed_process0/u0a35i49 (adj 9): isolated not needed
W/libprocessgroup(  459): failed to open /acct/uid_10035/pid_3278/cgroup.procs: No such file or directory
I/ActivityManager(  459):   Force stopping service ServiceRecord{110a76f6 u0 com.android.chrome/org.chromium.chrome.browser.media.MediaCaptureNotificationService}
W/ActivityManager(  459): Spurious death for ProcessRecord{3f9dfe2b 3322:com.android.chrome:privileged_process0/u0a35}, curProc for 3322: null
W/ActivityManager(  459): Unbind failed: could not find connection for android.os.BinderProxy@2bd7bbe4
W/ActivityManager(  459): Spurious death for ProcessRecord{335ceac6 3251:com.android.chrome/u0a35}, curProc for 3251: null
W/InputMethodManagerService(  459): Got RemoteException sending setActive(false) notification to pid 3251 uid 10035
I/ActivityManager(  459): Force stopping com.android.chrome appid=10035 user=0: clear data
D/TaskPersister(  459): removeObsoleteFile: deleting file=4589_task.xml
D/TaskPersister(  459): removeObsoleteFile: deleting file=4589_task_thumbnail.png
I/ActivityManager(  459): Start proc 3916:com.android.chrome/u0a35 for content provider com.android.chrome/com.google.android.apps.chrome.icing.IcingProvider
W/ResourcesManager( 3916): Asset path '/system/framework/com.android.media.remotedisplay.jar' does not exist or contains no resources.
W/ResourcesManager( 3916): Asset path '/system/framework/com.android.location.provider.jar' does not exist or contains no resources.
W/FileUtils( 3200): Failed to chmod(/storage/emulated/0/trepn/Trepn_2018.06.17_153327.db): android.system.ErrnoException: chmod failed: EPERM (Operation not permitted)
I/ActivityManager(  459): Force stopping com.android.chrome appid=10035 user=0: from pid 4457
I/ActivityManager(  459): Killing 3916:com.android.chrome/u0a35 (adj 9): stop com.android.chrome
W/ActivityManager(  459): Spurious death for ProcessRecord{1cab0f99 3916:com.android.chrome/u0a35}, curProc for 3916: null
I/ActivityManager(  459): Force stopping com.android.chrome appid=10035 user=0: clear data
I/ActivityManager(  459): Start proc 4504:com.android.chrome/u0a35 for content provider com.android.chrome/com.google.android.apps.chrome.icing.IcingProvider
W/ResourcesManager( 4504): Asset path '/system/framework/com.android.media.remotedisplay.jar' does not exist or contains no resources.
W/ResourcesManager( 4504): Asset path '/system/framework/com.android.location.provider.jar' does not exist or contains no resources.
I/UsageStatsService(  459): User[0] Flushing usage stats to disk
D/WifiService(  459): acquireWifiLockLocked: WifiLock{NlpWifiLock type=2 binder=android.os.BinderProxy@8f55022}
