--------- beginning of system
I/ActivityManager(  459): Start proc 19887:com.quicinc.trepn/u0a91 for service com.quicinc.trepn/.TrepnService
D/WifiService(  459): acquireWifiLockLocked: WifiLock{NlpWifiLock type=2 binder=android.os.BinderProxy@33a37a3e}
I/ActivityManager(  459): Force stopping com.android.chrome appid=10035 user=0: from pid 19919
I/ActivityManager(  459): START u0 {act=android.intent.action.VIEW flg=0x10008000 cmp=com.android.chrome/com.google.android.apps.chrome.Main} from uid 2000 on display 0
V/WindowManager(  459): addAppToken: AppWindowToken{8e86469 token=Token{234a6f0 ActivityRecord{33ebd333 u0 com.android.chrome/com.google.android.apps.chrome.Main t4538}}} to stack=1 task=4538 at 0
I/ActivityManager(  459): Start proc 19939:com.android.chrome/u0a35 for activity com.android.chrome/com.google.android.apps.chrome.Main
D/WifiService(  459): releaseWifiLockLocked: WifiLock{NlpWifiLock type=2 binder=android.os.BinderProxy@33a37a3e}
W/ResourcesManager(19939): Asset path '/system/framework/com.android.media.remotedisplay.jar' does not exist or contains no resources.
W/ResourcesManager(19939): Asset path '/system/framework/com.android.location.provider.jar' does not exist or contains no resources.
I/ActivityManager(  459): START u0 {act=android.intent.action.VIEW flg=0x14002000 cmp=com.android.chrome/org.chromium.chrome.browser.ChromeTabbedActivity (has extras)} from uid 10035 on display 0
V/WindowManager(  459): addAppToken: AppWindowToken{25f7ac20 token=Token{354fef23 ActivityRecord{3fd12052 u0 com.android.chrome/org.chromium.chrome.browser.ChromeTabbedActivity t4539}}} to stack=1 task=4539 at 0
V/WindowManager(  459): Based on layer: Adding window Window{17444b11 u0 Starting com.android.chrome} at 3 of 17
I/ActivityManager(  459): Start proc 19965:com.android.chrome:sandboxed_process0/u0i19 for service com.android.chrome/org.chromium.content.app.SandboxedProcessService0
V/WindowManager(  459): Adding window Window{2eddc726 u0 com.android.chrome/org.chromium.chrome.browser.ChromeTabbedActivity} at 3 of 18 (before Window{17444b11 u0 Starting com.android.chrome})
V/WindowManager(  459): Adding window Window{259fddbd u0 SurfaceView} at 3 of 19 (before Window{2eddc726 u0 com.android.chrome/org.chromium.chrome.browser.ChromeTabbedActivity})
I/ActivityManager(  459): Start proc 20002:com.android.chrome:privileged_process0/u0a35 for service com.android.chrome/org.chromium.content.app.PrivilegedProcessService0
D/ConnectivityService(  459): listenForNetwork for NetworkRequest [ id=41, legacyType=-1, [ Capabilities: INTERNET&NOT_RESTRICTED&TRUSTED] ]
D/ConnectivityService(  459): handleRegisterNetworkRequest checking NetworkAgentInfo [WIFI () - 101]
D/ConnectivityService(  459): apparently satisfied.  currentScore=56
D/ConnectivityService(  459): listenForNetwork for NetworkRequest [ id=42, legacyType=-1, [ Capabilities: INTERNET&NOT_RESTRICTED&TRUSTED] ]
D/ConnectivityService(  459): handleRegisterNetworkRequest checking NetworkAgentInfo [WIFI () - 101]
D/ConnectivityService(  459): apparently satisfied.  currentScore=56
V/WindowManager(  459): not Base app: Adding window Window{1112e909 u0 com.android.chrome/org.chromium.chrome.browser.ChromeTabbedActivity} at 5 of 19
W/ResourcesManager(19636): Asset path '/system/framework/com.android.media.remotedisplay.jar' does not exist or contains no resources.
W/ResourcesManager(19636): Asset path '/system/framework/com.android.location.provider.jar' does not exist or contains no resources.
I/ActivityManager(  459): Start proc 20048:com.android.chrome:sandboxed_process1/u0i20 for service com.android.chrome/org.chromium.content.app.SandboxedProcessService1
I/ActivityManager(  459): Start proc 20075:com.android.providers.partnerbookmarks/u0a65 for content provider com.android.providers.partnerbookmarks/.PartnerBookmarksProvider
D/ConnectivityService(  459): updateNetworkScore for NetworkAgentInfo [WIFI () - 101] to 60
D/ConnectivityService(  459): rematching NetworkAgentInfo [WIFI () - 101]
D/ConnectivityService(  459): Network NetworkAgentInfo [WIFI () - 101] was already satisfying request 1. No change.
D/ConnectivityService(  459): notifyType AVAILABLE for NetworkAgentInfo [WIFI () - 101]
W/libprocessgroup(  459): failed to open /acct/uid_10035/pid_20048/cgroup.procs: No such file or directory
I/ActivityManager(  459): Process com.android.chrome:sandboxed_process1 (pid 20048) has died
W/ActivityManager(  459): Scheduling restart of crashed service com.android.chrome/org.chromium.content.app.SandboxedProcessService1 in 1000ms
W/FileUtils(19887): Failed to chmod(/storage/emulated/0/trepn/Trepn_2018.06.17_142257.db): android.system.ErrnoException: chmod failed: EPERM (Operation not permitted)
I/ActivityManager(  459): START u0 {act=android.intent.action.VIEW dat=localhost:8000 flg=0x10000000 cmp=com.android.chrome/com.google.android.apps.chrome.Main} from uid 2000 on display 0
V/WindowManager(  459): addAppToken: AppWindowToken{681eb56 token=Token{15e77171 ActivityRecord{1e932318 u0 com.android.chrome/com.google.android.apps.chrome.Main t4540}}} to stack=1 task=4540 at 0
D/ConnectivityService(  459): releasing NetworkRequest NetworkRequest [ id=42, legacyType=-1, [ Capabilities: INTERNET&NOT_RESTRICTED&TRUSTED] ]
D/ConnectivityService(  459): listenForNetwork for NetworkRequest [ id=43, legacyType=-1, [ Capabilities: INTERNET&NOT_RESTRICTED&TRUSTED] ]
D/ConnectivityService(  459): handleRegisterNetworkRequest checking NetworkAgentInfo [WIFI () - 101]
D/ConnectivityService(  459): apparently satisfied.  currentScore=60
I/ActivityManager(  459): START u0 {act=android.intent.action.VIEW dat=localhost:8000 flg=0x14002000 cmp=com.android.chrome/org.chromium.chrome.browser.ChromeTabbedActivity (has extras)} from uid 10035 on display 0
W/InputMethodManagerService(  459): Window already focused, ignoring focus gain of: com.android.internal.view.IInputMethodClient$Stub$Proxy@951dda9 attribute=null, token = android.os.BinderProxy@e3d1a81
I/ActivityManager(  459): Start proc 20231:com.android.chrome:sandboxed_process2/u0i21 for service com.android.chrome/org.chromium.content.app.SandboxedProcessService2
D/ConnectivityService(  459): updateNetworkScore for NetworkAgentInfo [WIFI () - 101] to 56
D/ConnectivityService(  459): rematching NetworkAgentInfo [WIFI () - 101]
D/ConnectivityService(  459): Network NetworkAgentInfo [WIFI () - 101] was already satisfying request 1. No change.
D/ConnectivityService(  459): notifyType AVAILABLE for NetworkAgentInfo [WIFI () - 101]
D/ConnectivityService(  459): updateNetworkScore for NetworkAgentInfo [WIFI () - 101] to 60
D/ConnectivityService(  459): rematching NetworkAgentInfo [WIFI () - 101]
D/ConnectivityService(  459): Network NetworkAgentInfo [WIFI () - 101] was already satisfying request 1. No change.
D/ConnectivityService(  459): notifyType AVAILABLE for NetworkAgentInfo [WIFI () - 101]
D/ConnectivityService(  459): updateNetworkScore for NetworkAgentInfo [WIFI () - 101] to 56
D/ConnectivityService(  459): rematching NetworkAgentInfo [WIFI () - 101]
D/ConnectivityService(  459): Network NetworkAgentInfo [WIFI () - 101] was already satisfying request 1. No change.
D/ConnectivityService(  459): notifyType AVAILABLE for NetworkAgentInfo [WIFI () - 101]
I/ActivityManager(  459): Force stopping com.android.chrome appid=10035 user=0: from pid 20628
I/ActivityManager(  459): Killing 20002:com.android.chrome:privileged_process0/u0a35 (adj 0): stop com.android.chrome
W/ActivityManager(  459): Scheduling restart of crashed service com.android.chrome/org.chromium.content.app.PrivilegedProcessService0 in 1000ms
I/ActivityManager(  459): Killing 19939:com.android.chrome/u0a35 (adj 0): stop com.android.chrome
I/WindowState(  459): WIN DEATH: Window{2eddc726 u0 com.android.chrome/org.chromium.chrome.browser.ChromeTabbedActivity}
W/WindowManager(  459): Force-removing child win Window{259fddbd u0 SurfaceView} from container Window{2eddc726 u0 com.android.chrome/org.chromium.chrome.browser.ChromeTabbedActivity}
D/ConnectivityService(  459): ConnectivityService NetworkRequestInfo binderDied(NetworkRequest [ id=41, legacyType=-1, [ Capabilities: INTERNET&NOT_RESTRICTED&TRUSTED] ], android.os.BinderProxy@1131c5a2)
D/ConnectivityService(  459): releasing NetworkRequest NetworkRequest [ id=41, legacyType=-1, [ Capabilities: INTERNET&NOT_RESTRICTED&TRUSTED] ]
D/ConnectivityService(  459): ConnectivityService NetworkRequestInfo binderDied(NetworkRequest [ id=43, legacyType=-1, [ Capabilities: INTERNET&NOT_RESTRICTED&TRUSTED] ], android.os.BinderProxy@39b4b233)
E/ConnectivityService(  459): RemoteException caught trying to send a callback msg for NetworkRequest [ id=41, legacyType=-1, [ Capabilities: INTERNET&NOT_RESTRICTED&TRUSTED] ]
D/ConnectivityService(  459): releasing NetworkRequest NetworkRequest [ id=43, legacyType=-1, [ Capabilities: INTERNET&NOT_RESTRICTED&TRUSTED] ]
E/ConnectivityService(  459): RemoteException caught trying to send a callback msg for NetworkRequest [ id=43, legacyType=-1, [ Capabilities: INTERNET&NOT_RESTRICTED&TRUSTED] ]
W/WindowManager(  459): Failed looking up window
W/WindowManager(  459): java.lang.IllegalArgumentException: Requested window android.os.BinderProxy@8aba114 does not exist
W/WindowManager(  459): 	at com.android.server.wm.WindowManagerService.windowForClientLocked(WindowManagerService.java:8539)
W/WindowManager(  459): 	at com.android.server.wm.WindowManagerService.windowForClientLocked(WindowManagerService.java:8530)
W/WindowManager(  459): 	at com.android.server.wm.WindowState$DeathRecipient.binderDied(WindowState.java:1142)
W/WindowManager(  459): 	at android.os.BinderProxy.sendDeathNotice(Binder.java:551)
I/WindowState(  459): WIN DEATH: null
W/ActivityManager(  459): Exception when unbinding service com.android.chrome/org.chromium.content.app.SandboxedProcessService2
W/ActivityManager(  459): android.os.DeadObjectException
W/ActivityManager(  459): 	at android.os.BinderProxy.transactNative(Native Method)
W/ActivityManager(  459): 	at android.os.BinderProxy.transact(Binder.java:496)
W/ActivityManager(  459): 	at android.app.ApplicationThreadProxy.scheduleUnbindService(ApplicationThreadNative.java:921)
W/ActivityManager(  459): 	at com.android.server.am.ActiveServices.removeConnectionLocked(ActiveServices.java:1795)
W/ActivityManager(  459): 	at com.android.server.am.ActiveServices.killServicesLocked(ActiveServices.java:2193)
W/ActivityManager(  459): 	at com.android.server.am.ActivityManagerService.cleanUpApplicationRecordLocked(ActivityManagerService.java:14895)
W/ActivityManager(  459): 	at com.android.server.am.ActivityManagerService.handleAppDiedLocked(ActivityManagerService.java:4552)
W/ActivityManager(  459): 	at com.android.server.am.ActivityManagerService.removeProcessLocked(ActivityManagerService.java:5789)
W/ActivityManager(  459): 	at com.android.server.am.ActivityManagerService.killPackageProcessesLocked(ActivityManagerService.java:5594)
W/ActivityManager(  459): 	at com.android.server.am.ActivityManagerService.forceStopPackageLocked(ActivityManagerService.java:5655)
W/ActivityManager(  459): 	at com.android.server.am.ActivityManagerService.forceStopPackageLocked(ActivityManagerService.java:5499)
W/ActivityManager(  459): 	at com.android.server.am.ActivityManagerService.forceStopPackage(ActivityManagerService.java:5309)
W/ActivityManager(  459): 	at android.app.ActivityManagerNative.onTransact(ActivityManagerNative.java:1461)
W/ActivityManager(  459): 	at com.android.server.am.ActivityManagerService.onTransact(ActivityManagerService.java:2208)
W/ActivityManager(  459): 	at android.os.Binder.execTransact(Binder.java:446)
W/ActivityManager(  459): Exception when unbinding service com.android.chrome/org.chromium.content.app.SandboxedProcessService0
W/ActivityManager(  459): android.os.DeadObjectException
W/ActivityManager(  459): 	at android.os.BinderProxy.transactNative(Native Method)
W/ActivityManager(  459): 	at android.os.BinderProxy.transact(Binder.java:496)
W/ActivityManager(  459): 	at android.app.ApplicationThreadProxy.scheduleUnbindService(ApplicationThreadNative.java:921)
W/ActivityManager(  459): 	at com.android.server.am.ActiveServices.removeConnectionLocked(ActiveServices.java:1795)
W/ActivityManager(  459): 	at com.android.server.am.ActiveServices.killServicesLocked(ActiveServices.java:2193)
W/ActivityManager(  459): 	at com.android.server.am.ActivityManagerService.cleanUpApplicationRecordLocked(ActivityManagerService.java:14895)
W/ActivityManager(  459): 	at com.android.server.am.ActivityManagerService.handleAppDiedLocked(ActivityManagerService.java:4552)
W/ActivityManager(  459): 	at com.android.server.am.ActivityManagerService.removeProcessLocked(ActivityManagerService.java:5789)
W/ActivityManager(  459): 	at com.android.server.am.ActivityManagerService.killPackageProcessesLocked(ActivityManagerService.java:5594)
W/ActivityManager(  459): 	at com.android.server.am.ActivityManagerService.forceStopPackageLocked(ActivityManagerService.java:5655)
W/ActivityManager(  459): 	at com.android.server.am.ActivityManagerService.forceStopPackageLocked(ActivityManagerService.java:5499)
W/ActivityManager(  459): 	at com.android.server.am.ActivityManagerService.forceStopPackage(ActivityManagerService.java:5309)
W/ActivityManager(  459): 	at android.app.ActivityManagerNative.onTransact(ActivityManagerNative.java:1461)
W/ActivityManager(  459): 	at com.android.server.am.ActivityManagerService.onTransact(ActivityManagerService.java:2208)
W/ActivityManager(  459): 	at android.os.Binder.execTransact(Binder.java:446)
I/ActivityManager(  459): Killing 20231:com.android.chrome:sandboxed_process2/u0a35i21 (adj 10): isolated not needed
W/libprocessgroup(  459): failed to open /acct/uid_10035/pid_20231/cgroup.procs: No such file or directory
W/ActivityManager(  459): Force removing ActivityRecord{3fd12052 u0 com.android.chrome/org.chromium.chrome.browser.ChromeTabbedActivity t4539}: app died, no saved state
I/ActivityManager(  459): Killing 19965:com.android.chrome:sandboxed_process0/u0a35i19 (adj 9): isolated not needed
W/libprocessgroup(  459): failed to open /acct/uid_10035/pid_19965/cgroup.procs: No such file or directory
W/ActivityManager(  459): Spurious death for ProcessRecord{3f2358c4 20002:com.android.chrome:privileged_process0/u0a35}, curProc for 20002: null
W/ActivityManager(  459): Unbind failed: could not find connection for android.os.BinderProxy@3de8b02d
W/ActivityManager(  459): Spurious death for ProcessRecord{3153fe7c 19939:com.android.chrome/u0a35}, curProc for 19939: null
W/InputMethodManagerService(  459): Got RemoteException sending setActive(false) notification to pid 19939 uid 10035
I/ActivityManager(  459): Force stopping com.android.chrome appid=10035 user=0: clear data
D/TaskPersister(  459): removeObsoleteFile: deleting file=4539_task.xml
D/TaskPersister(  459): removeObsoleteFile: deleting file=4539_task_thumbnail.png
I/ActivityManager(  459): Start proc 20669:com.android.documentsui/u0a40 for broadcast com.android.documentsui/.PackageReceiver
I/ActivityManager(  459): Start proc 20699:com.google.android.apps.photos/u0a66 for broadcast com.google.android.apps.photos/com.google.android.libraries.social.mediastoresync.reset.impl.MediaStoreClearedReceiver
I/ActivityManager(  459): Start proc 20718:com.android.defcontainer/u0a4 for service com.android.defcontainer/.DefaultContainerService
I/ActivityManager(  459): Start proc 20737:com.android.externalstorage/u0a6 for content provider com.android.externalstorage/.ExternalStorageProvider
I/ActivityManager(  459): Start proc 20754:com.google.android.apps.docs/u0a41 for content provider com.google.android.apps.docs/.storagebackend.StorageBackendContentProvider
I/ActivityManager(  459): Start proc 20797:com.android.chrome/u0a35 for content provider com.android.chrome/com.google.android.apps.chrome.icing.IcingProvider
W/ResourcesManager(20797): Asset path '/system/framework/com.android.media.remotedisplay.jar' does not exist or contains no resources.
W/ResourcesManager(20797): Asset path '/system/framework/com.android.location.provider.jar' does not exist or contains no resources.
W/ResourcesManager(20754): Asset path '/system/framework/com.android.media.remotedisplay.jar' does not exist or contains no resources.
W/ResourcesManager(20754): Asset path '/system/framework/com.android.location.provider.jar' does not exist or contains no resources.
W/FileUtils(19887): Failed to chmod(/storage/emulated/0/trepn/Trepn_2018.06.17_142257.db): android.system.ErrnoException: chmod failed: EPERM (Operation not permitted)
D/ConnectivityService(  459): updateNetworkScore for NetworkAgentInfo [WIFI () - 101] to 60
D/ConnectivityService(  459): rematching NetworkAgentInfo [WIFI () - 101]
D/ConnectivityService(  459): Network NetworkAgentInfo [WIFI () - 101] was already satisfying request 1. No change.
D/ConnectivityService(  459): notifyType AVAILABLE for NetworkAgentInfo [WIFI () - 101]
D/ConnectivityService(  459): updateNetworkScore for NetworkAgentInfo [WIFI () - 101] to 56
D/ConnectivityService(  459): rematching NetworkAgentInfo [WIFI () - 101]
D/ConnectivityService(  459): Network NetworkAgentInfo [WIFI () - 101] was already satisfying request 1. No change.
D/ConnectivityService(  459): notifyType AVAILABLE for NetworkAgentInfo [WIFI () - 101]
W/BroadcastQueue(  459): Skipping deliver [background] BroadcastRecord{1a61101e u-1 android.net.conn.CONNECTIVITY_CHANGE} to ReceiverList{237130ff 21305 (unknown name)/2000/u-1 remote:3b81b8a0}: process crashing
I/ActivityManager(  459): START u0 {act=android.intent.action.MAIN cat=[android.intent.category.LAUNCHER] flg=0x10200000 cmp=com.quicinc.trepn/.userinterface.main.TrepnActivity} from uid 2000 on display 0
V/WindowManager(  459): addAppToken: AppWindowToken{28a102a token=Token{34209515 ActivityRecord{3859becc u0 com.quicinc.trepn/.userinterface.main.TrepnActivity t4541}}} to stack=1 task=4541 at 0
V/WindowManager(  459): Adding window Window{154f51cd u0 Starting com.quicinc.trepn} at 3 of 17 (after Window{97f2b52 u0 com.google.android.googlequicksearchbox/com.google.android.launcher.GEL})
V/WindowManager(  459): Adding window Window{f5ed7da u0 com.quicinc.trepn/com.quicinc.trepn.userinterface.main.TrepnActivity} at 3 of 18 (before Window{154f51cd u0 Starting com.quicinc.trepn})
D/ConnectivityService(  459): updateNetworkScore for NetworkAgentInfo [WIFI () - 101] to 60
D/ConnectivityService(  459): rematching NetworkAgentInfo [WIFI () - 101]
D/ConnectivityService(  459): Network NetworkAgentInfo [WIFI () - 101] was already satisfying request 1. No change.
D/ConnectivityService(  459): notifyType AVAILABLE for NetworkAgentInfo [WIFI () - 101]
D/TaskPersister(  459): removeObsoleteFile: deleting file=4537_task.xml
D/ConnectivityService(  459): updateNetworkScore for NetworkAgentInfo [WIFI () - 101] to 56
D/ConnectivityService(  459): rematching NetworkAgentInfo [WIFI () - 101]
D/ConnectivityService(  459): Network NetworkAgentInfo [WIFI () - 101] was already satisfying request 1. No change.
D/ConnectivityService(  459): notifyType AVAILABLE for NetworkAgentInfo [WIFI () - 101]
I/ActivityManager(  459): Force stopping com.quicinc.trepn appid=10091 user=0: from pid 21375
I/ActivityManager(  459): Killing 19887:com.quicinc.trepn/u0a91 (adj 0): stop com.quicinc.trepn
I/WindowState(  459): WIN DEATH: Window{f5ed7da u0 com.quicinc.trepn/com.quicinc.trepn.userinterface.main.TrepnActivity}
W/ActivityManager(  459): Scheduling restart of crashed service com.quicinc.trepn/.TrepnService in 1000ms
W/ActivityManager(  459): Force removing ActivityRecord{3859becc u0 com.quicinc.trepn/.userinterface.main.TrepnActivity t4541}: app died, no saved state
I/ActivityManager(  459):   Force stopping service ServiceRecord{2eccf1a8 u0 com.quicinc.trepn/.TrepnService}
W/ActivityManager(  459): Spurious death for ProcessRecord{117fbcce 19887:com.quicinc.trepn/u0a91}, curProc for 19887: null
W/InputMethodManagerService(  459): Got RemoteException sending setActive(false) notification to pid 19887 uid 10091
I/ActivityManager(  459): Start proc 21423:com.quicinc.trepn/u0a91 for service com.quicinc.trepn/.TrepnService
I/ActivityManager(  459): Force stopping com.android.chrome appid=10035 user=0: from pid 21456
I/ActivityManager(  459): Killing 20797:com.android.chrome/u0a35 (adj 9): stop com.android.chrome
W/ActivityManager(  459): Spurious death for ProcessRecord{2c5e324a 20797:com.android.chrome/u0a35}, curProc for 20797: null
I/ActivityManager(  459): START u0 {act=android.intent.action.VIEW flg=0x10008000 cmp=com.android.chrome/com.google.android.apps.chrome.Main} from uid 2000 on display 0
V/WindowManager(  459): addAppToken: AppWindowToken{ae0e31 token=Token{17933ad8 ActivityRecord{6aa25bb u0 com.android.chrome/com.google.android.apps.chrome.Main t4542}}} to stack=1 task=4542 at 0
I/ActivityManager(  459): Start proc 21474:com.android.chrome/u0a35 for activity com.android.chrome/com.google.android.apps.chrome.Main
W/ResourcesManager(21474): Asset path '/system/framework/com.android.media.remotedisplay.jar' does not exist or contains no resources.
W/ResourcesManager(21474): Asset path '/system/framework/com.android.location.provider.jar' does not exist or contains no resources.
I/ActivityManager(  459): START u0 {cmp=com.android.chrome/org.chromium.chrome.browser.firstrun.FirstRunActivity (has extras)} from uid 10035 on display 0
V/WindowManager(  459): addAppToken: AppWindowToken{25e044ee token=Token{21375269 ActivityRecord{bd28cf0 u0 com.android.chrome/org.chromium.chrome.browser.firstrun.FirstRunActivity t4543}}} to stack=1 task=4543 at 0
V/WindowManager(  459): Based on layer: Adding window Window{17a23add u0 com.android.chrome/org.chromium.chrome.browser.firstrun.FirstRunActivity} at 3 of 17
I/ActivityManager(  459): Start proc 21500:com.android.chrome:sandboxed_process0/u0i22 for service com.android.chrome/org.chromium.content.app.SandboxedProcessService0
D/ConnectivityService(  459): updateNetworkScore for NetworkAgentInfo [WIFI () - 101] to 60
D/ConnectivityService(  459): rematching NetworkAgentInfo [WIFI () - 101]
D/ConnectivityService(  459): Network NetworkAgentInfo [WIFI () - 101] was already satisfying request 1. No change.
D/ConnectivityService(  459): notifyType AVAILABLE for NetworkAgentInfo [WIFI () - 101]
I/ActivityManager(  459): Start proc 21604:com.android.chrome:privileged_process0/u0a35 for service com.android.chrome/org.chromium.content.app.PrivilegedProcessService0
D/ConnectivityService(  459): listenForNetwork for NetworkRequest [ id=44, legacyType=-1, [ Capabilities: INTERNET&NOT_RESTRICTED&TRUSTED] ]
D/ConnectivityService(  459): handleRegisterNetworkRequest checking NetworkAgentInfo [WIFI () - 101]
D/ConnectivityService(  459): apparently satisfied.  currentScore=60
D/ConnectivityService(  459): listenForNetwork for NetworkRequest [ id=45, legacyType=-1, [ Capabilities: INTERNET&NOT_RESTRICTED&TRUSTED] ]
D/ConnectivityService(  459): handleRegisterNetworkRequest checking NetworkAgentInfo [WIFI () - 101]
D/ConnectivityService(  459): apparently satisfied.  currentScore=60
I/ActivityManager(  459): START u0 {act=android.intent.action.VIEW flg=0x10808000 cmp=com.android.chrome/com.google.android.apps.chrome.Main (has extras)} from uid 10035 on display 0
V/WindowManager(  459): addAppToken: AppWindowToken{83a85e5 token=Token{1cf4b0dc ActivityRecord{1e57614f u0 com.android.chrome/com.google.android.apps.chrome.Main t4544}}} to stack=1 task=4544 at 0
D/ConnectivityService(  459): releasing NetworkRequest NetworkRequest [ id=45, legacyType=-1, [ Capabilities: INTERNET&NOT_RESTRICTED&TRUSTED] ]
D/ConnectivityService(  459): listenForNetwork for NetworkRequest [ id=46, legacyType=-1, [ Capabilities: INTERNET&NOT_RESTRICTED&TRUSTED] ]
D/ConnectivityService(  459): handleRegisterNetworkRequest checking NetworkAgentInfo [WIFI () - 101]
D/ConnectivityService(  459): apparently satisfied.  currentScore=60
I/ActivityManager(  459): START u0 {act=android.intent.action.VIEW flg=0x14002000 cmp=com.android.chrome/org.chromium.chrome.browser.ChromeTabbedActivity (has extras)} from uid 10035 on display 0
V/WindowManager(  459): addAppToken: AppWindowToken{18fc8c9d token=Token{a43f74 ActivityRecord{36582b47 u0 com.android.chrome/org.chromium.chrome.browser.ChromeTabbedActivity t4545}}} to stack=1 task=4545 at 0
V/WindowManager(  459): Based on layer: Adding window Window{4bd046a u0 Starting com.android.chrome} at 4 of 18
V/WindowManager(  459): Adding window Window{3906da4 u0 com.android.chrome/org.chromium.chrome.browser.ChromeTabbedActivity} at 4 of 19 (before Window{4bd046a u0 Starting com.android.chrome})
V/WindowManager(  459): Adding window Window{15d5b6c2 u0 SurfaceView} at 4 of 20 (before Window{3906da4 u0 com.android.chrome/org.chromium.chrome.browser.ChromeTabbedActivity})
I/ActivityManager(  459): Start proc 21718:com.android.chrome:sandboxed_process1/u0i23 for service com.android.chrome/org.chromium.content.app.SandboxedProcessService1
I/ActivityManager(  459): Activity reported stop, but no longer stopping: ActivityRecord{bd28cf0 u0 com.android.chrome/org.chromium.chrome.browser.firstrun.FirstRunActivity t4543 f}
W/FileUtils(21423): Failed to chmod(/storage/emulated/0/trepn/Trepn_2018.06.17_142539.db): android.system.ErrnoException: chmod failed: EPERM (Operation not permitted)
D/TaskPersister(  459): removeObsoleteFile: deleting file=4543_task_thumbnail.png
I/ActivityManager(  459): START u0 {act=android.intent.action.VIEW dat=localhost:8000 flg=0x10000000 cmp=com.android.chrome/com.google.android.apps.chrome.Main} from uid 2000 on display 0
V/WindowManager(  459): addAppToken: AppWindowToken{2e315ce2 token=Token{186c1ad ActivityRecord{1670dec4 u0 com.android.chrome/com.google.android.apps.chrome.Main t4546}}} to stack=1 task=4546 at 0
D/ConnectivityService(  459): releasing NetworkRequest NetworkRequest [ id=46, legacyType=-1, [ Capabilities: INTERNET&NOT_RESTRICTED&TRUSTED] ]
D/ConnectivityService(  459): listenForNetwork for NetworkRequest [ id=47, legacyType=-1, [ Capabilities: INTERNET&NOT_RESTRICTED&TRUSTED] ]
D/ConnectivityService(  459): handleRegisterNetworkRequest checking NetworkAgentInfo [WIFI () - 101]
D/ConnectivityService(  459): apparently satisfied.  currentScore=60
I/ActivityManager(  459): START u0 {act=android.intent.action.VIEW dat=localhost:8000 flg=0x14002000 cmp=com.android.chrome/org.chromium.chrome.browser.ChromeTabbedActivity (has extras)} from uid 10035 on display 0
W/InputMethodManagerService(  459): Window already focused, ignoring focus gain of: com.android.internal.view.IInputMethodClient$Stub$Proxy@eeb425c attribute=null, token = android.os.BinderProxy@2c9c7437
I/ActivityManager(  459): Start proc 21794:com.android.chrome:sandboxed_process2/u0i24 for service com.android.chrome/org.chromium.content.app.SandboxedProcessService2
W/libprocessgroup(  459): failed to open /acct/uid_10035/pid_21718/cgroup.procs: No such file or directory
I/ActivityManager(  459): Process com.android.chrome:sandboxed_process1 (pid 21718) has died
W/ActivityManager(  459): Scheduling restart of crashed service com.android.chrome/org.chromium.content.app.SandboxedProcessService1 in 1000ms
I/ActivityManager(  459): Start proc 21835:com.android.chrome:sandboxed_process3/u0i25 for service com.android.chrome/org.chromium.content.app.SandboxedProcessService3
W/libprocessgroup(  459): failed to open /acct/uid_10035/pid_21835/cgroup.procs: No such file or directory
I/ActivityManager(  459): Process com.android.chrome:sandboxed_process3 (pid 21835) has died
W/ActivityManager(  459): Scheduling restart of crashed service com.android.chrome/org.chromium.content.app.SandboxedProcessService3 in 1000ms
D/ConnectivityService(  459): updateNetworkScore for NetworkAgentInfo [WIFI () - 101] to 56
D/ConnectivityService(  459): rematching NetworkAgentInfo [WIFI () - 101]
D/ConnectivityService(  459): Network NetworkAgentInfo [WIFI () - 101] was already satisfying request 1. No change.
D/ConnectivityService(  459): notifyType AVAILABLE for NetworkAgentInfo [WIFI () - 101]
D/ConnectivityService(  459): updateNetworkScore for NetworkAgentInfo [WIFI () - 101] to 60
D/ConnectivityService(  459): rematching NetworkAgentInfo [WIFI () - 101]
D/ConnectivityService(  459): Network NetworkAgentInfo [WIFI () - 101] was already satisfying request 1. No change.
D/ConnectivityService(  459): notifyType AVAILABLE for NetworkAgentInfo [WIFI () - 101]
I/ActivityManager(  459): Start proc 21995:com.android.chrome:sandboxed_process4/u0i26 for service com.android.chrome/org.chromium.content.app.SandboxedProcessService4
W/libprocessgroup(  459): failed to open /acct/uid_10035/pid_21995/cgroup.procs: No such file or directory
I/ActivityManager(  459): Process com.android.chrome:sandboxed_process4 (pid 21995) has died
W/ActivityManager(  459): Scheduling restart of crashed service com.android.chrome/org.chromium.content.app.SandboxedProcessService4 in 1000ms
I/ActivityManager(  459): Process com.google.android.apps.photos (pid 20699) has died
I/ActivityManager(  459): Process com.android.documentsui (pid 20669) has died
I/ActivityManager(  459): Process com.android.defcontainer (pid 20718) has died
D/ConnectivityService(  459): updateNetworkScore for NetworkAgentInfo [WIFI () - 101] to 56
D/ConnectivityService(  459): rematching NetworkAgentInfo [WIFI () - 101]
D/ConnectivityService(  459): Network NetworkAgentInfo [WIFI () - 101] was already satisfying request 1. No change.
D/ConnectivityService(  459): notifyType AVAILABLE for NetworkAgentInfo [WIFI () - 101]
D/ConnectivityService(  459): updateNetworkScore for NetworkAgentInfo [WIFI () - 101] to 60
D/ConnectivityService(  459): rematching NetworkAgentInfo [WIFI () - 101]
D/ConnectivityService(  459): Network NetworkAgentInfo [WIFI () - 101] was already satisfying request 1. No change.
D/ConnectivityService(  459): notifyType AVAILABLE for NetworkAgentInfo [WIFI () - 101]
D/ConnectivityService(  459): updateNetworkScore for NetworkAgentInfo [WIFI () - 101] to 56
D/ConnectivityService(  459): rematching NetworkAgentInfo [WIFI () - 101]
D/ConnectivityService(  459): Network NetworkAgentInfo [WIFI () - 101] was already satisfying request 1. No change.
D/ConnectivityService(  459): notifyType AVAILABLE for NetworkAgentInfo [WIFI () - 101]
D/ConnectivityService(  459): updateNetworkScore for NetworkAgentInfo [WIFI () - 101] to 60
D/ConnectivityService(  459): rematching NetworkAgentInfo [WIFI () - 101]
D/ConnectivityService(  459): Network NetworkAgentInfo [WIFI () - 101] was already satisfying request 1. No change.
D/ConnectivityService(  459): notifyType AVAILABLE for NetworkAgentInfo [WIFI () - 101]
D/ConnectivityService(  459): updateNetworkScore for NetworkAgentInfo [WIFI () - 101] to 56
D/ConnectivityService(  459): rematching NetworkAgentInfo [WIFI () - 101]
D/ConnectivityService(  459): Network NetworkAgentInfo [WIFI () - 101] was already satisfying request 1. No change.
D/ConnectivityService(  459): notifyType AVAILABLE for NetworkAgentInfo [WIFI () - 101]
D/ConnectivityService(  459): updateNetworkScore for NetworkAgentInfo [WIFI () - 101] to 60
D/ConnectivityService(  459): rematching NetworkAgentInfo [WIFI () - 101]
D/ConnectivityService(  459): Network NetworkAgentInfo [WIFI () - 101] was already satisfying request 1. No change.
D/ConnectivityService(  459): notifyType AVAILABLE for NetworkAgentInfo [WIFI () - 101]
I/ActivityManager(  459): Force stopping com.android.chrome appid=10035 user=0: from pid 22153
I/ActivityManager(  459): Killing 21604:com.android.chrome:privileged_process0/u0a35 (adj 0): stop com.android.chrome
W/ActivityManager(  459): Scheduling restart of crashed service com.android.chrome/org.chromium.content.app.PrivilegedProcessService0 in 1000ms
I/ActivityManager(  459): Killing 21474:com.android.chrome/u0a35 (adj 0): stop com.android.chrome
D/ConnectivityService(  459): ConnectivityService NetworkRequestInfo binderDied(NetworkRequest [ id=44, legacyType=-1, [ Capabilities: INTERNET&NOT_RESTRICTED&TRUSTED] ], android.os.BinderProxy@3d2b134c)
I/WindowState(  459): WIN DEATH: Window{15d5b6c2 u0 SurfaceView}
D/ConnectivityService(  459): releasing NetworkRequest NetworkRequest [ id=44, legacyType=-1, [ Capabilities: INTERNET&NOT_RESTRICTED&TRUSTED] ]
E/ConnectivityService(  459): RemoteException caught trying to send a callback msg for NetworkRequest [ id=44, legacyType=-1, [ Capabilities: INTERNET&NOT_RESTRICTED&TRUSTED] ]
D/ConnectivityService(  459): ConnectivityService NetworkRequestInfo binderDied(NetworkRequest [ id=47, legacyType=-1, [ Capabilities: INTERNET&NOT_RESTRICTED&TRUSTED] ], android.os.BinderProxy@24008f95)
D/ConnectivityService(  459): releasing NetworkRequest NetworkRequest [ id=47, legacyType=-1, [ Capabilities: INTERNET&NOT_RESTRICTED&TRUSTED] ]
E/ConnectivityService(  459): RemoteException caught trying to send a callback msg for NetworkRequest [ id=47, legacyType=-1, [ Capabilities: INTERNET&NOT_RESTRICTED&TRUSTED] ]
I/WindowState(  459): WIN DEATH: Window{3906da4 u0 com.android.chrome/org.chromium.chrome.browser.ChromeTabbedActivity}
W/ActivityManager(  459): Exception when unbinding service com.android.chrome/org.chromium.content.app.SandboxedProcessService0
W/ActivityManager(  459): android.os.DeadObjectException
W/ActivityManager(  459): 	at android.os.BinderProxy.transactNative(Native Method)
W/ActivityManager(  459): 	at android.os.BinderProxy.transact(Binder.java:496)
W/ActivityManager(  459): 	at android.app.ApplicationThreadProxy.scheduleUnbindService(ApplicationThreadNative.java:921)
W/ActivityManager(  459): 	at com.android.server.am.ActiveServices.removeConnectionLocked(ActiveServices.java:1795)
W/ActivityManager(  459): 	at com.android.server.am.ActiveServices.killServicesLocked(ActiveServices.java:2193)
W/ActivityManager(  459): 	at com.android.server.am.ActivityManagerService.cleanUpApplicationRecordLocked(ActivityManagerService.java:14895)
W/ActivityManager(  459): 	at com.android.server.am.ActivityManagerService.handleAppDiedLocked(ActivityManagerService.java:4552)
W/ActivityManager(  459): 	at com.android.server.am.ActivityManagerService.removeProcessLocked(ActivityManagerService.java:5789)
W/ActivityManager(  459): 	at com.android.server.am.ActivityManagerService.killPackageProcessesLocked(ActivityManagerService.java:5594)
W/ActivityManager(  459): 	at com.android.server.am.ActivityManagerService.forceStopPackageLocked(ActivityManagerService.java:5655)
W/ActivityManager(  459): 	at com.android.server.am.ActivityManagerService.forceStopPackageLocked(ActivityManagerService.java:5499)
W/ActivityManager(  459): 	at com.android.server.am.ActivityManagerService.forceStopPackage(ActivityManagerService.java:5309)
W/ActivityManager(  459): 	at android.app.ActivityManagerNative.onTransact(ActivityManagerNative.java:1461)
W/ActivityManager(  459): 	at com.android.server.am.ActivityManagerService.onTransact(ActivityManagerService.java:2208)
W/ActivityManager(  459): 	at android.os.Binder.execTransact(Binder.java:446)
I/ActivityManager(  459): Killing 21500:com.android.chrome:sandboxed_process0/u0a35i22 (adj 9): isolated not needed
W/libprocessgroup(  459): failed to open /acct/uid_10035/pid_21500/cgroup.procs: No such file or directory
W/ActivityManager(  459): Exception when unbinding service com.android.chrome/org.chromium.content.app.SandboxedProcessService2
W/ActivityManager(  459): android.os.DeadObjectException
W/ActivityManager(  459): 	at android.os.BinderProxy.transactNative(Native Method)
W/ActivityManager(  459): 	at android.os.BinderProxy.transact(Binder.java:496)
W/ActivityManager(  459): 	at android.app.ApplicationThreadProxy.scheduleUnbindService(ApplicationThreadNative.java:921)
W/ActivityManager(  459): 	at com.android.server.am.ActiveServices.removeConnectionLocked(ActiveServices.java:1795)
W/ActivityManager(  459): 	at com.android.server.am.ActiveServices.killServicesLocked(ActiveServices.java:2193)
W/ActivityManager(  459): 	at com.android.server.am.ActivityManagerService.cleanUpApplicationRecordLocked(ActivityManagerService.java:14895)
W/ActivityManager(  459): 	at com.android.server.am.ActivityManagerService.handleAppDiedLocked(ActivityManagerService.java:4552)
W/ActivityManager(  459): 	at com.android.server.am.ActivityManagerService.removeProcessLocked(ActivityManagerService.java:5789)
W/ActivityManager(  459): 	at com.android.server.am.ActivityManagerService.killPackageProcessesLocked(ActivityManagerService.java:5594)
W/ActivityManager(  459): 	at com.android.server.am.ActivityManagerService.forceStopPackageLocked(ActivityManagerService.java:5655)
W/ActivityManager(  459): 	at com.android.server.am.ActivityManagerService.forceStopPackageLocked(ActivityManagerService.java:5499)
W/ActivityManager(  459): 	at com.android.server.am.ActivityManagerService.forceStopPackage(ActivityManagerService.java:5309)
W/ActivityManager(  459): 	at android.app.ActivityManagerNative.onTransact(ActivityManagerNative.java:1461)
W/ActivityManager(  459): 	at com.android.server.am.ActivityManagerService.onTransact(ActivityManagerService.java:2208)
W/ActivityManager(  459): 	at android.os.Binder.execTransact(Binder.java:446)
W/ActivityManager(  459): Scheduling restart of crashed service com.android.chrome/org.chromium.chrome.browser.media.MediaCaptureNotificationService in 1000ms
W/ActivityManager(  459): Force removing ActivityRecord{36582b47 u0 com.android.chrome/org.chromium.chrome.browser.ChromeTabbedActivity t4545}: app died, no saved state
I/ActivityManager(  459): Killing 21794:com.android.chrome:sandboxed_process2/u0a35i24 (adj 9): isolated not needed
W/libprocessgroup(  459): failed to open /acct/uid_10035/pid_21794/cgroup.procs: No such file or directory
I/ActivityManager(  459):   Force stopping service ServiceRecord{1e28e6c0 u0 com.android.chrome/org.chromium.chrome.browser.media.MediaCaptureNotificationService}
W/ActivityManager(  459): Spurious death for ProcessRecord{2d52c36b 21604:com.android.chrome:privileged_process0/u0a35}, curProc for 21604: null
W/ActivityManager(  459): Unbind failed: could not find connection for android.os.BinderProxy@55a3949
W/ActivityManager(  459): Spurious death for ProcessRecord{11ade5a1 21474:com.android.chrome/u0a35}, curProc for 21474: null
W/InputMethodManagerService(  459): Got RemoteException sending setActive(false) notification to pid 21474 uid 10035
I/ActivityManager(  459): Force stopping com.android.chrome appid=10035 user=0: clear data
D/TaskPersister(  459): removeObsoleteFile: deleting file=4545_task.xml
D/TaskPersister(  459): removeObsoleteFile: deleting file=4545_task_thumbnail.png
I/ActivityManager(  459): Start proc 22200:com.android.documentsui/u0a40 for broadcast com.android.documentsui/.PackageReceiver
I/ActivityManager(  459): Start proc 22228:com.google.android.apps.photos/u0a66 for broadcast com.google.android.apps.photos/com.google.android.libraries.social.mediastoresync.reset.impl.MediaStoreClearedReceiver
I/ActivityManager(  459): Start proc 22247:com.android.defcontainer/u0a4 for service com.android.defcontainer/.DefaultContainerService
I/ActivityManager(  459): Start proc 22272:com.android.chrome/u0a35 for content provider com.android.chrome/com.google.android.apps.chrome.icing.IcingProvider
W/ResourcesManager(22272): Asset path '/system/framework/com.android.media.remotedisplay.jar' does not exist or contains no resources.
W/ResourcesManager(22272): Asset path '/system/framework/com.android.location.provider.jar' does not exist or contains no resources.
D/ConnectivityService(  459): updateNetworkScore for NetworkAgentInfo [WIFI () - 101] to 56
D/ConnectivityService(  459): rematching NetworkAgentInfo [WIFI () - 101]
D/ConnectivityService(  459): Network NetworkAgentInfo [WIFI () - 101] was already satisfying request 1. No change.
D/ConnectivityService(  459): notifyType AVAILABLE for NetworkAgentInfo [WIFI () - 101]
W/FileUtils(21423): Failed to chmod(/storage/emulated/0/trepn/Trepn_2018.06.17_142539.db): android.system.ErrnoException: chmod failed: EPERM (Operation not permitted)
D/ConnectivityService(  459): updateNetworkScore for NetworkAgentInfo [WIFI () - 101] to 60
D/ConnectivityService(  459): rematching NetworkAgentInfo [WIFI () - 101]
D/ConnectivityService(  459): Network NetworkAgentInfo [WIFI () - 101] was already satisfying request 1. No change.
D/ConnectivityService(  459): notifyType AVAILABLE for NetworkAgentInfo [WIFI () - 101]
D/ConnectivityService(  459): updateNetworkScore for NetworkAgentInfo [WIFI () - 101] to 56
D/ConnectivityService(  459): rematching NetworkAgentInfo [WIFI () - 101]
D/ConnectivityService(  459): Network NetworkAgentInfo [WIFI () - 101] was already satisfying request 1. No change.
D/ConnectivityService(  459): notifyType AVAILABLE for NetworkAgentInfo [WIFI () - 101]
D/WifiService(  459): acquireWifiLockLocked: WifiLock{NlpWifiLock type=2 binder=android.os.BinderProxy@f864a7a}
D/WifiService(  459): releaseWifiLockLocked: WifiLock{NlpWifiLock type=2 binder=android.os.BinderProxy@f864a7a}
D/ConnectivityService(  459): updateNetworkScore for NetworkAgentInfo [WIFI () - 101] to 60
D/ConnectivityService(  459): rematching NetworkAgentInfo [WIFI () - 101]
D/ConnectivityService(  459): Network NetworkAgentInfo [WIFI () - 101] was already satisfying request 1. No change.
D/ConnectivityService(  459): notifyType AVAILABLE for NetworkAgentInfo [WIFI () - 101]
D/ConnectivityService(  459): updateNetworkScore for NetworkAgentInfo [WIFI () - 101] to 56
D/ConnectivityService(  459): rematching NetworkAgentInfo [WIFI () - 101]
D/ConnectivityService(  459): Network NetworkAgentInfo [WIFI () - 101] was already satisfying request 1. No change.
D/ConnectivityService(  459): notifyType AVAILABLE for NetworkAgentInfo [WIFI () - 101]
D/ConnectivityService(  459): updateNetworkScore for NetworkAgentInfo [WIFI () - 101] to 60
D/ConnectivityService(  459): rematching NetworkAgentInfo [WIFI () - 101]
D/ConnectivityService(  459): Network NetworkAgentInfo [WIFI () - 101] was already satisfying request 1. No change.
D/ConnectivityService(  459): notifyType AVAILABLE for NetworkAgentInfo [WIFI () - 101]
D/ConnectivityService(  459): updateNetworkScore for NetworkAgentInfo [WIFI () - 101] to 56
D/ConnectivityService(  459): rematching NetworkAgentInfo [WIFI () - 101]
D/ConnectivityService(  459): Network NetworkAgentInfo [WIFI () - 101] was already satisfying request 1. No change.
D/ConnectivityService(  459): notifyType AVAILABLE for NetworkAgentInfo [WIFI () - 101]
D/ConnectivityService(  459): updateNetworkScore for NetworkAgentInfo [WIFI () - 101] to 60
D/ConnectivityService(  459): rematching NetworkAgentInfo [WIFI () - 101]
D/ConnectivityService(  459): Network NetworkAgentInfo [WIFI () - 101] was already satisfying request 1. No change.
D/ConnectivityService(  459): notifyType AVAILABLE for NetworkAgentInfo [WIFI () - 101]
D/ConnectivityService(  459): updateNetworkScore for NetworkAgentInfo [WIFI () - 101] to 56
D/ConnectivityService(  459): rematching NetworkAgentInfo [WIFI () - 101]
D/ConnectivityService(  459): Network NetworkAgentInfo [WIFI () - 101] was already satisfying request 1. No change.
D/ConnectivityService(  459): notifyType AVAILABLE for NetworkAgentInfo [WIFI () - 101]
I/ActivityManager(  459): Force stopping com.android.chrome appid=10035 user=0: from pid 22880
I/ActivityManager(  459): Killing 22272:com.android.chrome/u0a35 (adj 9): stop com.android.chrome
W/ActivityManager(  459): Spurious death for ProcessRecord{3c19a783 22272:com.android.chrome/u0a35}, curProc for 22272: null
I/ActivityManager(  459): Force stopping com.android.chrome appid=10035 user=0: clear data
I/ActivityManager(  459): Start proc 22947:com.android.chrome/u0a35 for content provider com.android.chrome/com.google.android.apps.chrome.icing.IcingProvider
W/ResourcesManager(22947): Asset path '/system/framework/com.android.media.remotedisplay.jar' does not exist or contains no resources.
W/ResourcesManager(22947): Asset path '/system/framework/com.android.location.provider.jar' does not exist or contains no resources.
D/ConnectivityService(  459): updateNetworkScore for NetworkAgentInfo [WIFI () - 101] to 60
D/ConnectivityService(  459): rematching NetworkAgentInfo [WIFI () - 101]
D/ConnectivityService(  459): Network NetworkAgentInfo [WIFI () - 101] was already satisfying request 1. No change.
D/ConnectivityService(  459): notifyType AVAILABLE for NetworkAgentInfo [WIFI () - 101]
D/ConnectivityService(  459): updateNetworkScore for NetworkAgentInfo [WIFI () - 101] to 56
D/ConnectivityService(  459): rematching NetworkAgentInfo [WIFI () - 101]
D/ConnectivityService(  459): Network NetworkAgentInfo [WIFI () - 101] was already satisfying request 1. No change.
D/ConnectivityService(  459): notifyType AVAILABLE for NetworkAgentInfo [WIFI () - 101]
D/ConnectivityService(  459): updateNetworkScore for NetworkAgentInfo [WIFI () - 101] to 60
D/ConnectivityService(  459): rematching NetworkAgentInfo [WIFI () - 101]
D/ConnectivityService(  459): Network NetworkAgentInfo [WIFI () - 101] was already satisfying request 1. No change.
D/ConnectivityService(  459): notifyType AVAILABLE for NetworkAgentInfo [WIFI () - 101]
D/ConnectivityService(  459): updateNetworkScore for NetworkAgentInfo [WIFI () - 101] to 56
D/ConnectivityService(  459): rematching NetworkAgentInfo [WIFI () - 101]
D/ConnectivityService(  459): Network NetworkAgentInfo [WIFI () - 101] was already satisfying request 1. No change.
D/ConnectivityService(  459): notifyType AVAILABLE for NetworkAgentInfo [WIFI () - 101]
D/ConnectivityService(  459): updateNetworkScore for NetworkAgentInfo [WIFI () - 101] to 60
D/ConnectivityService(  459): rematching NetworkAgentInfo [WIFI () - 101]
D/ConnectivityService(  459): Network NetworkAgentInfo [WIFI () - 101] was already satisfying request 1. No change.
D/ConnectivityService(  459): notifyType AVAILABLE for NetworkAgentInfo [WIFI () - 101]
W/ProcessCpuTracker(  459): Skipping unknown process pid 23425
D/ConnectivityService(  459): updateNetworkScore for NetworkAgentInfo [WIFI () - 101] to 56
D/ConnectivityService(  459): rematching NetworkAgentInfo [WIFI () - 101]
D/ConnectivityService(  459): Network NetworkAgentInfo [WIFI () - 101] was already satisfying request 1. No change.
D/ConnectivityService(  459): notifyType AVAILABLE for NetworkAgentInfo [WIFI () - 101]
D/ConnectivityService(  459): updateNetworkScore for NetworkAgentInfo [WIFI () - 101] to 60
D/ConnectivityService(  459): rematching NetworkAgentInfo [WIFI () - 101]
D/ConnectivityService(  459): Network NetworkAgentInfo [WIFI () - 101] was already satisfying request 1. No change.
D/ConnectivityService(  459): notifyType AVAILABLE for NetworkAgentInfo [WIFI () - 101]
W/BroadcastQueue(  459): Skipping deliver [background] BroadcastRecord{11e3a0c1 u-1 android.net.conn.CONNECTIVITY_CHANGE} to ReceiverList{f2c7066 23620 (unknown name)/2000/u-1 remote:202131cb}: process crashing
I/ActivityManager(  459): START u0 {act=android.intent.action.MAIN cat=[android.intent.category.LAUNCHER] flg=0x10200000 cmp=com.quicinc.trepn/.userinterface.main.TrepnActivity} from uid 2000 on display 0
V/WindowManager(  459): addAppToken: AppWindowToken{25c887fd token=Token{353f8c54 ActivityRecord{150f1fa7 u0 com.quicinc.trepn/.userinterface.main.TrepnActivity t4547}}} to stack=1 task=4547 at 0
V/WindowManager(  459): Adding window Window{161011ec u0 Starting com.quicinc.trepn} at 3 of 17 (after Window{97f2b52 u0 com.google.android.googlequicksearchbox/com.google.android.launcher.GEL})
V/WindowManager(  459): Adding window Window{1fd8b6a2 u0 com.quicinc.trepn/com.quicinc.trepn.userinterface.main.TrepnActivity} at 3 of 18 (before Window{161011ec u0 Starting com.quicinc.trepn})
D/TaskPersister(  459): removeObsoleteFile: deleting file=4541_task.xml
I/ActivityManager(  459): Force stopping com.quicinc.trepn appid=10091 user=0: from pid 23668
I/ActivityManager(  459): Killing 21423:com.quicinc.trepn/u0a91 (adj 0): stop com.quicinc.trepn
I/WindowState(  459): WIN DEATH: Window{1fd8b6a2 u0 com.quicinc.trepn/com.quicinc.trepn.userinterface.main.TrepnActivity}
W/ActivityManager(  459): Force removing ActivityRecord{150f1fa7 u0 com.quicinc.trepn/.userinterface.main.TrepnActivity t4547}: app died, no saved state
W/ActivityManager(  459): Spurious death for ProcessRecord{12d5b9b5 21423:com.quicinc.trepn/u0a91}, curProc for 21423: null
W/InputMethodManagerService(  459): Got RemoteException sending setActive(false) notification to pid 21423 uid 10091
D/ConnectivityService(  459): updateNetworkScore for NetworkAgentInfo [WIFI () - 101] to 56
D/ConnectivityService(  459): rematching NetworkAgentInfo [WIFI () - 101]
D/ConnectivityService(  459): Network NetworkAgentInfo [WIFI () - 101] was already satisfying request 1. No change.
D/ConnectivityService(  459): notifyType AVAILABLE for NetworkAgentInfo [WIFI () - 101]
I/ActivityManager(  459): Start proc 23715:com.quicinc.trepn/u0a91 for service com.quicinc.trepn/.TrepnService
I/ActivityManager(  459): Force stopping com.android.chrome appid=10035 user=0: from pid 23748
I/ActivityManager(  459): Killing 22947:com.android.chrome/u0a35 (adj 9): stop com.android.chrome
W/ActivityManager(  459): Spurious death for ProcessRecord{2f05b5b 22947:com.android.chrome/u0a35}, curProc for 22947: null
I/ActivityManager(  459): START u0 {act=android.intent.action.VIEW flg=0x10008000 cmp=com.android.chrome/com.google.android.apps.chrome.Main} from uid 2000 on display 0
V/WindowManager(  459): addAppToken: AppWindowToken{197a9336 token=Token{24fc4cd1 ActivityRecord{3f8ecff8 u0 com.android.chrome/com.google.android.apps.chrome.Main t4548}}} to stack=1 task=4548 at 0
I/ActivityManager(  459): Start proc 23766:com.android.chrome/u0a35 for activity com.android.chrome/com.google.android.apps.chrome.Main
W/ResourcesManager(23766): Asset path '/system/framework/com.android.media.remotedisplay.jar' does not exist or contains no resources.
