D/ConnectivityService(  471): updateNetworkScore for NetworkAgentInfo [WIFI () - 101] to 56
D/ConnectivityService(  471): rematching NetworkAgentInfo [WIFI () - 101]
D/ConnectivityService(  471): Network NetworkAgentInfo [WIFI () - 101] was already satisfying request 1. No change.
D/ConnectivityService(  471): notifyType AVAILABLE for NetworkAgentInfo [WIFI () - 101]
D/ConnectivityService(  471): updateNetworkScore for NetworkAgentInfo [WIFI () - 101] to 60
D/ConnectivityService(  471): rematching NetworkAgentInfo [WIFI () - 101]
D/ConnectivityService(  471): Network NetworkAgentInfo [WIFI () - 101] was already satisfying request 1. No change.
D/ConnectivityService(  471): notifyType AVAILABLE for NetworkAgentInfo [WIFI () - 101]
D/ConnectivityService(  471): updateNetworkScore for NetworkAgentInfo [WIFI () - 101] to 56
D/ConnectivityService(  471): rematching NetworkAgentInfo [WIFI () - 101]
D/ConnectivityService(  471): Network NetworkAgentInfo [WIFI () - 101] was already satisfying request 1. No change.
D/ConnectivityService(  471): notifyType AVAILABLE for NetworkAgentInfo [WIFI () - 101]
D/ConnectivityService(  471): updateNetworkScore for NetworkAgentInfo [WIFI () - 101] to 60
D/ConnectivityService(  471): rematching NetworkAgentInfo [WIFI () - 101]
D/ConnectivityService(  471): Network NetworkAgentInfo [WIFI () - 101] was already satisfying request 1. No change.
D/ConnectivityService(  471): notifyType AVAILABLE for NetworkAgentInfo [WIFI () - 101]
--------- beginning of main
W/Wifi    ( 3495): Failed to read packet and byte counts from wifi interface
D/ConnectivityService(  471): updateNetworkScore for NetworkAgentInfo [WIFI () - 101] to 56
D/ConnectivityService(  471): rematching NetworkAgentInfo [WIFI () - 101]
D/ConnectivityService(  471): Network NetworkAgentInfo [WIFI () - 101] was already satisfying request 1. No change.
D/ConnectivityService(  471): notifyType AVAILABLE for NetworkAgentInfo [WIFI () - 101]
D/ConnectivityManager.CallbackHandler(  692): CM callback handler got msg 524290
D/ConnectivityManager.CallbackHandler( 1040): CM callback handler got msg 524290
D/ConnectivityManager.CallbackHandler(22961): CM callback handler got msg 524290
D/ConnectivityManager.CallbackHandler(23053): CM callback handler got msg 524290
D/ConnectivityManager.CallbackHandler( 1040): CM callback handler got msg 524290
D/ConnectivityManager.CallbackHandler(23775): CM callback handler got msg 524290
D/ConnectivityManager.CallbackHandler(22584): CM callback handler got msg 524290
D/ConnectivityManager.CallbackHandler( 1040): CM callback handler got msg 524290
W/Wifi    ( 3495): Failed to read packet and byte counts from wifi interface
W/Wifi    ( 3495): Failed to read packet and byte counts from wifi interface
W/Wifi    ( 3495): Failed to read packet and byte counts from wifi interface
E/WifiStateMachine(  471): WifiStateMachine CMD_START_SCAN source -2 txSuccessRate=0.22 rxSuccessRate=2.46 targetRoamBSSID=any RSSI=-61
W/Wifi    ( 3495): Failed to read packet and byte counts from wifi interface
I/vgn     ( 1173): 35-GetDeviceDataUploadOptInStatusOperation -- metadata{ service_id: 0 }
I/vgn     ( 1173): 35-GetDeviceDataUploadOptInStatusOperation -- metadata{ service_id: 0 }
W/Wifi    ( 3495): Failed to read packet and byte counts from wifi interface
W/Wifi    ( 3495): Failed to read packet and byte counts from wifi interface
W/Wifi    ( 3495): Failed to read packet and byte counts from wifi interface
W/Wifi    ( 3495): Failed to read packet and byte counts from wifi interface
W/Wifi    ( 3495): Failed to read packet and byte counts from wifi interface
W/Wifi    ( 3495): Failed to read packet and byte counts from wifi interface
D/ConnectivityService(  471): updateNetworkScore for NetworkAgentInfo [WIFI () - 101] to 60
D/ConnectivityService(  471): rematching NetworkAgentInfo [WIFI () - 101]
D/ConnectivityService(  471): Network NetworkAgentInfo [WIFI () - 101] was already satisfying request 1. No change.
D/ConnectivityService(  471): notifyType AVAILABLE for NetworkAgentInfo [WIFI () - 101]
D/ConnectivityManager.CallbackHandler(  692): CM callback handler got msg 524290
D/ConnectivityManager.CallbackHandler( 1040): CM callback handler got msg 524290
D/ConnectivityManager.CallbackHandler( 1040): CM callback handler got msg 524290
D/ConnectivityManager.CallbackHandler(22961): CM callback handler got msg 524290
D/ConnectivityManager.CallbackHandler(23053): CM callback handler got msg 524290
D/ConnectivityManager.CallbackHandler(23775): CM callback handler got msg 524290
D/ConnectivityManager.CallbackHandler(22584): CM callback handler got msg 524290
D/ConnectivityManager.CallbackHandler( 1040): CM callback handler got msg 524290
W/Wifi    ( 3495): Failed to read packet and byte counts from wifi interface
W/Wifi    ( 3495): Failed to read packet and byte counts from wifi interface
W/Wifi    ( 3495): Failed to read packet and byte counts from wifi interface
D/ConnectivityService(  471): updateNetworkScore for NetworkAgentInfo [WIFI () - 101] to 56
D/ConnectivityService(  471): rematching NetworkAgentInfo [WIFI () - 101]
D/ConnectivityService(  471): Network NetworkAgentInfo [WIFI () - 101] was already satisfying request 1. No change.
D/ConnectivityService(  471): notifyType AVAILABLE for NetworkAgentInfo [WIFI () - 101]
D/ConnectivityManager.CallbackHandler(  692): CM callback handler got msg 524290
D/ConnectivityManager.CallbackHandler( 1040): CM callback handler got msg 524290
D/ConnectivityManager.CallbackHandler( 1040): CM callback handler got msg 524290
D/ConnectivityManager.CallbackHandler(22961): CM callback handler got msg 524290
D/ConnectivityManager.CallbackHandler(23053): CM callback handler got msg 524290
D/ConnectivityManager.CallbackHandler(23775): CM callback handler got msg 524290
D/ConnectivityManager.CallbackHandler(22584): CM callback handler got msg 524290
D/ConnectivityManager.CallbackHandler( 1040): CM callback handler got msg 524290
W/Wifi    ( 3495): Failed to read packet and byte counts from wifi interface
W/Wifi    ( 3495): Failed to read packet and byte counts from wifi interface
W/Wifi    ( 3495): Failed to read packet and byte counts from wifi interface
W/Wifi    ( 3495): Failed to read packet and byte counts from wifi interface
W/Wifi    ( 3495): Failed to read packet and byte counts from wifi interface
W/Wifi    ( 3495): Failed to read packet and byte counts from wifi interface
W/Wifi    ( 3495): Failed to read packet and byte counts from wifi interface
W/Wifi    ( 3495): Failed to read packet and byte counts from wifi interface
W/Wifi    ( 3495): Failed to read packet and byte counts from wifi interface
W/Wifi    ( 3495): Failed to read packet and byte counts from wifi interface
E/WifiStateMachine(  471): WifiStateMachine CMD_START_SCAN source -2 txSuccessRate=0.64 rxSuccessRate=2.99 targetRoamBSSID=any RSSI=-62
W/Wifi    ( 3495): Failed to read packet and byte counts from wifi interface
W/Wifi    ( 3495): Failed to read packet and byte counts from wifi interface
W/Wifi    ( 3495): Failed to read packet and byte counts from wifi interface
W/Wifi    ( 3495): Failed to read packet and byte counts from wifi interface
W/Wifi    ( 3495): Failed to read packet and byte counts from wifi interface
W/Wifi    ( 3495): Failed to read packet and byte counts from wifi interface
W/Wifi    ( 3495): Failed to read packet and byte counts from wifi interface
W/Wifi    ( 3495): Failed to read packet and byte counts from wifi interface
D/ConnectivityService(  471): updateNetworkScore for NetworkAgentInfo [WIFI () - 101] to 60
D/ConnectivityService(  471): rematching NetworkAgentInfo [WIFI () - 101]
D/ConnectivityService(  471): Network NetworkAgentInfo [WIFI () - 101] was already satisfying request 1. No change.
D/ConnectivityService(  471): notifyType AVAILABLE for NetworkAgentInfo [WIFI () - 101]
D/ConnectivityManager.CallbackHandler(  692): CM callback handler got msg 524290
D/ConnectivityManager.CallbackHandler(23053): CM callback handler got msg 524290
D/ConnectivityManager.CallbackHandler(22584): CM callback handler got msg 524290
D/ConnectivityManager.CallbackHandler(22961): CM callback handler got msg 524290
D/ConnectivityManager.CallbackHandler( 1040): CM callback handler got msg 524290
D/ConnectivityManager.CallbackHandler( 1040): CM callback handler got msg 524290
D/ConnectivityManager.CallbackHandler(23775): CM callback handler got msg 524290
D/ConnectivityManager.CallbackHandler( 1040): CM callback handler got msg 524290
W/Wifi    ( 3495): Failed to read packet and byte counts from wifi interface
W/Wifi    ( 3495): Failed to read packet and byte counts from wifi interface
W/Wifi    ( 3495): Failed to read packet and byte counts from wifi interface
W/Wifi    ( 3495): Failed to read packet and byte counts from wifi interface
W/Wifi    ( 3495): Failed to read packet and byte counts from wifi interface
W/Wifi    ( 3495): Failed to read packet and byte counts from wifi interface
W/Wifi    ( 3495): Failed to read packet and byte counts from wifi interface
W/Wifi    ( 3495): Failed to read packet and byte counts from wifi interface
W/Wifi    ( 3495): Failed to read packet and byte counts from wifi interface
D/ConnectivityService(  471): updateNetworkScore for NetworkAgentInfo [WIFI () - 101] to 56
D/ConnectivityService(  471): rematching NetworkAgentInfo [WIFI () - 101]
D/ConnectivityService(  471): Network NetworkAgentInfo [WIFI () - 101] was already satisfying request 1. No change.
D/ConnectivityService(  471): notifyType AVAILABLE for NetworkAgentInfo [WIFI () - 101]
D/ConnectivityManager.CallbackHandler(  692): CM callback handler got msg 524290
D/ConnectivityManager.CallbackHandler(22584): CM callback handler got msg 524290
D/ConnectivityManager.CallbackHandler(23775): CM callback handler got msg 524290
D/ConnectivityManager.CallbackHandler(23053): CM callback handler got msg 524290
D/ConnectivityManager.CallbackHandler( 1040): CM callback handler got msg 524290
D/ConnectivityManager.CallbackHandler(22961): CM callback handler got msg 524290
D/ConnectivityManager.CallbackHandler( 1040): CM callback handler got msg 524290
D/ConnectivityManager.CallbackHandler( 1040): CM callback handler got msg 524290
W/Wifi    ( 3495): Failed to read packet and byte counts from wifi interface
W/Wifi    ( 3495): Failed to read packet and byte counts from wifi interface
W/Wifi    ( 3495): Failed to read packet and byte counts from wifi interface
D/ConnectivityService(  471): updateNetworkScore for NetworkAgentInfo [WIFI () - 101] to 60
D/ConnectivityService(  471): rematching NetworkAgentInfo [WIFI () - 101]
D/ConnectivityService(  471): Network NetworkAgentInfo [WIFI () - 101] was already satisfying request 1. No change.
D/ConnectivityService(  471): notifyType AVAILABLE for NetworkAgentInfo [WIFI () - 101]
D/ConnectivityManager.CallbackHandler(  692): CM callback handler got msg 524290
D/ConnectivityManager.CallbackHandler( 1040): CM callback handler got msg 524290
D/ConnectivityManager.CallbackHandler( 1040): CM callback handler got msg 524290
D/ConnectivityManager.CallbackHandler(23053): CM callback handler got msg 524290
D/ConnectivityManager.CallbackHandler(22584): CM callback handler got msg 524290
D/ConnectivityManager.CallbackHandler(22961): CM callback handler got msg 524290
D/ConnectivityManager.CallbackHandler(23775): CM callback handler got msg 524290
D/ConnectivityManager.CallbackHandler( 1040): CM callback handler got msg 524290
E/WifiStateMachine(  471): WifiStateMachine CMD_START_SCAN source -2 txSuccessRate=1.90 rxSuccessRate=6.55 targetRoamBSSID=any RSSI=-58
W/Wifi    ( 3495): Failed to read packet and byte counts from wifi interface
W/Wifi    ( 3495): Failed to read packet and byte counts from wifi interface
W/Wifi    ( 3495): Failed to read packet and byte counts from wifi interface
D/ConnectivityService(  471): updateNetworkScore for NetworkAgentInfo [WIFI () - 101] to 56
D/ConnectivityService(  471): rematching NetworkAgentInfo [WIFI () - 101]
D/ConnectivityService(  471): Network NetworkAgentInfo [WIFI () - 101] was already satisfying request 1. No change.
D/ConnectivityService(  471): notifyType AVAILABLE for NetworkAgentInfo [WIFI () - 101]
D/ConnectivityManager.CallbackHandler( 1040): CM callback handler got msg 524290
D/ConnectivityManager.CallbackHandler(  692): CM callback handler got msg 524290
D/ConnectivityManager.CallbackHandler( 1040): CM callback handler got msg 524290
D/ConnectivityManager.CallbackHandler(22961): CM callback handler got msg 524290
D/ConnectivityManager.CallbackHandler(23053): CM callback handler got msg 524290
D/ConnectivityManager.CallbackHandler(23775): CM callback handler got msg 524290
D/ConnectivityManager.CallbackHandler(22584): CM callback handler got msg 524290
D/ConnectivityManager.CallbackHandler( 1040): CM callback handler got msg 524290
W/Wifi    ( 3495): Failed to read packet and byte counts from wifi interface
W/Wifi    ( 3495): Failed to read packet and byte counts from wifi interface
W/Wifi    ( 3495): Failed to read packet and byte counts from wifi interface
W/Wifi    ( 3495): Failed to read packet and byte counts from wifi interface
W/Wifi    ( 3495): Failed to read packet and byte counts from wifi interface
W/Wifi    ( 3495): Failed to read packet and byte counts from wifi interface
W/Wifi    ( 3495): Failed to read packet and byte counts from wifi interface
W/Wifi    ( 3495): Failed to read packet and byte counts from wifi interface
W/Wifi    ( 3495): Failed to read packet and byte counts from wifi interface
D/ConnectivityService(  471): updateNetworkScore for NetworkAgentInfo [WIFI () - 101] to 60
D/ConnectivityService(  471): rematching NetworkAgentInfo [WIFI () - 101]
D/ConnectivityService(  471): Network NetworkAgentInfo [WIFI () - 101] was already satisfying request 1. No change.
D/ConnectivityService(  471): notifyType AVAILABLE for NetworkAgentInfo [WIFI () - 101]
D/ConnectivityManager.CallbackHandler(  692): CM callback handler got msg 524290
D/ConnectivityManager.CallbackHandler( 1040): CM callback handler got msg 524290
D/ConnectivityManager.CallbackHandler( 1040): CM callback handler got msg 524290
D/ConnectivityManager.CallbackHandler(22961): CM callback handler got msg 524290
D/ConnectivityManager.CallbackHandler(23053): CM callback handler got msg 524290
D/ConnectivityManager.CallbackHandler(22584): CM callback handler got msg 524290
D/ConnectivityManager.CallbackHandler(23775): CM callback handler got msg 524290
D/ConnectivityManager.CallbackHandler( 1040): CM callback handler got msg 524290
W/Wifi    ( 3495): Failed to read packet and byte counts from wifi interface
W/Wifi    ( 3495): Failed to read packet and byte counts from wifi interface
W/Wifi    ( 3495): Failed to read packet and byte counts from wifi interface
D/ConnectivityService(  471): updateNetworkScore for NetworkAgentInfo [WIFI () - 101] to 56
D/ConnectivityService(  471): rematching NetworkAgentInfo [WIFI () - 101]
D/ConnectivityService(  471): Network NetworkAgentInfo [WIFI () - 101] was already satisfying request 1. No change.
D/ConnectivityService(  471): notifyType AVAILABLE for NetworkAgentInfo [WIFI () - 101]
D/ConnectivityManager.CallbackHandler( 1040): CM callback handler got msg 524290
D/ConnectivityManager.CallbackHandler( 1040): CM callback handler got msg 524290
D/ConnectivityManager.CallbackHandler(  692): CM callback handler got msg 524290
D/ConnectivityManager.CallbackHandler(22961): CM callback handler got msg 524290
D/ConnectivityManager.CallbackHandler(23053): CM callback handler got msg 524290
D/ConnectivityManager.CallbackHandler(23775): CM callback handler got msg 524290
D/ConnectivityManager.CallbackHandler(22584): CM callback handler got msg 524290
D/ConnectivityManager.CallbackHandler( 1040): CM callback handler got msg 524290
W/Wifi    ( 3495): Failed to read packet and byte counts from wifi interface
W/Wifi    ( 3495): Failed to read packet and byte counts from wifi interface
W/Wifi    ( 3495): Failed to read packet and byte counts from wifi interface
W/Wifi    ( 3495): Failed to read packet and byte counts from wifi interface
W/Wifi    ( 3495): Failed to read packet and byte counts from wifi interface
E/WifiStateMachine(  471): WifiStateMachine CMD_START_SCAN source -2 txSuccessRate=1.08 rxSuccessRate=1.93 targetRoamBSSID=any RSSI=-62
W/Wifi    ( 3495): Failed to read packet and byte counts from wifi interface
I/CwMcuSensor(  471): CwMcuSensor::flush: fd = 112, sensors_id = 0, path = /sys/class/htc_sensorhub/sensor_hub/flush, err = 0
I/art     ( 1173): Explicit concurrent mark sweep GC freed 269496(11MB) AllocSpace objects, 13(1012KB) LOS objects, 35% free, 29MB/45MB, paused 728us total 196.636ms
I/vgn     ( 1173): 35-GetDeviceDataUploadOptInStatusOperation -- metadata{ service_id: 0 }
E/SQLiteLog( 1173): (2067) abort at 35 in [INSERT INTO context(context_name,end_time,context_family,module_id,version,sync_state_mod_time_millis,start_time,sync_state,context_id,time_type,proto_blob) VALUES (?,?,?,?,?,?,?,?,?,?,?)]: UNI
I/vgn     ( 1173): 35-GetDeviceDataUploadOptInStatusOperation -- metadata{ service_id: 0 }
E/SQLiteLog( 1173): (2067) abort at 35 in [INSERT INTO context(context_name,end_time,context_family,module_id,version,sync_state_mod_time_millis,start_time,sync_state,context_id,time_type,proto_blob) VALUES (?,?,?,?,?,?,?,?,?,?,?)]: UNI
E/SQLiteLog( 1173): (2067) abort at 35 in [INSERT INTO context(context_name,end_time,context_family,module_id,version,sync_state_mod_time_millis,start_time,sync_state,context_id,time_type,proto_blob) VALUES (?,?,?,?,?,?,?,?,?,?,?)]: UNI
E/SQLiteLog( 1173): (2067) abort at 35 in [INSERT INTO context(context_name,end_time,context_family,module_id,version,sync_state_mod_time_millis,start_time,sync_state,context_id,time_type,proto_blob) VALUES (?,?,?,?,?,?,?,?,?,?,?)]: UNI
I/vgn     ( 1173): 35-GetDeviceDataUploadOptInStatusOperation -- metadata{ service_id: 0 }
I/vgn     ( 1173): 35-GetDeviceDataUploadOptInStatusOperation -- metadata{ service_id: 0 }
W/Wifi    ( 3495): Failed to read packet and byte counts from wifi interface
W/Wifi    ( 3495): Failed to read packet and byte counts from wifi interface
W/Wifi    ( 3495): Failed to read packet and byte counts from wifi interface
D/ConnectivityService(  471): updateNetworkScore for NetworkAgentInfo [WIFI () - 101] to 60
D/ConnectivityService(  471): rematching NetworkAgentInfo [WIFI () - 101]
D/ConnectivityService(  471): Network NetworkAgentInfo [WIFI () - 101] was already satisfying request 1. No change.
D/ConnectivityService(  471): notifyType AVAILABLE for NetworkAgentInfo [WIFI () - 101]
D/ConnectivityManager.CallbackHandler(  692): CM callback handler got msg 524290
D/ConnectivityManager.CallbackHandler( 1040): CM callback handler got msg 524290
D/ConnectivityManager.CallbackHandler( 1040): CM callback handler got msg 524290
D/ConnectivityManager.CallbackHandler(22961): CM callback handler got msg 524290
D/ConnectivityManager.CallbackHandler(23053): CM callback handler got msg 524290
D/ConnectivityManager.CallbackHandler(23775): CM callback handler got msg 524290
D/ConnectivityManager.CallbackHandler(22584): CM callback handler got msg 524290
D/ConnectivityManager.CallbackHandler( 1040): CM callback handler got msg 524290
W/Wifi    ( 3495): Failed to read packet and byte counts from wifi interface
W/Wifi    ( 3495): Failed to read packet and byte counts from wifi interface
W/Wifi    ( 3495): Failed to read packet and byte counts from wifi interface
D/ConnectivityService(  471): updateNetworkScore for NetworkAgentInfo [WIFI () - 101] to 56
D/ConnectivityService(  471): rematching NetworkAgentInfo [WIFI () - 101]
D/ConnectivityService(  471): Network NetworkAgentInfo [WIFI () - 101] was already satisfying request 1. No change.
D/ConnectivityService(  471): notifyType AVAILABLE for NetworkAgentInfo [WIFI () - 101]
D/ConnectivityManager.CallbackHandler(  692): CM callback handler got msg 524290
D/ConnectivityManager.CallbackHandler( 1040): CM callback handler got msg 524290
D/ConnectivityManager.CallbackHandler(23053): CM callback handler got msg 524290
D/ConnectivityManager.CallbackHandler(23775): CM callback handler got msg 524290
D/ConnectivityManager.CallbackHandler(22584): CM callback handler got msg 524290
D/ConnectivityManager.CallbackHandler(22961): CM callback handler got msg 524290
D/ConnectivityManager.CallbackHandler( 1040): CM callback handler got msg 524290
D/ConnectivityManager.CallbackHandler( 1040): CM callback handler got msg 524290
W/Wifi    ( 3495): Failed to read packet and byte counts from wifi interface
W/Wifi    ( 3495): Failed to read packet and byte counts from wifi interface
W/Wifi    ( 3495): Failed to read packet and byte counts from wifi interface
I/DeviceStateChecker(22584): screenOn: true, isCharging: true
W/Wifi    ( 3495): Failed to read packet and byte counts from wifi interface
W/Wifi    ( 3495): Failed to read packet and byte counts from wifi interface
W/Wifi    ( 3495): Failed to read packet and byte counts from wifi interface
W/Wifi    ( 3495): Failed to read packet and byte counts from wifi interface
W/Wifi    ( 3495): Failed to read packet and byte counts from wifi interface
W/Wifi    ( 3495): Failed to read packet and byte counts from wifi interface
W/Wifi    ( 3495): Failed to read packet and byte counts from wifi interface
W/Wifi    ( 3495): Failed to read packet and byte counts from wifi interface
W/Wifi    ( 3495): Failed to read packet and byte counts from wifi interface
W/Wifi    ( 3495): Failed to read packet and byte counts from wifi interface
E/WifiStateMachine(  471): WifiStateMachine CMD_START_SCAN source -2 txSuccessRate=1.06 rxSuccessRate=3.00 targetRoamBSSID=any RSSI=-63
W/Wifi    ( 3495): Failed to read packet and byte counts from wifi interface
W/Wifi    ( 3495): Failed to read packet and byte counts from wifi interface
D/ConnectivityService(  471): updateNetworkScore for NetworkAgentInfo [WIFI () - 101] to 60
D/ConnectivityService(  471): rematching NetworkAgentInfo [WIFI () - 101]
D/ConnectivityService(  471): Network NetworkAgentInfo [WIFI () - 101] was already satisfying request 1. No change.
D/ConnectivityService(  471): notifyType AVAILABLE for NetworkAgentInfo [WIFI () - 101]
D/ConnectivityManager.CallbackHandler(  692): CM callback handler got msg 524290
D/ConnectivityManager.CallbackHandler( 1040): CM callback handler got msg 524290
D/ConnectivityManager.CallbackHandler( 1040): CM callback handler got msg 524290
D/ConnectivityManager.CallbackHandler(22961): CM callback handler got msg 524290
D/ConnectivityManager.CallbackHandler(23053): CM callback handler got msg 524290
D/ConnectivityManager.CallbackHandler(23775): CM callback handler got msg 524290
D/ConnectivityManager.CallbackHandler(22584): CM callback handler got msg 524290
D/ConnectivityManager.CallbackHandler( 1040): CM callback handler got msg 524290
W/Wifi    ( 3495): Failed to read packet and byte counts from wifi interface
W/Wifi    ( 3495): Failed to read packet and byte counts from wifi interface
W/Wifi    ( 3495): Failed to read packet and byte counts from wifi interface
D/ConnectivityService(  471): updateNetworkScore for NetworkAgentInfo [WIFI () - 101] to 56
D/ConnectivityService(  471): rematching NetworkAgentInfo [WIFI () - 101]
D/ConnectivityService(  471): Network NetworkAgentInfo [WIFI () - 101] was already satisfying request 1. No change.
D/ConnectivityService(  471): notifyType AVAILABLE for NetworkAgentInfo [WIFI () - 101]
D/ConnectivityManager.CallbackHandler( 1040): CM callback handler got msg 524290
D/ConnectivityManager.CallbackHandler(  692): CM callback handler got msg 524290
D/ConnectivityManager.CallbackHandler( 1040): CM callback handler got msg 524290
D/ConnectivityManager.CallbackHandler(22961): CM callback handler got msg 524290
D/ConnectivityManager.CallbackHandler(23053): CM callback handler got msg 524290
D/ConnectivityManager.CallbackHandler(22584): CM callback handler got msg 524290
D/ConnectivityManager.CallbackHandler(23775): CM callback handler got msg 524290
D/ConnectivityManager.CallbackHandler( 1040): CM callback handler got msg 524290
W/Wifi    ( 3495): Failed to read packet and byte counts from wifi interface
W/Wifi    ( 3495): Failed to read packet and byte counts from wifi interface
W/Wifi    ( 3495): Failed to read packet and byte counts from wifi interface
W/Wifi    ( 3495): Failed to read packet and byte counts from wifi interface
W/Wifi    ( 3495): Failed to read packet and byte counts from wifi interface
W/Wifi    ( 3495): Failed to read packet and byte counts from wifi interface
W/Wifi    ( 3495): Failed to read packet and byte counts from wifi interface
W/Wifi    ( 3495): Failed to read packet and byte counts from wifi interface
W/Wifi    ( 3495): Failed to read packet and byte counts from wifi interface
W/Wifi    ( 3495): Failed to read packet and byte counts from wifi interface
W/Wifi    ( 3495): Failed to read packet and byte counts from wifi interface
W/Wifi    ( 3495): Failed to read packet and byte counts from wifi interface
W/Wifi    ( 3495): Failed to read packet and byte counts from wifi interface
W/Wifi    ( 3495): Failed to read packet and byte counts from wifi interface
W/Wifi    ( 3495): Failed to read packet and byte counts from wifi interface
E/WifiStateMachine(  471): WifiStateMachine CMD_START_SCAN source -2 txSuccessRate=0.45 rxSuccessRate=3.05 targetRoamBSSID=any RSSI=-62
W/Wifi    ( 3495): Failed to read packet and byte counts from wifi interface
W/ctxmgr  ( 1173): [AclManager]No 2 for (accnt=account#-517948760#, com.google.android.gms(10008):IndoorOutdoorProducer, vrsn=12685000, 0, 3pPkg = null ,  3pMdlId = null ,  pid = 1173). Was: 3 for 57, account#-517948760#
W/Wifi    ( 3495): Failed to read packet and byte counts from wifi interface
W/Wifi    ( 3495): Failed to read packet and byte counts from wifi interface
W/Wifi    ( 3495): Failed to read packet and byte counts from wifi interface
W/Wifi    ( 3495): Failed to read packet and byte counts from wifi interface
W/Wifi    ( 3495): Failed to read packet and byte counts from wifi interface
I/ProcessStatsService(  471): Prepared write state in 7ms
W/Wifi    ( 3495): Failed to read packet and byte counts from wifi interface
I/EntropyMixer(  471): Writing entropy...
I/vgn     ( 1173): 35-GetDeviceDataUploadOptInStatusOperation -- metadata{ service_id: 0 }
I/ValidateNoPeople(  471): skipping global notification
I/ValidateNoPeople(  471): skipping global notification
I/art     (  471): Explicit concurrent mark sweep GC freed 152489(6MB) AllocSpace objects, 5(1068KB) LOS objects, 33% free, 28MB/42MB, paused 1.113ms total 125.802ms
D/MtpService(  709): updating state; isCurrentUser=true, mMtpLocked=false
D/MtpService(  709): addStorageLocked 65537 /storage/emulated/0
D/MtpService(  709): updating state; isCurrentUser=true, mMtpLocked=false
D/MtpService(  709): starting MTP server in MTP mode
D/MtpService(  709): addStorageLocked 65537 /storage/emulated/0
W/Wifi    ( 3495): Failed to read packet and byte counts from wifi interface
W/Wifi    ( 3495): Failed to read packet and byte counts from wifi interface
D/ConnectivityService(  471): updateNetworkScore for NetworkAgentInfo [WIFI () - 101] to 60
D/ConnectivityService(  471): rematching NetworkAgentInfo [WIFI () - 101]
D/ConnectivityService(  471): Network NetworkAgentInfo [WIFI () - 101] was already satisfying request 1. No change.
D/ConnectivityService(  471): notifyType AVAILABLE for NetworkAgentInfo [WIFI () - 101]
D/ConnectivityManager.CallbackHandler(  692): CM callback handler got msg 524290
D/ConnectivityManager.CallbackHandler( 1040): CM callback handler got msg 524290
D/ConnectivityManager.CallbackHandler(22584): CM callback handler got msg 524290
D/ConnectivityManager.CallbackHandler(23053): CM callback handler got msg 524290
D/ConnectivityManager.CallbackHandler(22961): CM callback handler got msg 524290
D/ConnectivityManager.CallbackHandler(23775): CM callback handler got msg 524290
D/ConnectivityManager.CallbackHandler( 1040): CM callback handler got msg 524290
D/ConnectivityManager.CallbackHandler( 1040): CM callback handler got msg 524290
W/Wifi    ( 3495): Failed to read packet and byte counts from wifi interface
W/Wifi    ( 3495): Failed to read packet and byte counts from wifi interface
F/PowerManager(22711): WakeLock finalized while still held: LockScreen ==KeepScreenOn==
W/Wifi    ( 3495): Failed to read packet and byte counts from wifi interface
W/Wifi    ( 3495): Failed to read packet and byte counts from wifi interface
W/Wifi    ( 3495): Failed to read packet and byte counts from wifi interface
W/Wifi    ( 3495): Failed to read packet and byte counts from wifi interface
W/Wifi    ( 3495): Failed to read packet and byte counts from wifi interface
W/Wifi    ( 3495): Failed to read packet and byte counts from wifi interface
W/Wifi    ( 3495): Failed to read packet and byte counts from wifi interface
W/Wifi    ( 3495): Failed to read packet and byte counts from wifi interface
W/Wifi    ( 3495): Failed to read packet and byte counts from wifi interface
E/WifiStateMachine(  471): WifiStateMachine CMD_START_SCAN source -2 txSuccessRate=7.77 rxSuccessRate=10.96 targetRoamBSSID=any RSSI=-60
W/Wifi    ( 3495): Failed to read packet and byte counts from wifi interface
D/ConnectivityService(  471): updateNetworkScore for NetworkAgentInfo [WIFI () - 101] to 56
D/ConnectivityService(  471): rematching NetworkAgentInfo [WIFI () - 101]
D/ConnectivityService(  471): Network NetworkAgentInfo [WIFI () - 101] was already satisfying request 1. No change.
D/ConnectivityService(  471): notifyType AVAILABLE for NetworkAgentInfo [WIFI () - 101]
D/ConnectivityManager.CallbackHandler(  692): CM callback handler got msg 524290
D/ConnectivityManager.CallbackHandler(23775): CM callback handler got msg 524290
D/ConnectivityManager.CallbackHandler(22961): CM callback handler got msg 524290
D/ConnectivityManager.CallbackHandler( 1040): CM callback handler got msg 524290
D/ConnectivityManager.CallbackHandler(23053): CM callback handler got msg 524290
D/ConnectivityManager.CallbackHandler(22584): CM callback handler got msg 524290
D/ConnectivityManager.CallbackHandler( 1040): CM callback handler got msg 524290
D/ConnectivityManager.CallbackHandler( 1040): CM callback handler got msg 524290
W/Wifi    ( 3495): Failed to read packet and byte counts from wifi interface
I/vgn     ( 1173): 35-GetDeviceDataUploadOptInStatusOperation -- metadata{ service_id: 0 }
I/vgn     ( 1173): 35-GetDeviceDataUploadOptInStatusOperation -- metadata{ service_id: 0 }
I/Finsky  (22961): [1654] com.google.android.finsky.contentfilterui.m.a(13): Received content filters request from sharedUserId=com.google.uid.shared:10008
W/Conscrypt( 1173): Could not set socket write timeout: java.lang.reflect.InvocationTargetException
W/Conscrypt( 1173): 	at java.lang.reflect.Method.invoke(Native Method)
W/Conscrypt( 1173): 	at java.lang.reflect.Method.invoke(Method.java:372)
W/Conscrypt( 1173): Caused by: android.system.ErrnoException: setsockopt failed: EBADF (Bad file number)
W/Conscrypt( 1173): 	at libcore.io.Posix.setsockoptTimeval(Native Method)
W/Conscrypt( 1173): 	at libcore.io.ForwardingOs.setsockoptTimeval(ForwardingOs.java:147)
W/Conscrypt( 1173): Could not set socket write timeout: java.lang.reflect.InvocationTargetException
W/Conscrypt( 1173): 	at java.lang.reflect.Method.invoke(Native Method)
W/Conscrypt( 1173): 	at java.lang.reflect.Method.invoke(Method.java:372)
W/Conscrypt( 1173): Caused by: android.system.ErrnoException: setsockopt failed: EBADF (Bad file number)
W/Conscrypt( 1173): 	at libcore.io.Posix.setsockoptTimeval(Native Method)
W/Conscrypt( 1173): 	at libcore.io.ForwardingOs.setsockoptTimeval(ForwardingOs.java:147)
W/Wifi    ( 3495): Failed to read packet and byte counts from wifi interface
W/Wifi    ( 3495): Failed to read packet and byte counts from wifi interface
I/InstantApps( 1173): DomainFilterImpl: Domain filter response size: 216342
D/ConnectivityService(  471): updateNetworkScore for NetworkAgentInfo [WIFI () - 101] to 60
D/ConnectivityService(  471): rematching NetworkAgentInfo [WIFI () - 101]
D/ConnectivityService(  471): Network NetworkAgentInfo [WIFI () - 101] was already satisfying request 1. No change.
D/ConnectivityService(  471): notifyType AVAILABLE for NetworkAgentInfo [WIFI () - 101]
D/ConnectivityManager.CallbackHandler(  692): CM callback handler got msg 524290
D/ConnectivityManager.CallbackHandler(22584): CM callback handler got msg 524290
D/ConnectivityManager.CallbackHandler(23775): CM callback handler got msg 524290
D/ConnectivityManager.CallbackHandler( 1040): CM callback handler got msg 524290
D/ConnectivityManager.CallbackHandler(23053): CM callback handler got msg 524290
D/ConnectivityManager.CallbackHandler(22961): CM callback handler got msg 524290
D/ConnectivityManager.CallbackHandler( 1040): CM callback handler got msg 524290
D/ConnectivityManager.CallbackHandler( 1040): CM callback handler got msg 524290
W/Wifi    ( 3495): Failed to read packet and byte counts from wifi interface
W/Wifi    ( 3495): Failed to read packet and byte counts from wifi interface
W/Wifi    ( 3495): Failed to read packet and byte counts from wifi interface
W/Wifi    ( 3495): Failed to read packet and byte counts from wifi interface
W/Wifi    ( 3495): Failed to read packet and byte counts from wifi interface
W/Wifi    ( 3495): Failed to read packet and byte counts from wifi interface
W/Wifi    ( 3495): Failed to read packet and byte counts from wifi interface
W/Wifi    ( 3495): Failed to read packet and byte counts from wifi interface
W/Wifi    ( 3495): Failed to read packet and byte counts from wifi interface
W/Wifi    ( 3495): Failed to read packet and byte counts from wifi interface
W/Wifi    ( 3495): Failed to read packet and byte counts from wifi interface
W/Wifi    ( 3495): Failed to read packet and byte counts from wifi interface
W/Wifi    ( 3495): Failed to read packet and byte counts from wifi interface
W/Wifi    ( 3495): Failed to read packet and byte counts from wifi interface
W/Wifi    ( 3495): Failed to read packet and byte counts from wifi interface
W/Wifi    ( 3495): Failed to read packet and byte counts from wifi interface
E/WifiStateMachine(  471): WifiStateMachine CMD_START_SCAN source -2 txSuccessRate=2.53 rxSuccessRate=4.75 targetRoamBSSID=any RSSI=-60
W/Wifi    ( 3495): Failed to read packet and byte counts from wifi interface
W/Wifi    ( 3495): Failed to read packet and byte counts from wifi interface
W/Wifi    ( 3495): Failed to read packet and byte counts from wifi interface
D/AndroidRuntime(24258): >>>>>> START com.android.internal.os.RuntimeInit uid 2000 <<<<<<
D/AndroidRuntime(24258): CheckJNI is OFF
D/AndroidRuntime(24258): Calling main entry com.android.commands.pm.Pm
I/art     (24258): System.exit called, status: 0
I/AndroidRuntime(24258): VM exiting with result code 0.
W/Wifi    ( 3495): Failed to read packet and byte counts from wifi interface
D/AndroidRuntime(24271): >>>>>> START com.android.internal.os.RuntimeInit uid 2000 <<<<<<
D/AndroidRuntime(24271): CheckJNI is OFF
D/AndroidRuntime(24271): Calling main entry com.android.commands.pm.Pm
I/art     (24271): System.exit called, status: 0
I/AndroidRuntime(24271): VM exiting with result code 0.
D/AndroidRuntime(24307): >>>>>> START com.android.internal.os.RuntimeInit uid 2000 <<<<<<
D/AndroidRuntime(24307): CheckJNI is OFF
W/Wifi    ( 3495): Failed to read packet and byte counts from wifi interface
D/AndroidRuntime(24307): Calling main entry com.android.commands.monkey.Monkey
W/BroadcastQueue(  471): Skipping deliver [background] BroadcastRecord{3305bf06 u-1 android.net.conn.CONNECTIVITY_CHANGE} to ReceiverList{3e4a59c7 24307 (unknown name)/2000/u-1 remote:22c70348}: process crashing
I/ActivityManager(  471): START u0 {act=android.intent.action.MAIN cat=[android.intent.category.LAUNCHER] flg=0x10200000 cmp=com.quicinc.trepn/.userinterface.main.TrepnActivity} from uid 2000 on display 0
V/WindowManager(  471): addAppToken: AppWindowToken{21aec592 token=Token{384a9f1d ActivityRecord{23ed0bf4 u0 com.quicinc.trepn/.userinterface.main.TrepnActivity t4394}}} to stack=1 task=4394 at 0
V/WindowManager(  471): Adding window Window{1e5f94d5 u0 Starting com.quicinc.trepn} at 3 of 16 (after Window{13e66797 u0 com.google.android.googlequicksearchbox/com.google.android.launcher.GEL})
I/ActivityManager(  471): Start proc 24325:com.quicinc.trepn/u0a91 for activity com.quicinc.trepn/.userinterface.main.TrepnActivity
I/CwMcuSensor(  471): CwMcuSensor::flush: fd = 251, sensors_id = 0, path = /sys/class/htc_sensorhub/sensor_hub/flush, err = 0
I/art     (24307): System.exit called, status: 0
I/AndroidRuntime(24307): VM exiting with result code 0.
D/OpenGLRenderer(24325): Use EGL_SWAP_BEHAVIOR_PRESERVED: true
V/WindowManager(  471): Adding window Window{3fc6058e u0 com.quicinc.trepn/com.quicinc.trepn.userinterface.main.TrepnActivity} at 3 of 17 (before Window{1e5f94d5 u0 Starting com.quicinc.trepn})
W/Wifi    ( 3495): Failed to read packet and byte counts from wifi interface
I/OpenGLRenderer(24325): Initialized EGL, version 1.4
D/OpenGLRenderer(24325): Enabling debug mode 0
I/ActivityManager(  471): Displayed com.quicinc.trepn/.userinterface.main.TrepnActivity: +905ms
I/PBSessionCacheImpl(22584): Deleted sessionId[15064857056718] from persistence.
I/MicroDetector(22584): Keeping mic open: false
I/DeviceStateChecker(22584): DeviceStateChecker cancelled
I/MicroRecognitionRunner(22584): Stopping hotword detection.
I/AudioController(22584): internalShutdown
I/MicrophoneInputStream(22584): mic_close com.google.android.apps.gsa.speech.audio.af@10949ab1
I/SoundTriggerHwService::Module(  204): void android::SoundTriggerHwService::Module::onCallbackEvent(const android::sp<android::SoundTriggerHwService::CallbackEvent>&) mClient == 0
I/MicroRecognitionRunner(22584): Detection finished
W/System.err(22711): android.content.pm.PackageManager$NameNotFoundException
W/System.err(22711): 	at android.app.ApplicationPackageManager.getPackageInfo(ApplicationPackageManager.java:114)
W/System.err(22711): 	at com.estrongs.android.pop.app.c.ai.c(Unknown Source)
W/System.err(22711): 	at com.estrongs.android.pop.app.c.ai.a(Unknown Source)
W/System.err(22711): 	at com.estrongs.android.pop.app.scene.e.q.a(Unknown Source)
W/System.err(22711): 	at com.estrongs.android.scanner.c.m.run(Unknown Source)
W/System.err(22711): 	at java.util.concurrent.ThreadPoolExecutor.runWorker(ThreadPoolExecutor.java:1112)
W/System.err(22711): 	at java.util.concurrent.ThreadPoolExecutor$Worker.run(ThreadPoolExecutor.java:587)
W/System.err(22711): 	at java.lang.Thread.run(Thread.java:818)
W/ResourcesManager(22711): Asset path '/system/framework/com.android.media.remotedisplay.jar' does not exist or contains no resources.
W/ResourcesManager(22711): Asset path '/system/framework/com.android.location.provider.jar' does not exist or contains no resources.
W/Wifi    ( 3495): Failed to read packet and byte counts from wifi interface
I/ProxyCache(22711): Proxy cache server started. Ping it...
D/ProxyCache(22711): Open connection  to http://127.0.0.1:48622/ping
D/ProxyCache(22711): Accept new socket Socket[address=/127.0.0.1,port=35340,localPort=48622]
I/ProxyCache(22711): Request to cache proxy:GetRequest{rangeOffset=0, partial=false, uri='ping'}
D/ProxyCache(22711): Opened connections: 0
D/ProxyCache(22711): Ping response: `ping ok`, pinged? true
W/linker  (22711): libwebviewchromium.so: unused DT entry: type 0x6ffffffe arg 0x12380
W/linker  (22711): libwebviewchromium.so: unused DT entry: type 0x6fffffff arg 0x3
I/WebViewFactory(22711): Loading com.google.android.webview version 61.0.3163.98 (code 316309850)
I/art     (22711): Rejecting re-init on previously-failed class java.lang.Class<com.android.webview.chromium.TokenBindingManagerAdapter>
I/art     (22711): Rejecting re-init on previously-failed class java.lang.Class<com.android.webview.chromium.TokenBindingManagerAdapter>
I/art     (22711): Rejecting re-init on previously-failed class java.lang.Class<com.android.webview.chromium.ServiceWorkerControllerAdapter>
I/art     (22711): Rejecting re-init on previously-failed class java.lang.Class<com.android.webview.chromium.ServiceWorkerControllerAdapter>
I/cr_LibraryLoader(22711): Time to load native libraries: 2 ms (timestamps 4314-4316)
I/chromium(22711): [INFO:library_loader_hooks.cc(136)] Chromium logging enabled: level = 0, default verbosity = 0
I/cr_LibraryLoader(22711): Expected native library version number "61.0.3163.98", actual native library version number "61.0.3163.98"
D/AdSettings(22711): Test mode device hash: b92895963888fc13751df93b690f1ef6
D/AdSettings(22711): When testing your app with Facebook's ad units you must specify the device hashed ID to ensure the delivery of test ads, add the following code before loading an ad: AdSettings.addTestDevice("b92895963888fc13751df93b690f1ef6");
I/CwMcuSensor(  471): CwMcuSensor::flush: fd = 237, sensors_id = 0, path = /sys/class/htc_sensorhub/sensor_hub/flush, err = 0
E/ActivityThread(22711): Failed to find provider info for com.facebook.katana.provider.AttributionIdProvider
W/ActivityManager(  471): getTasks: caller 10089 does not hold GET_TASKS; limiting output
D/IS_UNITY(22711): false
W/Wifi    ( 3495): Failed to read packet and byte counts from wifi interface
W/System.err(22711): android.content.pm.PackageManager$NameNotFoundException
W/System.err(22711): 	at android.app.ApplicationPackageManager.getPackageInfo(ApplicationPackageManager.java:114)
W/System.err(22711): 	at com.estrongs.android.pop.app.c.ai.c(Unknown Source)
W/System.err(22711): 	at com.estrongs.android.pop.app.c.ai.a(Unknown Source)
W/System.err(22711): 	at com.estrongs.android.pop.app.scene.e.q.a(Unknown Source)
W/System.err(22711): 	at com.estrongs.android.scanner.c.m.run(Unknown Source)
W/System.err(22711): 	at java.util.concurrent.ThreadPoolExecutor.runWorker(ThreadPoolExecutor.java:1112)
W/System.err(22711): 	at java.util.concurrent.ThreadPoolExecutor$Worker.run(ThreadPoolExecutor.java:587)
W/System.err(22711): 	at java.lang.Thread.run(Thread.java:818)
W/Wifi    ( 3495): Failed to read packet and byte counts from wifi interface
W/Wifi    ( 3495): Failed to read packet and byte counts from wifi interface
D/AndroidRuntime(24399): >>>>>> START com.android.internal.os.RuntimeInit uid 2000 <<<<<<
D/AndroidRuntime(24399): CheckJNI is OFF
I/CwMcuSensor(  471): CwMcuSensor::flush: fd = 237, sensors_id = 0, path = /sys/class/htc_sensorhub/sensor_hub/flush, err = 0
W/Wifi    ( 3495): Failed to read packet and byte counts from wifi interface
D/AndroidRuntime(24399): Calling main entry com.android.commands.am.Am
I/Trepn   (24325): Trepn 6.2s: Received intent: com.quicinc.trepn.load_preferences; filename: /sdcard/trepn/saved_preferences/trepn.pref
D/AndroidRuntime(24399): Shutting down VM
I/vgn     ( 1173): 67-RequestPlaceUpdates -- metadata{ service_id: 0 }
I/vgn     ( 1173): 67-RemovePlaceUpdates -- metadata{ service_id: 0 }
I/Places  ( 1173): ?: PlacesBleScanner stop()
I/BeaconBle( 1173): Scan canceled successfully.
I/PlaceInferenceEngine( 1173): [anon] Changed inference mode: 0
I/GeofencerStateMachine( 1173): removeGeofences: removeRequest=RemoveGeofencingRequest[REMOVE_BY_PENDING_INTENT pendingIntent=PendingIntent[creatorPackage=com.google.android.gms], packageName=null]
W/Wifi    ( 3495): Failed to read packet and byte counts from wifi interface
D/AndroidRuntime(24434): >>>>>> START com.android.internal.os.RuntimeInit uid 2000 <<<<<<
D/AndroidRuntime(24434): CheckJNI is OFF
D/AndroidRuntime(24434): Calling main entry com.android.commands.am.Am
I/ActivityManager(  471): Force stopping com.quicinc.trepn appid=10091 user=0: from pid 24434
I/ActivityManager(  471): Killing 24325:com.quicinc.trepn/u0a91 (adj 0): stop com.quicinc.trepn
W/InputDispatcher(  471): channel '3fc6058e com.quicinc.trepn/com.quicinc.trepn.userinterface.main.TrepnActivity (server)' ~ Consumer closed input channel or an error occurred.  events=0x9
E/InputDispatcher(  471): channel '3fc6058e com.quicinc.trepn/com.quicinc.trepn.userinterface.main.TrepnActivity (server)' ~ Channel is unrecoverably broken and will be disposed!
I/WindowState(  471): WIN DEATH: Window{3fc6058e u0 com.quicinc.trepn/com.quicinc.trepn.userinterface.main.TrepnActivity}
W/InputDispatcher(  471): Attempted to unregister already unregistered input channel '3fc6058e com.quicinc.trepn/com.quicinc.trepn.userinterface.main.TrepnActivity (server)'
W/Wifi    ( 3495): Failed to read packet and byte counts from wifi interface
W/ActivityManager(  471): Force removing ActivityRecord{23ed0bf4 u0 com.quicinc.trepn/.userinterface.main.TrepnActivity t4394}: app died, no saved state
D/AndroidRuntime(24434): Shutting down VM
W/ActivityManager(  471): Spurious death for ProcessRecord{3eb742b7 24325:com.quicinc.trepn/u0a91}, curProc for 24325: null
W/InputMethodManagerService(  471): Got RemoteException sending setActive(false) notification to pid 24325 uid 10091
W/SessionLifecycleManager(22584): Handover failed. Creating new session controller.
W/LocationOracle(22584): No location history returned by ContextManager
I/MicroDetectionWorker(22584): #updateMicroDetector [detectionMode: [mDetectionMode: [1]]]
I/MicroDetectionWorker(22584): #startMicroDetector [speakerMode: 0]
D/BluetoothAdapter(22584): 14664525: getState() :  mService = null. Returning STATE_OFF
D/BluetoothAdapter(22584): 14664525: getState() :  mService = null. Returning STATE_OFF
I/VoiceSearchSettings(22584): Hotword upgrade key is null!
D/BluetoothAdapter(22584): 14664525: getState() :  mService = null. Returning STATE_OFF
I/VoiceSearchSettings(22584): Hotword upgrade key is null!
D/BluetoothAdapter(22584): 14664525: getState() :  mService = null. Returning STATE_OFF
I/MicroDetectionWorker(22584): onReady
I/MicroRecognitionRunner(22584): Starting detection.
I/MicrophoneInputStream(22584): mic_starting com.google.android.apps.gsa.speech.audio.af@1e8b252f
I/AudioFlinger(  204): AudioFlinger's thread 0xab3475c0 ready to run
I/SoundTriggerHwService::Module(  204): void android::SoundTriggerHwService::Module::onCallbackEvent(const android::sp<android::SoundTriggerHwService::CallbackEvent>&) mClient == 0
I/MicrophoneInputStream(22584): mic_started com.google.android.apps.gsa.speech.audio.af@1e8b252f
I/GeofencerStateMachine( 1173): sendNewTransitions called.
W/ctxmgr  ( 1173): [AclManager]No 3 for (accnt=account#-517948760#, com.google.android.gms(10008):UserVelocityProducer, vrsn=12685011, 0, 3pPkg = null ,  3pMdlId = null ,  pid = 1173). Was: 3 for 1, account#-517948760#
E/SQLiteLog( 1173): (2067) abort at 35 in [INSERT INTO context(context_name,end_time,context_family,module_id,version,sync_state_mod_time_millis,start_time,sync_state,context_id,time_type,proto_blob) VALUES (?,?,?,?,?,?,?,?,?,?,?)]: UNI
I/vgn     ( 1173): 67-RequestPlaceUpdates -- metadata{ service_id: 0 }
I/CwMcuSensor(  471): CwMcuSensor::flush: fd = 251, sensors_id = 0, path = /sys/class/htc_sensorhub/sensor_hub/flush, err = 0
I/GeofencerStateMachine( 1173): removeGeofences: removeRequest=RemoveGeofencingRequest[REMOVE_BY_PENDING_INTENT pendingIntent=PendingIntent[creatorPackage=com.google.android.gms], packageName=null]
I/GeofencerStateMachine( 1173): removeGeofences: removeRequest=RemoveGeofencingRequest[REMOVE_BY_PENDING_INTENT pendingIntent=PendingIntent[creatorPackage=com.google.android.gms], packageName=null]
I/PlaceInferenceEngine( 1173): [anon] Changed inference mode: 0
W/ctxmgr  ( 1173): [AclManager]No 2 for (accnt=account#-517948760#, com.google.android.gms(10008):UserLocationProducer, vrsn=12685000, 0, 3pPkg = null ,  3pMdlId = null ,  pid = 1173). Was: 3 for 1, account#-517948760#
W/ctxmgr  ( 1173): [AclManager]No 2 for (accnt=account#1644684176#, com.google.android.gms(10008):UserLocationProducer, vrsn=12685000, 0, 3pPkg = null ,  3pMdlId = null ,  pid = 1173). Was: 2 for 1, account#1644684176#
W/ctxmgr  ( 1173): [AclManager]No 2 for (accnt=account#1813920180#, com.google.android.gms(10008):UserLocationProducer, vrsn=12685000, 0, 3pPkg = null ,  3pMdlId = null ,  pid = 1173). Was: 2 for 1, account#1813920180#
I/vgn     ( 1173): 67-RequestPlaceUpdates -- metadata{ service_id: 0 }
I/Places  ( 1173): ?: PlacesBleScanner start() with priority 2
I/PlaceInferenceEngine( 1173): [anon] Changed inference mode: 1
I/MicroDetectionWorker(22584): onReady
I/Places  ( 1173): Converted 16 out of 23 WiFi scans
I/PlaceInferenceEngine( 1173): [anon] Changed inference mode: 1
I/BeaconBle( 1173): Client requested scan, settings=BleSettings [scanMode=ZERO_POWER, callbackType=ALL_MATCHES, reportDelayMillis=0, 1 filters, 0 clients, callingClientName=Places]
E/BeaconBle( 1173): Scan couldn't start for Places
W/Places  ( 1173): BLE failure while scanning - code 5
I/CwMcuSensor(  471): CwMcuSensor::flush: fd = 251, sensors_id = 0, path = /sys/class/htc_sensorhub/sensor_hub/flush, err = 0
W/OpenGLRenderer(  980): Incorrectly called buildLayer on View: ShortcutAndWidgetContainer, destroying layer...
I/PlaceInferenceEngine( 1173): No beacon scan available - ignoring candidates.
I/art     ( 1173): Background sticky concurrent mark sweep GC freed 180414(11MB) AllocSpace objects, 36(2MB) LOS objects, 19% free, 33MB/41MB, paused 4.502ms total 121.071ms
W/Wifi    ( 3495): Failed to read packet and byte counts from wifi interface
W/Wifi    ( 3495): Failed to read packet and byte counts from wifi interface
I/art     (  471): Explicit concurrent mark sweep GC freed 54490(3MB) AllocSpace objects, 89(1780KB) LOS objects, 33% free, 28MB/42MB, paused 1.106ms total 110.787ms
W/ctxmgr  ( 1173): [AclManager]No 2 for (accnt=account#-517948760#, com.google.android.gms(10008):PlacesProducer, vrsn=12685000, 0, 3pPkg = null ,  3pMdlId = null ,  pid = 1173). Was: 3 for 18, account#-517948760#
D/AndroidRuntime(24474): >>>>>> START com.android.internal.os.RuntimeInit uid 2000 <<<<<<
D/AndroidRuntime(24474): CheckJNI is OFF
