W/ActivityManager(  471): 	at com.android.server.am.ActivityManagerService.handleAppDiedLocked(ActivityManagerService.java:4552)
W/ActivityManager(  471): 	at com.android.server.am.ActivityManagerService.removeProcessLocked(ActivityManagerService.java:5789)
W/ActivityManager(  471): 	at com.android.server.am.ActivityManagerService.killPackageProcessesLocked(ActivityManagerService.java:5594)
W/ActivityManager(  471): 	at com.android.server.am.ActivityManagerService.forceStopPackageLocked(ActivityManagerService.java:5655)
W/ActivityManager(  471): 	at com.android.server.am.ActivityManagerService.forceStopPackageLocked(ActivityManagerService.java:5499)
W/ActivityManager(  471): 	at com.android.server.am.ActivityManagerService.forceStopPackage(ActivityManagerService.java:5309)
W/ActivityManager(  471): 	at android.app.ActivityManagerNative.onTransact(ActivityManagerNative.java:1461)
W/ActivityManager(  471): 	at com.android.server.am.ActivityManagerService.onTransact(ActivityManagerService.java:2208)
W/ActivityManager(  471): 	at android.os.Binder.execTransact(Binder.java:446)
E/JavaBinder(  471): !!! FAILED BINDER TRANSACTION !!!
E/lowmemorykiller(  148): Error writing /proc/24752/oom_score_adj; errno=22
W/ActivityManager(  471): Force removing ActivityRecord{21cc2df6 u0 com.android.chrome/org.chromium.chrome.browser.ChromeTabbedActivity t4398}: app died, no saved state
I/ActivityManager(  471): Killing 24752:com.android.chrome:sandboxed_process1/u0a35i180 (adj 9): isolated not needed
W/libprocessgroup(  471): failed to open /acct/uid_10035/pid_24752/cgroup.procs: No such file or directory
W/ActivityManager(  471): Spurious death for ProcessRecord{3ce1f215 24610:com.android.chrome:privileged_process0/u0a35}, curProc for 24610: null
D/AndroidRuntime(25025): Shutting down VM
W/ActivityManager(  471): Unbind failed: could not find connection for android.os.BinderProxy@2160fde6
W/ActivityManager(  471): Spurious death for ProcessRecord{a2d5b36 24542:com.android.chrome/u0a35}, curProc for 24542: null
W/Wifi    ( 3495): Failed to read packet and byte counts from wifi interface
W/InputMethodManagerService(  471): Got RemoteException sending setActive(false) notification to pid 24542 uid 10035
D/BluetoothAdapter(22584): 14664525: getState() :  mService = null. Returning STATE_OFF
D/BluetoothAdapter(22584): 14664525: getState() :  mService = null. Returning STATE_OFF
I/VoiceSearchSettings(22584): Hotword upgrade key is null!
W/SessionLifecycleManager(22584): Handover failed. Creating new session controller.
I/OptInState(22584): There is a new client and it does not support opt-in. Dropping request.
W/LocationOracle(22584): No location history returned by ContextManager
I/MicroDetectionWorker(22584): #updateMicroDetector [detectionMode: [mDetectionMode: [1]]]
I/MicroDetectionWorker(22584): #startMicroDetector [speakerMode: 0]
D/BluetoothAdapter(22584): 14664525: getState() :  mService = null. Returning STATE_OFF
D/BluetoothAdapter(22584): 14664525: getState() :  mService = null. Returning STATE_OFF
I/VoiceSearchSettings(22584): Hotword upgrade key is null!
I/MicroDetectionWorker(22584): onReady
D/BluetoothAdapter(22584): 14664525: getState() :  mService = null. Returning STATE_OFF
I/VoiceSearchSettings(22584): Hotword upgrade key is null!
D/BluetoothAdapter(22584): 14664525: getState() :  mService = null. Returning STATE_OFF
I/MicroRecognitionRunner(22584): Starting detection.
I/MicrophoneInputStream(22584): mic_starting com.google.android.apps.gsa.speech.audio.af@18cfd700
I/AudioFlinger(  204): AudioFlinger's thread 0xab3475c0 ready to run
I/SoundTriggerHwService::Module(  204): void android::SoundTriggerHwService::Module::onCallbackEvent(const android::sp<android::SoundTriggerHwService::CallbackEvent>&) mClient == 0
I/MicrophoneInputStream(22584): mic_started com.google.android.apps.gsa.speech.audio.af@18cfd700
W/ctxmgr  ( 1173): [AclManager]No 3 for (accnt=account#-517948760#, com.google.android.gms(10008):UserVelocityProducer, vrsn=12685011, 0, 3pPkg = null ,  3pMdlId = null ,  pid = 1173). Was: 3 for 1, account#-517948760#
E/SQLiteLog( 1173): (2067) abort at 35 in [INSERT INTO context(context_name,end_time,context_family,module_id,version,sync_state_mod_time_millis,start_time,sync_state,context_id,time_type,proto_blob) VALUES (?,?,?,?,?,?,?,?,?,?,?)]: UNI
E/SQLiteLog( 1173): (2067) abort at 35 in [INSERT INTO context(context_name,end_time,context_family,module_id,version,sync_state_mod_time_millis,start_time,sync_state,context_id,time_type,proto_blob) VALUES (?,?,?,?,?,?,?,?,?,?,?)]: UNI
E/SQLiteLog( 1173): (2067) abort at 35 in [INSERT INTO context(context_name,end_time,context_family,module_id,version,sync_state_mod_time_millis,start_time,sync_state,context_id,time_type,proto_blob) VALUES (?,?,?,?,?,?,?,?,?,?,?)]: UNI
D/AndroidRuntime(25043): >>>>>> START com.android.internal.os.RuntimeInit uid 2000 <<<<<<
D/AndroidRuntime(25043): CheckJNI is OFF
I/CwMcuSensor(  471): CwMcuSensor::flush: fd = 251, sensors_id = 0, path = /sys/class/htc_sensorhub/sensor_hub/flush, err = 0
I/vgn     ( 1173): 67-RequestPlaceUpdates -- metadata{ service_id: 0 }
I/MicroDetectionWorker(22584): onReady
I/art     (  471): Explicit concurrent mark sweep GC freed 91136(4MB) AllocSpace objects, 19(3MB) LOS objects, 33% free, 31MB/46MB, paused 835us total 96.644ms
I/GeofencerStateMachine( 1173): removeGeofences: removeRequest=RemoveGeofencingRequest[REMOVE_BY_PENDING_INTENT pendingIntent=PendingIntent[creatorPackage=com.google.android.gms], packageName=null]
I/GeofencerStateMachine( 1173): sendMovementChange: previousMovement=WALKING,currentMovement=UNAVAILABLE
I/GeofencerStateMachine( 1173): removeGeofences: removeRequest=RemoveGeofencingRequest[REMOVE_BY_PENDING_INTENT pendingIntent=PendingIntent[creatorPackage=com.google.android.gms], packageName=null]
I/GeofencerStateMachine( 1173): sendNewTransitions called.
W/OpenGLRenderer(  980): Incorrectly called buildLayer on View: ShortcutAndWidgetContainer, destroying layer...
I/GeofencerStateMachine( 1173): sendNewLocationAvailability: availability=LocationAvailability[isLocationAvailable: true]
I/PlaceInferenceEngine( 1173): [anon] Changed inference mode: 0
I/GeofencerStateMachine( 1173): sendNewLocationAvailability: availability=LocationAvailability[isLocationAvailable: true]
I/vgn     ( 1173): 67-RequestPlaceUpdates -- metadata{ service_id: 0 }
I/Places  ( 1173): ?: PlacesBleScanner start() with priority 2
D/BluetoothAdapter( 1173): 1039998840: getState() :  mService = null. Returning STATE_OFF
I/BeaconBle( 1173): Using BLE 'L' hardware layer
I/PlaceInferenceEngine( 1173): [anon] Changed inference mode: 1
I/Places  ( 1173): Converted 0 out of 23 WiFi scans
I/PlaceInferenceEngine( 1173): [anon] Changed inference mode: 1
I/BeaconBle( 1173): Client requested scan, settings=BleSettings [scanMode=ZERO_POWER, callbackType=ALL_MATCHES, reportDelayMillis=0, 1 filters, 0 clients, callingClientName=Places]
E/BeaconBle( 1173): Scan couldn't start for Places
W/Places  ( 1173): BLE failure while scanning - code 5
I/CwMcuSensor(  471): CwMcuSensor::flush: fd = 251, sensors_id = 0, path = /sys/class/htc_sensorhub/sensor_hub/flush, err = 0
W/System.err(22711): android.content.pm.PackageManager$NameNotFoundException
W/System.err(22711): 	at android.app.ApplicationPackageManager.getPackageInfo(ApplicationPackageManager.java:114)
W/System.err(22711): 	at com.estrongs.android.pop.app.c.ai.c(Unknown Source)
W/System.err(22711): 	at com.estrongs.android.pop.app.c.ai.a(Unknown Source)
W/System.err(22711): 	at com.estrongs.android.pop.app.scene.e.q.a(Unknown Source)
W/System.err(22711): 	at com.estrongs.android.scanner.c.m.run(Unknown Source)
W/System.err(22711): 	at java.util.concurrent.ThreadPoolExecutor.runWorker(ThreadPoolExecutor.java:1112)
W/System.err(22711): 	at java.util.concurrent.ThreadPoolExecutor$Worker.run(ThreadPoolExecutor.java:587)
W/System.err(22711): 	at java.lang.Thread.run(Thread.java:818)
D/AndroidRuntime(25043): Calling main entry com.android.commands.pm.Pm
I/ActivityManager(  471): Force stopping com.android.chrome appid=10035 user=0: clear data
D/TaskPersister(  471): removeObsoleteFile: deleting file=4398_task.xml
D/TaskPersister(  471): removeObsoleteFile: deleting file=4398_task_thumbnail.png
I/GeofencerStateMachine( 1173): removeGeofences: removeRequest=RemoveGeofencingRequest[REMOVE_ALL packageName=com.android.chrome]
I/ActivityManager(  471): Start proc 25067:com.android.documentsui/u0a40 for broadcast com.android.documentsui/.PackageReceiver
W/Wifi    ( 3495): Failed to read packet and byte counts from wifi interface
I/PlaceInferenceEngine( 1173): No beacon scan available - ignoring candidates.
I/ActivityManager(  471): Start proc 25082:com.android.defcontainer/u0a4 for service com.android.defcontainer/.DefaultContainerService
I/art     (25043): System.exit called, status: 0
I/AndroidRuntime(25043): VM exiting with result code 0.
I/LocationSettingsChecker( 1040): Removing dialog suppression flag for package com.android.chrome
I/Icing   ( 1040): IndexChimeraService.getServiceInterface callingPackage=com.google.android.inputmethod.latin componentName=null serviceId=66
I/Icing   ( 1040): doRemovePackageData com.android.chrome
I/Icing   ( 1040): Removing corpus key 94FBE96EEF13B8AC56FE8C01687FD8A6012559AC for package com.android.chrome
I/ActivityManager(  471): Start proc 25115:com.android.externalstorage/u0a6 for content provider com.android.externalstorage/.ExternalStorageProvider
I/Icing   ( 1040): Flash index sort hb 5 prefix-hits 27 -> 20 at 9.547ms
D/ExternalStorage(25115): After updating volumes, found 1 active roots
I/ActivityManager(  471): Start proc 25132:com.google.android.apps.docs/u0a41 for content provider com.google.android.apps.docs/.storagebackend.StorageBackendContentProvider
I/Icing   ( 1040): updateResources: need to parse xax{com.android.chrome}
I/vgn     ( 1173): 19-GetFileDescriptorAndDelete -- metadata{ service_id: 0 }
I/Icing   ( 1040): Usage reports ok 0, Failed Usage reports 0, indexed 0, rejected 0, imm upload false
I/Icing   ( 1040): Indexing 94FBE96EEF13B8AC56FE8C01687FD8A6012559AC from com.android.chrome
I/ActivityManager(  471): Start proc 25153:com.android.chrome/u0a35 for content provider com.android.chrome/com.google.android.apps.chrome.icing.IcingProvider
W/Wifi    ( 3495): Failed to read packet and byte counts from wifi interface
W/DynamiteModule(25153): Local module descriptor class for com.google.android.gms.googlecertificates not found.
I/DynamiteModule(25153): Considering local module com.google.android.gms.googlecertificates:0 and remote module com.google.android.gms.googlecertificates:4
I/DynamiteModule(25153): Selected remote version of com.google.android.gms.googlecertificates, version >= 4
I/GAv4    (25132): Google Analytics 11.0.11 is starting up. To enable debug logging on a device run:
I/GAv4    (25132):   adb shell setprop log.tag.GAv4 DEBUG
I/GAv4    (25132):   adb logcat -s GAv4
W/FieldDefinition(25132): Ignoring isIndexed constraint as field also has uniqueness constraint (on just this field, and therefore SQLite will have to create an index on that. For field: com.google.android.apps.docs.database.common.FieldDefinition$a@2ee673aa
W/ResourcesManager(25153): Asset path '/system/framework/com.android.media.remotedisplay.jar' does not exist or contains no resources.
W/ResourcesManager(25153): Asset path '/system/framework/com.android.location.provider.jar' does not exist or contains no resources.
W/CoreComponentFactoryImpl(25132): RetainedComponent will not be retained if  dhg does not inherit FragmentActivity and fulfill jkg contract.
W/GAv4    (25132): AnalyticsReceiver is not registered or is disabled. Register the receiver for reliable dispatching on non-Google Play devices. See http://goo.gl/8Rd3yj for instructions.
W/GAv4    (25132): CampaignTrackingReceiver is not registered, not exported or is disabled. Installation campaign tracking is not possible. See http://goo.gl/8Rd3yj for instructions.
I/Icing   ( 1040): Indexing done 94FBE96EEF13B8AC56FE8C01687FD8A6012559AC
W/GAv4    (25132): AnalyticsService not registered in the app manifest. Hits might not be delivered reliably. See http://goo.gl/8Rd3yj for instructions.
I/orc     ( 1173): 51-RegisterSyncOperationCall -- metadata{ service_id: 0 }
D/Documents(25067): Update found 8 roots in 1350ms
D/Documents(25067): Update found 8 roots in 1139ms
D/Documents(25067): Update found 8 roots in 108ms
W/ctxmgr  ( 1173): [AclManager]No 2 for (accnt=account#-517948760#, com.google.android.gms(10008):PlacesProducer, vrsn=12685000, 0, 3pPkg = null ,  3pMdlId = null ,  pid = 1173). Was: 3 for 18, account#-517948760#
W/Wifi    ( 3495): Failed to read packet and byte counts from wifi interface
W/Wifi    ( 3495): Failed to read packet and byte counts from wifi interface
D/AndroidRuntime(25212): >>>>>> START com.android.internal.os.RuntimeInit uid 2000 <<<<<<
D/AndroidRuntime(25212): CheckJNI is OFF
D/AndroidRuntime(25212): Calling main entry com.android.commands.am.Am
I/Trepn   (24486): Trepn 6.2s: Received intent: com.quicinc.trepn.export_to_csv; filename: Trepn_2018.06.16_181333.db; filename: HT4AMJT02334_Trepn_2018.06.16_181333.csv
D/AndroidRuntime(25212): Shutting down VM
W/FileUtils(24486): Failed to chmod(/storage/emulated/0/trepn/Trepn_2018.06.16_181333.db): android.system.ErrnoException: chmod failed: EPERM (Operation not permitted)
W/Wifi    ( 3495): Failed to read packet and byte counts from wifi interface
W/Flag    (25132): Duration spec must be at least 2 characters long: 
W/Flag    (25132): Duration spec must be at least 2 characters long: 
E/SQLiteLog(25132): (284) automatic index on sqlite_sq_55991BF5C0(entryId)
W/ResourcesManager(25132): Asset path '/system/framework/com.android.media.remotedisplay.jar' does not exist or contains no resources.
W/ResourcesManager(25132): Asset path '/system/framework/com.android.location.provider.jar' does not exist or contains no resources.
W/linker  (25132): /data/app/com.google.android.gms-1/lib/arm64/libgmscore.so: unused DT entry: type 0x6ffffffe arg 0x1228
W/linker  (25132): /data/app/com.google.android.gms-1/lib/arm64/libgmscore.so: unused DT entry: type 0x6fffffff arg 0x2
W/linker  (25132): /data/app/com.google.android.gms-1/lib/arm64/libconscrypt_gmscore_jni.so: unused DT entry: type 0xf arg 0x8a
W/linker  (25132): /data/app/com.google.android.gms-1/lib/arm64/libconscrypt_gmscore_jni.so: unused DT entry: type 0x6ffffffe arg 0x468
W/linker  (25132): /data/app/com.google.android.gms-1/lib/arm64/libconscrypt_gmscore_jni.so: unused DT entry: type 0x6fffffff arg 0x1
V/NativeCrypto(25132): Registering com/google/android/gms/org/conscrypt/NativeCrypto's 280 native methods...
I/art     (25132): Rejecting re-init on previously-failed class java.lang.Class<com.google.android.gms.org.conscrypt.Java7ExtendedSSLSession>
I/art     (25132): Rejecting re-init on previously-failed class java.lang.Class<com.google.android.gms.org.conscrypt.Java7ExtendedSSLSession>
I/art     (25132): Rejecting re-init on previously-failed class java.lang.Class<com.google.android.gms.org.conscrypt.Java8ExtendedSSLSession>
I/art     (25132): Rejecting re-init on previously-failed class java.lang.Class<com.google.android.gms.org.conscrypt.Java8ExtendedSSLSession>
I/ProviderInstaller(25132): Installed default security provider GmsCore_OpenSSL
W/Wifi    ( 3495): Failed to read packet and byte counts from wifi interface
W/System.err(22711): android.content.pm.PackageManager$NameNotFoundException
W/System.err(22711): 	at android.app.ApplicationPackageManager.getPackageInfo(ApplicationPackageManager.java:114)
W/System.err(22711): 	at com.estrongs.android.pop.app.c.ai.c(Unknown Source)
W/System.err(22711): 	at com.estrongs.android.pop.app.c.ai.a(Unknown Source)
W/System.err(22711): 	at com.estrongs.android.pop.app.scene.e.q.a(Unknown Source)
W/System.err(22711): 	at com.estrongs.android.scanner.c.m.run(Unknown Source)
W/System.err(22711): 	at java.util.concurrent.ThreadPoolExecutor.runWorker(ThreadPoolExecutor.java:1112)
W/System.err(22711): 	at java.util.concurrent.ThreadPoolExecutor$Worker.run(ThreadPoolExecutor.java:587)
W/System.err(22711): 	at java.lang.Thread.run(Thread.java:818)
W/System.err(22711): android.content.pm.PackageManager$NameNotFoundException
W/System.err(22711): 	at android.app.ApplicationPackageManager.getPackageInfo(ApplicationPackageManager.java:114)
W/System.err(22711): 	at com.estrongs.android.pop.app.c.ai.c(Unknown Source)
W/System.err(22711): 	at com.estrongs.android.pop.app.c.ai.a(Unknown Source)
W/System.err(22711): 	at com.estrongs.android.pop.app.scene.e.q.a(Unknown Source)
W/System.err(22711): 	at com.estrongs.android.scanner.c.m.run(Unknown Source)
W/System.err(22711): 	at java.util.concurrent.ThreadPoolExecutor.runWorker(ThreadPoolExecutor.java:1112)
W/System.err(22711): 	at java.util.concurrent.ThreadPoolExecutor$Worker.run(ThreadPoolExecutor.java:587)
W/System.err(22711): 	at java.lang.Thread.run(Thread.java:818)
W/Wifi    ( 3495): Failed to read packet and byte counts from wifi interface
W/System.err(22711): android.content.pm.PackageManager$NameNotFoundException
W/System.err(22711): 	at android.app.ApplicationPackageManager.getPackageInfo(ApplicationPackageManager.java:114)
W/System.err(22711): 	at com.estrongs.android.pop.app.c.ai.c(Unknown Source)
W/System.err(22711): 	at com.estrongs.android.pop.app.c.ai.a(Unknown Source)
W/System.err(22711): 	at com.estrongs.android.pop.app.scene.e.q.a(Unknown Source)
W/System.err(22711): 	at com.estrongs.android.scanner.c.m.run(Unknown Source)
W/System.err(22711): 	at java.util.concurrent.ThreadPoolExecutor.runWorker(ThreadPoolExecutor.java:1112)
W/System.err(22711): 	at java.util.concurrent.ThreadPoolExecutor$Worker.run(ThreadPoolExecutor.java:587)
W/System.err(22711): 	at java.lang.Thread.run(Thread.java:818)
W/Wifi    ( 3495): Failed to read packet and byte counts from wifi interface
W/Wifi    ( 3495): Failed to read packet and byte counts from wifi interface
E/WifiStateMachine(  471): WifiStateMachine CMD_START_SCAN source -2 txSuccessRate=6.03 rxSuccessRate=5.94 targetRoamBSSID=any RSSI=-59
W/Wifi    ( 3495): Failed to read packet and byte counts from wifi interface
W/Wifi    ( 3495): Failed to read packet and byte counts from wifi interface
D/ConnectivityService(  471): updateNetworkScore for NetworkAgentInfo [WIFI () - 101] to 56
D/ConnectivityService(  471): rematching NetworkAgentInfo [WIFI () - 101]
D/ConnectivityService(  471): Network NetworkAgentInfo [WIFI () - 101] was already satisfying request 1. No change.
D/ConnectivityService(  471): notifyType AVAILABLE for NetworkAgentInfo [WIFI () - 101]
D/ConnectivityManager.CallbackHandler(  692): CM callback handler got msg 524290
D/ConnectivityManager.CallbackHandler(22961): CM callback handler got msg 524290
D/ConnectivityManager.CallbackHandler(22584): CM callback handler got msg 524290
D/ConnectivityManager.CallbackHandler(23775): CM callback handler got msg 524290
D/ConnectivityManager.CallbackHandler( 1040): CM callback handler got msg 524290
D/ConnectivityManager.CallbackHandler( 1040): CM callback handler got msg 524290
D/ConnectivityManager.CallbackHandler( 1040): CM callback handler got msg 524290
W/Wifi    ( 3495): Failed to read packet and byte counts from wifi interface
D/WifiService(  471): acquireWifiLockLocked: WifiLock{NlpWifiLock type=2 binder=android.os.BinderProxy@367dfec}
E/WifiStateMachine(  471): WifiStateMachine CMD_START_SCAN source 10008 txSuccessRate=3.51 rxSuccessRate=4.97 targetRoamBSSID=any RSSI=-61
I/art     (  471): Explicit concurrent mark sweep GC freed 20223(965KB) AllocSpace objects, 4(2MB) LOS objects, 33% free, 28MB/42MB, paused 619us total 145.325ms
I/vgn     ( 1173): 35-GetDeviceDataUploadOptInStatusOperation -- metadata{ service_id: 0 }
I/vgn     ( 1173): 35-GetDeviceDataUploadOptInStatusOperation -- metadata{ service_id: 0 }
W/ctxmgr  ( 1173): [AclManager]No 2 for (accnt=account#-517948760#, com.google.android.gms(10008):IndoorOutdoorProducer, vrsn=12685000, 0, 3pPkg = null ,  3pMdlId = null ,  pid = 1173). Was: 3 for 57, account#-517948760#
D/WifiService(  471): releaseWifiLockLocked: WifiLock{NlpWifiLock type=2 binder=android.os.BinderProxy@367dfec}
D/libgps  (  471): proxy_gps_inject_location: called.
W/Wifi    ( 3495): Failed to read packet and byte counts from wifi interface
W/Wifi    ( 3495): Failed to read packet and byte counts from wifi interface
W/Wifi    ( 3495): Failed to read packet and byte counts from wifi interface
W/Wifi    ( 3495): Failed to read packet and byte counts from wifi interface
W/Wifi    ( 3495): Failed to read packet and byte counts from wifi interface
W/Wifi    ( 3495): Failed to read packet and byte counts from wifi interface
W/Wifi    ( 3495): Failed to read packet and byte counts from wifi interface
W/Wifi    ( 3495): Failed to read packet and byte counts from wifi interface
W/Wifi    ( 3495): Failed to read packet and byte counts from wifi interface
W/Wifi    ( 3495): Failed to read packet and byte counts from wifi interface
E/native  (  471): do suspend false
E/WifiStateMachine(  471): scanCount==0 - aborting
I/dhcpcd  (25245): sending signal 14 to pid 21801
I/dhcpcd  (21801): received SIGALRM, renewing
I/dhcpcd  (21801): wlan0: renewing lease of 172.16.0.54
W/Wifi    ( 3495): Failed to read packet and byte counts from wifi interface
D/ConnectivityService(  471): updateNetworkScore for NetworkAgentInfo [WIFI () - 101] to 60
D/ConnectivityService(  471): rematching NetworkAgentInfo [WIFI () - 101]
D/ConnectivityService(  471): Network NetworkAgentInfo [WIFI () - 101] was already satisfying request 1. No change.
D/ConnectivityService(  471): notifyType AVAILABLE for NetworkAgentInfo [WIFI () - 101]
D/ConnectivityManager.CallbackHandler(  692): CM callback handler got msg 524290
D/ConnectivityManager.CallbackHandler(22584): CM callback handler got msg 524290
D/ConnectivityManager.CallbackHandler(22961): CM callback handler got msg 524290
D/ConnectivityManager.CallbackHandler(23775): CM callback handler got msg 524290
D/ConnectivityManager.CallbackHandler( 1040): CM callback handler got msg 524290
D/ConnectivityManager.CallbackHandler( 1040): CM callback handler got msg 524290
D/ConnectivityManager.CallbackHandler( 1040): CM callback handler got msg 524290
W/Wifi    ( 3495): Failed to read packet and byte counts from wifi interface
W/Wifi    ( 3495): Failed to read packet and byte counts from wifi interface
W/Wifi    ( 3495): Failed to read packet and byte counts from wifi interface
W/Wifi    ( 3495): Failed to read packet and byte counts from wifi interface
W/Wifi    ( 3495): Failed to read packet and byte counts from wifi interface
W/Wifi    ( 3495): Failed to read packet and byte counts from wifi interface
E/WifiStateMachine(  471): WifiStateMachine CMD_START_SCAN source -2 txSuccessRate=0.55 rxSuccessRate=1.94 targetRoamBSSID=any RSSI=-57
W/Wifi    ( 3495): Failed to read packet and byte counts from wifi interface
W/Wifi    ( 3495): Failed to read packet and byte counts from wifi interface
W/Wifi    ( 3495): Failed to read packet and byte counts from wifi interface
W/Wifi    ( 3495): Failed to read packet and byte counts from wifi interface
W/Wifi    ( 3495): Failed to read packet and byte counts from wifi interface
W/Wifi    ( 3495): Failed to read packet and byte counts from wifi interface
W/Wifi    ( 3495): Failed to read packet and byte counts from wifi interface
W/Wifi    ( 3495): Failed to read packet and byte counts from wifi interface
W/Wifi    ( 3495): Failed to read packet and byte counts from wifi interface
W/Wifi    ( 3495): Failed to read packet and byte counts from wifi interface
W/Wifi    ( 3495): Failed to read packet and byte counts from wifi interface
W/Wifi    ( 3495): Failed to read packet and byte counts from wifi interface
W/Wifi    ( 3495): Failed to read packet and byte counts from wifi interface
W/Wifi    ( 3495): Failed to read packet and byte counts from wifi interface
W/Wifi    ( 3495): Failed to read packet and byte counts from wifi interface
W/Wifi    ( 3495): Failed to read packet and byte counts from wifi interface
W/Wifi    ( 3495): Failed to read packet and byte counts from wifi interface
W/Wifi    ( 3495): Failed to read packet and byte counts from wifi interface
W/Wifi    ( 3495): Failed to read packet and byte counts from wifi interface
W/Wifi    ( 3495): Failed to read packet and byte counts from wifi interface
E/WifiStateMachine(  471): WifiStateMachine CMD_START_SCAN source -2 txSuccessRate=0.82 rxSuccessRate=4.67 targetRoamBSSID=any RSSI=-58
W/Wifi    ( 3495): Failed to read packet and byte counts from wifi interface
W/Wifi    ( 3495): Failed to read packet and byte counts from wifi interface
W/Wifi    ( 3495): Failed to read packet and byte counts from wifi interface
D/NetUtils(  471): dhcp_do_request failed : wlan0 (renew)
E/DhcpStateMachine(  471): DHCP failed on wlan0: Timed out waiting for DHCP Renew to finish
D/ConnectivityService(  471): Removing Route [172.16.0.0/24 -> 0.0.0.0 wlan0] from network 101
D/ConnectivityService(  471): Removing Route [0.0.0.0/0 -> 172.16.0.1 wlan0] from network 101
E/WifiStateMachine(  471):  WifiLinkLayerStats: 
E/WifiStateMachine(  471):  my bss beacon rx: 116270
E/WifiStateMachine(  471):  RSSI mgmt: -58
E/WifiStateMachine(  471):  BE :  rx=23533 tx=24835 lost=0 retries=442
E/WifiStateMachine(  471):  BK :  rx=241 tx=2 lost=0 retries=0
E/WifiStateMachine(  471):  VI :  rx=1134 tx=7 lost=0 retries=0
E/WifiStateMachine(  471):  VO :  rx=336 tx=20 lost=1 retries=0
E/WifiStateMachine(  471):  on_time : 2609652 tx_time=3094 rx_time=47340 scan_time=0
E/ConnectivityService(  471): no dns provided for netId 101, so using defaults
D/ConnectivityService(  471): Setting Dns servers for network 101 to [/8.8.8.8]
E/WifiConfigStore(  471): SSID temp disabled for  "#StarbucksWifi"NONE had autoJoinStatus=0 self added false ephemeral false
E/WifiConfigStore(  471):  message=DHCP FAILURE
E/WifiConfigStore(  471): blacklisted "#StarbucksWifi"NONE to 0 due to IP config failures, count=1 disableReason=0 8a:15:54:ac:03:df ipfail=1
I/wpa_supplicant( 4660): wlan0: CTRL-EVENT-DISCONNECTED bssid=8a:15:54:ac:03:df reason=3 locally_generated=1
E/WifiStateMachine(  471): WifiStateMachine: Leaving Connected state
E/WifiConfigStore(  471): saveWifiConfigBSSID Setting BSSID for "#StarbucksWifi"NONE to any
D/ConnectivityService(  471): notifyType IP_CHANGED for NetworkAgentInfo [WIFI () - 101]
D/ConnectivityManager.CallbackHandler(  692): CM callback handler got msg 524295
D/ConnectivityManager.CallbackHandler( 1040): CM callback handler got msg 524295
D/ConnectivityManager.CallbackHandler(22584): CM callback handler got msg 524295
D/ConnectivityManager.CallbackHandler(22961): CM callback handler got msg 524295
D/CommandListener(  200): Clearing all IP addresses on wlan0
D/ConnectivityManager.CallbackHandler(23775): CM callback handler got msg 524295
D/ConnectivityService(  471): NetworkAgentInfo [WIFI () - 101] EVENT_NETWORK_INFO_CHANGED, going from CONNECTED to DISCONNECTED
D/ConnectivityService(  471): NetworkAgentInfo [WIFI () - 101] got DISCONNECTED, was satisfying 8
I/GeofencerStateMachine( 1173): sendWifiConnectivityChanged: connectivity=false
E/WifiStateMachine(  471): Start Disconnecting Watchdog 1
V/NativeCrypto( 1173): Read error: ssl=0x559943d6c8: I/O error during system call, Connection timed out
D/ConnectivityManager.CallbackHandler( 1040): CM callback handler got msg 524295
D/ConnectivityManager.CallbackHandler( 1040): CM callback handler got msg 524295
D/CommandListener(  200): Clearing all IP addresses on wlan0
V/NativeCrypto( 1173): Write error: ssl=0x559943d6c8: I/O error during system call, Broken pipe
D/WifiNetworkAgent(  471): NetworkAgent: NetworkAgent channel lost
D/ConnectivityService(  471): notifyType LOST for NetworkAgentInfo [WIFI () - 101]
D/ConnectivityManager.CallbackHandler(  692): CM callback handler got msg 524292
D/ConnectivityManager.CallbackHandler( 1040): CM callback handler got msg 524292
D/ConnectivityManager.CallbackHandler( 1040): CM callback handler got msg 524292
D/ConnectivityManager.CallbackHandler( 1040): CM callback handler got msg 524292
V/NativeCrypto( 1173): Write error: ssl=0x559943d6c8: I/O error during system call, Broken pipe
W/blro    ( 1173): [{0}] Failed to resolve name. status={1}
D/ConnectivityManager.CallbackHandler(22584): CM callback handler got msg 524292
D/NetworkMonitor/NetworkAgentInfo [WIFI () - 101](  471): ValidatedState{ when=-1ms what=532487 target=com.android.internal.util.StateMachine$SmHandler }
D/NetworkMonitor/NetworkAgentInfo [WIFI () - 101](  471): DefaultState{ when=-1ms what=532487 target=com.android.internal.util.StateMachine$SmHandler }
D/NetworkMonitor/NetworkAgentInfo [WIFI () - 101](  471): Disconnected - quitting
D/CSLegacyTypeTracker(  471): Sending disconnected broadcast for type 1 NetworkAgentInfo [WIFI () - 101] isDefaultNetwork=true
D/ConnectivityService(  471): sendStickyBroadcast: action=android.net.conn.CONNECTIVITY_CHANGE_IMMEDIATE
D/ConnectivityService(  471): sendStickyBroadcast: action=android.net.conn.CONNECTIVITY_CHANGE
D/Tethering(  471): MasterInitialState.processMessage what=3
D/ConnectivityService(  471): sendStickyBroadcast: action=android.net.conn.CONNECTIVITY_CHANGE_IMMEDIATE
D/ConnectivityService(  471): sendStickyBroadcast: action=android.net.conn.CONNECTIVITY_CHANGE
D/ConnectivityManager.CallbackHandler(22961): CM callback handler got msg 524292
D/ConnectivityService(  471): Checking for replacement network to handle request NetworkRequest [ id=1, legacyType=-1, [ Capabilities: INTERNET&NOT_RESTRICTED&TRUSTED&NOT_VPN] ]
D/ConnectivityManager.CallbackHandler(23775): CM callback handler got msg 524292
D/Tethering(  471): MasterInitialState.processMessage what=3
E/ConnectivityService(  471): EVENT_NETWORK_INFO_CHANGED from unknown NetworkAgent
I/CmaSystemUpdateService( 1040): connectivity change: Intent { act=android.net.conn.CONNECTIVITY_CHANGE flg=0x4000010 (has extras) }
I/CmaSystemUpdateService( 1040): receiver: Intent { act=android.net.conn.CONNECTIVITY_CHANGE flg=0x4000010 (has extras) }
W/blwb    ( 1173): Failed closing connection
W/blwb    ( 1173): javax.net.ssl.SSLException: Write error: ssl=0x559943d6c8: I/O error during system call, Broken pipe
W/blwb    ( 1173): 	at com.google.android.gms.org.conscrypt.NativeCrypto.SSL_write(Native Method)
W/blwb    ( 1173): 	at com.google.android.gms.org.conscrypt.NativeSsl.write(:com.google.android.gms@12685011@12.6.85 (020406-197041431):2)
W/blwb    ( 1173): 	at com.google.android.gms.org.conscrypt.ConscryptFileDescriptorSocket$SSLOutputStream.write(:com.google.android.gms@12685011@12.6.85 (020406-197041431):6)
W/blwb    ( 1173): 	at bmhd.a_(:com.google.android.gms@12685011@12.6.85 (020406-197041431):1)
W/blwb    ( 1173): 	at bmgm.a_(:com.google.android.gms@12685011@12.6.85 (020406-197041431):6)
W/blwb    ( 1173): 	at bmhg.close(:com.google.android.gms@12685011@12.6.85 (020406-197041431):3)
W/blwb    ( 1173): 	at blxm.close(:com.google.android.gms@12685011@12.6.85 (020406-197041431))
W/blwb    ( 1173): 	at blvk.run(:com.google.android.gms@12685011@12.6.85 (020406-197041431):6)
W/blwb    ( 1173): 	at blui.run(:com.google.android.gms@12685011@12.6.85 (020406-197041431):2)
W/blwb    ( 1173): 	at ovl.run(:com.google.android.gms@12685011@12.6.85 (020406-197041431):27)
W/blwb    ( 1173): 	at java.util.concurrent.ThreadPoolExecutor.runWorker(ThreadPoolExecutor.java:1112)
W/blwb    ( 1173): 	at java.util.concurrent.ThreadPoolExecutor$Worker.run(ThreadPoolExecutor.java:587)
W/blwb    ( 1173): 	at pbm.run(:com.google.android.gms@12685011@12.6.85 (020406-197041431))
W/blwb    ( 1173): 	at java.lang.Thread.run(Thread.java:818)
I/CmaSystemUpdateService( 1040): connectivity change: Intent { act=android.net.conn.CONNECTIVITY_CHANGE flg=0x4000010 (has extras) }
I/CmaSystemUpdateService( 1040): receiver: Intent { act=android.net.conn.CONNECTIVITY_CHANGE flg=0x4000010 (has extras) }
D/PhoneInterfaceManager(  960): [PhoneIntfMgr] getDataEnabled: subId=-1 phoneId=-1
E/PhoneInterfaceManager(  960): [PhoneIntfMgr] getDataEnabled: no phone subId=-1 retVal=false
D/TelephonyManager(  471): getDataEnabled: retVal=false
W/art     (22711): Suspending all threads took: 5.795ms
W/Wifi    ( 3495): Failed to read packet and byte counts from wifi interface
E/GpsLocationProvider(  471): No APN found to select.
D/PhoneInterfaceManager(  960): [PhoneIntfMgr] getDataEnabled: subId=-1 phoneId=-1
E/PhoneInterfaceManager(  960): [PhoneIntfMgr] getDataEnabled: no phone subId=-1 retVal=false
D/TelephonyManager(  471): getDataEnabled: retVal=false
E/GpsLocationProvider(  471): No APN found to select.
E/SQLiteLog(22923): (283) recovered 77 frames from WAL file /data/data/com.google.android.apps.photos/databases/gphotos0.db-wal
E/SQLiteLog(22923): (283) recovered 100 frames from WAL file /data/data/com.google.android.apps.photos/databases/gphotos-1.db-wal
W/blro    ( 1173): [{0}] Failed to resolve name. status={1}
W/Wifi    ( 3495): Failed to read packet and byte counts from wifi interface
W/Wifi    ( 3495): Failed to read packet and byte counts from wifi interface
W/blro    ( 1173): [{0}] Failed to resolve name. status={1}
W/Wifi    ( 3495): Failed to read packet and byte counts from wifi interface
W/Wifi    ( 3495): Failed to read packet and byte counts from wifi interface
W/Wifi    ( 3495): Failed to read packet and byte counts from wifi interface
W/blro    ( 1173): [{0}] Failed to resolve name. status={1}
W/Wifi    ( 3495): Failed to read packet and byte counts from wifi interface
W/Wifi    ( 3495): Failed to read packet and byte counts from wifi interface
W/Wifi    ( 3495): Failed to read packet and byte counts from wifi interface
W/blro    ( 1173): [{0}] Failed to resolve name. status={1}
W/Wifi    ( 3495): Failed to read packet and byte counts from wifi interface
W/Wifi    ( 3495): Failed to read packet and byte counts from wifi interface
E/WifiStateMachine(  471): WifiStateMachine shouldSwitchNetwork  txSuccessRate=6216.00 rxSuccessRate=6311.00 delta 1000 -> 1
E/WifiStateMachine(  471): CMD_AUTO_CONNECT sup state ScanState my state DisconnectedState nid=23 roam=3
E/WifiStateMachine(  471): CMD_AUTO_CONNECT will save config -> "#StarbucksWifi" nid=23
E/WifiConfigStore(  471): Setting BSSID for "#StarbucksWifi"NONE to any
E/WifiConfigStore(  471): will read network variables netId=23
W/ctxmgr  ( 1173): [AclManager]No 2 for (accnt=account#-517948760#, com.google.android.gms(10008):IndoorOutdoorProducer, vrsn=12685000, 0, 3pPkg = null ,  3pMdlId = null ,  pid = 1173). Was: 3 for 57, account#-517948760#
E/WifiStateMachine(  471): CMD_AUTO_CONNECT did save config ->  nid=23
E/WifiConfigStore(  471): will read network variables netId=23
I/wpa_supplicant( 4660): wlan0: Trying to associate with SSID '#StarbucksWifi'
W/Wifi    ( 3495): Failed to read packet and byte counts from wifi interface
I/wpa_supplicant( 4660): wlan0: Associated with 8a:15:54:ac:03:df
I/wpa_supplicant( 4660): wlan0: CTRL-EVENT-CONNECTED - Connection to 8a:15:54:ac:03:df completed [id=23 id_str=]
D/ConnectivityService(  471): registerNetworkAgent NetworkAgentInfo{ ni{[type: WIFI[], state: CONNECTING/CONNECTING, reason: (unspecified), extra: "#StarbucksWifi", roaming: false, failover: false, isAvailable: true, isConnectedToProvisioningNetwork: false]}  network{null}  lp{{InterfaceName: wlan0 LinkAddresses: []  Routes: [] DnsAddresses: [] Domains: null MTU: 0 TcpBufferSizes: 524288,1048576,2097152,262144,524288,1048576}}  nc{[ Transports: WIFI Capabilities: INTERNET&NOT_RESTRICTED&TRUSTED&NOT_VPN LinkUpBandwidth>=1048576Kbps LinkDnBandwidth>=1048576Kbps]}  Score{20}  everValidated{false}  lastValidated{false}  created{false}  explicitlySelected{false} }
E/WifiConfigStore(  471): saveWifiConfigBSSID Setting BSSID for "#StarbucksWifi"NONE to any
D/ConnectivityService(  471): NetworkAgentInfo [WIFI () - 102] EVENT_NETWORK_INFO_CHANGED, going from null to CONNECTING
E/WifiConfigStore(  471): saveWifiConfigBSSID Setting BSSID for "#StarbucksWifi"NONE to any
D/CommandListener(  200): Setting iface cfg
E/WifiStateMachine(  471): Start Dhcp Watchdog 4
E/WifiStateMachine(  471):  WifiLinkLayerStats: 
E/WifiStateMachine(  471):  my bss beacon rx: 116270
E/WifiStateMachine(  471):  RSSI mgmt: -62
E/WifiStateMachine(  471):  BE :  rx=23534 tx=24836 lost=0 retries=442
E/WifiStateMachine(  471):  BK :  rx=241 tx=2 lost=0 retries=0
E/WifiStateMachine(  471):  VI :  rx=1134 tx=7 lost=0 retries=0
E/WifiStateMachine(  471):  VO :  rx=336 tx=20 lost=1 retries=0
E/WifiStateMachine(  471):  on_time : 2621047 tx_time=3094 rx_time=47340 scan_time=0
D/ConnectivityService(  471): updateNetworkScore for NetworkAgentInfo [WIFI () - 102] to 60
E/native  (  471): do suspend false
E/WifiStateMachine(  471): scanCount==0 - aborting
I/dhcpcd  (25295): version 5.5.6 starting
E/dhcpcd  (25295): get_duid: Read-only file system
I/dhcpcd  (25295): wlan0: rebinding lease of 172.16.0.54
I/dhcpcd  (25295): wlan0: acknowledged 172.16.0.54 from 172.16.0.1
I/dhcpcd  (25295): wlan0: leased 172.16.0.54 for 3600 seconds
W/Wifi    ( 3495): Failed to read packet and byte counts from wifi interface
D/ConnectivityService(  471): NetworkAgentInfo [WIFI () - 102] EVENT_NETWORK_INFO_CHANGED, going from CONNECTING to CONNECTED
D/ConnectivityService(  471): Adding iface wlan0 to network 102
E/WifiStateMachine(  471): Did not find remoteAddress {172.16.0.1} in /proc/net/arp
I/GeofencerStateMachine( 1173): sendWifiConnectivityChanged: connectivity=true
E/ConnectivityService(  471): Unexpected mtu value: 0, wlan0
D/ConnectivityService(  471): Adding Route [fe80::/64 -> :: wlan0] to network 102
D/ConnectivityService(  471): Adding Route [172.16.0.0/24 -> 0.0.0.0 wlan0] to network 102
D/ConnectivityService(  471): Adding Route [0.0.0.0/0 -> 172.16.0.1 wlan0] to network 102
D/ConnectivityService(  471): Setting Dns servers for network 102 to [/208.67.222.222, /208.67.220.220]
D/ConnectivityService(  471): notifyType IP_CHANGED for NetworkAgentInfo [WIFI () - 102]
D/ConnectivityService(  471): notifyType PRECHECK for NetworkAgentInfo [WIFI () - 102]
D/ConnectivityService(  471): rematching NetworkAgentInfo [WIFI () - 102]
D/ConnectivityService(  471):    accepting network in place of null
D/NetworkMonitor/NetworkAgentInfo [WIFI () - 102](  471): DefaultState{ when=0 what=532481 target=com.android.internal.util.StateMachine$SmHandler }
D/NetworkMonitor/NetworkAgentInfo [WIFI () - 102](  471): Connected
D/NetworkMonitor/NetworkAgentInfo [WIFI () - 102](  471): EvaluatingState{ when=-7ms what=532486 arg1=1 target=com.android.internal.util.StateMachine$SmHandler }
D/NetworkMonitor/NetworkAgentInfo [WIFI () - 102](  471): Checking http://connectivitycheck.android.com/generate_204 on "#StarbucksWifi"
D/ConnectivityService(  471): Switching to new default network: NetworkAgentInfo{ ni{[type: WIFI[], state: CONNECTED/CONNECTED, reason: (unspecified), extra: "#StarbucksWifi", roaming: false, failover: false, isAvailable: true, isConnectedToProvisioningNetwork: false]}  network{102}  lp{{InterfaceName: wlan0 LinkAddresses: [fe80::522e:5cff:fee5:38b1/64,172.16.0.54/24,]  Routes: [fe80::/64 -> :: wlan0,172.16.0.0/24 -> 0.0.0.0 wlan0,0.0.0.0/0 -> 172.16.0.1 wlan0,] DnsAddresses: [208.67.222.222,208.67.220.220,] Domains:  MTU: 0 TcpBufferSizes: 524288,1048576,2097152,262144,524288,1048576}}  nc{[ Transports: WIFI Capabilities: INTERNET&NOT_RESTRICTED&TRUSTED&NOT_VPN LinkUpBandwidth>=1048576Kbps LinkDnBandwidth>=1048576Kbps]}  Score{20}  everValidated{false}  lastValidated{false}  created{true}  explicitlySelected{false} }
D/ConnectivityService(  471): notifyType AVAILABLE for NetworkAgentInfo [WIFI () - 102]
D/ConnectivityManager.CallbackHandler(  692): CM callback handler got msg 524290
D/ConnectivityManager.CallbackHandler( 1040): CM callback handler got msg 524290
D/ConnectivityManager.CallbackHandler( 1040): CM callback handler got msg 524290
D/CSLegacyTypeTracker(  471): Sending connected broadcast for type 1 NetworkAgentInfo [WIFI () - 102] isDefaultNetwork=true
D/ConnectivityManager.CallbackHandler(22961): CM callback handler got msg 524290
D/ConnectivityService(  471): sendStickyBroadcast: action=android.net.conn.CONNECTIVITY_CHANGE_IMMEDIATE
D/ConnectivityService(  471): sendStickyBroadcast: action=android.net.conn.CONNECTIVITY_CHANGE
D/Tethering(  471): MasterInitialState.processMessage what=3
D/ConnectivityManager.CallbackHandler(22584): CM callback handler got msg 524290
D/ConnectivityManager.CallbackHandler(23775): CM callback handler got msg 524290
D/ConnectivityManager.CallbackHandler( 1040): CM callback handler got msg 524290
I/CmaSystemUpdateService( 1040): connectivity change: Intent { act=android.net.conn.CONNECTIVITY_CHANGE flg=0x4000010 (has extras) }
I/CmaSystemUpdateService( 1040): receiver: Intent { act=android.net.conn.CONNECTIVITY_CHANGE flg=0x4000010 (has extras) }
I/PinnedContentDownloader( 1040): Finished downloading pinned content.
D/PhoneInterfaceManager(  960): [PhoneIntfMgr] getDataEnabled: subId=-1 phoneId=-1
E/PhoneInterfaceManager(  960): [PhoneIntfMgr] getDataEnabled: no phone subId=-1 retVal=false
D/TelephonyManager(  471): getDataEnabled: retVal=false
E/GpsLocationProvider(  471): No APN found to select.
D/NetworkMonitor/NetworkAgentInfo [WIFI () - 102](  471): isCaptivePortal: ret=204 headers={null=[HTTP/1.1 204 No Content], Content-Length=[0], Date=[Sat, 16 Jun 2018 16:15:39 GMT], X-Android-Received-Millis=[1529165739254], X-Android-Response-Source=[NETWORK 204], X-Android-Sent-Millis=[1529165739159]}
D/NetworkMonitor/NetworkAgentInfo [WIFI () - 102](  471): Don't send network conditions - lacking user consent.
D/NetworkMonitor/NetworkAgentInfo [WIFI () - 102](  471): Validated
D/ConnectivityService(  471): setProvNotificationVisibleIntent: E visible=false networkType=0 extraInfo=null
D/ConnectivityService(  471): Validated NetworkAgentInfo [WIFI () - 102]
D/ConnectivityService(  471): rematching NetworkAgentInfo [WIFI () - 102]
D/ConnectivityService(  471): Network NetworkAgentInfo [WIFI () - 102] was already satisfying request 1. No change.
D/ConnectivityService(  471): notifyType AVAILABLE for NetworkAgentInfo [WIFI () - 102]
D/ConnectivityManager.CallbackHandler(  692): CM callback handler got msg 524290
D/ConnectivityManager.CallbackHandler( 1040): CM callback handler got msg 524290
D/ConnectivityManager.CallbackHandler( 1040): CM callback handler got msg 524290
D/ConnectivityManager.CallbackHandler(22584): CM callback handler got msg 524290
D/ConnectivityService(  471): sendStickyBroadcast: action=android.net.conn.INET_CONDITION_ACTION
D/ConnectivityManager.CallbackHandler(23775): CM callback handler got msg 524290
D/ConnectivityManager.CallbackHandler( 1040): CM callback handler got msg 524290
D/ConnectivityManager.CallbackHandler(22961): CM callback handler got msg 524290
W/Wifi    ( 3495): Failed to read packet and byte counts from wifi interface
D/ConnectivityService(  471): NetTransition Wakelock (NetworkAgentInfo [WIFI () - 101] cleared because we found a replacement network
W/LocationOracle(22584): No location history returned by ContextManager
W/ErrorReporter(22584): reportError [type: 29, code: 917507]: null
W/GCM     ( 1173): broadcast intent callback: result=CANCELLED forIntent { act=com.google.android.c2dm.intent.RECEIVE pkg=com.google.android.googlequicksearchbox (has extras) }
W/Wifi    ( 3495): Failed to read packet and byte counts from wifi interface
W/Wifi    ( 3495): Failed to read packet and byte counts from wifi interface
W/Conscrypt( 1173): Could not set socket write timeout: java.lang.reflect.InvocationTargetException
W/Conscrypt( 1173): 	at java.lang.reflect.Method.invoke(Native Method)
W/Conscrypt( 1173): 	at java.lang.reflect.Method.invoke(Method.java:372)
W/Conscrypt( 1173): Caused by: android.system.ErrnoException: setsockopt failed: EBADF (Bad file number)
W/Conscrypt( 1173): 	at libcore.io.Posix.setsockoptTimeval(Native Method)
W/Conscrypt( 1173): 	at libcore.io.ForwardingOs.setsockoptTimeval(ForwardingOs.java:147)
W/Conscrypt( 1173): Could not set socket write timeout: java.lang.reflect.InvocationTargetException
W/Conscrypt( 1173): 	at java.lang.reflect.Method.invoke(Native Method)
W/Conscrypt( 1173): 	at java.lang.reflect.Method.invoke(Method.java:372)
W/Conscrypt( 1173): Caused by: android.system.ErrnoException: setsockopt failed: EBADF (Bad file number)
W/Conscrypt( 1173): 	at libcore.io.Posix.setsockoptTimeval(Native Method)
W/Conscrypt( 1173): 	at libcore.io.ForwardingOs.setsockoptTimeval(ForwardingOs.java:147)
W/Wifi    ( 3495): Failed to read packet and byte counts from wifi interface
E/WifiStateMachine(  471): WifiStateMachine CMD_START_SCAN source -2 txSuccessRate=399.31 rxSuccessRate=404.00 targetRoamBSSID=any RSSI=-61
E/WifiStateMachine(  471): WifiStateMachine L2Connected CMD_START_SCAN source -2 776, 779 -> obsolete
W/Wifi    ( 3495): Failed to read packet and byte counts from wifi interface
W/Wifi    ( 3495): Failed to read packet and byte counts from wifi interface
W/Wifi    ( 3495): Failed to read packet and byte counts from wifi interface
I/vgn     ( 1173): 35-GetDeviceDataUploadOptInStatusOperation -- metadata{ service_id: 0 }
I/vgn     ( 1173): 35-GetDeviceDataUploadOptInStatusOperation -- metadata{ service_id: 0 }
E/WifiStateMachine(  471): WifiStateMachine CMD_START_SCAN source -2 txSuccessRate=206.66 rxSuccessRate=209.00 targetRoamBSSID=any RSSI=-61
E/WifiStateMachine(  471): WifiStateMachine L2Connected CMD_START_SCAN source -2 778, 779 -> obsolete
W/Wifi    ( 3495): Failed to read packet and byte counts from wifi interface
W/Wifi    ( 3495): Failed to read packet and byte counts from wifi interface
W/Wifi    ( 3495): Failed to read packet and byte counts from wifi interface
W/Wifi    ( 3495): Failed to read packet and byte counts from wifi interface
W/Wifi    ( 3495): Failed to read packet and byte counts from wifi interface
W/Wifi    ( 3495): Failed to read packet and byte counts from wifi interface
W/Wifi    ( 3495): Failed to read packet and byte counts from wifi interface
W/Wifi    ( 3495): Failed to read packet and byte counts from wifi interface
W/Wifi    ( 3495): Failed to read packet and byte counts from wifi interface
W/Wifi    ( 3495): Failed to read packet and byte counts from wifi interface
W/Wifi    ( 3495): Failed to read packet and byte counts from wifi interface
W/Wifi    ( 3495): Failed to read packet and byte counts from wifi interface
W/Wifi    ( 3495): Failed to read packet and byte counts from wifi interface
E/WifiStateMachine(  471): WifiStateMachine CMD_START_SCAN source -2 txSuccessRate=13.48 rxSuccessRate=16.06 targetRoamBSSID=any RSSI=-60
W/Wifi    ( 3495): Failed to read packet and byte counts from wifi interface
W/Wifi    ( 3495): Failed to read packet and byte counts from wifi interface
W/Wifi    ( 3495): Failed to read packet and byte counts from wifi interface
W/Wifi    ( 3495): Failed to read packet and byte counts from wifi interface
W/Wifi    ( 3495): Failed to read packet and byte counts from wifi interface
W/Wifi    ( 3495): Failed to read packet and byte counts from wifi interface
W/Wifi    ( 3495): Failed to read packet and byte counts from wifi interface
W/Wifi    ( 3495): Failed to read packet and byte counts from wifi interface
W/Wifi    ( 3495): Failed to read packet and byte counts from wifi interface
W/Wifi    ( 3495): Failed to read packet and byte counts from wifi interface
W/Wifi    ( 3495): Failed to read packet and byte counts from wifi interface
W/Wifi    ( 3495): Failed to read packet and byte counts from wifi interface
D/ConnectivityService(  471): updateNetworkScore for NetworkAgentInfo [WIFI () - 102] to 56
D/ConnectivityService(  471): rematching NetworkAgentInfo [WIFI () - 102]
D/ConnectivityService(  471): Network NetworkAgentInfo [WIFI () - 102] was already satisfying request 1. No change.
D/ConnectivityService(  471): notifyType AVAILABLE for NetworkAgentInfo [WIFI () - 102]
D/ConnectivityManager.CallbackHandler( 1040): CM callback handler got msg 524290
D/ConnectivityManager.CallbackHandler(22584): CM callback handler got msg 524290
D/ConnectivityManager.CallbackHandler(  692): CM callback handler got msg 524290
D/ConnectivityManager.CallbackHandler(23775): CM callback handler got msg 524290
D/ConnectivityManager.CallbackHandler(22961): CM callback handler got msg 524290
D/ConnectivityManager.CallbackHandler( 1040): CM callback handler got msg 524290
D/ConnectivityManager.CallbackHandler( 1040): CM callback handler got msg 524290
W/Wifi    ( 3495): Failed to read packet and byte counts from wifi interface
W/Wifi    ( 3495): Failed to read packet and byte counts from wifi interface
W/Wifi    ( 3495): Failed to read packet and byte counts from wifi interface
W/Wifi    ( 3495): Failed to read packet and byte counts from wifi interface
W/Wifi    ( 3495): Failed to read packet and byte counts from wifi interface
W/Wifi    ( 3495): Failed to read packet and byte counts from wifi interface
W/Wifi    ( 3495): Failed to read packet and byte counts from wifi interface
W/Wifi    ( 3495): Failed to read packet and byte counts from wifi interface
E/WifiStateMachine(  471): WifiStateMachine CMD_START_SCAN source -2 txSuccessRate=2.01 rxSuccessRate=5.41 targetRoamBSSID=any RSSI=-61
W/ctxmgr  ( 1173): [AclManager]No 2 for (accnt=account#-517948760#, com.google.android.gms(10008):IndoorOutdoorProducer, vrsn=12685000, 0, 3pPkg = null ,  3pMdlId = null ,  pid = 1173). Was: 3 for 57, account#-517948760#
W/Wifi    ( 3495): Failed to read packet and byte counts from wifi interface
W/Wifi    ( 3495): Failed to read packet and byte counts from wifi interface
W/Wifi    ( 3495): Failed to read packet and byte counts from wifi interface
