W/PackageManager(  459): Package named 'com.stainlessgames.carmageddon' doesn't exist.
W/Finsky  ( 4595): [1] com.google.android.finsky.ef.b.a(3): Failed to get status for package 'com.stainlessgames.carmageddon' (1601)
E/Finsky  ( 4595): [1] com.google.android.finsky.ef.b.a(18): Error getting stats
D/PhenotypeUpdateService( 8693): onCreate called
E/PlayCommon( 4595): [113] com.google.android.play.b.x.a(63): Failed to connect to server for server timestamp: java.net.ConnectException: failed to connect to play.googleapis.com/216.58.212.138 (port 443) after 40000ms: isConnected failed: EHOSTUNREACH (No route to host)
W/PackageManager(  459): Package named 'com.ulmon.android.citymaps2go' doesn't exist.
W/Finsky  ( 4595): [1] com.google.android.finsky.ef.b.a(3): Failed to get status for package 'com.ulmon.android.citymaps2go' (1601)
E/Finsky  ( 4595): [1] com.google.android.finsky.ef.b.a(18): Error getting stats
I/art     (  459): Explicit concurrent mark sweep GC freed 18561(872KB) AllocSpace objects, 0(0B) LOS objects, 33% free, 22MB/34MB, paused 542us total 68.647ms
I/PlayCommon( 4595): [113] com.google.android.play.b.g.a(792): Connecting to server: https://play.googleapis.com/play/log?format=raw&proto_v2=true
D/PhenotypeUpdateService( 8693): Registering with Phenotype
I/orc     ( 1049): 51-RegisterOperationCall -- metadata{ service_id: 0 }
W/PackageManager(  459): Package named 'com.navfree.android.OSM.ALL' doesn't exist.
W/Finsky  ( 4595): [1] com.google.android.finsky.ef.b.a(3): Failed to get status for package 'com.navfree.android.OSM.ALL' (1601)
E/Finsky  ( 4595): [1] com.google.android.finsky.ef.b.a(18): Error getting stats
E/PlayCommon( 4595): [113] com.google.android.play.b.g.a(841): Failed to connect to server: java.net.ConnectException: failed to connect to play.googleapis.com/216.58.212.138 (port 443) after 40000ms: isConnected failed: EHOSTUNREACH (No route to host)
I/PlayCommon( 8693): [161] com.google.android.play.b.g.f(543): Preparing logs for uploading
W/PackageManager(  459): Package named 'stericson.busybox' doesn't exist.
W/Finsky  ( 4595): [1] com.google.android.finsky.ef.b.a(3): Failed to get status for package 'stericson.busybox' (1601)
E/Finsky  ( 4595): [1] com.google.android.finsky.ef.b.a(18): Error getting stats
I/PlayCommon( 8693): [161] com.google.android.play.b.x.a(45): Connecting to server for timestamp: https://play.googleapis.com/play/log/timestamp
E/PlayCommon( 8693): [161] com.google.android.play.b.x.a(63): Failed to connect to server for server timestamp: java.net.ConnectException: failed to connect to play.googleapis.com/216.58.212.138 (port 443) after 10000ms: isConnected failed: EHOSTUNREACH (No route to host)
W/PlayCommon( 8693): [161] com.google.android.play.b.g.a(214): No account for auth token provided
I/PlayCommon( 8693): [161] com.google.android.play.b.g.a(792): Connecting to server: https://play.googleapis.com/play/log?format=raw&proto_v2=true
E/PlayCommon( 8693): [161] com.google.android.play.b.g.a(841): Failed to connect to server: java.net.ConnectException: failed to connect to play.googleapis.com/216.58.212.138 (port 443) after 10000ms: isConnected failed: EHOSTUNREACH (No route to host)
W/PackageManager(  459): Package named 'com.rovio.angrybirdsstarwars.ads.iap' doesn't exist.
W/Finsky  ( 4595): [1] com.google.android.finsky.ef.b.a(3): Failed to get status for package 'com.rovio.angrybirdsstarwars.ads.iap' (1601)
E/Finsky  ( 4595): [1] com.google.android.finsky.ef.b.a(18): Error getting stats
W/PackageManager(  459): Package named 'com.ea.gp.fifamobile' doesn't exist.
W/Finsky  ( 4595): [1] com.google.android.finsky.ef.b.a(3): Failed to get status for package 'com.ea.gp.fifamobile' (1601)
E/Finsky  ( 4595): [1] com.google.android.finsky.ef.b.a(18): Error getting stats
W/Wifi    ( 3847): Failed to read packet and byte counts from wifi interface
W/Wifi    ( 3847): Failed to read packet and byte counts from wifi interface
W/Wifi    ( 3847): Failed to read packet and byte counts from wifi interface
W/Wifi    ( 3847): Failed to read packet and byte counts from wifi interface
W/Wifi    ( 3847): Failed to read packet and byte counts from wifi interface
I/Finsky  ( 4595): [1] com.google.android.finsky.scheduler.bc.a(50): Jobs in database: 1-1337 10-11 10-26 12-1 
I/WearableService( 1049): Wearable Services stopping
I/Finsky  ( 4595): [1] com.google.android.finsky.scheduler.aa.a(138): Running job: 10-11
W/Finsky  ( 4595): [1] com.google.android.finsky.hygiene.b.a(9): Failed to find the Hygiene logging context. Creating a new one.
I/Finsky  ( 4595): [1] com.google.android.finsky.scheduler.aa.a(138): Running job: 10-26
W/Finsky  ( 4595): [1] com.google.android.finsky.hygiene.b.a(9): Failed to find the Hygiene logging context. Creating a new one.
I/Finsky  ( 4595): [184] com.google.android.finsky.splitinstallservice.bk.a(5): Running split install cleaner
I/Finsky  ( 4595): [1] com.google.android.finsky.scheduler.aa.a(196): RunningQueue size: 2, PendingQueue size: 0
I/Finsky  ( 4595): [1] com.google.android.finsky.scheduler.aa.a(213): Running queue: 10-11 10-26 
I/Finsky  ( 4595): [185] com.google.android.finsky.scheduler.az.b(8): jobFinished: 10-26. TimeElapsed: 13ms
I/Finsky  ( 4595): [1] com.google.android.finsky.scheduler.aa.b(38): Job 10-26 finished
I/Finsky  ( 4595): [1] com.google.android.finsky.scheduler.aa.a(196): RunningQueue size: 1, PendingQueue size: 0
I/Finsky  ( 4595): [1] com.google.android.finsky.scheduler.aa.a(213): Running queue: 10-11 
I/Finsky  ( 4595): [184] com.google.android.finsky.splitinstallservice.bk.a(24): Removed 0 obsolete sessions.
I/Finsky  ( 4595): [184] com.google.android.finsky.splitinstallservice.bk.a(351): Removed 0 corrupted downloaded sessions.
I/Finsky  ( 4595): [184] com.google.android.finsky.splitinstallservice.bk.a(53): Finished completion of 0 out of 0 sessions. Successful: 0. Failed: 0.
E/Finsky  ( 4595): [184] com.google.android.finsky.splitinstallservice.ab.a(3): Can't schedule deferred install. No modules found.
I/Finsky  ( 4595): [184] com.google.android.finsky.scheduler.az.b(8): jobFinished: 10-11. TimeElapsed: 28ms
I/Finsky  ( 4595): [1] com.google.android.finsky.scheduler.aa.b(38): Job 10-11 finished
I/Finsky  ( 4595): [1] com.google.android.finsky.scheduler.aa.a(196): RunningQueue size: 0, PendingQueue size: 0
I/Finsky  ( 4595): [1] com.google.android.finsky.scheduler.af.handleMessage(78): Executor finished
I/Finsky  ( 4595): [1] com.google.android.finsky.scheduler.bc.a(50): Jobs in database: 1-1337 12-1 
I/Finsky  ( 4595): [1] com.google.android.finsky.scheduler.h.a(309): ConstraintMapping: 1-1337, 12-1,  -> L: 9181ms, D: 9781489ms, C: false, I: false, N: 1
I/Finsky  ( 4595): [1] com.google.android.finsky.scheduler.JobSchedulerEngine.a(112): Throttling wakeup for job 9000 (expected to run in 9181 ms) due to recent wakeup
I/Finsky  ( 4595): [1] com.google.android.finsky.scheduler.JobSchedulerEngine.a(155): Scheduling job Id: 9000, L: 30000, D: 9781489, C: false, I: false, N: 1
I/Finsky  ( 4595): [1] com.google.android.finsky.scheduler.JobSchedulerEngine.a(112): Throttling wakeup for job 9002 (expected to run in 9181 ms) due to recent wakeup
I/Finsky  ( 4595): [1] com.google.android.finsky.scheduler.JobSchedulerEngine.a(155): Scheduling job Id: 9002, L: 30000, D: 9781489, C: false, I: false, N: 1
W/Wifi    ( 3847): Failed to read packet and byte counts from wifi interface
W/Wifi    ( 3847): Failed to read packet and byte counts from wifi interface
W/Wifi    ( 3847): Failed to read packet and byte counts from wifi interface
W/Wifi    ( 3847): Failed to read packet and byte counts from wifi interface
W/Wifi    ( 3847): Failed to read packet and byte counts from wifi interface
W/Wifi    ( 3847): Failed to read packet and byte counts from wifi interface
W/Wifi    ( 3847): Failed to read packet and byte counts from wifi interface
W/Wifi    ( 3847): Failed to read packet and byte counts from wifi interface
W/Wifi    ( 3847): Failed to read packet and byte counts from wifi interface
W/Wifi    ( 3847): Failed to read packet and byte counts from wifi interface
E/WifiStateMachine(  459): WifiStateMachine CMD_START_SCAN source -2 txSuccessRate=5.98 rxSuccessRate=9.17 targetRoamBSSID=88:15:44:ac:03:df RSSI=-58
W/Wifi    ( 3847): Failed to read packet and byte counts from wifi interface
W/Wifi    ( 3847): Failed to read packet and byte counts from wifi interface
W/Wifi    ( 3847): Failed to read packet and byte counts from wifi interface
W/Wifi    ( 3847): Failed to read packet and byte counts from wifi interface
W/Wifi    ( 3847): Failed to read packet and byte counts from wifi interface
W/Wifi    ( 3847): Failed to read packet and byte counts from wifi interface
W/Wifi    ( 3847): Failed to read packet and byte counts from wifi interface
W/Wifi    ( 3847): Failed to read packet and byte counts from wifi interface
W/Wifi    ( 3847): Failed to read packet and byte counts from wifi interface
W/Wifi    ( 3847): Failed to read packet and byte counts from wifi interface
W/Wifi    ( 3847): Failed to read packet and byte counts from wifi interface
W/Wifi    ( 3847): Failed to read packet and byte counts from wifi interface
W/Wifi    ( 3847): Failed to read packet and byte counts from wifi interface
W/Wifi    ( 3847): Failed to read packet and byte counts from wifi interface
W/Wifi    ( 3847): Failed to read packet and byte counts from wifi interface
W/Wifi    ( 3847): Failed to read packet and byte counts from wifi interface
W/Wifi    ( 3847): Failed to read packet and byte counts from wifi interface
W/Wifi    ( 3847): Failed to read packet and byte counts from wifi interface
W/Wifi    ( 3847): Failed to read packet and byte counts from wifi interface
W/Wifi    ( 3847): Failed to read packet and byte counts from wifi interface
E/WifiStateMachine(  459): WifiStateMachine CMD_START_SCAN source -2 txSuccessRate=1.69 rxSuccessRate=7.12 targetRoamBSSID=88:15:44:ac:03:df RSSI=-58
W/Wifi    ( 3847): Failed to read packet and byte counts from wifi interface
W/Wifi    ( 3847): Failed to read packet and byte counts from wifi interface
W/Wifi    ( 3847): Failed to read packet and byte counts from wifi interface
W/Wifi    ( 3847): Failed to read packet and byte counts from wifi interface
W/Wifi    ( 3847): Failed to read packet and byte counts from wifi interface
I/Finsky  ( 4595): [1] com.google.android.finsky.scheduler.JobSchedulerEngine$PhoneskyJobSchedulerJobService.onStartJob(11): onJobSchedulerWakeup with jobId 9000
I/Finsky  ( 4595): [1] com.google.android.finsky.scheduler.y.a(14): Scheduling fallback in 43199995 (absolute: 45863101)
I/Finsky  ( 4595): [1] com.google.android.finsky.scheduler.y.a(14): Scheduling fallback in 64799998 (absolute: 67463106)
I/Finsky  ( 4595): [1] com.google.android.finsky.scheduler.JobSchedulerEngine$PhoneskyJobSchedulerJobService.onStartJob(11): onJobSchedulerWakeup with jobId 9002
I/Finsky  ( 4595): [1] com.google.android.finsky.scheduler.y.a(14): Scheduling fallback in 43199998 (absolute: 45863110)
I/Finsky  ( 4595): [1] com.google.android.finsky.scheduler.y.a(14): Scheduling fallback in 64799998 (absolute: 67463112)
W/Finsky  ( 4595): [1] com.google.android.finsky.scheduler.JobSchedulerEngine$PhoneskyJobSchedulerJobService.onStartJob(23): onJobSchedulerWakeup while already running
I/Finsky  ( 4595): [1] com.google.android.finsky.scheduler.af.handleMessage(39): DeviceState: DeviceState{currentTime=1529235177564, isCharging=true, isIdle=false, netAny=true, netNotRoaming=true, netUnmetered=true}
I/Finsky  ( 4595): [1] com.google.android.finsky.scheduler.bc.a(50): Jobs in database: 1-1337 12-1 
I/Finsky  ( 4595): [1] com.google.android.finsky.scheduler.aa.a(138): Running job: 12-1
I/Finsky  ( 4595): [1] com.google.android.finsky.ai.c.a(37): ContentSyncJob started
I/Finsky  ( 4595): [1] com.google.android.finsky.scheduler.aa.a(196): RunningQueue size: 1, PendingQueue size: 0
I/Finsky  ( 4595): [1] com.google.android.finsky.scheduler.aa.a(213): Running queue: 12-1 
I/Finsky  ( 4595): [115] com.google.android.finsky.o.c.a(21): Completed 0 account content syncs with 0 successful.
I/Finsky  ( 4595): [1] com.google.android.finsky.ai.c.a(5): Installation state replication succeeded.
I/Finsky  ( 4595): [1] com.google.android.finsky.scheduler.az.b(8): jobFinished: 12-1. TimeElapsed: 3ms
I/Finsky  ( 4595): [1] com.google.android.finsky.scheduler.aa.b(38): Job 12-1 finished
I/Finsky  ( 4595): [1] com.google.android.finsky.scheduler.aa.a(196): RunningQueue size: 0, PendingQueue size: 0
I/Finsky  ( 4595): [1] com.google.android.finsky.scheduler.af.handleMessage(78): Executor finished
I/Finsky  ( 4595): [1] com.google.android.finsky.scheduler.bc.a(50): Jobs in database: 1-1337 
I/Finsky  ( 4595): [1] com.google.android.finsky.scheduler.h.a(309): ConstraintMapping: 1-1337,  -> L: 5359480ms, D: 9746400ms, C: false, I: false, N: 1
I/Finsky  ( 4595): [1] com.google.android.finsky.scheduler.JobSchedulerEngine.a(155): Scheduling job Id: 9001, L: 5359480, D: 9746400, C: false, I: false, N: 1
I/Finsky  ( 4595): [1] com.google.android.finsky.scheduler.JobSchedulerEngine.a(155): Scheduling job Id: 9002, L: 5359480, D: 9746400, C: false, I: false, N: 1
W/Wifi    ( 3847): Failed to read packet and byte counts from wifi interface
W/Wifi    ( 3847): Failed to read packet and byte counts from wifi interface
W/Wifi    ( 3847): Failed to read packet and byte counts from wifi interface
D/ConnectivityService(  459): updateNetworkScore for NetworkAgentInfo [WIFI () - 100] to 56
D/ConnectivityService(  459): rematching NetworkAgentInfo [WIFI () - 100]
D/ConnectivityService(  459): Network NetworkAgentInfo [WIFI () - 100] was already satisfying request 1. No change.
D/ConnectivityService(  459): notifyType AVAILABLE for NetworkAgentInfo [WIFI () - 100]
D/ConnectivityManager.CallbackHandler(  663): CM callback handler got msg 524290
D/ConnectivityManager.CallbackHandler( 1089): CM callback handler got msg 524290
D/ConnectivityManager.CallbackHandler( 1010): CM callback handler got msg 524290
D/ConnectivityManager.CallbackHandler( 7664): CM callback handler got msg 524290
D/ConnectivityManager.CallbackHandler( 4595): CM callback handler got msg 524290
D/ConnectivityManager.CallbackHandler( 7641): CM callback handler got msg 524290
W/Wifi    ( 3847): Failed to read packet and byte counts from wifi interface
W/Wifi    ( 3847): Failed to read packet and byte counts from wifi interface
W/Wifi    ( 3847): Failed to read packet and byte counts from wifi interface
D/ConnectivityService(  459): updateNetworkScore for NetworkAgentInfo [WIFI () - 100] to 60
D/ConnectivityService(  459): rematching NetworkAgentInfo [WIFI () - 100]
D/ConnectivityService(  459): Network NetworkAgentInfo [WIFI () - 100] was already satisfying request 1. No change.
D/ConnectivityService(  459): notifyType AVAILABLE for NetworkAgentInfo [WIFI () - 100]
D/ConnectivityManager.CallbackHandler(  663): CM callback handler got msg 524290
D/ConnectivityManager.CallbackHandler( 1089): CM callback handler got msg 524290
D/ConnectivityManager.CallbackHandler( 4595): CM callback handler got msg 524290
D/ConnectivityManager.CallbackHandler( 7664): CM callback handler got msg 524290
D/ConnectivityManager.CallbackHandler( 1010): CM callback handler got msg 524290
D/ConnectivityManager.CallbackHandler( 7641): CM callback handler got msg 524290
W/Wifi    ( 3847): Failed to read packet and byte counts from wifi interface
W/Wifi    ( 3847): Failed to read packet and byte counts from wifi interface
W/Wifi    ( 3847): Failed to read packet and byte counts from wifi interface
D/PermissionCache(  155): checking android.permission.READ_FRAME_BUFFER for uid=1000 => granted (386 us)
V/ActivityManager(  459): Display changed displayId=0
I/InputReader(  459): Reconfiguring input devices.  changes=0x00000004
I/InputReader(  459): Device reconfigured: id=1, name='synaptics_dsx', size 1536x2048, orientation 2, mode 1, display id 0
I/WindowManager(  459): Screen frozen for +77ms due to Window{37132614 u0 StatusBar}
W/Wifi    ( 3847): Failed to read packet and byte counts from wifi interface
W/Wifi    ( 3847): Failed to read packet and byte counts from wifi interface
I/MicroDetector( 1089): Keeping mic open: false
I/DeviceStateChecker( 1089): DeviceStateChecker cancelled
I/MicroRecognitionRunner( 1089): Stopping hotword detection.
I/AudioController( 1089): internalShutdown
I/MicrophoneInputStream( 1089): mic_close com.google.android.apps.gsa.speech.audio.af@27988069
I/SoundTriggerHwService::Module(  204): void android::SoundTriggerHwService::Module::onCallbackEvent(const android::sp<android::SoundTriggerHwService::CallbackEvent>&) mClient == 0
I/MicroRecognitionRunner( 1089): Detection finished
W/ResourcesManager(  960): Asset path '/system/framework/com.google.android.maps.jar' does not exist or contains no resources.
I/art     (  459): Explicit concurrent mark sweep GC freed 38747(1884KB) AllocSpace objects, 0(0B) LOS objects, 33% free, 22MB/33MB, paused 1.327ms total 109.442ms
W/Wifi    ( 3847): Failed to read packet and byte counts from wifi interface
W/Wifi    ( 3847): Failed to read packet and byte counts from wifi interface
I/MicroDetectionWorker( 1089): #updateMicroDetector [detectionMode: [mDetectionMode: [1]]]
I/MicroDetectionWorker( 1089): #startMicroDetector [speakerMode: 0]
D/BluetoothAdapter( 1089): 445593132: getState() :  mService = null. Returning STATE_OFF
D/BluetoothAdapter( 1089): 445593132: getState() :  mService = null. Returning STATE_OFF
I/VoiceSearchSettings( 1089): Hotword upgrade key is null!
I/MicroDetectionWorker( 1089): onReady
D/BluetoothAdapter( 1089): 445593132: getState() :  mService = null. Returning STATE_OFF
I/VoiceSearchSettings( 1089): Hotword upgrade key is null!
D/BluetoothAdapter( 1089): 445593132: getState() :  mService = null. Returning STATE_OFF
I/MicroRecognitionRunner( 1089): Starting detection.
I/MicrophoneInputStream( 1089): mic_starting com.google.android.apps.gsa.speech.audio.af@3ed3442d
I/AudioFlinger(  204): AudioFlinger's thread 0xaadcc298 ready to run
I/SoundTriggerHwService::Module(  204): void android::SoundTriggerHwService::Module::onCallbackEvent(const android::sp<android::SoundTriggerHwService::CallbackEvent>&) mClient == 0
I/MicrophoneInputStream( 1089): mic_started com.google.android.apps.gsa.speech.audio.af@3ed3442d
I/MicroDetectionWorker( 1089): onReady
W/Wifi    ( 3847): Failed to read packet and byte counts from wifi interface
W/Wifi    ( 3847): Failed to read packet and byte counts from wifi interface
D/ConnectivityService(  459): updateNetworkScore for NetworkAgentInfo [WIFI () - 100] to 56
D/ConnectivityService(  459): rematching NetworkAgentInfo [WIFI () - 100]
D/ConnectivityService(  459): Network NetworkAgentInfo [WIFI () - 100] was already satisfying request 1. No change.
D/ConnectivityService(  459): notifyType AVAILABLE for NetworkAgentInfo [WIFI () - 100]
D/ConnectivityManager.CallbackHandler(  663): CM callback handler got msg 524290
D/ConnectivityManager.CallbackHandler( 1089): CM callback handler got msg 524290
D/ConnectivityManager.CallbackHandler( 1010): CM callback handler got msg 524290
D/ConnectivityManager.CallbackHandler( 7664): CM callback handler got msg 524290
D/ConnectivityManager.CallbackHandler( 7641): CM callback handler got msg 524290
D/ConnectivityManager.CallbackHandler( 4595): CM callback handler got msg 524290
E/WifiStateMachine(  459): WifiStateMachine CMD_START_SCAN source -2 txSuccessRate=0.44 rxSuccessRate=2.22 targetRoamBSSID=88:15:44:ac:03:df RSSI=-63
W/Wifi    ( 3847): Failed to read packet and byte counts from wifi interface
W/Wifi    ( 3847): Failed to read packet and byte counts from wifi interface
W/Wifi    ( 3847): Failed to read packet and byte counts from wifi interface
W/Wifi    ( 3847): Failed to read packet and byte counts from wifi interface
I/vgn     ( 1049): 35-GetDeviceDataUploadOptInStatusOperation -- metadata{ service_id: 0 }
I/vgn     ( 1049): 35-GetDeviceDataUploadOptInStatusOperation -- metadata{ service_id: 0 }
E/GoogleConversionReporter( 7664): Error sending ping
E/GoogleConversionReporter( 7664): java.net.ConnectException: failed to connect to www.googleadservices.com/216.58.211.98 (port 443) after 60000ms: isConnected failed: EHOSTUNREACH (No route to host)
E/GoogleConversionReporter( 7664): 	at libcore.io.IoBridge.isConnected(IoBridge.java:238)
E/GoogleConversionReporter( 7664): 	at libcore.io.IoBridge.connectErrno(IoBridge.java:171)
E/GoogleConversionReporter( 7664): 	at libcore.io.IoBridge.connect(IoBridge.java:122)
E/GoogleConversionReporter( 7664): 	at java.net.PlainSocketImpl.connect(PlainSocketImpl.java:183)
E/GoogleConversionReporter( 7664): 	at java.net.PlainSocketImpl.connect(PlainSocketImpl.java:456)
E/GoogleConversionReporter( 7664): 	at java.net.Socket.connect(Socket.java:882)
E/GoogleConversionReporter( 7664): 	at com.android.okhttp.internal.Platform.connectSocket(Platform.java:174)
E/GoogleConversionReporter( 7664): 	at com.android.okhttp.Connection.connect(Connection.java:152)
E/GoogleConversionReporter( 7664): 	at com.android.okhttp.internal.http.HttpEngine.connect(HttpEngine.java:276)
E/GoogleConversionReporter( 7664): 	at com.android.okhttp.internal.http.HttpEngine.sendRequest(HttpEngine.java:211)
E/GoogleConversionReporter( 7664): 	at com.android.okhttp.internal.http.HttpURLConnectionImpl.execute(HttpURLConnectionImpl.java:382)
E/GoogleConversionReporter( 7664): 	at com.android.okhttp.internal.http.HttpURLConnectionImpl.getResponse(HttpURLConnectionImpl.java:332)
E/GoogleConversionReporter( 7664): 	at com.android.okhttp.internal.http.HttpURLConnectionImpl.getResponseCode(HttpURLConnectionImpl.java:500)
E/GoogleConversionReporter( 7664): 	at com.android.okhttp.internal.http.DelegatingHttpsURLConnection.getResponseCode(DelegatingHttpsURLConnection.java:105)
E/GoogleConversionReporter( 7664): 	at com.android.okhttp.internal.http.HttpsURLConnectionImpl.getResponseCode(HttpsURLConnectionImpl.java:25)
E/GoogleConversionReporter( 7664): 	at btl.a(SourceFile:30)
E/GoogleConversionReporter( 7664): 	at bto.run(SourceFile:31)
E/GoogleConversionReporter( 7664): 	at java.lang.Thread.run(Thread.java:818)
E/GoogleConversionReporter( 7664): Caused by: android.system.ErrnoException: isConnected failed: EHOSTUNREACH (No route to host)
E/GoogleConversionReporter( 7664): 	at libcore.io.IoBridge.isConnected(IoBridge.java:223)
E/GoogleConversionReporter( 7664): 	... 17 more
W/Wifi    ( 3847): Failed to read packet and byte counts from wifi interface
W/Wifi    ( 3847): Failed to read packet and byte counts from wifi interface
W/Wifi    ( 3847): Failed to read packet and byte counts from wifi interface
W/Wifi    ( 3847): Failed to read packet and byte counts from wifi interface
W/Wifi    ( 3847): Failed to read packet and byte counts from wifi interface
W/Wifi    ( 3847): Failed to read packet and byte counts from wifi interface
W/Wifi    ( 3847): Failed to read packet and byte counts from wifi interface
W/Wifi    ( 3847): Failed to read packet and byte counts from wifi interface
W/Wifi    ( 3847): Failed to read packet and byte counts from wifi interface
W/Wifi    ( 3847): Failed to read packet and byte counts from wifi interface
W/Wifi    ( 3847): Failed to read packet and byte counts from wifi interface
W/Wifi    ( 3847): Failed to read packet and byte counts from wifi interface
W/Wifi    ( 3847): Failed to read packet and byte counts from wifi interface
W/Wifi    ( 3847): Failed to read packet and byte counts from wifi interface
W/Wifi    ( 3847): Failed to read packet and byte counts from wifi interface
W/Wifi    ( 3847): Failed to read packet and byte counts from wifi interface
E/WifiStateMachine(  459): WifiStateMachine CMD_START_SCAN source -2 txSuccessRate=0.77 rxSuccessRate=4.91 targetRoamBSSID=88:15:44:ac:03:df RSSI=-63
W/Wifi    ( 3847): Failed to read packet and byte counts from wifi interface
W/Wifi    ( 3847): Failed to read packet and byte counts from wifi interface
W/Wifi    ( 3847): Failed to read packet and byte counts from wifi interface
W/Wifi    ( 3847): Failed to read packet and byte counts from wifi interface
W/Wifi    ( 3847): Failed to read packet and byte counts from wifi interface
W/Wifi    ( 3847): Failed to read packet and byte counts from wifi interface
I/art     (  663): Explicit concurrent mark sweep GC freed 176647(7MB) AllocSpace objects, 1(18MB) LOS objects, 39% free, 12MB/20MB, paused 660us total 86.112ms
W/Wifi    ( 3847): Failed to read packet and byte counts from wifi interface
W/Wifi    ( 3847): Failed to read packet and byte counts from wifi interface
W/Wifi    ( 3847): Failed to read packet and byte counts from wifi interface
W/Wifi    ( 3847): Failed to read packet and byte counts from wifi interface
W/Wifi    ( 3847): Failed to read packet and byte counts from wifi interface
W/Wifi    ( 3847): Failed to read packet and byte counts from wifi interface
W/Wifi    ( 3847): Failed to read packet and byte counts from wifi interface
W/Wifi    ( 3847): Failed to read packet and byte counts from wifi interface
W/Wifi    ( 3847): Failed to read packet and byte counts from wifi interface
W/Wifi    ( 3847): Failed to read packet and byte counts from wifi interface
W/Wifi    ( 3847): Failed to read packet and byte counts from wifi interface
W/Wifi    ( 3847): Failed to read packet and byte counts from wifi interface
W/Wifi    ( 3847): Failed to read packet and byte counts from wifi interface
W/Wifi    ( 3847): Failed to read packet and byte counts from wifi interface
E/WifiStateMachine(  459): WifiStateMachine CMD_START_SCAN source -2 txSuccessRate=0.36 rxSuccessRate=3.08 targetRoamBSSID=88:15:44:ac:03:df RSSI=-66
W/Wifi    ( 3847): Failed to read packet and byte counts from wifi interface
W/Wifi    ( 3847): Failed to read packet and byte counts from wifi interface
W/Wifi    ( 3847): Failed to read packet and byte counts from wifi interface
W/Wifi    ( 3847): Failed to read packet and byte counts from wifi interface
W/Wifi    ( 3847): Failed to read packet and byte counts from wifi interface
W/Wifi    ( 3847): Failed to read packet and byte counts from wifi interface
W/Wifi    ( 3847): Failed to read packet and byte counts from wifi interface
W/Wifi    ( 3847): Failed to read packet and byte counts from wifi interface
W/Wifi    ( 3847): Failed to read packet and byte counts from wifi interface
W/Wifi    ( 3847): Failed to read packet and byte counts from wifi interface
W/Wifi    ( 3847): Failed to read packet and byte counts from wifi interface
W/Wifi    ( 3847): Failed to read packet and byte counts from wifi interface
W/Wifi    ( 3847): Failed to read packet and byte counts from wifi interface
W/Wifi    ( 3847): Failed to read packet and byte counts from wifi interface
W/Wifi    ( 3847): Failed to read packet and byte counts from wifi interface
W/Wifi    ( 3847): Failed to read packet and byte counts from wifi interface
W/Wifi    ( 3847): Failed to read packet and byte counts from wifi interface
W/Wifi    ( 3847): Failed to read packet and byte counts from wifi interface
W/Wifi    ( 3847): Failed to read packet and byte counts from wifi interface
W/Wifi    ( 3847): Failed to read packet and byte counts from wifi interface
E/WifiStateMachine(  459): WifiStateMachine CMD_START_SCAN source -2 txSuccessRate=0.41 rxSuccessRate=2.22 targetRoamBSSID=88:15:44:ac:03:df RSSI=-65
W/Wifi    ( 3847): Failed to read packet and byte counts from wifi interface
W/ctxmgr  ( 1049): [AclManager]No 2 for (accnt=account#-517948760#, com.google.android.gms(10008):IndoorOutdoorProducer, vrsn=12685000, 0, 3pPkg = null ,  3pMdlId = null ,  pid = 1049). Was: 3 for 57, account#-517948760#
W/Wifi    ( 3847): Failed to read packet and byte counts from wifi interface
W/GAv4-SVC( 1010): Network compressed POST connection error: java.net.ConnectException: failed to connect to ssl.google-analytics.com/172.217.17.104 (port 443) after 60000ms: isConnected failed: EHOSTUNREACH (No route to host)
W/Wifi    ( 3847): Failed to read packet and byte counts from wifi interface
W/Wifi    ( 3847): Failed to read packet and byte counts from wifi interface
E/GoogleConversionReporter( 7664): Error sending ping
E/GoogleConversionReporter( 7664): java.net.ConnectException: failed to connect to www.googleadservices.com/216.58.211.98 (port 443) after 60000ms: isConnected failed: EHOSTUNREACH (No route to host)
E/GoogleConversionReporter( 7664): 	at libcore.io.IoBridge.isConnected(IoBridge.java:238)
E/GoogleConversionReporter( 7664): 	at libcore.io.IoBridge.connectErrno(IoBridge.java:171)
E/GoogleConversionReporter( 7664): 	at libcore.io.IoBridge.connect(IoBridge.java:122)
E/GoogleConversionReporter( 7664): 	at java.net.PlainSocketImpl.connect(PlainSocketImpl.java:183)
E/GoogleConversionReporter( 7664): 	at java.net.PlainSocketImpl.connect(PlainSocketImpl.java:456)
E/GoogleConversionReporter( 7664): 	at java.net.Socket.connect(Socket.java:882)
E/GoogleConversionReporter( 7664): 	at com.android.okhttp.internal.Platform.connectSocket(Platform.java:174)
E/GoogleConversionReporter( 7664): 	at com.android.okhttp.Connection.connect(Connection.java:152)
E/GoogleConversionReporter( 7664): 	at com.android.okhttp.internal.http.HttpEngine.connect(HttpEngine.java:276)
E/GoogleConversionReporter( 7664): 	at com.android.okhttp.internal.http.HttpEngine.sendRequest(HttpEngine.java:211)
E/GoogleConversionReporter( 7664): 	at com.android.okhttp.internal.http.HttpURLConnectionImpl.execute(HttpURLConnectionImpl.java:382)
E/GoogleConversionReporter( 7664): 	at com.android.okhttp.internal.http.HttpURLConnectionImpl.getResponse(HttpURLConnectionImpl.java:332)
E/GoogleConversionReporter( 7664): 	at com.android.okhttp.internal.http.HttpURLConnectionImpl.getResponseCode(HttpURLConnectionImpl.java:500)
E/GoogleConversionReporter( 7664): 	at com.android.okhttp.internal.http.DelegatingHttpsURLConnection.getResponseCode(DelegatingHttpsURLConnection.java:105)
E/GoogleConversionReporter( 7664): 	at com.android.okhttp.internal.http.HttpsURLConnectionImpl.getResponseCode(HttpsURLConnectionImpl.java:25)
E/GoogleConversionReporter( 7664): 	at btl.a(SourceFile:30)
E/GoogleConversionReporter( 7664): 	at bto.run(SourceFile:31)
E/GoogleConversionReporter( 7664): 	at java.lang.Thread.run(Thread.java:818)
E/GoogleConversionReporter( 7664): Caused by: android.system.ErrnoException: isConnected failed: EHOSTUNREACH (No route to host)
E/GoogleConversionReporter( 7664): 	at libcore.io.IoBridge.isConnected(IoBridge.java:223)
E/GoogleConversionReporter( 7664): 	... 17 more
W/Wifi    ( 3847): Failed to read packet and byte counts from wifi interface
W/Wifi    ( 3847): Failed to read packet and byte counts from wifi interface
W/Wifi    ( 3847): Failed to read packet and byte counts from wifi interface
W/Wifi    ( 3847): Failed to read packet and byte counts from wifi interface
W/Wifi    ( 3847): Failed to read packet and byte counts from wifi interface
W/Wifi    ( 3847): Failed to read packet and byte counts from wifi interface
W/Wifi    ( 3847): Failed to read packet and byte counts from wifi interface
W/Wifi    ( 3847): Failed to read packet and byte counts from wifi interface
W/Wifi    ( 3847): Failed to read packet and byte counts from wifi interface
W/Wifi    ( 3847): Failed to read packet and byte counts from wifi interface
W/Wifi    ( 3847): Failed to read packet and byte counts from wifi interface
W/Wifi    ( 3847): Failed to read packet and byte counts from wifi interface
W/Wifi    ( 3847): Failed to read packet and byte counts from wifi interface
W/Wifi    ( 3847): Failed to read packet and byte counts from wifi interface
W/Wifi    ( 3847): Failed to read packet and byte counts from wifi interface
W/Wifi    ( 3847): Failed to read packet and byte counts from wifi interface
E/WifiStateMachine(  459): WifiStateMachine CMD_START_SCAN source -2 txSuccessRate=0.91 rxSuccessRate=3.98 targetRoamBSSID=88:15:44:ac:03:df RSSI=-63
W/Wifi    ( 3847): Failed to read packet and byte counts from wifi interface
W/Wifi    ( 3847): Failed to read packet and byte counts from wifi interface
W/Wifi    ( 3847): Failed to read packet and byte counts from wifi interface
W/Wifi    ( 3847): Failed to read packet and byte counts from wifi interface
W/Wifi    ( 3847): Failed to read packet and byte counts from wifi interface
W/Wifi    ( 3847): Failed to read packet and byte counts from wifi interface
W/Wifi    ( 3847): Failed to read packet and byte counts from wifi interface
W/Wifi    ( 3847): Failed to read packet and byte counts from wifi interface
W/Wifi    ( 3847): Failed to read packet and byte counts from wifi interface
W/Wifi    ( 3847): Failed to read packet and byte counts from wifi interface
W/Wifi    ( 3847): Failed to read packet and byte counts from wifi interface
W/Wifi    ( 3847): Failed to read packet and byte counts from wifi interface
W/Wifi    ( 3847): Failed to read packet and byte counts from wifi interface
W/Wifi    ( 3847): Failed to read packet and byte counts from wifi interface
W/Wifi    ( 3847): Failed to read packet and byte counts from wifi interface
W/Wifi    ( 3847): Failed to read packet and byte counts from wifi interface
W/Wifi    ( 3847): Failed to read packet and byte counts from wifi interface
W/Wifi    ( 3847): Failed to read packet and byte counts from wifi interface
W/Wifi    ( 3847): Failed to read packet and byte counts from wifi interface
W/Wifi    ( 3847): Failed to read packet and byte counts from wifi interface
E/WifiStateMachine(  459): WifiStateMachine CMD_START_SCAN source -2 txSuccessRate=0.64 rxSuccessRate=6.04 targetRoamBSSID=88:15:44:ac:03:df RSSI=-65
W/Wifi    ( 3847): Failed to read packet and byte counts from wifi interface
W/Wifi    ( 3847): Failed to read packet and byte counts from wifi interface
W/Wifi    ( 3847): Failed to read packet and byte counts from wifi interface
W/Wifi    ( 3847): Failed to read packet and byte counts from wifi interface
W/Wifi    ( 3847): Failed to read packet and byte counts from wifi interface
I/vgn     ( 1049): 35-GetDeviceDataUploadOptInStatusOperation -- metadata{ service_id: 0 }
I/vgn     ( 1049): 35-GetDeviceDataUploadOptInStatusOperation -- metadata{ service_id: 0 }
W/Wifi    ( 3847): Failed to read packet and byte counts from wifi interface
W/Wifi    ( 3847): Failed to read packet and byte counts from wifi interface
W/Wifi    ( 3847): Failed to read packet and byte counts from wifi interface
W/Wifi    ( 3847): Failed to read packet and byte counts from wifi interface
W/Wifi    ( 3847): Failed to read packet and byte counts from wifi interface
W/Wifi    ( 3847): Failed to read packet and byte counts from wifi interface
W/Wifi    ( 3847): Failed to read packet and byte counts from wifi interface
D/ConnectivityService(  459): updateNetworkScore for NetworkAgentInfo [WIFI () - 100] to 60
D/ConnectivityService(  459): rematching NetworkAgentInfo [WIFI () - 100]
D/ConnectivityService(  459): Network NetworkAgentInfo [WIFI () - 100] was already satisfying request 1. No change.
D/ConnectivityService(  459): notifyType AVAILABLE for NetworkAgentInfo [WIFI () - 100]
D/ConnectivityManager.CallbackHandler( 1010): CM callback handler got msg 524290
D/ConnectivityManager.CallbackHandler( 1089): CM callback handler got msg 524290
D/ConnectivityManager.CallbackHandler(  663): CM callback handler got msg 524290
D/ConnectivityManager.CallbackHandler( 4595): CM callback handler got msg 524290
D/ConnectivityManager.CallbackHandler( 7664): CM callback handler got msg 524290
D/ConnectivityManager.CallbackHandler( 7641): CM callback handler got msg 524290
W/Wifi    ( 3847): Failed to read packet and byte counts from wifi interface
W/Wifi    ( 3847): Failed to read packet and byte counts from wifi interface
W/Wifi    ( 3847): Failed to read packet and byte counts from wifi interface
D/ConnectivityService(  459): updateNetworkScore for NetworkAgentInfo [WIFI () - 100] to 56
D/ConnectivityService(  459): rematching NetworkAgentInfo [WIFI () - 100]
D/ConnectivityService(  459): Network NetworkAgentInfo [WIFI () - 100] was already satisfying request 1. No change.
D/ConnectivityService(  459): notifyType AVAILABLE for NetworkAgentInfo [WIFI () - 100]
D/ConnectivityManager.CallbackHandler(  663): CM callback handler got msg 524290
D/ConnectivityManager.CallbackHandler( 1089): CM callback handler got msg 524290
D/ConnectivityManager.CallbackHandler( 4595): CM callback handler got msg 524290
D/ConnectivityManager.CallbackHandler( 1010): CM callback handler got msg 524290
D/ConnectivityManager.CallbackHandler( 7641): CM callback handler got msg 524290
D/ConnectivityManager.CallbackHandler( 7664): CM callback handler got msg 524290
W/Wifi    ( 3847): Failed to read packet and byte counts from wifi interface
W/Wifi    ( 3847): Failed to read packet and byte counts from wifi interface
W/Wifi    ( 3847): Failed to read packet and byte counts from wifi interface
W/Wifi    ( 3847): Failed to read packet and byte counts from wifi interface
W/Wifi    ( 3847): Failed to read packet and byte counts from wifi interface
E/WifiStateMachine(  459): WifiStateMachine CMD_START_SCAN source -2 txSuccessRate=2.56 rxSuccessRate=4.73 targetRoamBSSID=88:15:44:ac:03:df RSSI=-66
W/Wifi    ( 3847): Failed to read packet and byte counts from wifi interface
W/Wifi    ( 3847): Failed to read packet and byte counts from wifi interface
W/Wifi    ( 3847): Failed to read packet and byte counts from wifi interface
W/Wifi    ( 3847): Failed to read packet and byte counts from wifi interface
E/GoogleConversionReporter( 7664): Error sending ping
E/GoogleConversionReporter( 7664): java.net.ConnectException: failed to connect to www.googleadservices.com/216.58.211.98 (port 443) after 60000ms: isConnected failed: EHOSTUNREACH (No route to host)
E/GoogleConversionReporter( 7664): 	at libcore.io.IoBridge.isConnected(IoBridge.java:238)
E/GoogleConversionReporter( 7664): 	at libcore.io.IoBridge.connectErrno(IoBridge.java:171)
E/GoogleConversionReporter( 7664): 	at libcore.io.IoBridge.connect(IoBridge.java:122)
E/GoogleConversionReporter( 7664): 	at java.net.PlainSocketImpl.connect(PlainSocketImpl.java:183)
E/GoogleConversionReporter( 7664): 	at java.net.PlainSocketImpl.connect(PlainSocketImpl.java:456)
E/GoogleConversionReporter( 7664): 	at java.net.Socket.connect(Socket.java:882)
E/GoogleConversionReporter( 7664): 	at com.android.okhttp.internal.Platform.connectSocket(Platform.java:174)
E/GoogleConversionReporter( 7664): 	at com.android.okhttp.Connection.connect(Connection.java:152)
E/GoogleConversionReporter( 7664): 	at com.android.okhttp.internal.http.HttpEngine.connect(HttpEngine.java:276)
E/GoogleConversionReporter( 7664): 	at com.android.okhttp.internal.http.HttpEngine.sendRequest(HttpEngine.java:211)
E/GoogleConversionReporter( 7664): 	at com.android.okhttp.internal.http.HttpURLConnectionImpl.execute(HttpURLConnectionImpl.java:382)
E/GoogleConversionReporter( 7664): 	at com.android.okhttp.internal.http.HttpURLConnectionImpl.getResponse(HttpURLConnectionImpl.java:332)
E/GoogleConversionReporter( 7664): 	at com.android.okhttp.internal.http.HttpURLConnectionImpl.getResponseCode(HttpURLConnectionImpl.java:500)
E/GoogleConversionReporter( 7664): 	at com.android.okhttp.internal.http.DelegatingHttpsURLConnection.getResponseCode(DelegatingHttpsURLConnection.java:105)
E/GoogleConversionReporter( 7664): 	at com.android.okhttp.internal.http.HttpsURLConnectionImpl.getResponseCode(HttpsURLConnectionImpl.java:25)
E/GoogleConversionReporter( 7664): 	at btl.a(SourceFile:30)
E/GoogleConversionReporter( 7664): 	at bto.run(SourceFile:31)
E/GoogleConversionReporter( 7664): 	at java.lang.Thread.run(Thread.java:818)
E/GoogleConversionReporter( 7664): Caused by: android.system.ErrnoException: isConnected failed: EHOSTUNREACH (No route to host)
E/GoogleConversionReporter( 7664): 	at libcore.io.IoBridge.isConnected(IoBridge.java:223)
E/GoogleConversionReporter( 7664): 	... 17 more
W/Wifi    ( 3847): Failed to read packet and byte counts from wifi interface
W/Wifi    ( 3847): Failed to read packet and byte counts from wifi interface
W/Wifi    ( 3847): Failed to read packet and byte counts from wifi interface
W/Wifi    ( 3847): Failed to read packet and byte counts from wifi interface
W/Wifi    ( 3847): Failed to read packet and byte counts from wifi interface
W/Wifi    ( 3847): Failed to read packet and byte counts from wifi interface
W/Wifi    ( 3847): Failed to read packet and byte counts from wifi interface
W/Wifi    ( 3847): Failed to read packet and byte counts from wifi interface
W/Wifi    ( 3847): Failed to read packet and byte counts from wifi interface
W/Wifi    ( 3847): Failed to read packet and byte counts from wifi interface
W/Wifi    ( 3847): Failed to read packet and byte counts from wifi interface
W/Wifi    ( 3847): Failed to read packet and byte counts from wifi interface
W/Wifi    ( 3847): Failed to read packet and byte counts from wifi interface
W/Wifi    ( 3847): Failed to read packet and byte counts from wifi interface
W/Wifi    ( 3847): Failed to read packet and byte counts from wifi interface
W/Wifi    ( 3847): Failed to read packet and byte counts from wifi interface
E/WifiStateMachine(  459): WifiStateMachine CMD_START_SCAN source -2 txSuccessRate=1.16 rxSuccessRate=3.53 targetRoamBSSID=88:15:44:ac:03:df RSSI=-62
W/Wifi    ( 3847): Failed to read packet and byte counts from wifi interface
W/Wifi    ( 3847): Failed to read packet and byte counts from wifi interface
W/Wifi    ( 3847): Failed to read packet and byte counts from wifi interface
W/Wifi    ( 3847): Failed to read packet and byte counts from wifi interface
W/Wifi    ( 3847): Failed to read packet and byte counts from wifi interface
W/Wifi    ( 3847): Failed to read packet and byte counts from wifi interface
I/PlayCommon( 4595): [113] com.google.android.play.b.g.f(543): Preparing logs for uploading
I/PlayCommon( 4595): [113] com.google.android.play.b.x.a(45): Connecting to server for timestamp: https://play.googleapis.com/play/log/timestamp
E/PlayCommon( 4595): [113] com.google.android.play.b.x.a(63): Failed to connect to server for server timestamp: java.net.ConnectException: failed to connect to play.googleapis.com/216.58.212.138 (port 443) after 40000ms: isConnected failed: EHOSTUNREACH (No route to host)
I/PlayCommon( 4595): [113] com.google.android.play.b.g.a(792): Connecting to server: https://play.googleapis.com/play/log?format=raw&proto_v2=true
E/PlayCommon( 4595): [113] com.google.android.play.b.g.a(841): Failed to connect to server: java.net.ConnectException: failed to connect to play.googleapis.com/216.58.212.138 (port 443) after 40000ms: isConnected failed: EHOSTUNREACH (No route to host)
W/Wifi    ( 3847): Failed to read packet and byte counts from wifi interface
W/Wifi    ( 3847): Failed to read packet and byte counts from wifi interface
D/ConnectivityService(  459): updateNetworkScore for NetworkAgentInfo [WIFI () - 100] to 60
D/ConnectivityService(  459): rematching NetworkAgentInfo [WIFI () - 100]
D/ConnectivityService(  459): Network NetworkAgentInfo [WIFI () - 100] was already satisfying request 1. No change.
D/ConnectivityService(  459): notifyType AVAILABLE for NetworkAgentInfo [WIFI () - 100]
D/ConnectivityManager.CallbackHandler(  663): CM callback handler got msg 524290
D/ConnectivityManager.CallbackHandler( 1089): CM callback handler got msg 524290
D/ConnectivityManager.CallbackHandler( 1010): CM callback handler got msg 524290
D/ConnectivityManager.CallbackHandler( 4595): CM callback handler got msg 524290
D/ConnectivityManager.CallbackHandler( 7664): CM callback handler got msg 524290
D/ConnectivityManager.CallbackHandler( 7641): CM callback handler got msg 524290
W/Wifi    ( 3847): Failed to read packet and byte counts from wifi interface
W/Wifi    ( 3847): Failed to read packet and byte counts from wifi interface
W/Wifi    ( 3847): Failed to read packet and byte counts from wifi interface
W/Wifi    ( 3847): Failed to read packet and byte counts from wifi interface
W/Wifi    ( 3847): Failed to read packet and byte counts from wifi interface
W/Wifi    ( 3847): Failed to read packet and byte counts from wifi interface
D/ConnectivityService(  459): updateNetworkScore for NetworkAgentInfo [WIFI () - 100] to 56
D/ConnectivityService(  459): rematching NetworkAgentInfo [WIFI () - 100]
D/ConnectivityService(  459): Network NetworkAgentInfo [WIFI () - 100] was already satisfying request 1. No change.
D/ConnectivityService(  459): notifyType AVAILABLE for NetworkAgentInfo [WIFI () - 100]
D/ConnectivityManager.CallbackHandler( 1010): CM callback handler got msg 524290
D/ConnectivityManager.CallbackHandler(  663): CM callback handler got msg 524290
D/ConnectivityManager.CallbackHandler( 1089): CM callback handler got msg 524290
D/ConnectivityManager.CallbackHandler( 7664): CM callback handler got msg 524290
D/ConnectivityManager.CallbackHandler( 4595): CM callback handler got msg 524290
D/ConnectivityManager.CallbackHandler( 7641): CM callback handler got msg 524290
W/Wifi    ( 3847): Failed to read packet and byte counts from wifi interface
W/Wifi    ( 3847): Failed to read packet and byte counts from wifi interface
W/Wifi    ( 3847): Failed to read packet and byte counts from wifi interface
W/Wifi    ( 3847): Failed to read packet and byte counts from wifi interface
W/Wifi    ( 3847): Failed to read packet and byte counts from wifi interface
W/Wifi    ( 3847): Failed to read packet and byte counts from wifi interface
E/WifiStateMachine(  459): WifiStateMachine CMD_START_SCAN source -2 txSuccessRate=0.98 rxSuccessRate=2.40 targetRoamBSSID=88:15:44:ac:03:df RSSI=-62
W/Wifi    ( 3847): Failed to read packet and byte counts from wifi interface
E/PlayCommon( 5394): [163] czc.a: Failed to connect to server for server timestamp: java.net.ConnectException: failed to connect to play.googleapis.com/216.58.212.138 (port 443) after 10000ms: isConnected failed: EHOSTUNREACH (No route to host)
W/PlayCommon( 5394): [163] czc.c: No account for auth token provided
E/PlayCommon( 5394): [163] czc.a: Failed to connect to server: java.net.ConnectException: failed to connect to play.googleapis.com/216.58.212.138 (port 443) after 10000ms: isConnected failed: EHOSTUNREACH (No route to host)
W/Wifi    ( 3847): Failed to read packet and byte counts from wifi interface
W/Wifi    ( 3847): Failed to read packet and byte counts from wifi interface
D/ConnectivityService(  459): updateNetworkScore for NetworkAgentInfo [WIFI () - 100] to 60
D/ConnectivityService(  459): rematching NetworkAgentInfo [WIFI () - 100]
D/ConnectivityService(  459): Network NetworkAgentInfo [WIFI () - 100] was already satisfying request 1. No change.
D/ConnectivityService(  459): notifyType AVAILABLE for NetworkAgentInfo [WIFI () - 100]
D/ConnectivityManager.CallbackHandler(  663): CM callback handler got msg 524290
D/ConnectivityManager.CallbackHandler( 1089): CM callback handler got msg 524290
D/ConnectivityManager.CallbackHandler( 1010): CM callback handler got msg 524290
D/ConnectivityManager.CallbackHandler( 4595): CM callback handler got msg 524290
D/ConnectivityManager.CallbackHandler( 7664): CM callback handler got msg 524290
D/ConnectivityManager.CallbackHandler( 7641): CM callback handler got msg 524290
W/Wifi    ( 3847): Failed to read packet and byte counts from wifi interface
W/Wifi    ( 3847): Failed to read packet and byte counts from wifi interface
I/vgn     ( 1049): 35-GetDeviceDataUploadOptInStatusOperation -- metadata{ service_id: 0 }
I/vgn     ( 1049): 35-GetDeviceDataUploadOptInStatusOperation -- metadata{ service_id: 0 }
W/Wifi    ( 3847): Failed to read packet and byte counts from wifi interface
W/Wifi    ( 3847): Failed to read packet and byte counts from wifi interface
W/Wifi    ( 3847): Failed to read packet and byte counts from wifi interface
W/Wifi    ( 3847): Failed to read packet and byte counts from wifi interface
D/ConnectivityService(  459): updateNetworkScore for NetworkAgentInfo [WIFI () - 100] to 56
D/ConnectivityService(  459): rematching NetworkAgentInfo [WIFI () - 100]
D/ConnectivityService(  459): Network NetworkAgentInfo [WIFI () - 100] was already satisfying request 1. No change.
D/ConnectivityService(  459): notifyType AVAILABLE for NetworkAgentInfo [WIFI () - 100]
D/ConnectivityManager.CallbackHandler(  663): CM callback handler got msg 524290
D/ConnectivityManager.CallbackHandler( 1010): CM callback handler got msg 524290
D/ConnectivityManager.CallbackHandler( 1089): CM callback handler got msg 524290
D/ConnectivityManager.CallbackHandler( 4595): CM callback handler got msg 524290
D/ConnectivityManager.CallbackHandler( 7664): CM callback handler got msg 524290
D/ConnectivityManager.CallbackHandler( 7641): CM callback handler got msg 524290
W/Wifi    ( 3847): Failed to read packet and byte counts from wifi interface
W/Wifi    ( 3847): Failed to read packet and byte counts from wifi interface
W/Wifi    ( 3847): Failed to read packet and byte counts from wifi interface
W/Wifi    ( 3847): Failed to read packet and byte counts from wifi interface
W/Wifi    ( 3847): Failed to read packet and byte counts from wifi interface
W/Wifi    ( 3847): Failed to read packet and byte counts from wifi interface
W/Wifi    ( 3847): Failed to read packet and byte counts from wifi interface
W/Wifi    ( 3847): Failed to read packet and byte counts from wifi interface
W/Wifi    ( 3847): Failed to read packet and byte counts from wifi interface
I/DeviceStateChecker( 1089): screenOn: true, isCharging: true
W/Wifi    ( 3847): Failed to read packet and byte counts from wifi interface
W/Wifi    ( 3847): Failed to read packet and byte counts from wifi interface
E/WifiStateMachine(  459): WifiStateMachine CMD_START_SCAN source -2 txSuccessRate=1.27 rxSuccessRate=5.13 targetRoamBSSID=88:15:44:ac:03:df RSSI=-62
W/Wifi    ( 3847): Failed to read packet and byte counts from wifi interface
W/Wifi    ( 3847): Failed to read packet and byte counts from wifi interface
