E/GoogleConversionReporter( 7664): 	at java.net.PlainSocketImpl.connect(PlainSocketImpl.java:183)
E/GoogleConversionReporter( 7664): 	at java.net.PlainSocketImpl.connect(PlainSocketImpl.java:456)
E/GoogleConversionReporter( 7664): 	at java.net.Socket.connect(Socket.java:882)
E/GoogleConversionReporter( 7664): 	at com.android.okhttp.internal.Platform.connectSocket(Platform.java:174)
E/GoogleConversionReporter( 7664): 	at com.android.okhttp.Connection.connect(Connection.java:152)
E/GoogleConversionReporter( 7664): 	at com.android.okhttp.internal.http.HttpEngine.connect(HttpEngine.java:276)
E/GoogleConversionReporter( 7664): 	at com.android.okhttp.internal.http.HttpEngine.sendRequest(HttpEngine.java:211)
E/GoogleConversionReporter( 7664): 	at com.android.okhttp.internal.http.HttpURLConnectionImpl.execute(HttpURLConnectionImpl.java:382)
E/GoogleConversionReporter( 7664): 	at com.android.okhttp.internal.http.HttpURLConnectionImpl.getResponse(HttpURLConnectionImpl.java:332)
E/GoogleConversionReporter( 7664): 	at com.android.okhttp.internal.http.HttpURLConnectionImpl.getResponseCode(HttpURLConnectionImpl.java:500)
E/GoogleConversionReporter( 7664): 	at com.android.okhttp.internal.http.DelegatingHttpsURLConnection.getResponseCode(DelegatingHttpsURLConnection.java:105)
E/GoogleConversionReporter( 7664): 	at com.android.okhttp.internal.http.HttpsURLConnectionImpl.getResponseCode(HttpsURLConnectionImpl.java:25)
E/GoogleConversionReporter( 7664): 	at btl.a(SourceFile:30)
E/GoogleConversionReporter( 7664): 	at bto.run(SourceFile:31)
E/GoogleConversionReporter( 7664): 	at java.lang.Thread.run(Thread.java:818)
E/GoogleConversionReporter( 7664): Caused by: android.system.ErrnoException: isConnected failed: EHOSTUNREACH (No route to host)
E/GoogleConversionReporter( 7664): 	at libcore.io.IoBridge.isConnected(IoBridge.java:223)
E/GoogleConversionReporter( 7664): 	... 17 more
W/Wifi    ( 3847): Failed to read packet and byte counts from wifi interface
W/Wifi    ( 3847): Failed to read packet and byte counts from wifi interface
W/Wifi    ( 3847): Failed to read packet and byte counts from wifi interface
W/Wifi    ( 3847): Failed to read packet and byte counts from wifi interface
W/Wifi    ( 3847): Failed to read packet and byte counts from wifi interface
W/Wifi    ( 3847): Failed to read packet and byte counts from wifi interface
W/Wifi    ( 3847): Failed to read packet and byte counts from wifi interface
W/Wifi    ( 3847): Failed to read packet and byte counts from wifi interface
W/Wifi    ( 3847): Failed to read packet and byte counts from wifi interface
W/Wifi    ( 3847): Failed to read packet and byte counts from wifi interface
W/Wifi    ( 3847): Failed to read packet and byte counts from wifi interface
W/Wifi    ( 3847): Failed to read packet and byte counts from wifi interface
W/Wifi    ( 3847): Failed to read packet and byte counts from wifi interface
W/Wifi    ( 3847): Failed to read packet and byte counts from wifi interface
W/Wifi    ( 3847): Failed to read packet and byte counts from wifi interface
W/Wifi    ( 3847): Failed to read packet and byte counts from wifi interface
E/WifiStateMachine(  459): WifiStateMachine CMD_START_SCAN source -2 txSuccessRate=0.61 rxSuccessRate=1.92 targetRoamBSSID=88:15:44:ac:03:df RSSI=-56
W/Wifi    ( 3847): Failed to read packet and byte counts from wifi interface
W/Wifi    ( 3847): Failed to read packet and byte counts from wifi interface
W/Wifi    ( 3847): Failed to read packet and byte counts from wifi interface
W/Wifi    ( 3847): Failed to read packet and byte counts from wifi interface
W/Wifi    ( 3847): Failed to read packet and byte counts from wifi interface
W/Wifi    ( 3847): Failed to read packet and byte counts from wifi interface
W/Wifi    ( 3847): Failed to read packet and byte counts from wifi interface
W/Wifi    ( 3847): Failed to read packet and byte counts from wifi interface
W/Wifi    ( 3847): Failed to read packet and byte counts from wifi interface
W/Wifi    ( 3847): Failed to read packet and byte counts from wifi interface
W/Wifi    ( 3847): Failed to read packet and byte counts from wifi interface
W/Wifi    ( 3847): Failed to read packet and byte counts from wifi interface
I/DeviceStateChecker( 1089): screenOn: true, isCharging: true
I/vgn     ( 1049): 35-GetDeviceDataUploadOptInStatusOperation -- metadata{ service_id: 0 }
I/vgn     ( 1049): 35-GetDeviceDataUploadOptInStatusOperation -- metadata{ service_id: 0 }
W/Wifi    ( 3847): Failed to read packet and byte counts from wifi interface
I/Auth    ( 1049): [ReflectiveChannelBinder] Successfully bound channel!
E/Auth    ( 1049): [GoogleAccountDataServiceImpl] getToken() -> NETWORK_ERROR. Account: <ELLIDED:-421322798>, App: com.google.android.apps.gcs, Service: oauth2:https://www.googleapis.com/auth/nova
E/Auth    ( 1049): gai: Error when calling server.
E/Auth    ( 1049): 	at gaj.b(:com.google.android.gms@12685011@12.6.85 (020406-197041431):157)
E/Auth    ( 1049): 	at gaj.a(:com.google.android.gms@12685011@12.6.85 (020406-197041431):50)
E/Auth    ( 1049): 	at fyt.a(:com.google.android.gms@12685011@12.6.85 (020406-197041431):38)
E/Auth    ( 1049): 	at hpk.a(:com.google.android.gms@12685011@12.6.85 (020406-197041431):8)
E/Auth    ( 1049): 	at hpk.a(:com.google.android.gms@12685011@12.6.85 (020406-197041431):189)
E/Auth    ( 1049): 	at hok.a(:com.google.android.gms@12685011@12.6.85 (020406-197041431):2)
E/Auth    ( 1049): 	at hoh.a(:com.google.android.gms@12685011@12.6.85 (020406-197041431):17)
E/Auth    ( 1049): 	at hoh.a(:com.google.android.gms@12685011@12.6.85 (020406-197041431):6)
E/Auth    ( 1049): 	at cyz.a(:com.google.android.gms@12685011@12.6.85 (020406-197041431):25)
E/Auth    ( 1049): 	at cyz.a(:com.google.android.gms@12685011@12.6.85 (020406-197041431):82)
E/Auth    ( 1049): 	at cyz.onTransact(:com.google.android.gms@12685011@12.6.85 (020406-197041431):8)
E/Auth    ( 1049): 	at android.os.Binder.transact(Binder.java:380)
E/Auth    ( 1049): 	at dbf.onTransact(:com.google.android.gms@12685011@12.6.85 (020406-197041431):3)
E/Auth    ( 1049): 	at android.os.Binder.execTransact(Binder.java:446)
E/Auth    ( 1049): Caused by: java.net.ConnectException: failed to connect to android.clients.google.com/172.217.20.78 (port 443) after 30000ms: isConnected failed: EHOSTUNREACH (No route to host)
E/Auth    ( 1049): 	at libcore.io.IoBridge.isConnected(IoBridge.java:238)
E/Auth    ( 1049): 	at libcore.io.IoBridge.connectErrno(IoBridge.java:171)
E/Auth    ( 1049): 	at libcore.io.IoBridge.connect(IoBridge.java:122)
E/Auth    ( 1049): 	at java.net.PlainSocketImpl.connect(PlainSocketImpl.java:183)
E/Auth    ( 1049): 	at java.net.PlainSocketImpl.connect(PlainSocketImpl.java:456)
E/Auth    ( 1049): 	at java.net.Socket.connect(Socket.java:882)
E/Auth    ( 1049): 	at com.android.okhttp.internal.Platform.connectSocket(Platform.java:174)
E/Auth    ( 1049): 	at com.android.okhttp.Connection.connect(Connection.java:152)
E/Auth    ( 1049): 	at com.android.okhttp.internal.http.HttpEngine.connect(HttpEngine.java:276)
E/Auth    ( 1049): 	at com.android.okhttp.internal.http.HttpEngine.sendRequest(HttpEngine.java:211)
E/Auth    ( 1049): 	at com.android.okhttp.internal.http.HttpURLConnectionImpl.execute(HttpURLConnectionImpl.java:382)
E/Auth    ( 1049): 	at com.android.okhttp.internal.http.HttpURLConnectionImpl.connect(HttpURLConnectionImpl.java:106)
E/Auth    ( 1049): 	at com.android.okhttp.internal.http.HttpURLConnectionImpl.getOutputStream(HttpURLConnectionImpl.java:217)
E/Auth    ( 1049): 	at com.android.okhttp.internal.http.DelegatingHttpsURLConnection.getOutputStream(DelegatingHttpsURLConnection.java:218)
E/Auth    ( 1049): 	at com.android.okhttp.internal.http.HttpsURLConnectionImpl.getOutputStream(HttpsURLConnectionImpl.java:25)
E/Auth    ( 1049): 	at wvs.a(:com.google.android.gms@12685011@12.6.85 (020406-197041431):60)
E/Auth    ( 1049): 	at hxj.a(:com.google.android.gms@12685011@12.6.85 (020406-197041431))
E/Auth    ( 1049): 	at fzu.a(:com.google.android.gms@12685011@12.6.85 (020406-197041431):6)
E/Auth    ( 1049): 	at fzu.a(:com.google.android.gms@12685011@12.6.85 (020406-197041431):2)
E/Auth    ( 1049): 	at gaj.b(:com.google.android.gms@12685011@12.6.85 (020406-197041431):154)
E/Auth    ( 1049): 	... 13 more
E/Auth    ( 1049): Caused by: android.system.ErrnoException: isConnected failed: EHOSTUNREACH (No route to host)
E/Auth    ( 1049): 	at libcore.io.IoBridge.isConnected(IoBridge.java:223)
E/Auth    ( 1049): 	... 32 more
W/Auth    ( 1049): [GetToken] GetToken failed with status code: NetworkError
W/Stn.ScoreRefreshService( 5267): [471] b.a: Rescheduling.
W/Stn.ScoreRefreshService( 5267): java.util.concurrent.ExecutionException: com.a.a.a: NetworkError
W/Stn.ScoreRefreshService( 5267): 	at com.a.a.a.g.a(SourceFile:117)
W/Stn.ScoreRefreshService( 5267): 	at com.a.a.a.g.get(SourceFile:97)
W/Stn.ScoreRefreshService( 5267): 	at com.google.android.apps.gcs.steen.service.ScoreRefreshService.a(SourceFile:146)
W/Stn.ScoreRefreshService( 5267): 	at com.google.android.apps.gcs.steen.service.ScoreRefreshService.a(SourceFile:52)
W/Stn.ScoreRefreshService( 5267): 	at com.google.android.gms.gcm.b$b.run(Unknown Source)
W/Stn.ScoreRefreshService( 5267): 	at java.util.concurrent.ThreadPoolExecutor.runWorker(ThreadPoolExecutor.java:1112)
W/Stn.ScoreRefreshService( 5267): 	at java.util.concurrent.ThreadPoolExecutor$Worker.run(ThreadPoolExecutor.java:587)
W/Stn.ScoreRefreshService( 5267): 	at java.lang.Thread.run(Thread.java:818)
W/Stn.ScoreRefreshService( 5267): Caused by: com.a.a.a: NetworkError
W/Stn.ScoreRefreshService( 5267): 	at com.google.android.flib.a.a.a(SourceFile:173)
W/Stn.ScoreRefreshService( 5267): 	at com.a.a.a.d.a(SourceFile:79)
W/Stn.ScoreRefreshService( 5267): 	at com.a.a.a.a.a(SourceFile:97)
W/Stn.ScoreRefreshService( 5267): 	at com.a.a.h.run(SourceFile:112)
W/Stn.ScoreRefreshService( 5267): Caused by: java.io.IOException: NetworkError
W/Stn.ScoreRefreshService( 5267): 	at com.google.android.gms.auth.m.a(Unknown Source)
W/Stn.ScoreRefreshService( 5267): 	at com.google.android.gms.auth.f.a(Unknown Source)
W/Stn.ScoreRefreshService( 5267): 	at com.google.android.gms.auth.f.b(Unknown Source)
W/Stn.ScoreRefreshService( 5267): 	at com.google.android.gms.auth.e.a(Unknown Source)
W/Stn.ScoreRefreshService( 5267): 	at com.google.android.flib.a.a.a(SourceFile:3182)
W/Stn.ScoreRefreshService( 5267): 	... 3 more
I/Finsky  ( 4595): [105] com.google.android.finsky.contentfilterui.m.a(13): Received content filters request from sharedUserId=com.google.uid.shared:10008
E/Auth    ( 1049): [GoogleAccountDataServiceImpl] getToken() -> NETWORK_ERROR. Account: <ELLIDED:-421322798>, App: com.google.android.gms, Service: oauth2:https://www.googleapis.com/auth/playatoms
E/Auth    ( 1049): gai: Error when calling server.
E/Auth    ( 1049): 	at gaj.b(:com.google.android.gms@12685011@12.6.85 (020406-197041431):157)
E/Auth    ( 1049): 	at gaj.a(:com.google.android.gms@12685011@12.6.85 (020406-197041431):50)
E/Auth    ( 1049): 	at fyt.a(:com.google.android.gms@12685011@12.6.85 (020406-197041431):38)
E/Auth    ( 1049): 	at hpk.a(:com.google.android.gms@12685011@12.6.85 (020406-197041431):8)
E/Auth    ( 1049): 	at hpk.a(:com.google.android.gms@12685011@12.6.85 (020406-197041431):189)
E/Auth    ( 1049): 	at hok.a(:com.google.android.gms@12685011@12.6.85 (020406-197041431):2)
E/Auth    ( 1049): 	at hoh.a(:com.google.android.gms@12685011@12.6.85 (020406-197041431):17)
E/Auth    ( 1049): 	at hoh.a(:com.google.android.gms@12685011@12.6.85 (020406-197041431):6)
E/Auth    ( 1049): 	at cyz.a(:com.google.android.gms@12685011@12.6.85 (020406-197041431):25)
E/Auth    ( 1049): 	at cyz.a(:com.google.android.gms@12685011@12.6.85 (020406-197041431):82)
E/Auth    ( 1049): 	at fvp.a(:com.google.android.gms@12685011@12.6.85 (020406-197041431):6)
E/Auth    ( 1049): 	at fvo.a(:com.google.android.gms@12685011@12.6.85 (020406-197041431):2)
E/Auth    ( 1049): 	at fvo.e(:com.google.android.gms@12685011@12.6.85 (020406-197041431):6)
E/Auth    ( 1049): 	at fvn.a(:com.google.android.gms@12685011@12.6.85 (020406-197041431):1)
E/Auth    ( 1049): 	at fxk.getAuthToken(:com.google.android.gms@12685011@12.6.85 (020406-197041431):7)
E/Auth    ( 1049): 	at android.accounts.AbstractAccountAuthenticator$Transport.getAuthToken(AbstractAccountAuthenticator.java:196)
E/Auth    ( 1049): 	at android.accounts.IAccountAuthenticator$Stub.onTransact(IAccountAuthenticator.java:113)
E/Auth    ( 1049): 	at android.os.Binder.transact(Binder.java:380)
E/Auth    ( 1049): 	at dbf.onTransact(:com.google.android.gms@12685011@12.6.85 (020406-197041431):3)
E/Auth    ( 1049): 	at android.os.Binder.execTransact(Binder.java:446)
E/Auth    ( 1049): Caused by: java.net.ConnectException: failed to connect to android.clients.google.com/172.217.20.78 (port 443) after 30000ms: isConnected failed: EHOSTUNREACH (No route to host)
E/Auth    ( 1049): 	at libcore.io.IoBridge.isConnected(IoBridge.java:238)
E/Auth    ( 1049): 	at libcore.io.IoBridge.connectErrno(IoBridge.java:171)
E/Auth    ( 1049): 	at libcore.io.IoBridge.connect(IoBridge.java:122)
E/Auth    ( 1049): 	at java.net.PlainSocketImpl.connect(PlainSocketImpl.java:183)
E/Auth    ( 1049): 	at java.net.PlainSocketImpl.connect(PlainSocketImpl.java:456)
E/Auth    ( 1049): 	at java.net.Socket.connect(Socket.java:882)
E/Auth    ( 1049): 	at com.android.okhttp.internal.Platform.connectSocket(Platform.java:174)
E/Auth    ( 1049): 	at com.android.okhttp.Connection.connect(Connection.java:152)
E/Auth    ( 1049): 	at com.android.okhttp.internal.http.HttpEngine.connect(HttpEngine.java:276)
E/Auth    ( 1049): 	at com.android.okhttp.internal.http.HttpEngine.sendRequest(HttpEngine.java:211)
E/Auth    ( 1049): 	at com.android.okhttp.internal.http.HttpURLConnectionImpl.execute(HttpURLConnectionImpl.java:382)
E/Auth    ( 1049): 	at com.android.okhttp.internal.http.HttpURLConnectionImpl.connect(HttpURLConnectionImpl.java:106)
E/Auth    ( 1049): 	at com.android.okhttp.internal.http.HttpURLConnectionImpl.getOutputStream(HttpURLConnectionImpl.java:217)
E/Auth    ( 1049): 	at com.android.okhttp.internal.http.DelegatingHttpsURLConnection.getOutputStream(DelegatingHttpsURLConnection.java:218)
E/Auth    ( 1049): 	at com.android.okhttp.internal.http.HttpsURLConnectionImpl.getOutputStream(HttpsURLConnectionImpl.java:25)
E/Auth    ( 1049): 	at wvs.a(:com.google.android.gms@12685011@12.6.85 (020406-197041431):60)
E/Auth    ( 1049): 	at hxj.a(:com.google.android.gms@12685011@12.6.85 (020406-197041431))
E/Auth    ( 1049): 	at fzu.a(:com.google.android.gms@12685011@12.6.85 (020406-197041431):6)
E/Auth    ( 1049): 	at fzu.a(:com.google.android.gms@12685011@12.6.85 (020406-197041431):2)
E/Auth    ( 1049): 	at gaj.b(:com.google.android.gms@12685011@12.6.85 (020406-197041431):154)
E/Auth    ( 1049): 	... 19 more
E/Auth    ( 1049): Caused by: android.system.ErrnoException: isConnected failed: EHOSTUNREACH (No route to host)
E/Auth    ( 1049): 	at libcore.io.IoBridge.isConnected(IoBridge.java:223)
E/Auth    ( 1049): 	... 38 more
W/Auth    ( 1049): [GetToken] GetToken failed with status code: NetworkError
W/GLSActivity( 1049): java.io.IOException: NetworkError
W/GLSActivity( 1049): 	at fvp.a(:com.google.android.gms@12685011@12.6.85 (020406-197041431):13)
W/GLSActivity( 1049): 	at fvo.a(:com.google.android.gms@12685011@12.6.85 (020406-197041431):2)
W/GLSActivity( 1049): 	at fvo.e(:com.google.android.gms@12685011@12.6.85 (020406-197041431):6)
W/GLSActivity( 1049): 	at fvn.a(:com.google.android.gms@12685011@12.6.85 (020406-197041431):1)
W/GLSActivity( 1049): 	at fxk.getAuthToken(:com.google.android.gms@12685011@12.6.85 (020406-197041431):7)
W/GLSActivity( 1049): 	at android.accounts.AbstractAccountAuthenticator$Transport.getAuthToken(AbstractAccountAuthenticator.java:196)
W/GLSActivity( 1049): 	at android.accounts.IAccountAuthenticator$Stub.onTransact(IAccountAuthenticator.java:113)
W/GLSActivity( 1049): 	at android.os.Binder.transact(Binder.java:380)
W/GLSActivity( 1049): 	at dbf.onTransact(:com.google.android.gms@12685011@12.6.85 (020406-197041431):3)
W/GLSActivity( 1049): 	at android.os.Binder.execTransact(Binder.java:446)
E/InstantApps( 1049): getTokenWithNotification failed
E/InstantApps( 1049): java.io.IOException: NetworkError
E/InstantApps( 1049): 	at android.accounts.AccountManager.convertErrorToException(AccountManager.java:2009)
E/InstantApps( 1049): 	at android.accounts.AccountManager.access$400(AccountManager.java:144)
E/InstantApps( 1049): 	at android.accounts.AccountManager$AmsTask$Response.onError(AccountManager.java:1867)
E/InstantApps( 1049): 	at android.accounts.IAccountManagerResponse$Stub.onTransact(IAccountManagerResponse.java:69)
E/InstantApps( 1049): 	at android.os.Binder.execTransact(Binder.java:446)
E/InstantApps( 1049): DomainFilterImpl: Error while reading domain filter from WHAPI
E/InstantApps( 1049): java.util.concurrent.ExecutionException: bllj: UNAUTHENTICATED
E/InstantApps( 1049): 	at java.util.concurrent.FutureTask.report(FutureTask.java:93)
E/InstantApps( 1049): 	at java.util.concurrent.FutureTask.get(FutureTask.java:163)
E/InstantApps( 1049): 	at yhk.get(:com.google.android.gms@12685011@12.6.85 (020406-197041431):2)
E/InstantApps( 1049): 	at yns.a(:com.google.android.gms@12685011@12.6.85 (020406-197041431):7)
E/InstantApps( 1049): 	at yns.a(:com.google.android.gms@12685011@12.6.85 (020406-197041431):57)
E/InstantApps( 1049): 	at yns.a(:com.google.android.gms@12685011@12.6.85 (020406-197041431):175)
E/InstantApps( 1049): 	at ynp.a(:com.google.android.gms@12685011@12.6.85 (020406-197041431):1)
E/InstantApps( 1049): 	at com.google.android.gms.instantapps.routing.DomainFilterUpdateChimeraService.a(:com.google.android.gms@12685011@12.6.85 (020406-197041431):11)
E/InstantApps( 1049): 	at vqk.run(:com.google.android.gms@12685011@12.6.85 (020406-197041431):1)
E/InstantApps( 1049): 	at java.util.concurrent.ThreadPoolExecutor.runWorker(ThreadPoolExecutor.java:1112)
E/InstantApps( 1049): 	at java.util.concurrent.ThreadPoolExecutor$Worker.run(ThreadPoolExecutor.java:587)
E/InstantApps( 1049): 	at java.lang.Thread.run(Thread.java:818)
E/InstantApps( 1049): Caused by: bllj: UNAUTHENTICATED
E/InstantApps( 1049): 	at ygy.b(:com.google.android.gms@12685011@12.6.85 (020406-197041431):40)
E/InstantApps( 1049): 	at ygy.a(:com.google.android.gms@12685011@12.6.85 (020406-197041431))
E/InstantApps( 1049): 	at yhl.call(:com.google.android.gms@12685011@12.6.85 (020406-197041431):2)
E/InstantApps( 1049): 	at java.util.concurrent.FutureTask.run(FutureTask.java:237)
E/InstantApps( 1049): 	at ovl.run(:com.google.android.gms@12685011@12.6.85 (020406-197041431):27)
E/InstantApps( 1049): 	at java.util.concurrent.ThreadPoolExecutor.runWorker(ThreadPoolExecutor.java:1112)
E/InstantApps( 1049): 	at java.util.concurrent.ThreadPoolExecutor$Worker.run(ThreadPoolExecutor.java:587)
E/InstantApps( 1049): 	at pbm.run(:com.google.android.gms@12685011@12.6.85 (020406-197041431))
E/InstantApps( 1049): 	... 1 more
W/InstantApps( 1049): DomainFilterUpdateChimeraService: Retry later
E/Auth    ( 1049): [GoogleAccountDataServiceImpl] getToken() -> NETWORK_ERROR. Account: <ELLIDED:-421322798>, App: com.google.android.apps.gcs, Service: oauth2:https://www.googleapis.com/auth/nova
E/Auth    ( 1049): gai: Error when calling server.
E/Auth    ( 1049): 	at gaj.b(:com.google.android.gms@12685011@12.6.85 (020406-197041431):157)
E/Auth    ( 1049): 	at gaj.a(:com.google.android.gms@12685011@12.6.85 (020406-197041431):50)
E/Auth    ( 1049): 	at fyt.a(:com.google.android.gms@12685011@12.6.85 (020406-197041431):38)
E/Auth    ( 1049): 	at hpk.a(:com.google.android.gms@12685011@12.6.85 (020406-197041431):8)
E/Auth    ( 1049): 	at hpk.a(:com.google.android.gms@12685011@12.6.85 (020406-197041431):189)
E/Auth    ( 1049): 	at hok.a(:com.google.android.gms@12685011@12.6.85 (020406-197041431):2)
E/Auth    ( 1049): 	at hoh.a(:com.google.android.gms@12685011@12.6.85 (020406-197041431):17)
E/Auth    ( 1049): 	at hoh.a(:com.google.android.gms@12685011@12.6.85 (020406-197041431):6)
E/Auth    ( 1049): 	at cyz.a(:com.google.android.gms@12685011@12.6.85 (020406-197041431):25)
E/Auth    ( 1049): 	at cyz.a(:com.google.android.gms@12685011@12.6.85 (020406-197041431):82)
E/Auth    ( 1049): 	at cyz.onTransact(:com.google.android.gms@12685011@12.6.85 (020406-197041431):8)
E/Auth    ( 1049): 	at android.os.Binder.transact(Binder.java:380)
E/Auth    ( 1049): 	at dbf.onTransact(:com.google.android.gms@12685011@12.6.85 (020406-197041431):3)
E/Auth    ( 1049): 	at android.os.Binder.execTransact(Binder.java:446)
E/Auth    ( 1049): Caused by: java.net.ConnectException: failed to connect to android.clients.google.com/172.217.20.78 (port 443) after 30000ms: isConnected failed: EHOSTUNREACH (No route to host)
E/Auth    ( 1049): 	at libcore.io.IoBridge.isConnected(IoBridge.java:238)
E/Auth    ( 1049): 	at libcore.io.IoBridge.connectErrno(IoBridge.java:171)
E/Auth    ( 1049): 	at libcore.io.IoBridge.connect(IoBridge.java:122)
E/Auth    ( 1049): 	at java.net.PlainSocketImpl.connect(PlainSocketImpl.java:183)
E/Auth    ( 1049): 	at java.net.PlainSocketImpl.connect(PlainSocketImpl.java:456)
E/Auth    ( 1049): 	at java.net.Socket.connect(Socket.java:882)
E/Auth    ( 1049): 	at com.android.okhttp.internal.Platform.connectSocket(Platform.java:174)
E/Auth    ( 1049): 	at com.android.okhttp.Connection.connect(Connection.java:152)
E/Auth    ( 1049): 	at com.android.okhttp.internal.http.HttpEngine.connect(HttpEngine.java:276)
E/Auth    ( 1049): 	at com.android.okhttp.internal.http.HttpEngine.sendRequest(HttpEngine.java:211)
E/Auth    ( 1049): 	at com.android.okhttp.internal.http.HttpURLConnectionImpl.execute(HttpURLConnectionImpl.java:382)
E/Auth    ( 1049): 	at com.android.okhttp.internal.http.HttpURLConnectionImpl.connect(HttpURLConnectionImpl.java:106)
E/Auth    ( 1049): 	at com.android.okhttp.internal.http.HttpURLConnectionImpl.getOutputStream(HttpURLConnectionImpl.java:217)
E/Auth    ( 1049): 	at com.android.okhttp.internal.http.DelegatingHttpsURLConnection.getOutputStream(DelegatingHttpsURLConnection.java:218)
E/Auth    ( 1049): 	at com.android.okhttp.internal.http.HttpsURLConnectionImpl.getOutputStream(HttpsURLConnectionImpl.java:25)
E/Auth    ( 1049): 	at wvs.a(:com.google.android.gms@12685011@12.6.85 (020406-197041431):60)
E/Auth    ( 1049): 	at hxj.a(:com.google.android.gms@12685011@12.6.85 (020406-197041431))
E/Auth    ( 1049): 	at fzu.a(:com.google.android.gms@12685011@12.6.85 (020406-197041431):6)
E/Auth    ( 1049): 	at fzu.a(:com.google.android.gms@12685011@12.6.85 (020406-197041431):2)
E/Auth    ( 1049): 	at gaj.b(:com.google.android.gms@12685011@12.6.85 (020406-197041431):154)
E/Auth    ( 1049): 	... 13 more
E/Auth    ( 1049): Caused by: android.system.ErrnoException: isConnected failed: EHOSTUNREACH (No route to host)
E/Auth    ( 1049): 	at libcore.io.IoBridge.isConnected(IoBridge.java:223)
E/Auth    ( 1049): 	... 32 more
W/Auth    ( 1049): [GetToken] GetToken failed with status code: NetworkError
W/Stn.ScoreRefreshService( 5267): [472] b.a: Rescheduling.
W/Stn.ScoreRefreshService( 5267): java.util.concurrent.ExecutionException: com.a.a.a: NetworkError
W/Stn.ScoreRefreshService( 5267): 	at com.a.a.a.g.a(SourceFile:117)
W/Stn.ScoreRefreshService( 5267): 	at com.a.a.a.g.get(SourceFile:97)
W/Stn.ScoreRefreshService( 5267): 	at com.google.android.apps.gcs.steen.service.ScoreRefreshService.a(SourceFile:146)
W/Stn.ScoreRefreshService( 5267): 	at com.google.android.apps.gcs.steen.service.ScoreRefreshService.a(SourceFile:52)
W/Stn.ScoreRefreshService( 5267): 	at com.google.android.gms.gcm.b$b.run(Unknown Source)
W/Stn.ScoreRefreshService( 5267): 	at java.util.concurrent.ThreadPoolExecutor.runWorker(ThreadPoolExecutor.java:1112)
W/Stn.ScoreRefreshService( 5267): 	at java.util.concurrent.ThreadPoolExecutor$Worker.run(ThreadPoolExecutor.java:587)
W/Stn.ScoreRefreshService( 5267): 	at java.lang.Thread.run(Thread.java:818)
W/Stn.ScoreRefreshService( 5267): Caused by: com.a.a.a: NetworkError
W/Stn.ScoreRefreshService( 5267): 	at com.google.android.flib.a.a.a(SourceFile:173)
W/Stn.ScoreRefreshService( 5267): 	at com.a.a.a.d.a(SourceFile:79)
W/Stn.ScoreRefreshService( 5267): 	at com.a.a.a.a.a(SourceFile:97)
W/Stn.ScoreRefreshService( 5267): 	at com.a.a.h.run(SourceFile:112)
W/Stn.ScoreRefreshService( 5267): Caused by: java.io.IOException: NetworkError
W/Stn.ScoreRefreshService( 5267): 	at com.google.android.gms.auth.m.a(Unknown Source)
W/Stn.ScoreRefreshService( 5267): 	at com.google.android.gms.auth.f.a(Unknown Source)
W/Stn.ScoreRefreshService( 5267): 	at com.google.android.gms.auth.f.b(Unknown Source)
W/Stn.ScoreRefreshService( 5267): 	at com.google.android.gms.auth.e.a(Unknown Source)
W/Stn.ScoreRefreshService( 5267): 	at com.google.android.flib.a.a.a(SourceFile:3182)
W/Stn.ScoreRefreshService( 5267): 	... 3 more
D/WVCdm   (  204): Instantiating CDM.
I/WVCdm   (  204): CdmEngine::OpenSession
I/WVCdm   (  204): Level3 Library Dec 11 2014 16:13:16
W/WVCdm   (  204): Could not read /data/mediadrm/IDM1013/ay64.dat2: No such file or directory
D/oemcrypto_cenc(  204): >> OEMCrypto_Initialize: modular drm 4.02  Feb  9 2015  02:37:00
D/oemcrypto_cenc(  204): << OEMCrypto_Initialize
E/oemcrypto_cenc(  204): OEMCrypto_APIVersion: 9
D/oemcrypto_cenc(  204): >> OEMCrypto_IsKeyboxValid
D/oemcrypto_cenc(  204): << OEMCrypto_IsKeyboxValid
D/WVCdm   (  204): OEMCrypto_Initialize Level 1 success. I will use level 1.
E/oemcrypto_cenc(  204): OEMCrypto_SecurityLevel
D/oemcrypto_cenc(  204): >> OEMCrypto_OpenSession
D/oemcrypto_cenc(  204): bool AddSessionHandle(OEMCrypto_SESSION): session:0xaae20660, status: 1
D/oemcrypto_cenc(  204): << OEMCrypto_OpenSession
D/oemcrypto_cenc(  204): >> OEMCrypto_GetRandom
D/oemcrypto_cenc(  204): << OEMCrypto_GetRandom
D/oemcrypto_cenc(  204): >> OEMCrypto_LoadDeviceRSAKey
D/oemcrypto_cenc(  204): << OEMCrypto_LoadDeviceRSAKey
I/WVCdm   (  204): CdmEngine::QueryKeyControlInfo
W/WVCdm   (  204): BufferReader::Read<T> : Failure during parse: Not enough bytes (4)
W/WVCdm   (  204): CdmEngine::ExtractWidevinePssh: Unable to read PSSH atom size
I/WVCdm   (  204): CdmEngine::GenerateKeyRequest
D/oemcrypto_cenc(  204): >> OEMCrypto_GetDeviceID
D/oemcrypto_cenc(  204): << OEMCrypto_GetDeviceID
E/oemcrypto_cenc(  204): OEMCrypto_SecurityLevel
D/oemcrypto_cenc(  204): >> OEMCrypto_SupportsUsageTable
D/oemcrypto_cenc(  204): << OEMCrypto_SupportsUsageTable
D/oemcrypto_cenc(  204): OEMCrypto_GetHDCPCapability
E/oemcrypto_cenc(  204): OEMCrypto_SecurityLevel
E/oemcrypto_cenc(  204): OEMCrypto_APIVersion: 9
D/oemcrypto_cenc(  204): >> OEMCrypto_GenerateNonce
D/oemcrypto_cenc(  204): << OEMCrypto_GenerateNonce
D/WVCdm   (  204): PrepareKeyRequest: nonce=2563384761
D/oemcrypto_cenc(  204): >> OEMCrypto_GenerateRSASignature
D/oemcrypto_cenc(  204): << OEMCrypto_GenerateRSASignature
I/WVCdm   (  204): CdmEngine::CloseSession
D/oemcrypto_cenc(  204): >> OEMCrypto_CloseSession
D/oemcrypto_cenc(  204): bool RemoveSessionHandle(OEMCrypto_SESSION): session: 0xaae20660, status: 1
D/oemcrypto_cenc(  204): << OEMCrypto_CloseSession
I/WVCdm   (  204): L3 Terminate.
D/oemcrypto_cenc(  204): >> OEMCrypto_Terminate
D/oemcrypto_cenc(  204): << OEMCrypto_Terminate
W/Wifi    ( 3847): Failed to read packet and byte counts from wifi interface
W/GLSUser ( 1049): [AppCertManager] IOException while requesting key: 
W/GLSUser ( 1049): java.net.ConnectException: failed to connect to android.clients.google.com/172.217.20.78 (port 443) after 30000ms: isConnected failed: EHOSTUNREACH (No route to host)
W/GLSUser ( 1049): 	at libcore.io.IoBridge.isConnected(IoBridge.java:238)
W/GLSUser ( 1049): 	at libcore.io.IoBridge.connectErrno(IoBridge.java:171)
W/GLSUser ( 1049): 	at libcore.io.IoBridge.connect(IoBridge.java:122)
W/GLSUser ( 1049): 	at java.net.PlainSocketImpl.connect(PlainSocketImpl.java:183)
W/GLSUser ( 1049): 	at java.net.PlainSocketImpl.connect(PlainSocketImpl.java:456)
W/GLSUser ( 1049): 	at java.net.Socket.connect(Socket.java:882)
W/GLSUser ( 1049): 	at com.android.okhttp.internal.Platform.connectSocket(Platform.java:174)
W/GLSUser ( 1049): 	at com.android.okhttp.Connection.connect(Connection.java:152)
W/GLSUser ( 1049): 	at com.android.okhttp.internal.http.HttpEngine.connect(HttpEngine.java:276)
W/GLSUser ( 1049): 	at com.android.okhttp.internal.http.HttpEngine.sendRequest(HttpEngine.java:211)
W/GLSUser ( 1049): 	at com.android.okhttp.internal.http.HttpURLConnectionImpl.execute(HttpURLConnectionImpl.java:382)
W/GLSUser ( 1049): 	at com.android.okhttp.internal.http.HttpURLConnectionImpl.connect(HttpURLConnectionImpl.java:106)
W/GLSUser ( 1049): 	at com.android.okhttp.internal.http.HttpURLConnectionImpl.getOutputStream(HttpURLConnectionImpl.java:217)
W/GLSUser ( 1049): 	at com.android.okhttp.internal.http.DelegatingHttpsURLConnection.getOutputStream(DelegatingHttpsURLConnection.java:218)
W/GLSUser ( 1049): 	at com.android.okhttp.internal.http.HttpsURLConnectionImpl.getOutputStream(HttpsURLConnectionImpl.java:25)
W/GLSUser ( 1049): 	at wvs.a(:com.google.android.gms@12685011@12.6.85 (020406-197041431):60)
W/GLSUser ( 1049): 	at hxj.a(:com.google.android.gms@12685011@12.6.85 (020406-197041431))
W/GLSUser ( 1049): 	at fzu.a(:com.google.android.gms@12685011@12.6.85 (020406-197041431):6)
W/GLSUser ( 1049): 	at fzu.a(:com.google.android.gms@12685011@12.6.85 (020406-197041431):2)
W/GLSUser ( 1049): 	at gwj.a(:com.google.android.gms@12685011@12.6.85 (020406-197041431):11)
W/GLSUser ( 1049): 	at gwj.a(:com.google.android.gms@12685011@12.6.85 (020406-197041431):64)
W/GLSUser ( 1049): 	at gwh.a(:com.google.android.gms@12685011@12.6.85 (020406-197041431):8)
W/GLSUser ( 1049): 	at gwd.a(:com.google.android.gms@12685011@12.6.85 (020406-197041431):1)
W/GLSUser ( 1049): 	at gwc.a(:com.google.android.gms@12685011@12.6.85 (020406-197041431):10)
W/GLSUser ( 1049): 	at com.google.android.gms.auth.account.be.legacy.AuthCronChimeraService.b(:com.google.android.gms@12685011@12.6.85 (020406-197041431):7)
W/GLSUser ( 1049): 	at fyo.call(:com.google.android.gms@12685011@12.6.85 (020406-197041431):3)
W/GLSUser ( 1049): 	at java.util.concurrent.FutureTask.run(FutureTask.java:237)
W/GLSUser ( 1049): 	at ovl.run(:com.google.android.gms@12685011@12.6.85 (020406-197041431):27)
W/GLSUser ( 1049): 	at java.util.concurrent.ThreadPoolExecutor.runWorker(ThreadPoolExecutor.java:1112)
W/GLSUser ( 1049): 	at java.util.concurrent.ThreadPoolExecutor$Worker.run(ThreadPoolExecutor.java:587)
W/GLSUser ( 1049): 	at pbm.run(:com.google.android.gms@12685011@12.6.85 (020406-197041431))
W/GLSUser ( 1049): 	at java.lang.Thread.run(Thread.java:818)
W/GLSUser ( 1049): Caused by: android.system.ErrnoException: isConnected failed: EHOSTUNREACH (No route to host)
W/GLSUser ( 1049): 	at libcore.io.IoBridge.isConnected(IoBridge.java:223)
W/GLSUser ( 1049): 	... 31 more
W/Wifi    ( 3847): Failed to read packet and byte counts from wifi interface
W/Wifi    ( 3847): Failed to read packet and byte counts from wifi interface
W/Wifi    ( 3847): Failed to read packet and byte counts from wifi interface
W/Wifi    ( 3847): Failed to read packet and byte counts from wifi interface
W/Wifi    ( 3847): Failed to read packet and byte counts from wifi interface
W/Wifi    ( 3847): Failed to read packet and byte counts from wifi interface
E/WifiStateMachine(  459): WifiStateMachine CMD_START_SCAN source -2 txSuccessRate=10.46 rxSuccessRate=11.81 targetRoamBSSID=88:15:44:ac:03:df RSSI=-55
W/Wifi    ( 3847): Failed to read packet and byte counts from wifi interface
W/Wifi    ( 3847): Failed to read packet and byte counts from wifi interface
W/Wifi    ( 3847): Failed to read packet and byte counts from wifi interface
W/Wifi    ( 3847): Failed to read packet and byte counts from wifi interface
W/Wifi    ( 3847): Failed to read packet and byte counts from wifi interface
W/Wifi    ( 3847): Failed to read packet and byte counts from wifi interface
W/Wifi    ( 3847): Failed to read packet and byte counts from wifi interface
W/Wifi    ( 3847): Failed to read packet and byte counts from wifi interface
W/Wifi    ( 3847): Failed to read packet and byte counts from wifi interface
W/Wifi    ( 3847): Failed to read packet and byte counts from wifi interface
W/Wifi    ( 3847): Failed to read packet and byte counts from wifi interface
W/Wifi    ( 3847): Failed to read packet and byte counts from wifi interface
W/Wifi    ( 3847): Failed to read packet and byte counts from wifi interface
W/Wifi    ( 3847): Failed to read packet and byte counts from wifi interface
W/Wifi    ( 3847): Failed to read packet and byte counts from wifi interface
W/Wifi    ( 3847): Failed to read packet and byte counts from wifi interface
W/Wifi    ( 3847): Failed to read packet and byte counts from wifi interface
W/Wifi    ( 3847): Failed to read packet and byte counts from wifi interface
W/Wifi    ( 3847): Failed to read packet and byte counts from wifi interface
W/Wifi    ( 3847): Failed to read packet and byte counts from wifi interface
E/WifiStateMachine(  459): WifiStateMachine CMD_START_SCAN source -2 txSuccessRate=0.64 rxSuccessRate=1.69 targetRoamBSSID=88:15:44:ac:03:df RSSI=-56
W/Wifi    ( 3847): Failed to read packet and byte counts from wifi interface
W/Wifi    ( 3847): Failed to read packet and byte counts from wifi interface
W/Wifi    ( 3847): Failed to read packet and byte counts from wifi interface
W/Wifi    ( 3847): Failed to read packet and byte counts from wifi interface
E/GoogleConversionReporter( 7664): Error sending ping
E/GoogleConversionReporter( 7664): java.net.ConnectException: failed to connect to www.googleadservices.com/172.217.19.194 (port 443) after 60000ms: isConnected failed: EHOSTUNREACH (No route to host)
E/GoogleConversionReporter( 7664): 	at libcore.io.IoBridge.isConnected(IoBridge.java:238)
E/GoogleConversionReporter( 7664): 	at libcore.io.IoBridge.connectErrno(IoBridge.java:171)
E/GoogleConversionReporter( 7664): 	at libcore.io.IoBridge.connect(IoBridge.java:122)
E/GoogleConversionReporter( 7664): 	at java.net.PlainSocketImpl.connect(PlainSocketImpl.java:183)
E/GoogleConversionReporter( 7664): 	at java.net.PlainSocketImpl.connect(PlainSocketImpl.java:456)
E/GoogleConversionReporter( 7664): 	at java.net.Socket.connect(Socket.java:882)
E/GoogleConversionReporter( 7664): 	at com.android.okhttp.internal.Platform.connectSocket(Platform.java:174)
E/GoogleConversionReporter( 7664): 	at com.android.okhttp.Connection.connect(Connection.java:152)
E/GoogleConversionReporter( 7664): 	at com.android.okhttp.internal.http.HttpEngine.connect(HttpEngine.java:276)
E/GoogleConversionReporter( 7664): 	at com.android.okhttp.internal.http.HttpEngine.sendRequest(HttpEngine.java:211)
E/GoogleConversionReporter( 7664): 	at com.android.okhttp.internal.http.HttpURLConnectionImpl.execute(HttpURLConnectionImpl.java:382)
E/GoogleConversionReporter( 7664): 	at com.android.okhttp.internal.http.HttpURLConnectionImpl.getResponse(HttpURLConnectionImpl.java:332)
E/GoogleConversionReporter( 7664): 	at com.android.okhttp.internal.http.HttpURLConnectionImpl.getResponseCode(HttpURLConnectionImpl.java:500)
E/GoogleConversionReporter( 7664): 	at com.android.okhttp.internal.http.DelegatingHttpsURLConnection.getResponseCode(DelegatingHttpsURLConnection.java:105)
E/GoogleConversionReporter( 7664): 	at com.android.okhttp.internal.http.HttpsURLConnectionImpl.getResponseCode(HttpsURLConnectionImpl.java:25)
E/GoogleConversionReporter( 7664): 	at btl.a(SourceFile:30)
E/GoogleConversionReporter( 7664): 	at bto.run(SourceFile:31)
E/GoogleConversionReporter( 7664): 	at java.lang.Thread.run(Thread.java:818)
E/GoogleConversionReporter( 7664): Caused by: android.system.ErrnoException: isConnected failed: EHOSTUNREACH (No route to host)
E/GoogleConversionReporter( 7664): 	at libcore.io.IoBridge.isConnected(IoBridge.java:223)
E/GoogleConversionReporter( 7664): 	... 17 more
W/Wifi    ( 3847): Failed to read packet and byte counts from wifi interface
W/Wifi    ( 3847): Failed to read packet and byte counts from wifi interface
W/Wifi    ( 3847): Failed to read packet and byte counts from wifi interface
W/Wifi    ( 3847): Failed to read packet and byte counts from wifi interface
W/Wifi    ( 3847): Failed to read packet and byte counts from wifi interface
W/Wifi    ( 3847): Failed to read packet and byte counts from wifi interface
W/Wifi    ( 3847): Failed to read packet and byte counts from wifi interface
W/Wifi    ( 3847): Failed to read packet and byte counts from wifi interface
W/Wifi    ( 3847): Failed to read packet and byte counts from wifi interface
W/Wifi    ( 3847): Failed to read packet and byte counts from wifi interface
W/Wifi    ( 3847): Failed to read packet and byte counts from wifi interface
W/Wifi    ( 3847): Failed to read packet and byte counts from wifi interface
W/Wifi    ( 3847): Failed to read packet and byte counts from wifi interface
W/Wifi    ( 3847): Failed to read packet and byte counts from wifi interface
W/Wifi    ( 3847): Failed to read packet and byte counts from wifi interface
W/Wifi    ( 3847): Failed to read packet and byte counts from wifi interface
E/WifiStateMachine(  459): WifiStateMachine CMD_START_SCAN source -2 txSuccessRate=1.18 rxSuccessRate=3.74 targetRoamBSSID=88:15:44:ac:03:df RSSI=-56
W/Wifi    ( 3847): Failed to read packet and byte counts from wifi interface
W/Wifi    ( 3847): Failed to read packet and byte counts from wifi interface
W/Wifi    ( 3847): Failed to read packet and byte counts from wifi interface
W/Wifi    ( 3847): Failed to read packet and byte counts from wifi interface
W/Wifi    ( 3847): Failed to read packet and byte counts from wifi interface
W/Wifi    ( 3847): Failed to read packet and byte counts from wifi interface
W/Wifi    ( 3847): Failed to read packet and byte counts from wifi interface
W/Wifi    ( 3847): Failed to read packet and byte counts from wifi interface
W/Wifi    ( 3847): Failed to read packet and byte counts from wifi interface
W/Wifi    ( 3847): Failed to read packet and byte counts from wifi interface
W/Wifi    ( 3847): Failed to read packet and byte counts from wifi interface
W/Wifi    ( 3847): Failed to read packet and byte counts from wifi interface
W/Wifi    ( 3847): Failed to read packet and byte counts from wifi interface
W/Wifi    ( 3847): Failed to read packet and byte counts from wifi interface
W/Wifi    ( 3847): Failed to read packet and byte counts from wifi interface
W/Wifi    ( 3847): Failed to read packet and byte counts from wifi interface
W/Wifi    ( 3847): Failed to read packet and byte counts from wifi interface
W/Wifi    ( 3847): Failed to read packet and byte counts from wifi interface
W/Wifi    ( 3847): Failed to read packet and byte counts from wifi interface
W/Wifi    ( 3847): Failed to read packet and byte counts from wifi interface
E/WifiStateMachine(  459): WifiStateMachine CMD_START_SCAN source -2 txSuccessRate=0.46 rxSuccessRate=3.26 targetRoamBSSID=88:15:44:ac:03:df RSSI=-58
W/Wifi    ( 3847): Failed to read packet and byte counts from wifi interface
W/Wifi    ( 3847): Failed to read packet and byte counts from wifi interface
W/Wifi    ( 3847): Failed to read packet and byte counts from wifi interface
W/Wifi    ( 3847): Failed to read packet and byte counts from wifi interface
W/Wifi    ( 3847): Failed to read packet and byte counts from wifi interface
W/Wifi    ( 3847): Failed to read packet and byte counts from wifi interface
W/Wifi    ( 3847): Failed to read packet and byte counts from wifi interface
W/Wifi    ( 3847): Failed to read packet and byte counts from wifi interface
W/Wifi    ( 3847): Failed to read packet and byte counts from wifi interface
W/Wifi    ( 3847): Failed to read packet and byte counts from wifi interface
W/Wifi    ( 3847): Failed to read packet and byte counts from wifi interface
W/Wifi    ( 3847): Failed to read packet and byte counts from wifi interface
W/Wifi    ( 3847): Failed to read packet and byte counts from wifi interface
W/Wifi    ( 3847): Failed to read packet and byte counts from wifi interface
W/Wifi    ( 3847): Failed to read packet and byte counts from wifi interface
W/Wifi    ( 3847): Failed to read packet and byte counts from wifi interface
W/Wifi    ( 3847): Failed to read packet and byte counts from wifi interface
I/vgn     ( 1049): 35-GetDeviceDataUploadOptInStatusOperation -- metadata{ service_id: 0 }
I/vgn     ( 1049): 35-GetDeviceDataUploadOptInStatusOperation -- metadata{ service_id: 0 }
I/vgn     ( 1049): 35-GetDeviceDataUploadOptInStatusOperation -- metadata{ service_id: 0 }
I/vgn     ( 1049): 35-GetDeviceDataUploadOptInStatusOperation -- metadata{ service_id: 0 }
W/Wifi    ( 3847): Failed to read packet and byte counts from wifi interface
W/Wifi    ( 3847): Failed to read packet and byte counts from wifi interface
W/Wifi    ( 3847): Failed to read packet and byte counts from wifi interface
E/WifiStateMachine(  459): WifiStateMachine CMD_START_SCAN source -2 txSuccessRate=2.85 rxSuccessRate=4.80 targetRoamBSSID=88:15:44:ac:03:df RSSI=-56
W/Wifi    ( 3847): Failed to read packet and byte counts from wifi interface
W/GAv4-SVC( 1010): Network compressed POST connection error: java.net.ConnectException: failed to connect to ssl.google-analytics.com/172.217.17.136 (port 443) after 60000ms: isConnected failed: EHOSTUNREACH (No route to host)
W/Wifi    ( 3847): Failed to read packet and byte counts from wifi interface
W/Wifi    ( 3847): Failed to read packet and byte counts from wifi interface
W/Wifi    ( 3847): Failed to read packet and byte counts from wifi interface
E/GoogleConversionReporter( 7664): Error sending ping
E/GoogleConversionReporter( 7664): java.net.ConnectException: failed to connect to www.googleadservices.com/172.217.19.194 (port 443) after 60000ms: isConnected failed: EHOSTUNREACH (No route to host)
E/GoogleConversionReporter( 7664): 	at libcore.io.IoBridge.isConnected(IoBridge.java:238)
E/GoogleConversionReporter( 7664): 	at libcore.io.IoBridge.connectErrno(IoBridge.java:171)
E/GoogleConversionReporter( 7664): 	at libcore.io.IoBridge.connect(IoBridge.java:122)
E/GoogleConversionReporter( 7664): 	at java.net.PlainSocketImpl.connect(PlainSocketImpl.java:183)
E/GoogleConversionReporter( 7664): 	at java.net.PlainSocketImpl.connect(PlainSocketImpl.java:456)
E/GoogleConversionReporter( 7664): 	at java.net.Socket.connect(Socket.java:882)
E/GoogleConversionReporter( 7664): 	at com.android.okhttp.internal.Platform.connectSocket(Platform.java:174)
E/GoogleConversionReporter( 7664): 	at com.android.okhttp.Connection.connect(Connection.java:152)
E/GoogleConversionReporter( 7664): 	at com.android.okhttp.internal.http.HttpEngine.connect(HttpEngine.java:276)
E/GoogleConversionReporter( 7664): 	at com.android.okhttp.internal.http.HttpEngine.sendRequest(HttpEngine.java:211)
E/GoogleConversionReporter( 7664): 	at com.android.okhttp.internal.http.HttpURLConnectionImpl.execute(HttpURLConnectionImpl.java:382)
E/GoogleConversionReporter( 7664): 	at com.android.okhttp.internal.http.HttpURLConnectionImpl.getResponse(HttpURLConnectionImpl.java:332)
E/GoogleConversionReporter( 7664): 	at com.android.okhttp.internal.http.HttpURLConnectionImpl.getResponseCode(HttpURLConnectionImpl.java:500)
E/GoogleConversionReporter( 7664): 	at com.android.okhttp.internal.http.DelegatingHttpsURLConnection.getResponseCode(DelegatingHttpsURLConnection.java:105)
E/GoogleConversionReporter( 7664): 	at com.android.okhttp.internal.http.HttpsURLConnectionImpl.getResponseCode(HttpsURLConnectionImpl.java:25)
E/GoogleConversionReporter( 7664): 	at btl.a(SourceFile:30)
E/GoogleConversionReporter( 7664): 	at bto.run(SourceFile:31)
E/GoogleConversionReporter( 7664): 	at java.lang.Thread.run(Thread.java:818)
E/GoogleConversionReporter( 7664): Caused by: android.system.ErrnoException: isConnected failed: EHOSTUNREACH (No route to host)
E/GoogleConversionReporter( 7664): 	at libcore.io.IoBridge.isConnected(IoBridge.java:223)
E/GoogleConversionReporter( 7664): 	... 17 more
W/Wifi    ( 3847): Failed to read packet and byte counts from wifi interface
W/Wifi    ( 3847): Failed to read packet and byte counts from wifi interface
W/Wifi    ( 3847): Failed to read packet and byte counts from wifi interface
W/Wifi    ( 3847): Failed to read packet and byte counts from wifi interface
W/Wifi    ( 3847): Failed to read packet and byte counts from wifi interface
W/Wifi    ( 3847): Failed to read packet and byte counts from wifi interface
W/Wifi    ( 3847): Failed to read packet and byte counts from wifi interface
W/Wifi    ( 3847): Failed to read packet and byte counts from wifi interface
W/Wifi    ( 3847): Failed to read packet and byte counts from wifi interface
W/Wifi    ( 3847): Failed to read packet and byte counts from wifi interface
W/Wifi    ( 3847): Failed to read packet and byte counts from wifi interface
W/Wifi    ( 3847): Failed to read packet and byte counts from wifi interface
W/Wifi    ( 3847): Failed to read packet and byte counts from wifi interface
W/Wifi    ( 3847): Failed to read packet and byte counts from wifi interface
W/Wifi    ( 3847): Failed to read packet and byte counts from wifi interface
W/Wifi    ( 3847): Failed to read packet and byte counts from wifi interface
E/WifiStateMachine(  459): WifiStateMachine CMD_START_SCAN source -2 txSuccessRate=0.73 rxSuccessRate=3.18 targetRoamBSSID=88:15:44:ac:03:df RSSI=-57
W/Wifi    ( 3847): Failed to read packet and byte counts from wifi interface
W/Wifi    ( 3847): Failed to read packet and byte counts from wifi interface
W/Wifi    ( 3847): Failed to read packet and byte counts from wifi interface
W/Wifi    ( 3847): Failed to read packet and byte counts from wifi interface
W/Wifi    ( 3847): Failed to read packet and byte counts from wifi interface
I/PlayCommon( 4595): [113] com.google.android.play.b.g.f(543): Preparing logs for uploading
I/PlayCommon( 4595): [113] com.google.android.play.b.x.a(45): Connecting to server for timestamp: https://play.googleapis.com/play/log/timestamp
E/PlayCommon( 4595): [113] com.google.android.play.b.x.a(63): Failed to connect to server for server timestamp: java.net.ConnectException: failed to connect to play.googleapis.com/172.217.17.106 (port 443) after 40000ms: isConnected failed: EHOSTUNREACH (No route to host)
I/PlayCommon( 4595): [113] com.google.android.play.b.g.a(792): Connecting to server: https://play.googleapis.com/play/log?format=raw&proto_v2=true
W/Wifi    ( 3847): Failed to read packet and byte counts from wifi interface
E/PlayCommon( 4595): [113] com.google.android.play.b.g.a(841): Failed to connect to server: java.net.ConnectException: failed to connect to play.googleapis.com/172.217.17.106 (port 443) after 40000ms: isConnected failed: EHOSTUNREACH (No route to host)
W/Wifi    ( 3847): Failed to read packet and byte counts from wifi interface
W/Wifi    ( 3847): Failed to read packet and byte counts from wifi interface
W/Wifi    ( 3847): Failed to read packet and byte counts from wifi interface
W/Wifi    ( 3847): Failed to read packet and byte counts from wifi interface
W/Wifi    ( 3847): Failed to read packet and byte counts from wifi interface
W/Wifi    ( 3847): Failed to read packet and byte counts from wifi interface
W/Wifi    ( 3847): Failed to read packet and byte counts from wifi interface
W/Wifi    ( 3847): Failed to read packet and byte counts from wifi interface
W/Wifi    ( 3847): Failed to read packet and byte counts from wifi interface
W/Wifi    ( 3847): Failed to read packet and byte counts from wifi interface
W/Wifi    ( 3847): Failed to read packet and byte counts from wifi interface
W/Wifi    ( 3847): Failed to read packet and byte counts from wifi interface
W/Wifi    ( 3847): Failed to read packet and byte counts from wifi interface
W/Wifi    ( 3847): Failed to read packet and byte counts from wifi interface
E/WifiStateMachine(  459): WifiStateMachine CMD_START_SCAN source -2 txSuccessRate=1.18 rxSuccessRate=5.14 targetRoamBSSID=88:15:44:ac:03:df RSSI=-56
E/PlayCommon( 5394): [163] czc.a: Failed to connect to server for server timestamp: java.net.ConnectException: failed to connect to play.googleapis.com/172.217.17.106 (port 443) after 10000ms: isConnected failed: EHOSTUNREACH (No route to host)
W/PlayCommon( 5394): [163] czc.c: No account for auth token provided
E/PlayCommon( 5394): [163] czc.a: Failed to connect to server: java.net.ConnectException: failed to connect to play.googleapis.com/172.217.17.106 (port 443) after 10000ms: isConnected failed: EHOSTUNREACH (No route to host)
W/Wifi    ( 3847): Failed to read packet and byte counts from wifi interface
W/Wifi    ( 3847): Failed to read packet and byte counts from wifi interface
W/Wifi    ( 3847): Failed to read packet and byte counts from wifi interface
W/Wifi    ( 3847): Failed to read packet and byte counts from wifi interface
W/Wifi    ( 3847): Failed to read packet and byte counts from wifi interface
W/Wifi    ( 3847): Failed to read packet and byte counts from wifi interface
W/Wifi    ( 3847): Failed to read packet and byte counts from wifi interface
W/Wifi    ( 3847): Failed to read packet and byte counts from wifi interface
W/Wifi    ( 3847): Failed to read packet and byte counts from wifi interface
W/Wifi    ( 3847): Failed to read packet and byte counts from wifi interface
W/Wifi    ( 3847): Failed to read packet and byte counts from wifi interface
W/Wifi    ( 3847): Failed to read packet and byte counts from wifi interface
W/Wifi    ( 3847): Failed to read packet and byte counts from wifi interface
W/Wifi    ( 3847): Failed to read packet and byte counts from wifi interface
W/Wifi    ( 3847): Failed to read packet and byte counts from wifi interface
W/Wifi    ( 3847): Failed to read packet and byte counts from wifi interface
W/Wifi    ( 3847): Failed to read packet and byte counts from wifi interface
I/vgn     ( 1049): 35-GetDeviceDataUploadOptInStatusOperation -- metadata{ service_id: 0 }
I/vgn     ( 1049): 35-GetDeviceDataUploadOptInStatusOperation -- metadata{ service_id: 0 }
