D/ConnectivityManager.CallbackHandler( 7664): CM callback handler got msg 524290
D/ConnectivityManager.CallbackHandler( 7641): CM callback handler got msg 524290
W/Wifi    ( 3847): Failed to read packet and byte counts from wifi interface
W/Wifi    ( 3847): Failed to read packet and byte counts from wifi interface
W/Wifi    ( 3847): Failed to read packet and byte counts from wifi interface
D/ConnectivityService(  459): updateNetworkScore for NetworkAgentInfo [WIFI () - 100] to 56
D/ConnectivityService(  459): rematching NetworkAgentInfo [WIFI () - 100]
D/ConnectivityService(  459): Network NetworkAgentInfo [WIFI () - 100] was already satisfying request 1. No change.
D/ConnectivityService(  459): notifyType AVAILABLE for NetworkAgentInfo [WIFI () - 100]
D/ConnectivityManager.CallbackHandler(  663): CM callback handler got msg 524290
D/ConnectivityManager.CallbackHandler( 1089): CM callback handler got msg 524290
D/ConnectivityManager.CallbackHandler( 1010): CM callback handler got msg 524290
D/ConnectivityManager.CallbackHandler( 4595): CM callback handler got msg 524290
D/ConnectivityManager.CallbackHandler( 7664): CM callback handler got msg 524290
D/ConnectivityManager.CallbackHandler( 7641): CM callback handler got msg 524290
W/Wifi    ( 3847): Failed to read packet and byte counts from wifi interface
I/vgn     ( 1049): 35-GetDeviceDataUploadOptInStatusOperation -- metadata{ service_id: 0 }
I/vgn     ( 1049): 35-GetDeviceDataUploadOptInStatusOperation -- metadata{ service_id: 0 }
W/Wifi    ( 3847): Failed to read packet and byte counts from wifi interface
W/Wifi    ( 3847): Failed to read packet and byte counts from wifi interface
W/Wifi    ( 3847): Failed to read packet and byte counts from wifi interface
W/Wifi    ( 3847): Failed to read packet and byte counts from wifi interface
W/Wifi    ( 3847): Failed to read packet and byte counts from wifi interface
D/ConnectivityService(  459): updateNetworkScore for NetworkAgentInfo [WIFI () - 100] to 60
D/ConnectivityService(  459): rematching NetworkAgentInfo [WIFI () - 100]
D/ConnectivityService(  459): Network NetworkAgentInfo [WIFI () - 100] was already satisfying request 1. No change.
D/ConnectivityService(  459): notifyType AVAILABLE for NetworkAgentInfo [WIFI () - 100]
D/ConnectivityManager.CallbackHandler(  663): CM callback handler got msg 524290
D/ConnectivityManager.CallbackHandler( 1089): CM callback handler got msg 524290
D/ConnectivityManager.CallbackHandler( 4595): CM callback handler got msg 524290
D/ConnectivityManager.CallbackHandler( 1010): CM callback handler got msg 524290
D/ConnectivityManager.CallbackHandler( 7664): CM callback handler got msg 524290
D/ConnectivityManager.CallbackHandler( 7641): CM callback handler got msg 524290
W/Wifi    ( 3847): Failed to read packet and byte counts from wifi interface
E/WifiStateMachine(  459): WifiStateMachine CMD_START_SCAN source -2 txSuccessRate=0.17 rxSuccessRate=4.97 targetRoamBSSID=88:15:44:ac:03:df RSSI=-60
W/Wifi    ( 3847): Failed to read packet and byte counts from wifi interface
W/Wifi    ( 3847): Failed to read packet and byte counts from wifi interface
D/ConnectivityService(  459): updateNetworkScore for NetworkAgentInfo [WIFI () - 100] to 56
D/ConnectivityService(  459): rematching NetworkAgentInfo [WIFI () - 100]
D/ConnectivityService(  459): Network NetworkAgentInfo [WIFI () - 100] was already satisfying request 1. No change.
D/ConnectivityService(  459): notifyType AVAILABLE for NetworkAgentInfo [WIFI () - 100]
D/ConnectivityManager.CallbackHandler(  663): CM callback handler got msg 524290
D/ConnectivityManager.CallbackHandler( 1089): CM callback handler got msg 524290
D/ConnectivityManager.CallbackHandler( 4595): CM callback handler got msg 524290
D/ConnectivityManager.CallbackHandler( 7664): CM callback handler got msg 524290
D/ConnectivityManager.CallbackHandler( 7641): CM callback handler got msg 524290
D/ConnectivityManager.CallbackHandler( 1010): CM callback handler got msg 524290
W/Wifi    ( 3847): Failed to read packet and byte counts from wifi interface
W/Wifi    ( 3847): Failed to read packet and byte counts from wifi interface
W/Wifi    ( 3847): Failed to read packet and byte counts from wifi interface
W/Wifi    ( 3847): Failed to read packet and byte counts from wifi interface
W/Wifi    ( 3847): Failed to read packet and byte counts from wifi interface
W/Wifi    ( 3847): Failed to read packet and byte counts from wifi interface
W/Wifi    ( 3847): Failed to read packet and byte counts from wifi interface
W/Wifi    ( 3847): Failed to read packet and byte counts from wifi interface
W/Wifi    ( 3847): Failed to read packet and byte counts from wifi interface
W/Wifi    ( 3847): Failed to read packet and byte counts from wifi interface
W/Wifi    ( 3847): Failed to read packet and byte counts from wifi interface
W/Wifi    ( 3847): Failed to read packet and byte counts from wifi interface
D/ConnectivityService(  459): updateNetworkScore for NetworkAgentInfo [WIFI () - 100] to 60
D/ConnectivityService(  459): rematching NetworkAgentInfo [WIFI () - 100]
D/ConnectivityService(  459): Network NetworkAgentInfo [WIFI () - 100] was already satisfying request 1. No change.
D/ConnectivityService(  459): notifyType AVAILABLE for NetworkAgentInfo [WIFI () - 100]
D/ConnectivityManager.CallbackHandler(  663): CM callback handler got msg 524290
D/ConnectivityManager.CallbackHandler( 1089): CM callback handler got msg 524290
D/ConnectivityManager.CallbackHandler( 1010): CM callback handler got msg 524290
D/ConnectivityManager.CallbackHandler( 4595): CM callback handler got msg 524290
D/ConnectivityManager.CallbackHandler( 7664): CM callback handler got msg 524290
D/ConnectivityManager.CallbackHandler( 7641): CM callback handler got msg 524290
W/Wifi    ( 3847): Failed to read packet and byte counts from wifi interface
W/Wifi    ( 3847): Failed to read packet and byte counts from wifi interface
W/Wifi    ( 3847): Failed to read packet and byte counts from wifi interface
D/ConnectivityService(  459): updateNetworkScore for NetworkAgentInfo [WIFI () - 100] to 56
D/ConnectivityService(  459): rematching NetworkAgentInfo [WIFI () - 100]
D/ConnectivityService(  459): Network NetworkAgentInfo [WIFI () - 100] was already satisfying request 1. No change.
D/ConnectivityService(  459): notifyType AVAILABLE for NetworkAgentInfo [WIFI () - 100]
D/ConnectivityManager.CallbackHandler(  663): CM callback handler got msg 524290
D/ConnectivityManager.CallbackHandler( 1089): CM callback handler got msg 524290
D/ConnectivityManager.CallbackHandler( 1010): CM callback handler got msg 524290
D/ConnectivityManager.CallbackHandler( 4595): CM callback handler got msg 524290
D/ConnectivityManager.CallbackHandler( 7664): CM callback handler got msg 524290
D/ConnectivityManager.CallbackHandler( 7641): CM callback handler got msg 524290
W/Wifi    ( 3847): Failed to read packet and byte counts from wifi interface
W/Wifi    ( 3847): Failed to read packet and byte counts from wifi interface
W/Wifi    ( 3847): Failed to read packet and byte counts from wifi interface
E/WifiStateMachine(  459): WifiStateMachine CMD_START_SCAN source -2 txSuccessRate=2.58 rxSuccessRate=9.90 targetRoamBSSID=88:15:44:ac:03:df RSSI=-65
W/Wifi    ( 3847): Failed to read packet and byte counts from wifi interface
W/ctxmgr  ( 1049): [AclManager]No 2 for (accnt=account#-517948760#, com.google.android.gms(10008):IndoorOutdoorProducer, vrsn=12685000, 0, 3pPkg = null ,  3pMdlId = null ,  pid = 1049). Was: 3 for 57, account#-517948760#
E/WifiNetworkScoreCache(  459): updateScores list size=1
W/Wifi    ( 3847): Failed to read packet and byte counts from wifi interface
W/Wifi    ( 3847): Failed to read packet and byte counts from wifi interface
W/GAv4-SVC( 1010): Network compressed POST connection error: java.net.ConnectException: failed to connect to ssl.google-analytics.com/172.217.20.104 (port 443) after 60000ms: isConnected failed: EHOSTUNREACH (No route to host)
W/Wifi    ( 3847): Failed to read packet and byte counts from wifi interface
E/GoogleConversionReporter( 7664): Error sending ping
E/GoogleConversionReporter( 7664): java.net.ConnectException: failed to connect to www.googleadservices.com/216.58.212.194 (port 443) after 60000ms: isConnected failed: EHOSTUNREACH (No route to host)
E/GoogleConversionReporter( 7664): 	at libcore.io.IoBridge.isConnected(IoBridge.java:238)
E/GoogleConversionReporter( 7664): 	at libcore.io.IoBridge.connectErrno(IoBridge.java:171)
E/GoogleConversionReporter( 7664): 	at libcore.io.IoBridge.connect(IoBridge.java:122)
E/GoogleConversionReporter( 7664): 	at java.net.PlainSocketImpl.connect(PlainSocketImpl.java:183)
E/GoogleConversionReporter( 7664): 	at java.net.PlainSocketImpl.connect(PlainSocketImpl.java:456)
E/GoogleConversionReporter( 7664): 	at java.net.Socket.connect(Socket.java:882)
E/GoogleConversionReporter( 7664): 	at com.android.okhttp.internal.Platform.connectSocket(Platform.java:174)
E/GoogleConversionReporter( 7664): 	at com.android.okhttp.Connection.connect(Connection.java:152)
E/GoogleConversionReporter( 7664): 	at com.android.okhttp.internal.http.HttpEngine.connect(HttpEngine.java:276)
E/GoogleConversionReporter( 7664): 	at com.android.okhttp.internal.http.HttpEngine.sendRequest(HttpEngine.java:211)
E/GoogleConversionReporter( 7664): 	at com.android.okhttp.internal.http.HttpURLConnectionImpl.execute(HttpURLConnectionImpl.java:382)
E/GoogleConversionReporter( 7664): 	at com.android.okhttp.internal.http.HttpURLConnectionImpl.getResponse(HttpURLConnectionImpl.java:332)
E/GoogleConversionReporter( 7664): 	at com.android.okhttp.internal.http.HttpURLConnectionImpl.getResponseCode(HttpURLConnectionImpl.java:500)
E/GoogleConversionReporter( 7664): 	at com.android.okhttp.internal.http.DelegatingHttpsURLConnection.getResponseCode(DelegatingHttpsURLConnection.java:105)
E/GoogleConversionReporter( 7664): 	at com.android.okhttp.internal.http.HttpsURLConnectionImpl.getResponseCode(HttpsURLConnectionImpl.java:25)
E/GoogleConversionReporter( 7664): 	at btl.a(SourceFile:30)
E/GoogleConversionReporter( 7664): 	at bto.run(SourceFile:31)
E/GoogleConversionReporter( 7664): 	at java.lang.Thread.run(Thread.java:818)
E/GoogleConversionReporter( 7664): Caused by: android.system.ErrnoException: isConnected failed: EHOSTUNREACH (No route to host)
E/GoogleConversionReporter( 7664): 	at libcore.io.IoBridge.isConnected(IoBridge.java:223)
E/GoogleConversionReporter( 7664): 	... 17 more
W/Wifi    ( 3847): Failed to read packet and byte counts from wifi interface
W/Wifi    ( 3847): Failed to read packet and byte counts from wifi interface
W/Wifi    ( 3847): Failed to read packet and byte counts from wifi interface
W/Wifi    ( 3847): Failed to read packet and byte counts from wifi interface
W/Wifi    ( 3847): Failed to read packet and byte counts from wifi interface
W/Wifi    ( 3847): Failed to read packet and byte counts from wifi interface
W/Wifi    ( 3847): Failed to read packet and byte counts from wifi interface
W/Wifi    ( 3847): Failed to read packet and byte counts from wifi interface
W/Wifi    ( 3847): Failed to read packet and byte counts from wifi interface
W/Wifi    ( 3847): Failed to read packet and byte counts from wifi interface
W/Wifi    ( 3847): Failed to read packet and byte counts from wifi interface
W/Wifi    ( 3847): Failed to read packet and byte counts from wifi interface
W/Wifi    ( 3847): Failed to read packet and byte counts from wifi interface
W/Wifi    ( 3847): Failed to read packet and byte counts from wifi interface
W/Wifi    ( 3847): Failed to read packet and byte counts from wifi interface
W/Wifi    ( 3847): Failed to read packet and byte counts from wifi interface
E/WifiStateMachine(  459): WifiStateMachine CMD_START_SCAN source -2 txSuccessRate=0.40 rxSuccessRate=4.35 targetRoamBSSID=88:15:44:ac:03:df RSSI=-65
W/Wifi    ( 3847): Failed to read packet and byte counts from wifi interface
W/Wifi    ( 3847): Failed to read packet and byte counts from wifi interface
W/Wifi    ( 3847): Failed to read packet and byte counts from wifi interface
W/Wifi    ( 3847): Failed to read packet and byte counts from wifi interface
W/Wifi    ( 3847): Failed to read packet and byte counts from wifi interface
W/Wifi    ( 3847): Failed to read packet and byte counts from wifi interface
I/PlayCommon( 4595): [113] com.google.android.play.b.g.f(543): Preparing logs for uploading
I/PlayCommon( 4595): [113] com.google.android.play.b.x.a(45): Connecting to server for timestamp: https://play.googleapis.com/play/log/timestamp
E/PlayCommon( 4595): [113] com.google.android.play.b.x.a(63): Failed to connect to server for server timestamp: java.net.ConnectException: failed to connect to play.googleapis.com/172.217.17.106 (port 443) after 40000ms: isConnected failed: EHOSTUNREACH (No route to host)
I/PlayCommon( 4595): [113] com.google.android.play.b.g.a(792): Connecting to server: https://play.googleapis.com/play/log?format=raw&proto_v2=true
E/PlayCommon( 4595): [113] com.google.android.play.b.g.a(841): Failed to connect to server: java.net.ConnectException: failed to connect to play.googleapis.com/172.217.17.106 (port 443) after 40000ms: isConnected failed: EHOSTUNREACH (No route to host)
W/Wifi    ( 3847): Failed to read packet and byte counts from wifi interface
D/ConnectivityService(  459): updateNetworkScore for NetworkAgentInfo [WIFI () - 100] to 60
D/ConnectivityService(  459): rematching NetworkAgentInfo [WIFI () - 100]
D/ConnectivityService(  459): Network NetworkAgentInfo [WIFI () - 100] was already satisfying request 1. No change.
D/ConnectivityService(  459): notifyType AVAILABLE for NetworkAgentInfo [WIFI () - 100]
D/ConnectivityManager.CallbackHandler(  663): CM callback handler got msg 524290
D/ConnectivityManager.CallbackHandler( 1089): CM callback handler got msg 524290
D/ConnectivityManager.CallbackHandler( 4595): CM callback handler got msg 524290
D/ConnectivityManager.CallbackHandler( 1010): CM callback handler got msg 524290
D/ConnectivityManager.CallbackHandler( 7664): CM callback handler got msg 524290
D/ConnectivityManager.CallbackHandler( 7641): CM callback handler got msg 524290
W/Wifi    ( 3847): Failed to read packet and byte counts from wifi interface
W/Wifi    ( 3847): Failed to read packet and byte counts from wifi interface
W/Wifi    ( 3847): Failed to read packet and byte counts from wifi interface
W/Wifi    ( 3847): Failed to read packet and byte counts from wifi interface
W/Wifi    ( 3847): Failed to read packet and byte counts from wifi interface
W/Wifi    ( 3847): Failed to read packet and byte counts from wifi interface
D/ConnectivityService(  459): updateNetworkScore for NetworkAgentInfo [WIFI () - 100] to 56
D/ConnectivityService(  459): rematching NetworkAgentInfo [WIFI () - 100]
D/ConnectivityService(  459): Network NetworkAgentInfo [WIFI () - 100] was already satisfying request 1. No change.
D/ConnectivityService(  459): notifyType AVAILABLE for NetworkAgentInfo [WIFI () - 100]
D/ConnectivityManager.CallbackHandler(  663): CM callback handler got msg 524290
D/ConnectivityManager.CallbackHandler( 1010): CM callback handler got msg 524290
D/ConnectivityManager.CallbackHandler( 1089): CM callback handler got msg 524290
D/ConnectivityManager.CallbackHandler( 4595): CM callback handler got msg 524290
D/ConnectivityManager.CallbackHandler( 7664): CM callback handler got msg 524290
D/ConnectivityManager.CallbackHandler( 7641): CM callback handler got msg 524290
W/Wifi    ( 3847): Failed to read packet and byte counts from wifi interface
W/Wifi    ( 3847): Failed to read packet and byte counts from wifi interface
I/art     ( 1049): Explicit concurrent mark sweep GC freed 217242(8MB) AllocSpace objects, 7(404KB) LOS objects, 37% free, 27MB/43MB, paused 940us total 150.967ms
I/vgn     ( 1049): 35-GetDeviceDataUploadOptInStatusOperation -- metadata{ service_id: 0 }
I/vgn     ( 1049): 35-GetDeviceDataUploadOptInStatusOperation -- metadata{ service_id: 0 }
W/Wifi    ( 3847): Failed to read packet and byte counts from wifi interface
W/Wifi    ( 3847): Failed to read packet and byte counts from wifi interface
W/Wifi    ( 3847): Failed to read packet and byte counts from wifi interface
W/Wifi    ( 3847): Failed to read packet and byte counts from wifi interface
W/Wifi    ( 3847): Failed to read packet and byte counts from wifi interface
E/WifiStateMachine(  459): WifiStateMachine CMD_START_SCAN source -2 txSuccessRate=1.28 rxSuccessRate=6.38 targetRoamBSSID=88:15:44:ac:03:df RSSI=-64
W/Wifi    ( 3847): Failed to read packet and byte counts from wifi interface
E/PlayCommon( 5394): [163] czc.a: Failed to connect to server for server timestamp: java.net.ConnectException: failed to connect to play.googleapis.com/172.217.17.106 (port 443) after 10000ms: isConnected failed: EHOSTUNREACH (No route to host)
W/PlayCommon( 5394): [163] czc.c: No account for auth token provided
E/PlayCommon( 5394): [163] czc.a: Failed to connect to server: java.net.ConnectException: failed to connect to play.googleapis.com/172.217.17.106 (port 443) after 10000ms: isConnected failed: EHOSTUNREACH (No route to host)
W/Wifi    ( 3847): Failed to read packet and byte counts from wifi interface
D/ConnectivityService(  459): updateNetworkScore for NetworkAgentInfo [WIFI () - 100] to 60
D/ConnectivityService(  459): rematching NetworkAgentInfo [WIFI () - 100]
D/ConnectivityService(  459): Network NetworkAgentInfo [WIFI () - 100] was already satisfying request 1. No change.
D/ConnectivityService(  459): notifyType AVAILABLE for NetworkAgentInfo [WIFI () - 100]
D/ConnectivityManager.CallbackHandler( 1089): CM callback handler got msg 524290
D/ConnectivityManager.CallbackHandler(  663): CM callback handler got msg 524290
D/ConnectivityManager.CallbackHandler( 1010): CM callback handler got msg 524290
D/ConnectivityManager.CallbackHandler( 7664): CM callback handler got msg 524290
D/ConnectivityManager.CallbackHandler( 4595): CM callback handler got msg 524290
D/ConnectivityManager.CallbackHandler( 7641): CM callback handler got msg 524290
W/Wifi    ( 3847): Failed to read packet and byte counts from wifi interface
W/Wifi    ( 3847): Failed to read packet and byte counts from wifi interface
W/Wifi    ( 3847): Failed to read packet and byte counts from wifi interface
W/Wifi    ( 3847): Failed to read packet and byte counts from wifi interface
W/Wifi    ( 3847): Failed to read packet and byte counts from wifi interface
W/Wifi    ( 3847): Failed to read packet and byte counts from wifi interface
D/ConnectivityService(  459): updateNetworkScore for NetworkAgentInfo [WIFI () - 100] to 56
D/ConnectivityService(  459): rematching NetworkAgentInfo [WIFI () - 100]
D/ConnectivityService(  459): Network NetworkAgentInfo [WIFI () - 100] was already satisfying request 1. No change.
D/ConnectivityService(  459): notifyType AVAILABLE for NetworkAgentInfo [WIFI () - 100]
D/ConnectivityManager.CallbackHandler(  663): CM callback handler got msg 524290
D/ConnectivityManager.CallbackHandler( 1089): CM callback handler got msg 524290
D/ConnectivityManager.CallbackHandler( 4595): CM callback handler got msg 524290
D/ConnectivityManager.CallbackHandler( 7641): CM callback handler got msg 524290
D/ConnectivityManager.CallbackHandler( 7664): CM callback handler got msg 524290
D/ConnectivityManager.CallbackHandler( 1010): CM callback handler got msg 524290
W/Wifi    ( 3847): Failed to read packet and byte counts from wifi interface
W/Wifi    ( 3847): Failed to read packet and byte counts from wifi interface
W/Wifi    ( 3847): Failed to read packet and byte counts from wifi interface
W/Wifi    ( 3847): Failed to read packet and byte counts from wifi interface
W/Wifi    ( 3847): Failed to read packet and byte counts from wifi interface
W/Wifi    ( 3847): Failed to read packet and byte counts from wifi interface
W/Wifi    ( 3847): Failed to read packet and byte counts from wifi interface
W/Wifi    ( 3847): Failed to read packet and byte counts from wifi interface
W/Wifi    ( 3847): Failed to read packet and byte counts from wifi interface
W/Wifi    ( 3847): Failed to read packet and byte counts from wifi interface
W/Wifi    ( 3847): Failed to read packet and byte counts from wifi interface
W/Wifi    ( 3847): Failed to read packet and byte counts from wifi interface
E/WifiStateMachine(  459): WifiStateMachine CMD_START_SCAN source -2 txSuccessRate=1.22 rxSuccessRate=3.65 targetRoamBSSID=88:15:44:ac:03:df RSSI=-63
W/Wifi    ( 3847): Failed to read packet and byte counts from wifi interface
W/Wifi    ( 3847): Failed to read packet and byte counts from wifi interface
W/Wifi    ( 3847): Failed to read packet and byte counts from wifi interface
E/WakeLock( 1049): release without a matched acquire!
E/WakeLock( 1049): release without a matched acquire!
W/Wifi    ( 3847): Failed to read packet and byte counts from wifi interface
W/Wifi    ( 3847): Failed to read packet and byte counts from wifi interface
W/Wifi    ( 3847): Failed to read packet and byte counts from wifi interface
W/Wifi    ( 3847): Failed to read packet and byte counts from wifi interface
W/Wifi    ( 3847): Failed to read packet and byte counts from wifi interface
W/Wifi    ( 3847): Failed to read packet and byte counts from wifi interface
W/Wifi    ( 3847): Failed to read packet and byte counts from wifi interface
W/Wifi    ( 3847): Failed to read packet and byte counts from wifi interface
W/Wifi    ( 3847): Failed to read packet and byte counts from wifi interface
D/ConnectivityService(  459): updateNetworkScore for NetworkAgentInfo [WIFI () - 100] to 60
D/ConnectivityService(  459): rematching NetworkAgentInfo [WIFI () - 100]
D/ConnectivityService(  459): Network NetworkAgentInfo [WIFI () - 100] was already satisfying request 1. No change.
D/ConnectivityService(  459): notifyType AVAILABLE for NetworkAgentInfo [WIFI () - 100]
D/ConnectivityManager.CallbackHandler(  663): CM callback handler got msg 524290
D/ConnectivityManager.CallbackHandler( 1010): CM callback handler got msg 524290
D/ConnectivityManager.CallbackHandler( 1089): CM callback handler got msg 524290
D/ConnectivityManager.CallbackHandler( 4595): CM callback handler got msg 524290
D/ConnectivityManager.CallbackHandler( 7664): CM callback handler got msg 524290
D/ConnectivityManager.CallbackHandler( 7641): CM callback handler got msg 524290
W/Wifi    ( 3847): Failed to read packet and byte counts from wifi interface
W/Wifi    ( 3847): Failed to read packet and byte counts from wifi interface
W/Wifi    ( 3847): Failed to read packet and byte counts from wifi interface
D/ConnectivityService(  459): updateNetworkScore for NetworkAgentInfo [WIFI () - 100] to 56
D/ConnectivityService(  459): rematching NetworkAgentInfo [WIFI () - 100]
D/ConnectivityService(  459): Network NetworkAgentInfo [WIFI () - 100] was already satisfying request 1. No change.
D/ConnectivityService(  459): notifyType AVAILABLE for NetworkAgentInfo [WIFI () - 100]
D/ConnectivityManager.CallbackHandler( 1010): CM callback handler got msg 524290
D/ConnectivityManager.CallbackHandler( 1089): CM callback handler got msg 524290
D/ConnectivityManager.CallbackHandler(  663): CM callback handler got msg 524290
D/ConnectivityManager.CallbackHandler( 4595): CM callback handler got msg 524290
D/ConnectivityManager.CallbackHandler( 7641): CM callback handler got msg 524290
D/ConnectivityManager.CallbackHandler( 7664): CM callback handler got msg 524290
W/Wifi    ( 3847): Failed to read packet and byte counts from wifi interface
W/Wifi    ( 3847): Failed to read packet and byte counts from wifi interface
W/Wifi    ( 3847): Failed to read packet and byte counts from wifi interface
W/Wifi    ( 3847): Failed to read packet and byte counts from wifi interface
W/Wifi    ( 3847): Failed to read packet and byte counts from wifi interface
E/WifiStateMachine(  459): WifiStateMachine CMD_START_SCAN source -2 txSuccessRate=0.84 rxSuccessRate=3.03 targetRoamBSSID=88:15:44:ac:03:df RSSI=-63
W/Wifi    ( 3847): Failed to read packet and byte counts from wifi interface
W/Wifi    ( 3847): Failed to read packet and byte counts from wifi interface
W/Wifi    ( 3847): Failed to read packet and byte counts from wifi interface
W/Wifi    ( 3847): Failed to read packet and byte counts from wifi interface
W/Wifi    ( 3847): Failed to read packet and byte counts from wifi interface
W/Wifi    ( 3847): Failed to read packet and byte counts from wifi interface
W/Wifi    ( 3847): Failed to read packet and byte counts from wifi interface
W/Wifi    ( 3847): Failed to read packet and byte counts from wifi interface
W/Wifi    ( 3847): Failed to read packet and byte counts from wifi interface
W/Wifi    ( 3847): Failed to read packet and byte counts from wifi interface
I/PlayCommon( 5713): [462] PlayEventLogger.uploadEventsImpl: Preparing logs for uploading
I/PlayCommon( 5713): [462] PlayEventLogger.uploadEventsImpl: No file ready to send
W/Wifi    ( 3847): Failed to read packet and byte counts from wifi interface
W/Wifi    ( 3847): Failed to read packet and byte counts from wifi interface
I/GeofencerStateMachine( 1049): sendNewLocationAvailability: availability=LocationAvailability[isLocationAvailable: false]
W/Wifi    ( 3847): Failed to read packet and byte counts from wifi interface
W/Wifi    ( 3847): Failed to read packet and byte counts from wifi interface
W/Wifi    ( 3847): Failed to read packet and byte counts from wifi interface
W/Wifi    ( 3847): Failed to read packet and byte counts from wifi interface
W/Wifi    ( 3847): Failed to read packet and byte counts from wifi interface
W/Wifi    ( 3847): Failed to read packet and byte counts from wifi interface
W/Wifi    ( 3847): Failed to read packet and byte counts from wifi interface
W/Wifi    ( 3847): Failed to read packet and byte counts from wifi interface
E/WifiStateMachine(  459): WifiStateMachine CMD_START_SCAN source -2 txSuccessRate=0.30 rxSuccessRate=4.54 targetRoamBSSID=88:15:44:ac:03:df RSSI=-64
W/Wifi    ( 3847): Failed to read packet and byte counts from wifi interface
W/Wifi    ( 3847): Failed to read packet and byte counts from wifi interface
W/Wifi    ( 3847): Failed to read packet and byte counts from wifi interface
W/Wifi    ( 3847): Failed to read packet and byte counts from wifi interface
W/Wifi    ( 3847): Failed to read packet and byte counts from wifi interface
W/Wifi    ( 3847): Failed to read packet and byte counts from wifi interface
W/Wifi    ( 3847): Failed to read packet and byte counts from wifi interface
W/Wifi    ( 3847): Failed to read packet and byte counts from wifi interface
W/Wifi    ( 3847): Failed to read packet and byte counts from wifi interface
W/Wifi    ( 3847): Failed to read packet and byte counts from wifi interface
W/Wifi    ( 3847): Failed to read packet and byte counts from wifi interface
W/Wifi    ( 3847): Failed to read packet and byte counts from wifi interface
W/Wifi    ( 3847): Failed to read packet and byte counts from wifi interface
W/Wifi    ( 3847): Failed to read packet and byte counts from wifi interface
W/Wifi    ( 3847): Failed to read packet and byte counts from wifi interface
D/ConnectivityService(  459): updateNetworkScore for NetworkAgentInfo [WIFI () - 100] to 60
D/ConnectivityService(  459): rematching NetworkAgentInfo [WIFI () - 100]
D/ConnectivityService(  459): Network NetworkAgentInfo [WIFI () - 100] was already satisfying request 1. No change.
D/ConnectivityService(  459): notifyType AVAILABLE for NetworkAgentInfo [WIFI () - 100]
D/ConnectivityManager.CallbackHandler(  663): CM callback handler got msg 524290
D/ConnectivityManager.CallbackHandler( 1089): CM callback handler got msg 524290
D/ConnectivityManager.CallbackHandler( 1010): CM callback handler got msg 524290
D/ConnectivityManager.CallbackHandler( 7664): CM callback handler got msg 524290
D/ConnectivityManager.CallbackHandler( 4595): CM callback handler got msg 524290
D/ConnectivityManager.CallbackHandler( 7641): CM callback handler got msg 524290
W/Wifi    ( 3847): Failed to read packet and byte counts from wifi interface
W/Wifi    ( 3847): Failed to read packet and byte counts from wifi interface
W/Wifi    ( 3847): Failed to read packet and byte counts from wifi interface
D/ConnectivityService(  459): updateNetworkScore for NetworkAgentInfo [WIFI () - 100] to 56
D/ConnectivityService(  459): rematching NetworkAgentInfo [WIFI () - 100]
D/ConnectivityService(  459): Network NetworkAgentInfo [WIFI () - 100] was already satisfying request 1. No change.
D/ConnectivityService(  459): notifyType AVAILABLE for NetworkAgentInfo [WIFI () - 100]
D/ConnectivityManager.CallbackHandler(  663): CM callback handler got msg 524290
D/ConnectivityManager.CallbackHandler( 1089): CM callback handler got msg 524290
D/ConnectivityManager.CallbackHandler( 4595): CM callback handler got msg 524290
D/ConnectivityManager.CallbackHandler( 7664): CM callback handler got msg 524290
D/ConnectivityManager.CallbackHandler( 7641): CM callback handler got msg 524290
D/ConnectivityManager.CallbackHandler( 1010): CM callback handler got msg 524290
I/DeviceStateChecker( 1089): screenOn: true, isCharging: true
W/Wifi    ( 3847): Failed to read packet and byte counts from wifi interface
W/Wifi    ( 3847): Failed to read packet and byte counts from wifi interface
E/WifiStateMachine(  459): WifiStateMachine CMD_START_SCAN source -2 txSuccessRate=0.93 rxSuccessRate=2.45 targetRoamBSSID=88:15:44:ac:03:df RSSI=-62
W/Wifi    ( 3847): Failed to read packet and byte counts from wifi interface
W/Wifi    ( 3847): Failed to read packet and byte counts from wifi interface
W/Wifi    ( 3847): Failed to read packet and byte counts from wifi interface
W/GAv4-SVC( 1010): Network compressed POST connection error: java.net.ConnectException: failed to connect to ssl.google-analytics.com/172.217.20.104 (port 443) after 60000ms: isConnected failed: EHOSTUNREACH (No route to host)
W/Wifi    ( 3847): Failed to read packet and byte counts from wifi interface
I/ActivityManager(  459): Killing 7664:com.google.android.youtube/u0a81 (adj 15): empty for 1800s
D/ConnectivityService(  459): ConnectivityService NetworkRequestInfo binderDied(NetworkRequest [ id=14, legacyType=-1, [ Capabilities: INTERNET&NOT_RESTRICTED&TRUSTED] ], android.os.BinderProxy@10c0412)
D/ConnectivityService(  459): releasing NetworkRequest NetworkRequest [ id=14, legacyType=-1, [ Capabilities: INTERNET&NOT_RESTRICTED&TRUSTED] ]
E/ConnectivityService(  459): RemoteException caught trying to send a callback msg for NetworkRequest [ id=14, legacyType=-1, [ Capabilities: INTERNET&NOT_RESTRICTED&TRUSTED] ]
I/ActivityManager(  459): Killing 7641:com.google.android.apps.maps/u0a60 (adj 15): empty for 1801s
D/ConnectivityService(  459): updateNetworkScore for NetworkAgentInfo [WIFI () - 100] to 60
D/ConnectivityService(  459): rematching NetworkAgentInfo [WIFI () - 100]
D/ConnectivityService(  459): Network NetworkAgentInfo [WIFI () - 100] was already satisfying request 1. No change.
D/ConnectivityService(  459): notifyType AVAILABLE for NetworkAgentInfo [WIFI () - 100]
D/ConnectivityManager.CallbackHandler(  663): CM callback handler got msg 524290
D/ConnectivityManager.CallbackHandler( 1089): CM callback handler got msg 524290
D/ConnectivityManager.CallbackHandler( 4595): CM callback handler got msg 524290
E/JavaBinder(  459): !!! FAILED BINDER TRANSACTION !!!
E/ConnectivityService(  459): RemoteException caught trying to send a callback msg for NetworkRequest [ id=15, legacyType=-1, [ Capabilities: INTERNET&NOT_RESTRICTED&TRUSTED] ]
D/ConnectivityManager.CallbackHandler( 1010): CM callback handler got msg 524290
D/ConnectivityService(  459): ConnectivityService NetworkRequestInfo binderDied(NetworkRequest [ id=15, legacyType=-1, [ Capabilities: INTERNET&NOT_RESTRICTED&TRUSTED] ], android.os.BinderProxy@134767e3)
D/ConnectivityService(  459): releasing NetworkRequest NetworkRequest [ id=15, legacyType=-1, [ Capabilities: INTERNET&NOT_RESTRICTED&TRUSTED] ]
E/ConnectivityService(  459): RemoteException caught trying to send a callback msg for NetworkRequest [ id=15, legacyType=-1, [ Capabilities: INTERNET&NOT_RESTRICTED&TRUSTED] ]
D/WifiService(  459): acquireWifiLockLocked: WifiLock{NlpWifiLock type=2 binder=android.os.BinderProxy@38c0036a}
E/WifiStateMachine(  459): WifiStateMachine CMD_START_SCAN source 10008 txSuccessRate=0.73 rxSuccessRate=3.11 targetRoamBSSID=88:15:44:ac:03:df RSSI=-60
I/vgn     ( 1049): 35-GetDeviceDataUploadOptInStatusOperation -- metadata{ service_id: 0 }
I/vgn     ( 1049): 35-GetDeviceDataUploadOptInStatusOperation -- metadata{ service_id: 0 }
I/ActivityManager(  459): Killing 5394:com.google.android.instantapps.supervisor/u0a90 (adj 15): empty for 1800s
W/Wifi    ( 3847): Failed to read packet and byte counts from wifi interface
I/Places  ( 1049): Converted 16 out of 26 WiFi scans
I/GeofencerStateMachine( 1049): sendNewTransitions called.
W/ctxmgr  ( 1049): [AclManager]No 2 for (accnt=account#-517948760#, com.google.android.gms(10008):IndoorOutdoorProducer, vrsn=12685000, 0, 3pPkg = null ,  3pMdlId = null ,  pid = 1049). Was: 3 for 57, account#-517948760#
W/ctxmgr  ( 1049): [AclManager]No 2 for (accnt=account#-517948760#, com.google.android.gms(10008):UserLocationProducer, vrsn=12685000, 0, 3pPkg = null ,  3pMdlId = null ,  pid = 1049). Was: 3 for 1, account#-517948760#
W/ctxmgr  ( 1049): [AclManager]No 2 for (accnt=account#1813920180#, com.google.android.gms(10008):UserLocationProducer, vrsn=12685000, 0, 3pPkg = null ,  3pMdlId = null ,  pid = 1049). Was: 2 for 1, account#1813920180#
W/ctxmgr  ( 1049): [AclManager]No 2 for (accnt=account#1644684176#, com.google.android.gms(10008):UserLocationProducer, vrsn=12685000, 0, 3pPkg = null ,  3pMdlId = null ,  pid = 1049). Was: 2 for 1, account#1644684176#
W/ctxmgr  ( 1049): [AclManager]No 2 for (accnt=account#-517948760#, com.google.android.gms(10008):UserVelocityProducer, vrsn=12685000, 0, 3pPkg = null ,  3pMdlId = null ,  pid = 1049). Was: 3 for 48, account#-517948760#
I/PlaceInferenceEngine( 1049): No beacon scan available - ignoring candidates.
W/System.err( 1049): java.net.ConnectException: failed to connect to www.google.com/216.58.212.132 (port 443) after 30000ms: isConnected failed: EHOSTUNREACH (No route to host)
W/System.err( 1049): 	at libcore.io.IoBridge.isConnected(IoBridge.java:238)
W/System.err( 1049): 	at libcore.io.IoBridge.connectErrno(IoBridge.java:171)
W/System.err( 1049): 	at libcore.io.IoBridge.connect(IoBridge.java:122)
W/System.err( 1049): 	at java.net.PlainSocketImpl.connect(PlainSocketImpl.java:183)
W/System.err( 1049): 	at java.net.PlainSocketImpl.connect(PlainSocketImpl.java:456)
W/System.err( 1049): 	at java.net.Socket.connect(Socket.java:882)
W/System.err( 1049): 	at com.android.okhttp.internal.Platform.connectSocket(Platform.java:174)
W/System.err( 1049): 	at com.android.okhttp.Connection.connect(Connection.java:152)
W/System.err( 1049): 	at com.android.okhttp.internal.http.HttpEngine.connect(HttpEngine.java:276)
W/System.err( 1049): 	at com.android.okhttp.internal.http.HttpEngine.sendRequest(HttpEngine.java:211)
W/System.err( 1049): 	at com.android.okhttp.internal.http.HttpURLConnectionImpl.execute(HttpURLConnectionImpl.java:382)
W/System.err( 1049): 	at com.android.okhttp.internal.http.HttpURLConnectionImpl.connect(HttpURLConnectionImpl.java:106)
W/System.err( 1049): 	at com.android.okhttp.internal.http.HttpURLConnectionImpl.getOutputStream(HttpURLConnectionImpl.java:217)
W/System.err( 1049): 	at com.android.okhttp.internal.http.DelegatingHttpsURLConnection.getOutputStream(DelegatingHttpsURLConnection.java:218)
W/System.err( 1049): 	at com.android.okhttp.internal.http.HttpsURLConnectionImpl.getOutputStream(HttpsURLConnectionImpl.java:25)
W/System.err( 1049): 	at bhaj.run(:com.google.android.gms@12685011@12.6.85 (020406-197041431):33)
W/System.err( 1049): 	at java.util.concurrent.ThreadPoolExecutor.runWorker(ThreadPoolExecutor.java:1112)
W/System.err( 1049): 	at java.util.concurrent.ThreadPoolExecutor$Worker.run(ThreadPoolExecutor.java:587)
W/System.err( 1049): 	at java.lang.Thread.run(Thread.java:818)
W/System.err( 1049): Caused by: android.system.ErrnoException: isConnected failed: EHOSTUNREACH (No route to host)
W/System.err( 1049): 	at libcore.io.IoBridge.isConnected(IoBridge.java:223)
W/System.err( 1049): 	... 18 more
D/WifiService(  459): releaseWifiLockLocked: WifiLock{NlpWifiLock type=2 binder=android.os.BinderProxy@38c0036a}
I/GeofencerStateMachine( 1049): sendNewLocationAvailability: availability=LocationAvailability[isLocationAvailable: true]
D/libgps  (  459): proxy_gps_inject_location: called.
W/Places  ( 1049): ?: Failed to download inference model weights
W/Places  ( 1049): com.android.volley.NoConnectionError: java.net.ConnectException: failed to connect to www.googleapis.com/172.217.20.106 (port 443) after 60000ms: isConnected failed: EHOSTUNREACH (No route to host)
W/Places  ( 1049): 	at com.android.volley.toolbox.BasicNetwork.performRequest(:com.google.android.gms@12685011@12.6.85 (020406-197041431):37)
W/Places  ( 1049): 	at oow.performRequest(:com.google.android.gms@12685011@12.6.85 (020406-197041431):17)
W/Places  ( 1049): 	at com.android.volley.NetworkDispatcher.a(:com.google.android.gms@12685011@12.6.85 (020406-197041431):7)
W/Places  ( 1049): 	at com.android.volley.NetworkDispatcher.run(:com.google.android.gms@12685011@12.6.85 (020406-197041431):2)
W/Places  ( 1049): Caused by: java.net.ConnectException: failed to connect to www.googleapis.com/172.217.20.106 (port 443) after 60000ms: isConnected failed: EHOSTUNREACH (No route to host)
W/Places  ( 1049): 	at libcore.io.IoBridge.isConnected(IoBridge.java:238)
W/Places  ( 1049): 	at libcore.io.IoBridge.connectErrno(IoBridge.java:171)
W/Places  ( 1049): 	at libcore.io.IoBridge.connect(IoBridge.java:122)
W/Places  ( 1049): 	at java.net.PlainSocketImpl.connect(PlainSocketImpl.java:183)
W/Places  ( 1049): 	at java.net.PlainSocketImpl.connect(PlainSocketImpl.java:456)
W/Places  ( 1049): 	at java.net.Socket.connect(Socket.java:882)
W/Places  ( 1049): 	at com.android.okhttp.internal.Platform.connectSocket(Platform.java:174)
W/Places  ( 1049): 	at com.android.okhttp.Connection.connect(Connection.java:152)
W/Places  ( 1049): 	at com.android.okhttp.internal.http.HttpEngine.connect(HttpEngine.java:276)
W/Places  ( 1049): 	at com.android.okhttp.internal.http.HttpEngine.sendRequest(HttpEngine.java:211)
W/Places  ( 1049): 	at com.android.okhttp.internal.http.HttpURLConnectionImpl.execute(HttpURLConnectionImpl.java:382)
W/Places  ( 1049): 	at com.android.okhttp.internal.http.HttpURLConnectionImpl.connect(HttpURLConnectionImpl.java:106)
W/Places  ( 1049): 	at com.android.okhttp.internal.http.HttpURLConnectionImpl.getOutputStream(HttpURLConnectionImpl.java:217)
W/Places  ( 1049): 	at com.android.okhttp.internal.http.DelegatingHttpsURLConnection.getOutputStream(DelegatingHttpsURLConnection.java:218)
W/Places  ( 1049): 	at com.android.okhttp.internal.http.HttpsURLConnectionImpl.getOutputStream(HttpsURLConnectionImpl.java:25)
W/Places  ( 1049): 	at wvs.a(:com.google.android.gms@12685011@12.6.85 (020406-197041431):60)
W/Places  ( 1049): 	at wvs.execute(:com.google.android.gms@12685011@12.6.85 (020406-197041431):8)
W/Places  ( 1049): 	at wvs.execute(:com.google.android.gms@12685011@12.6.85 (020406-197041431):7)
W/Places  ( 1049): 	at com.android.volley.toolbox.HttpClientStack.performRequest(:com.google.android.gms@12685011@12.6.85 (020406-197041431):16)
W/Places  ( 1049): 	at oov.performRequest(:com.google.android.gms@12685011@12.6.85 (020406-197041431):1)
W/Places  ( 1049): 	at bhq.executeRequest(:com.google.android.gms@12685011@12.6.85 (020406-197041431):1)
W/Places  ( 1049): 	at com.android.volley.toolbox.BasicNetwork.performRequest(:com.google.android.gms@12685011@12.6.85 (020406-197041431):11)
W/Places  ( 1049): 	... 3 more
W/Places  ( 1049): Caused by: android.system.ErrnoException: isConnected failed: EHOSTUNREACH (No route to host)
W/Places  ( 1049): 	at libcore.io.IoBridge.isConnected(IoBridge.java:223)
W/Places  ( 1049): 	... 24 more
W/PlaceInferenceEngine( 1049): Failed to download model weights. Status code: 7
I/PlayCommon( 8693): [161] com.google.android.play.b.g.f(543): Preparing logs for uploading
I/PlayCommon( 8693): [161] com.google.android.play.b.x.a(45): Connecting to server for timestamp: https://play.googleapis.com/play/log/timestamp
W/Wifi    ( 3847): Failed to read packet and byte counts from wifi interface
E/PlayCommon( 8693): [161] com.google.android.play.b.x.a(63): Failed to connect to server for server timestamp: java.net.ConnectException: failed to connect to play.googleapis.com/172.217.17.74 (port 443) after 10000ms: isConnected failed: EHOSTUNREACH (No route to host)
W/PlayCommon( 8693): [161] com.google.android.play.b.g.a(214): No account for auth token provided
I/PlayCommon( 8693): [161] com.google.android.play.b.g.a(792): Connecting to server: https://play.googleapis.com/play/log?format=raw&proto_v2=true
E/PlayCommon( 8693): [161] com.google.android.play.b.g.a(841): Failed to connect to server: java.net.ConnectException: failed to connect to play.googleapis.com/172.217.17.74 (port 443) after 10000ms: isConnected failed: EHOSTUNREACH (No route to host)
W/Wifi    ( 3847): Failed to read packet and byte counts from wifi interface
W/Wifi    ( 3847): Failed to read packet and byte counts from wifi interface
W/Wifi    ( 3847): Failed to read packet and byte counts from wifi interface
W/Wifi    ( 3847): Failed to read packet and byte counts from wifi interface
W/Wifi    ( 3847): Failed to read packet and byte counts from wifi interface
W/Wifi    ( 3847): Failed to read packet and byte counts from wifi interface
W/Wifi    ( 3847): Failed to read packet and byte counts from wifi interface
W/Wifi    ( 3847): Failed to read packet and byte counts from wifi interface
W/Wifi    ( 3847): Failed to read packet and byte counts from wifi interface
W/Wifi    ( 3847): Failed to read packet and byte counts from wifi interface
D/ConnectivityService(  459): updateNetworkScore for NetworkAgentInfo [WIFI () - 100] to 56
D/ConnectivityService(  459): rematching NetworkAgentInfo [WIFI () - 100]
D/ConnectivityService(  459): Network NetworkAgentInfo [WIFI () - 100] was already satisfying request 1. No change.
D/ConnectivityService(  459): notifyType AVAILABLE for NetworkAgentInfo [WIFI () - 100]
D/ConnectivityManager.CallbackHandler( 1010): CM callback handler got msg 524290
D/ConnectivityManager.CallbackHandler( 1089): CM callback handler got msg 524290
D/ConnectivityManager.CallbackHandler(  663): CM callback handler got msg 524290
D/ConnectivityManager.CallbackHandler( 4595): CM callback handler got msg 524290
W/Wifi    ( 3847): Failed to read packet and byte counts from wifi interface
W/Wifi    ( 3847): Failed to read packet and byte counts from wifi interface
W/Wifi    ( 3847): Failed to read packet and byte counts from wifi interface
W/Wifi    ( 3847): Failed to read packet and byte counts from wifi interface
E/WifiStateMachine(  459): WifiStateMachine CMD_START_SCAN source -2 txSuccessRate=1.63 rxSuccessRate=3.71 targetRoamBSSID=88:15:44:ac:03:df RSSI=-61
W/Wifi    ( 3847): Failed to read packet and byte counts from wifi interface
W/Wifi    ( 3847): Failed to read packet and byte counts from wifi interface
W/Wifi    ( 3847): Failed to read packet and byte counts from wifi interface
W/Wifi    ( 3847): Failed to read packet and byte counts from wifi interface
W/Wifi    ( 3847): Failed to read packet and byte counts from wifi interface
W/Wifi    ( 3847): Failed to read packet and byte counts from wifi interface
W/Wifi    ( 3847): Failed to read packet and byte counts from wifi interface
W/Wifi    ( 3847): Failed to read packet and byte counts from wifi interface
W/Wifi    ( 3847): Failed to read packet and byte counts from wifi interface
W/Wifi    ( 3847): Failed to read packet and byte counts from wifi interface
W/Wifi    ( 3847): Failed to read packet and byte counts from wifi interface
W/Wifi    ( 3847): Failed to read packet and byte counts from wifi interface
W/Wifi    ( 3847): Failed to read packet and byte counts from wifi interface
W/Wifi    ( 3847): Failed to read packet and byte counts from wifi interface
W/Wifi    ( 3847): Failed to read packet and byte counts from wifi interface
W/Wifi    ( 3847): Failed to read packet and byte counts from wifi interface
W/Wifi    ( 3847): Failed to read packet and byte counts from wifi interface
W/Wifi    ( 3847): Failed to read packet and byte counts from wifi interface
W/Wifi    ( 3847): Failed to read packet and byte counts from wifi interface
W/Wifi    ( 3847): Failed to read packet and byte counts from wifi interface
E/WifiStateMachine(  459): WifiStateMachine CMD_START_SCAN source -2 txSuccessRate=0.72 rxSuccessRate=4.08 targetRoamBSSID=88:15:44:ac:03:df RSSI=-61
W/Wifi    ( 3847): Failed to read packet and byte counts from wifi interface
W/Wifi    ( 3847): Failed to read packet and byte counts from wifi interface
W/Wifi    ( 3847): Failed to read packet and byte counts from wifi interface
D/ConnectivityService(  459): updateNetworkScore for NetworkAgentInfo [WIFI () - 100] to 60
D/ConnectivityService(  459): rematching NetworkAgentInfo [WIFI () - 100]
D/ConnectivityService(  459): Network NetworkAgentInfo [WIFI () - 100] was already satisfying request 1. No change.
D/ConnectivityService(  459): notifyType AVAILABLE for NetworkAgentInfo [WIFI () - 100]
D/ConnectivityManager.CallbackHandler( 1089): CM callback handler got msg 524290
D/ConnectivityManager.CallbackHandler(  663): CM callback handler got msg 524290
D/ConnectivityManager.CallbackHandler( 1010): CM callback handler got msg 524290
D/ConnectivityManager.CallbackHandler( 4595): CM callback handler got msg 524290
W/Wifi    ( 3847): Failed to read packet and byte counts from wifi interface
W/Wifi    ( 3847): Failed to read packet and byte counts from wifi interface
W/Wifi    ( 3847): Failed to read packet and byte counts from wifi interface
D/ConnectivityService(  459): updateNetworkScore for NetworkAgentInfo [WIFI () - 100] to 56
D/ConnectivityService(  459): rematching NetworkAgentInfo [WIFI () - 100]
D/ConnectivityService(  459): Network NetworkAgentInfo [WIFI () - 100] was already satisfying request 1. No change.
D/ConnectivityService(  459): notifyType AVAILABLE for NetworkAgentInfo [WIFI () - 100]
D/ConnectivityManager.CallbackHandler(  663): CM callback handler got msg 524290
D/ConnectivityManager.CallbackHandler( 1089): CM callback handler got msg 524290
D/ConnectivityManager.CallbackHandler( 1010): CM callback handler got msg 524290
D/ConnectivityManager.CallbackHandler( 4595): CM callback handler got msg 524290
W/Wifi    ( 3847): Failed to read packet and byte counts from wifi interface
W/Wifi    ( 3847): Failed to read packet and byte counts from wifi interface
W/Wifi    ( 3847): Failed to read packet and byte counts from wifi interface
W/Wifi    ( 3847): Failed to read packet and byte counts from wifi interface
W/Wifi    ( 3847): Failed to read packet and byte counts from wifi interface
W/Wifi    ( 3847): Failed to read packet and byte counts from wifi interface
W/Wifi    ( 3847): Failed to read packet and byte counts from wifi interface
W/Wifi    ( 3847): Failed to read packet and byte counts from wifi interface
W/Wifi    ( 3847): Failed to read packet and byte counts from wifi interface
W/Wifi    ( 3847): Failed to read packet and byte counts from wifi interface
W/Wifi    ( 3847): Failed to read packet and byte counts from wifi interface
W/Wifi    ( 3847): Failed to read packet and byte counts from wifi interface
W/Wifi    ( 3847): Failed to read packet and byte counts from wifi interface
W/Wifi    ( 3847): Failed to read packet and byte counts from wifi interface
E/WifiStateMachine(  459): WifiStateMachine CMD_START_SCAN source -2 txSuccessRate=0.57 rxSuccessRate=1.74 targetRoamBSSID=88:15:44:ac:03:df RSSI=-64
W/Wifi    ( 3847): Failed to read packet and byte counts from wifi interface
W/Wifi    ( 3847): Failed to read packet and byte counts from wifi interface
W/Wifi    ( 3847): Failed to read packet and byte counts from wifi interface
W/Wifi    ( 3847): Failed to read packet and byte counts from wifi interface
I/vgn     ( 1049): 35-GetDeviceDataUploadOptInStatusOperation -- metadata{ service_id: 0 }
I/vgn     ( 1049): 35-GetDeviceDataUploadOptInStatusOperation -- metadata{ service_id: 0 }
W/Wifi    ( 3847): Failed to read packet and byte counts from wifi interface
W/Wifi    ( 3847): Failed to read packet and byte counts from wifi interface
W/Wifi    ( 3847): Failed to read packet and byte counts from wifi interface
W/Wifi    ( 3847): Failed to read packet and byte counts from wifi interface
W/Wifi    ( 3847): Failed to read packet and byte counts from wifi interface
W/Wifi    ( 3847): Failed to read packet and byte counts from wifi interface
W/Wifi    ( 3847): Failed to read packet and byte counts from wifi interface
W/Wifi    ( 3847): Failed to read packet and byte counts from wifi interface
W/Wifi    ( 3847): Failed to read packet and byte counts from wifi interface
W/Wifi    ( 3847): Failed to read packet and byte counts from wifi interface
W/Wifi    ( 3847): Failed to read packet and byte counts from wifi interface
W/Wifi    ( 3847): Failed to read packet and byte counts from wifi interface
W/Wifi    ( 3847): Failed to read packet and byte counts from wifi interface
W/Wifi    ( 3847): Failed to read packet and byte counts from wifi interface
W/Wifi    ( 3847): Failed to read packet and byte counts from wifi interface
W/Wifi    ( 3847): Failed to read packet and byte counts from wifi interface
E/WifiStateMachine(  459): WifiStateMachine CMD_START_SCAN source -2 txSuccessRate=1.61 rxSuccessRate=5.82 targetRoamBSSID=88:15:44:ac:03:df RSSI=-64
W/Wifi    ( 3847): Failed to read packet and byte counts from wifi interface
W/Wifi    ( 3847): Failed to read packet and byte counts from wifi interface
W/Wifi    ( 3847): Failed to read packet and byte counts from wifi interface
