--------- beginning of system
W/PackageManager(  471): Unknown permission org.chromium.arc.apkcacheprovider.permission.READ_CACHE in package com.android.vending
W/PackageManager(  471): Unknown permission org.chromium.arc.apkcacheprovider.permission.WRITE_CACHE in package com.android.vending
W/PackageManager(  471): Unknown permission android.Manifest.permission.SUBSTITUTE_NOTIFICATION_APP_NAME in package com.android.vending
W/PackageManager(  471): Unknown permission android.permission.READ_RUNTIME_PROFILES in package com.android.vending
W/PackageManager(  471): Unknown permission android.permission.FOREGROUND_SERVICE in package com.android.vending
W/PackageManager(  471): Unknown permission android.permission.NFC_UNLOCK in package com.android.nfc
W/PackageManager(  471): Unknown permission com.android.launcher.permission.READ_SETTINGS in package com.google.android.launcher
W/PackageManager(  471): Unknown permission com.android.launcher.permission.WRITE_SETTINGS in package com.google.android.launcher
W/PackageManager(  471): Unknown permission com.google.android.gm.exchange.BIND in package com.google.android.gm
W/PackageManager(  471): Unknown permission com.android.email.partnerprovider.PARTNER_PROVIDER in package com.google.android.gm
W/PackageManager(  471): Unknown permission android.permission.READ_OWNER_DATA in package com.google.android.setupwizard
W/PackageManager(  471): Unknown permission android.permission.WRITE_OWNER_DATA in package com.google.android.setupwizard
W/PackageManager(  471): Unknown permission com.samsung.android.providers.context.permission.WRITE_USE_APP_FEATURE_SURVEY in package com.google.android.music
W/PackageManager(  471): Not granting permission android.permission.WRITE_MEDIA_STORAGE to package com.estrongs.android.pop (protectionLevel=18 flags=0x58be44)
W/PackageManager(  471): Unknown permission android.permission.ACCESS_SUPERUSER in package com.estrongs.android.pop
W/PackageManager(  471): Unknown permission .PERMISSION in package com.estrongs.android.pop
W/PackageManager(  471): Unknown permission android.permission.WRITE_SYNC_STATS in package com.google.android.apps.docs
W/PackageManager(  471): Unknown permission com.google.googlenav.friend.permission.OPT_IN in package com.google.android.apps.plus
W/PackageManager(  471): Unknown permission com.android.launcher.permission.PRELOAD_WORKSPACE in package com.google.android.nfcprovision
W/PackageManager(  471): Unknown permission com.opera.browser.permission.GET_PREINSTALL_DATA in package com.opera.browser
W/PackageManager(  471): Unknown permission com.opera.android.browser.permission.NEWS_ID_VIEW in package com.opera.browser
W/PackageManager(  471): Unknown permission android.permission.GET_ACCOUNTS_PRIVILEGED in package com.google.android.contacts
W/PackageManager(  471): Not granting permission com.google.android.gm.permission.READ_GMAIL to package com.google.android.contacts (protectionLevel=2 flags=0x4049bec5)
W/PackageManager(  471): Unknown permission com.google.android.permission.PROVIDE_BACKGROUND in package com.google.android.apps.fitness
W/PackageManager(  471): Unknown permission com.chrome.permission.DEVICE_EXTRAS in package com.android.chrome
W/PackageManager(  471): Unknown permission com.sec.enterprise.knox.MDM_CONTENT_PROVIDER in package com.android.chrome
W/PackageManager(  471): Unknown permission android.permission.OBSERVE_GRANT_REVOKE_PERMISSIONS in package com.google.android.gms
W/PackageManager(  471): Unknown permission android.permission.MANAGE_SOUND_TRIGGER in package com.google.android.gms
W/PackageManager(  471): Unknown permission android.permission.DISPATCH_PROVISIONING_MESSAGE in package com.google.android.gms
W/PackageManager(  471): Unknown permission android.permission.RECOVER_KEYSTORE in package com.google.android.gms
W/PackageManager(  471): Unknown permission android.permission.PRE_FACTORY_RESET in package com.google.android.gms
W/PackageManager(  471): Not granting permission android.permission.READ_PRIVILEGED_PHONE_STATE to package com.google.android.gms (protectionLevel=18 flags=0xc0483ec5)
W/PackageManager(  471): Unknown permission android.permission.CONNECTIVITY_USE_RESTRICTED_NETWORKS in package com.google.android.gms
W/PackageManager(  471): Unknown permission android.permission.USE_FINGERPRINT in package com.google.android.gms
W/PackageManager(  471): Unknown permission android.permission.SEND_SMS_NO_CONFIRMATION in package com.google.android.gms
W/PackageManager(  471): Unknown permission com.google.android.wearable.WRITE_SETTINGS in package com.google.android.gms
W/PackageManager(  471): Unknown permission com.felicanetworks.mfc.permission.MFC_ACCESS in package com.google.android.gms
W/PackageManager(  471): Unknown permission com.felicanetworks.mfc.mfi.permission.MFI_ACCESS in package com.google.android.gms
W/PackageManager(  471): Not granting permission android.permission.BIND_NOTIFICATION_LISTENER_SERVICE to package com.google.android.gms (protectionLevel=2 flags=0xc0483ec5)
W/PackageManager(  471): Unknown permission android.permission.ACCESS_NOTIFICATION_POLICY in package com.google.android.gms
W/PackageManager(  471): Unknown permission android.permission.TETHER_PRIVILEGED in package com.google.android.gms
W/PackageManager(  471): Unknown permission android.permission.READ_OEM_UNLOCK_STATE in package com.google.android.gms
W/PackageManager(  471): Unknown permission android.permission.OVERRIDE_WIFI_CONFIG in package com.google.android.gms
W/PackageManager(  471): Unknown permission android.car.permission.ADJUST_CAR_CABIN in package com.google.android.gms
W/PackageManager(  471): Unknown permission android.car.permission.ADJUST_CAR_CLIMATE in package com.google.android.gms
W/PackageManager(  471): Unknown permission com.google.android.permission.ACCESSIBILITY_SCAN_SERVICE in package com.google.android.gms
W/PackageManager(  471): Not granting permission android.permission.START_TASKS_FROM_RECENTS to package com.google.android.gms (protectionLevel=18 flags=0xc0483ec5)
W/PackageManager(  471): Not granting permission android.permission.MANAGE_ACTIVITY_STACKS to package com.google.android.gms (protectionLevel=18 flags=0xc0483ec5)
W/PackageManager(  471): Unknown permission android.permission.ACTIVITY_EMBEDDING in package com.google.android.gms
W/PackageManager(  471): Unknown permission android.permission.PROVIDE_RESOLVER_RANKER_SERVICE in package com.google.android.gms
W/PackageManager(  471): Unknown permission com.google.android.wearable.READ_SETTINGS in package com.google.android.gms
W/PackageManager(  471): Unknown permission android.permission.INTENT_FILTER_VERIFICATION_AGENT in package com.google.android.gms
W/PackageManager(  471): Unknown permission android.permission.LOCAL_MAC_ADDRESS in package com.google.android.gms
W/PackageManager(  471): Unknown permission android.permission.CHANGE_DEVICE_IDLE_TEMP_WHITELIST in package com.google.android.gms
W/PackageManager(  471): Unknown permission android.permission.SUBSTITUTE_NOTIFICATION_APP_NAME in package com.google.android.gms
W/PackageManager(  471): Unknown permission android.permission.MANAGE_SUBSCRIPTION_PLANS in package com.google.android.gms
W/PackageManager(  471): Not granting permission android.permission.REGISTER_CALL_PROVIDER to package com.google.android.gms (protectionLevel=18 flags=0xc0483ec5)
W/PackageManager(  471): Unknown permission android.permission.NOTIFY_PENDING_SYSTEM_UPDATE in package com.google.android.gms
W/PackageManager(  471): Unknown permission com.google.android.gms.game.notifications.permission.WRITE in package com.google.android.gms
W/PackageManager(  471): Unknown permission com.android.launcher.permission.PRELOAD_WORKSPACE in package com.google.android.partnersetup
W/PackageManager(  471): Unknown permission com.google.android.gm.exchange.BIND in package com.google.android.calendar
W/PackageManager(  471): Not granting permission android.permission.CONTROL_KEYGUARD to package com.google.android.gsf.login (protectionLevel=2 flags=0x4048be45)
W/PackageManager(  471): Unknown permission com.android.vending.billing.IBillingAccountService.BIND2 in package com.google.android.gsf.login
W/PackageManager(  471): Unknown permission com.android.launcher.permission.READ_SETTINGS in package com.android.settings
W/PackageManager(  471): Unknown permission com.android.launcher.permission.WRITE_SETTINGS in package com.android.settings
W/PackageManager(  471): Unknown permission com.android.smspush.WAPPUSH_MANAGER_BIND in package com.android.phone
W/PackageManager(  471): Not granting permission android.permission.BATTERY_STATS to package com.quicinc.trepn (protectionLevel=50 flags=0x8be44)
W/PackageManager(  471): Unknown permission android.permission.OVERRIDE_WIFI_CONFIG in package com.google.android.apps.gcs
W/PackageManager(  471): Unknown permission com.android.gallery3d.permission.GALLERY_PROVIDER in package com.android.bluetooth
W/PackageManager(  471): Unknown permission android.permission.MMS_SEND_OUTBOX_MSG in package com.android.bluetooth
W/PackageManager(  471): Not granting permission android.permission.BIND_WALLPAPER to package com.google.android.GoogleCamera (protectionLevel=18 flags=0x583c45)
D/ConnectivityService(  471): wifiOnly=true
E/ConnectivityService(  471): Ignoring protectedNetwork 10
E/ConnectivityService(  471): Ignoring protectedNetwork 11
E/ConnectivityService(  471): Ignoring protectedNetwork 12
E/ConnectivityService(  471): Ignoring protectedNetwork 14
E/ConnectivityService(  471): Ignoring protectedNetwork 15
I/SystemServer(  471): Network Service Discovery Service
D/NsdService(  471): Network service discovery enabled true
I/SystemServer(  471): UpdateLock Service
I/fstrim  (  150): Trimmed 1254096896 bytes on /data
I/fstrim  (  150): Invoking FITRIM ioctl on /data
I/UsageStatsService(  471): User[0] Rollover scheduled @ 2018-06-17 02:00:00(1529193600000)
I/UsageStatsService(  471): User[0] Rolling over usage stats complete. Took 1839 milliseconds
I/fstrim  (  150): Trimmed 1254096896 bytes on /data
E/fstrim  (  150): Cannot stat mount point none
I/fstrim  (  150): Finished fstrim work.
I/SystemServiceManager(  471): Starting com.android.server.notification.NotificationManagerService
I/SystemServiceManager(  471): Starting com.android.server.storage.DeviceStorageMonitorService
I/SystemServer(  471): Location Manager
I/SystemServer(  471): Country Detector
I/SystemServer(  471): Search Service
I/SystemServer(  471): DropBox Service
I/SystemServer(  471): Wallpaper Service
I/SystemServer(  471): Audio Service
I/SystemServiceManager(  471): Starting com.android.server.DockObserver
W/DockObserver(  471): This kernel does not have dock station support
I/SystemServer(  471): Wired Accessory Manager
W/WiredAccessoryManager(  471): This kernel does not have HDMI audio support
I/SystemServiceManager(  471): Starting com.android.server.usb.UsbService$Lifecycle
I/SystemServer(  471): Serial Service
I/SystemServiceManager(  471): Starting com.android.server.twilight.TwilightService
I/SystemServiceManager(  471): Starting com.android.server.UiModeManagerService
I/SystemServiceManager(  471): Starting com.android.server.job.JobSchedulerService
D/JobStore(  471): job-info
I/SystemServiceManager(  471): Starting com.android.server.backup.BackupManagerService$Lifecycle
I/SystemServiceManager(  471): Starting com.android.server.appwidget.AppWidgetService
I/SystemServiceManager(  471): Starting com.android.server.voiceinteraction.VoiceInteractionManagerService
I/SystemServer(  471): DiskStats Service
I/SystemServer(  471): SamplingProfiler Service
I/SystemServer(  471): NetworkTimeUpdateService
I/SystemServer(  471): CommonTimeManagementService
I/SystemServer(  471): CertBlacklister
I/SystemServiceManager(  471): Starting com.android.server.dreams.DreamManagerService
I/SystemServer(  471): Assets Atlas Service
I/SystemServiceManager(  471): Starting com.android.server.print.PrintManagerService
I/SystemServiceManager(  471): Starting com.android.server.restrictions.RestrictionsManagerService
I/SystemServiceManager(  471): Starting com.android.server.media.MediaSessionService
I/SystemServer(  471): Media Router Service
I/SystemServiceManager(  471): Starting com.android.server.trust.TrustManagerService
I/SystemServiceManager(  471): Starting com.android.server.fingerprint.FingerprintService
I/SystemServer(  471): BackgroundDexOptService
I/SystemServiceManager(  471): Starting com.android.server.pm.LauncherAppsService
I/SystemServiceManager(  471): Starting com.android.server.media.projection.MediaProjectionManagerService
I/SystemServiceManager(  471): Starting com.android.server.MmsServiceBroker
I/SystemServiceManager(  471): Starting phase 480
I/SystemServiceManager(  471): Starting phase 500
I/WifiService(  471): WifiService starting up with Wi-Fi enabled
D/WifiService(  471): setWifiEnabled: true pid=471, uid=1000
E/WifiService(  471): Invoking mWifiStateMachine.setWifiEnabled
D/WifiService(  471): New client listening to asynchronous messages
D/WifiScanningService(  471): New client, channel: null messenger: null
D/ConnectivityService(  471): Got NetworkFactory Messenger for Ethernet
I/ActivityManager(  471): Config changes=200 {1.0 ?mcc?mnc en_US ldltr sw768dp w768dp h951dp 320dpi xlrg port finger -keyb/v/h -nav/h s.5}
W/BroadcastQueue(  471): pending app  [foreground]ProcessRecord{1a781b62 0:android.process.acore/u0a3} died before responding to broadcast
V/BackupManagerService(  471): No ancestral data
D/BackupManagerService(  471): Now staging backup of com.google.android.youtube
D/BackupManagerService(  471): Now staging backup of com.halfbrick.fruitninjafree
D/BackupManagerService(  471): Now staging backup of com.google.android.googlequicksearchbox
D/BackupManagerService(  471): Now staging backup of com.google.android.apps.docs.editors.docs
D/BackupManagerService(  471): Now staging backup of com.google.android.apps.docs.editors.sheets
D/BackupManagerService(  471): Now staging backup of com.google.android.apps.genie.geniewidget
D/BackupManagerService(  471): Now staging backup of com.android.vending
D/BackupManagerService(  471): Now staging backup of com.google.android.marvin.talkback
D/BackupManagerService(  471): Now staging backup of android
D/BackupManagerService(  471): Now staging backup of com.android.nfc
D/BackupManagerService(  471): Now staging backup of com.google.android.deskclock
D/BackupManagerService(  471): Now staging backup of com.google.android.gm
D/BackupManagerService(  471): Now staging backup of com.android.providers.settings
D/BackupManagerService(  471): Now staging backup of com.android.sharedstoragebackup
D/BackupManagerService(  471): Now staging backup of com.google.android.music
D/BackupManagerService(  471): Now staging backup of com.google.android.apps.cloudprint
D/BackupManagerService(  471): Now staging backup of com.google.android.apps.docs
D/BackupManagerService(  471): Now staging backup of com.google.android.apps.maps
D/BackupManagerService(  471): Now staging backup of com.google.android.apps.plus
D/BackupManagerService(  471): Now staging backup of com.google.android.contacts
D/BackupManagerService(  471): Now staging backup of com.google.android.apps.fitness
D/BackupManagerService(  471): Now staging backup of com.android.chrome
D/BackupManagerService(  471): Now staging backup of com.google.android.videos
D/BackupManagerService(  471): Now staging backup of com.google.android.apps.photos
D/BackupManagerService(  471): Now staging backup of com.google.android.calendar
D/BackupManagerService(  471): Now staging backup of com.google.android.apps.books
D/BackupManagerService(  471): Now staging backup of com.google.android.keep
D/BackupManagerService(  471): Now staging backup of com.google.android.talk
D/BackupManagerService(  471): Now staging backup of com.android.providers.userdictionary
D/BackupManagerService(  471): Now staging backup of com.google.android.play.games
D/BackupManagerService(  471): Now staging backup of com.google.android.apps.magazines
D/BackupManagerService(  471): Now staging backup of com.google.android.apps.gcs
D/BackupManagerService(  471): Now staging backup of com.google.earth
D/BackupManagerService(  471): Now staging backup of com.google.android.inputmethod.latin
V/BackupManagerService(  471): Starting with transport com.google.android.gms/.backup.BackupTransportService
V/BackupManagerService(  471): Found transports: 2
I/BackupManagerService(  471): Binding to transport host ComponentInfo{android/com.android.internal.backup.LocalTransportService}
I/BackupManagerService(  471): Binding to transport host ComponentInfo{com.google.android.gms/com.google.android.gms.backup.BackupTransportService}
I/BackupManagerService(  471): Found stale backup journal, scheduling
I/DisplayManagerService(  471): Display device changed: DisplayDeviceInfo{"Built-in Screen": uniqueId="local:0", 1536 x 2048, 59.0 fps, supportedRefreshRates [59.0], density 320, 288.995 x 288.995 dpi, appVsyncOff 0, presDeadline 17949152, touch INTERNAL, rotation 0, type BUILT_IN, state ON, FLAG_DEFAULT_DISPLAY, FLAG_ROTATES_WITH_CONTENT, FLAG_SECURE, FLAG_SUPPORTS_PROTECTED_BUFFERS}
I/AppOps  (  471): Pruning old package media/1013: new uid=-1
I/ActivityManager(  471): System now ready
I/SystemServer(  471): Making services ready
I/SystemServiceManager(  471): Starting phase 550
I/SystemServer(  471): WebViewFactory preparation
I/ActivityManager(  471): Start proc 661:WebViewLoader-armeabi-v7a/1037 [android.webkit.WebViewFactory$RelroFileCreator] for 
I/ActivityManager(  471): Start proc 675:WebViewLoader-arm64-v8a/1037 [android.webkit.WebViewFactory$RelroFileCreator] for 
I/ActivityManager(  471): Start proc 692:com.android.systemui/u0a22 for service com.android.systemui/.SystemUIService
W/MountService(  471): Duplicate state transition (mounted -> mounted) for /storage/emulated/0
I/ActivityManager(  471): Start proc 709:android.process.media/u0a5 for broadcast com.android.providers.media/.MtpReceiver
D/NetworkManagementService(  471): enabling bandwidth control
V/FingerprintService(  471): startListening(android.service.fingerprint.IFingerprintServiceReceiver$Stub$Proxy@21c6691b)
W/ResourcesManager(  471): Asset path '/system/framework/com.google.android.maps.jar' does not exist or contains no resources.
I/SystemServiceManager(  471): Starting phase 600
I/BackupManagerService(  471): Backup enabled => false
I/BackupManagerService(  471): Opting out of backup
I/ActivityManager(  471): Start proc 889:com.google.android.googlequicksearchbox:interactor/u0a24 for service com.google.android.googlequicksearchbox/com.google.android.voiceinteraction.GsaVoiceInteractionService
E/InputMethodManagerService(  471): Ignoring setImeWindowStatus due to an invalid token. uid:1000 token:null
I/StatusBarManagerService(  471): registerStatusBar bar=com.android.internal.statusbar.IStatusBar$Stub$Proxy@297c7d5f
I/ActivityManager(  471): Start proc 910:com.google.android.inputmethod.latin/u0a58 for service com.google.android.inputmethod.latin/com.android.inputmethod.latin.LatinIME
V/InputMethodManagerService(  471): Adding window token: android.os.Binder@2b681662
E/LocationManagerService(  471): FLP HAL not supported
E/LocationManagerService(  471): Hardware Activity-Recognition not supported.
I/MmsServiceBroker(  471): Delay connecting to MmsService until an API is called
I/ActivityManager(  471): Start proc 939:com.android.nfc/1027 for added application com.android.nfc
I/ActivityManager(  471): Start proc 960:com.android.phone/1001 for added application com.android.phone
I/ActivityManager(  471): START u0 {act=android.intent.action.MAIN cat=[android.intent.category.HOME] flg=0x10000000 cmp=com.google.android.googlequicksearchbox/com.google.android.launcher.GEL} from uid 0 on display 0
V/WindowManager(  471): addAppToken: AppWindowToken{eb8c77e token=Token{388d0539 ActivityRecord{4170900 u0 com.google.android.googlequicksearchbox/com.google.android.launcher.GEL t4214}}} to stack=0 task=4214 at 0
I/ActivityManager(  471): Start proc 980:com.google.android.googlequicksearchbox/u0a24 for activity com.google.android.googlequicksearchbox/com.google.android.launcher.GEL
V/ActivityManager(  471): Display changed displayId=0
W/BroadcastQueue(  471): pending app  [foreground]ProcessRecord{1a781b62 0:android.process.acore/u0a3} died before responding to broadcast
I/ActivityManager(  471): Start proc 1007:android.process.acore/u0a3 for broadcast com.android.providers.contacts/.LocaleChangeReceiver
V/ActivityManager(  471): Display changed displayId=0
V/ActivityManager(  471): Display changed displayId=0
I/Telecom (  471): TelecomGlobals: TelecomGlobals initializing
I/Telecom (  471): TelecomGlobals: CallsManager initialized
W/ContextImpl(  471): Calling a method in the system process without a qualified user: android.app.ContextImpl.startService:1692 android.content.ContextWrapper.startService:516 com.android.server.telecom.BluetoothPhoneService.start:440 com.android.server.telecom.TelecomGlobals.initialize:93 com.android.server.telecom.TelecomService.onCreate:164 
I/ValidateNoPeople(  471): skipping global notification
I/ValidateNoPeople(  471): skipping global notification
V/WiredAccessoryManager(  471): init()
V/BackupManagerService(  471): Connected to transport ComponentInfo{android/com.android.internal.backup.LocalTransportService}
V/BackupManagerService(  471): Registering transport android/com.android.internal.backup.LocalTransportService::android/com.android.internal.backup.LocalTransport = android.app.backup.BackupTransport$TransportImpl@ffdb5c0
I/ActivityManager(  471): Start proc 1040:com.google.android.gms/u0a8 for broadcast com.google.android.gms/.games.chimera.GamesSystemBroadcastReceiverProxy
I/ActivityManager(  471): Start proc 1061:com.google.android.googlequicksearchbox:search/u0a24 for service com.google.android.googlequicksearchbox/com.google.android.hotword.service.HotwordService
W/ResourcesManager( 1040): Asset path '/system/framework/com.android.media.remotedisplay.jar' does not exist or contains no resources.
W/ResourcesManager( 1040): Asset path '/system/framework/com.android.location.provider.jar' does not exist or contains no resources.
D/WifiService(  471): New client listening to asynchronous messages
E/ConnectivityService(  471): Failed to find Messenger in unregisterNetworkFactory
D/ConnectivityService(  471): Got NetworkFactory Messenger for Telephony
W/ResourcesManager(  960): Asset path '/system/framework/com.google.android.media.effects.jar' does not exist or contains no resources.
I/ActivityManager(  471): Start proc 1091:com.google.process.gapps/u0a8 for content provider com.google.android.gsf/.gservices.GservicesProvider
D/ConnectivityService(  471): listenForNetwork for NetworkRequest [ id=2, legacyType=-1, [] ]
I/ActivityManager(  471): Start proc 1148:com.google.android.apps.maps/u0a60 for service com.google.android.apps.maps/com.google.android.apps.gmm.offline.update.OfflineAutoUpdateJobService
I/ActivityManager(  471): Start proc 1173:com.google.android.gms.persistent/u0a8 for broadcast com.google.android.gms/com.google.android.location.internal.NlpNetworkProviderSettingsUpdateReceiver
E/WifiP2pService(  471): Unable to change interface settings: java.lang.IllegalStateException: command '26 interface setcfg p2p0 0.0.0.0 0 up' failed with '400 26 Failed to set address (No such device)'
D/ConnectivityService(  471): Got NetworkFactory Messenger for WIFI
D/ConnectivityService(  471): Got NetworkFactory Messenger for WIFI_UT
W/ResourcesManager( 1173): Asset path '/system/framework/com.android.media.remotedisplay.jar' does not exist or contains no resources.
W/ResourcesManager( 1173): Asset path '/system/framework/com.android.location.provider.jar' does not exist or contains no resources.
V/ActivityManager(  471): Display changed displayId=0
V/WindowManager(  471): Based on layer: Adding window Window{9172ebb u0 com.google.android.googlequicksearchbox/com.google.android.launcher.GEL} at 0 of 6
I/ActivityManager(  471): Start proc 1258:com.android.printspooler/u0a74 for service com.android.printspooler/.model.PrintSpoolerService
D/WifiService(  471): New client listening to asynchronous messages
I/ActivityManager(  471): Start proc 1291:com.google.android.partnersetup/u0a12 for content provider com.google.android.partnersetup/.RlzAppProvider
W/WindowManager(  471): Window freeze timeout expired.
W/WindowManager(  471): Force clearing orientation change: Window{1517bad u0 NavigationBar}
W/WindowManager(  471): Force clearing orientation change: Window{3bff788a u0 StatusBar}
W/SoundModelDBHelper(  471): No SoundModel available for the given keyphrase
I/SystemServiceManager(  471): Starting phase 1000
W/KeyguardServiceDelegate(  471): onScreenTurnedOn(): no keyguard service!
V/BackupManagerService(  471): Connected to transport ComponentInfo{com.google.android.gms/com.google.android.gms.backup.BackupTransportService}
V/BackupManagerService(  471): Registering transport com.google.android.gms/.backup.BackupTransportService::com.google.android.gms/.backup.BackupTransportService = com.android.internal.backup.IBackupTransport$Stub$Proxy@2683c888
I/ActivityManager(  471): Start proc 1366:com.google.android.youtube/u0a81 for broadcast com.google.android.youtube/com.google.android.apps.youtube.app.application.system.LocaleUpdatedReceiver
W/WindowManager(  471): Keyguard drawn timeout. Setting mKeyguardDrawComplete
D/WifiService(  471): New client listening to asynchronous messages
W/ResourcesManager(  471): Asset path '/system/framework/com.google.widevine.software.drm.jar' does not exist or contains no resources.
W/ResourcesManager(  471): Asset path '/system/framework/com.google.android.maps.jar' does not exist or contains no resources.
D/WifiService(  471): New client listening to asynchronous messages
W/ResourcesManager( 1366): Asset path '/system/framework/com.android.media.remotedisplay.jar' does not exist or contains no resources.
W/ResourcesManager( 1366): Asset path '/system/framework/com.android.location.provider.jar' does not exist or contains no resources.
E/JobServiceContext(  471): Time-out while trying to bind com.google.android.apps.maps/com.google.android.apps.gmm.offline.update.OfflineAutoUpdateJobService jId=137303609, u0, dropping.
D/ConnectivityService(  471): listenForNetwork for NetworkRequest [ id=3, legacyType=-1, [ Capabilities: INTERNET&NOT_RESTRICTED&TRUSTED] ]
I/ActivityManager(  471): Start proc 1559:com.android.vending/u0a18 for broadcast com.android.vending/com.google.android.finsky.userlanguages.LocaleChangedReceiver
D/VoldCmdListener(  150): cryptfs getpwtype
W/ResourcesManager( 1040): Asset path '/system/framework/com.google.widevine.software.drm.jar' does not exist or contains no resources.
D/ConnectivityService(  471): listenForNetwork for NetworkRequest [ id=4, legacyType=-1, [ Capabilities: INTERNET&NOT_RESTRICTED&TRUSTED] ]
W/ResourcesManager( 1040): Asset path '/system/framework/com.google.android.media.effects.jar' does not exist or contains no resources.
W/ResourcesManager( 1148): Asset path '/system/framework/com.android.media.remotedisplay.jar' does not exist or contains no resources.
W/ResourcesManager( 1148): Asset path '/system/framework/com.android.location.provider.jar' does not exist or contains no resources.
I/ActivityManager(  471): Start proc 1676:com.google.android.calendar/u0a32 for broadcast com.google.android.calendar/.alerts.AlertReceiver
I/ActivityManager(  471): Start proc 1691:com.estrongs.android.pop/u0a89 for broadcast com.estrongs.android.pop/com.duapps.ad.video.NetworkStateReceiver
D/ConnectivityService(  471): ConnectivityService NetworkRequestInfo binderDied(NetworkRequest [ id=4, legacyType=-1, [ Capabilities: INTERNET&NOT_RESTRICTED&TRUSTED] ], android.os.BinderProxy@3b9fce3a)
D/ConnectivityService(  471): releasing NetworkRequest NetworkRequest [ id=4, legacyType=-1, [ Capabilities: INTERNET&NOT_RESTRICTED&TRUSTED] ]
E/ConnectivityService(  471): RemoteException caught trying to send a callback msg for NetworkRequest [ id=4, legacyType=-1, [ Capabilities: INTERNET&NOT_RESTRICTED&TRUSTED] ]
I/ActivityManager(  471): Process com.android.vending (pid 1559) has died
I/ActivityManager(  471): Start proc 1715:com.android.providers.calendar/u0a2 for content provider com.android.providers.calendar/.CalendarProvider2
W/ResourcesManager( 1715): Asset path '/system/framework/android.test.runner.jar' does not exist or contains no resources.
I/ActivityManager(  471): Start proc 1747:com.google.android.apps.fitness/u0a46 for broadcast com.google.android.apps.fitness/com.google.android.libraries.notifications.entrypoints.localechanged.LocaleChangedReceiver
E/ActivityThread( 1173): Failed to find provider info for com.google.android.gms.common.phenotype
I/ActivityManager(  471): Start proc 1788:com.google.android.gms.unstable/u0a8 for service com.google.android.gms/.droidguard.DroidGuardService
W/ResourcesManager( 1788): Asset path '/system/framework/com.android.media.remotedisplay.jar' does not exist or contains no resources.
W/ResourcesManager( 1788): Asset path '/system/framework/com.android.location.provider.jar' does not exist or contains no resources.
I/ActivityManager(  471): Start proc 1817:com.google.android.gm/u0a71 for broadcast com.google.android.gm/.MailIntentReceiver
D/ConnectivityService(  471): listenForNetwork for NetworkRequest [ id=5, legacyType=-1, [ Capabilities: INTERNET&NOT_RESTRICTED&TRUSTED] ]
D/ActivityThread( 1817): Loading provider com.google.android.gmail.provider;com.android.mail.notifier;com.google.android.gm.email.provider;com.google.android.gm.tasks.provider;com.google.android.gm.email.notifier: com.android.email.provider.EmailProvider
W/ActivityManager(  471): Unable to start service Intent { cmp=com.google.android.gm/com.android.email.service.AttachmentService } U=0: not found
W/ActivityManager(  471): Unable to start service Intent { cmp=com.google.android.gm.exchange/com.android.exchange.service.EasService } U=0: not found
I/ActivityManager(  471): Start proc 1875:com.google.android.keep/u0a72 for broadcast com.google.android.keep/.notification.ReminderNotificationReceiver
W/ActivityManager(  471): Unable to start service Intent { cmp=com.google.android.gm.exchange/com.android.exchange.service.EasService } U=0: not found
W/ResourcesManager( 1040): Asset path '/system/framework/com.google.android.maps.jar' does not exist or contains no resources.
I/ActivityManager(  471): Start proc 1952:com.google.android.apps.docs.editors.docs/u0a42 for broadcast com.google.android.apps.docs.editors.docs/com.google.android.apps.docs.notification.common.NotificationChannelReceiver
D/WifiService(  471): New client listening to asynchronous messages
I/ActivityManager(  471): Start proc 1988:com.estrongs.android.pop:local/u0a89 for service com.estrongs.android.pop/com.android.apps.pros.LocalCService
I/ActivityManager(  471): Start proc 2043:com.google.android.apps.docs/u0a41 for broadcast com.google.android.apps.docs/.notification.common.NotificationChannelReceiver
I/ActivityManager(  471): Start proc 2059:com.google.android.apps.gcs/u0a7 for broadcast com.google.android.apps.gcs/.steen.receiver.ScoreNetworksReceiver
W/ResourcesManager( 1691): Asset path '/system/framework/com.android.media.remotedisplay.jar' does not exist or contains no resources.
W/ResourcesManager( 1691): Asset path '/system/framework/com.android.location.provider.jar' does not exist or contains no resources.
W/ResourcesManager( 1691): Asset path '/system/framework/com.google.android.maps.jar' does not exist or contains no resources.
E/ActivityThread( 1691): Failed to find provider info for com.facebook.katana.provider.AttributionIdProvider
W/ResourcesManager( 1691): Asset path '/system/framework/com.google.widevine.software.drm.jar' does not exist or contains no resources.
I/ActivityManager(  471): Start proc 2131:com.google.android.music:main/u0a61 for broadcast com.google.android.music/.notifications.NotificationChannelInitializationBroadcastReceiver
W/ResourcesManager( 1691): Asset path '/system/framework/com.google.android.media.effects.jar' does not exist or contains no resources.
W/ResourcesManager( 2131): Asset path '/system/framework/com.android.media.remotedisplay.jar' does not exist or contains no resources.
W/ResourcesManager( 2131): Asset path '/system/framework/com.android.location.provider.jar' does not exist or contains no resources.
I/ValidateNoPeople(  471): Validating: 0|com.google.android.gm|-1107457495|null|10071
I/ValidateNoPeople(  471): Executing: validation for: 0|com.google.android.gm|-1107457495|null|10071
I/ValidateNoPeople(  471): Validating: 0|com.google.android.gm|-1107457495|null|10071
W/ResourcesManager( 1691): Asset path '/system/framework/com.android.media.remotedisplay.jar' does not exist or contains no resources.
W/ResourcesManager( 1691): Asset path '/system/framework/com.android.location.provider.jar' does not exist or contains no resources.
I/ValidateNoPeople(  471): final affinity: 0.0
I/ValidateNoPeople(  471): Executing: validation for: 0|com.google.android.gm|-1107457495|null|10071
I/ActivityManager(  471): Start proc 2192:com.google.android.deskclock/u0a39 for broadcast com.google.android.deskclock/com.android.deskclock.AlarmInitReceiver
D/WifiService(  471): New client listening to asynchronous messages
I/ActivityManager(  471): Start proc 2217:com.google.android.apps.plus/u0a68 for broadcast com.google.android.apps.plus/.service.LocaleChangeReceiver
W/ResourcesManager( 2217): Asset path '/system/framework/com.google.android.maps.jar' does not exist or contains no resources.
W/ResourcesManager( 1691): Asset path '/system/framework/com.android.media.remotedisplay.jar' does not exist or contains no resources.
W/ResourcesManager( 1691): Asset path '/system/framework/com.android.location.provider.jar' does not exist or contains no resources.
I/ValidateNoPeople(  471): final affinity: 0.0
I/ActivityManager(  471): Start proc 2238:.esfm/u0a89 for service com.estrongs.android.pop/com.estrongs.android.scanner.service.FileMonitorService
I/ActivityManager(  471): Start proc 2268:com.android.keychain/1000 for service com.android.keychain/.KeyChainService
I/ActivityManager(  471): Start proc 2285:com.google.android.marvin.talkback/u0a82 for broadcast com.google.android.marvin.talkback/com.google.android.accessibility.talkback.BootReceiver
I/ActivityManager(  471): Killing 1291:com.google.android.partnersetup/u0a12 (adj 15): empty #17
W/ResourcesManager( 1952): Asset path '/system/framework/com.android.media.remotedisplay.jar' does not exist or contains no resources.
W/ResourcesManager( 1952): Asset path '/system/framework/com.android.location.provider.jar' does not exist or contains no resources.
I/ActivityManager(  471): Start proc 2311:com.google.android.apps.photos/u0a66 for broadcast com.google.android.apps.photos/com.google.android.libraries.social.notifications.impl.LocaleChangeReceiver
I/ActivityManager(  471): Killing 1258:com.android.printspooler/u0a74 (adj 15): empty #17
W/BroadcastQueue(  471): Permission Denial: receiving Intent { act=android.intent.action.BOOT_COMPLETED flg=0x8000010 (has extras) } to com.halfbrick.fruitninjafree/com.otherlevels.android.sdk.ServiceReceiver requires android.permission.RECEIVE_BOOT_COMPLETED due to sender null (uid 1000)
I/ActivityManager(  471): Start proc 2337:com.google.android.onetimeinitializer/u0a11 for broadcast com.google.android.onetimeinitializer/.OneTimeInitializerReceiver
I/ActivityManager(  471): Killing 1366:com.google.android.youtube/u0a81 (adj 15): empty #17
D/ConnectivityService(  471): ConnectivityService NetworkRequestInfo binderDied(NetworkRequest [ id=3, legacyType=-1, [ Capabilities: INTERNET&NOT_RESTRICTED&TRUSTED] ], android.os.BinderProxy@1f988afb)
D/ConnectivityService(  471): releasing NetworkRequest NetworkRequest [ id=3, legacyType=-1, [ Capabilities: INTERNET&NOT_RESTRICTED&TRUSTED] ]
E/ConnectivityService(  471): RemoteException caught trying to send a callback msg for NetworkRequest [ id=3, legacyType=-1, [ Capabilities: INTERNET&NOT_RESTRICTED&TRUSTED] ]
I/ActivityManager(  471): Start proc 2364:com.google.android.partnersetup/u0a12 for broadcast com.google.android.partnersetup/.GooglePartnerSetup
I/ActivityManager(  471): Start proc 2385:com.google.android.apps.docs.editors.sheets/u0a43 for broadcast com.google.android.apps.docs.editors.sheets/com.google.android.apps.docs.notification.common.NotificationChannelReceiver
I/ActivityManager(  471): Killing 1676:com.google.android.calendar/u0a32 (adj 15): empty #17
I/ActivityManager(  471): Start proc 2408:com.android.hotwordenrollment/u0a14 for broadcast com.android.hotwordenrollment/.StartupReceiver
I/ActivityManager(  471): Start proc 2428:com.android.managedprovisioning/u0a15 for broadcast com.android.managedprovisioning/.BootReminder
I/ActivityManager(  471): Killing 1747:com.google.android.apps.fitness/u0a46 (adj 15): empty #17
I/ActivityManager(  471): Killing 1817:com.google.android.gm/u0a71 (adj 15): empty #17
I/ActivityManager(  471): Waited long enough for: ServiceRecord{1fdd33b5 u0 com.google.android.gms/.icing.service.IndexWorkerService}
I/ActivityManager(  471): Killing 1875:com.google.android.keep/u0a72 (adj 15): empty #17
I/BootReceiver(  471): Copying audit failures to DropBox
I/BootReceiver(  471): Checking for fsck errors
I/ActivityManager(  471): Start proc 2462:com.google.android.nfcprovision/u0a17 for broadcast com.google.android.nfcprovision/.BootReceiver
W/ResourcesManager( 2043): Asset path '/system/framework/com.android.media.remotedisplay.jar' does not exist or contains no resources.
W/ResourcesManager( 2043): Asset path '/system/framework/com.android.location.provider.jar' does not exist or contains no resources.
W/BackupManagerService(  471): dataChanged but no participant pkg='com.android.providers.settings' uid=10089
I/ActivityManager(  471): Start proc 2494:com.android.settings/1000 for broadcast com.android.settings/.sim.SimBootReceiver
I/ActivityManager(  471): Killing 1952:com.google.android.apps.docs.editors.docs/u0a42 (adj 15): empty #17
I/ActivityManager(  471): Start proc 2513:com.google.android.configupdater/u0a37 for broadcast com.google.android.configupdater/.CertPin.CertPinUpdateRequestReceiver
I/ActivityManager(  471): Killing 2043:com.google.android.apps.docs/u0a41 (adj 15): empty #17
I/ActivityManager(  471): Killing 2131:com.google.android.music:main/u0a61 (adj 15): empty #17
I/ActivityManager(  471): Start proc 2550:com.google.android.apps.inputmethod.zhuyin/u0a55 for broadcast com.google.android.apps.inputmethod.zhuyin/com.google.android.apps.inputmethod.libs.framework.core.LauncherIconVisibilityInitializer
I/ActivityManager(  471): Killing 2192:com.google.android.deskclock/u0a39 (adj 15): empty #17
I/ActivityManager(  471): Start proc 2571:com.google.android.youtube/u0a81 for broadcast com.google.android.youtube/com.google.android.libraries.youtube.mdx.background.MdxBackgroundScanBootReceiver
W/ResourcesManager( 2571): Asset path '/system/framework/com.android.media.remotedisplay.jar' does not exist or contains no resources.
W/ResourcesManager( 2571): Asset path '/system/framework/com.android.location.provider.jar' does not exist or contains no resources.
W/ResourcesManager(  692): Asset path '/system/framework/com.android.media.remotedisplay.jar' does not exist or contains no resources.
W/ResourcesManager(  692): Asset path '/system/framework/com.android.location.provider.jar' does not exist or contains no resources.
I/ActivityManager(  471): Start proc 2666:com.android.vending/u0a18 for service com.android.vending/com.google.android.finsky.contentfilterui.ContentFiltersService
I/ActivityManager(  471): Start proc 2702:com.google.android.gms.ui/u0a8 for service com.google.android.gms/.chimera.UiIntentOperationService
W/ResourcesManager( 2702): Asset path '/system/framework/com.android.media.remotedisplay.jar' does not exist or contains no resources.
W/ResourcesManager( 2702): Asset path '/system/framework/com.android.location.provider.jar' does not exist or contains no resources.
D/ConnectivityService(  471): listenForNetwork for NetworkRequest [ id=6, legacyType=-1, [ Capabilities: INTERNET&NOT_RESTRICTED&TRUSTED] ]
D/ConnectivityService(  471): listenForNetwork for NetworkRequest [ id=7, legacyType=-1, [ Capabilities: INTERNET&NOT_RESTRICTED&TRUSTED] ]
D/WifiService(  471): New client listening to asynchronous messages
D/VoldCmdListener(  150): cryptfs getpwtype
I/ActivityManager(  471): Start proc 2858:com.google.android.calendar/u0a32 for broadcast com.google.android.calendar/.alerts.AlertReceiver
W/ResourcesManager( 2385): Asset path '/system/framework/com.android.media.remotedisplay.jar' does not exist or contains no resources.
W/ResourcesManager( 2385): Asset path '/system/framework/com.android.location.provider.jar' does not exist or contains no resources.
I/ActivityManager(  471): Start proc 2947:com.google.android.videos/u0a77 for broadcast com.google.android.videos/.service.drm.RefreshLicenseTaskService$Initializer
I/ActivityManager(  471): Killing 2059:com.google.android.apps.gcs/u0a7 (adj 15): empty #17
D/WifiService(  471): Client connection lost with reason: 4
W/ResourcesManager( 2947): Asset path '/system/framework/com.google.widevine.software.drm.jar' does not exist or contains no resources.
W/ResourcesManager( 1040): Asset path '/system/framework/com.google.widevine.software.drm.jar' does not exist or contains no resources.
I/ActivityManager(  471): Killing 2285:com.google.android.marvin.talkback/u0a82 (adj 15): empty #17
I/ActivityManager(  471): Waited long enough for: ServiceRecord{250abb93 u0 com.estrongs.android.pop/com.android.apps.pros.LocalCService}
I/ActivityManager(  471): Start proc 3040:com.google.android.gm.exchange/u0a70 for broadcast com.google.android.gm.exchange/.UpgradeReceiver
D/WifiService(  471): acquireWifiLockLocked: WifiLock{com.google.android.videos.service.drm.LicenseRefresher_tasks type=3 binder=android.os.BinderProxy@3e01655}
I/ActivityManager(  471): Killing 2268:com.android.keychain/1000 (adj 15): empty #17
D/WifiService(  471): releaseWifiLockLocked: WifiLock{com.google.android.videos.service.drm.LicenseRefresher_tasks type=3 binder=android.os.BinderProxy@3e01655}
I/ActivityManager(  471): Start proc 3062:com.google.android.apps.gcs/u0a7 for broadcast com.google.android.apps.gcs/.receiver.BootCompletedReceiver
I/ActivityManager(  471): Killing 1148:com.google.android.apps.maps/u0a60 (adj 15): empty #17
D/ConnectivityService(  471): ConnectivityService NetworkRequestInfo binderDied(NetworkRequest [ id=5, legacyType=-1, [ Capabilities: INTERNET&NOT_RESTRICTED&TRUSTED] ], android.os.BinderProxy@fe461a4)
D/ConnectivityService(  471): releasing NetworkRequest NetworkRequest [ id=5, legacyType=-1, [ Capabilities: INTERNET&NOT_RESTRICTED&TRUSTED] ]
E/ConnectivityService(  471): RemoteException caught trying to send a callback msg for NetworkRequest [ id=5, legacyType=-1, [ Capabilities: INTERNET&NOT_RESTRICTED&TRUSTED] ]
I/ActivityManager(  471): Killing 2337:com.google.android.onetimeinitializer/u0a11 (adj 15): empty #17
I/ActivityManager(  471): Killing 2311:com.google.android.apps.photos/u0a66 (adj 15): empty #17
I/ActivityManager(  471): Start proc 3107:com.google.android.talk/u0a13 for broadcast com.google.android.talk/com.google.android.apps.hangouts.service.broadcastreceiver.BootReceiver
W/ResourcesManager( 3107): Asset path '/system/framework/com.google.android.media.effects.jar' does not exist or contains no resources.
I/ActivityManager(  471): Killing 2385:com.google.android.apps.docs.editors.sheets/u0a43 (adj 15): empty #17
W/ResourcesManager( 1040): Asset path '/system/framework/com.google.widevine.software.drm.jar' does not exist or contains no resources.
W/ResourcesManager( 1040): Asset path '/system/framework/com.google.android.media.effects.jar' does not exist or contains no resources.
W/ResourcesManager( 1040): Asset path '/system/framework/com.google.android.maps.jar' does not exist or contains no resources.
W/ProcessCpuTracker(  471): Skipping unknown process pid 3150
I/ActivityManager(  471): Start proc 3164:com.google.android.gm/u0a71 for broadcast com.google.android.gm/.GoogleMailDeviceStartupReceiver
I/ActivityManager(  471): Killing 2408:com.android.hotwordenrollment/u0a14 (adj 15): empty #17
D/VoldCmdListener(  150): cryptfs getpwtype
W/ResourcesManager(  692): Asset path '/system/framework/com.google.android.media.effects.jar' does not exist or contains no resources.
D/ActivityThread( 3164): Loading provider com.google.android.gmail.provider;com.android.mail.notifier;com.google.android.gm.email.provider;com.google.android.gm.tasks.provider;com.google.android.gm.email.notifier: com.android.email.provider.EmailProvider
I/ActivityManager(  471): Killing 2428:com.android.managedprovisioning/u0a15 (adj 15): empty #17
W/ActivityManager(  471): Unable to start service Intent { cmp=com.google.android.gm/com.android.email.service.AttachmentService } U=0: not found
W/ActivityManager(  471): Unable to start service Intent { cmp=com.google.android.gm.exchange/com.android.exchange.service.EasService } U=0: not found
I/ActivityManager(  471): Start proc 3230:com.google.android.keep/u0a72 for broadcast com.google.android.keep/.notification.ReminderNotificationReceiver
W/ActivityManager(  471): Unable to start service Intent { cmp=com.google.android.gm.exchange/com.android.exchange.service.EasService } U=0: not found
I/ActivityManager(  471): Start proc 3247:com.android.chrome/u0a35 for service com.android.chrome/org.chromium.chrome.browser.customtabs.CustomTabsConnectionService
W/ResourcesManager( 3247): Asset path '/system/framework/com.android.media.remotedisplay.jar' does not exist or contains no resources.
W/ResourcesManager( 3247): Asset path '/system/framework/com.android.location.provider.jar' does not exist or contains no resources.
I/ActivityManager(  471): Killing 2364:com.google.android.partnersetup/u0a12 (adj 15): empty #17
I/ActivityManager(  471): Killing 2494:com.android.settings/1000 (adj 15): empty #17
I/ActivityManager(  471): Killing 2462:com.google.android.nfcprovision/u0a17 (adj 15): empty #18
W/BroadcastQueue(  471): Permission Denial: receiving Intent { act=android.intent.action.BOOT_COMPLETED flg=0x8000010 (has extras) } to com.google.android.apps.docs.editors.docs/com.google.android.apps.docs.notification.common.NotificationChannelReceiver requires android.permission.RECEIVE_BOOT_COMPLETED due to sender null (uid 1000)
W/BroadcastQueue(  471): Permission Denial: receiving Intent { act=android.intent.action.BOOT_COMPLETED flg=0x8000010 (has extras) } to com.google.android.apps.docs/.notification.common.NotificationChannelReceiver requires android.permission.RECEIVE_BOOT_COMPLETED due to sender null (uid 1000)
I/ActivityManager(  471): Start proc 3291:com.google.android.deskclock/u0a39 for broadcast com.google.android.deskclock/com.android.deskclock.AlarmInitReceiver
I/ActivityManager(  471): Start proc 3319:com.google.android.apps.magazines/u0a62 for broadcast com.google.android.apps.magazines/com.google.apps.dots.android.newsstand.receivers.BootReceiver
I/ActivityManager(  471): Killing 2513:com.google.android.configupdater/u0a37 (adj 15): empty #17
I/ProcessStatsService(  471): Added stats: 2018-06-15-19-30-00, over +2h0m59s17ms
I/ProcessStatsService(  471): Added stats: 2018-06-15-16-19-00, over +3h10m59s935ms
I/ProcessStatsService(  471): Added stats: 2018-06-15-13-18-21, over +3h0m38s245ms
I/ProcessStatsService(  471): Added stats: 2018-06-15-09-30-00, over +3h34m31s712ms
I/ProcessStatsService(  471): Added stats: 2018-06-14-23-19-48, over +10h10m13s896ms
I/ProcessStatsService(  471): Added stats: 2018-06-14-20-14-51, over +2h44m8s693ms
I/ProcessStatsService(  471): Added stats: 2018-06-14-17-01-15, over +3h13m36s215ms
W/ResourcesManager( 3319): Asset path '/system/framework/com.android.media.remotedisplay.jar' does not exist or contains no resources.
W/ResourcesManager( 3319): Asset path '/system/framework/com.android.location.provider.jar' does not exist or contains no resources.
I/ActivityManager(  471): Killing 2550:com.google.android.apps.inputmethod.zhuyin/u0a55 (adj 15): empty #17
I/ActivityManager(  471): Start proc 3380:com.google.android.contacts/u0a9 for broadcast com.google.android.contacts/com.google.android.apps.contacts.interactions.OnBootOrUpgradeReceiver
I/ActivityManager(  471): Start proc 3412:com.google.android.apps.maps/u0a60 for broadcast com.google.android.apps.maps/com.google.android.apps.gmm.navigation.service.detection.StartDetectionReceiver
I/ActivityManager(  471): Killing 2702:com.google.android.gms.ui/u0a8 (adj 15): empty #17
W/ResourcesManager(  471): Asset path '/system/framework/com.google.widevine.software.drm.jar' does not exist or contains no resources.
W/ResourcesManager(  471): Asset path '/system/framework/com.google.android.maps.jar' does not exist or contains no resources.
D/BackupManagerService(  471): Received broadcast Intent { act=android.intent.action.PACKAGE_CHANGED dat=package:com.google.android.apps.plus flg=0x4000010 (has extras) }
D/BackupManagerService(  471): Received broadcast Intent { act=android.intent.action.PACKAGE_CHANGED dat=package:com.google.android.gms flg=0x4000010 (has extras) }
I/BackupManagerService(  471): Unbinding ComponentInfo{com.google.android.gms/com.google.android.gms.backup.BackupTransportService}
I/BackupManagerService(  471): Binding to transport host ComponentInfo{com.google.android.gms/com.google.android.gms.backup.BackupTransportService}
V/BackupManagerService(  471): Connected to transport ComponentInfo{com.google.android.gms/com.google.android.gms.backup.BackupTransportService}
