W/GAv4-SVC( 1010): Network compressed POST connection error: java.net.ConnectException: failed to connect to ssl.google-analytics.com/172.217.17.104 (port 443) after 60000ms: isConnected failed: EHOSTUNREACH (No route to host)
W/Wifi    ( 3847): Failed to read packet and byte counts from wifi interface
W/Wifi    ( 3847): Failed to read packet and byte counts from wifi interface
W/Wifi    ( 3847): Failed to read packet and byte counts from wifi interface
W/Wifi    ( 3847): Failed to read packet and byte counts from wifi interface
W/Wifi    ( 3847): Failed to read packet and byte counts from wifi interface
W/Wifi    ( 3847): Failed to read packet and byte counts from wifi interface
W/Wifi    ( 3847): Failed to read packet and byte counts from wifi interface
W/Wifi    ( 3847): Failed to read packet and byte counts from wifi interface
W/Wifi    ( 3847): Failed to read packet and byte counts from wifi interface
W/Wifi    ( 3847): Failed to read packet and byte counts from wifi interface
W/Wifi    ( 3847): Failed to read packet and byte counts from wifi interface
W/Wifi    ( 3847): Failed to read packet and byte counts from wifi interface
W/Wifi    ( 3847): Failed to read packet and byte counts from wifi interface
W/Wifi    ( 3847): Failed to read packet and byte counts from wifi interface
W/Wifi    ( 3847): Failed to read packet and byte counts from wifi interface
W/Wifi    ( 3847): Failed to read packet and byte counts from wifi interface
W/Wifi    ( 3847): Failed to read packet and byte counts from wifi interface
W/Wifi    ( 3847): Failed to read packet and byte counts from wifi interface
E/WifiStateMachine(  459): WifiStateMachine CMD_START_SCAN source -2 txSuccessRate=0.85 rxSuccessRate=2.82 targetRoamBSSID=88:15:44:ac:03:df RSSI=-62
W/Wifi    ( 3847): Failed to read packet and byte counts from wifi interface
W/Wifi    ( 3847): Failed to read packet and byte counts from wifi interface
W/Wifi    ( 3847): Failed to read packet and byte counts from wifi interface
W/Wifi    ( 3847): Failed to read packet and byte counts from wifi interface
W/Wifi    ( 3847): Failed to read packet and byte counts from wifi interface
W/Wifi    ( 3847): Failed to read packet and byte counts from wifi interface
W/Wifi    ( 3847): Failed to read packet and byte counts from wifi interface
W/Wifi    ( 3847): Failed to read packet and byte counts from wifi interface
W/Wifi    ( 3847): Failed to read packet and byte counts from wifi interface
I/PlayCommon( 5713): [462] PlayEventLogger.uploadEventsImpl: Preparing logs for uploading
I/PlayCommon( 5713): [462] PlayEventLogger.uploadEventsImpl: No file ready to send
W/Wifi    ( 3847): Failed to read packet and byte counts from wifi interface
W/Wifi    ( 3847): Failed to read packet and byte counts from wifi interface
W/Wifi    ( 3847): Failed to read packet and byte counts from wifi interface
W/Wifi    ( 3847): Failed to read packet and byte counts from wifi interface
W/Wifi    ( 3847): Failed to read packet and byte counts from wifi interface
W/Wifi    ( 3847): Failed to read packet and byte counts from wifi interface
W/Wifi    ( 3847): Failed to read packet and byte counts from wifi interface
W/Wifi    ( 3847): Failed to read packet and byte counts from wifi interface
W/Wifi    ( 3847): Failed to read packet and byte counts from wifi interface
W/Wifi    ( 3847): Failed to read packet and byte counts from wifi interface
W/Wifi    ( 3847): Failed to read packet and byte counts from wifi interface
E/WifiStateMachine(  459): WifiStateMachine CMD_START_SCAN source -2 txSuccessRate=0.28 rxSuccessRate=1.48 targetRoamBSSID=88:15:44:ac:03:df RSSI=-64
W/Wifi    ( 3847): Failed to read packet and byte counts from wifi interface
W/Wifi    ( 3847): Failed to read packet and byte counts from wifi interface
W/Wifi    ( 3847): Failed to read packet and byte counts from wifi interface
W/Wifi    ( 3847): Failed to read packet and byte counts from wifi interface
W/Wifi    ( 3847): Failed to read packet and byte counts from wifi interface
W/Wifi    ( 3847): Failed to read packet and byte counts from wifi interface
W/Wifi    ( 3847): Failed to read packet and byte counts from wifi interface
W/Wifi    ( 3847): Failed to read packet and byte counts from wifi interface
W/Wifi    ( 3847): Failed to read packet and byte counts from wifi interface
W/Wifi    ( 3847): Failed to read packet and byte counts from wifi interface
W/Wifi    ( 3847): Failed to read packet and byte counts from wifi interface
W/Wifi    ( 3847): Failed to read packet and byte counts from wifi interface
W/Wifi    ( 3847): Failed to read packet and byte counts from wifi interface
W/Wifi    ( 3847): Failed to read packet and byte counts from wifi interface
W/Wifi    ( 3847): Failed to read packet and byte counts from wifi interface
W/Wifi    ( 3847): Failed to read packet and byte counts from wifi interface
W/Wifi    ( 3847): Failed to read packet and byte counts from wifi interface
W/Wifi    ( 3847): Failed to read packet and byte counts from wifi interface
W/Wifi    ( 3847): Failed to read packet and byte counts from wifi interface
W/Wifi    ( 3847): Failed to read packet and byte counts from wifi interface
E/WifiStateMachine(  459): WifiStateMachine CMD_START_SCAN source -2 txSuccessRate=0.42 rxSuccessRate=2.26 targetRoamBSSID=88:15:44:ac:03:df RSSI=-62
W/Wifi    ( 3847): Failed to read packet and byte counts from wifi interface
W/Wifi    ( 3847): Failed to read packet and byte counts from wifi interface
W/Wifi    ( 3847): Failed to read packet and byte counts from wifi interface
W/Wifi    ( 3847): Failed to read packet and byte counts from wifi interface
D/WifiService(  459): acquireWifiLockLocked: WifiLock{NlpWifiLock type=2 binder=android.os.BinderProxy@2a73bc60}
E/WifiStateMachine(  459): WifiStateMachine CMD_START_SCAN source 10008 txSuccessRate=0.71 rxSuccessRate=4.13 targetRoamBSSID=88:15:44:ac:03:df RSSI=-64
I/vgn     ( 1049): 35-GetDeviceDataUploadOptInStatusOperation -- metadata{ service_id: 0 }
I/vgn     ( 1049): 35-GetDeviceDataUploadOptInStatusOperation -- metadata{ service_id: 0 }
E/GoogleConversionReporter( 7664): Error sending ping
E/GoogleConversionReporter( 7664): java.net.ConnectException: failed to connect to www.googleadservices.com/216.58.212.194 (port 443) after 60000ms: isConnected failed: EHOSTUNREACH (No route to host)
E/GoogleConversionReporter( 7664): 	at libcore.io.IoBridge.isConnected(IoBridge.java:238)
E/GoogleConversionReporter( 7664): 	at libcore.io.IoBridge.connectErrno(IoBridge.java:171)
E/GoogleConversionReporter( 7664): 	at libcore.io.IoBridge.connect(IoBridge.java:122)
E/GoogleConversionReporter( 7664): 	at java.net.PlainSocketImpl.connect(PlainSocketImpl.java:183)
E/GoogleConversionReporter( 7664): 	at java.net.PlainSocketImpl.connect(PlainSocketImpl.java:456)
E/GoogleConversionReporter( 7664): 	at java.net.Socket.connect(Socket.java:882)
E/GoogleConversionReporter( 7664): 	at com.android.okhttp.internal.Platform.connectSocket(Platform.java:174)
E/GoogleConversionReporter( 7664): 	at com.android.okhttp.Connection.connect(Connection.java:152)
E/GoogleConversionReporter( 7664): 	at com.android.okhttp.internal.http.HttpEngine.connect(HttpEngine.java:276)
E/GoogleConversionReporter( 7664): 	at com.android.okhttp.internal.http.HttpEngine.sendRequest(HttpEngine.java:211)
E/GoogleConversionReporter( 7664): 	at com.android.okhttp.internal.http.HttpURLConnectionImpl.execute(HttpURLConnectionImpl.java:382)
E/GoogleConversionReporter( 7664): 	at com.android.okhttp.internal.http.HttpURLConnectionImpl.getResponse(HttpURLConnectionImpl.java:332)
E/GoogleConversionReporter( 7664): 	at com.android.okhttp.internal.http.HttpURLConnectionImpl.getResponseCode(HttpURLConnectionImpl.java:500)
E/GoogleConversionReporter( 7664): 	at com.android.okhttp.internal.http.DelegatingHttpsURLConnection.getResponseCode(DelegatingHttpsURLConnection.java:105)
E/GoogleConversionReporter( 7664): 	at com.android.okhttp.internal.http.HttpsURLConnectionImpl.getResponseCode(HttpsURLConnectionImpl.java:25)
E/GoogleConversionReporter( 7664): 	at btl.a(SourceFile:30)
E/GoogleConversionReporter( 7664): 	at bto.run(SourceFile:31)
E/GoogleConversionReporter( 7664): 	at java.lang.Thread.run(Thread.java:818)
E/GoogleConversionReporter( 7664): Caused by: android.system.ErrnoException: isConnected failed: EHOSTUNREACH (No route to host)
E/GoogleConversionReporter( 7664): 	at libcore.io.IoBridge.isConnected(IoBridge.java:223)
E/GoogleConversionReporter( 7664): 	... 17 more
W/ctxmgr  ( 1049): [AclManager]No 2 for (accnt=account#-517948760#, com.google.android.gms(10008):IndoorOutdoorProducer, vrsn=12685000, 0, 3pPkg = null ,  3pMdlId = null ,  pid = 1049). Was: 3 for 57, account#-517948760#
W/System.err( 1049): java.net.ConnectException: failed to connect to www.google.com/216.58.212.132 (port 443) after 30000ms: isConnected failed: EHOSTUNREACH (No route to host)
W/System.err( 1049): 	at libcore.io.IoBridge.isConnected(IoBridge.java:238)
W/System.err( 1049): 	at libcore.io.IoBridge.connectErrno(IoBridge.java:171)
W/System.err( 1049): 	at libcore.io.IoBridge.connect(IoBridge.java:122)
W/System.err( 1049): 	at java.net.PlainSocketImpl.connect(PlainSocketImpl.java:183)
W/System.err( 1049): 	at java.net.PlainSocketImpl.connect(PlainSocketImpl.java:456)
W/System.err( 1049): 	at java.net.Socket.connect(Socket.java:882)
W/System.err( 1049): 	at com.android.okhttp.internal.Platform.connectSocket(Platform.java:174)
W/System.err( 1049): 	at com.android.okhttp.Connection.connect(Connection.java:152)
W/System.err( 1049): 	at com.android.okhttp.internal.http.HttpEngine.connect(HttpEngine.java:276)
W/System.err( 1049): 	at com.android.okhttp.internal.http.HttpEngine.sendRequest(HttpEngine.java:211)
W/System.err( 1049): 	at com.android.okhttp.internal.http.HttpURLConnectionImpl.execute(HttpURLConnectionImpl.java:382)
W/System.err( 1049): 	at com.android.okhttp.internal.http.HttpURLConnectionImpl.connect(HttpURLConnectionImpl.java:106)
W/System.err( 1049): 	at com.android.okhttp.internal.http.HttpURLConnectionImpl.getOutputStream(HttpURLConnectionImpl.java:217)
W/System.err( 1049): 	at com.android.okhttp.internal.http.DelegatingHttpsURLConnection.getOutputStream(DelegatingHttpsURLConnection.java:218)
W/System.err( 1049): 	at com.android.okhttp.internal.http.HttpsURLConnectionImpl.getOutputStream(HttpsURLConnectionImpl.java:25)
W/System.err( 1049): 	at bhaj.run(:com.google.android.gms@12685011@12.6.85 (020406-197041431):33)
W/System.err( 1049): 	at java.util.concurrent.ThreadPoolExecutor.runWorker(ThreadPoolExecutor.java:1112)
W/System.err( 1049): 	at java.util.concurrent.ThreadPoolExecutor$Worker.run(ThreadPoolExecutor.java:587)
W/System.err( 1049): 	at java.lang.Thread.run(Thread.java:818)
W/System.err( 1049): Caused by: android.system.ErrnoException: isConnected failed: EHOSTUNREACH (No route to host)
W/System.err( 1049): 	at libcore.io.IoBridge.isConnected(IoBridge.java:223)
W/System.err( 1049): 	... 18 more
D/WifiService(  459): releaseWifiLockLocked: WifiLock{NlpWifiLock type=2 binder=android.os.BinderProxy@2a73bc60}
D/libgps  (  459): proxy_gps_inject_location: called.
I/Places  ( 1049): Converted 20 out of 24 WiFi scans
I/GeofencerStateMachine( 1049): sendNewTransitions called.
W/ctxmgr  ( 1049): [AclManager]No 2 for (accnt=account#-517948760#, com.google.android.gms(10008):UserLocationProducer, vrsn=12685000, 0, 3pPkg = null ,  3pMdlId = null ,  pid = 1049). Was: 3 for 1, account#-517948760#
W/ctxmgr  ( 1049): [AclManager]No 2 for (accnt=account#1813920180#, com.google.android.gms(10008):UserLocationProducer, vrsn=12685000, 0, 3pPkg = null ,  3pMdlId = null ,  pid = 1049). Was: 2 for 1, account#1813920180#
W/Wifi    ( 3847): Failed to read packet and byte counts from wifi interface
W/ctxmgr  ( 1049): [AclManager]No 2 for (accnt=account#1644684176#, com.google.android.gms(10008):UserLocationProducer, vrsn=12685000, 0, 3pPkg = null ,  3pMdlId = null ,  pid = 1049). Was: 2 for 1, account#1644684176#
W/ctxmgr  ( 1049): [AclManager]No 2 for (accnt=account#-517948760#, com.google.android.gms(10008):UserVelocityProducer, vrsn=12685000, 0, 3pPkg = null ,  3pMdlId = null ,  pid = 1049). Was: 3 for 48, account#-517948760#
I/PlaceInferenceEngine( 1049): No beacon scan available - ignoring candidates.
W/Places  ( 1049): ?: Failed to download inference model weights
W/Places  ( 1049): com.android.volley.NoConnectionError: java.net.ConnectException: failed to connect to www.googleapis.com/172.217.19.202 (port 443) after 60000ms: isConnected failed: EHOSTUNREACH (No route to host)
W/Places  ( 1049): 	at com.android.volley.toolbox.BasicNetwork.performRequest(:com.google.android.gms@12685011@12.6.85 (020406-197041431):37)
W/Places  ( 1049): 	at oow.performRequest(:com.google.android.gms@12685011@12.6.85 (020406-197041431):17)
W/Places  ( 1049): 	at com.android.volley.NetworkDispatcher.a(:com.google.android.gms@12685011@12.6.85 (020406-197041431):7)
W/Places  ( 1049): 	at com.android.volley.NetworkDispatcher.run(:com.google.android.gms@12685011@12.6.85 (020406-197041431):2)
W/Places  ( 1049): Caused by: java.net.ConnectException: failed to connect to www.googleapis.com/172.217.19.202 (port 443) after 60000ms: isConnected failed: EHOSTUNREACH (No route to host)
W/Places  ( 1049): 	at libcore.io.IoBridge.isConnected(IoBridge.java:238)
W/Places  ( 1049): 	at libcore.io.IoBridge.connectErrno(IoBridge.java:171)
W/Places  ( 1049): 	at libcore.io.IoBridge.connect(IoBridge.java:122)
W/Places  ( 1049): 	at java.net.PlainSocketImpl.connect(PlainSocketImpl.java:183)
W/Places  ( 1049): 	at java.net.PlainSocketImpl.connect(PlainSocketImpl.java:456)
W/Places  ( 1049): 	at java.net.Socket.connect(Socket.java:882)
W/Places  ( 1049): 	at com.android.okhttp.internal.Platform.connectSocket(Platform.java:174)
W/Places  ( 1049): 	at com.android.okhttp.Connection.connect(Connection.java:152)
W/Places  ( 1049): 	at com.android.okhttp.internal.http.HttpEngine.connect(HttpEngine.java:276)
W/Places  ( 1049): 	at com.android.okhttp.internal.http.HttpEngine.sendRequest(HttpEngine.java:211)
W/Places  ( 1049): 	at com.android.okhttp.internal.http.HttpURLConnectionImpl.execute(HttpURLConnectionImpl.java:382)
W/Places  ( 1049): 	at com.android.okhttp.internal.http.HttpURLConnectionImpl.connect(HttpURLConnectionImpl.java:106)
W/Places  ( 1049): 	at com.android.okhttp.internal.http.HttpURLConnectionImpl.getOutputStream(HttpURLConnectionImpl.java:217)
W/Places  ( 1049): 	at com.android.okhttp.internal.http.DelegatingHttpsURLConnection.getOutputStream(DelegatingHttpsURLConnection.java:218)
W/Places  ( 1049): 	at com.android.okhttp.internal.http.HttpsURLConnectionImpl.getOutputStream(HttpsURLConnectionImpl.java:25)
W/Places  ( 1049): 	at wvs.a(:com.google.android.gms@12685011@12.6.85 (020406-197041431):60)
W/Places  ( 1049): 	at wvs.execute(:com.google.android.gms@12685011@12.6.85 (020406-197041431):8)
W/Places  ( 1049): 	at wvs.execute(:com.google.android.gms@12685011@12.6.85 (020406-197041431):7)
W/Places  ( 1049): 	at com.android.volley.toolbox.HttpClientStack.performRequest(:com.google.android.gms@12685011@12.6.85 (020406-197041431):16)
W/Places  ( 1049): 	at oov.performRequest(:com.google.android.gms@12685011@12.6.85 (020406-197041431):1)
W/Places  ( 1049): 	at bhq.executeRequest(:com.google.android.gms@12685011@12.6.85 (020406-197041431):1)
W/Places  ( 1049): 	at com.android.volley.toolbox.BasicNetwork.performRequest(:com.google.android.gms@12685011@12.6.85 (020406-197041431):11)
W/Places  ( 1049): 	... 3 more
W/Places  ( 1049): Caused by: android.system.ErrnoException: isConnected failed: EHOSTUNREACH (No route to host)
W/Places  ( 1049): 	at libcore.io.IoBridge.isConnected(IoBridge.java:223)
W/Places  ( 1049): 	... 24 more
W/PlaceInferenceEngine( 1049): Failed to download model weights. Status code: 7
D/ConnectivityService(  459): updateNetworkScore for NetworkAgentInfo [WIFI () - 100] to 60
D/ConnectivityService(  459): rematching NetworkAgentInfo [WIFI () - 100]
D/ConnectivityService(  459): Network NetworkAgentInfo [WIFI () - 100] was already satisfying request 1. No change.
D/ConnectivityService(  459): notifyType AVAILABLE for NetworkAgentInfo [WIFI () - 100]
D/ConnectivityManager.CallbackHandler(  663): CM callback handler got msg 524290
D/ConnectivityManager.CallbackHandler( 1089): CM callback handler got msg 524290
D/ConnectivityManager.CallbackHandler( 1010): CM callback handler got msg 524290
D/ConnectivityManager.CallbackHandler( 4595): CM callback handler got msg 524290
D/ConnectivityManager.CallbackHandler( 7641): CM callback handler got msg 524290
D/ConnectivityManager.CallbackHandler( 7664): CM callback handler got msg 524290
I/PlayCommon( 8693): [161] com.google.android.play.b.g.f(543): Preparing logs for uploading
I/PlayCommon( 8693): [161] com.google.android.play.b.x.a(45): Connecting to server for timestamp: https://play.googleapis.com/play/log/timestamp
E/PlayCommon( 8693): [161] com.google.android.play.b.x.a(63): Failed to connect to server for server timestamp: java.net.ConnectException: failed to connect to play.googleapis.com/172.217.17.106 (port 443) after 10000ms: isConnected failed: EHOSTUNREACH (No route to host)
W/PlayCommon( 8693): [161] com.google.android.play.b.g.a(214): No account for auth token provided
I/PlayCommon( 8693): [161] com.google.android.play.b.g.a(792): Connecting to server: https://play.googleapis.com/play/log?format=raw&proto_v2=true
E/PlayCommon( 8693): [161] com.google.android.play.b.g.a(841): Failed to connect to server: java.net.ConnectException: failed to connect to play.googleapis.com/172.217.17.106 (port 443) after 10000ms: isConnected failed: EHOSTUNREACH (No route to host)
W/Wifi    ( 3847): Failed to read packet and byte counts from wifi interface
W/Wifi    ( 3847): Failed to read packet and byte counts from wifi interface
W/Wifi    ( 3847): Failed to read packet and byte counts from wifi interface
W/Wifi    ( 3847): Failed to read packet and byte counts from wifi interface
W/Wifi    ( 3847): Failed to read packet and byte counts from wifi interface
W/Wifi    ( 3847): Failed to read packet and byte counts from wifi interface
W/Wifi    ( 3847): Failed to read packet and byte counts from wifi interface
W/Wifi    ( 3847): Failed to read packet and byte counts from wifi interface
W/Wifi    ( 3847): Failed to read packet and byte counts from wifi interface
D/ConnectivityService(  459): updateNetworkScore for NetworkAgentInfo [WIFI () - 100] to 56
D/ConnectivityService(  459): rematching NetworkAgentInfo [WIFI () - 100]
D/ConnectivityService(  459): Network NetworkAgentInfo [WIFI () - 100] was already satisfying request 1. No change.
D/ConnectivityService(  459): notifyType AVAILABLE for NetworkAgentInfo [WIFI () - 100]
D/ConnectivityManager.CallbackHandler(  663): CM callback handler got msg 524290
D/ConnectivityManager.CallbackHandler( 1010): CM callback handler got msg 524290
D/ConnectivityManager.CallbackHandler( 1089): CM callback handler got msg 524290
D/ConnectivityManager.CallbackHandler( 4595): CM callback handler got msg 524290
D/ConnectivityManager.CallbackHandler( 7664): CM callback handler got msg 524290
D/ConnectivityManager.CallbackHandler( 7641): CM callback handler got msg 524290
W/Wifi    ( 3847): Failed to read packet and byte counts from wifi interface
W/Wifi    ( 3847): Failed to read packet and byte counts from wifi interface
W/Wifi    ( 3847): Failed to read packet and byte counts from wifi interface
W/Wifi    ( 3847): Failed to read packet and byte counts from wifi interface
W/Wifi    ( 3847): Failed to read packet and byte counts from wifi interface
W/Wifi    ( 3847): Failed to read packet and byte counts from wifi interface
E/WifiStateMachine(  459): WifiStateMachine CMD_START_SCAN source -2 txSuccessRate=1.99 rxSuccessRate=3.61 targetRoamBSSID=88:15:44:ac:03:df RSSI=-66
W/Wifi    ( 3847): Failed to read packet and byte counts from wifi interface
W/Wifi    ( 3847): Failed to read packet and byte counts from wifi interface
W/Wifi    ( 3847): Failed to read packet and byte counts from wifi interface
W/Wifi    ( 3847): Failed to read packet and byte counts from wifi interface
W/Wifi    ( 3847): Failed to read packet and byte counts from wifi interface
W/Wifi    ( 3847): Failed to read packet and byte counts from wifi interface
W/Wifi    ( 3847): Failed to read packet and byte counts from wifi interface
W/Wifi    ( 3847): Failed to read packet and byte counts from wifi interface
W/Wifi    ( 3847): Failed to read packet and byte counts from wifi interface
W/Wifi    ( 3847): Failed to read packet and byte counts from wifi interface
W/Wifi    ( 3847): Failed to read packet and byte counts from wifi interface
W/Wifi    ( 3847): Failed to read packet and byte counts from wifi interface
W/Wifi    ( 3847): Failed to read packet and byte counts from wifi interface
W/Wifi    ( 3847): Failed to read packet and byte counts from wifi interface
W/Wifi    ( 3847): Failed to read packet and byte counts from wifi interface
W/Wifi    ( 3847): Failed to read packet and byte counts from wifi interface
W/Wifi    ( 3847): Failed to read packet and byte counts from wifi interface
W/Wifi    ( 3847): Failed to read packet and byte counts from wifi interface
W/Wifi    ( 3847): Failed to read packet and byte counts from wifi interface
W/Wifi    ( 3847): Failed to read packet and byte counts from wifi interface
E/WifiStateMachine(  459): WifiStateMachine CMD_START_SCAN source -2 txSuccessRate=0.37 rxSuccessRate=2.96 targetRoamBSSID=88:15:44:ac:03:df RSSI=-64
W/Wifi    ( 3847): Failed to read packet and byte counts from wifi interface
W/Wifi    ( 3847): Failed to read packet and byte counts from wifi interface
W/Wifi    ( 3847): Failed to read packet and byte counts from wifi interface
W/Wifi    ( 3847): Failed to read packet and byte counts from wifi interface
W/Wifi    ( 3847): Failed to read packet and byte counts from wifi interface
W/Wifi    ( 3847): Failed to read packet and byte counts from wifi interface
W/Wifi    ( 3847): Failed to read packet and byte counts from wifi interface
W/Wifi    ( 3847): Failed to read packet and byte counts from wifi interface
W/Wifi    ( 3847): Failed to read packet and byte counts from wifi interface
W/Wifi    ( 3847): Failed to read packet and byte counts from wifi interface
W/Wifi    ( 3847): Failed to read packet and byte counts from wifi interface
W/Wifi    ( 3847): Failed to read packet and byte counts from wifi interface
W/Wifi    ( 3847): Failed to read packet and byte counts from wifi interface
W/Wifi    ( 3847): Failed to read packet and byte counts from wifi interface
W/Wifi    ( 3847): Failed to read packet and byte counts from wifi interface
W/Wifi    ( 3847): Failed to read packet and byte counts from wifi interface
W/Wifi    ( 3847): Failed to read packet and byte counts from wifi interface
W/Wifi    ( 3847): Failed to read packet and byte counts from wifi interface
W/Wifi    ( 3847): Failed to read packet and byte counts from wifi interface
W/Wifi    ( 3847): Failed to read packet and byte counts from wifi interface
E/WifiStateMachine(  459): WifiStateMachine CMD_START_SCAN source -2 txSuccessRate=1.71 rxSuccessRate=3.67 targetRoamBSSID=88:15:44:ac:03:df RSSI=-64
W/Wifi    ( 3847): Failed to read packet and byte counts from wifi interface
W/Wifi    ( 3847): Failed to read packet and byte counts from wifi interface
W/GAv4-SVC( 1010): Network compressed POST connection error: java.net.ConnectException: failed to connect to ssl.google-analytics.com/172.217.20.104 (port 443) after 60000ms: isConnected failed: EHOSTUNREACH (No route to host)
W/Wifi    ( 3847): Failed to read packet and byte counts from wifi interface
W/Wifi    ( 3847): Failed to read packet and byte counts from wifi interface
E/GoogleConversionReporter( 7664): Error sending ping
E/GoogleConversionReporter( 7664): java.net.ConnectException: failed to connect to www.googleadservices.com/216.58.212.194 (port 443) after 60000ms: isConnected failed: EHOSTUNREACH (No route to host)
E/GoogleConversionReporter( 7664): 	at libcore.io.IoBridge.isConnected(IoBridge.java:238)
E/GoogleConversionReporter( 7664): 	at libcore.io.IoBridge.connectErrno(IoBridge.java:171)
E/GoogleConversionReporter( 7664): 	at libcore.io.IoBridge.connect(IoBridge.java:122)
E/GoogleConversionReporter( 7664): 	at java.net.PlainSocketImpl.connect(PlainSocketImpl.java:183)
E/GoogleConversionReporter( 7664): 	at java.net.PlainSocketImpl.connect(PlainSocketImpl.java:456)
E/GoogleConversionReporter( 7664): 	at java.net.Socket.connect(Socket.java:882)
E/GoogleConversionReporter( 7664): 	at com.android.okhttp.internal.Platform.connectSocket(Platform.java:174)
E/GoogleConversionReporter( 7664): 	at com.android.okhttp.Connection.connect(Connection.java:152)
E/GoogleConversionReporter( 7664): 	at com.android.okhttp.internal.http.HttpEngine.connect(HttpEngine.java:276)
E/GoogleConversionReporter( 7664): 	at com.android.okhttp.internal.http.HttpEngine.sendRequest(HttpEngine.java:211)
E/GoogleConversionReporter( 7664): 	at com.android.okhttp.internal.http.HttpURLConnectionImpl.execute(HttpURLConnectionImpl.java:382)
E/GoogleConversionReporter( 7664): 	at com.android.okhttp.internal.http.HttpURLConnectionImpl.getResponse(HttpURLConnectionImpl.java:332)
E/GoogleConversionReporter( 7664): 	at com.android.okhttp.internal.http.HttpURLConnectionImpl.getResponseCode(HttpURLConnectionImpl.java:500)
E/GoogleConversionReporter( 7664): 	at com.android.okhttp.internal.http.DelegatingHttpsURLConnection.getResponseCode(DelegatingHttpsURLConnection.java:105)
E/GoogleConversionReporter( 7664): 	at com.android.okhttp.internal.http.HttpsURLConnectionImpl.getResponseCode(HttpsURLConnectionImpl.java:25)
E/GoogleConversionReporter( 7664): 	at btl.a(SourceFile:30)
E/GoogleConversionReporter( 7664): 	at bto.run(SourceFile:31)
E/GoogleConversionReporter( 7664): 	at java.lang.Thread.run(Thread.java:818)
E/GoogleConversionReporter( 7664): Caused by: android.system.ErrnoException: isConnected failed: EHOSTUNREACH (No route to host)
E/GoogleConversionReporter( 7664): 	at libcore.io.IoBridge.isConnected(IoBridge.java:223)
E/GoogleConversionReporter( 7664): 	... 17 more
W/Wifi    ( 3847): Failed to read packet and byte counts from wifi interface
W/Wifi    ( 3847): Failed to read packet and byte counts from wifi interface
W/Wifi    ( 3847): Failed to read packet and byte counts from wifi interface
W/Wifi    ( 3847): Failed to read packet and byte counts from wifi interface
W/Wifi    ( 3847): Failed to read packet and byte counts from wifi interface
W/Wifi    ( 3847): Failed to read packet and byte counts from wifi interface
W/Wifi    ( 3847): Failed to read packet and byte counts from wifi interface
W/Wifi    ( 3847): Failed to read packet and byte counts from wifi interface
W/Wifi    ( 3847): Failed to read packet and byte counts from wifi interface
W/Wifi    ( 3847): Failed to read packet and byte counts from wifi interface
W/Wifi    ( 3847): Failed to read packet and byte counts from wifi interface
W/Wifi    ( 3847): Failed to read packet and byte counts from wifi interface
W/Wifi    ( 3847): Failed to read packet and byte counts from wifi interface
W/Wifi    ( 3847): Failed to read packet and byte counts from wifi interface
W/Wifi    ( 3847): Failed to read packet and byte counts from wifi interface
W/Wifi    ( 3847): Failed to read packet and byte counts from wifi interface
E/WifiStateMachine(  459): WifiStateMachine CMD_START_SCAN source -2 txSuccessRate=1.00 rxSuccessRate=5.12 targetRoamBSSID=88:15:44:ac:03:df RSSI=-61
D/ConnectivityService(  459): updateNetworkScore for NetworkAgentInfo [WIFI () - 100] to 60
D/ConnectivityService(  459): rematching NetworkAgentInfo [WIFI () - 100]
D/ConnectivityService(  459): Network NetworkAgentInfo [WIFI () - 100] was already satisfying request 1. No change.
D/ConnectivityService(  459): notifyType AVAILABLE for NetworkAgentInfo [WIFI () - 100]
D/ConnectivityManager.CallbackHandler(  663): CM callback handler got msg 524290
D/ConnectivityManager.CallbackHandler( 1089): CM callback handler got msg 524290
D/ConnectivityManager.CallbackHandler( 1010): CM callback handler got msg 524290
D/ConnectivityManager.CallbackHandler( 4595): CM callback handler got msg 524290
D/ConnectivityManager.CallbackHandler( 7641): CM callback handler got msg 524290
D/ConnectivityManager.CallbackHandler( 7664): CM callback handler got msg 524290
W/Wifi    ( 3847): Failed to read packet and byte counts from wifi interface
W/Wifi    ( 3847): Failed to read packet and byte counts from wifi interface
W/Wifi    ( 3847): Failed to read packet and byte counts from wifi interface
W/Wifi    ( 3847): Failed to read packet and byte counts from wifi interface
W/Wifi    ( 3847): Failed to read packet and byte counts from wifi interface
W/Wifi    ( 3847): Failed to read packet and byte counts from wifi interface
D/ConnectivityService(  459): updateNetworkScore for NetworkAgentInfo [WIFI () - 100] to 56
D/ConnectivityService(  459): rematching NetworkAgentInfo [WIFI () - 100]
D/ConnectivityService(  459): Network NetworkAgentInfo [WIFI () - 100] was already satisfying request 1. No change.
D/ConnectivityService(  459): notifyType AVAILABLE for NetworkAgentInfo [WIFI () - 100]
D/ConnectivityManager.CallbackHandler(  663): CM callback handler got msg 524290
D/ConnectivityManager.CallbackHandler( 1010): CM callback handler got msg 524290
D/ConnectivityManager.CallbackHandler( 1089): CM callback handler got msg 524290
D/ConnectivityManager.CallbackHandler( 7664): CM callback handler got msg 524290
D/ConnectivityManager.CallbackHandler( 4595): CM callback handler got msg 524290
D/ConnectivityManager.CallbackHandler( 7641): CM callback handler got msg 524290
W/Wifi    ( 3847): Failed to read packet and byte counts from wifi interface
W/Wifi    ( 3847): Failed to read packet and byte counts from wifi interface
W/Wifi    ( 3847): Failed to read packet and byte counts from wifi interface
W/Wifi    ( 3847): Failed to read packet and byte counts from wifi interface
W/Wifi    ( 3847): Failed to read packet and byte counts from wifi interface
W/Wifi    ( 3847): Failed to read packet and byte counts from wifi interface
W/Wifi    ( 3847): Failed to read packet and byte counts from wifi interface
W/Wifi    ( 3847): Failed to read packet and byte counts from wifi interface
I/vgn     ( 1049): 35-GetDeviceDataUploadOptInStatusOperation -- metadata{ service_id: 0 }
I/vgn     ( 1049): 35-GetDeviceDataUploadOptInStatusOperation -- metadata{ service_id: 0 }
I/vgn     ( 1049): 35-GetDeviceDataUploadOptInStatusOperation -- metadata{ service_id: 0 }
I/vgn     ( 1049): 35-GetDeviceDataUploadOptInStatusOperation -- metadata{ service_id: 0 }
W/Wifi    ( 3847): Failed to read packet and byte counts from wifi interface
E/Auth    ( 1049): [GoogleAccountDataServiceImpl] getToken() -> NETWORK_ERROR. Account: <ELLIDED:-421322798>, App: com.google.android.apps.gcs, Service: oauth2:https://www.googleapis.com/auth/nova
E/Auth    ( 1049): gai: Error when calling server.
E/Auth    ( 1049): 	at gaj.b(:com.google.android.gms@12685011@12.6.85 (020406-197041431):157)
E/Auth    ( 1049): 	at gaj.a(:com.google.android.gms@12685011@12.6.85 (020406-197041431):50)
E/Auth    ( 1049): 	at fyt.a(:com.google.android.gms@12685011@12.6.85 (020406-197041431):38)
E/Auth    ( 1049): 	at hpk.a(:com.google.android.gms@12685011@12.6.85 (020406-197041431):8)
E/Auth    ( 1049): 	at hpk.a(:com.google.android.gms@12685011@12.6.85 (020406-197041431):189)
E/Auth    ( 1049): 	at hok.a(:com.google.android.gms@12685011@12.6.85 (020406-197041431):2)
E/Auth    ( 1049): 	at hoh.a(:com.google.android.gms@12685011@12.6.85 (020406-197041431):17)
E/Auth    ( 1049): 	at hoh.a(:com.google.android.gms@12685011@12.6.85 (020406-197041431):6)
E/Auth    ( 1049): 	at cyz.a(:com.google.android.gms@12685011@12.6.85 (020406-197041431):25)
E/Auth    ( 1049): 	at cyz.a(:com.google.android.gms@12685011@12.6.85 (020406-197041431):82)
E/Auth    ( 1049): 	at cyz.onTransact(:com.google.android.gms@12685011@12.6.85 (020406-197041431):8)
E/Auth    ( 1049): 	at android.os.Binder.transact(Binder.java:380)
E/Auth    ( 1049): 	at dbf.onTransact(:com.google.android.gms@12685011@12.6.85 (020406-197041431):3)
E/Auth    ( 1049): 	at android.os.Binder.execTransact(Binder.java:446)
E/Auth    ( 1049): Caused by: java.net.ConnectException: failed to connect to android.clients.google.com/172.217.20.110 (port 443) after 30000ms: isConnected failed: EHOSTUNREACH (No route to host)
E/Auth    ( 1049): 	at libcore.io.IoBridge.isConnected(IoBridge.java:238)
E/Auth    ( 1049): 	at libcore.io.IoBridge.connectErrno(IoBridge.java:171)
E/Auth    ( 1049): 	at libcore.io.IoBridge.connect(IoBridge.java:122)
E/Auth    ( 1049): 	at java.net.PlainSocketImpl.connect(PlainSocketImpl.java:183)
E/Auth    ( 1049): 	at java.net.PlainSocketImpl.connect(PlainSocketImpl.java:456)
E/Auth    ( 1049): 	at java.net.Socket.connect(Socket.java:882)
E/Auth    ( 1049): 	at com.android.okhttp.internal.Platform.connectSocket(Platform.java:174)
E/Auth    ( 1049): 	at com.android.okhttp.Connection.connect(Connection.java:152)
E/Auth    ( 1049): 	at com.android.okhttp.internal.http.HttpEngine.connect(HttpEngine.java:276)
E/Auth    ( 1049): 	at com.android.okhttp.internal.http.HttpEngine.sendRequest(HttpEngine.java:211)
E/Auth    ( 1049): 	at com.android.okhttp.internal.http.HttpURLConnectionImpl.execute(HttpURLConnectionImpl.java:382)
E/Auth    ( 1049): 	at com.android.okhttp.internal.http.HttpURLConnectionImpl.connect(HttpURLConnectionImpl.java:106)
E/Auth    ( 1049): 	at com.android.okhttp.internal.http.HttpURLConnectionImpl.getOutputStream(HttpURLConnectionImpl.java:217)
E/Auth    ( 1049): 	at com.android.okhttp.internal.http.DelegatingHttpsURLConnection.getOutputStream(DelegatingHttpsURLConnection.java:218)
E/Auth    ( 1049): 	at com.android.okhttp.internal.http.HttpsURLConnectionImpl.getOutputStream(HttpsURLConnectionImpl.java:25)
E/Auth    ( 1049): 	at wvs.a(:com.google.android.gms@12685011@12.6.85 (020406-197041431):60)
E/Auth    ( 1049): 	at hxj.a(:com.google.android.gms@12685011@12.6.85 (020406-197041431))
E/Auth    ( 1049): 	at fzu.a(:com.google.android.gms@12685011@12.6.85 (020406-197041431):6)
E/Auth    ( 1049): 	at fzu.a(:com.google.android.gms@12685011@12.6.85 (020406-197041431):2)
E/Auth    ( 1049): 	at gaj.b(:com.google.android.gms@12685011@12.6.85 (020406-197041431):154)
E/Auth    ( 1049): 	... 13 more
E/Auth    ( 1049): Caused by: android.system.ErrnoException: isConnected failed: EHOSTUNREACH (No route to host)
E/Auth    ( 1049): 	at libcore.io.IoBridge.isConnected(IoBridge.java:223)
E/Auth    ( 1049): 	... 32 more
W/Auth    ( 1049): [GetToken] GetToken failed with status code: NetworkError
E/Gcs.NfeApertureClient( 5267): [473] i.a: Failed to get WFA elibility.
E/Gcs.NfeApertureClient( 5267): java.util.concurrent.ExecutionException: com.a.a.a: NetworkError
E/Gcs.NfeApertureClient( 5267): 	at com.a.a.a.g.a(SourceFile:117)
E/Gcs.NfeApertureClient( 5267): 	at com.a.a.a.g.get(SourceFile:97)
E/Gcs.NfeApertureClient( 5267): 	at com.google.android.apps.gcs.chell.a.a.a(SourceFile:37)
E/Gcs.NfeApertureClient( 5267): 	at com.google.android.apps.gcs.service.WfaEligibilityRefreshingGcmTaskService.a(SourceFile:68)
E/Gcs.NfeApertureClient( 5267): 	at com.google.android.gms.gcm.b$b.run(Unknown Source)
E/Gcs.NfeApertureClient( 5267): 	at java.util.concurrent.ThreadPoolExecutor.runWorker(ThreadPoolExecutor.java:1112)
E/Gcs.NfeApertureClient( 5267): 	at java.util.concurrent.ThreadPoolExecutor$Worker.run(ThreadPoolExecutor.java:587)
E/Gcs.NfeApertureClient( 5267): 	at java.lang.Thread.run(Thread.java:818)
E/Gcs.NfeApertureClient( 5267): Caused by: com.a.a.a: NetworkError
E/Gcs.NfeApertureClient( 5267): 	at com.google.android.flib.a.a.a(SourceFile:173)
E/Gcs.NfeApertureClient( 5267): 	at com.a.a.a.d.a(SourceFile:79)
E/Gcs.NfeApertureClient( 5267): 	at com.a.a.a.a.a(SourceFile:97)
E/Gcs.NfeApertureClient( 5267): 	at com.a.a.h.run(SourceFile:112)
E/Gcs.NfeApertureClient( 5267): Caused by: java.io.IOException: NetworkError
E/Gcs.NfeApertureClient( 5267): 	at com.google.android.gms.auth.m.a(Unknown Source)
E/Gcs.NfeApertureClient( 5267): 	at com.google.android.gms.auth.f.a(Unknown Source)
E/Gcs.NfeApertureClient( 5267): 	at com.google.android.gms.auth.f.b(Unknown Source)
E/Gcs.NfeApertureClient( 5267): 	at com.google.android.gms.auth.e.a(Unknown Source)
E/Gcs.NfeApertureClient( 5267): 	at com.google.android.flib.a.a.a(SourceFile:3182)
E/Gcs.NfeApertureClient( 5267): 	... 3 more
W/Gcs.WfaEliRefreshTask( 5267): [473] i.b: NULL eligibility response.
I/EventLogSendingHelper( 1089): Sending log events.
I/art     (  459): Explicit concurrent mark sweep GC freed 179940(7MB) AllocSpace objects, 0(0B) LOS objects, 33% free, 22MB/34MB, paused 617us total 106.200ms
E/SQLiteLog( 1089): (283) recovered 7 frames from WAL file /data/data/com.google.android.googlequicksearchbox/app_si/state_dump_event_content_store/content_store.db-wal
D/ConnectivityService(  459): updateNetworkScore for NetworkAgentInfo [WIFI () - 100] to 60
D/ConnectivityService(  459): rematching NetworkAgentInfo [WIFI () - 100]
D/ConnectivityService(  459): Network NetworkAgentInfo [WIFI () - 100] was already satisfying request 1. No change.
D/ConnectivityService(  459): notifyType AVAILABLE for NetworkAgentInfo [WIFI () - 100]
D/ConnectivityManager.CallbackHandler(  663): CM callback handler got msg 524290
D/ConnectivityManager.CallbackHandler( 1089): CM callback handler got msg 524290
D/ConnectivityManager.CallbackHandler( 1010): CM callback handler got msg 524290
D/ConnectivityManager.CallbackHandler( 4595): CM callback handler got msg 524290
D/ConnectivityManager.CallbackHandler( 7664): CM callback handler got msg 524290
D/ConnectivityManager.CallbackHandler( 7641): CM callback handler got msg 524290
W/Wifi    ( 3847): Failed to read packet and byte counts from wifi interface
W/Wifi    ( 3847): Failed to read packet and byte counts from wifi interface
W/Wifi    ( 3847): Failed to read packet and byte counts from wifi interface
D/ConnectivityService(  459): updateNetworkScore for NetworkAgentInfo [WIFI () - 100] to 56
D/ConnectivityService(  459): rematching NetworkAgentInfo [WIFI () - 100]
D/ConnectivityService(  459): Network NetworkAgentInfo [WIFI () - 100] was already satisfying request 1. No change.
D/ConnectivityService(  459): notifyType AVAILABLE for NetworkAgentInfo [WIFI () - 100]
D/ConnectivityManager.CallbackHandler(  663): CM callback handler got msg 524290
D/ConnectivityManager.CallbackHandler( 1010): CM callback handler got msg 524290
D/ConnectivityManager.CallbackHandler( 1089): CM callback handler got msg 524290
D/ConnectivityManager.CallbackHandler( 7664): CM callback handler got msg 524290
D/ConnectivityManager.CallbackHandler( 7641): CM callback handler got msg 524290
D/ConnectivityManager.CallbackHandler( 4595): CM callback handler got msg 524290
W/Wifi    ( 3847): Failed to read packet and byte counts from wifi interface
W/Wifi    ( 3847): Failed to read packet and byte counts from wifi interface
E/WifiStateMachine(  459): WifiStateMachine CMD_START_SCAN source -2 txSuccessRate=3.46 rxSuccessRate=7.61 targetRoamBSSID=88:15:44:ac:03:df RSSI=-61
W/Wifi    ( 3847): Failed to read packet and byte counts from wifi interface
D/ConnectivityService(  459): updateNetworkScore for NetworkAgentInfo [WIFI () - 100] to 60
D/ConnectivityService(  459): rematching NetworkAgentInfo [WIFI () - 100]
D/ConnectivityService(  459): Network NetworkAgentInfo [WIFI () - 100] was already satisfying request 1. No change.
D/ConnectivityService(  459): notifyType AVAILABLE for NetworkAgentInfo [WIFI () - 100]
D/ConnectivityManager.CallbackHandler( 1089): CM callback handler got msg 524290
D/ConnectivityManager.CallbackHandler(  663): CM callback handler got msg 524290
D/ConnectivityManager.CallbackHandler( 1010): CM callback handler got msg 524290
D/ConnectivityManager.CallbackHandler( 4595): CM callback handler got msg 524290
D/ConnectivityManager.CallbackHandler( 7664): CM callback handler got msg 524290
D/ConnectivityManager.CallbackHandler( 7641): CM callback handler got msg 524290
W/Wifi    ( 3847): Failed to read packet and byte counts from wifi interface
W/Wifi    ( 3847): Failed to read packet and byte counts from wifi interface
W/Wifi    ( 3847): Failed to read packet and byte counts from wifi interface
D/ConnectivityService(  459): updateNetworkScore for NetworkAgentInfo [WIFI () - 100] to 56
D/ConnectivityService(  459): rematching NetworkAgentInfo [WIFI () - 100]
D/ConnectivityService(  459): Network NetworkAgentInfo [WIFI () - 100] was already satisfying request 1. No change.
D/ConnectivityService(  459): notifyType AVAILABLE for NetworkAgentInfo [WIFI () - 100]
D/ConnectivityManager.CallbackHandler(  663): CM callback handler got msg 524290
D/ConnectivityManager.CallbackHandler( 1010): CM callback handler got msg 524290
D/ConnectivityManager.CallbackHandler( 1089): CM callback handler got msg 524290
D/ConnectivityManager.CallbackHandler( 4595): CM callback handler got msg 524290
D/ConnectivityManager.CallbackHandler( 7641): CM callback handler got msg 524290
D/ConnectivityManager.CallbackHandler( 7664): CM callback handler got msg 524290
W/Wifi    ( 3847): Failed to read packet and byte counts from wifi interface
W/Wifi    ( 3847): Failed to read packet and byte counts from wifi interface
W/Wifi    ( 3847): Failed to read packet and byte counts from wifi interface
W/Wifi    ( 3847): Failed to read packet and byte counts from wifi interface
W/Wifi    ( 3847): Failed to read packet and byte counts from wifi interface
W/Wifi    ( 3847): Failed to read packet and byte counts from wifi interface
W/Wifi    ( 3847): Failed to read packet and byte counts from wifi interface
W/Wifi    ( 3847): Failed to read packet and byte counts from wifi interface
W/Wifi    ( 3847): Failed to read packet and byte counts from wifi interface
D/ConnectivityService(  459): updateNetworkScore for NetworkAgentInfo [WIFI () - 100] to 60
D/ConnectivityService(  459): rematching NetworkAgentInfo [WIFI () - 100]
D/ConnectivityService(  459): Network NetworkAgentInfo [WIFI () - 100] was already satisfying request 1. No change.
D/ConnectivityService(  459): notifyType AVAILABLE for NetworkAgentInfo [WIFI () - 100]
D/ConnectivityManager.CallbackHandler(  663): CM callback handler got msg 524290
D/ConnectivityManager.CallbackHandler( 1089): CM callback handler got msg 524290
D/ConnectivityManager.CallbackHandler( 1010): CM callback handler got msg 524290
D/ConnectivityManager.CallbackHandler( 4595): CM callback handler got msg 524290
D/ConnectivityManager.CallbackHandler( 7641): CM callback handler got msg 524290
D/ConnectivityManager.CallbackHandler( 7664): CM callback handler got msg 524290
W/Wifi    ( 3847): Failed to read packet and byte counts from wifi interface
W/Wifi    ( 3847): Failed to read packet and byte counts from wifi interface
W/Wifi    ( 3847): Failed to read packet and byte counts from wifi interface
W/Wifi    ( 3847): Failed to read packet and byte counts from wifi interface
W/Wifi    ( 3847): Failed to read packet and byte counts from wifi interface
I/DeviceStateChecker( 1089): screenOn: true, isCharging: true
W/Wifi    ( 3847): Failed to read packet and byte counts from wifi interface
W/Wifi    ( 3847): Failed to read packet and byte counts from wifi interface
E/WifiStateMachine(  459): WifiStateMachine CMD_START_SCAN source -2 txSuccessRate=0.45 rxSuccessRate=1.68 targetRoamBSSID=88:15:44:ac:03:df RSSI=-58
W/Wifi    ( 3847): Failed to read packet and byte counts from wifi interface
W/Wifi    ( 3847): Failed to read packet and byte counts from wifi interface
W/Wifi    ( 3847): Failed to read packet and byte counts from wifi interface
W/Wifi    ( 3847): Failed to read packet and byte counts from wifi interface
E/GoogleConversionReporter( 7664): Error sending ping
E/GoogleConversionReporter( 7664): java.net.ConnectException: failed to connect to www.googleadservices.com/216.58.212.194 (port 443) after 60000ms: isConnected failed: EHOSTUNREACH (No route to host)
E/GoogleConversionReporter( 7664): 	at libcore.io.IoBridge.isConnected(IoBridge.java:238)
E/GoogleConversionReporter( 7664): 	at libcore.io.IoBridge.connectErrno(IoBridge.java:171)
E/GoogleConversionReporter( 7664): 	at libcore.io.IoBridge.connect(IoBridge.java:122)
E/GoogleConversionReporter( 7664): 	at java.net.PlainSocketImpl.connect(PlainSocketImpl.java:183)
E/GoogleConversionReporter( 7664): 	at java.net.PlainSocketImpl.connect(PlainSocketImpl.java:456)
E/GoogleConversionReporter( 7664): 	at java.net.Socket.connect(Socket.java:882)
E/GoogleConversionReporter( 7664): 	at com.android.okhttp.internal.Platform.connectSocket(Platform.java:174)
E/GoogleConversionReporter( 7664): 	at com.android.okhttp.Connection.connect(Connection.java:152)
E/GoogleConversionReporter( 7664): 	at com.android.okhttp.internal.http.HttpEngine.connect(HttpEngine.java:276)
E/GoogleConversionReporter( 7664): 	at com.android.okhttp.internal.http.HttpEngine.sendRequest(HttpEngine.java:211)
E/GoogleConversionReporter( 7664): 	at com.android.okhttp.internal.http.HttpURLConnectionImpl.execute(HttpURLConnectionImpl.java:382)
E/GoogleConversionReporter( 7664): 	at com.android.okhttp.internal.http.HttpURLConnectionImpl.getResponse(HttpURLConnectionImpl.java:332)
E/GoogleConversionReporter( 7664): 	at com.android.okhttp.internal.http.HttpURLConnectionImpl.getResponseCode(HttpURLConnectionImpl.java:500)
E/GoogleConversionReporter( 7664): 	at com.android.okhttp.internal.http.DelegatingHttpsURLConnection.getResponseCode(DelegatingHttpsURLConnection.java:105)
E/GoogleConversionReporter( 7664): 	at com.android.okhttp.internal.http.HttpsURLConnectionImpl.getResponseCode(HttpsURLConnectionImpl.java:25)
E/GoogleConversionReporter( 7664): 	at btl.a(SourceFile:30)
E/GoogleConversionReporter( 7664): 	at bto.run(SourceFile:31)
E/GoogleConversionReporter( 7664): 	at java.lang.Thread.run(Thread.java:818)
E/GoogleConversionReporter( 7664): Caused by: android.system.ErrnoException: isConnected failed: EHOSTUNREACH (No route to host)
E/GoogleConversionReporter( 7664): 	at libcore.io.IoBridge.isConnected(IoBridge.java:223)
E/GoogleConversionReporter( 7664): 	... 17 more
W/Wifi    ( 3847): Failed to read packet and byte counts from wifi interface
W/Wifi    ( 3847): Failed to read packet and byte counts from wifi interface
D/ConnectivityService(  459): updateNetworkScore for NetworkAgentInfo [WIFI () - 100] to 56
D/ConnectivityService(  459): rematching NetworkAgentInfo [WIFI () - 100]
D/ConnectivityService(  459): Network NetworkAgentInfo [WIFI () - 100] was already satisfying request 1. No change.
D/ConnectivityService(  459): notifyType AVAILABLE for NetworkAgentInfo [WIFI () - 100]
D/ConnectivityManager.CallbackHandler(  663): CM callback handler got msg 524290
D/ConnectivityManager.CallbackHandler( 1089): CM callback handler got msg 524290
D/ConnectivityManager.CallbackHandler( 4595): CM callback handler got msg 524290
D/ConnectivityManager.CallbackHandler( 7641): CM callback handler got msg 524290
D/ConnectivityManager.CallbackHandler( 7664): CM callback handler got msg 524290
D/ConnectivityManager.CallbackHandler( 1010): CM callback handler got msg 524290
W/Wifi    ( 3847): Failed to read packet and byte counts from wifi interface
W/Wifi    ( 3847): Failed to read packet and byte counts from wifi interface
W/Wifi    ( 3847): Failed to read packet and byte counts from wifi interface
W/Wifi    ( 3847): Failed to read packet and byte counts from wifi interface
W/Wifi    ( 3847): Failed to read packet and byte counts from wifi interface
W/Wifi    ( 3847): Failed to read packet and byte counts from wifi interface
W/Wifi    ( 3847): Failed to read packet and byte counts from wifi interface
W/Wifi    ( 3847): Failed to read packet and byte counts from wifi interface
W/Wifi    ( 3847): Failed to read packet and byte counts from wifi interface
W/Wifi    ( 3847): Failed to read packet and byte counts from wifi interface
W/Wifi    ( 3847): Failed to read packet and byte counts from wifi interface
W/Wifi    ( 3847): Failed to read packet and byte counts from wifi interface
W/Wifi    ( 3847): Failed to read packet and byte counts from wifi interface
W/Wifi    ( 3847): Failed to read packet and byte counts from wifi interface
E/WifiStateMachine(  459): WifiStateMachine CMD_START_SCAN source -2 txSuccessRate=0.85 rxSuccessRate=3.28 targetRoamBSSID=88:15:44:ac:03:df RSSI=-63
W/Wifi    ( 3847): Failed to read packet and byte counts from wifi interface
W/Wifi    ( 3847): Failed to read packet and byte counts from wifi interface
W/Wifi    ( 3847): Failed to read packet and byte counts from wifi interface
W/Wifi    ( 3847): Failed to read packet and byte counts from wifi interface
W/Wifi    ( 3847): Failed to read packet and byte counts from wifi interface
W/Wifi    ( 3847): Failed to read packet and byte counts from wifi interface
W/Wifi    ( 3847): Failed to read packet and byte counts from wifi interface
W/Wifi    ( 3847): Failed to read packet and byte counts from wifi interface
W/Wifi    ( 3847): Failed to read packet and byte counts from wifi interface
W/Wifi    ( 3847): Failed to read packet and byte counts from wifi interface
D/ConnectivityService(  459): updateNetworkScore for NetworkAgentInfo [WIFI () - 100] to 60
D/ConnectivityService(  459): rematching NetworkAgentInfo [WIFI () - 100]
D/ConnectivityService(  459): Network NetworkAgentInfo [WIFI () - 100] was already satisfying request 1. No change.
D/ConnectivityService(  459): notifyType AVAILABLE for NetworkAgentInfo [WIFI () - 100]
D/ConnectivityManager.CallbackHandler(  663): CM callback handler got msg 524290
D/ConnectivityManager.CallbackHandler( 1089): CM callback handler got msg 524290
D/ConnectivityManager.CallbackHandler( 1010): CM callback handler got msg 524290
D/ConnectivityManager.CallbackHandler( 4595): CM callback handler got msg 524290
