E/SQLiteLog( 1173): (2067) abort at 35 in [INSERT INTO context(context_name,end_time,context_family,module_id,version,sync_state_mod_time_millis,start_time,sync_state,context_id,time_type,proto_blob) VALUES (?,?,?,?,?,?,?,?,?,?,?)]: UNI
E/SQLiteLog( 1173): (2067) abort at 35 in [INSERT INTO context(context_name,end_time,context_family,module_id,version,sync_state_mod_time_millis,start_time,sync_state,context_id,time_type,proto_blob) VALUES (?,?,?,?,?,?,?,?,?,?,?)]: UNI
W/Wifi    ( 3495): Failed to read packet and byte counts from wifi interface
W/ProcessCpuTracker(  471): Skipping unknown process pid 25392
W/Wifi    ( 3495): Failed to read packet and byte counts from wifi interface
W/Wifi    ( 3495): Failed to read packet and byte counts from wifi interface
W/Wifi    ( 3495): Failed to read packet and byte counts from wifi interface
W/Wifi    ( 3495): Failed to read packet and byte counts from wifi interface
W/Wifi    ( 3495): Failed to read packet and byte counts from wifi interface
W/Wifi    ( 3495): Failed to read packet and byte counts from wifi interface
D/ConnectivityService(  471): updateNetworkScore for NetworkAgentInfo [WIFI () - 102] to 60
D/ConnectivityService(  471): rematching NetworkAgentInfo [WIFI () - 102]
D/ConnectivityService(  471): Network NetworkAgentInfo [WIFI () - 102] was already satisfying request 1. No change.
D/ConnectivityService(  471): notifyType AVAILABLE for NetworkAgentInfo [WIFI () - 102]
D/ConnectivityManager.CallbackHandler(  692): CM callback handler got msg 524290
D/ConnectivityManager.CallbackHandler( 1040): CM callback handler got msg 524290
D/ConnectivityManager.CallbackHandler( 1040): CM callback handler got msg 524290
D/ConnectivityManager.CallbackHandler(23775): CM callback handler got msg 524290
D/ConnectivityManager.CallbackHandler(22584): CM callback handler got msg 524290
D/ConnectivityManager.CallbackHandler(22961): CM callback handler got msg 524290
D/ConnectivityManager.CallbackHandler( 1040): CM callback handler got msg 524290
W/Wifi    ( 3495): Failed to read packet and byte counts from wifi interface
W/Wifi    ( 3495): Failed to read packet and byte counts from wifi interface
W/Wifi    ( 3495): Failed to read packet and byte counts from wifi interface
D/ConnectivityService(  471): updateNetworkScore for NetworkAgentInfo [WIFI () - 102] to 56
D/ConnectivityService(  471): rematching NetworkAgentInfo [WIFI () - 102]
D/ConnectivityService(  471): Network NetworkAgentInfo [WIFI () - 102] was already satisfying request 1. No change.
D/ConnectivityService(  471): notifyType AVAILABLE for NetworkAgentInfo [WIFI () - 102]
D/ConnectivityManager.CallbackHandler( 1040): CM callback handler got msg 524290
D/ConnectivityManager.CallbackHandler(  692): CM callback handler got msg 524290
D/ConnectivityManager.CallbackHandler( 1040): CM callback handler got msg 524290
D/ConnectivityManager.CallbackHandler(22584): CM callback handler got msg 524290
D/ConnectivityManager.CallbackHandler( 1040): CM callback handler got msg 524290
D/ConnectivityManager.CallbackHandler(22961): CM callback handler got msg 524290
D/ConnectivityManager.CallbackHandler(23775): CM callback handler got msg 524290
W/Wifi    ( 3495): Failed to read packet and byte counts from wifi interface
W/Wifi    ( 3495): Failed to read packet and byte counts from wifi interface
W/Wifi    ( 3495): Failed to read packet and byte counts from wifi interface
D/ConnectivityService(  471): updateNetworkScore for NetworkAgentInfo [WIFI () - 102] to 60
D/ConnectivityService(  471): rematching NetworkAgentInfo [WIFI () - 102]
D/ConnectivityService(  471): Network NetworkAgentInfo [WIFI () - 102] was already satisfying request 1. No change.
D/ConnectivityService(  471): notifyType AVAILABLE for NetworkAgentInfo [WIFI () - 102]
D/ConnectivityManager.CallbackHandler(  692): CM callback handler got msg 524290
D/ConnectivityManager.CallbackHandler( 1040): CM callback handler got msg 524290
D/ConnectivityManager.CallbackHandler(22961): CM callback handler got msg 524290
D/ConnectivityManager.CallbackHandler(23775): CM callback handler got msg 524290
D/ConnectivityManager.CallbackHandler(22584): CM callback handler got msg 524290
D/ConnectivityManager.CallbackHandler( 1040): CM callback handler got msg 524290
D/ConnectivityManager.CallbackHandler( 1040): CM callback handler got msg 524290
W/Wifi    ( 3495): Failed to read packet and byte counts from wifi interface
W/Wifi    ( 3495): Failed to read packet and byte counts from wifi interface
W/Wifi    ( 3495): Failed to read packet and byte counts from wifi interface
D/ConnectivityService(  471): updateNetworkScore for NetworkAgentInfo [WIFI () - 102] to 56
D/ConnectivityService(  471): rematching NetworkAgentInfo [WIFI () - 102]
D/ConnectivityService(  471): Network NetworkAgentInfo [WIFI () - 102] was already satisfying request 1. No change.
D/ConnectivityService(  471): notifyType AVAILABLE for NetworkAgentInfo [WIFI () - 102]
D/ConnectivityManager.CallbackHandler(  692): CM callback handler got msg 524290
D/ConnectivityManager.CallbackHandler( 1040): CM callback handler got msg 524290
D/ConnectivityManager.CallbackHandler(22584): CM callback handler got msg 524290
D/ConnectivityManager.CallbackHandler(23775): CM callback handler got msg 524290
D/ConnectivityManager.CallbackHandler(22961): CM callback handler got msg 524290
D/ConnectivityManager.CallbackHandler( 1040): CM callback handler got msg 524290
D/ConnectivityManager.CallbackHandler( 1040): CM callback handler got msg 524290
W/Wifi    ( 3495): Failed to read packet and byte counts from wifi interface
E/WifiStateMachine(  471): WifiStateMachine CMD_START_SCAN source -2 txSuccessRate=0.85 rxSuccessRate=1.80 targetRoamBSSID=any RSSI=-61
W/Wifi    ( 3495): Failed to read packet and byte counts from wifi interface
W/Wifi    ( 3495): Failed to read packet and byte counts from wifi interface
D/ConnectivityService(  471): updateNetworkScore for NetworkAgentInfo [WIFI () - 102] to 60
D/ConnectivityService(  471): rematching NetworkAgentInfo [WIFI () - 102]
D/ConnectivityService(  471): Network NetworkAgentInfo [WIFI () - 102] was already satisfying request 1. No change.
D/ConnectivityService(  471): notifyType AVAILABLE for NetworkAgentInfo [WIFI () - 102]
D/ConnectivityManager.CallbackHandler(  692): CM callback handler got msg 524290
D/ConnectivityManager.CallbackHandler( 1040): CM callback handler got msg 524290
D/ConnectivityManager.CallbackHandler( 1040): CM callback handler got msg 524290
D/ConnectivityManager.CallbackHandler(22961): CM callback handler got msg 524290
D/ConnectivityManager.CallbackHandler(22584): CM callback handler got msg 524290
D/ConnectivityManager.CallbackHandler(23775): CM callback handler got msg 524290
D/ConnectivityManager.CallbackHandler( 1040): CM callback handler got msg 524290
D/AndroidRuntime(25419): >>>>>> START com.android.internal.os.RuntimeInit uid 2000 <<<<<<
D/AndroidRuntime(25419): CheckJNI is OFF
D/AndroidRuntime(25419): Calling main entry com.android.commands.am.Am
I/ActivityManager(  471): Force stopping com.android.chrome appid=10035 user=0: from pid 25419
I/ActivityManager(  471): Killing 25153:com.android.chrome/u0a35 (adj 11): stop com.android.chrome
W/ActivityManager(  471): Spurious death for ProcessRecord{2dc7d9b2 25153:com.android.chrome/u0a35}, curProc for 25153: null
W/Wifi    ( 3495): Failed to read packet and byte counts from wifi interface
I/ActivityManager(  471): START u0 {act=android.intent.action.VIEW flg=0x10008000 cmp=com.android.chrome/com.google.android.apps.chrome.Main} from uid 2000 on display 0
V/WindowManager(  471): addAppToken: AppWindowToken{1519cab9 token=Token{3a6d7480 ActivityRecord{34181d03 u0 com.android.chrome/com.google.android.apps.chrome.Main t4400}}} to stack=1 task=4400 at 0
D/AndroidRuntime(25419): Shutting down VM
I/ActivityManager(  471): Start proc 25431:com.android.chrome/u0a35 for activity com.android.chrome/com.google.android.apps.chrome.Main
W/DynamiteModule(25431): Local module descriptor class for com.google.android.gms.googlecertificates not found.
I/DynamiteModule(25431): Considering local module com.google.android.gms.googlecertificates:0 and remote module com.google.android.gms.googlecertificates:4
I/DynamiteModule(25431): Selected remote version of com.google.android.gms.googlecertificates, version >= 4
W/ResourcesManager(25431): Asset path '/system/framework/com.android.media.remotedisplay.jar' does not exist or contains no resources.
W/ResourcesManager(25431): Asset path '/system/framework/com.android.location.provider.jar' does not exist or contains no resources.
I/cr_InstantAppsHandler(25431): Not handling with Instant Apps (other)
I/ActivityManager(  471): START u0 {cmp=com.android.chrome/org.chromium.chrome.browser.firstrun.FirstRunActivity (has extras)} from uid 10035 on display 0
V/WindowManager(  471): addAppToken: AppWindowToken{1434cfd6 token=Token{15bd17f1 ActivityRecord{355398 u0 com.android.chrome/org.chromium.chrome.browser.firstrun.FirstRunActivity t4401}}} to stack=1 task=4401 at 0
I/cr_LibraryLoader(25431): Using linker: org.chromium.base.library_loader.LegacyLinker
W/linker  (25431): libchromium_android_linker.so: unused DT entry: type 0x6ffffffe arg 0xce8
W/linker  (25431): libchromium_android_linker.so: unused DT entry: type 0x6fffffff arg 0x3
D/OpenGLRenderer(25431): Use EGL_SWAP_BEHAVIOR_PRESERVED: true
I/cr_base (25431): Extracting resource /data/data/com.android.chrome/app_chrome/paks/en-GB.pak@12da8129
V/WindowManager(  471): Based on layer: Adding window Window{1eb603ae u0 com.android.chrome/org.chromium.chrome.browser.firstrun.FirstRunActivity} at 3 of 17
W/cr_ChildProcLH(25431): Create a new ChildConnectionAllocator with package name = com.android.chrome, sandboxed = true
I/cr_LibraryLoader(25431): Loading chrome from within /data/app/com.android.chrome-2/base.apk
I/cr_base (25431): Extracting resource /data/data/com.android.chrome/app_chrome/paks/en-US.pak@12da8129
I/ActivityManager(  471): Start proc 25460:com.android.chrome:sandboxed_process0/u0i183 for service com.android.chrome/org.chromium.content.app.SandboxedProcessService0
I/OpenGLRenderer(25431): Initialized EGL, version 1.4
W/dboxed_process0(25460): type=1400 audit(0.0:190): avc: denied { search } for name="tmp" dev="dm-0" ino=49 scontext=u:r:isolated_app:s0 tcontext=u:object_r:shell_data_file:s0 tclass=dir permissive=0
I/cr_ChildProcessService(25460): Creating new ChildProcessService pid=25460
D/OpenGLRenderer(25431): Enabling debug mode 0
I/cr_LibraryLoader(25431): Time to load native libraries: 294 ms (timestamps 6682-6976)
I/chromium(25431): [INFO:library_loader_hooks.cc(136)] Chromium logging enabled: level = 0, default verbosity = 0
I/cr_LibraryLoader(25431): Expected native library version number "61.0.3163.98", actual native library version number "61.0.3163.98"
I/ActivityManager(  471): Displayed com.android.chrome/org.chromium.chrome.browser.firstrun.FirstRunActivity: +497ms (total +3m6s578ms)
W/Wifi    ( 3495): Failed to read packet and byte counts from wifi interface
W/Wifi    ( 3495): Failed to read packet and byte counts from wifi interface
W/Wifi    ( 3495): Failed to read packet and byte counts from wifi interface
I/cr_VariationsSeedFetch(25431): Fetched first run seed in 2704 ms
I/cr_BrowserStartup(25431): Initializing chromium process, singleProcess=false
I/ActivityManager(  471): Start proc 25504:com.android.chrome:privileged_process0/u0a35 for service com.android.chrome/org.chromium.content.app.PrivilegedProcessService0
D/ConnectivityService(  471): listenForNetwork for NetworkRequest [ id=168, legacyType=-1, [ Capabilities: INTERNET&NOT_RESTRICTED&TRUSTED] ]
D/ConnectivityService(  471): handleRegisterNetworkRequest checking NetworkAgentInfo [WIFI () - 102]
D/ConnectivityService(  471): apparently satisfied.  currentScore=60
D/ConnectivityManager.CallbackHandler(25431): CM callback handler got msg 524290
D/ConnectivityService(  471): listenForNetwork for NetworkRequest [ id=169, legacyType=-1, [ Capabilities: INTERNET&NOT_RESTRICTED&TRUSTED] ]
D/ConnectivityService(  471): handleRegisterNetworkRequest checking NetworkAgentInfo [WIFI () - 102]
D/ConnectivityService(  471): apparently satisfied.  currentScore=60
D/ConnectivityManager.CallbackHandler(25431): CM callback handler got msg 524290
W/cr_KnoxSettingsProvider(25431): Permission to read device policy denied.
I/orc     ( 1040): 28-GetActiveNetworkQuality -- metadata{ service_id: 0 }
I/cr_ChildProcessService(25504): Creating new ChildProcessService pid=25504
I/cr_LibraryLoader(25504): Using linker: org.chromium.base.library_loader.LegacyLinker
W/linker  (25504): libchromium_android_linker.so: unused DT entry: type 0x6ffffffe arg 0xce8
W/linker  (25504): libchromium_android_linker.so: unused DT entry: type 0x6fffffff arg 0x3
I/cr_LibraryLoader(25504): Loading chrome from within /data/app/com.android.chrome-2/base.apk
I/cr_LibraryLoader(25504): Time to load native libraries: 72 ms (timestamps 9922-9994)
I/chromium(25504): [INFO:library_loader_hooks.cc(136)] Chromium logging enabled: level = 0, default verbosity = 0
I/cr_LibraryLoader(25504): Expected native library version number "61.0.3163.98", actual native library version number "61.0.3163.98"
E/libEGL  (25504): validate_display:255 error 3008 (EGL_BAD_DISPLAY)
W/Herrevad( 1040): [91] wux.b: Invalid mccmnc 
W/Herrevad( 1040): [91] wux.b: Invalid mccmnc 
I/art     (  471): Explicit concurrent mark sweep GC freed 140971(7MB) AllocSpace objects, 36(3MB) LOS objects, 33% free, 25MB/38MB, paused 1.661ms total 154.177ms
I/cr_SnippetsLauncher(25431): Scheduling: 172800 172800
W/Wifi    ( 3495): Failed to read packet and byte counts from wifi interface
W/VideoCapabilities(25504): Unsupported mime video/mpeg2
W/AudioCapabilities(25504): Unsupported mime audio/mpeg-L2
W/VideoCapabilities(25504): Unrecognized level 0 for video/x-vnd.on2.vp8
I/VideoCapabilities(25504): Unsupported profile 4 for video/mp4v-es
W/cr_MediaCodecUtil(25504): HW encoder for video/avc is not available on this device.
I/vgn     ( 1173): 35-GetDeviceDataUploadOptInStatusOperation -- metadata{ service_id: 0 }
I/vgn     ( 1173): 35-GetDeviceDataUploadOptInStatusOperation -- metadata{ service_id: 0 }
W/Wifi    ( 3495): Failed to read packet and byte counts from wifi interface
D/AndroidRuntime(25538): >>>>>> START com.android.internal.os.RuntimeInit uid 2000 <<<<<<
D/AndroidRuntime(25538): CheckJNI is OFF
W/Wifi    ( 3495): Failed to read packet and byte counts from wifi interface
D/AndroidRuntime(25538): Calling main entry com.android.commands.input.Input
I/Input   (25538): injectMotionEvent: MotionEvent { action=ACTION_DOWN, id[0]=0, x[0]=700.0, y[0]=1550.0, toolType[0]=TOOL_TYPE_UNKNOWN, buttonState=0, metaState=0, flags=0x0, edgeFlags=0x0, pointerCount=1, historySize=0, eventTime=12962161, downTime=12962161, deviceId=0, source=0x1002 }
I/Input   (25538): injectMotionEvent: MotionEvent { action=ACTION_UP, id[0]=0, x[0]=700.0, y[0]=1550.0, toolType[0]=TOOL_TYPE_UNKNOWN, buttonState=0, metaState=0, flags=0x0, edgeFlags=0x0, pointerCount=1, historySize=0, eventTime=12962161, downTime=12962161, deviceId=0, source=0x1002 }
D/AndroidRuntime(25538): Shutting down VM
D/audio_hw_primary(  204): out_set_parameters: enter: usecase(0: playback) kvpairs: routing=2 out->devices(2) adev->mode(0)
I/cr_LibraryLoader(25460): Using linker: org.chromium.base.library_loader.LegacyLinker
W/linker  (25460): libchromium_android_linker.so: unused DT entry: type 0x6ffffffe arg 0xce8
W/linker  (25460): libchromium_android_linker.so: unused DT entry: type 0x6fffffff arg 0x3
I/cr_LibraryLoader(25460): Loading chrome from within /data/app/com.android.chrome-2/base.apk
I/cr_LibraryLoader(25460): Time to load native libraries: 58 ms (timestamps 2878-2936)
I/chromium(25460): [INFO:library_loader_hooks.cc(136)] Chromium logging enabled: level = 0, default verbosity = 0
I/cr_LibraryLoader(25460): Expected native library version number "61.0.3163.98", actual native library version number "61.0.3163.98"
W/Wifi    ( 3495): Failed to read packet and byte counts from wifi interface
W/Wifi    ( 3495): Failed to read packet and byte counts from wifi interface
W/Wifi    ( 3495): Failed to read packet and byte counts from wifi interface
W/Wifi    ( 3495): Failed to read packet and byte counts from wifi interface
W/Settings( 3495): Setting http_proxy has moved from android.provider.Settings.Secure to android.provider.Settings.Global.
W/Wifi    ( 3495): Failed to read packet and byte counts from wifi interface
D/AndroidRuntime(25584): >>>>>> START com.android.internal.os.RuntimeInit uid 2000 <<<<<<
D/AndroidRuntime(25584): CheckJNI is OFF
D/AndroidRuntime(25584): Calling main entry com.android.commands.input.Input
I/Input   (25584): injectMotionEvent: MotionEvent { action=ACTION_DOWN, id[0]=0, x[0]=372.0, y[0]=1530.0, toolType[0]=TOOL_TYPE_UNKNOWN, buttonState=0, metaState=0, flags=0x0, edgeFlags=0x0, pointerCount=1, historySize=0, eventTime=12967848, downTime=12967848, deviceId=0, source=0x1002 }
I/Input   (25584): injectMotionEvent: MotionEvent { action=ACTION_UP, id[0]=0, x[0]=372.0, y[0]=1530.0, toolType[0]=TOOL_TYPE_UNKNOWN, buttonState=0, metaState=0, flags=0x0, edgeFlags=0x0, pointerCount=1, historySize=0, eventTime=12967848, downTime=12967848, deviceId=0, source=0x1002 }
D/AndroidRuntime(25584): Shutting down VM
D/audio_hw_primary(  204): out_set_parameters: enter: usecase(0: playback) kvpairs: routing=2 out->devices(2) adev->mode(0)
I/ActivityManager(  471): START u0 {act=android.intent.action.VIEW flg=0x10808000 cmp=com.android.chrome/com.google.android.apps.chrome.Main (has extras)} from uid 10035 on display 0
V/WindowManager(  471): addAppToken: AppWindowToken{145c27d2 token=Token{2023225d ActivityRecord{36149434 u0 com.android.chrome/com.google.android.apps.chrome.Main t4402}}} to stack=1 task=4402 at 0
D/ConnectivityService(  471): releasing NetworkRequest NetworkRequest [ id=169, legacyType=-1, [ Capabilities: INTERNET&NOT_RESTRICTED&TRUSTED] ]
D/ConnectivityManager.CallbackHandler(25431): CM callback handler got msg 524296
D/ConnectivityService(  471): listenForNetwork for NetworkRequest [ id=170, legacyType=-1, [ Capabilities: INTERNET&NOT_RESTRICTED&TRUSTED] ]
D/ConnectivityService(  471): handleRegisterNetworkRequest checking NetworkAgentInfo [WIFI () - 102]
D/ConnectivityService(  471): apparently satisfied.  currentScore=60
D/ConnectivityManager.CallbackHandler(25431): CM callback handler got msg 524290
I/chromium(25460): [INFO:child_process_service_impl.cc(70)] ChildProcessServiceImpl: Exiting child process.
I/cr_InstantAppsHandler(25431): Not handling with Instant Apps (other)
W/libprocessgroup(  471): failed to open /acct/uid_10035/pid_25460/cgroup.procs: No such file or directory
I/ActivityManager(  471): Process com.android.chrome:sandboxed_process0 (pid 25460) has died
W/ActivityManager(  471): Scheduling restart of crashed service com.android.chrome/org.chromium.content.app.SandboxedProcessService0 in 1000ms
I/ActivityManager(  471): START u0 {act=android.intent.action.VIEW flg=0x14002000 cmp=com.android.chrome/org.chromium.chrome.browser.ChromeTabbedActivity (has extras)} from uid 10035 on display 0
V/WindowManager(  471): addAppToken: AppWindowToken{21f8df2a token=Token{29dd4015 ActivityRecord{2fc235cc u0 com.android.chrome/org.chromium.chrome.browser.ChromeTabbedActivity t4403}}} to stack=1 task=4403 at 0
V/WindowManager(  471): Based on layer: Adding window Window{23157893 u0 Starting com.android.chrome} at 4 of 18
W/cr_ChildProcessConn(25431): onServiceDisconnected (crash or killed by oom): pid=25460
W/Wifi    ( 3495): Failed to read packet and byte counts from wifi interface
I/PBSessionCacheImpl(22584): Deleted sessionId[15064857061923] from persistence.
W/cr_ChildProcLH(25431): Create a new ChildConnectionAllocator with package name = com.android.chrome, sandboxed = true
W/cr_tabmodel(25431): Starting to perform legacy migration.
W/cr_tabmodel(25431): Finished performing legacy migration.
W/cr_tabmodel(25431): Starting to perform multi-instance migration.
W/cr_tabmodel(25431): Finished performing multi-instance migration.
W/cr_tabmodel(25431): Starting to fetch tab list.
E/cr_tabmodel(25431): State file does not exist.
I/ActivityManager(  471): Start proc 25609:com.android.chrome:sandboxed_process0/u0i184 for service com.android.chrome/org.chromium.content.app.SandboxedProcessService0
V/WindowManager(  471): Adding window Window{36b1f801 u0 com.android.chrome/org.chromium.chrome.browser.ChromeTabbedActivity} at 4 of 19 (before Window{23157893 u0 Starting com.android.chrome})
I/MicroDetector(22584): Keeping mic open: false
I/DeviceStateChecker(22584): DeviceStateChecker cancelled
D/AndroidRuntime(25606): >>>>>> START com.android.internal.os.RuntimeInit uid 2000 <<<<<<
D/AndroidRuntime(25606): CheckJNI is OFF
I/MicroRecognitionRunner(22584): Stopping hotword detection.
V/WindowManager(  471): Adding window Window{1d763c94 u0 SurfaceView} at 4 of 20 (before Window{36b1f801 u0 com.android.chrome/org.chromium.chrome.browser.ChromeTabbedActivity})
I/AudioController(22584): internalShutdown
W/dboxed_process0(25609): type=1400 audit(0.0:191): avc: denied { search } for name="tmp" dev="dm-0" ino=49 scontext=u:r:isolated_app:s0 tcontext=u:object_r:shell_data_file:s0 tclass=dir permissive=0
I/cr_ChildProcessService(25609): Creating new ChildProcessService pid=25609
I/MicrophoneInputStream(22584): mic_close com.google.android.apps.gsa.speech.audio.af@18cfd700
E/WorkerRegistryImpl(22584): getWorker() is called after WorkerRegistry disposal.
E/WorkerRegistryImpl(22584): getWorker() is called after WorkerRegistry disposal.
E/WorkerRegistryImpl(22584): getWorker() is called after WorkerRegistry disposal.
E/WorkerRegistryImpl(22584): getWorker() is called after WorkerRegistry disposal.
E/WorkerRegistryImpl(22584): getWorker() is called after WorkerRegistry disposal.
I/SoundTriggerHwService::Module(  204): void android::SoundTriggerHwService::Module::onCallbackEvent(const android::sp<android::SoundTriggerHwService::CallbackEvent>&) mClient == 0
E/WorkerRegistryImpl(22584): getWorker() is called after WorkerRegistry disposal.
E/WorkerRegistryImpl(22584): getWorker() is called after WorkerRegistry disposal.
E/WorkerRegistryImpl(22584): getWorker() is called after WorkerRegistry disposal.
E/WorkerRegistryImpl(22584): getWorker() is called after WorkerRegistry disposal.
E/WorkerRegistryImpl(22584): getWorker() is called after WorkerRegistry disposal.
E/WorkerRegistryImpl(22584): getWorker() is called after WorkerRegistry disposal.
E/WorkerRegistryImpl(22584): getWorker() is called after WorkerRegistry disposal.
E/WorkerRegistryImpl(22584): getWorker() is called after WorkerRegistry disposal.
E/WorkerRegistryImpl(22584): getWorker() is called after WorkerRegistry disposal.
E/WorkerRegistryImpl(22584): getWorker() is called after WorkerRegistry disposal.
E/WorkerRegistryImpl(22584): getWorker() is called after WorkerRegistry disposal.
E/WorkerRegistryImpl(22584): getWorker() is called after WorkerRegistry disposal.
E/WorkerRegistryImpl(22584): getWorker() is called after WorkerRegistry disposal.
E/WorkerRegistryImpl(22584): getWorker() is called after WorkerRegistry disposal.
E/WorkerRegistryImpl(22584): getWorker() is called after WorkerRegistry disposal.
E/WorkerRegistryImpl(22584): getWorker() is called after WorkerRegistry disposal.
E/WorkerRegistryImpl(22584): getWorker() is called after WorkerRegistry disposal.
E/WorkerRegistryImpl(22584): getWorker() is called after WorkerRegistry disposal.
E/WorkerRegistryImpl(22584): getWorker() is called after WorkerRegistry disposal.
E/WorkerRegistryImpl(22584): getWorker() is called after WorkerRegistry disposal.
E/WorkerRegistryImpl(22584): getWorker() is called after WorkerRegistry disposal.
E/WorkerRegistryImpl(22584): getWorker() is called after WorkerRegistry disposal.
E/WorkerRegistryImpl(22584): getWorker() is called after WorkerRegistry disposal.
I/MicroRecognitionRunner(22584): Detection finished
I/vgn     ( 1173): 67-RequestPlaceUpdates -- metadata{ service_id: 0 }
I/vgn     ( 1173): 67-RemovePlaceUpdates -- metadata{ service_id: 0 }
I/Places  ( 1173): ?: PlacesBleScanner stop()
I/BeaconBle( 1173): Scan canceled successfully.
I/PlaceInferenceEngine( 1173): [anon] Changed inference mode: 0
I/GeofencerStateMachine( 1173): removeGeofences: removeRequest=RemoveGeofencingRequest[REMOVE_BY_PENDING_INTENT pendingIntent=PendingIntent[creatorPackage=com.google.android.gms], packageName=null]
I/ActivityManager(  471): Displayed com.android.chrome/org.chromium.chrome.browser.ChromeTabbedActivity: +882ms (total +966ms)
I/art     (25431): Rejecting re-init on previously-failed class java.lang.Class<org.chromium.content.browser.FloatingActionModeCallback>
I/art     (25431): Rejecting re-init on previously-failed class java.lang.Class<org.chromium.content.browser.FloatingActionModeCallback>
W/Wifi    ( 3495): Failed to read packet and byte counts from wifi interface
I/cr_LibraryLoader(25609): Using linker: org.chromium.base.library_loader.LegacyLinker
W/linker  (25609): libchromium_android_linker.so: unused DT entry: type 0x6ffffffe arg 0xce8
W/linker  (25609): libchromium_android_linker.so: unused DT entry: type 0x6fffffff arg 0x3
W/cr_media(25431): Requires BLUETOOTH permission
I/cr_LibraryLoader(25609): Loading chrome from within /data/app/com.android.chrome-2/base.apk
D/AndroidRuntime(25606): Calling main entry com.android.commands.am.Am
I/Trepn   (24486): Trepn 6.2s: Received intent: com.quicinc.trepn.start_profiling
I/cr_LibraryLoader(25609): Time to load native libraries: 135 ms (timestamps 9259-9394)
I/chromium(25609): [INFO:library_loader_hooks.cc(136)] Chromium logging enabled: level = 0, default verbosity = 0
I/cr_LibraryLoader(25609): Expected native library version number "61.0.3163.98", actual native library version number "61.0.3163.98"
I/ActivityManager(  471): Start proc 25663:com.android.chrome:sandboxed_process1/u0i185 for service com.android.chrome/org.chromium.content.app.SandboxedProcessService1
I/art     (  210): Explicit concurrent mark sweep GC freed 704(30KB) AllocSpace objects, 0(0B) LOS objects, 39% free, 7MB/11MB, paused 1.525ms total 103.751ms
I/art     (  210): Explicit concurrent mark sweep GC freed 5(160B) AllocSpace objects, 0(0B) LOS objects, 39% free, 7MB/11MB, paused 218us total 28.726ms
W/dboxed_process1(25663): type=1400 audit(0.0:192): avc: denied { search } for name="tmp" dev="dm-0" ino=49 scontext=u:r:isolated_app:s0 tcontext=u:object_r:shell_data_file:s0 tclass=dir permissive=0
I/art     (  210): Explicit concurrent mark sweep GC freed 5(160B) AllocSpace objects, 0(0B) LOS objects, 39% free, 7MB/11MB, paused 1.290ms total 18.779ms
I/cr_ChildProcessService(25663): Creating new ChildProcessService pid=25663
D/BluetoothAdapter(22584): 14664525: getState() :  mService = null. Returning STATE_OFF
D/BluetoothAdapter(22584): 14664525: getState() :  mService = null. Returning STATE_OFF
I/VoiceSearchSettings(22584): Hotword upgrade key is null!
I/VISHotwordAdapter(22584): #initialize, locale=en-US, keyPhrase=Ok Google
I/GsaVoiceInteractionSrv(  889): initializeAlwaysOnHotwordDetector locale en-US hotwordPhrase Ok Google
I/cr_SnippetsLauncher(25431): Scheduling: 172800 172800
I/orc     ( 1173): 51-GetExperimentTokensOperationCall -- metadata{ service_id: 0 }
I/cr_LibraryLoader(25663): Using linker: org.chromium.base.library_loader.LegacyLinker
W/linker  (25663): libchromium_android_linker.so: unused DT entry: type 0x6ffffffe arg 0xce8
W/linker  (25663): libchromium_android_linker.so: unused DT entry: type 0x6fffffff arg 0x3
I/cr_LibraryLoader(25663): Loading chrome from within /data/app/com.android.chrome-2/base.apk
E/aght    ( 1173): Phenotype API error. Event a <
E/aght    ( 1173):   a: "LOCAL.com.google.android.agsa.QSB"
E/aght    ( 1173):   b: 0
E/aght    ( 1173):   e: ""
E/aght    ( 1173):   f: ""
E/aght    ( 1173):   g: 0
E/aght    ( 1173):   h: 0
E/aght    ( 1173):   i: ""
E/aght    ( 1173):   j: 1
E/aght    ( 1173): >
E/aght    ( 1173): e: # bjzl@f5130810
E/aght    ( 1173): , EventCode: 7 -- metadata{ service_id: 51 }
E/aght    ( 1173): aggm: 29505: No config packages for log source, or config package not registered
E/aght    ( 1173): 	at agif.b(:com.google.android.gms@12685011@12.6.85 (020406-197041431):4)
E/aght    ( 1173): 	at aght.a(:com.google.android.gms@12685011@12.6.85 (020406-197041431):40)
E/aght    ( 1173): 	at aght.a(:com.google.android.gms@12685011@12.6.85 (020406-197041431):108)
E/aght    ( 1173): 	at ord.run(:com.google.android.gms@12685011@12.6.85 (020406-197041431):40)
E/aght    ( 1173): 	at azvp.run(:com.google.android.gms@12685011@12.6.85 (020406-197041431):2)
E/aght    ( 1173): 	at ovl.run(:com.google.android.gms@12685011@12.6.85 (020406-197041431):27)
E/aght    ( 1173): 	at java.util.concurrent.ThreadPoolExecutor.runWorker(ThreadPoolExecutor.java:1112)
E/aght    ( 1173): 	at java.util.concurrent.ThreadPoolExecutor$Worker.run(ThreadPoolExecutor.java:587)
E/aght    ( 1173): 	at pbm.run(:com.google.android.gms@12685011@12.6.85 (020406-197041431))
E/aght    ( 1173): 	at java.lang.Thread.run(Thread.java:818)
E/AsyncOperation( 1173): serviceID=51, operation=GetExperimentTokensOperationCall
E/AsyncOperation( 1173): OperationException[Status{statusCode=No config packages for log source, or config package not registered, resolution=null}]
E/AsyncOperation( 1173): 	at aght.a(:com.google.android.gms@12685011@12.6.85 (020406-197041431):53)
E/AsyncOperation( 1173): 	at aght.a(:com.google.android.gms@12685011@12.6.85 (020406-197041431):108)
E/AsyncOperation( 1173): 	at ord.run(:com.google.android.gms@12685011@12.6.85 (020406-197041431):40)
E/AsyncOperation( 1173): 	at azvp.run(:com.google.android.gms@12685011@12.6.85 (020406-197041431):2)
E/AsyncOperation( 1173): 	at ovl.run(:com.google.android.gms@12685011@12.6.85 (020406-197041431):27)
E/AsyncOperation( 1173): 	at java.util.concurrent.ThreadPoolExecutor.runWorker(ThreadPoolExecutor.java:1112)
E/AsyncOperation( 1173): 	at java.util.concurrent.ThreadPoolExecutor$Worker.run(ThreadPoolExecutor.java:587)
E/AsyncOperation( 1173): 	at pbm.run(:com.google.android.gms@12685011@12.6.85 (020406-197041431))
E/AsyncOperation( 1173): 	at java.lang.Thread.run(Thread.java:818)
W/FileUtils(24486): Failed to chmod(/storage/emulated/0/trepn/Trepn_2018.06.16_181655.db): android.system.ErrnoException: chmod failed: EPERM (Operation not permitted)
I/cr_LibraryLoader(25663): Time to load native libraries: 107 ms (timestamps 9846-9953)
I/chromium(25663): [INFO:library_loader_hooks.cc(136)] Chromium logging enabled: level = 0, default verbosity = 0
I/cr_LibraryLoader(25663): Expected native library version number "61.0.3163.98", actual native library version number "61.0.3163.98"
W/Wifi    ( 3495): Failed to read packet and byte counts from wifi interface
I/art     (25431): Background sticky concurrent mark sweep GC freed 62642(3MB) AllocSpace objects, 29(513KB) LOS objects, 9% free, 16MB/17MB, paused 20.491ms total 342.166ms
I/ActivityManager(  471): Activity reported stop, but no longer stopping: ActivityRecord{355398 u0 com.android.chrome/org.chromium.chrome.browser.firstrun.FirstRunActivity t4401 f}
W/art     (25431): Suspending all threads took: 19.732ms
I/art     (25431): Background partial concurrent mark sweep GC freed 33604(1772KB) AllocSpace objects, 6(992KB) LOS objects, 39% free, 16MB/27MB, paused 20.732ms total 254.608ms
I/cr_BindingManager(25431): Moderate binding enabled: maxSize=20
I/Trepn   (24486): Trepn 6.2s: Trepn has Started Profiling.
I/Choreographer(24486): Skipped 37 frames!  The application may be doing too much work on its main thread.
D/AndroidRuntime(25606): Shutting down VM
I/Icing   ( 1040): IndexChimeraService.getServiceInterface callingPackage=com.android.chrome componentName=null serviceId=36
W/Wifi    ( 3495): Failed to read packet and byte counts from wifi interface
I/vgn     ( 1173): 19-GetFileDescriptorAndDelete -- metadata{ service_id: 0 }
I/Icing   ( 1040): IndexChimeraService.getServiceInterface callingPackage=com.android.chrome componentName=null serviceId=36
E/PartnerBookmarksReader(25431): ATTENTION: not using partner bookmarks as none were provided
D/BluetoothAdapter( 1173): 1039998840: getState() :  mService = null. Returning STATE_OFF
I/Icing   ( 1040): Usage reports ok 0, Failed Usage reports 0, indexed 0, rejected 0, imm upload false
I/vgn     ( 1173): 19-GetFileDescriptorAndDelete -- metadata{ service_id: 0 }
I/Icing   ( 1040): Usage reports ok 0, Failed Usage reports 0, indexed 0, rejected 0, imm upload false
I/Icing   ( 1040): Removing corpus key 94FBE96EEF13B8AC56FE8C01687FD8A6012559AC for package com.android.chrome
D/AndroidRuntime(25717): >>>>>> START com.android.internal.os.RuntimeInit uid 2000 <<<<<<
D/AndroidRuntime(25717): CheckJNI is OFF
W/System.err(22711): android.content.pm.PackageManager$NameNotFoundException
W/System.err(22711): 	at android.app.ApplicationPackageManager.getPackageInfo(ApplicationPackageManager.java:114)
W/System.err(22711): 	at com.estrongs.android.pop.app.c.ai.c(Unknown Source)
W/System.err(22711): 	at com.estrongs.android.pop.app.c.ai.a(Unknown Source)
W/System.err(22711): 	at com.estrongs.android.pop.app.scene.e.q.a(Unknown Source)
W/System.err(22711): 	at com.estrongs.android.scanner.c.m.run(Unknown Source)
W/System.err(22711): 	at java.util.concurrent.ThreadPoolExecutor.runWorker(ThreadPoolExecutor.java:1112)
W/System.err(22711): 	at java.util.concurrent.ThreadPoolExecutor$Worker.run(ThreadPoolExecutor.java:587)
W/System.err(22711): 	at java.lang.Thread.run(Thread.java:818)
I/dex2oat (25716): /system/bin/dex2oat --runtime-arg -classpath --runtime-arg  --instruction-set=arm --instruction-set-features=default --runtime-arg -Xrelocate --boot-image=/system/framework/boot.art --dex-file=/data/data/com.android.chrome/app_dex/webapk1.dex --oat-fd=213 --oat-location=/data/data/com.android.chrome/app_dex/arm/webapk1.dex --runtime-arg -Xms64m --runtime-arg -Xmx512m
D/TaskPersister(  471): removeObsoleteFile: deleting file=4401_task_thumbnail.png
I/dex2oat (25716): dex2oat took 188.564ms (threads: 2) arena alloc=87KB java alloc=6KB native alloc=618KB free=17KB
D/AndroidRuntime(25717): Calling main entry com.android.commands.am.Am
I/ActivityManager(  471): START u0 {act=android.intent.action.VIEW dat=localhost:8000 flg=0x10000000 cmp=com.android.chrome/com.google.android.apps.chrome.Main} from uid 2000 on display 0
V/WindowManager(  471): addAppToken: AppWindowToken{3326e931 token=Token{354aa1d8 ActivityRecord{a92c8bb u0 com.android.chrome/com.google.android.apps.chrome.Main t4404}}} to stack=1 task=4404 at 0
D/AndroidRuntime(25717): Shutting down VM
D/ConnectivityService(  471): releasing NetworkRequest NetworkRequest [ id=170, legacyType=-1, [ Capabilities: INTERNET&NOT_RESTRICTED&TRUSTED] ]
D/ConnectivityManager.CallbackHandler(25431): CM callback handler got msg 524296
W/cr_Autocomplete(25431): stopping autocomplete.
D/ConnectivityService(  471): listenForNetwork for NetworkRequest [ id=171, legacyType=-1, [ Capabilities: INTERNET&NOT_RESTRICTED&TRUSTED] ]
D/ConnectivityService(  471): handleRegisterNetworkRequest checking NetworkAgentInfo [WIFI () - 102]
D/ConnectivityService(  471): apparently satisfied.  currentScore=60
D/ConnectivityManager.CallbackHandler(25431): CM callback handler got msg 524290
I/cr_InstantAppsHandler(25431): Not handling with Instant Apps because Chrome is not default or there's a specialized handler
I/ActivityManager(  471): START u0 {act=android.intent.action.VIEW dat=localhost:8000 flg=0x14002000 cmp=com.android.chrome/org.chromium.chrome.browser.ChromeTabbedActivity (has extras)} from uid 10035 on display 0
W/InputMethodManagerService(  471): Window already focused, ignoring focus gain of: com.android.internal.view.IInputMethodClient$Stub$Proxy@e2fd3f0 attribute=null, token = android.os.BinderProxy@161069e8
I/ActivityManager(  471): Start proc 25738:com.android.chrome:sandboxed_process2/u0i186 for service com.android.chrome/org.chromium.content.app.SandboxedProcessService2
W/Wifi    ( 3495): Failed to read packet and byte counts from wifi interface
I/vgn     ( 1040): 45-xlb -- metadata{ service_id: 0 }
W/dboxed_process2(25738): type=1400 audit(0.0:193): avc: denied { search } for name="tmp" dev="dm-0" ino=49 scontext=u:r:isolated_app:s0 tcontext=u:object_r:shell_data_file:s0 tclass=dir permissive=0
I/cr_ChildProcessService(25738): Creating new ChildProcessService pid=25738
I/cr_LibraryLoader(25738): Using linker: org.chromium.base.library_loader.LegacyLinker
W/linker  (25738): libchromium_android_linker.so: unused DT entry: type 0x6ffffffe arg 0xce8
W/linker  (25738): libchromium_android_linker.so: unused DT entry: type 0x6fffffff arg 0x3
I/cr_LibraryLoader(25738): Loading chrome from within /data/app/com.android.chrome-2/base.apk
I/cr_LibraryLoader(25738): Time to load native libraries: 93 ms (timestamps 2390-2483)
I/chromium(25738): [INFO:library_loader_hooks.cc(136)] Chromium logging enabled: level = 0, default verbosity = 0
I/cr_LibraryLoader(25738): Expected native library version number "61.0.3163.98", actual native library version number "61.0.3163.98"
I/vgn     ( 1040): 45-xlb -- metadata{ service_id: 0 }
W/Wifi    ( 3495): Failed to read packet and byte counts from wifi interface
E/WifiStateMachine(  471): WifiStateMachine CMD_START_SCAN source -2 txSuccessRate=151.53 rxSuccessRate=133.72 targetRoamBSSID=any RSSI=-58
I/vgn     ( 1040): 45-xlb -- metadata{ service_id: 0 }
I/orc     ( 1173): 121-GetLaunchDataOperation -- metadata{ service_id: 0 }
I/vgn     ( 1040): 45-xlb -- metadata{ service_id: 0 }
I/vgn     ( 1040): 45-xlb -- metadata{ service_id: 0 }
W/Wifi    ( 3495): Failed to read packet and byte counts from wifi interface
I/chromium(25431): [INFO:CONSOLE(2)] "STARTME---1529165819922", source: http://localhost:8000/cputest_matrixmult.js (2)
I/ActivityManager(  471): Start proc 25774:com.opera.browser:alarm_receiver/u0a85 for broadcast com.opera.browser/com.opera.android.phantom.receiver.AlarmReceiver
I/chromium(25431): [INFO:CONSOLE(4)] "STOPME---1529165820626", source: http://localhost:8000/cputest_matrixmult.js (4)
I/cr_omaha(25431): Request to Server Successful. Timestamp for next request:1529169420691
I/chromium(25663): [INFO:child_process_service_impl.cc(70)] ChildProcessServiceImpl: Exiting child process.
W/libprocessgroup(  471): failed to open /acct/uid_10035/pid_25663/cgroup.procs: No such file or directory
I/ActivityManager(  471): Process com.android.chrome:sandboxed_process1 (pid 25663) has died
W/ActivityManager(  471): Scheduling restart of crashed service com.android.chrome/org.chromium.content.app.SandboxedProcessService1 in 1000ms
W/chromium(25431): [WARNING:compositor_view.cc(255)] Child process disconnected (type=6) pid=25663)
W/cr_ChildProcessConn(25431): onServiceDisconnected (crash or killed by oom): pid=25663
W/Wifi    ( 3495): Failed to read packet and byte counts from wifi interface
I/cr_omaha(25431): Request to Server Successful. Timestamp for next request:1529169420872
I/cr_omaha(25431): Attempting to schedule next job for: Sat Jun 16 23:17:00 GMT+02:00 2018
I/cr_omaha(25431): Scheduled using AlarmManager and IntentService
I/ActivityManager(  471): Start proc 25799:com.android.chrome:sandboxed_process3/u0i187 for service com.android.chrome/org.chromium.content.app.SandboxedProcessService3
W/dboxed_process3(25799): type=1400 audit(0.0:194): avc: denied { search } for name="tmp" dev="dm-0" ino=49 scontext=u:r:isolated_app:s0 tcontext=u:object_r:shell_data_file:s0 tclass=dir permissive=0
I/cr_ChildProcessService(25799): Creating new ChildProcessService pid=25799
I/cr_LibraryLoader(25799): Using linker: org.chromium.base.library_loader.LegacyLinker
W/linker  (25799): libchromium_android_linker.so: unused DT entry: type 0x6ffffffe arg 0xce8
W/linker  (25799): libchromium_android_linker.so: unused DT entry: type 0x6fffffff arg 0x3
I/cr_LibraryLoader(25799): Loading chrome from within /data/app/com.android.chrome-2/base.apk
I/cr_LibraryLoader(25799): Time to load native libraries: 51 ms (timestamps 5522-5573)
I/chromium(25799): [INFO:library_loader_hooks.cc(136)] Chromium logging enabled: level = 0, default verbosity = 0
I/cr_LibraryLoader(25799): Expected native library version number "61.0.3163.98", actual native library version number "61.0.3163.98"
I/art     (  471): Explicit concurrent mark sweep GC freed 35156(2MB) AllocSpace objects, 19(380KB) LOS objects, 33% free, 31MB/47MB, paused 826us total 105.568ms
W/Wifi    ( 3495): Failed to read packet and byte counts from wifi interface
W/Wifi    ( 3495): Failed to read packet and byte counts from wifi interface
I/Icing   ( 1040): Scored 163 usage reports, missing_corpora 2 update_failed 26
I/Icing   ( 1040): Indexing 94FBE96EEF13B8AC56FE8C01687FD8A6012559AC from com.android.chrome
I/Icing   ( 1040): Indexing done 94FBE96EEF13B8AC56FE8C01687FD8A6012559AC
W/Wifi    ( 3495): Failed to read packet and byte counts from wifi interface
I/EventLogSendingHelper(22584): Sending log events.
W/Wifi    ( 3495): Failed to read packet and byte counts from wifi interface
W/Wifi    ( 3495): Failed to read packet and byte counts from wifi interface
I/chromium(25799): [INFO:child_process_service_impl.cc(70)] ChildProcessServiceImpl: Exiting child process.
W/libprocessgroup(  471): failed to open /acct/uid_10035/pid_25799/cgroup.procs: No such file or directory
I/ActivityManager(  471): Process com.android.chrome:sandboxed_process3 (pid 25799) has died
W/ActivityManager(  471): Scheduling restart of crashed service com.android.chrome/org.chromium.content.app.SandboxedProcessService3 in 1000ms
W/cr_ChildProcessConn(25431): onServiceDisconnected (crash or killed by oom): pid=25799
W/chromium(25431): [WARNING:compositor_view.cc(255)] Child process disconnected (type=6) pid=25799)
W/Wifi    ( 3495): Failed to read packet and byte counts from wifi interface
W/Wifi    ( 3495): Failed to read packet and byte counts from wifi interface
W/Wifi    ( 3495): Failed to read packet and byte counts from wifi interface
W/Wifi    ( 3495): Failed to read packet and byte counts from wifi interface
W/Wifi    ( 3495): Failed to read packet and byte counts from wifi interface
W/Wifi    ( 3495): Failed to read packet and byte counts from wifi interface
W/Wifi    ( 3495): Failed to read packet and byte counts from wifi interface
W/Wifi    ( 3495): Failed to read packet and byte counts from wifi interface
W/Wifi    ( 3495): Failed to read packet and byte counts from wifi interface
W/Wifi    ( 3495): Failed to read packet and byte counts from wifi interface
W/Wifi    ( 3495): Failed to read packet and byte counts from wifi interface
W/Wifi    ( 3495): Failed to read packet and byte counts from wifi interface
W/Wifi    ( 3495): Failed to read packet and byte counts from wifi interface
E/WifiStateMachine(  471): WifiStateMachine CMD_START_SCAN source -2 txSuccessRate=3.84 rxSuccessRate=7.64 targetRoamBSSID=any RSSI=-59
W/ctxmgr  ( 1173): [AclManager]No 2 for (accnt=account#-517948760#, com.google.android.gms(10008):IndoorOutdoorProducer, vrsn=12685000, 0, 3pPkg = null ,  3pMdlId = null ,  pid = 1173). Was: 3 for 57, account#-517948760#
W/Wifi    ( 3495): Failed to read packet and byte counts from wifi interface
W/Wifi    ( 3495): Failed to read packet and byte counts from wifi interface
W/Wifi    ( 3495): Failed to read packet and byte counts from wifi interface
W/Wifi    ( 3495): Failed to read packet and byte counts from wifi interface
I/ActivityManager(  471): Start proc 25873:com.google.android.talk/u0a13 for service com.google.android.talk/com.google.android.apps.hangouts.concurrent.impl.GcmTriggeredNotifier
W/ResourcesManager(25873): Asset path '/system/framework/com.google.android.media.effects.jar' does not exist or contains no resources.
W/Wifi    ( 3495): Failed to read packet and byte counts from wifi interface
W/GmsLocationProvider(22584): Error removing location updates: 16
I/Babel_telephony(25873): TeleModule.onApplicationCreate
I/Babel_SMS(25873): MmsConfig: mnc/mcc: 0/0
I/Babel_SMS(25873): MmsConfig.loadMmsSettings
I/Babel_SMS(25873): MmsConfig.loadDeviceMmsSettings from API: userAgent=, uaProfUrl=
I/Babel_SMS(25873): MmsConfig.loadFromDatabase
E/Babel_SMS(25873): canonicalizeMccMnc: invalid mccmnc 
I/Babel_SMS(25873): MmsConfig.loadFromResources
E/Babel_SMS(25873): canonicalizeMccMnc: invalid mccmnc nullnull
I/Babel_App(25873): Startup - clean
I/Babel_SMS(25873): MmsConfig.loadMmsSettings: userAgent=Hangouts/22.0.171704195, uaProfUrl=https://ssl.gstatic.com/android/hangouts/hangouts_mms_ua_profile.xml
D/Babel_SmsDep(25873): disabled
D/Babel_SmsDepStand(25873): count:1
I/Babel_ConcService(25873): Binding ConcurrentService
D/VoldCmdListener(  150): cryptfs getpwtype
I/Babel_ConcService(25873): Scheduling delay with GcmNetworkManager of 225678 s for task froaccount_reg_renewal_80435_11 and tag network_connectivity_wakeup:persisted
I/Babel_ConcService(25873): Scheduling delay with GcmNetworkManager of 82799 s for task fugDB_CLEANUP_10924982_5 and tag :persisted
I/Babel_ConcService(25873): Acquired partial wake lock to keep ConcurrentService alive
I/Babel_ConcService(25873): Released partial wake lock as ConcurrentService became idle
I/Babel_ConcService(25873): Acquired partial wake lock to keep ConcurrentService alive
D/Babel_AcctMgr(25873): created account greenlab.vu@gmail.com => Redacted-21-chars
D/Babel_AcctMgr(25873): created account mrappletoo@gmail.com => Redacted-20-chars
D/Babel_SmsDepStand(25873): count:1
D/Babel_SmsDepNotif(25873): enabled
I/Babel_Notif_Persistent(25873): PersistentMessageNotifier.create
E/NetworkScheduler.ATC( 1173): Called cancelTask for already completed task com.google.android.talk/com.google.android.apps.hangouts.concurrent.impl.GcmTriggeredNotifier{u=0 tag=":persisted" trigger=window{start=3599s,end=3600s,earliest=-2s,latest=-1s} requirements=[NET_ANY] attributes=[PERSISTED] scheduled=-3601s last_run=-1s jid=N/A status=ACTIVE retries=0 client_lib=MANCHEGO_GCM-0} :RESCHEDULED
I/ActivityManager(  471): Killing 22736:system:ui/1000 (adj 15): empty #17
I/Babel   (25873): Account -1 not found for ringtone chat_notification_sound_key
I/Babel   (25873): ixe: No such account: -1
I/Babel   (25873): 	at ixu.b(SourceFile:113)
I/Babel   (25873): 	at fxh.a(SourceFile:22)
I/Babel   (25873): 	at fxh.b(SourceFile:18)
I/Babel   (25873): 	at eey.a(SourceFile:117)
I/Babel   (25873): 	at efc.a(SourceFile:29)
I/Babel   (25873): 	at gck.a(SourceFile:5)
I/Babel   (25873): 	at efh.a(SourceFile:4)
I/Babel   (25873): 	at bfn.run(SourceFile:25)
I/Babel   (25873): 	at java.util.concurrent.ThreadPoolExecutor.runWorker(ThreadPoolExecutor.java:1112)
I/Babel   (25873): 	at java.util.concurrent.ThreadPoolExecutor$Worker.run(ThreadPoolExecutor.java:587)
I/Babel   (25873): 	at bfu.run(SourceFile:5)
I/Babel   (25873): 	at java.lang.Thread.run(Thread.java:818)
I/ActivityManager(  471): Start proc 25922:com.google.android.videos/u0a77 for service com.google.android.videos/.service.drm.RefreshLicenseTaskService
D/NuPlayerDriver(  204): reset(0xab2f6150)
D/NuPlayerDriver(  204): notifyResetComplete(0xab2f6150)
D/Babel   (25873): isPhone: phoneType = 0
W/Wifi    ( 3495): Failed to read packet and byte counts from wifi interface
D/Babel_SmsDepUtil(25873): imp:-1:3685
I/Babel_ConcService(25873): Released partial wake lock as ConcurrentService became idle
I/Babel_ConcService(25873): Acquired partial wake lock to keep ConcurrentService alive
I/Babel_ConcService(25873): Released partial wake lock as ConcurrentService became idle
W/ResourcesManager(25922): Asset path '/system/framework/com.google.widevine.software.drm.jar' does not exist or contains no resources.
I/ActivityManager(  471): Start proc 25940:com.android.chrome:sandboxed_process4/u0i188 for service com.android.chrome/org.chromium.content.app.SandboxedProcessService4
W/dboxed_process4(25940): type=1400 audit(0.0:195): avc: denied { search } for name="tmp" dev="dm-0" ino=49 scontext=u:r:isolated_app:s0 tcontext=u:object_r:shell_data_file:s0 tclass=dir permissive=0
I/cr_ChildProcessService(25940): Creating new ChildProcessService pid=25940
I/cr_LibraryLoader(25940): Using linker: org.chromium.base.library_loader.LegacyLinker
W/linker  (25940): libchromium_android_linker.so: unused DT entry: type 0x6ffffffe arg 0xce8
W/linker  (25940): libchromium_android_linker.so: unused DT entry: type 0x6fffffff arg 0x3
I/cr_LibraryLoader(25940): Loading chrome from within /data/app/com.android.chrome-2/base.apk
I/cr_LibraryLoader(25940): Time to load native libraries: 65 ms (timestamps 9552-9617)
I/chromium(25940): [INFO:library_loader_hooks.cc(136)] Chromium logging enabled: level = 0, default verbosity = 0
I/cr_LibraryLoader(25940): Expected native library version number "61.0.3163.98", actual native library version number "61.0.3163.98"
E/SQLiteLog(25922): (283) recovered 61 frames from WAL file /data/data/com.google.android.videos/databases/purchase_store.db-wal
D/WifiService(  471): acquireWifiLockLocked: WifiLock{com.google.android.videos.service.drm.LicenseRefresher_tasks type=3 binder=android.os.BinderProxy@378ee20d}
D/WifiService(  471): releaseWifiLockLocked: WifiLock{com.google.android.videos.service.drm.LicenseRefresher_tasks type=3 binder=android.os.BinderProxy@378ee20d}
I/Finsky  (22961): [1654] com.google.android.finsky.ea.a.a(21): Will not allow first-party apps signed by test keys
I/Finsky  (22961): [1654] com.google.android.finsky.contentfilterui.m.a(13): Received content filters request from com.google.android.videos
I/ActivityManager(  471): Killing 22036:com.google.android.apps.gcs/u0a7 (adj 15): empty #17
W/Wifi    ( 3495): Failed to read packet and byte counts from wifi interface
D/WifiService(  471): Client connection lost with reason: 4
W/VideoCapabilities(25922): Unsupported mime video/mpeg2
W/AudioCapabilities(25922): Unsupported mime audio/mpeg-L2
