D/AndroidRuntime(24474): Calling main entry com.android.commands.am.Am
I/ActivityManager(  471): Start proc 24486:com.quicinc.trepn/u0a91 for service com.quicinc.trepn/.TrepnService
D/AndroidRuntime(24474): Shutting down VM
W/Wifi    ( 3495): Failed to read packet and byte counts from wifi interface
D/AndroidRuntime(24526): >>>>>> START com.android.internal.os.RuntimeInit uid 2000 <<<<<<
D/AndroidRuntime(24526): CheckJNI is OFF
D/AndroidRuntime(24526): Calling main entry com.android.commands.am.Am
I/ActivityManager(  471): Force stopping com.android.chrome appid=10035 user=0: from pid 24526
I/ActivityManager(  471): Killing 23121:com.android.chrome:privileged_process0/u0a35 (adj 9): stop com.android.chrome
W/cr_ChildProcessConn(23053): onServiceDisconnected (crash or killed by oom): pid=23121
W/ActivityManager(  471): Scheduling restart of crashed service com.android.chrome/org.chromium.content.app.PrivilegedProcessService0 in 1000ms
I/ActivityManager(  471): Killing 23053:com.android.chrome/u0a35 (adj 13): stop com.android.chrome
D/ConnectivityService(  471): ConnectivityService NetworkRequestInfo binderDied(NetworkRequest [ id=157, legacyType=-1, [ Capabilities: INTERNET&NOT_RESTRICTED&TRUSTED] ], android.os.BinderProxy@2270bbe5)
D/ConnectivityService(  471): releasing NetworkRequest NetworkRequest [ id=157, legacyType=-1, [ Capabilities: INTERNET&NOT_RESTRICTED&TRUSTED] ]
E/ConnectivityService(  471): RemoteException caught trying to send a callback msg for NetworkRequest [ id=157, legacyType=-1, [ Capabilities: INTERNET&NOT_RESTRICTED&TRUSTED] ]
I/ActivityManager(  471): Killing 23082:com.android.chrome:sandboxed_process0/u0a35i178 (adj 0): isolated not needed
W/libprocessgroup(  471): failed to open /acct/uid_10035/pid_23082/cgroup.procs: No such file or directory
W/ActivityManager(  471): Spurious death for ProcessRecord{347100e0 23121:com.android.chrome:privileged_process0/u0a35}, curProc for 23121: null
W/ActivityManager(  471): Unbind failed: could not find connection for android.os.BinderProxy@16dc182d
W/ActivityManager(  471): Spurious death for ProcessRecord{24b7096f 23053:com.android.chrome/u0a35}, curProc for 23053: null
W/Wifi    ( 3495): Failed to read packet and byte counts from wifi interface
I/ActivityManager(  471): START u0 {act=android.intent.action.VIEW flg=0x10008000 cmp=com.android.chrome/com.google.android.apps.chrome.Main} from uid 2000 on display 0
V/WindowManager(  471): addAppToken: AppWindowToken{9862cc8 token=Token{360ae96b ActivityRecord{3b5df6ba u0 com.android.chrome/com.google.android.apps.chrome.Main t4395}}} to stack=1 task=4395 at 0
D/AndroidRuntime(24526): Shutting down VM
I/ActivityManager(  471): Start proc 24542:com.android.chrome/u0a35 for activity com.android.chrome/com.google.android.apps.chrome.Main
I/art     (  210): Explicit concurrent mark sweep GC freed 706(30KB) AllocSpace objects, 0(0B) LOS objects, 39% free, 7MB/11MB, paused 177us total 38.823ms
I/art     (  210): Explicit concurrent mark sweep GC freed 8(256B) AllocSpace objects, 0(0B) LOS objects, 39% free, 7MB/11MB, paused 156us total 43.234ms
I/art     (  210): Explicit concurrent mark sweep GC freed 5(160B) AllocSpace objects, 0(0B) LOS objects, 39% free, 7MB/11MB, paused 660us total 14.968ms
W/DynamiteModule(24542): Local module descriptor class for com.google.android.gms.googlecertificates not found.
I/DynamiteModule(24542): Considering local module com.google.android.gms.googlecertificates:0 and remote module com.google.android.gms.googlecertificates:4
I/DynamiteModule(24542): Selected remote version of com.google.android.gms.googlecertificates, version >= 4
W/ResourcesManager(24542): Asset path '/system/framework/com.android.media.remotedisplay.jar' does not exist or contains no resources.
W/ResourcesManager(24542): Asset path '/system/framework/com.android.location.provider.jar' does not exist or contains no resources.
I/cr_InstantAppsHandler(24542): Not handling with Instant Apps (other)
I/ActivityManager(  471): START u0 {cmp=com.android.chrome/org.chromium.chrome.browser.firstrun.FirstRunActivity (has extras)} from uid 10035 on display 0
V/WindowManager(  471): addAppToken: AppWindowToken{3b1aab99 token=Token{913cce0 ActivityRecord{c391ae3 u0 com.android.chrome/org.chromium.chrome.browser.firstrun.FirstRunActivity t4396}}} to stack=1 task=4396 at 0
I/cr_LibraryLoader(24542): Using linker: org.chromium.base.library_loader.LegacyLinker
D/OpenGLRenderer(24542): Use EGL_SWAP_BEHAVIOR_PRESERVED: true
V/WindowManager(  471): Based on layer: Adding window Window{11d34d1 u0 com.android.chrome/org.chromium.chrome.browser.firstrun.FirstRunActivity} at 3 of 17
W/linker  (24542): libchromium_android_linker.so: unused DT entry: type 0x6ffffffe arg 0xce8
W/linker  (24542): libchromium_android_linker.so: unused DT entry: type 0x6fffffff arg 0x3
I/cr_LibraryLoader(24542): Loading chrome from within /data/app/com.android.chrome-2/base.apk
W/cr_ChildProcLH(24542): Create a new ChildConnectionAllocator with package name = com.android.chrome, sandboxed = true
I/ActivityManager(  471): Start proc 24572:com.android.chrome:sandboxed_process0/u0i179 for service com.android.chrome/org.chromium.content.app.SandboxedProcessService0
W/dboxed_process0(24572): type=1400 audit(0.0:186): avc: denied { search } for name="tmp" dev="dm-0" ino=49 scontext=u:r:isolated_app:s0 tcontext=u:object_r:shell_data_file:s0 tclass=dir permissive=0
I/cr_ChildProcessService(24572): Creating new ChildProcessService pid=24572
I/OpenGLRenderer(24542): Initialized EGL, version 1.4
D/OpenGLRenderer(24542): Enabling debug mode 0
I/cr_LibraryLoader(24542): Time to load native libraries: 292 ms (timestamps 4703-4995)
I/chromium(24542): [INFO:library_loader_hooks.cc(136)] Chromium logging enabled: level = 0, default verbosity = 0
I/cr_LibraryLoader(24542): Expected native library version number "61.0.3163.98", actual native library version number "61.0.3163.98"
W/Wifi    ( 3495): Failed to read packet and byte counts from wifi interface
I/ActivityManager(  471): Displayed com.android.chrome/org.chromium.chrome.browser.firstrun.FirstRunActivity: +577ms (total +903ms)
I/cr_BrowserStartup(24542): Initializing chromium process, singleProcess=false
I/ActivityManager(  471): Start proc 24610:com.android.chrome:privileged_process0/u0a35 for service com.android.chrome/org.chromium.content.app.PrivilegedProcessService0
I/cr_ChildProcessService(24610): Creating new ChildProcessService pid=24610
D/ConnectivityService(  471): listenForNetwork for NetworkRequest [ id=164, legacyType=-1, [ Capabilities: INTERNET&NOT_RESTRICTED&TRUSTED] ]
D/ConnectivityService(  471): handleRegisterNetworkRequest checking NetworkAgentInfo [WIFI () - 101]
D/ConnectivityService(  471): apparently satisfied.  currentScore=60
D/ConnectivityManager.CallbackHandler(24542): CM callback handler got msg 524290
I/cr_LibraryLoader(24610): Using linker: org.chromium.base.library_loader.LegacyLinker
W/linker  (24610): libchromium_android_linker.so: unused DT entry: type 0x6ffffffe arg 0xce8
W/linker  (24610): libchromium_android_linker.so: unused DT entry: type 0x6fffffff arg 0x3
D/ConnectivityService(  471): listenForNetwork for NetworkRequest [ id=165, legacyType=-1, [ Capabilities: INTERNET&NOT_RESTRICTED&TRUSTED] ]
D/ConnectivityService(  471): handleRegisterNetworkRequest checking NetworkAgentInfo [WIFI () - 101]
D/ConnectivityService(  471): apparently satisfied.  currentScore=60
D/ConnectivityManager.CallbackHandler(24542): CM callback handler got msg 524290
W/ResourceType(  692): No package identifier when getting value for resource number 0x00000000
W/PackageManager(  692): Failure retrieving resources for com.quicinc.trepn: Resource ID #0x0
W/cr_KnoxSettingsProvider(24542): Permission to read device policy denied.
I/cr_LibraryLoader(24610): Loading chrome from within /data/app/com.android.chrome-2/base.apk
I/orc     ( 1040): 28-GetActiveNetworkQuality -- metadata{ service_id: 0 }
W/Herrevad( 1040): [88] wux.b: Invalid mccmnc 
I/cr_LibraryLoader(24610): Time to load native libraries: 122 ms (timestamps 5663-5785)
I/chromium(24610): [INFO:library_loader_hooks.cc(136)] Chromium logging enabled: level = 0, default verbosity = 0
I/cr_LibraryLoader(24610): Expected native library version number "61.0.3163.98", actual native library version number "61.0.3163.98"
W/Herrevad( 1040): [88] wux.b: Invalid mccmnc 
E/libEGL  (24610): validate_display:255 error 3008 (EGL_BAD_DISPLAY)
W/VideoCapabilities(24610): Unsupported mime video/mpeg2
W/AudioCapabilities(24610): Unsupported mime audio/mpeg-L2
W/VideoCapabilities(24610): Unrecognized level 0 for video/x-vnd.on2.vp8
I/VideoCapabilities(24610): Unsupported profile 4 for video/mp4v-es
W/cr_MediaCodecUtil(24610): HW encoder for video/avc is not available on this device.
W/Wifi    ( 3495): Failed to read packet and byte counts from wifi interface
W/Wifi    ( 3495): Failed to read packet and byte counts from wifi interface
E/WifiStateMachine(  471): WifiStateMachine CMD_START_SCAN source -2 txSuccessRate=7.07 rxSuccessRate=7.39 targetRoamBSSID=any RSSI=-57
W/Wifi    ( 3495): Failed to read packet and byte counts from wifi interface
W/Wifi    ( 3495): Failed to read packet and byte counts from wifi interface
D/AndroidRuntime(24660): >>>>>> START com.android.internal.os.RuntimeInit uid 2000 <<<<<<
D/AndroidRuntime(24660): CheckJNI is OFF
D/AndroidRuntime(24660): Calling main entry com.android.commands.input.Input
I/Input   (24660): injectMotionEvent: MotionEvent { action=ACTION_DOWN, id[0]=0, x[0]=700.0, y[0]=1550.0, toolType[0]=TOOL_TYPE_UNKNOWN, buttonState=0, metaState=0, flags=0x0, edgeFlags=0x0, pointerCount=1, historySize=0, eventTime=12760120, downTime=12760120, deviceId=0, source=0x1002 }
I/Input   (24660): injectMotionEvent: MotionEvent { action=ACTION_UP, id[0]=0, x[0]=700.0, y[0]=1550.0, toolType[0]=TOOL_TYPE_UNKNOWN, buttonState=0, metaState=0, flags=0x0, edgeFlags=0x0, pointerCount=1, historySize=0, eventTime=12760120, downTime=12760120, deviceId=0, source=0x1002 }
D/AndroidRuntime(24660): Shutting down VM
W/Wifi    ( 3495): Failed to read packet and byte counts from wifi interface
D/audio_hw_primary(  204): out_set_parameters: enter: usecase(0: playback) kvpairs: routing=2 out->devices(2) adev->mode(0)
I/Auth    ( 1173): [ReflectiveChannelBinder] Successfully bound channel!
W/Conscrypt( 1173): Could not set socket write timeout: java.lang.reflect.InvocationTargetException
W/Conscrypt( 1173): 	at java.lang.reflect.Method.invoke(Native Method)
W/Conscrypt( 1173): 	at java.lang.reflect.Method.invoke(Method.java:372)
W/Conscrypt( 1173): Caused by: android.system.ErrnoException: setsockopt failed: EBADF (Bad file number)
W/Conscrypt( 1173): 	at libcore.io.Posix.setsockoptTimeval(Native Method)
W/Conscrypt( 1173): 	at libcore.io.ForwardingOs.setsockoptTimeval(ForwardingOs.java:147)
W/Conscrypt( 1173): Could not set socket write timeout: java.lang.reflect.InvocationTargetException
W/Conscrypt( 1173): 	at java.lang.reflect.Method.invoke(Native Method)
W/Conscrypt( 1173): 	at java.lang.reflect.Method.invoke(Method.java:372)
W/Conscrypt( 1173): Caused by: android.system.ErrnoException: setsockopt failed: EBADF (Bad file number)
W/Conscrypt( 1173): 	at libcore.io.Posix.setsockoptTimeval(Native Method)
W/Conscrypt( 1173): 	at libcore.io.ForwardingOs.setsockoptTimeval(ForwardingOs.java:147)
W/Wifi    ( 3495): Failed to read packet and byte counts from wifi interface
I/cr_LibraryLoader(24572): Using linker: org.chromium.base.library_loader.LegacyLinker
W/linker  (24572): libchromium_android_linker.so: unused DT entry: type 0x6ffffffe arg 0xce8
W/linker  (24572): libchromium_android_linker.so: unused DT entry: type 0x6fffffff arg 0x3
I/cr_LibraryLoader(24572): Loading chrome from within /data/app/com.android.chrome-2/base.apk
I/cr_LibraryLoader(24572): Time to load native libraries: 61 ms (timestamps 1187-1248)
I/chromium(24572): [INFO:library_loader_hooks.cc(136)] Chromium logging enabled: level = 0, default verbosity = 0
I/cr_LibraryLoader(24572): Expected native library version number "61.0.3163.98", actual native library version number "61.0.3163.98"
W/Wifi    ( 3495): Failed to read packet and byte counts from wifi interface
W/Wifi    ( 3495): Failed to read packet and byte counts from wifi interface
W/Wifi    ( 3495): Failed to read packet and byte counts from wifi interface
W/Wifi    ( 3495): Failed to read packet and byte counts from wifi interface
D/AndroidRuntime(24721): >>>>>> START com.android.internal.os.RuntimeInit uid 2000 <<<<<<
D/AndroidRuntime(24721): CheckJNI is OFF
D/AndroidRuntime(24721): Calling main entry com.android.commands.input.Input
I/Input   (24721): injectMotionEvent: MotionEvent { action=ACTION_DOWN, id[0]=0, x[0]=372.0, y[0]=1530.0, toolType[0]=TOOL_TYPE_UNKNOWN, buttonState=0, metaState=0, flags=0x0, edgeFlags=0x0, pointerCount=1, historySize=0, eventTime=12765874, downTime=12765874, deviceId=0, source=0x1002 }
I/Input   (24721): injectMotionEvent: MotionEvent { action=ACTION_UP, id[0]=0, x[0]=372.0, y[0]=1530.0, toolType[0]=TOOL_TYPE_UNKNOWN, buttonState=0, metaState=0, flags=0x0, edgeFlags=0x0, pointerCount=1, historySize=0, eventTime=12765874, downTime=12765874, deviceId=0, source=0x1002 }
D/AndroidRuntime(24721): Shutting down VM
I/ActivityManager(  471): START u0 {act=android.intent.action.VIEW flg=0x10808000 cmp=com.android.chrome/com.google.android.apps.chrome.Main (has extras)} from uid 10035 on display 0
D/audio_hw_primary(  204): out_set_parameters: enter: usecase(0: playback) kvpairs: routing=2 out->devices(2) adev->mode(0)
V/WindowManager(  471): addAppToken: AppWindowToken{22026fcc token=Token{167a05ff ActivityRecord{564191e u0 com.android.chrome/com.google.android.apps.chrome.Main t4397}}} to stack=1 task=4397 at 0
D/ConnectivityService(  471): releasing NetworkRequest NetworkRequest [ id=165, legacyType=-1, [ Capabilities: INTERNET&NOT_RESTRICTED&TRUSTED] ]
D/ConnectivityManager.CallbackHandler(24542): CM callback handler got msg 524296
D/ConnectivityService(  471): listenForNetwork for NetworkRequest [ id=166, legacyType=-1, [ Capabilities: INTERNET&NOT_RESTRICTED&TRUSTED] ]
D/ConnectivityService(  471): handleRegisterNetworkRequest checking NetworkAgentInfo [WIFI () - 101]
D/ConnectivityService(  471): apparently satisfied.  currentScore=60
D/ConnectivityManager.CallbackHandler(24542): CM callback handler got msg 524290
I/cr_InstantAppsHandler(24542): Not handling with Instant Apps (other)
I/ActivityManager(  471): START u0 {act=android.intent.action.VIEW flg=0x14002000 cmp=com.android.chrome/org.chromium.chrome.browser.ChromeTabbedActivity (has extras)} from uid 10035 on display 0
V/WindowManager(  471): addAppToken: AppWindowToken{5ecec64 token=Token{1c34b5f7 ActivityRecord{21cc2df6 u0 com.android.chrome/org.chromium.chrome.browser.ChromeTabbedActivity t4398}}} to stack=1 task=4398 at 0
V/WindowManager(  471): Based on layer: Adding window Window{13e48a85 u0 Starting com.android.chrome} at 4 of 18
W/Wifi    ( 3495): Failed to read packet and byte counts from wifi interface
I/art     (24542): Background partial concurrent mark sweep GC freed 21741(1318KB) AllocSpace objects, 5(103KB) LOS objects, 39% free, 11MB/18MB, paused 4.523ms total 127.709ms
I/chromium(24572): [INFO:child_process_service_impl.cc(70)] ChildProcessServiceImpl: Exiting child process.
W/libprocessgroup(  471): failed to open /acct/uid_10035/pid_24572/cgroup.procs: No such file or directory
I/ActivityManager(  471): Process com.android.chrome:sandboxed_process0 (pid 24572) has died
W/ActivityManager(  471): Scheduling restart of crashed service com.android.chrome/org.chromium.content.app.SandboxedProcessService0 in 1000ms
I/PBSessionCacheImpl(22584): Deleted sessionId[15064857056749] from persistence.
W/cr_tabmodel(24542): Starting to perform legacy migration.
I/ActivityManager(  471): Start proc 24752:com.android.chrome:sandboxed_process1/u0i180 for service com.android.chrome/org.chromium.content.app.SandboxedProcessService1
V/WindowManager(  471): Adding window Window{2916e83 u0 com.android.chrome/org.chromium.chrome.browser.ChromeTabbedActivity} at 4 of 19 (before Window{13e48a85 u0 Starting com.android.chrome})
W/cr_tabmodel(24542): Finished performing legacy migration.
W/cr_tabmodel(24542): Starting to perform multi-instance migration.
W/cr_tabmodel(24542): Finished performing multi-instance migration.
W/cr_tabmodel(24542): Starting to fetch tab list.
W/dboxed_process1(24752): type=1400 audit(0.0:187): avc: denied { search } for name="tmp" dev="dm-0" ino=49 scontext=u:r:isolated_app:s0 tcontext=u:object_r:shell_data_file:s0 tclass=dir permissive=0
I/cr_ChildProcessService(24752): Creating new ChildProcessService pid=24752
D/AndroidRuntime(24750): >>>>>> START com.android.internal.os.RuntimeInit uid 2000 <<<<<<
D/AndroidRuntime(24750): CheckJNI is OFF
E/cr_tabmodel(24542): State file does not exist.
V/WindowManager(  471): Adding window Window{3af67e7e u0 SurfaceView} at 4 of 20 (before Window{2916e83 u0 com.android.chrome/org.chromium.chrome.browser.ChromeTabbedActivity})
W/cr_ChildProcessConn(24542): onServiceDisconnected (crash or killed by oom): pid=24572
I/ActivityManager(  471): Displayed com.android.chrome/org.chromium.chrome.browser.ChromeTabbedActivity: +707ms (total +792ms)
I/MicroDetector(22584): Keeping mic open: false
I/DeviceStateChecker(22584): DeviceStateChecker cancelled
I/AudioController(22584): internalShutdown
I/MicrophoneInputStream(22584): mic_close com.google.android.apps.gsa.speech.audio.af@1e8b252f
I/MicroRecognitionRunner(22584): Stopping hotword detection.
I/SoundTriggerHwService::Module(  204): void android::SoundTriggerHwService::Module::onCallbackEvent(const android::sp<android::SoundTriggerHwService::CallbackEvent>&) mClient == 0
I/MicroRecognitionRunner(22584): Detection finished
E/WorkerRegistryImpl(22584): getWorker() is called after WorkerRegistry disposal.
E/WorkerRegistryImpl(22584): getWorker() is called after WorkerRegistry disposal.
E/WorkerRegistryImpl(22584): getWorker() is called after WorkerRegistry disposal.
E/WorkerRegistryImpl(22584): getWorker() is called after WorkerRegistry disposal.
E/WorkerRegistryImpl(22584): getWorker() is called after WorkerRegistry disposal.
E/WorkerRegistryImpl(22584): getWorker() is called after WorkerRegistry disposal.
E/WorkerRegistryImpl(22584): getWorker() is called after WorkerRegistry disposal.
E/WorkerRegistryImpl(22584): getWorker() is called after WorkerRegistry disposal.
E/WorkerRegistryImpl(22584): getWorker() is called after WorkerRegistry disposal.
E/WorkerRegistryImpl(22584): getWorker() is called after WorkerRegistry disposal.
E/WorkerRegistryImpl(22584): getWorker() is called after WorkerRegistry disposal.
E/WorkerRegistryImpl(22584): getWorker() is called after WorkerRegistry disposal.
E/WorkerRegistryImpl(22584): getWorker() is called after WorkerRegistry disposal.
E/WorkerRegistryImpl(22584): getWorker() is called after WorkerRegistry disposal.
E/WorkerRegistryImpl(22584): getWorker() is called after WorkerRegistry disposal.
E/WorkerRegistryImpl(22584): getWorker() is called after WorkerRegistry disposal.
E/WorkerRegistryImpl(22584): getWorker() is called after WorkerRegistry disposal.
E/WorkerRegistryImpl(22584): getWorker() is called after WorkerRegistry disposal.
E/WorkerRegistryImpl(22584): getWorker() is called after WorkerRegistry disposal.
E/WorkerRegistryImpl(22584): getWorker() is called after WorkerRegistry disposal.
E/WorkerRegistryImpl(22584): getWorker() is called after WorkerRegistry disposal.
I/vgn     ( 1173): 67-RequestPlaceUpdates -- metadata{ service_id: 0 }
I/vgn     ( 1173): 67-RemovePlaceUpdates -- metadata{ service_id: 0 }
I/Places  ( 1173): ?: PlacesBleScanner stop()
I/BeaconBle( 1173): Scan canceled successfully.
I/PlaceInferenceEngine( 1173): [anon] Changed inference mode: 0
I/GeofencerStateMachine( 1173): removeGeofences: removeRequest=RemoveGeofencingRequest[REMOVE_BY_PENDING_INTENT pendingIntent=PendingIntent[creatorPackage=com.google.android.gms], packageName=null]
W/Wifi    ( 3495): Failed to read packet and byte counts from wifi interface
I/art     (24542): Rejecting re-init on previously-failed class java.lang.Class<org.chromium.content.browser.FloatingActionModeCallback>
I/art     (24542): Rejecting re-init on previously-failed class java.lang.Class<org.chromium.content.browser.FloatingActionModeCallback>
I/cr_LibraryLoader(24752): Using linker: org.chromium.base.library_loader.LegacyLinker
W/linker  (24752): libchromium_android_linker.so: unused DT entry: type 0x6ffffffe arg 0xce8
W/linker  (24752): libchromium_android_linker.so: unused DT entry: type 0x6fffffff arg 0x3
W/cr_media(24542): Requires BLUETOOTH permission
I/cr_LibraryLoader(24752): Loading chrome from within /data/app/com.android.chrome-2/base.apk
D/AndroidRuntime(24750): Calling main entry com.android.commands.am.Am
I/cr_LibraryLoader(24752): Time to load native libraries: 130 ms (timestamps 7355-7485)
I/chromium(24752): [INFO:library_loader_hooks.cc(136)] Chromium logging enabled: level = 0, default verbosity = 0
I/cr_LibraryLoader(24752): Expected native library version number "61.0.3163.98", actual native library version number "61.0.3163.98"
I/Trepn   (24486): Trepn 6.2s: Received intent: com.quicinc.trepn.start_profiling
I/ActivityManager(  471): Start proc 24825:com.android.chrome:sandboxed_process2/u0i181 for service com.android.chrome/org.chromium.content.app.SandboxedProcessService2
W/dboxed_process2(24825): type=1400 audit(0.0:188): avc: denied { search } for name="tmp" dev="dm-0" ino=49 scontext=u:r:isolated_app:s0 tcontext=u:object_r:shell_data_file:s0 tclass=dir permissive=0
I/cr_SnippetsLauncher(24542): Scheduling: 172800 345600
I/cr_ChildProcessService(24825): Creating new ChildProcessService pid=24825
W/DynamiteModule(22584): Local module descriptor class for com.google.android.gms.googlecertificates not found.
I/DynamiteModule(22584): Considering local module com.google.android.gms.googlecertificates:0 and remote module com.google.android.gms.googlecertificates:4
I/DynamiteModule(22584): Selected remote version of com.google.android.gms.googlecertificates, version >= 4
I/orc     ( 1173): 51-GetExperimentTokensOperationCall -- metadata{ service_id: 0 }
D/BluetoothAdapter(22584): 14664525: getState() :  mService = null. Returning STATE_OFF
D/BluetoothAdapter(22584): 14664525: getState() :  mService = null. Returning STATE_OFF
I/VoiceSearchSettings(22584): Hotword upgrade key is null!
I/VISHotwordAdapter(22584): #initialize, locale=en-US, keyPhrase=Ok Google
I/GsaVoiceInteractionSrv(  889): initializeAlwaysOnHotwordDetector locale en-US hotwordPhrase Ok Google
W/Wifi    ( 3495): Failed to read packet and byte counts from wifi interface
I/cr_LibraryLoader(24825): Using linker: org.chromium.base.library_loader.LegacyLinker
W/linker  (24825): libchromium_android_linker.so: unused DT entry: type 0x6ffffffe arg 0xce8
W/linker  (24825): libchromium_android_linker.so: unused DT entry: type 0x6fffffff arg 0x3
I/cr_LibraryLoader(24825): Loading chrome from within /data/app/com.android.chrome-2/base.apk
I/art     (  471): Explicit concurrent mark sweep GC freed 28933(1824KB) AllocSpace objects, 32(640KB) LOS objects, 33% free, 31MB/47MB, paused 1.129ms total 263.193ms
W/ResourcesManager(22584): Asset path '/system/framework/com.android.media.remotedisplay.jar' does not exist or contains no resources.
W/ResourcesManager(22584): Asset path '/system/framework/com.android.location.provider.jar' does not exist or contains no resources.
I/cr_LibraryLoader(24825): Time to load native libraries: 152 ms (timestamps 8271-8423)
I/chromium(24825): [INFO:library_loader_hooks.cc(136)] Chromium logging enabled: level = 0, default verbosity = 0
I/cr_LibraryLoader(24825): Expected native library version number "61.0.3163.98", actual native library version number "61.0.3163.98"
I/art     (24542): Background sticky concurrent mark sweep GC freed 51470(2MB) AllocSpace objects, 26(465KB) LOS objects, 13% free, 15MB/18MB, paused 3.060ms total 448.383ms
I/ActivityManager(  471): Activity reported stop, but no longer stopping: ActivityRecord{c391ae3 u0 com.android.chrome/org.chromium.chrome.browser.firstrun.FirstRunActivity t4396 f}
E/aght    ( 1173): Phenotype API error. Event a <
E/aght    ( 1173):   a: "LOCAL.com.google.android.agsa.QSB"
E/aght    ( 1173):   b: 0
E/aght    ( 1173):   e: ""
E/aght    ( 1173):   f: ""
E/aght    ( 1173):   g: 0
E/aght    ( 1173):   h: 0
E/aght    ( 1173):   i: ""
E/aght    ( 1173):   j: 68
E/aght    ( 1173): >
E/aght    ( 1173): e: # bjzl@f5130810
E/aght    ( 1173): , EventCode: 7 -- metadata{ service_id: 51 }
E/aght    ( 1173): aggm: 29505: No config packages for log source, or config package not registered
E/aght    ( 1173): 	at agif.b(:com.google.android.gms@12685011@12.6.85 (020406-197041431):4)
E/aght    ( 1173): 	at aght.a(:com.google.android.gms@12685011@12.6.85 (020406-197041431):40)
E/aght    ( 1173): 	at aght.a(:com.google.android.gms@12685011@12.6.85 (020406-197041431):108)
E/aght    ( 1173): 	at ord.run(:com.google.android.gms@12685011@12.6.85 (020406-197041431):40)
E/aght    ( 1173): 	at azvp.run(:com.google.android.gms@12685011@12.6.85 (020406-197041431):2)
E/aght    ( 1173): 	at ovl.run(:com.google.android.gms@12685011@12.6.85 (020406-197041431):27)
E/aght    ( 1173): 	at java.util.concurrent.ThreadPoolExecutor.runWorker(ThreadPoolExecutor.java:1112)
E/aght    ( 1173): 	at java.util.concurrent.ThreadPoolExecutor$Worker.run(ThreadPoolExecutor.java:587)
E/aght    ( 1173): 	at pbm.run(:com.google.android.gms@12685011@12.6.85 (020406-197041431))
E/aght    ( 1173): 	at java.lang.Thread.run(Thread.java:818)
I/cr_BindingManager(24542): Moderate binding enabled: maxSize=20
E/AsyncOperation( 1173): serviceID=51, operation=GetExperimentTokensOperationCall
E/AsyncOperation( 1173): OperationException[Status{statusCode=No config packages for log source, or config package not registered, resolution=null}]
E/AsyncOperation( 1173): 	at aght.a(:com.google.android.gms@12685011@12.6.85 (020406-197041431):53)
E/AsyncOperation( 1173): 	at aght.a(:com.google.android.gms@12685011@12.6.85 (020406-197041431):108)
E/AsyncOperation( 1173): 	at ord.run(:com.google.android.gms@12685011@12.6.85 (020406-197041431):40)
E/AsyncOperation( 1173): 	at azvp.run(:com.google.android.gms@12685011@12.6.85 (020406-197041431):2)
E/AsyncOperation( 1173): 	at ovl.run(:com.google.android.gms@12685011@12.6.85 (020406-197041431):27)
E/AsyncOperation( 1173): 	at java.util.concurrent.ThreadPoolExecutor.runWorker(ThreadPoolExecutor.java:1112)
E/AsyncOperation( 1173): 	at java.util.concurrent.ThreadPoolExecutor$Worker.run(ThreadPoolExecutor.java:587)
E/AsyncOperation( 1173): 	at pbm.run(:com.google.android.gms@12685011@12.6.85 (020406-197041431))
E/AsyncOperation( 1173): 	at java.lang.Thread.run(Thread.java:818)
I/Icing   ( 1040): IndexChimeraService.getServiceInterface callingPackage=com.android.chrome componentName=null serviceId=36
I/ActivityManager(  471): Start proc 24857:com.android.providers.partnerbookmarks/u0a65 for content provider com.android.providers.partnerbookmarks/.PartnerBookmarksProvider
I/Icing   ( 1040): IndexChimeraService.getServiceInterface callingPackage=com.android.chrome componentName=null serviceId=36
I/vgn     ( 1173): 19-GetFileDescriptorAndDelete -- metadata{ service_id: 0 }
I/Icing   ( 1040): Usage reports ok 0, Failed Usage reports 0, indexed 0, rejected 0, imm upload false
I/vgn     ( 1173): 19-GetFileDescriptorAndDelete -- metadata{ service_id: 0 }
I/Icing   ( 1040): Usage reports ok 0, Failed Usage reports 0, indexed 0, rejected 0, imm upload false
I/Icing   ( 1040): Removing corpus key 94FBE96EEF13B8AC56FE8C01687FD8A6012559AC for package com.android.chrome
W/Wifi    ( 3495): Failed to read packet and byte counts from wifi interface
W/Nearby  ( 1173): Bind call too late - someone already tried to get: interface bghz -- metadata{ service_id: 0 }
W/FileUtils(24486): Failed to chmod(/storage/emulated/0/trepn/Trepn_2018.06.16_181333.db): android.system.ErrnoException: chmod failed: EPERM (Operation not permitted)
E/PartnerBookmarksReader(24542): ATTENTION: not using partner bookmarks as none were provided
I/Icing   ( 1040): Flash index sort hb 14 prefix-hits 65 -> 63 at 62.975ms
D/OpenGLRenderer(24486): Use EGL_SWAP_BEHAVIOR_PRESERVED: true
I/Trepn   (24486): Trepn 6.2s: Trepn has Started Profiling.
D/AndroidRuntime(24750): Shutting down VM
I/OpenGLRenderer(24486): Initialized EGL, version 1.4
I/dex2oat (24874): /system/bin/dex2oat --runtime-arg -classpath --runtime-arg  --instruction-set=arm --instruction-set-features=default --runtime-arg -Xrelocate --boot-image=/system/framework/boot.art --dex-file=/data/data/com.android.chrome/app_dex/webapk1.dex --oat-fd=155 --oat-location=/data/data/com.android.chrome/app_dex/arm/webapk1.dex --runtime-arg -Xms64m --runtime-arg -Xmx512m
D/OpenGLRenderer(24486): Enabling debug mode 0
W/art     ( 1173): Verification of void birm.<init>() took 211.628ms
D/TaskPersister(  471): removeObsoleteFile: deleting file=4396_task_thumbnail.png
D/AndroidRuntime(24895): >>>>>> START com.android.internal.os.RuntimeInit uid 2000 <<<<<<
D/AndroidRuntime(24895): CheckJNI is OFF
D/BluetoothAdapter( 1173): 1039998840: getState() :  mService = null. Returning STATE_OFF
I/BeaconBle( 1173): Scan canceled successfully.
I/dex2oat (24874): dex2oat took 513.230ms (threads: 2) arena alloc=86KB java alloc=6KB native alloc=618KB free=17KB
W/Wifi    ( 3495): Failed to read packet and byte counts from wifi interface
D/BluetoothAdapter( 1173): 1039998840: getState() :  mService = null. Returning STATE_OFF
D/BluetoothAdapter( 1173): 1039998840: getState() :  mService = null. Returning STATE_OFF
D/AndroidRuntime(24895): Calling main entry com.android.commands.am.Am
I/ActivityManager(  471): START u0 {act=android.intent.action.VIEW dat=localhost:8000 flg=0x10000000 cmp=com.android.chrome/com.google.android.apps.chrome.Main} from uid 2000 on display 0
V/WindowManager(  471): addAppToken: AppWindowToken{3ac6924d token=Token{4c10de4 ActivityRecord{16266d77 u0 com.android.chrome/com.google.android.apps.chrome.Main t4399}}} to stack=1 task=4399 at 0
D/AndroidRuntime(24895): Shutting down VM
D/ConnectivityService(  471): releasing NetworkRequest NetworkRequest [ id=166, legacyType=-1, [ Capabilities: INTERNET&NOT_RESTRICTED&TRUSTED] ]
D/ConnectivityManager.CallbackHandler(24542): CM callback handler got msg 524296
W/cr_Autocomplete(24542): stopping autocomplete.
D/ConnectivityService(  471): listenForNetwork for NetworkRequest [ id=167, legacyType=-1, [ Capabilities: INTERNET&NOT_RESTRICTED&TRUSTED] ]
D/ConnectivityService(  471): handleRegisterNetworkRequest checking NetworkAgentInfo [WIFI () - 101]
D/ConnectivityService(  471): apparently satisfied.  currentScore=60
D/ConnectivityManager.CallbackHandler(24542): CM callback handler got msg 524290
I/cr_InstantAppsHandler(24542): Not handling with Instant Apps because Chrome is not default or there's a specialized handler
I/ActivityManager(  471): START u0 {act=android.intent.action.VIEW dat=localhost:8000 flg=0x14002000 cmp=com.android.chrome/org.chromium.chrome.browser.ChromeTabbedActivity (has extras)} from uid 10035 on display 0
W/InputMethodManagerService(  471): Window already focused, ignoring focus gain of: com.android.internal.view.IInputMethodClient$Stub$Proxy@2eee357c attribute=null, token = android.os.BinderProxy@26f58132
I/ActivityManager(  471): Start proc 24910:com.android.chrome:sandboxed_process3/u0i182 for service com.android.chrome/org.chromium.content.app.SandboxedProcessService3
W/dboxed_process3(24910): type=1400 audit(0.0:189): avc: denied { search } for name="tmp" dev="dm-0" ino=49 scontext=u:r:isolated_app:s0 tcontext=u:object_r:shell_data_file:s0 tclass=dir permissive=0
I/cr_ChildProcessService(24910): Creating new ChildProcessService pid=24910
I/cr_LibraryLoader(24910): Using linker: org.chromium.base.library_loader.LegacyLinker
W/linker  (24910): libchromium_android_linker.so: unused DT entry: type 0x6ffffffe arg 0xce8
W/linker  (24910): libchromium_android_linker.so: unused DT entry: type 0x6fffffff arg 0x3
I/cr_LibraryLoader(24910): Loading chrome from within /data/app/com.android.chrome-2/base.apk
I/cr_LibraryLoader(24910): Time to load native libraries: 120 ms (timestamps 959-1079)
I/chromium(24910): [INFO:library_loader_hooks.cc(136)] Chromium logging enabled: level = 0, default verbosity = 0
I/cr_LibraryLoader(24910): Expected native library version number "61.0.3163.98", actual native library version number "61.0.3163.98"
W/Wifi    ( 3495): Failed to read packet and byte counts from wifi interface
I/vgn     ( 1040): 45-xlb -- metadata{ service_id: 0 }
I/vgn     ( 1040): 45-xlb -- metadata{ service_id: 0 }
W/Wifi    ( 3495): Failed to read packet and byte counts from wifi interface
I/vgn     ( 1040): 45-xlb -- metadata{ service_id: 0 }
I/cr_InstantAppsHandler(24542): Not handling with Instant Apps because Chrome is not default or there's a specialized handler
I/orc     ( 1173): 121-GetLaunchDataOperation -- metadata{ service_id: 0 }
I/cr_omaha(24542): Request to Server Successful. Timestamp for next request:1529169218704
W/Wifi    ( 3495): Failed to read packet and byte counts from wifi interface
I/chromium(24825): [INFO:child_process_service_impl.cc(70)] ChildProcessServiceImpl: Exiting child process.
W/libprocessgroup(  471): failed to open /acct/uid_10035/pid_24825/cgroup.procs: No such file or directory
I/ActivityManager(  471): Process com.android.chrome:sandboxed_process2 (pid 24825) has died
W/ActivityManager(  471): Scheduling restart of crashed service com.android.chrome/org.chromium.content.app.SandboxedProcessService2 in 1000ms
W/chromium(24542): [WARNING:compositor_view.cc(255)] Child process disconnected (type=6) pid=24825)
W/cr_ChildProcessConn(24542): onServiceDisconnected (crash or killed by oom): pid=24825
I/cr_omaha(24542): Request to Server Successful. Timestamp for next request:1529169219326
I/cr_omaha(24542): Attempting to schedule next job for: Sat Jun 16 23:13:38 GMT+02:00 2018
I/cr_omaha(24542): Scheduled using AlarmManager and IntentService
W/Wifi    ( 3495): Failed to read packet and byte counts from wifi interface
W/Wifi    ( 3495): Failed to read packet and byte counts from wifi interface
I/Icing   ( 1040): Scored 163 usage reports, missing_corpora 2 update_failed 26
I/Icing   ( 1040): Indexing 94FBE96EEF13B8AC56FE8C01687FD8A6012559AC from com.android.chrome
D/BluetoothAdapter( 1173): 1039998840: getState() :  mService = null. Returning STATE_OFF
I/Icing   ( 1040): Indexing done 94FBE96EEF13B8AC56FE8C01687FD8A6012559AC
W/Wifi    ( 3495): Failed to read packet and byte counts from wifi interface
I/EventLogSendingHelper(22584): Sending log events.
W/Wifi    ( 3495): Failed to read packet and byte counts from wifi interface
I/vgn     ( 1040): 45-xlb -- metadata{ service_id: 0 }
I/cr_InstantAppsHandler(24542): Not handling with Instant Apps because Chrome is not default or there's a specialized handler
I/orc     ( 1173): 121-GetLaunchDataOperation -- metadata{ service_id: 0 }
E/WifiStateMachine(  471): WifiStateMachine CMD_START_SCAN source -2 txSuccessRate=51.30 rxSuccessRate=48.67 targetRoamBSSID=any RSSI=-62
W/Wifi    ( 3495): Failed to read packet and byte counts from wifi interface
I/art     ( 1040): Background partial concurrent mark sweep GC freed 265544(5MB) AllocSpace objects, 0(0B) LOS objects, 31% free, 35MB/51MB, paused 1.487ms total 171.302ms
I/art     ( 1040): WaitForGcToComplete blocked for 136.548ms for cause HeapTrim
W/cr_Autocomplete(24542): stopping autocomplete.
I/vgn     ( 1040): 45-xlb -- metadata{ service_id: 0 }
D/audio_hw_primary(  204): out_set_parameters: enter: usecase(0: playback) kvpairs: routing=2 out->devices(2) adev->mode(0)
I/vgn     ( 1040): 45-xlb -- metadata{ service_id: 0 }
I/vgn     ( 1040): 45-xlb -- metadata{ service_id: 0 }
W/Wifi    ( 3495): Failed to read packet and byte counts from wifi interface
I/chromium(24542): [INFO:CONSOLE(2)] "STARTME---1529165625175", source: http://localhost:8000/cputest_matrixmult.js (2)
I/vgn     ( 1173): 35-GetDeviceDataUploadOptInStatusOperation -- metadata{ service_id: 0 }
I/vgn     ( 1173): 35-GetDeviceDataUploadOptInStatusOperation -- metadata{ service_id: 0 }
I/chromium(24542): [INFO:CONSOLE(4)] "STOPME---1529165625684", source: http://localhost:8000/cputest_matrixmult.js (4)
W/Wifi    ( 3495): Failed to read packet and byte counts from wifi interface
W/Wifi    ( 3495): Failed to read packet and byte counts from wifi interface
W/Wifi    ( 3495): Failed to read packet and byte counts from wifi interface
W/Wifi    ( 3495): Failed to read packet and byte counts from wifi interface
W/Wifi    ( 3495): Failed to read packet and byte counts from wifi interface
W/Wifi    ( 3495): Failed to read packet and byte counts from wifi interface
W/Wifi    ( 3495): Failed to read packet and byte counts from wifi interface
W/Wifi    ( 3495): Failed to read packet and byte counts from wifi interface
W/Wifi    ( 3495): Failed to read packet and byte counts from wifi interface
W/Wifi    ( 3495): Failed to read packet and byte counts from wifi interface
W/Wifi    ( 3495): Failed to read packet and byte counts from wifi interface
W/Wifi    ( 3495): Failed to read packet and byte counts from wifi interface
D/ConnectivityService(  471): updateNetworkScore for NetworkAgentInfo [WIFI () - 101] to 56
D/ConnectivityService(  471): rematching NetworkAgentInfo [WIFI () - 101]
D/ConnectivityService(  471): Network NetworkAgentInfo [WIFI () - 101] was already satisfying request 1. No change.
D/ConnectivityService(  471): notifyType AVAILABLE for NetworkAgentInfo [WIFI () - 101]
D/ConnectivityManager.CallbackHandler(  692): CM callback handler got msg 524290
D/ConnectivityManager.CallbackHandler( 1040): CM callback handler got msg 524290
D/ConnectivityManager.CallbackHandler( 1040): CM callback handler got msg 524290
D/ConnectivityManager.CallbackHandler(24542): CM callback handler got msg 524290
D/ConnectivityManager.CallbackHandler( 1040): CM callback handler got msg 524290
D/ConnectivityManager.CallbackHandler(24542): CM callback handler got msg 524290
D/ConnectivityManager.CallbackHandler(22961): CM callback handler got msg 524290
D/ConnectivityManager.CallbackHandler(22584): CM callback handler got msg 524290
D/ConnectivityManager.CallbackHandler(23775): CM callback handler got msg 524290
W/Wifi    ( 3495): Failed to read packet and byte counts from wifi interface
W/Wifi    ( 3495): Failed to read packet and byte counts from wifi interface
W/Wifi    ( 3495): Failed to read packet and byte counts from wifi interface
W/Wifi    ( 3495): Failed to read packet and byte counts from wifi interface
W/Wifi    ( 3495): Failed to read packet and byte counts from wifi interface
W/GmsLocationProvider(22584): Error removing location updates: 16
W/Wifi    ( 3495): Failed to read packet and byte counts from wifi interface
E/WifiStateMachine(  471): WifiStateMachine CMD_START_SCAN source -2 txSuccessRate=1.67 rxSuccessRate=3.71 targetRoamBSSID=any RSSI=-61
W/Wifi    ( 3495): Failed to read packet and byte counts from wifi interface
W/Wifi    ( 3495): Failed to read packet and byte counts from wifi interface
W/Wifi    ( 3495): Failed to read packet and byte counts from wifi interface
D/ConnectivityService(  471): updateNetworkScore for NetworkAgentInfo [WIFI () - 101] to 60
D/ConnectivityService(  471): rematching NetworkAgentInfo [WIFI () - 101]
D/ConnectivityService(  471): Network NetworkAgentInfo [WIFI () - 101] was already satisfying request 1. No change.
D/ConnectivityService(  471): notifyType AVAILABLE for NetworkAgentInfo [WIFI () - 101]
D/ConnectivityManager.CallbackHandler(  692): CM callback handler got msg 524290
D/ConnectivityManager.CallbackHandler( 1040): CM callback handler got msg 524290
D/ConnectivityManager.CallbackHandler( 1040): CM callback handler got msg 524290
D/ConnectivityManager.CallbackHandler( 1040): CM callback handler got msg 524290
D/ConnectivityManager.CallbackHandler(22961): CM callback handler got msg 524290
D/ConnectivityManager.CallbackHandler(24542): CM callback handler got msg 524290
D/ConnectivityManager.CallbackHandler(24542): CM callback handler got msg 524290
D/ConnectivityManager.CallbackHandler(22584): CM callback handler got msg 524290
D/ConnectivityManager.CallbackHandler(23775): CM callback handler got msg 524290
W/Wifi    ( 3495): Failed to read packet and byte counts from wifi interface
W/Wifi    ( 3495): Failed to read packet and byte counts from wifi interface
W/Wifi    ( 3495): Failed to read packet and byte counts from wifi interface
W/Wifi    ( 3495): Failed to read packet and byte counts from wifi interface
W/Wifi    ( 3495): Failed to read packet and byte counts from wifi interface
W/Wifi    ( 3495): Failed to read packet and byte counts from wifi interface
W/Wifi    ( 3495): Failed to read packet and byte counts from wifi interface
W/Wifi    ( 3495): Failed to read packet and byte counts from wifi interface
I/Icing   ( 1040): IndexChimeraService.getServiceInterface callingPackage=com.android.chrome componentName=null serviceId=36
I/vgn     ( 1173): 19-GetFileDescriptorAndDelete -- metadata{ service_id: 0 }
I/Icing   ( 1040): Usage reports ok 0, Failed Usage reports 0, indexed 0, rejected 0, imm upload false
W/Wifi    ( 3495): Failed to read packet and byte counts from wifi interface
I/Icing   ( 1040): Indexing 94FBE96EEF13B8AC56FE8C01687FD8A6012559AC from com.android.chrome
I/Icing   ( 1040): Indexing done 94FBE96EEF13B8AC56FE8C01687FD8A6012559AC
W/Wifi    ( 3495): Failed to read packet and byte counts from wifi interface
W/Wifi    ( 3495): Failed to read packet and byte counts from wifi interface
W/Wifi    ( 3495): Failed to read packet and byte counts from wifi interface
W/Wifi    ( 3495): Failed to read packet and byte counts from wifi interface
W/Wifi    ( 3495): Failed to read packet and byte counts from wifi interface
W/Wifi    ( 3495): Failed to read packet and byte counts from wifi interface
W/Wifi    ( 3495): Failed to read packet and byte counts from wifi interface
W/Wifi    ( 3495): Failed to read packet and byte counts from wifi interface
E/WifiStateMachine(  471): WifiStateMachine CMD_START_SCAN source -2 txSuccessRate=1.31 rxSuccessRate=5.73 targetRoamBSSID=any RSSI=-60
W/Wifi    ( 3495): Failed to read packet and byte counts from wifi interface
W/Wifi    ( 3495): Failed to read packet and byte counts from wifi interface
W/Wifi    ( 3495): Failed to read packet and byte counts from wifi interface
W/Wifi    ( 3495): Failed to read packet and byte counts from wifi interface
W/Wifi    ( 3495): Failed to read packet and byte counts from wifi interface
W/Wifi    ( 3495): Failed to read packet and byte counts from wifi interface
W/Wifi    ( 3495): Failed to read packet and byte counts from wifi interface
W/Wifi    ( 3495): Failed to read packet and byte counts from wifi interface
W/Wifi    ( 3495): Failed to read packet and byte counts from wifi interface
D/AndroidRuntime(25002): >>>>>> START com.android.internal.os.RuntimeInit uid 2000 <<<<<<
D/AndroidRuntime(25002): CheckJNI is OFF
D/AndroidRuntime(25002): Calling main entry com.android.commands.am.Am
I/Trepn   (24486): Trepn 6.2s: Received intent: com.quicinc.trepn.stop_profiling
I/Trepn   (24486): Trepn 6.2s: Trepn has Stopped Profiling.
D/AndroidRuntime(25002): Shutting down VM
W/Wifi    ( 3495): Failed to read packet and byte counts from wifi interface
D/AndroidRuntime(25025): >>>>>> START com.android.internal.os.RuntimeInit uid 2000 <<<<<<
D/AndroidRuntime(25025): CheckJNI is OFF
D/AndroidRuntime(25025): Calling main entry com.android.commands.am.Am
I/ActivityManager(  471): Force stopping com.android.chrome appid=10035 user=0: from pid 25025
I/ActivityManager(  471): Killing 24610:com.android.chrome:privileged_process0/u0a35 (adj 0): stop com.android.chrome
W/cr_ChildProcessConn(24542): onServiceDisconnected (crash or killed by oom): pid=24610
W/chromium(24542): [WARNING:compositor_view.cc(255)] Child process disconnected (type=9) pid=24610)
W/ActivityManager(  471): Scheduling restart of crashed service com.android.chrome/org.chromium.content.app.PrivilegedProcessService0 in 1000ms
I/ActivityManager(  471): Killing 24542:com.android.chrome/u0a35 (adj 0): stop com.android.chrome
D/ConnectivityService(  471): ConnectivityService NetworkRequestInfo binderDied(NetworkRequest [ id=164, legacyType=-1, [ Capabilities: INTERNET&NOT_RESTRICTED&TRUSTED] ], android.os.BinderProxy@2413be3c)
D/ConnectivityService(  471): releasing NetworkRequest NetworkRequest [ id=164, legacyType=-1, [ Capabilities: INTERNET&NOT_RESTRICTED&TRUSTED] ]
I/WindowState(  471): WIN DEATH: Window{2916e83 u0 com.android.chrome/org.chromium.chrome.browser.ChromeTabbedActivity}
W/WindowManager(  471): Force-removing child win Window{3af67e7e u0 SurfaceView} from container Window{2916e83 u0 com.android.chrome/org.chromium.chrome.browser.ChromeTabbedActivity}
D/ConnectivityService(  471): ConnectivityService NetworkRequestInfo binderDied(NetworkRequest [ id=167, legacyType=-1, [ Capabilities: INTERNET&NOT_RESTRICTED&TRUSTED] ], android.os.BinderProxy@3ec677c5)
E/ConnectivityService(  471): RemoteException caught trying to send a callback msg for NetworkRequest [ id=164, legacyType=-1, [ Capabilities: INTERNET&NOT_RESTRICTED&TRUSTED] ]
D/ConnectivityService(  471): releasing NetworkRequest NetworkRequest [ id=167, legacyType=-1, [ Capabilities: INTERNET&NOT_RESTRICTED&TRUSTED] ]
E/ConnectivityService(  471): RemoteException caught trying to send a callback msg for NetworkRequest [ id=167, legacyType=-1, [ Capabilities: INTERNET&NOT_RESTRICTED&TRUSTED] ]
F/chromium(24910): [FATAL:render_widget_compositor.cc(1176)] Android does not support fallback frame sinks.
W/WindowManager(  471): Failed looking up window
W/WindowManager(  471): java.lang.IllegalArgumentException: Requested window android.os.BinderProxy@12e33839 does not exist
W/WindowManager(  471): 	at com.android.server.wm.WindowManagerService.windowForClientLocked(WindowManagerService.java:8539)
W/WindowManager(  471): 	at com.android.server.wm.WindowManagerService.windowForClientLocked(WindowManagerService.java:8530)
W/WindowManager(  471): 	at com.android.server.wm.WindowState$DeathRecipient.binderDied(WindowState.java:1142)
W/WindowManager(  471): 	at android.os.BinderProxy.sendDeathNotice(Binder.java:551)
I/WindowState(  471): WIN DEATH: null
W/ActivityManager(  471): Exception when unbinding service com.android.chrome/org.chromium.content.app.SandboxedProcessService3
W/ActivityManager(  471): android.os.DeadObjectException
W/ActivityManager(  471): 	at android.os.BinderProxy.transactNative(Native Method)
W/ActivityManager(  471): 	at android.os.BinderProxy.transact(Binder.java:496)
W/ActivityManager(  471): 	at android.app.ApplicationThreadProxy.scheduleUnbindService(ApplicationThreadNative.java:921)
W/ActivityManager(  471): 	at com.android.server.am.ActiveServices.removeConnectionLocked(ActiveServices.java:1795)
W/ActivityManager(  471): 	at com.android.server.am.ActiveServices.killServicesLocked(ActiveServices.java:2193)
W/ActivityManager(  471): 	at com.android.server.am.ActivityManagerService.cleanUpApplicationRecordLocked(ActivityManagerService.java:14895)
W/ActivityManager(  471): 	at com.android.server.am.ActivityManagerService.handleAppDiedLocked(ActivityManagerService.java:4552)
W/ActivityManager(  471): 	at com.android.server.am.ActivityManagerService.removeProcessLocked(ActivityManagerService.java:5789)
W/ActivityManager(  471): 	at com.android.server.am.ActivityManagerService.killPackageProcessesLocked(ActivityManagerService.java:5594)
W/ActivityManager(  471): 	at com.android.server.am.ActivityManagerService.forceStopPackageLocked(ActivityManagerService.java:5655)
W/ActivityManager(  471): 	at com.android.server.am.ActivityManagerService.forceStopPackageLocked(ActivityManagerService.java:5499)
W/ActivityManager(  471): 	at com.android.server.am.ActivityManagerService.forceStopPackage(ActivityManagerService.java:5309)
W/ActivityManager(  471): 	at android.app.ActivityManagerNative.onTransact(ActivityManagerNative.java:1461)
W/ActivityManager(  471): 	at com.android.server.am.ActivityManagerService.onTransact(ActivityManagerService.java:2208)
W/ActivityManager(  471): 	at android.os.Binder.execTransact(Binder.java:446)
E/lowmemorykiller(  148): Error writing /proc/24752/oom_score_adj; errno=22
E/JavaBinder(  471): !!! FAILED BINDER TRANSACTION !!!
E/lowmemorykiller(  148): Error opening /proc/24910/oom_score_adj; errno=2
E/lowmemorykiller(  148): Error writing /proc/24752/oom_score_adj; errno=22
E/JavaBinder(  471): !!! FAILED BINDER TRANSACTION !!!
E/lowmemorykiller(  148): Error opening /proc/24910/oom_score_adj; errno=2
I/ActivityManager(  471): Killing 24910:com.android.chrome:sandboxed_process3/u0a35i182 (adj 9): isolated not needed
W/libprocessgroup(  471): failed to open /acct/uid_10035/pid_24910/cgroup.procs: No such file or directory
E/JavaBinder(  471): !!! FAILED BINDER TRANSACTION !!!
W/ActivityManager(  471): Exception when unbinding service com.android.chrome/org.chromium.content.app.SandboxedProcessService1
W/ActivityManager(  471): android.os.TransactionTooLargeException
W/ActivityManager(  471): 	at android.os.BinderProxy.transactNative(Native Method)
W/ActivityManager(  471): 	at android.os.BinderProxy.transact(Binder.java:496)
W/ActivityManager(  471): 	at android.app.ApplicationThreadProxy.scheduleUnbindService(ApplicationThreadNative.java:921)
W/ActivityManager(  471): 	at com.android.server.am.ActiveServices.removeConnectionLocked(ActiveServices.java:1795)
W/ActivityManager(  471): 	at com.android.server.am.ActiveServices.killServicesLocked(ActiveServices.java:2193)
W/ActivityManager(  471): 	at com.android.server.am.ActivityManagerService.cleanUpApplicationRecordLocked(ActivityManagerService.java:14895)
