W/WindowManager(  451): Force-removing child win Window{2dab0768 u0 SurfaceView} from container Window{d5a685a u0 com.android.chrome/org.chromium.chrome.browser.ChromeTabbedActivity}
D/ConnectivityService(  451): releasing NetworkRequest NetworkRequest [ id=99, legacyType=-1, [ Capabilities: INTERNET&NOT_RESTRICTED&TRUSTED] ]
D/ConnectivityService(  451): ConnectivityService NetworkRequestInfo binderDied(NetworkRequest [ id=102, legacyType=-1, [ Capabilities: INTERNET&NOT_RESTRICTED&TRUSTED] ], android.os.BinderProxy@97145a8)
E/ConnectivityService(  451): RemoteException caught trying to send a callback msg for NetworkRequest [ id=99, legacyType=-1, [ Capabilities: INTERNET&NOT_RESTRICTED&TRUSTED] ]
D/ConnectivityService(  451): releasing NetworkRequest NetworkRequest [ id=102, legacyType=-1, [ Capabilities: INTERNET&NOT_RESTRICTED&TRUSTED] ]
E/ConnectivityService(  451): RemoteException caught trying to send a callback msg for NetworkRequest [ id=102, legacyType=-1, [ Capabilities: INTERNET&NOT_RESTRICTED&TRUSTED] ]
W/WindowManager(  451): Failed looking up window
W/WindowManager(  451): java.lang.IllegalArgumentException: Requested window android.os.BinderProxy@ae60a8b does not exist
W/WindowManager(  451): 	at com.android.server.wm.WindowManagerService.windowForClientLocked(WindowManagerService.java:8539)
W/WindowManager(  451): 	at com.android.server.wm.WindowManagerService.windowForClientLocked(WindowManagerService.java:8530)
W/WindowManager(  451): 	at com.android.server.wm.WindowState$DeathRecipient.binderDied(WindowState.java:1142)
W/WindowManager(  451): 	at android.os.BinderProxy.sendDeathNotice(Binder.java:551)
I/WindowState(  451): WIN DEATH: null
W/ActivityManager(  451): Exception when unbinding service com.android.chrome/org.chromium.content.app.SandboxedProcessService0
W/ActivityManager(  451): android.os.DeadObjectException
W/ActivityManager(  451): 	at android.os.BinderProxy.transactNative(Native Method)
W/ActivityManager(  451): 	at android.os.BinderProxy.transact(Binder.java:496)
W/ActivityManager(  451): 	at android.app.ApplicationThreadProxy.scheduleUnbindService(ApplicationThreadNative.java:921)
W/ActivityManager(  451): 	at com.android.server.am.ActiveServices.removeConnectionLocked(ActiveServices.java:1795)
W/ActivityManager(  451): 	at com.android.server.am.ActiveServices.killServicesLocked(ActiveServices.java:2193)
W/ActivityManager(  451): 	at com.android.server.am.ActivityManagerService.cleanUpApplicationRecordLocked(ActivityManagerService.java:14895)
W/ActivityManager(  451): 	at com.android.server.am.ActivityManagerService.handleAppDiedLocked(ActivityManagerService.java:4552)
W/ActivityManager(  451): 	at com.android.server.am.ActivityManagerService.removeProcessLocked(ActivityManagerService.java:5789)
W/ActivityManager(  451): 	at com.android.server.am.ActivityManagerService.killPackageProcessesLocked(ActivityManagerService.java:5594)
W/ActivityManager(  451): 	at com.android.server.am.ActivityManagerService.forceStopPackageLocked(ActivityManagerService.java:5655)
W/ActivityManager(  451): 	at com.android.server.am.ActivityManagerService.forceStopPackageLocked(ActivityManagerService.java:5499)
W/ActivityManager(  451): 	at com.android.server.am.ActivityManagerService.forceStopPackage(ActivityManagerService.java:5309)
W/ActivityManager(  451): 	at android.app.ActivityManagerNative.onTransact(ActivityManagerNative.java:1461)
W/ActivityManager(  451): 	at com.android.server.am.ActivityManagerService.onTransact(ActivityManagerService.java:2208)
W/ActivityManager(  451): 	at android.os.Binder.execTransact(Binder.java:446)
I/ActivityManager(  451): Killing 6549:com.android.chrome:sandboxed_process0/u0a35i83 (adj 9): isolated not needed
W/libprocessgroup(  451): failed to open /acct/uid_10035/pid_6549/cgroup.procs: No such file or directory
W/ActivityManager(  451): Exception when unbinding service com.android.chrome/org.chromium.content.app.SandboxedProcessService2
W/ActivityManager(  451): android.os.DeadObjectException
W/ActivityManager(  451): 	at android.os.BinderProxy.transactNative(Native Method)
W/ActivityManager(  451): 	at android.os.BinderProxy.transact(Binder.java:496)
W/ActivityManager(  451): 	at android.app.ApplicationThreadProxy.scheduleUnbindService(ApplicationThreadNative.java:921)
W/ActivityManager(  451): 	at com.android.server.am.ActiveServices.removeConnectionLocked(ActiveServices.java:1795)
W/ActivityManager(  451): 	at com.android.server.am.ActiveServices.killServicesLocked(ActiveServices.java:2193)
W/ActivityManager(  451): 	at com.android.server.am.ActivityManagerService.cleanUpApplicationRecordLocked(ActivityManagerService.java:14895)
W/ActivityManager(  451): 	at com.android.server.am.ActivityManagerService.handleAppDiedLocked(ActivityManagerService.java:4552)
W/ActivityManager(  451): 	at com.android.server.am.ActivityManagerService.removeProcessLocked(ActivityManagerService.java:5789)
W/ActivityManager(  451): 	at com.android.server.am.ActivityManagerService.killPackageProcessesLocked(ActivityManagerService.java:5594)
W/ActivityManager(  451): 	at com.android.server.am.ActivityManagerService.forceStopPackageLocked(ActivityManagerService.java:5655)
W/ActivityManager(  451): 	at com.android.server.am.ActivityManagerService.forceStopPackageLocked(ActivityManagerService.java:5499)
W/ActivityManager(  451): 	at com.android.server.am.ActivityManagerService.forceStopPackage(ActivityManagerService.java:5309)
W/ActivityManager(  451): 	at android.app.ActivityManagerNative.onTransact(ActivityManagerNative.java:1461)
W/ActivityManager(  451): 	at com.android.server.am.ActivityManagerService.onTransact(ActivityManagerService.java:2208)
W/ActivityManager(  451): 	at android.os.Binder.execTransact(Binder.java:446)
W/ActivityManager(  451): Force removing ActivityRecord{20ccd20 u0 com.android.chrome/org.chromium.chrome.browser.ChromeTabbedActivity t3105}: app died, no saved state
I/ActivityManager(  451): Killing 6715:com.android.chrome:sandboxed_process2/u0a35i85 (adj 9): isolated not needed
W/libprocessgroup(  451): failed to open /acct/uid_10035/pid_6715/cgroup.procs: No such file or directory
W/ActivityManager(  451): Spurious death for ProcessRecord{2432c9b4 6453:com.android.chrome:privileged_process0/u0a35}, curProc for 6453: null
W/ActivityManager(  451): Unbind failed: could not find connection for android.os.BinderProxy@10c29724
W/ActivityManager(  451): Spurious death for ProcessRecord{22816e3a 6372:com.android.chrome/u0a35}, curProc for 6372: null
W/InputMethodManagerService(  451): Got RemoteException sending setActive(false) notification to pid 6372 uid 10035
I/ActivityManager(  451): Force stopping com.android.chrome appid=10035 user=0: clear data
D/TaskPersister(  451): removeObsoleteFile: deleting file=3105_task.xml
D/TaskPersister(  451): removeObsoleteFile: deleting file=3105_task_thumbnail.png
I/ActivityManager(  451): Start proc 6921:com.android.documentsui/u0a40 for broadcast com.android.documentsui/.PackageReceiver
I/ActivityManager(  451): Start proc 6957:com.android.externalstorage/u0a6 for content provider com.android.externalstorage/.ExternalStorageProvider
I/ActivityManager(  451): Start proc 6973:com.google.android.apps.docs/u0a41 for content provider com.google.android.apps.docs/.storagebackend.StorageBackendContentProvider
I/ActivityManager(  451): Killing 3435:com.google.android.videos/u0a77 (adj 15): empty #17
I/ActivityManager(  451): Start proc 6988:com.android.chrome/u0a35 for content provider com.android.chrome/com.google.android.apps.chrome.icing.IcingProvider
W/ResourcesManager( 6988): Asset path '/system/framework/com.android.media.remotedisplay.jar' does not exist or contains no resources.
W/ResourcesManager( 6988): Asset path '/system/framework/com.android.location.provider.jar' does not exist or contains no resources.
I/ActivityManager(  451): Killing 5286:com.android.vending:instant_app_installer/u0a18 (adj 15): empty #17
W/FileUtils( 6326): Failed to chmod(/storage/emulated/0/trepn/Trepn_2018.06.11_182403.db): android.system.ErrnoException: chmod failed: EPERM (Operation not permitted)
W/ResourcesManager( 6973): Asset path '/system/framework/com.android.media.remotedisplay.jar' does not exist or contains no resources.
W/ResourcesManager( 6973): Asset path '/system/framework/com.android.location.provider.jar' does not exist or contains no resources.
D/WifiService(  451): acquireWifiLockLocked: WifiLock{NlpWifiLock type=2 binder=android.os.BinderProxy@87b74c2}
D/WifiService(  451): releaseWifiLockLocked: WifiLock{NlpWifiLock type=2 binder=android.os.BinderProxy@87b74c2}
I/ActivityManager(  451): Force stopping com.android.chrome appid=10035 user=0: from pid 7273
I/ActivityManager(  451): Killing 6988:com.android.chrome/u0a35 (adj 9): stop com.android.chrome
W/ActivityManager(  451): Spurious death for ProcessRecord{2ef30e34 6988:com.android.chrome/u0a35}, curProc for 6988: null
I/ActivityManager(  451): START u0 {act=android.intent.action.VIEW flg=0x10008000 cmp=com.android.chrome/com.google.android.apps.chrome.Main} from uid 2000 on display 0
V/WindowManager(  451): addAppToken: AppWindowToken{6af62a3 token=Token{310031d2 ActivityRecord{3c09145d u0 com.android.chrome/com.google.android.apps.chrome.Main t3107}}} to stack=1 task=3107 at 0
I/ActivityManager(  451): Start proc 7285:com.android.chrome/u0a35 for activity com.android.chrome/com.google.android.apps.chrome.Main
W/ResourcesManager( 7285): Asset path '/system/framework/com.android.media.remotedisplay.jar' does not exist or contains no resources.
W/ResourcesManager( 7285): Asset path '/system/framework/com.android.location.provider.jar' does not exist or contains no resources.
I/ActivityManager(  451): START u0 {cmp=com.android.chrome/org.chromium.chrome.browser.firstrun.FirstRunActivity (has extras)} from uid 10035 on display 0
V/WindowManager(  451): addAppToken: AppWindowToken{2d383cb8 token=Token{245c831b ActivityRecord{19d4292a u0 com.android.chrome/org.chromium.chrome.browser.firstrun.FirstRunActivity t3108}}} to stack=1 task=3108 at 0
V/WindowManager(  451): Based on layer: Adding window Window{1119ead0 u0 com.android.chrome/org.chromium.chrome.browser.firstrun.FirstRunActivity} at 3 of 16
I/ActivityManager(  451): Start proc 7321:com.android.chrome:sandboxed_process0/u0i87 for service com.android.chrome/org.chromium.content.app.SandboxedProcessService0
I/ActivityManager(  451): Start proc 7362:com.android.chrome:privileged_process0/u0a35 for service com.android.chrome/org.chromium.content.app.PrivilegedProcessService0
D/ConnectivityService(  451): listenForNetwork for NetworkRequest [ id=103, legacyType=-1, [ Capabilities: INTERNET&NOT_RESTRICTED&TRUSTED] ]
D/ConnectivityService(  451): handleRegisterNetworkRequest checking NetworkAgentInfo [WIFI () - 102]
D/ConnectivityService(  451): apparently satisfied.  currentScore=60
D/ConnectivityService(  451): listenForNetwork for NetworkRequest [ id=104, legacyType=-1, [ Capabilities: INTERNET&NOT_RESTRICTED&TRUSTED] ]
D/ConnectivityService(  451): handleRegisterNetworkRequest checking NetworkAgentInfo [WIFI () - 102]
D/ConnectivityService(  451): apparently satisfied.  currentScore=60
W/libprocessgroup(  451): failed to open /acct/uid_10035/pid_7321/cgroup.procs: No such file or directory
I/ActivityManager(  451): Process com.android.chrome:sandboxed_process0 (pid 7321) has died
W/ActivityManager(  451): Scheduling restart of crashed service com.android.chrome/org.chromium.content.app.SandboxedProcessService0 in 1000ms
I/ActivityManager(  451): START u0 {act=android.intent.action.VIEW flg=0x10808000 cmp=com.android.chrome/com.google.android.apps.chrome.Main (has extras)} from uid 10035 on display 0
V/WindowManager(  451): addAppToken: AppWindowToken{18e31b7 token=Token{307340b6 ActivityRecord{1ddd4051 u0 com.android.chrome/com.google.android.apps.chrome.Main t3109}}} to stack=1 task=3109 at 0
D/ConnectivityService(  451): releasing NetworkRequest NetworkRequest [ id=104, legacyType=-1, [ Capabilities: INTERNET&NOT_RESTRICTED&TRUSTED] ]
D/ConnectivityService(  451): listenForNetwork for NetworkRequest [ id=105, legacyType=-1, [ Capabilities: INTERNET&NOT_RESTRICTED&TRUSTED] ]
D/ConnectivityService(  451): handleRegisterNetworkRequest checking NetworkAgentInfo [WIFI () - 102]
D/ConnectivityService(  451): apparently satisfied.  currentScore=60
I/ActivityManager(  451): START u0 {act=android.intent.action.VIEW flg=0x14002000 cmp=com.android.chrome/org.chromium.chrome.browser.ChromeTabbedActivity (has extras)} from uid 10035 on display 0
V/WindowManager(  451): addAppToken: AppWindowToken{3875b08e token=Token{2696a889 ActivityRecord{2b9ee790 u0 com.android.chrome/org.chromium.chrome.browser.ChromeTabbedActivity t3110}}} to stack=1 task=3110 at 0
V/WindowManager(  451): Based on layer: Adding window Window{2f58f6a7 u0 Starting com.android.chrome} at 4 of 17
I/ActivityManager(  451): Start proc 7500:com.android.chrome:sandboxed_process0/u0i88 for service com.android.chrome/org.chromium.content.app.SandboxedProcessService0
V/WindowManager(  451): Adding window Window{33d3b31 u0 com.android.chrome/org.chromium.chrome.browser.ChromeTabbedActivity} at 4 of 18 (before Window{2f58f6a7 u0 Starting com.android.chrome})
V/WindowManager(  451): Adding window Window{fb3fd84 u0 SurfaceView} at 4 of 19 (before Window{33d3b31 u0 com.android.chrome/org.chromium.chrome.browser.ChromeTabbedActivity})
I/ActivityManager(  451): Start proc 7572:com.android.chrome:sandboxed_process1/u0i89 for service com.android.chrome/org.chromium.content.app.SandboxedProcessService1
I/ActivityManager(  451): Activity reported stop, but no longer stopping: ActivityRecord{19d4292a u0 com.android.chrome/org.chromium.chrome.browser.firstrun.FirstRunActivity t3108 f}
W/FileUtils( 6326): Failed to chmod(/storage/emulated/0/trepn/Trepn_2018.06.11_182732.db): android.system.ErrnoException: chmod failed: EPERM (Operation not permitted)
D/TaskPersister(  451): removeObsoleteFile: deleting file=3108_task_thumbnail.png
I/ActivityManager(  451): START u0 {act=android.intent.action.VIEW dat=localhost:8000 flg=0x10000000 cmp=com.android.chrome/com.google.android.apps.chrome.Main} from uid 2000 on display 0
V/WindowManager(  451): addAppToken: AppWindowToken{344cefc2 token=Token{1e1b540d ActivityRecord{6ccbea4 u0 com.android.chrome/com.google.android.apps.chrome.Main t3111}}} to stack=1 task=3111 at 0
D/ConnectivityService(  451): releasing NetworkRequest NetworkRequest [ id=105, legacyType=-1, [ Capabilities: INTERNET&NOT_RESTRICTED&TRUSTED] ]
D/ConnectivityService(  451): listenForNetwork for NetworkRequest [ id=106, legacyType=-1, [ Capabilities: INTERNET&NOT_RESTRICTED&TRUSTED] ]
D/ConnectivityService(  451): handleRegisterNetworkRequest checking NetworkAgentInfo [WIFI () - 102]
D/ConnectivityService(  451): apparently satisfied.  currentScore=60
I/ActivityManager(  451): START u0 {act=android.intent.action.VIEW dat=localhost:8000 flg=0x14002000 cmp=com.android.chrome/org.chromium.chrome.browser.ChromeTabbedActivity (has extras)} from uid 10035 on display 0
W/InputMethodManagerService(  451): Window already focused, ignoring focus gain of: com.android.internal.view.IInputMethodClient$Stub$Proxy@f13f7c5 attribute=null, token = android.os.BinderProxy@d5efbd8
I/ActivityManager(  451): Start proc 7682:com.android.chrome:sandboxed_process2/u0i90 for service com.android.chrome/org.chromium.content.app.SandboxedProcessService2
W/libprocessgroup(  451): failed to open /acct/uid_10035/pid_7572/cgroup.procs: No such file or directory
I/ActivityManager(  451): Process com.android.chrome:sandboxed_process1 (pid 7572) has died
W/ActivityManager(  451): Scheduling restart of crashed service com.android.chrome/org.chromium.content.app.SandboxedProcessService1 in 1000ms
I/ActivityManager(  451): Start proc 7808:com.android.chrome:sandboxed_process3/u0i91 for service com.android.chrome/org.chromium.content.app.SandboxedProcessService3
W/libprocessgroup(  451): failed to open /acct/uid_10035/pid_7808/cgroup.procs: No such file or directory
I/ActivityManager(  451): Process com.android.chrome:sandboxed_process3 (pid 7808) has died
W/ActivityManager(  451): Scheduling restart of crashed service com.android.chrome/org.chromium.content.app.SandboxedProcessService3 in 1000ms
I/ActivityManager(  451): Force stopping com.android.chrome appid=10035 user=0: from pid 7895
I/ActivityManager(  451): Killing 7362:com.android.chrome:privileged_process0/u0a35 (adj 0): stop com.android.chrome
W/ActivityManager(  451): Scheduling restart of crashed service com.android.chrome/org.chromium.content.app.PrivilegedProcessService0 in 1000ms
I/ActivityManager(  451): Killing 7285:com.android.chrome/u0a35 (adj 0): stop com.android.chrome
I/WindowState(  451): WIN DEATH: Window{fb3fd84 u0 SurfaceView}
D/ConnectivityService(  451): ConnectivityService NetworkRequestInfo binderDied(NetworkRequest [ id=103, legacyType=-1, [ Capabilities: INTERNET&NOT_RESTRICTED&TRUSTED] ], android.os.BinderProxy@93b0a18)
D/ConnectivityService(  451): releasing NetworkRequest NetworkRequest [ id=103, legacyType=-1, [ Capabilities: INTERNET&NOT_RESTRICTED&TRUSTED] ]
E/ConnectivityService(  451): RemoteException caught trying to send a callback msg for NetworkRequest [ id=103, legacyType=-1, [ Capabilities: INTERNET&NOT_RESTRICTED&TRUSTED] ]
D/ConnectivityService(  451): ConnectivityService NetworkRequestInfo binderDied(NetworkRequest [ id=106, legacyType=-1, [ Capabilities: INTERNET&NOT_RESTRICTED&TRUSTED] ], android.os.BinderProxy@11c6cc71)
D/ConnectivityService(  451): releasing NetworkRequest NetworkRequest [ id=106, legacyType=-1, [ Capabilities: INTERNET&NOT_RESTRICTED&TRUSTED] ]
E/ConnectivityService(  451): RemoteException caught trying to send a callback msg for NetworkRequest [ id=106, legacyType=-1, [ Capabilities: INTERNET&NOT_RESTRICTED&TRUSTED] ]
I/WindowState(  451): WIN DEATH: Window{33d3b31 u0 com.android.chrome/org.chromium.chrome.browser.ChromeTabbedActivity}
W/ActivityManager(  451): Exception when unbinding service com.android.chrome/org.chromium.content.app.SandboxedProcessService0
W/ActivityManager(  451): android.os.DeadObjectException
W/ActivityManager(  451): 	at android.os.BinderProxy.transactNative(Native Method)
W/ActivityManager(  451): 	at android.os.BinderProxy.transact(Binder.java:496)
W/ActivityManager(  451): 	at android.app.ApplicationThreadProxy.scheduleUnbindService(ApplicationThreadNative.java:921)
W/ActivityManager(  451): 	at com.android.server.am.ActiveServices.removeConnectionLocked(ActiveServices.java:1795)
W/ActivityManager(  451): 	at com.android.server.am.ActiveServices.killServicesLocked(ActiveServices.java:2193)
W/ActivityManager(  451): 	at com.android.server.am.ActivityManagerService.cleanUpApplicationRecordLocked(ActivityManagerService.java:14895)
W/ActivityManager(  451): 	at com.android.server.am.ActivityManagerService.handleAppDiedLocked(ActivityManagerService.java:4552)
W/ActivityManager(  451): 	at com.android.server.am.ActivityManagerService.removeProcessLocked(ActivityManagerService.java:5789)
W/ActivityManager(  451): 	at com.android.server.am.ActivityManagerService.killPackageProcessesLocked(ActivityManagerService.java:5594)
W/ActivityManager(  451): 	at com.android.server.am.ActivityManagerService.forceStopPackageLocked(ActivityManagerService.java:5655)
W/ActivityManager(  451): 	at com.android.server.am.ActivityManagerService.forceStopPackageLocked(ActivityManagerService.java:5499)
W/ActivityManager(  451): 	at com.android.server.am.ActivityManagerService.forceStopPackage(ActivityManagerService.java:5309)
W/ActivityManager(  451): 	at android.app.ActivityManagerNative.onTransact(ActivityManagerNative.java:1461)
W/ActivityManager(  451): 	at com.android.server.am.ActivityManagerService.onTransact(ActivityManagerService.java:2208)
W/ActivityManager(  451): 	at android.os.Binder.execTransact(Binder.java:446)
I/ActivityManager(  451): Killing 7500:com.android.chrome:sandboxed_process0/u0a35i88 (adj 9): isolated not needed
W/libprocessgroup(  451): failed to open /acct/uid_10035/pid_7500/cgroup.procs: No such file or directory
W/ActivityManager(  451): Force removing ActivityRecord{2b9ee790 u0 com.android.chrome/org.chromium.chrome.browser.ChromeTabbedActivity t3110}: app died, no saved state
I/ActivityManager(  451): Killing 7682:com.android.chrome:sandboxed_process2/u0a35i90 (adj 0): isolated not needed
W/libprocessgroup(  451): failed to open /acct/uid_10035/pid_7682/cgroup.procs: No such file or directory
W/ActivityManager(  451): Spurious death for ProcessRecord{273b1d24 7362:com.android.chrome:privileged_process0/u0a35}, curProc for 7362: null
W/ActivityManager(  451): Unbind failed: could not find connection for android.os.BinderProxy@28e1aafb
W/ActivityManager(  451): Spurious death for ProcessRecord{1a748ac9 7285:com.android.chrome/u0a35}, curProc for 7285: null
W/InputMethodManagerService(  451): Got RemoteException sending setActive(false) notification to pid 7285 uid 10035
I/ActivityManager(  451): Force stopping com.android.chrome appid=10035 user=0: clear data
D/TaskPersister(  451): removeObsoleteFile: deleting file=3110_task.xml
D/TaskPersister(  451): removeObsoleteFile: deleting file=3110_task_thumbnail.png
I/ActivityManager(  451): Start proc 7953:com.android.chrome/u0a35 for content provider com.android.chrome/com.google.android.apps.chrome.icing.IcingProvider
W/ResourcesManager( 7953): Asset path '/system/framework/com.android.media.remotedisplay.jar' does not exist or contains no resources.
W/ResourcesManager( 7953): Asset path '/system/framework/com.android.location.provider.jar' does not exist or contains no resources.
W/FileUtils( 6326): Failed to chmod(/storage/emulated/0/trepn/Trepn_2018.06.11_182732.db): android.system.ErrnoException: chmod failed: EPERM (Operation not permitted)
D/WifiService(  451): acquireWifiLockLocked: WifiLock{NlpWifiLock type=2 binder=android.os.BinderProxy@25227db0}
D/WifiService(  451): releaseWifiLockLocked: WifiLock{NlpWifiLock type=2 binder=android.os.BinderProxy@25227db0}
I/ActivityManager(  451): Force stopping com.android.chrome appid=10035 user=0: from pid 8296
I/ActivityManager(  451): Killing 7953:com.android.chrome/u0a35 (adj 9): stop com.android.chrome
W/ActivityManager(  451): Spurious death for ProcessRecord{2bdd8f47 7953:com.android.chrome/u0a35}, curProc for 7953: null
I/ActivityManager(  451): START u0 {act=android.intent.action.VIEW flg=0x10008000 cmp=com.android.chrome/com.google.android.apps.chrome.Main} from uid 2000 on display 0
V/WindowManager(  451): addAppToken: AppWindowToken{158d9912 token=Token{12da909d ActivityRecord{6e7d374 u0 com.android.chrome/com.google.android.apps.chrome.Main t3112}}} to stack=1 task=3112 at 0
I/ActivityManager(  451): Start proc 8308:com.android.chrome/u0a35 for activity com.android.chrome/com.google.android.apps.chrome.Main
W/ResourcesManager( 8308): Asset path '/system/framework/com.android.media.remotedisplay.jar' does not exist or contains no resources.
W/ResourcesManager( 8308): Asset path '/system/framework/com.android.location.provider.jar' does not exist or contains no resources.
I/ActivityManager(  451): START u0 {cmp=com.android.chrome/org.chromium.chrome.browser.firstrun.FirstRunActivity (has extras)} from uid 10035 on display 0
V/WindowManager(  451): addAppToken: AppWindowToken{1d17815b token=Token{1f3f386a ActivityRecord{29cc3655 u0 com.android.chrome/org.chromium.chrome.browser.firstrun.FirstRunActivity t3113}}} to stack=1 task=3113 at 0
V/WindowManager(  451): Based on layer: Adding window Window{762c0d3 u0 com.android.chrome/org.chromium.chrome.browser.firstrun.FirstRunActivity} at 3 of 16
I/ActivityManager(  451): Start proc 8344:com.android.chrome:sandboxed_process0/u0i92 for service com.android.chrome/org.chromium.content.app.SandboxedProcessService0
I/ActivityManager(  451): Start proc 8385:com.android.chrome:privileged_process0/u0a35 for service com.android.chrome/org.chromium.content.app.PrivilegedProcessService0
D/ConnectivityService(  451): listenForNetwork for NetworkRequest [ id=107, legacyType=-1, [ Capabilities: INTERNET&NOT_RESTRICTED&TRUSTED] ]
D/ConnectivityService(  451): handleRegisterNetworkRequest checking NetworkAgentInfo [WIFI () - 102]
D/ConnectivityService(  451): apparently satisfied.  currentScore=60
D/ConnectivityService(  451): listenForNetwork for NetworkRequest [ id=108, legacyType=-1, [ Capabilities: INTERNET&NOT_RESTRICTED&TRUSTED] ]
D/ConnectivityService(  451): handleRegisterNetworkRequest checking NetworkAgentInfo [WIFI () - 102]
D/ConnectivityService(  451): apparently satisfied.  currentScore=60
W/libprocessgroup(  451): failed to open /acct/uid_10035/pid_8344/cgroup.procs: No such file or directory
I/ActivityManager(  451): Process com.android.chrome:sandboxed_process0 (pid 8344) has died
W/ActivityManager(  451): Scheduling restart of crashed service com.android.chrome/org.chromium.content.app.SandboxedProcessService0 in 1000ms
I/ActivityManager(  451): START u0 {act=android.intent.action.VIEW flg=0x10808000 cmp=com.android.chrome/com.google.android.apps.chrome.Main (has extras)} from uid 10035 on display 0
V/WindowManager(  451): addAppToken: AppWindowToken{1a244891 token=Token{1a2e62b8 ActivityRecord{c5b811b u0 com.android.chrome/com.google.android.apps.chrome.Main t3114}}} to stack=1 task=3114 at 0
D/ConnectivityService(  451): releasing NetworkRequest NetworkRequest [ id=108, legacyType=-1, [ Capabilities: INTERNET&NOT_RESTRICTED&TRUSTED] ]
D/ConnectivityService(  451): listenForNetwork for NetworkRequest [ id=109, legacyType=-1, [ Capabilities: INTERNET&NOT_RESTRICTED&TRUSTED] ]
D/ConnectivityService(  451): handleRegisterNetworkRequest checking NetworkAgentInfo [WIFI () - 102]
D/ConnectivityService(  451): apparently satisfied.  currentScore=60
I/ActivityManager(  451): START u0 {act=android.intent.action.VIEW flg=0x14002000 cmp=com.android.chrome/org.chromium.chrome.browser.ChromeTabbedActivity (has extras)} from uid 10035 on display 0
V/WindowManager(  451): addAppToken: AppWindowToken{15eed0d0 token=Token{23aef893 ActivityRecord{3ae9a982 u0 com.android.chrome/org.chromium.chrome.browser.ChromeTabbedActivity t3115}}} to stack=1 task=3115 at 0
V/WindowManager(  451): Based on layer: Adding window Window{25d77801 u0 Starting com.android.chrome} at 4 of 17
I/ActivityManager(  451): Start proc 8519:com.android.chrome:sandboxed_process0/u0i93 for service com.android.chrome/org.chromium.content.app.SandboxedProcessService0
V/WindowManager(  451): Adding window Window{2037a8fb u0 com.android.chrome/org.chromium.chrome.browser.ChromeTabbedActivity} at 4 of 18 (before Window{25d77801 u0 Starting com.android.chrome})
V/WindowManager(  451): Adding window Window{1105f556 u0 SurfaceView} at 4 of 19 (before Window{2037a8fb u0 com.android.chrome/org.chromium.chrome.browser.ChromeTabbedActivity})
I/ActivityManager(  451): Start proc 8571:com.android.chrome:sandboxed_process1/u0i94 for service com.android.chrome/org.chromium.content.app.SandboxedProcessService1
I/ActivityManager(  451): Activity reported stop, but no longer stopping: ActivityRecord{29cc3655 u0 com.android.chrome/org.chromium.chrome.browser.firstrun.FirstRunActivity t3113 f}
W/FileUtils( 6326): Failed to chmod(/storage/emulated/0/trepn/Trepn_2018.06.11_183100.db): android.system.ErrnoException: chmod failed: EPERM (Operation not permitted)
D/TaskPersister(  451): removeObsoleteFile: deleting file=3113_task_thumbnail.png
I/ActivityManager(  451): START u0 {act=android.intent.action.VIEW dat=localhost:8000 flg=0x10000000 cmp=com.android.chrome/com.google.android.apps.chrome.Main} from uid 2000 on display 0
V/WindowManager(  451): addAppToken: AppWindowToken{26112976 token=Token{2c925411 ActivityRecord{33a76c38 u0 com.android.chrome/com.google.android.apps.chrome.Main t3116}}} to stack=1 task=3116 at 0
D/ConnectivityService(  451): releasing NetworkRequest NetworkRequest [ id=109, legacyType=-1, [ Capabilities: INTERNET&NOT_RESTRICTED&TRUSTED] ]
D/ConnectivityService(  451): listenForNetwork for NetworkRequest [ id=110, legacyType=-1, [ Capabilities: INTERNET&NOT_RESTRICTED&TRUSTED] ]
D/ConnectivityService(  451): handleRegisterNetworkRequest checking NetworkAgentInfo [WIFI () - 102]
D/ConnectivityService(  451): apparently satisfied.  currentScore=60
I/ActivityManager(  451): START u0 {act=android.intent.action.VIEW dat=localhost:8000 flg=0x14002000 cmp=com.android.chrome/org.chromium.chrome.browser.ChromeTabbedActivity (has extras)} from uid 10035 on display 0
W/InputMethodManagerService(  451): Window already focused, ignoring focus gain of: com.android.internal.view.IInputMethodClient$Stub$Proxy@14e27449 attribute=null, token = android.os.BinderProxy@1eeba8a
I/ActivityManager(  451): Start proc 8658:com.android.chrome:sandboxed_process2/u0i95 for service com.android.chrome/org.chromium.content.app.SandboxedProcessService2
W/libprocessgroup(  451): failed to open /acct/uid_10035/pid_8571/cgroup.procs: No such file or directory
I/ActivityManager(  451): Process com.android.chrome:sandboxed_process1 (pid 8571) has died
W/ActivityManager(  451): Scheduling restart of crashed service com.android.chrome/org.chromium.content.app.SandboxedProcessService1 in 1000ms
I/ActivityManager(  451): Start proc 8756:com.android.chrome:sandboxed_process3/u0i96 for service com.android.chrome/org.chromium.content.app.SandboxedProcessService3
W/libprocessgroup(  451): failed to open /acct/uid_10035/pid_8756/cgroup.procs: No such file or directory
I/ActivityManager(  451): Process com.android.chrome:sandboxed_process3 (pid 8756) has died
W/ActivityManager(  451): Scheduling restart of crashed service com.android.chrome/org.chromium.content.app.SandboxedProcessService3 in 1000ms
I/ActivityManager(  451): Force stopping com.android.chrome appid=10035 user=0: from pid 8853
I/ActivityManager(  451): Killing 8385:com.android.chrome:privileged_process0/u0a35 (adj 0): stop com.android.chrome
W/ActivityManager(  451): Scheduling restart of crashed service com.android.chrome/org.chromium.content.app.PrivilegedProcessService0 in 1000ms
I/ActivityManager(  451): Killing 8308:com.android.chrome/u0a35 (adj 0): stop com.android.chrome
I/WindowState(  451): WIN DEATH: Window{2037a8fb u0 com.android.chrome/org.chromium.chrome.browser.ChromeTabbedActivity}
D/ConnectivityService(  451): ConnectivityService NetworkRequestInfo binderDied(NetworkRequest [ id=107, legacyType=-1, [ Capabilities: INTERNET&NOT_RESTRICTED&TRUSTED] ], android.os.BinderProxy@3083e504)
W/WindowManager(  451): Force-removing child win Window{1105f556 u0 SurfaceView} from container Window{2037a8fb u0 com.android.chrome/org.chromium.chrome.browser.ChromeTabbedActivity}
D/ConnectivityService(  451): releasing NetworkRequest NetworkRequest [ id=107, legacyType=-1, [ Capabilities: INTERNET&NOT_RESTRICTED&TRUSTED] ]
E/ConnectivityService(  451): RemoteException caught trying to send a callback msg for NetworkRequest [ id=107, legacyType=-1, [ Capabilities: INTERNET&NOT_RESTRICTED&TRUSTED] ]
D/ConnectivityService(  451): ConnectivityService NetworkRequestInfo binderDied(NetworkRequest [ id=110, legacyType=-1, [ Capabilities: INTERNET&NOT_RESTRICTED&TRUSTED] ], android.os.BinderProxy@3d07eaed)
D/ConnectivityService(  451): releasing NetworkRequest NetworkRequest [ id=110, legacyType=-1, [ Capabilities: INTERNET&NOT_RESTRICTED&TRUSTED] ]
E/ConnectivityService(  451): RemoteException caught trying to send a callback msg for NetworkRequest [ id=110, legacyType=-1, [ Capabilities: INTERNET&NOT_RESTRICTED&TRUSTED] ]
W/WindowManager(  451): Failed looking up window
W/WindowManager(  451): java.lang.IllegalArgumentException: Requested window android.os.BinderProxy@2b2d6371 does not exist
W/WindowManager(  451): 	at com.android.server.wm.WindowManagerService.windowForClientLocked(WindowManagerService.java:8539)
W/WindowManager(  451): 	at com.android.server.wm.WindowManagerService.windowForClientLocked(WindowManagerService.java:8530)
W/WindowManager(  451): 	at com.android.server.wm.WindowState$DeathRecipient.binderDied(WindowState.java:1142)
W/WindowManager(  451): 	at android.os.BinderProxy.sendDeathNotice(Binder.java:551)
I/WindowState(  451): WIN DEATH: null
W/ActivityManager(  451): Exception when unbinding service com.android.chrome/org.chromium.content.app.SandboxedProcessService0
W/ActivityManager(  451): android.os.DeadObjectException
W/ActivityManager(  451): 	at android.os.BinderProxy.transactNative(Native Method)
W/ActivityManager(  451): 	at android.os.BinderProxy.transact(Binder.java:496)
W/ActivityManager(  451): 	at android.app.ApplicationThreadProxy.scheduleUnbindService(ApplicationThreadNative.java:921)
W/ActivityManager(  451): 	at com.android.server.am.ActiveServices.removeConnectionLocked(ActiveServices.java:1795)
W/ActivityManager(  451): 	at com.android.server.am.ActiveServices.killServicesLocked(ActiveServices.java:2193)
W/ActivityManager(  451): 	at com.android.server.am.ActivityManagerService.cleanUpApplicationRecordLocked(ActivityManagerService.java:14895)
W/ActivityManager(  451): 	at com.android.server.am.ActivityManagerService.handleAppDiedLocked(ActivityManagerService.java:4552)
W/ActivityManager(  451): 	at com.android.server.am.ActivityManagerService.removeProcessLocked(ActivityManagerService.java:5789)
W/ActivityManager(  451): 	at com.android.server.am.ActivityManagerService.killPackageProcessesLocked(ActivityManagerService.java:5594)
W/ActivityManager(  451): 	at com.android.server.am.ActivityManagerService.forceStopPackageLocked(ActivityManagerService.java:5655)
W/ActivityManager(  451): 	at com.android.server.am.ActivityManagerService.forceStopPackageLocked(ActivityManagerService.java:5499)
W/ActivityManager(  451): 	at com.android.server.am.ActivityManagerService.forceStopPackage(ActivityManagerService.java:5309)
W/ActivityManager(  451): 	at android.app.ActivityManagerNative.onTransact(ActivityManagerNative.java:1461)
W/ActivityManager(  451): 	at com.android.server.am.ActivityManagerService.onTransact(ActivityManagerService.java:2208)
W/ActivityManager(  451): 	at android.os.Binder.execTransact(Binder.java:446)
W/ActivityManager(  451): Exception when unbinding service com.android.chrome/org.chromium.content.app.SandboxedProcessService2
W/ActivityManager(  451): android.os.DeadObjectException
W/ActivityManager(  451): 	at android.os.BinderProxy.transactNative(Native Method)
W/ActivityManager(  451): 	at android.os.BinderProxy.transact(Binder.java:496)
W/ActivityManager(  451): 	at android.app.ApplicationThreadProxy.scheduleUnbindService(ApplicationThreadNative.java:921)
W/ActivityManager(  451): 	at com.android.server.am.ActiveServices.removeConnectionLocked(ActiveServices.java:1795)
W/ActivityManager(  451): 	at com.android.server.am.ActiveServices.killServicesLocked(ActiveServices.java:2193)
W/ActivityManager(  451): 	at com.android.server.am.ActivityManagerService.cleanUpApplicationRecordLocked(ActivityManagerService.java:14895)
W/ActivityManager(  451): 	at com.android.server.am.ActivityManagerService.handleAppDiedLocked(ActivityManagerService.java:4552)
W/ActivityManager(  451): 	at com.android.server.am.ActivityManagerService.removeProcessLocked(ActivityManagerService.java:5789)
W/ActivityManager(  451): 	at com.android.server.am.ActivityManagerService.killPackageProcessesLocked(ActivityManagerService.java:5594)
W/ActivityManager(  451): 	at com.android.server.am.ActivityManagerService.forceStopPackageLocked(ActivityManagerService.java:5655)
W/ActivityManager(  451): 	at com.android.server.am.ActivityManagerService.forceStopPackageLocked(ActivityManagerService.java:5499)
W/ActivityManager(  451): 	at com.android.server.am.ActivityManagerService.forceStopPackage(ActivityManagerService.java:5309)
W/ActivityManager(  451): 	at android.app.ActivityManagerNative.onTransact(ActivityManagerNative.java:1461)
W/ActivityManager(  451): 	at com.android.server.am.ActivityManagerService.onTransact(ActivityManagerService.java:2208)
W/ActivityManager(  451): 	at android.os.Binder.execTransact(Binder.java:446)
I/ActivityManager(  451): Killing 8519:com.android.chrome:sandboxed_process0/u0a35i93 (adj 9): isolated not needed
W/libprocessgroup(  451): failed to open /acct/uid_10035/pid_8519/cgroup.procs: No such file or directory
W/ActivityManager(  451): Force removing ActivityRecord{3ae9a982 u0 com.android.chrome/org.chromium.chrome.browser.ChromeTabbedActivity t3115}: app died, no saved state
I/ActivityManager(  451): Killing 8658:com.android.chrome:sandboxed_process2/u0a35i95 (adj 9): isolated not needed
W/libprocessgroup(  451): failed to open /acct/uid_10035/pid_8658/cgroup.procs: No such file or directory
W/ActivityManager(  451): Spurious death for ProcessRecord{20b543f6 8385:com.android.chrome:privileged_process0/u0a35}, curProc for 8385: null
W/ActivityManager(  451): Unbind failed: could not find connection for android.os.BinderProxy@215fd858
W/ActivityManager(  451): Spurious death for ProcessRecord{31fe9410 8308:com.android.chrome/u0a35}, curProc for 8308: null
W/InputMethodManagerService(  451): Got RemoteException sending setActive(false) notification to pid 8308 uid 10035
I/ActivityManager(  451): Force stopping com.android.chrome appid=10035 user=0: clear data
D/TaskPersister(  451): removeObsoleteFile: deleting file=3115_task.xml
D/TaskPersister(  451): removeObsoleteFile: deleting file=3115_task_thumbnail.png
I/ActivityManager(  451): Start proc 8912:com.android.chrome/u0a35 for content provider com.android.chrome/com.google.android.apps.chrome.icing.IcingProvider
W/ResourcesManager( 8912): Asset path '/system/framework/com.android.media.remotedisplay.jar' does not exist or contains no resources.
W/ResourcesManager( 8912): Asset path '/system/framework/com.android.location.provider.jar' does not exist or contains no resources.
W/FileUtils( 6326): Failed to chmod(/storage/emulated/0/trepn/Trepn_2018.06.11_183100.db): android.system.ErrnoException: chmod failed: EPERM (Operation not permitted)
I/UsageStatsService(  451): User[0] Flushing usage stats to disk
I/ActivityManager(  451): Killing 5406:com.google.android.gms.ui/u0a8 (adj 15): empty #17
I/ActivityManager(  451): Force stopping com.android.chrome appid=10035 user=0: from pid 9302
I/ActivityManager(  451): Killing 8912:com.android.chrome/u0a35 (adj 9): stop com.android.chrome
W/ActivityManager(  451): Spurious death for ProcessRecord{22a7ccdd 8912:com.android.chrome/u0a35}, curProc for 8912: null
I/ActivityManager(  451): Force stopping com.android.chrome appid=10035 user=0: clear data
I/ActivityManager(  451): Start proc 9343:com.android.chrome/u0a35 for content provider com.android.chrome/com.google.android.apps.chrome.icing.IcingProvider
W/ResourcesManager( 9343): Asset path '/system/framework/com.android.media.remotedisplay.jar' does not exist or contains no resources.
W/ResourcesManager( 9343): Asset path '/system/framework/com.android.location.provider.jar' does not exist or contains no resources.
D/WifiService(  451): acquireWifiLockLocked: WifiLock{NlpWifiLock type=2 binder=android.os.BinderProxy@cdf2775}
D/WifiService(  451): releaseWifiLockLocked: WifiLock{NlpWifiLock type=2 binder=android.os.BinderProxy@cdf2775}
D/WifiService(  451): acquireWifiLockLocked: WifiLock{NlpWifiLock type=2 binder=android.os.BinderProxy@2c5cfda9}
D/WifiService(  451): releaseWifiLockLocked: WifiLock{NlpWifiLock type=2 binder=android.os.BinderProxy@2c5cfda9}
W/ProcessCpuTracker(  451): Skipping unknown process pid 10396
D/WifiService(  451): acquireWifiLockLocked: WifiLock{NlpWifiLock type=2 binder=android.os.BinderProxy@6799238}
D/WifiService(  451): releaseWifiLockLocked: WifiLock{NlpWifiLock type=2 binder=android.os.BinderProxy@6799238}
I/ActivityManager(  451): Start proc 10768:com.opera.browser:alarm_receiver/u0a85 for broadcast com.opera.browser/com.opera.android.phantom.receiver.AlarmReceiver
I/ActivityManager(  451): Killing 3483:com.android.vending/u0a18 (adj 15): empty #17
D/ConnectivityService(  451): ConnectivityService NetworkRequestInfo binderDied(NetworkRequest [ id=96, legacyType=-1, [ Capabilities: INTERNET&NOT_RESTRICTED&TRUSTED] ], android.os.BinderProxy@2eed1ffe)
D/ConnectivityService(  451): releasing NetworkRequest NetworkRequest [ id=96, legacyType=-1, [ Capabilities: INTERNET&NOT_RESTRICTED&TRUSTED] ]
E/ConnectivityService(  451): RemoteException caught trying to send a callback msg for NetworkRequest [ id=96, legacyType=-1, [ Capabilities: INTERNET&NOT_RESTRICTED&TRUSTED] ]
W/BroadcastQueue(  451): Skipping deliver [background] BroadcastRecord{38134e28 u-1 android.net.conn.CONNECTIVITY_CHANGE} to ReceiverList{1cf8a741 11077 (unknown name)/2000/u-1 remote:29ec211a}: process crashing
I/ActivityManager(  451): START u0 {act=android.intent.action.MAIN cat=[android.intent.category.LAUNCHER] flg=0x10200000 cmp=com.quicinc.trepn/.userinterface.main.TrepnActivity} from uid 2000 on display 0
V/WindowManager(  451): addAppToken: AppWindowToken{286324d4 token=Token{2397ca27 ActivityRecord{361b34e6 u0 com.quicinc.trepn/.userinterface.main.TrepnActivity t3117}}} to stack=1 task=3117 at 0
V/WindowManager(  451): Adding window Window{2971d71f u0 Starting com.quicinc.trepn} at 3 of 16 (after Window{1a1e6fd1 u0 com.google.android.googlequicksearchbox/com.google.android.launcher.GEL})
V/WindowManager(  451): Adding window Window{1427f8ed u0 com.quicinc.trepn/com.quicinc.trepn.userinterface.main.TrepnActivity} at 3 of 17 (before Window{2971d71f u0 Starting com.quicinc.trepn})
E/ActivityThread( 1965): Failed to find provider info for com.facebook.katana.provider.AttributionIdProvider
W/ActivityManager(  451): getTasks: caller 10089 does not hold GET_TASKS; limiting output
D/TaskPersister(  451): removeObsoleteFile: deleting file=3101_task.xml
I/ActivityManager(  451): Force stopping com.quicinc.trepn appid=10091 user=0: from pid 11154
I/ActivityManager(  451): Killing 6326:com.quicinc.trepn/u0a91 (adj 0): stop com.quicinc.trepn
I/WindowState(  451): WIN DEATH: Window{1427f8ed u0 com.quicinc.trepn/com.quicinc.trepn.userinterface.main.TrepnActivity}
W/ActivityManager(  451): Force removing ActivityRecord{361b34e6 u0 com.quicinc.trepn/.userinterface.main.TrepnActivity t3117}: app died, no saved state
W/ActivityManager(  451): Spurious death for ProcessRecord{31ca9158 6326:com.quicinc.trepn/u0a91}, curProc for 6326: null
W/InputMethodManagerService(  451): Got RemoteException sending setActive(false) notification to pid 6326 uid 10091
I/ActivityManager(  451): Start proc 11189:com.quicinc.trepn/u0a91 for service com.quicinc.trepn/.TrepnService
I/ActivityManager(  451): Force stopping com.android.chrome appid=10035 user=0: from pid 11221
I/ActivityManager(  451): Killing 9343:com.android.chrome/u0a35 (adj 11): stop com.android.chrome
W/ActivityManager(  451): Spurious death for ProcessRecord{2d610d53 9343:com.android.chrome/u0a35}, curProc for 9343: null
I/ActivityManager(  451): START u0 {act=android.intent.action.VIEW flg=0x10008000 cmp=com.android.chrome/com.google.android.apps.chrome.Main} from uid 2000 on display 0
V/WindowManager(  451): addAppToken: AppWindowToken{3f2878e token=Token{27347b89 ActivityRecord{5942690 u0 com.android.chrome/com.google.android.apps.chrome.Main t3118}}} to stack=1 task=3118 at 0
I/ActivityManager(  451): Start proc 11234:com.android.chrome/u0a35 for activity com.android.chrome/com.google.android.apps.chrome.Main
W/ResourcesManager(11234): Asset path '/system/framework/com.android.media.remotedisplay.jar' does not exist or contains no resources.
W/ResourcesManager(11234): Asset path '/system/framework/com.android.location.provider.jar' does not exist or contains no resources.
I/ActivityManager(  451): START u0 {cmp=com.android.chrome/org.chromium.chrome.browser.firstrun.FirstRunActivity (has extras)} from uid 10035 on display 0
V/WindowManager(  451): addAppToken: AppWindowToken{b48e1a7 token=Token{2b0bfa66 ActivityRecord{3ec312c1 u0 com.android.chrome/org.chromium.chrome.browser.firstrun.FirstRunActivity t3119}}} to stack=1 task=3119 at 0
V/WindowManager(  451): Based on layer: Adding window Window{143e5e9f u0 com.android.chrome/org.chromium.chrome.browser.firstrun.FirstRunActivity} at 3 of 17
I/ActivityManager(  451): Start proc 11261:com.android.chrome:sandboxed_process0/u0i97 for service com.android.chrome/org.chromium.content.app.SandboxedProcessService0
I/ActivityManager(  451): Start proc 11305:com.android.chrome:privileged_process0/u0a35 for service com.android.chrome/org.chromium.content.app.PrivilegedProcessService0
D/ConnectivityService(  451): listenForNetwork for NetworkRequest [ id=111, legacyType=-1, [ Capabilities: INTERNET&NOT_RESTRICTED&TRUSTED] ]
D/ConnectivityService(  451): handleRegisterNetworkRequest checking NetworkAgentInfo [WIFI () - 102]
D/ConnectivityService(  451): apparently satisfied.  currentScore=60
D/ConnectivityService(  451): listenForNetwork for NetworkRequest [ id=112, legacyType=-1, [ Capabilities: INTERNET&NOT_RESTRICTED&TRUSTED] ]
D/ConnectivityService(  451): handleRegisterNetworkRequest checking NetworkAgentInfo [WIFI () - 102]
D/ConnectivityService(  451): apparently satisfied.  currentScore=60
W/libprocessgroup(  451): failed to open /acct/uid_10035/pid_11261/cgroup.procs: No such file or directory
I/ActivityManager(  451): Process com.android.chrome:sandboxed_process0 (pid 11261) has died
W/ActivityManager(  451): Scheduling restart of crashed service com.android.chrome/org.chromium.content.app.SandboxedProcessService0 in 1000ms
I/ActivityManager(  451): START u0 {act=android.intent.action.VIEW flg=0x10808000 cmp=com.android.chrome/com.google.android.apps.chrome.Main (has extras)} from uid 10035 on display 0
V/WindowManager(  451): addAppToken: AppWindowToken{17421903 token=Token{33ac45b2 ActivityRecord{1d0b8bbd u0 com.android.chrome/com.google.android.apps.chrome.Main t3120}}} to stack=1 task=3120 at 0
D/ConnectivityService(  451): releasing NetworkRequest NetworkRequest [ id=112, legacyType=-1, [ Capabilities: INTERNET&NOT_RESTRICTED&TRUSTED] ]
D/ConnectivityService(  451): listenForNetwork for NetworkRequest [ id=113, legacyType=-1, [ Capabilities: INTERNET&NOT_RESTRICTED&TRUSTED] ]
D/ConnectivityService(  451): handleRegisterNetworkRequest checking NetworkAgentInfo [WIFI () - 102]
D/ConnectivityService(  451): apparently satisfied.  currentScore=60
I/ActivityManager(  451): START u0 {act=android.intent.action.VIEW flg=0x14002000 cmp=com.android.chrome/org.chromium.chrome.browser.ChromeTabbedActivity (has extras)} from uid 10035 on display 0
V/WindowManager(  451): addAppToken: AppWindowToken{1fb2d90a token=Token{f7d7575 ActivityRecord{2b5664ac u0 com.android.chrome/org.chromium.chrome.browser.ChromeTabbedActivity t3121}}} to stack=1 task=3121 at 0
V/WindowManager(  451): Based on layer: Adding window Window{feb48f3 u0 Starting com.android.chrome} at 4 of 18
I/ActivityManager(  451): Start proc 11391:com.android.chrome:sandboxed_process0/u0i98 for service com.android.chrome/org.chromium.content.app.SandboxedProcessService0
V/WindowManager(  451): Adding window Window{cd5df74 u0 com.android.chrome/org.chromium.chrome.browser.ChromeTabbedActivity} at 4 of 19 (before Window{feb48f3 u0 Starting com.android.chrome})
V/WindowManager(  451): Adding window Window{25f854e3 u0 SurfaceView} at 4 of 20 (before Window{cd5df74 u0 com.android.chrome/org.chromium.chrome.browser.ChromeTabbedActivity})
I/ActivityManager(  451): Killing 5743:com.google.android.gms.unstable/u0a8 (adj 15): empty for 1800s
E/libprocessgroup(  451): failed to kill 1 processes for processgroup 5743
I/ActivityManager(  451): Start proc 11447:com.android.chrome:sandboxed_process1/u0i99 for service com.android.chrome/org.chromium.content.app.SandboxedProcessService1
I/ActivityManager(  451): Activity reported stop, but no longer stopping: ActivityRecord{3ec312c1 u0 com.android.chrome/org.chromium.chrome.browser.firstrun.FirstRunActivity t3119 f}
W/FileUtils(11189): Failed to chmod(/storage/emulated/0/trepn/Trepn_2018.06.11_184938.db): android.system.ErrnoException: chmod failed: EPERM (Operation not permitted)
D/TaskPersister(  451): removeObsoleteFile: deleting file=3119_task_thumbnail.png
I/ActivityManager(  451): START u0 {act=android.intent.action.VIEW dat=localhost:8000 flg=0x10000000 cmp=com.android.chrome/com.google.android.apps.chrome.Main} from uid 2000 on display 0
V/WindowManager(  451): addAppToken: AppWindowToken{352bb873 token=Token{e23fce2 ActivityRecord{351fe1ad u0 com.android.chrome/com.google.android.apps.chrome.Main t3122}}} to stack=1 task=3122 at 0
D/ConnectivityService(  451): releasing NetworkRequest NetworkRequest [ id=113, legacyType=-1, [ Capabilities: INTERNET&NOT_RESTRICTED&TRUSTED] ]
D/ConnectivityService(  451): listenForNetwork for NetworkRequest [ id=114, legacyType=-1, [ Capabilities: INTERNET&NOT_RESTRICTED&TRUSTED] ]
D/ConnectivityService(  451): handleRegisterNetworkRequest checking NetworkAgentInfo [WIFI () - 102]
D/ConnectivityService(  451): apparently satisfied.  currentScore=60
I/ActivityManager(  451): START u0 {act=android.intent.action.VIEW dat=localhost:8000 flg=0x14002000 cmp=com.android.chrome/org.chromium.chrome.browser.ChromeTabbedActivity (has extras)} from uid 10035 on display 0
W/InputMethodManagerService(  451): Window already focused, ignoring focus gain of: com.android.internal.view.IInputMethodClient$Stub$Proxy@624463a attribute=null, token = android.os.BinderProxy@33cc4b47
I/ActivityManager(  451): Start proc 11524:com.android.chrome:sandboxed_process2/u0i100 for service com.android.chrome/org.chromium.content.app.SandboxedProcessService2
W/libprocessgroup(  451): failed to open /acct/uid_10035/pid_11447/cgroup.procs: No such file or directory
I/ActivityManager(  451): Process com.android.chrome:sandboxed_process1 (pid 11447) has died
W/ActivityManager(  451): Scheduling restart of crashed service com.android.chrome/org.chromium.content.app.SandboxedProcessService1 in 1000ms
