D/ConnectivityService(  451): rematching NetworkAgentInfo [WIFI () - 100]
D/ConnectivityService(  451): Network NetworkAgentInfo [WIFI () - 100] was already satisfying request 1. No change.
D/ConnectivityService(  451): notifyType AVAILABLE for NetworkAgentInfo [WIFI () - 100]
D/ConnectivityManager.CallbackHandler(  627): CM callback handler got msg 524290
D/ConnectivityManager.CallbackHandler(  987): CM callback handler got msg 524290
D/ConnectivityManager.CallbackHandler( 1007): CM callback handler got msg 524290
D/ConnectivityManager.CallbackHandler( 1965): CM callback handler got msg 524290
D/ConnectivityManager.CallbackHandler(  987): CM callback handler got msg 524290
D/ConnectivityManager.CallbackHandler(21335): CM callback handler got msg 524290
D/ConnectivityManager.CallbackHandler( 1965): CM callback handler got msg 524290
D/ConnectivityManager.CallbackHandler(21474): CM callback handler got msg 524290
D/ConnectivityManager.CallbackHandler(  987): CM callback handler got msg 524290
D/ConnectivityManager.CallbackHandler(21474): CM callback handler got msg 524290
W/Wifi    ( 3458): Failed to read packet and byte counts from wifi interface
W/Wifi    ( 3458): Failed to read packet and byte counts from wifi interface
W/Wifi    ( 3458): Failed to read packet and byte counts from wifi interface
D/ConnectivityService(  451): updateNetworkScore for NetworkAgentInfo [WIFI () - 100] to 60
D/ConnectivityService(  451): rematching NetworkAgentInfo [WIFI () - 100]
D/ConnectivityService(  451): Network NetworkAgentInfo [WIFI () - 100] was already satisfying request 1. No change.
D/ConnectivityService(  451): notifyType AVAILABLE for NetworkAgentInfo [WIFI () - 100]
D/ConnectivityManager.CallbackHandler(  627): CM callback handler got msg 524290
D/ConnectivityManager.CallbackHandler(  987): CM callback handler got msg 524290
D/ConnectivityManager.CallbackHandler( 1965): CM callback handler got msg 524290
D/ConnectivityManager.CallbackHandler(  987): CM callback handler got msg 524290
D/ConnectivityManager.CallbackHandler( 1965): CM callback handler got msg 524290
D/ConnectivityManager.CallbackHandler(  987): CM callback handler got msg 524290
D/ConnectivityManager.CallbackHandler(21474): CM callback handler got msg 524290
D/ConnectivityManager.CallbackHandler(21474): CM callback handler got msg 524290
D/ConnectivityManager.CallbackHandler(21335): CM callback handler got msg 524290
D/ConnectivityManager.CallbackHandler( 1007): CM callback handler got msg 524290
W/Wifi    ( 3458): Failed to read packet and byte counts from wifi interface
W/Wifi    ( 3458): Failed to read packet and byte counts from wifi interface
W/Wifi    ( 3458): Failed to read packet and byte counts from wifi interface
D/ConnectivityService(  451): updateNetworkScore for NetworkAgentInfo [WIFI () - 100] to 56
D/ConnectivityService(  451): rematching NetworkAgentInfo [WIFI () - 100]
D/ConnectivityService(  451): Network NetworkAgentInfo [WIFI () - 100] was already satisfying request 1. No change.
D/ConnectivityService(  451): notifyType AVAILABLE for NetworkAgentInfo [WIFI () - 100]
D/ConnectivityManager.CallbackHandler( 1007): CM callback handler got msg 524290
D/ConnectivityManager.CallbackHandler(  627): CM callback handler got msg 524290
D/ConnectivityManager.CallbackHandler(  987): CM callback handler got msg 524290
D/ConnectivityManager.CallbackHandler( 1965): CM callback handler got msg 524290
D/ConnectivityManager.CallbackHandler(  987): CM callback handler got msg 524290
D/ConnectivityManager.CallbackHandler( 1965): CM callback handler got msg 524290
D/ConnectivityManager.CallbackHandler(  987): CM callback handler got msg 524290
D/ConnectivityManager.CallbackHandler(21474): CM callback handler got msg 524290
D/ConnectivityManager.CallbackHandler(21474): CM callback handler got msg 524290
D/ConnectivityManager.CallbackHandler(21335): CM callback handler got msg 524290
W/Wifi    ( 3458): Failed to read packet and byte counts from wifi interface
W/Wifi    ( 3458): Failed to read packet and byte counts from wifi interface
W/Wifi    ( 3458): Failed to read packet and byte counts from wifi interface
W/Wifi    ( 3458): Failed to read packet and byte counts from wifi interface
W/Wifi    ( 3458): Failed to read packet and byte counts from wifi interface
W/Wifi    ( 3458): Failed to read packet and byte counts from wifi interface
W/Wifi    ( 3458): Failed to read packet and byte counts from wifi interface
E/WifiStateMachine(  451): WifiStateMachine CMD_START_SCAN source -2 txSuccessRate=0.41 rxSuccessRate=5.35 targetRoamBSSID=f0:9f:c2:f4:cd:d7 RSSI=-62
W/Wifi    ( 3458): Failed to read packet and byte counts from wifi interface
W/Wifi    ( 3458): Failed to read packet and byte counts from wifi interface
W/Wifi    ( 3458): Failed to read packet and byte counts from wifi interface
W/Wifi    ( 3458): Failed to read packet and byte counts from wifi interface
W/Wifi    ( 3458): Failed to read packet and byte counts from wifi interface
W/Wifi    ( 3458): Failed to read packet and byte counts from wifi interface
W/Wifi    ( 3458): Failed to read packet and byte counts from wifi interface
I/ProcessStatsService(  451): Prepared write state in 11ms
W/Wifi    ( 3458): Failed to read packet and byte counts from wifi interface
W/Wifi    ( 3458): Failed to read packet and byte counts from wifi interface
W/Wifi    ( 3458): Failed to read packet and byte counts from wifi interface
W/Wifi    ( 3458): Failed to read packet and byte counts from wifi interface
W/Wifi    ( 3458): Failed to read packet and byte counts from wifi interface
W/Wifi    ( 3458): Failed to read packet and byte counts from wifi interface
I/AsyncOpDispatcher(  965): 35-GetDeviceDataUploadOptInStatusOperation
I/AsyncOpDispatcher(  965): 35-GetDeviceDataUploadOptInStatusOperation
D/AndroidRuntime(22041): >>>>>> START com.android.internal.os.RuntimeInit uid 2000 <<<<<<
D/AndroidRuntime(22041): CheckJNI is OFF
D/AndroidRuntime(22041): Calling main entry com.android.commands.am.Am
I/Trepn   (21367): Trepn 6.2s: Received intent: com.quicinc.trepn.stop_profiling
I/Trepn   (21367): Trepn 6.2s: Trepn has Stopped Profiling.
D/AndroidRuntime(22041): Shutting down VM
W/Wifi    ( 3458): Failed to read packet and byte counts from wifi interface
D/AndroidRuntime(22068): >>>>>> START com.android.internal.os.RuntimeInit uid 2000 <<<<<<
D/AndroidRuntime(22068): CheckJNI is OFF
D/AndroidRuntime(22068): Calling main entry com.android.commands.am.Am
I/ActivityManager(  451): Force stopping com.android.chrome appid=10035 user=0: from pid 22068
I/ActivityManager(  451): Killing 21555:com.android.chrome:privileged_process0/u0a35 (adj 0): stop com.android.chrome
W/cr_ChildProcessConn(21474): onServiceDisconnected (crash or killed by oom): pid=21555
W/chromium(21474): [WARNING:compositor_view.cc(255)] Child process disconnected (type=9) pid=21555)
W/ActivityManager(  451): Scheduling restart of crashed service com.android.chrome/org.chromium.content.app.PrivilegedProcessService0 in 1000ms
I/ActivityManager(  451): Killing 21474:com.android.chrome/u0a35 (adj 0): stop com.android.chrome
D/ConnectivityService(  451): ConnectivityService NetworkRequestInfo binderDied(NetworkRequest [ id=53, legacyType=-1, [ Capabilities: INTERNET&NOT_RESTRICTED&TRUSTED] ], android.os.BinderProxy@5a38de5)
I/WindowState(  451): WIN DEATH: Window{db6e9b3 u0 SurfaceView}
D/ConnectivityService(  451): releasing NetworkRequest NetworkRequest [ id=53, legacyType=-1, [ Capabilities: INTERNET&NOT_RESTRICTED&TRUSTED] ]
D/ConnectivityService(  451): ConnectivityService NetworkRequestInfo binderDied(NetworkRequest [ id=56, legacyType=-1, [ Capabilities: INTERNET&NOT_RESTRICTED&TRUSTED] ], android.os.BinderProxy@1ffd60ba)
E/ConnectivityService(  451): RemoteException caught trying to send a callback msg for NetworkRequest [ id=53, legacyType=-1, [ Capabilities: INTERNET&NOT_RESTRICTED&TRUSTED] ]
D/ConnectivityService(  451): releasing NetworkRequest NetworkRequest [ id=56, legacyType=-1, [ Capabilities: INTERNET&NOT_RESTRICTED&TRUSTED] ]
E/ConnectivityService(  451): RemoteException caught trying to send a callback msg for NetworkRequest [ id=56, legacyType=-1, [ Capabilities: INTERNET&NOT_RESTRICTED&TRUSTED] ]
I/WindowState(  451): WIN DEATH: Window{2a1aacd4 u0 com.android.chrome/org.chromium.chrome.browser.ChromeTabbedActivity}
E/lowmemorykiller(  149): Error opening /proc/21704/oom_score_adj; errno=2
W/ActivityManager(  451): Exception when unbinding service com.android.chrome/org.chromium.content.app.SandboxedProcessService0
W/ActivityManager(  451): android.os.DeadObjectException
W/ActivityManager(  451): 	at android.os.BinderProxy.transactNative(Native Method)
W/ActivityManager(  451): 	at android.os.BinderProxy.transact(Binder.java:496)
W/ActivityManager(  451): 	at android.app.ApplicationThreadProxy.scheduleUnbindService(ApplicationThreadNative.java:921)
W/ActivityManager(  451): 	at com.android.server.am.ActiveServices.removeConnectionLocked(ActiveServices.java:1795)
W/ActivityManager(  451): 	at com.android.server.am.ActiveServices.killServicesLocked(ActiveServices.java:2193)
W/ActivityManager(  451): 	at com.android.server.am.ActivityManagerService.cleanUpApplicationRecordLocked(ActivityManagerService.java:14895)
W/ActivityManager(  451): 	at com.android.server.am.ActivityManagerService.handleAppDiedLocked(ActivityManagerService.java:4552)
W/ActivityManager(  451): 	at com.android.server.am.ActivityManagerService.removeProcessLocked(ActivityManagerService.java:5789)
W/ActivityManager(  451): 	at com.android.server.am.ActivityManagerService.killPackageProcessesLocked(ActivityManagerService.java:5594)
W/ActivityManager(  451): 	at com.android.server.am.ActivityManagerService.forceStopPackageLocked(ActivityManagerService.java:5655)
W/ActivityManager(  451): 	at com.android.server.am.ActivityManagerService.forceStopPackageLocked(ActivityManagerService.java:5499)
W/ActivityManager(  451): 	at com.android.server.am.ActivityManagerService.forceStopPackage(ActivityManagerService.java:5309)
W/ActivityManager(  451): 	at android.app.ActivityManagerNative.onTransact(ActivityManagerNative.java:1461)
W/ActivityManager(  451): 	at com.android.server.am.ActivityManagerService.onTransact(ActivityManagerService.java:2208)
W/ActivityManager(  451): 	at android.os.Binder.execTransact(Binder.java:446)
E/lowmemorykiller(  149): Error opening /proc/21704/oom_score_adj; errno=2
E/lowmemorykiller(  149): Error opening /proc/21853/oom_score_adj; errno=2
E/lowmemorykiller(  149): Error opening /proc/21853/oom_score_adj; errno=2
W/ActivityManager(  451): Exception when unbinding service com.android.chrome/org.chromium.content.app.SandboxedProcessService2
W/ActivityManager(  451): android.os.DeadObjectException
W/ActivityManager(  451): 	at android.os.BinderProxy.transactNative(Native Method)
W/ActivityManager(  451): 	at android.os.BinderProxy.transact(Binder.java:496)
W/ActivityManager(  451): 	at android.app.ApplicationThreadProxy.scheduleUnbindService(ApplicationThreadNative.java:921)
W/ActivityManager(  451): 	at com.android.server.am.ActiveServices.removeConnectionLocked(ActiveServices.java:1795)
W/ActivityManager(  451): 	at com.android.server.am.ActiveServices.killServicesLocked(ActiveServices.java:2193)
W/ActivityManager(  451): 	at com.android.server.am.ActivityManagerService.cleanUpApplicationRecordLocked(ActivityManagerService.java:14895)
W/ActivityManager(  451): 	at com.android.server.am.ActivityManagerService.handleAppDiedLocked(ActivityManagerService.java:4552)
W/ActivityManager(  451): 	at com.android.server.am.ActivityManagerService.removeProcessLocked(ActivityManagerService.java:5789)
W/ActivityManager(  451): 	at com.android.server.am.ActivityManagerService.killPackageProcessesLocked(ActivityManagerService.java:5594)
W/ActivityManager(  451): 	at com.android.server.am.ActivityManagerService.forceStopPackageLocked(ActivityManagerService.java:5655)
W/ActivityManager(  451): 	at com.android.server.am.ActivityManagerService.forceStopPackageLocked(ActivityManagerService.java:5499)
W/ActivityManager(  451): 	at com.android.server.am.ActivityManagerService.forceStopPackage(ActivityManagerService.java:5309)
W/ActivityManager(  451): 	at android.app.ActivityManagerNative.onTransact(ActivityManagerNative.java:1461)
W/ActivityManager(  451): 	at com.android.server.am.ActivityManagerService.onTransact(ActivityManagerService.java:2208)
W/ActivityManager(  451): 	at android.os.Binder.execTransact(Binder.java:446)
I/ActivityManager(  451): Killing 21704:com.android.chrome:sandboxed_process0/u0a35i32 (adj 9): isolated not needed
W/libprocessgroup(  451): failed to open /acct/uid_10035/pid_21704/cgroup.procs: No such file or directory
E/lowmemorykiller(  149): Error opening /proc/21853/oom_score_adj; errno=2
W/ActivityManager(  451): Force removing ActivityRecord{17db8fd1 u0 com.android.chrome/org.chromium.chrome.browser.ChromeTabbedActivity t3049}: app died, no saved state
E/lowmemorykiller(  149): Error opening /proc/21853/oom_score_adj; errno=2
I/ActivityManager(  451): Killing 21853:com.android.chrome:sandboxed_process2/u0a35i34 (adj 9): isolated not needed
W/libprocessgroup(  451): failed to open /acct/uid_10035/pid_21853/cgroup.procs: No such file or directory
W/ActivityManager(  451): Spurious death for ProcessRecord{1fe01355 21555:com.android.chrome:privileged_process0/u0a35}, curProc for 21555: null
W/ActivityManager(  451): Unbind failed: could not find connection for android.os.BinderProxy@1e272203
W/ActivityManager(  451): Spurious death for ProcessRecord{399a16a1 21474:com.android.chrome/u0a35}, curProc for 21474: null
D/AndroidRuntime(22068): Shutting down VM
W/Wifi    ( 3458): Failed to read packet and byte counts from wifi interface
W/InputMethodManagerService(  451): Got RemoteException sending setActive(false) notification to pid 21474 uid 10035
W/SessionLifecycleManager( 1007): Handover failed. Creating new session controller.
I/OptInState( 1007): There is a new client and it does not support opt-in. Dropping request.
W/LocationOracle( 1007): No location history returned by ContextManager
I/MicroDetectionWorker( 1007): #updateMicroDetector [detectionMode: [mDetectionMode: [1]]]
I/MicroDetectionWorker( 1007): #startMicroDetector [speakerMode: 0]
D/BluetoothAdapter( 1007): 970327271: getState() :  mService = null. Returning STATE_OFF
D/BluetoothAdapter( 1007): 970327271: getState() :  mService = null. Returning STATE_OFF
I/VoiceSearchSettings( 1007): Hotword upgrade key is null!
I/MicroDetectionWorker( 1007): onReady
D/BluetoothAdapter( 1007): 970327271: getState() :  mService = null. Returning STATE_OFF
I/VoiceSearchSettings( 1007): Hotword upgrade key is null!
D/BluetoothAdapter( 1007): 970327271: getState() :  mService = null. Returning STATE_OFF
I/MicroRecognitionRunner( 1007): Starting detection.
I/MicrophoneInputStream( 1007): mic_starting com.google.android.apps.gsa.speech.audio.af@18b545bf
I/AudioFlinger(  205): AudioFlinger's thread 0xabba65f8 ready to run
I/SoundTriggerHwService::Module(  205): void android::SoundTriggerHwService::Module::onCallbackEvent(const android::sp<android::SoundTriggerHwService::CallbackEvent>&) mClient == 0
I/MicrophoneInputStream( 1007): mic_started com.google.android.apps.gsa.speech.audio.af@18b545bf
W/ctxmgr  (  965): [AclManager]No 3 for (accnt=account#-517948760#, com.google.android.gms(10008):UserVelocityProducer, vrsn=12685011, 0, 3pPkg = null ,  3pMdlId = null ,  pid = 965). Was: 3 for 1, account#-517948760#
E/SQLiteLog(  965): (2067) abort at 35 in [INSERT INTO context(context_name,end_time,context_family,module_id,version,sync_state_mod_time_millis,start_time,sync_state,context_id,time_type,proto_blob) VALUES (?,?,?,?,?,?,?,?,?,?,?)]: UNI
E/SQLiteLog(  965): (2067) abort at 35 in [INSERT INTO context(context_name,end_time,context_family,module_id,version,sync_state_mod_time_millis,start_time,sync_state,context_id,time_type,proto_blob) VALUES (?,?,?,?,?,?,?,?,?,?,?)]: UNI
E/SQLiteLog(  965): (2067) abort at 35 in [INSERT INTO context(context_name,end_time,context_family,module_id,version,sync_state_mod_time_millis,start_time,sync_state,context_id,time_type,proto_blob) VALUES (?,?,?,?,?,?,?,?,?,?,?)]: UNI
I/AsyncOpDispatcher(  965): 67-RequestPlaceUpdates
D/AndroidRuntime(22088): >>>>>> START com.android.internal.os.RuntimeInit uid 2000 <<<<<<
I/GeofencerStateMachine(  965): removeGeofences: removeRequest=RemoveGeofencingRequest[REMOVE_BY_PENDING_INTENT pendingIntent=PendingIntent[creatorPackage=com.google.android.gms], packageName=null]
I/GeofencerStateMachine(  965): removeGeofences: removeRequest=RemoveGeofencingRequest[REMOVE_BY_PENDING_INTENT pendingIntent=PendingIntent[creatorPackage=com.google.android.gms], packageName=null]
D/AndroidRuntime(22088): CheckJNI is OFF
I/MicroDetectionWorker( 1007): onReady
I/PlaceInferenceEngine(  965): [anon] Changed inference mode: 0
I/AsyncOpDispatcher(  965): 67-RequestPlaceUpdates
I/Places  (  965): ?: PlacesBleScanner start() with priority 2
I/PlaceInferenceEngine(  965): [anon] Changed inference mode: 1
D/BluetoothAdapter(  965): 403087025: getState() :  mService = null. Returning STATE_OFF
I/BeaconBle(  965): Using BLE 'L' hardware layer
I/Places  (  965): Converted 0 out of 8 WiFi scans
I/PlaceInferenceEngine(  965): [anon] Changed inference mode: 1
I/BeaconBle(  965): Client requested scan, settings=BleSettings [scanMode=ZERO_POWER, callbackType=ALL_MATCHES, reportDelayMillis=0, 1 filters, 0 clients, callingClientName=Places]
E/BeaconBle(  965): Scan couldn't start for Places
W/Places  (  965): BLE failure while scanning - code 5
W/OpenGLRenderer(  902): Incorrectly called buildLayer on View: ShortcutAndWidgetContainer, destroying layer...
I/art     (  451): Explicit concurrent mark sweep GC freed 100899(4MB) AllocSpace objects, 36(4MB) LOS objects, 33% free, 25MB/38MB, paused 670us total 104.457ms
W/System.err( 1965): android.content.pm.PackageManager$NameNotFoundException
W/System.err( 1965): 	at android.app.ApplicationPackageManager.getPackageInfo(ApplicationPackageManager.java:114)
W/System.err( 1965): 	at com.estrongs.android.pop.app.c.ai.c(Unknown Source)
W/System.err( 1965): 	at com.estrongs.android.pop.app.c.ai.a(Unknown Source)
W/System.err( 1965): 	at com.estrongs.android.pop.app.scene.e.q.a(Unknown Source)
W/System.err( 1965): 	at com.estrongs.android.scanner.c.m.run(Unknown Source)
W/System.err( 1965): 	at java.util.concurrent.ThreadPoolExecutor.runWorker(ThreadPoolExecutor.java:1112)
W/System.err( 1965): 	at java.util.concurrent.ThreadPoolExecutor$Worker.run(ThreadPoolExecutor.java:587)
W/System.err( 1965): 	at java.lang.Thread.run(Thread.java:818)
I/PlaceInferenceEngine(  965): No beacon scan available - ignoring candidates.
D/AndroidRuntime(22088): Calling main entry com.android.commands.pm.Pm
I/ActivityManager(  451): Force stopping com.android.chrome appid=10035 user=0: clear data
D/TaskPersister(  451): removeObsoleteFile: deleting file=3049_task.xml
D/TaskPersister(  451): removeObsoleteFile: deleting file=3049_task_thumbnail.png
I/GeofencerStateMachine(  965): removeGeofences: removeRequest=RemoveGeofencingRequest[REMOVE_ALL packageName=com.android.chrome]
D/Documents( 8705): Update found 8 roots in 21ms
W/Wifi    ( 3458): Failed to read packet and byte counts from wifi interface
I/LocationSettingsChecker(  987): Removing dialog suppression flag for package com.android.chrome
I/art     (22088): System.exit called, status: 0
I/AndroidRuntime(22088): VM exiting with result code 0.
I/Icing   (  987): doRemovePackageData com.android.chrome
I/Icing   (  987): Removing corpus key 94FBE96EEF13B8AC56FE8C01687FD8A6012559AC for package com.android.chrome
I/Icing   (  987): Flash index sort hb 5 prefix-hits 26 -> 19 at 9.497ms
I/Icing   (  987): updateResources: need to parse xax{com.android.chrome}
I/Icing   (  987): Indexing 94FBE96EEF13B8AC56FE8C01687FD8A6012559AC from com.android.chrome
I/ActivityManager(  451): Start proc 22121:com.android.chrome/u0a35 for content provider com.android.chrome/com.google.android.apps.chrome.icing.IcingProvider
W/DynamiteModule(22121): Local module descriptor class for com.google.android.gms.googlecertificates not found.
I/DynamiteModule(22121): Considering local module com.google.android.gms.googlecertificates:0 and remote module com.google.android.gms.googlecertificates:4
I/DynamiteModule(22121): Selected remote version of com.google.android.gms.googlecertificates, version >= 4
W/ResourcesManager(22121): Asset path '/system/framework/com.android.media.remotedisplay.jar' does not exist or contains no resources.
W/ResourcesManager(22121): Asset path '/system/framework/com.android.location.provider.jar' does not exist or contains no resources.
I/Icing   (  987): Indexing done 94FBE96EEF13B8AC56FE8C01687FD8A6012559AC
W/ctxmgr  (  965): [AclManager]No 2 for (accnt=account#-517948760#, com.google.android.gms(10008):PlacesProducer, vrsn=12685000, 0, 3pPkg = null ,  3pMdlId = null ,  pid = 965). Was: 3 for 18, account#-517948760#
W/Wifi    ( 3458): Failed to read packet and byte counts from wifi interface
D/ConnectivityService(  451): updateNetworkScore for NetworkAgentInfo [WIFI () - 100] to 60
D/ConnectivityService(  451): rematching NetworkAgentInfo [WIFI () - 100]
D/ConnectivityService(  451): Network NetworkAgentInfo [WIFI () - 100] was already satisfying request 1. No change.
D/ConnectivityService(  451): notifyType AVAILABLE for NetworkAgentInfo [WIFI () - 100]
D/ConnectivityManager.CallbackHandler(  627): CM callback handler got msg 524290
D/ConnectivityManager.CallbackHandler( 1007): CM callback handler got msg 524290
D/ConnectivityManager.CallbackHandler( 1965): CM callback handler got msg 524290
D/ConnectivityManager.CallbackHandler( 1965): CM callback handler got msg 524290
D/ConnectivityManager.CallbackHandler(  987): CM callback handler got msg 524290
D/ConnectivityManager.CallbackHandler(21335): CM callback handler got msg 524290
D/ConnectivityManager.CallbackHandler(  987): CM callback handler got msg 524290
D/ConnectivityManager.CallbackHandler(  987): CM callback handler got msg 524290
W/Wifi    ( 3458): Failed to read packet and byte counts from wifi interface
W/Wifi    ( 3458): Failed to read packet and byte counts from wifi interface
D/AndroidRuntime(22156): >>>>>> START com.android.internal.os.RuntimeInit uid 2000 <<<<<<
D/AndroidRuntime(22156): CheckJNI is OFF
D/AndroidRuntime(22156): Calling main entry com.android.commands.am.Am
I/Trepn   (21367): Trepn 6.2s: Received intent: com.quicinc.trepn.export_to_csv; filename: Trepn_2018.06.11_114559.db; filename: HT4AMJT02334_Trepn_2018.06.11_114559.csv
D/AndroidRuntime(22156): Shutting down VM
W/Wifi    ( 3458): Failed to read packet and byte counts from wifi interface
W/FileUtils(21367): Failed to chmod(/storage/emulated/0/trepn/Trepn_2018.06.11_114559.db): android.system.ErrnoException: chmod failed: EPERM (Operation not permitted)
E/WifiStateMachine(  451): WifiStateMachine CMD_START_SCAN source -2 txSuccessRate=11.75 rxSuccessRate=24.10 targetRoamBSSID=f0:9f:c2:f4:cd:d7 RSSI=-59
W/Wifi    ( 3458): Failed to read packet and byte counts from wifi interface
W/System.err( 1965): android.content.pm.PackageManager$NameNotFoundException
W/System.err( 1965): 	at android.app.ApplicationPackageManager.getPackageInfo(ApplicationPackageManager.java:114)
W/System.err( 1965): 	at com.estrongs.android.pop.app.c.ai.c(Unknown Source)
W/System.err( 1965): 	at com.estrongs.android.pop.app.c.ai.a(Unknown Source)
W/System.err( 1965): 	at com.estrongs.android.pop.app.scene.e.q.a(Unknown Source)
W/System.err( 1965): 	at com.estrongs.android.scanner.c.m.run(Unknown Source)
W/System.err( 1965): 	at java.util.concurrent.ThreadPoolExecutor.runWorker(ThreadPoolExecutor.java:1112)
W/System.err( 1965): 	at java.util.concurrent.ThreadPoolExecutor$Worker.run(ThreadPoolExecutor.java:587)
W/System.err( 1965): 	at java.lang.Thread.run(Thread.java:818)
W/Wifi    ( 3458): Failed to read packet and byte counts from wifi interface
W/System.err( 1965): android.content.pm.PackageManager$NameNotFoundException
W/System.err( 1965): 	at android.app.ApplicationPackageManager.getPackageInfo(ApplicationPackageManager.java:114)
W/System.err( 1965): 	at com.estrongs.android.pop.app.c.ai.c(Unknown Source)
W/System.err( 1965): 	at com.estrongs.android.pop.app.c.ai.a(Unknown Source)
W/System.err( 1965): 	at com.estrongs.android.pop.app.scene.e.q.a(Unknown Source)
W/System.err( 1965): 	at com.estrongs.android.scanner.c.m.run(Unknown Source)
W/System.err( 1965): 	at java.util.concurrent.ThreadPoolExecutor.runWorker(ThreadPoolExecutor.java:1112)
W/System.err( 1965): 	at java.util.concurrent.ThreadPoolExecutor$Worker.run(ThreadPoolExecutor.java:587)
W/System.err( 1965): 	at java.lang.Thread.run(Thread.java:818)
W/System.err( 1965): android.content.pm.PackageManager$NameNotFoundException
W/System.err( 1965): 	at android.app.ApplicationPackageManager.getPackageInfo(ApplicationPackageManager.java:114)
W/System.err( 1965): 	at com.estrongs.android.pop.app.c.ai.c(Unknown Source)
W/System.err( 1965): 	at com.estrongs.android.pop.app.c.ai.a(Unknown Source)
W/System.err( 1965): 	at com.estrongs.android.pop.app.scene.e.q.a(Unknown Source)
W/System.err( 1965): 	at com.estrongs.android.scanner.c.m.run(Unknown Source)
W/System.err( 1965): 	at java.util.concurrent.ThreadPoolExecutor.runWorker(ThreadPoolExecutor.java:1112)
W/System.err( 1965): 	at java.util.concurrent.ThreadPoolExecutor$Worker.run(ThreadPoolExecutor.java:587)
W/System.err( 1965): 	at java.lang.Thread.run(Thread.java:818)
W/Wifi    ( 3458): Failed to read packet and byte counts from wifi interface
W/Wifi    ( 3458): Failed to read packet and byte counts from wifi interface
W/Wifi    ( 3458): Failed to read packet and byte counts from wifi interface
W/Wifi    ( 3458): Failed to read packet and byte counts from wifi interface
D/ConnectivityService(  451): updateNetworkScore for NetworkAgentInfo [WIFI () - 100] to 56
D/ConnectivityService(  451): rematching NetworkAgentInfo [WIFI () - 100]
D/ConnectivityService(  451): Network NetworkAgentInfo [WIFI () - 100] was already satisfying request 1. No change.
D/ConnectivityService(  451): notifyType AVAILABLE for NetworkAgentInfo [WIFI () - 100]
D/ConnectivityManager.CallbackHandler(  627): CM callback handler got msg 524290
D/ConnectivityManager.CallbackHandler( 1007): CM callback handler got msg 524290
D/ConnectivityManager.CallbackHandler( 1965): CM callback handler got msg 524290
D/ConnectivityManager.CallbackHandler( 1965): CM callback handler got msg 524290
D/ConnectivityManager.CallbackHandler(21335): CM callback handler got msg 524290
D/ConnectivityManager.CallbackHandler(  987): CM callback handler got msg 524290
D/ConnectivityManager.CallbackHandler(  987): CM callback handler got msg 524290
D/ConnectivityManager.CallbackHandler(  987): CM callback handler got msg 524290
W/Wifi    ( 3458): Failed to read packet and byte counts from wifi interface
W/Wifi    ( 3458): Failed to read packet and byte counts from wifi interface
W/Wifi    ( 3458): Failed to read packet and byte counts from wifi interface
W/Wifi    ( 3458): Failed to read packet and byte counts from wifi interface
W/Wifi    ( 3458): Failed to read packet and byte counts from wifi interface
W/Wifi    ( 3458): Failed to read packet and byte counts from wifi interface
W/Wifi    ( 3458): Failed to read packet and byte counts from wifi interface
D/AndroidRuntime(22180): >>>>>> START com.android.internal.os.RuntimeInit uid 10089 <<<<<<
D/AndroidRuntime(22180): CheckJNI is OFF
D/AndroidRuntime(22180): Calling main entry com.android.commands.am.Am
D/AndroidRuntime(22180): Shutting down VM
W/Wifi    ( 3458): Failed to read packet and byte counts from wifi interface
W/Wifi    ( 3458): Failed to read packet and byte counts from wifi interface
D/ConnectivityService(  451): updateNetworkScore for NetworkAgentInfo [WIFI () - 100] to 60
D/ConnectivityService(  451): rematching NetworkAgentInfo [WIFI () - 100]
D/ConnectivityService(  451): Network NetworkAgentInfo [WIFI () - 100] was already satisfying request 1. No change.
D/ConnectivityService(  451): notifyType AVAILABLE for NetworkAgentInfo [WIFI () - 100]
D/ConnectivityManager.CallbackHandler( 1007): CM callback handler got msg 524290
D/ConnectivityManager.CallbackHandler(  627): CM callback handler got msg 524290
D/ConnectivityManager.CallbackHandler( 1965): CM callback handler got msg 524290
D/ConnectivityManager.CallbackHandler( 1965): CM callback handler got msg 524290
D/ConnectivityManager.CallbackHandler(21335): CM callback handler got msg 524290
D/ConnectivityManager.CallbackHandler(  987): CM callback handler got msg 524290
D/ConnectivityManager.CallbackHandler(  987): CM callback handler got msg 524290
D/ConnectivityManager.CallbackHandler(  987): CM callback handler got msg 524290
W/Wifi    ( 3458): Failed to read packet and byte counts from wifi interface
W/Wifi    ( 3458): Failed to read packet and byte counts from wifi interface
W/Wifi    ( 3458): Failed to read packet and byte counts from wifi interface
W/Wifi    ( 3458): Failed to read packet and byte counts from wifi interface
W/Wifi    ( 3458): Failed to read packet and byte counts from wifi interface
E/WifiStateMachine(  451): WifiStateMachine CMD_START_SCAN source -2 txSuccessRate=0.78 rxSuccessRate=7.61 targetRoamBSSID=f0:9f:c2:f4:cd:d7 RSSI=-60
W/Wifi    ( 3458): Failed to read packet and byte counts from wifi interface
W/ctxmgr  (  965): [AclManager]No 2 for (accnt=account#-517948760#, com.google.android.gms(10008):IndoorOutdoorProducer, vrsn=12685000, 0, 3pPkg = null ,  3pMdlId = null ,  pid = 965). Was: 3 for 57, account#-517948760#
E/WifiNetworkScoreCache(  451): updateScores list size=1
W/Wifi    ( 3458): Failed to read packet and byte counts from wifi interface
W/Wifi    ( 3458): Failed to read packet and byte counts from wifi interface
W/Wifi    ( 3458): Failed to read packet and byte counts from wifi interface
W/Wifi    ( 3458): Failed to read packet and byte counts from wifi interface
W/Wifi    ( 3458): Failed to read packet and byte counts from wifi interface
W/Wifi    ( 3458): Failed to read packet and byte counts from wifi interface
W/Wifi    ( 3458): Failed to read packet and byte counts from wifi interface
W/Wifi    ( 3458): Failed to read packet and byte counts from wifi interface
W/Wifi    ( 3458): Failed to read packet and byte counts from wifi interface
W/Wifi    ( 3458): Failed to read packet and byte counts from wifi interface
W/Wifi    ( 3458): Failed to read packet and byte counts from wifi interface
W/Wifi    ( 3458): Failed to read packet and byte counts from wifi interface
W/Wifi    ( 3458): Failed to read packet and byte counts from wifi interface
W/Wifi    ( 3458): Failed to read packet and byte counts from wifi interface
W/Wifi    ( 3458): Failed to read packet and byte counts from wifi interface
W/Wifi    ( 3458): Failed to read packet and byte counts from wifi interface
W/Wifi    ( 3458): Failed to read packet and byte counts from wifi interface
W/Wifi    ( 3458): Failed to read packet and byte counts from wifi interface
W/Wifi    ( 3458): Failed to read packet and byte counts from wifi interface
E/WifiStateMachine(  451): WifiStateMachine CMD_START_SCAN source -2 txSuccessRate=0.94 rxSuccessRate=13.35 targetRoamBSSID=f0:9f:c2:f4:cd:d7 RSSI=-58
W/Wifi    ( 3458): Failed to read packet and byte counts from wifi interface
W/Wifi    ( 3458): Failed to read packet and byte counts from wifi interface
W/Wifi    ( 3458): Failed to read packet and byte counts from wifi interface
W/Wifi    ( 3458): Failed to read packet and byte counts from wifi interface
W/Wifi    ( 3458): Failed to read packet and byte counts from wifi interface
W/Wifi    ( 3458): Failed to read packet and byte counts from wifi interface
W/Wifi    ( 3458): Failed to read packet and byte counts from wifi interface
W/Wifi    ( 3458): Failed to read packet and byte counts from wifi interface
W/Wifi    ( 3458): Failed to read packet and byte counts from wifi interface
W/Wifi    ( 3458): Failed to read packet and byte counts from wifi interface
W/Wifi    ( 3458): Failed to read packet and byte counts from wifi interface
W/Wifi    ( 3458): Failed to read packet and byte counts from wifi interface
W/Wifi    ( 3458): Failed to read packet and byte counts from wifi interface
I/AsyncOpDispatcher(  965): 35-GetDeviceDataUploadOptInStatusOperation
I/AsyncOpDispatcher(  965): 35-GetDeviceDataUploadOptInStatusOperation
I/AsyncOpDispatcher(  965): 51-GetConfigurationSnapshotOperationCall
I/AsyncOpDispatcher(  965): 51-CommitToConfigurationOperationCall
W/Conscrypt(  965): Could not set socket write timeout: java.lang.reflect.InvocationTargetException
W/Conscrypt(  965): 	at java.lang.reflect.Method.invoke(Native Method)
W/Conscrypt(  965): 	at java.lang.reflect.Method.invoke(Method.java:372)
W/Conscrypt(  965): Caused by: android.system.ErrnoException: setsockopt failed: EBADF (Bad file number)
W/Conscrypt(  965): 	at libcore.io.Posix.setsockoptTimeval(Native Method)
W/Conscrypt(  965): 	at libcore.io.ForwardingOs.setsockoptTimeval(ForwardingOs.java:147)
W/Conscrypt(  965): Could not set socket write timeout: java.lang.reflect.InvocationTargetException
W/Conscrypt(  965): 	at java.lang.reflect.Method.invoke(Native Method)
W/Conscrypt(  965): 	at java.lang.reflect.Method.invoke(Method.java:372)
W/Conscrypt(  965): Caused by: android.system.ErrnoException: setsockopt failed: EBADF (Bad file number)
W/Conscrypt(  965): 	at libcore.io.Posix.setsockoptTimeval(Native Method)
W/Conscrypt(  965): 	at libcore.io.ForwardingOs.setsockoptTimeval(ForwardingOs.java:147)
W/Wifi    ( 3458): Failed to read packet and byte counts from wifi interface
W/Conscrypt(  965): Could not set socket write timeout: java.lang.reflect.InvocationTargetException
W/Conscrypt(  965): 	at java.lang.reflect.Method.invoke(Native Method)
W/Conscrypt(  965): 	at java.lang.reflect.Method.invoke(Method.java:372)
W/Conscrypt(  965): Caused by: android.system.ErrnoException: setsockopt failed: EBADF (Bad file number)
W/Conscrypt(  965): 	at libcore.io.Posix.setsockoptTimeval(Native Method)
W/Conscrypt(  965): 	at libcore.io.ForwardingOs.setsockoptTimeval(ForwardingOs.java:147)
W/Conscrypt(  965): Could not set socket write timeout: java.lang.reflect.InvocationTargetException
W/Conscrypt(  965): 	at java.lang.reflect.Method.invoke(Native Method)
W/Conscrypt(  965): 	at java.lang.reflect.Method.invoke(Method.java:372)
W/Conscrypt(  965): Caused by: android.system.ErrnoException: setsockopt failed: EBADF (Bad file number)
W/Conscrypt(  965): 	at libcore.io.Posix.setsockoptTimeval(Native Method)
W/Conscrypt(  965): 	at libcore.io.ForwardingOs.setsockoptTimeval(ForwardingOs.java:147)
W/Wifi    ( 3458): Failed to read packet and byte counts from wifi interface
W/Wifi    ( 3458): Failed to read packet and byte counts from wifi interface
W/Wifi    ( 3458): Failed to read packet and byte counts from wifi interface
W/Wifi    ( 3458): Failed to read packet and byte counts from wifi interface
W/Wifi    ( 3458): Failed to read packet and byte counts from wifi interface
W/Wifi    ( 3458): Failed to read packet and byte counts from wifi interface
E/WifiStateMachine(  451): WifiStateMachine CMD_START_SCAN source -2 txSuccessRate=15.26 rxSuccessRate=30.46 targetRoamBSSID=f0:9f:c2:f4:cd:d7 RSSI=-59
W/Wifi    ( 3458): Failed to read packet and byte counts from wifi interface
W/Wifi    ( 3458): Failed to read packet and byte counts from wifi interface
W/Wifi    ( 3458): Failed to read packet and byte counts from wifi interface
W/Wifi    ( 3458): Failed to read packet and byte counts from wifi interface
W/Wifi    ( 3458): Failed to read packet and byte counts from wifi interface
W/Wifi    ( 3458): Failed to read packet and byte counts from wifi interface
D/ConnectivityService(  451): updateNetworkScore for NetworkAgentInfo [WIFI () - 100] to 56
D/ConnectivityService(  451): rematching NetworkAgentInfo [WIFI () - 100]
D/ConnectivityService(  451): Network NetworkAgentInfo [WIFI () - 100] was already satisfying request 1. No change.
D/ConnectivityService(  451): notifyType AVAILABLE for NetworkAgentInfo [WIFI () - 100]
D/ConnectivityManager.CallbackHandler(  627): CM callback handler got msg 524290
D/ConnectivityManager.CallbackHandler( 1007): CM callback handler got msg 524290
D/ConnectivityManager.CallbackHandler(  987): CM callback handler got msg 524290
D/ConnectivityManager.CallbackHandler( 1965): CM callback handler got msg 524290
D/ConnectivityManager.CallbackHandler( 1965): CM callback handler got msg 524290
D/ConnectivityManager.CallbackHandler(21335): CM callback handler got msg 524290
D/ConnectivityManager.CallbackHandler(  987): CM callback handler got msg 524290
D/ConnectivityManager.CallbackHandler(  987): CM callback handler got msg 524290
W/Wifi    ( 3458): Failed to read packet and byte counts from wifi interface
W/Wifi    ( 3458): Failed to read packet and byte counts from wifi interface
W/Wifi    ( 3458): Failed to read packet and byte counts from wifi interface
W/Wifi    ( 3458): Failed to read packet and byte counts from wifi interface
W/Wifi    ( 3458): Failed to read packet and byte counts from wifi interface
W/Wifi    ( 3458): Failed to read packet and byte counts from wifi interface
W/Wifi    ( 3458): Failed to read packet and byte counts from wifi interface
W/Wifi    ( 3458): Failed to read packet and byte counts from wifi interface
W/Wifi    ( 3458): Failed to read packet and byte counts from wifi interface
W/Wifi    ( 3458): Failed to read packet and byte counts from wifi interface
W/Wifi    ( 3458): Failed to read packet and byte counts from wifi interface
W/Wifi    ( 3458): Failed to read packet and byte counts from wifi interface
W/Wifi    ( 3458): Failed to read packet and byte counts from wifi interface
W/Wifi    ( 3458): Failed to read packet and byte counts from wifi interface
E/WifiStateMachine(  451): WifiStateMachine CMD_START_SCAN source -2 txSuccessRate=0.12 rxSuccessRate=4.45 targetRoamBSSID=f0:9f:c2:f4:cd:d7 RSSI=-62
W/Wifi    ( 3458): Failed to read packet and byte counts from wifi interface
W/Wifi    ( 3458): Failed to read packet and byte counts from wifi interface
D/ConnectivityService(  451): updateNetworkScore for NetworkAgentInfo [WIFI () - 100] to 60
D/ConnectivityService(  451): rematching NetworkAgentInfo [WIFI () - 100]
D/ConnectivityService(  451): Network NetworkAgentInfo [WIFI () - 100] was already satisfying request 1. No change.
D/ConnectivityService(  451): notifyType AVAILABLE for NetworkAgentInfo [WIFI () - 100]
D/ConnectivityManager.CallbackHandler(  987): CM callback handler got msg 524290
D/ConnectivityManager.CallbackHandler(  987): CM callback handler got msg 524290
D/ConnectivityManager.CallbackHandler(  627): CM callback handler got msg 524290
D/ConnectivityManager.CallbackHandler( 1007): CM callback handler got msg 524290
D/ConnectivityManager.CallbackHandler( 1965): CM callback handler got msg 524290
D/ConnectivityManager.CallbackHandler(21335): CM callback handler got msg 524290
D/ConnectivityManager.CallbackHandler( 1965): CM callback handler got msg 524290
D/ConnectivityManager.CallbackHandler(  987): CM callback handler got msg 524290
W/Wifi    ( 3458): Failed to read packet and byte counts from wifi interface
W/Wifi    ( 3458): Failed to read packet and byte counts from wifi interface
W/Wifi    ( 3458): Failed to read packet and byte counts from wifi interface
D/ConnectivityService(  451): updateNetworkScore for NetworkAgentInfo [WIFI () - 100] to 56
D/ConnectivityService(  451): rematching NetworkAgentInfo [WIFI () - 100]
D/ConnectivityService(  451): Network NetworkAgentInfo [WIFI () - 100] was already satisfying request 1. No change.
D/ConnectivityService(  451): notifyType AVAILABLE for NetworkAgentInfo [WIFI () - 100]
D/ConnectivityManager.CallbackHandler(  627): CM callback handler got msg 524290
D/ConnectivityManager.CallbackHandler( 1007): CM callback handler got msg 524290
D/ConnectivityManager.CallbackHandler( 1965): CM callback handler got msg 524290
D/ConnectivityManager.CallbackHandler( 1965): CM callback handler got msg 524290
D/ConnectivityManager.CallbackHandler(21335): CM callback handler got msg 524290
D/ConnectivityManager.CallbackHandler(  987): CM callback handler got msg 524290
D/ConnectivityManager.CallbackHandler(  987): CM callback handler got msg 524290
D/ConnectivityManager.CallbackHandler(  987): CM callback handler got msg 524290
W/Wifi    ( 3458): Failed to read packet and byte counts from wifi interface
W/Wifi    ( 3458): Failed to read packet and byte counts from wifi interface
W/Wifi    ( 3458): Failed to read packet and byte counts from wifi interface
W/Wifi    ( 3458): Failed to read packet and byte counts from wifi interface
W/Wifi    ( 3458): Failed to read packet and byte counts from wifi interface
W/Wifi    ( 3458): Failed to read packet and byte counts from wifi interface
W/Wifi    ( 3458): Failed to read packet and byte counts from wifi interface
W/Wifi    ( 3458): Failed to read packet and byte counts from wifi interface
W/Wifi    ( 3458): Failed to read packet and byte counts from wifi interface
W/Wifi    ( 3458): Failed to read packet and byte counts from wifi interface
W/Wifi    ( 3458): Failed to read packet and byte counts from wifi interface
W/Wifi    ( 3458): Failed to read packet and byte counts from wifi interface
W/Wifi    ( 3458): Failed to read packet and byte counts from wifi interface
E/WakeLock(  965): release without a matched acquire!
W/Wifi    ( 3458): Failed to read packet and byte counts from wifi interface
W/Wifi    ( 3458): Failed to read packet and byte counts from wifi interface
E/WifiStateMachine(  451): WifiStateMachine CMD_START_SCAN source -2 txSuccessRate=1.56 rxSuccessRate=7.73 targetRoamBSSID=f0:9f:c2:f4:cd:d7 RSSI=-61
W/Wifi    ( 3458): Failed to read packet and byte counts from wifi interface
W/Wifi    ( 3458): Failed to read packet and byte counts from wifi interface
W/Wifi    ( 3458): Failed to read packet and byte counts from wifi interface
W/Wifi    ( 3458): Failed to read packet and byte counts from wifi interface
W/Wifi    ( 3458): Failed to read packet and byte counts from wifi interface
W/Wifi    ( 3458): Failed to read packet and byte counts from wifi interface
D/ConnectivityService(  451): updateNetworkScore for NetworkAgentInfo [WIFI () - 100] to 60
D/ConnectivityService(  451): rematching NetworkAgentInfo [WIFI () - 100]
D/ConnectivityService(  451): Network NetworkAgentInfo [WIFI () - 100] was already satisfying request 1. No change.
D/ConnectivityService(  451): notifyType AVAILABLE for NetworkAgentInfo [WIFI () - 100]
D/ConnectivityManager.CallbackHandler(  627): CM callback handler got msg 524290
D/ConnectivityManager.CallbackHandler( 1007): CM callback handler got msg 524290
D/ConnectivityManager.CallbackHandler(  987): CM callback handler got msg 524290
D/ConnectivityManager.CallbackHandler( 1965): CM callback handler got msg 524290
D/ConnectivityManager.CallbackHandler(  987): CM callback handler got msg 524290
D/ConnectivityManager.CallbackHandler(21335): CM callback handler got msg 524290
D/ConnectivityManager.CallbackHandler( 1965): CM callback handler got msg 524290
D/ConnectivityManager.CallbackHandler(  987): CM callback handler got msg 524290
W/Wifi    ( 3458): Failed to read packet and byte counts from wifi interface
W/Wifi    ( 3458): Failed to read packet and byte counts from wifi interface
W/Wifi    ( 3458): Failed to read packet and byte counts from wifi interface
D/ConnectivityService(  451): updateNetworkScore for NetworkAgentInfo [WIFI () - 100] to 56
D/ConnectivityService(  451): rematching NetworkAgentInfo [WIFI () - 100]
D/ConnectivityService(  451): Network NetworkAgentInfo [WIFI () - 100] was already satisfying request 1. No change.
D/ConnectivityService(  451): notifyType AVAILABLE for NetworkAgentInfo [WIFI () - 100]
D/ConnectivityManager.CallbackHandler(  627): CM callback handler got msg 524290
D/ConnectivityManager.CallbackHandler( 1007): CM callback handler got msg 524290
D/ConnectivityManager.CallbackHandler( 1965): CM callback handler got msg 524290
D/ConnectivityManager.CallbackHandler( 1965): CM callback handler got msg 524290
D/ConnectivityManager.CallbackHandler(  987): CM callback handler got msg 524290
D/ConnectivityManager.CallbackHandler(  987): CM callback handler got msg 524290
D/ConnectivityManager.CallbackHandler(21335): CM callback handler got msg 524290
D/ConnectivityManager.CallbackHandler(  987): CM callback handler got msg 524290
E/tegra_memtrack_hal(  451): failed to read header for pid 451: Operation not permitted
E/tegra_memtrack_hal(  451): failed to read header for pid 451: Operation not permitted
E/tegra_memtrack_hal(  451): failed to read header for pid 451: Operation not permitted
E/tegra_memtrack_hal(  451): failed to read header for pid 451: Operation not permitted
E/tegra_memtrack_hal(  451): failed to read header for pid 451: Operation not permitted
W/Wifi    ( 3458): Failed to read packet and byte counts from wifi interface
W/Wifi    ( 3458): Failed to read packet and byte counts from wifi interface
W/Wifi    ( 3458): Failed to read packet and byte counts from wifi interface
W/Wifi    ( 3458): Failed to read packet and byte counts from wifi interface
I/AsyncOpDispatcher(  965): 35-GetDeviceDataUploadOptInStatusOperation
I/AsyncOpDispatcher(  965): 35-GetDeviceDataUploadOptInStatusOperation
W/Wifi    ( 3458): Failed to read packet and byte counts from wifi interface
W/Wifi    ( 3458): Failed to read packet and byte counts from wifi interface
W/Wifi    ( 3458): Failed to read packet and byte counts from wifi interface
W/Wifi    ( 3458): Failed to read packet and byte counts from wifi interface
W/Wifi    ( 3458): Failed to read packet and byte counts from wifi interface
D/ConnectivityService(  451): updateNetworkScore for NetworkAgentInfo [WIFI () - 100] to 60
D/ConnectivityService(  451): rematching NetworkAgentInfo [WIFI () - 100]
D/ConnectivityService(  451): Network NetworkAgentInfo [WIFI () - 100] was already satisfying request 1. No change.
D/ConnectivityService(  451): notifyType AVAILABLE for NetworkAgentInfo [WIFI () - 100]
D/ConnectivityManager.CallbackHandler( 1007): CM callback handler got msg 524290
D/ConnectivityManager.CallbackHandler(  987): CM callback handler got msg 524290
D/ConnectivityManager.CallbackHandler(  627): CM callback handler got msg 524290
D/ConnectivityManager.CallbackHandler( 1965): CM callback handler got msg 524290
D/ConnectivityManager.CallbackHandler( 1965): CM callback handler got msg 524290
D/ConnectivityManager.CallbackHandler(21335): CM callback handler got msg 524290
D/ConnectivityManager.CallbackHandler(  987): CM callback handler got msg 524290
D/ConnectivityManager.CallbackHandler(  987): CM callback handler got msg 524290
W/Wifi    ( 3458): Failed to read packet and byte counts from wifi interface
W/Wifi    ( 3458): Failed to read packet and byte counts from wifi interface
E/WifiStateMachine(  451): WifiStateMachine CMD_START_SCAN source -2 txSuccessRate=0.09 rxSuccessRate=7.32 targetRoamBSSID=f0:9f:c2:f4:cd:d7 RSSI=-60
W/Wifi    ( 3458): Failed to read packet and byte counts from wifi interface
W/Wifi    ( 3458): Failed to read packet and byte counts from wifi interface
D/AndroidRuntime(22654): >>>>>> START com.android.internal.os.RuntimeInit uid 2000 <<<<<<
D/AndroidRuntime(22654): CheckJNI is OFF
W/Wifi    ( 3458): Failed to read packet and byte counts from wifi interface
D/AndroidRuntime(22654): Calling main entry com.android.commands.am.Am
I/ActivityManager(  451): Force stopping com.android.chrome appid=10035 user=0: from pid 22654
I/ActivityManager(  451): Killing 22121:com.android.chrome/u0a35 (adj 11): stop com.android.chrome
W/ActivityManager(  451): Spurious death for ProcessRecord{12318dd5 22121:com.android.chrome/u0a35}, curProc for 22121: null
I/ActivityManager(  451): START u0 {act=android.intent.action.VIEW flg=0x10008000 cmp=com.android.chrome/com.google.android.apps.chrome.Main} from uid 2000 on display 0
V/WindowManager(  451): addAppToken: AppWindowToken{2936db78 token=Token{44b64db ActivityRecord{200e79ea u0 com.android.chrome/com.google.android.apps.chrome.Main t3051}}} to stack=1 task=3051 at 0
D/AndroidRuntime(22654): Shutting down VM
I/ActivityManager(  451): Start proc 22672:com.android.chrome/u0a35 for activity com.android.chrome/com.google.android.apps.chrome.Main
I/art     (  211): Explicit concurrent mark sweep GC freed 707(30KB) AllocSpace objects, 0(0B) LOS objects, 39% free, 7MB/11MB, paused 222us total 22.346ms
I/art     (  211): Explicit concurrent mark sweep GC freed 7(240B) AllocSpace objects, 0(0B) LOS objects, 39% free, 7MB/11MB, paused 175us total 14.854ms
I/art     (  211): Explicit concurrent mark sweep GC freed 5(160B) AllocSpace objects, 0(0B) LOS objects, 39% free, 7MB/11MB, paused 227us total 11.408ms
W/DynamiteModule(22672): Local module descriptor class for com.google.android.gms.googlecertificates not found.
I/DynamiteModule(22672): Considering local module com.google.android.gms.googlecertificates:0 and remote module com.google.android.gms.googlecertificates:4
I/DynamiteModule(22672): Selected remote version of com.google.android.gms.googlecertificates, version >= 4
W/ResourcesManager(22672): Asset path '/system/framework/com.android.media.remotedisplay.jar' does not exist or contains no resources.
W/ResourcesManager(22672): Asset path '/system/framework/com.android.location.provider.jar' does not exist or contains no resources.
I/cr_InstantAppsHandler(22672): Not handling with Instant Apps (other)
I/ActivityManager(  451): START u0 {cmp=com.android.chrome/org.chromium.chrome.browser.firstrun.FirstRunActivity (has extras)} from uid 10035 on display 0
