V/WindowManager(  451): addAppToken: AppWindowToken{192fda89 token=Token{24f5a190 ActivityRecord{2dbf9453 u0 com.android.chrome/org.chromium.chrome.browser.firstrun.FirstRunActivity t3052}}} to stack=1 task=3052 at 0
I/cr_LibraryLoader(22672): Using linker: org.chromium.base.library_loader.LegacyLinker
W/linker  (22672): libchromium_android_linker.so: unused DT entry: type 0x6ffffffe arg 0xce8
W/linker  (22672): libchromium_android_linker.so: unused DT entry: type 0x6fffffff arg 0x3
W/cr_ChildProcLH(22672): Create a new ChildConnectionAllocator with package name = com.android.chrome, sandboxed = true
I/cr_LibraryLoader(22672): Loading chrome from within /data/app/com.android.chrome-2/base.apk
D/OpenGLRenderer(22672): Use EGL_SWAP_BEHAVIOR_PRESERVED: true
V/WindowManager(  451): Based on layer: Adding window Window{3aabb154 u0 com.android.chrome/org.chromium.chrome.browser.firstrun.FirstRunActivity} at 3 of 17
I/ActivityManager(  451): Start proc 22705:com.android.chrome:sandboxed_process0/u0i36 for service com.android.chrome/org.chromium.content.app.SandboxedProcessService0
W/dboxed_process0(22705): type=1400 audit(0.0:42): avc: denied { search } for name="tmp" dev="dm-0" ino=49 scontext=u:r:isolated_app:s0 tcontext=u:object_r:shell_data_file:s0 tclass=dir permissive=0
I/cr_base (22672): Extracting resource /data/data/com.android.chrome/app_chrome/paks/en-GB.pak@12da8129
I/cr_base (22672): Extracting resource /data/data/com.android.chrome/app_chrome/paks/en-US.pak@12da8129
I/cr_ChildProcessService(22705): Creating new ChildProcessService pid=22705
I/OpenGLRenderer(22672): Initialized EGL, version 1.4
W/Wifi    ( 3458): Failed to read packet and byte counts from wifi interface
D/OpenGLRenderer(22672): Enabling debug mode 0
I/cr_LibraryLoader(22672): Time to load native libraries: 241 ms (timestamps 7977-8218)
I/chromium(22672): [INFO:library_loader_hooks.cc(136)] Chromium logging enabled: level = 0, default verbosity = 0
I/cr_LibraryLoader(22672): Expected native library version number "61.0.3163.98", actual native library version number "61.0.3163.98"
I/ActivityManager(  451): Displayed com.android.chrome/org.chromium.chrome.browser.firstrun.FirstRunActivity: +541ms (total +3m13s387ms)
W/Wifi    ( 3458): Failed to read packet and byte counts from wifi interface
W/Wifi    ( 3458): Failed to read packet and byte counts from wifi interface
W/Wifi    ( 3458): Failed to read packet and byte counts from wifi interface
D/ConnectivityService(  451): updateNetworkScore for NetworkAgentInfo [WIFI () - 100] to 56
D/ConnectivityService(  451): rematching NetworkAgentInfo [WIFI () - 100]
D/ConnectivityService(  451): Network NetworkAgentInfo [WIFI () - 100] was already satisfying request 1. No change.
D/ConnectivityService(  451): notifyType AVAILABLE for NetworkAgentInfo [WIFI () - 100]
D/ConnectivityManager.CallbackHandler(  627): CM callback handler got msg 524290
D/ConnectivityManager.CallbackHandler( 1965): CM callback handler got msg 524290
D/ConnectivityManager.CallbackHandler( 1007): CM callback handler got msg 524290
D/ConnectivityManager.CallbackHandler( 1965): CM callback handler got msg 524290
D/ConnectivityManager.CallbackHandler(  987): CM callback handler got msg 524290
D/ConnectivityManager.CallbackHandler(  987): CM callback handler got msg 524290
D/ConnectivityManager.CallbackHandler(21335): CM callback handler got msg 524290
D/ConnectivityManager.CallbackHandler(  987): CM callback handler got msg 524290
W/Wifi    ( 3458): Failed to read packet and byte counts from wifi interface
E/native  (  451): do suspend false
E/WifiStateMachine(  451): scanCount==0 - aborting
I/dhcpcd  (22758): sending signal 14 to pid 4122
I/dhcpcd  ( 4122): received SIGALRM, renewing
I/dhcpcd  ( 4122): wlan0: renewing lease of 10.19.0.226
I/dhcpcd  ( 4122): wlan0: acknowledged 10.19.0.226 from 10.19.0.1
D/AndroidRuntime(22756): >>>>>> START com.android.internal.os.RuntimeInit uid 2000 <<<<<<
D/AndroidRuntime(22756): CheckJNI is OFF
I/dhcpcd  ( 4122): wlan0: leased 10.19.0.226 for 600 seconds
W/Wifi    ( 3458): Failed to read packet and byte counts from wifi interface
E/WifiStateMachine(  451): WifiStateMachine: Leaving Connected state
I/GeofencerStateMachine(  965): sendWifiConnectivityChanged: connectivity=false
D/ConnectivityService(  451): NetworkAgentInfo [WIFI () - 100] EVENT_NETWORK_INFO_CHANGED, going from CONNECTED to CONNECTING
D/ConnectivityService(  451): NetworkAgentInfo [WIFI () - 100] EVENT_NETWORK_INFO_CHANGED, going from CONNECTING to CONNECTED
I/GeofencerStateMachine(  965): sendWifiConnectivityChanged: connectivity=true
I/GeofencerStateMachine(  965): sendNewTransitions called.
I/GeofencerStateMachine(  965): sendNewLocationAvailability: availability=LocationAvailability[isLocationAvailable: true]
D/AndroidRuntime(22756): Calling main entry com.android.commands.input.Input
I/Input   (22756): injectMotionEvent: MotionEvent { action=ACTION_DOWN, id[0]=0, x[0]=700.0, y[0]=1550.0, toolType[0]=TOOL_TYPE_UNKNOWN, buttonState=0, metaState=0, flags=0x0, edgeFlags=0x0, pointerCount=1, historySize=0, eventTime=3793602, downTime=3793602, deviceId=0, source=0x1002 }
I/Input   (22756): injectMotionEvent: MotionEvent { action=ACTION_UP, id[0]=0, x[0]=700.0, y[0]=1550.0, toolType[0]=TOOL_TYPE_UNKNOWN, buttonState=0, metaState=0, flags=0x0, edgeFlags=0x0, pointerCount=1, historySize=0, eventTime=3793602, downTime=3793602, deviceId=0, source=0x1002 }
D/AndroidRuntime(22756): Shutting down VM
D/audio_hw_primary(  205): out_set_parameters: enter: usecase(0: playback) kvpairs: routing=2 out->devices(2) adev->mode(0)
I/cr_VariationsSeedFetch(22672): Fetched first run seed in 5548 ms
I/cr_BrowserStartup(22672): Initializing chromium process, singleProcess=false
W/Wifi    ( 3458): Failed to read packet and byte counts from wifi interface
I/art     (  451): Explicit concurrent mark sweep GC freed 118703(7MB) AllocSpace objects, 167(3MB) LOS objects, 33% free, 26MB/39MB, paused 21.922ms total 148.825ms
I/ActivityManager(  451): Start proc 22822:com.android.chrome:privileged_process0/u0a35 for service com.android.chrome/org.chromium.content.app.PrivilegedProcessService0
D/ConnectivityService(  451): listenForNetwork for NetworkRequest [ id=57, legacyType=-1, [ Capabilities: INTERNET&NOT_RESTRICTED&TRUSTED] ]
D/ConnectivityService(  451): handleRegisterNetworkRequest checking NetworkAgentInfo [WIFI () - 100]
D/ConnectivityService(  451): apparently satisfied.  currentScore=100
D/ConnectivityManager.CallbackHandler(22672): CM callback handler got msg 524290
D/ConnectivityService(  451): listenForNetwork for NetworkRequest [ id=58, legacyType=-1, [ Capabilities: INTERNET&NOT_RESTRICTED&TRUSTED] ]
D/ConnectivityService(  451): handleRegisterNetworkRequest checking NetworkAgentInfo [WIFI () - 100]
D/ConnectivityService(  451): apparently satisfied.  currentScore=100
D/ConnectivityManager.CallbackHandler(22672): CM callback handler got msg 524290
W/cr_KnoxSettingsProvider(22672): Permission to read device policy denied.
I/AsyncOpDispatcher(  987): 28-GetActiveNetworkQuality
D/ConnectivityService(  451): updateNetworkScore for NetworkAgentInfo [WIFI () - 100] to 60
D/ConnectivityService(  451): rematching NetworkAgentInfo [WIFI () - 100]
D/ConnectivityService(  451): Network NetworkAgentInfo [WIFI () - 100] was already satisfying request 1. No change.
D/ConnectivityService(  451): notifyType AVAILABLE for NetworkAgentInfo [WIFI () - 100]
D/ConnectivityManager.CallbackHandler(  627): CM callback handler got msg 524290
D/ConnectivityManager.CallbackHandler( 1007): CM callback handler got msg 524290
D/ConnectivityManager.CallbackHandler(  987): CM callback handler got msg 524290
D/ConnectivityManager.CallbackHandler( 1965): CM callback handler got msg 524290
D/ConnectivityManager.CallbackHandler(  987): CM callback handler got msg 524290
D/ConnectivityManager.CallbackHandler( 1965): CM callback handler got msg 524290
D/ConnectivityManager.CallbackHandler(  987): CM callback handler got msg 524290
D/ConnectivityManager.CallbackHandler(22672): CM callback handler got msg 524290
D/ConnectivityManager.CallbackHandler(21335): CM callback handler got msg 524290
D/ConnectivityManager.CallbackHandler(22672): CM callback handler got msg 524290
I/cr_ChildProcessService(22822): Creating new ChildProcessService pid=22822
I/cr_SnippetsLauncher(22672): Scheduling: 172800 172800
I/cr_LibraryLoader(22822): Using linker: org.chromium.base.library_loader.LegacyLinker
W/linker  (22822): libchromium_android_linker.so: unused DT entry: type 0x6ffffffe arg 0xce8
W/linker  (22822): libchromium_android_linker.so: unused DT entry: type 0x6fffffff arg 0x3
I/cr_LibraryLoader(22822): Loading chrome from within /data/app/com.android.chrome-2/base.apk
I/cr_LibraryLoader(22822): Time to load native libraries: 130 ms (timestamps 4612-4742)
I/chromium(22822): [INFO:library_loader_hooks.cc(136)] Chromium logging enabled: level = 0, default verbosity = 0
I/cr_LibraryLoader(22822): Expected native library version number "61.0.3163.98", actual native library version number "61.0.3163.98"
E/libEGL  (22822): validate_display:255 error 3008 (EGL_BAD_DISPLAY)
I/art     (22672): Background partial concurrent mark sweep GC freed 19530(1262KB) AllocSpace objects, 15(381KB) LOS objects, 40% free, 10MB/17MB, paused 597us total 132.578ms
W/Herrevad(  987): [387] wux.b: Invalid mccmnc 
W/Herrevad(  987): [387] wux.b: Invalid mccmnc 
W/VideoCapabilities(22822): Unsupported mime video/mpeg2
W/AudioCapabilities(22822): Unsupported mime audio/mpeg-L2
W/VideoCapabilities(22822): Unrecognized level 0 for video/x-vnd.on2.vp8
I/VideoCapabilities(22822): Unsupported profile 4 for video/mp4v-es
W/cr_MediaCodecUtil(22822): HW encoder for video/avc is not available on this device.
W/Wifi    ( 3458): Failed to read packet and byte counts from wifi interface
I/cr_LibraryLoader(22705): Using linker: org.chromium.base.library_loader.LegacyLinker
W/linker  (22705): libchromium_android_linker.so: unused DT entry: type 0x6ffffffe arg 0xce8
W/linker  (22705): libchromium_android_linker.so: unused DT entry: type 0x6fffffff arg 0x3
I/cr_LibraryLoader(22705): Loading chrome from within /data/app/com.android.chrome-2/base.apk
I/cr_LibraryLoader(22705): Time to load native libraries: 59 ms (timestamps 5366-5425)
I/chromium(22705): [INFO:library_loader_hooks.cc(136)] Chromium logging enabled: level = 0, default verbosity = 0
I/cr_LibraryLoader(22705): Expected native library version number "61.0.3163.98", actual native library version number "61.0.3163.98"
W/Wifi    ( 3458): Failed to read packet and byte counts from wifi interface
W/Wifi    ( 3458): Failed to read packet and byte counts from wifi interface
W/Wifi    ( 3458): Failed to read packet and byte counts from wifi interface
D/AndroidRuntime(22875): >>>>>> START com.android.internal.os.RuntimeInit uid 2000 <<<<<<
D/AndroidRuntime(22875): CheckJNI is OFF
W/Wifi    ( 3458): Failed to read packet and byte counts from wifi interface
D/AndroidRuntime(22875): Calling main entry com.android.commands.input.Input
I/Input   (22875): injectMotionEvent: MotionEvent { action=ACTION_DOWN, id[0]=0, x[0]=372.0, y[0]=1530.0, toolType[0]=TOOL_TYPE_UNKNOWN, buttonState=0, metaState=0, flags=0x0, edgeFlags=0x0, pointerCount=1, historySize=0, eventTime=3799392, downTime=3799392, deviceId=0, source=0x1002 }
I/Input   (22875): injectMotionEvent: MotionEvent { action=ACTION_UP, id[0]=0, x[0]=372.0, y[0]=1530.0, toolType[0]=TOOL_TYPE_UNKNOWN, buttonState=0, metaState=0, flags=0x0, edgeFlags=0x0, pointerCount=1, historySize=0, eventTime=3799392, downTime=3799392, deviceId=0, source=0x1002 }
D/AndroidRuntime(22875): Shutting down VM
I/ActivityManager(  451): START u0 {act=android.intent.action.VIEW flg=0x10808000 cmp=com.android.chrome/com.google.android.apps.chrome.Main (has extras)} from uid 10035 on display 0
V/WindowManager(  451): addAppToken: AppWindowToken{23fe2a8b token=Token{393f085a ActivityRecord{240a9005 u0 com.android.chrome/com.google.android.apps.chrome.Main t3053}}} to stack=1 task=3053 at 0
D/audio_hw_primary(  205): out_set_parameters: enter: usecase(0: playback) kvpairs: routing=2 out->devices(2) adev->mode(0)
D/ConnectivityService(  451): releasing NetworkRequest NetworkRequest [ id=58, legacyType=-1, [ Capabilities: INTERNET&NOT_RESTRICTED&TRUSTED] ]
D/ConnectivityManager.CallbackHandler(22672): CM callback handler got msg 524296
D/ConnectivityService(  451): listenForNetwork for NetworkRequest [ id=59, legacyType=-1, [ Capabilities: INTERNET&NOT_RESTRICTED&TRUSTED] ]
D/ConnectivityService(  451): handleRegisterNetworkRequest checking NetworkAgentInfo [WIFI () - 100]
D/ConnectivityService(  451): apparently satisfied.  currentScore=100
D/ConnectivityManager.CallbackHandler(22672): CM callback handler got msg 524290
I/cr_InstantAppsHandler(22672): Not handling with Instant Apps (other)
I/ActivityManager(  451): START u0 {act=android.intent.action.VIEW flg=0x14002000 cmp=com.android.chrome/org.chromium.chrome.browser.ChromeTabbedActivity (has extras)} from uid 10035 on display 0
V/WindowManager(  451): addAppToken: AppWindowToken{36ef6003 token=Token{123648b2 ActivityRecord{53fbabd u0 com.android.chrome/org.chromium.chrome.browser.ChromeTabbedActivity t3054}}} to stack=1 task=3054 at 0
V/WindowManager(  451): Based on layer: Adding window Window{3010ba98 u0 Starting com.android.chrome} at 4 of 18
I/PBSessionCacheImpl( 1007): Deleted sessionId[13621743497987] from persistence.
I/MicroDetector( 1007): Keeping mic open: false
I/DeviceStateChecker( 1007): DeviceStateChecker cancelled
I/AudioController( 1007): internalShutdown
I/MicrophoneInputStream( 1007): mic_close com.google.android.apps.gsa.speech.audio.af@18b545bf
I/MicroRecognitionRunner( 1007): Stopping hotword detection.
I/SoundTriggerHwService::Module(  205): void android::SoundTriggerHwService::Module::onCallbackEvent(const android::sp<android::SoundTriggerHwService::CallbackEvent>&) mClient == 0
I/MicroRecognitionRunner( 1007): Detection finished
W/cr_tabmodel(22672): Starting to perform legacy migration.
I/ActivityManager(  451): Start proc 22905:com.android.chrome:sandboxed_process1/u0i37 for service com.android.chrome/org.chromium.content.app.SandboxedProcessService1
V/WindowManager(  451): Adding window Window{ef222ae u0 com.android.chrome/org.chromium.chrome.browser.ChromeTabbedActivity} at 4 of 19 (before Window{3010ba98 u0 Starting com.android.chrome})
W/dboxed_process1(22905): type=1400 audit(0.0:43): avc: denied { search } for name="tmp" dev="dm-0" ino=49 scontext=u:r:isolated_app:s0 tcontext=u:object_r:shell_data_file:s0 tclass=dir permissive=0
I/cr_ChildProcessService(22905): Creating new ChildProcessService pid=22905
V/WindowManager(  451): Adding window Window{38a474e5 u0 SurfaceView} at 4 of 20 (before Window{ef222ae u0 com.android.chrome/org.chromium.chrome.browser.ChromeTabbedActivity})
W/cr_tabmodel(22672): Finished performing legacy migration.
W/cr_tabmodel(22672): Starting to perform multi-instance migration.
W/cr_tabmodel(22672): Finished performing multi-instance migration.
W/cr_tabmodel(22672): Starting to fetch tab list.
E/cr_tabmodel(22672): State file does not exist.
E/WorkerRegistryImpl( 1007): getWorker() is called after WorkerRegistry disposal.
E/WorkerRegistryImpl( 1007): getWorker() is called after WorkerRegistry disposal.
E/WorkerRegistryImpl( 1007): getWorker() is called after WorkerRegistry disposal.
E/WorkerRegistryImpl( 1007): getWorker() is called after WorkerRegistry disposal.
E/WorkerRegistryImpl( 1007): getWorker() is called after WorkerRegistry disposal.
E/WorkerRegistryImpl( 1007): getWorker() is called after WorkerRegistry disposal.
E/WorkerRegistryImpl( 1007): getWorker() is called after WorkerRegistry disposal.
E/WorkerRegistryImpl( 1007): getWorker() is called after WorkerRegistry disposal.
E/WorkerRegistryImpl( 1007): getWorker() is called after WorkerRegistry disposal.
E/WorkerRegistryImpl( 1007): getWorker() is called after WorkerRegistry disposal.
E/WorkerRegistryImpl( 1007): getWorker() is called after WorkerRegistry disposal.
E/WorkerRegistryImpl( 1007): getWorker() is called after WorkerRegistry disposal.
E/WorkerRegistryImpl( 1007): getWorker() is called after WorkerRegistry disposal.
E/WorkerRegistryImpl( 1007): getWorker() is called after WorkerRegistry disposal.
E/WorkerRegistryImpl( 1007): getWorker() is called after WorkerRegistry disposal.
E/WorkerRegistryImpl( 1007): getWorker() is called after WorkerRegistry disposal.
E/WorkerRegistryImpl( 1007): getWorker() is called after WorkerRegistry disposal.
E/WorkerRegistryImpl( 1007): getWorker() is called after WorkerRegistry disposal.
E/WorkerRegistryImpl( 1007): getWorker() is called after WorkerRegistry disposal.
E/WorkerRegistryImpl( 1007): getWorker() is called after WorkerRegistry disposal.
E/WorkerRegistryImpl( 1007): getWorker() is called after WorkerRegistry disposal.
E/WorkerRegistryImpl( 1007): getWorker() is called after WorkerRegistry disposal.
E/WorkerRegistryImpl( 1007): getWorker() is called after WorkerRegistry disposal.
E/WorkerRegistryImpl( 1007): getWorker() is called after WorkerRegistry disposal.
E/WorkerRegistryImpl( 1007): getWorker() is called after WorkerRegistry disposal.
E/WorkerRegistryImpl( 1007): getWorker() is called after WorkerRegistry disposal.
E/WorkerRegistryImpl( 1007): getWorker() is called after WorkerRegistry disposal.
E/WorkerRegistryImpl( 1007): getWorker() is called after WorkerRegistry disposal.
D/AndroidRuntime(22918): >>>>>> START com.android.internal.os.RuntimeInit uid 2000 <<<<<<
D/AndroidRuntime(22918): CheckJNI is OFF
W/Wifi    ( 3458): Failed to read packet and byte counts from wifi interface
I/AsyncOpDispatcher(  965): 67-RequestPlaceUpdates
I/AsyncOpDispatcher(  965): 67-RemovePlaceUpdates
I/Places  (  965): ?: PlacesBleScanner stop()
I/BeaconBle(  965): Scan canceled successfully.
I/PlaceInferenceEngine(  965): [anon] Changed inference mode: 0
I/ActivityManager(  451): Displayed com.android.chrome/org.chromium.chrome.browser.ChromeTabbedActivity: +804ms (total +884ms)
I/chromium(22705): [INFO:child_process_service_impl.cc(70)] ChildProcessServiceImpl: Exiting child process.
W/libprocessgroup(  451): failed to open /acct/uid_10035/pid_22705/cgroup.procs: No such file or directory
I/ActivityManager(  451): Process com.android.chrome:sandboxed_process0 (pid 22705) has died
W/ActivityManager(  451): Scheduling restart of crashed service com.android.chrome/org.chromium.content.app.SandboxedProcessService0 in 1000ms
I/art     (  965): Background sticky concurrent mark sweep GC freed 219350(11MB) AllocSpace objects, 38(2MB) LOS objects, 22% free, 28MB/36MB, paused 7.516ms total 134.776ms
I/art     (  965): WaitForGcToComplete blocked for 242.910ms for cause Explicit
I/art     (22672): Rejecting re-init on previously-failed class java.lang.Class<org.chromium.content.browser.FloatingActionModeCallback>
I/art     (22672): Rejecting re-init on previously-failed class java.lang.Class<org.chromium.content.browser.FloatingActionModeCallback>
I/art     (  965): Explicit concurrent mark sweep GC freed 42336(2001KB) AllocSpace objects, 0(0B) LOS objects, 37% free, 26MB/42MB, paused 661us total 155.331ms
I/GeofencerStateMachine(  965): removeGeofences: removeRequest=RemoveGeofencingRequest[REMOVE_BY_PENDING_INTENT pendingIntent=PendingIntent[creatorPackage=com.google.android.gms], packageName=null]
I/cr_LibraryLoader(22905): Using linker: org.chromium.base.library_loader.LegacyLinker
W/linker  (22905): libchromium_android_linker.so: unused DT entry: type 0x6ffffffe arg 0xce8
W/linker  (22905): libchromium_android_linker.so: unused DT entry: type 0x6fffffff arg 0x3
W/cr_media(22672): Requires BLUETOOTH permission
W/chromium(22672): [WARNING:compositor_view.cc(255)] Child process disconnected (type=6) pid=22705)
W/cr_ChildProcessConn(22672): onServiceDisconnected (crash or killed by oom): pid=22705
I/cr_LibraryLoader(22905): Loading chrome from within /data/app/com.android.chrome-2/base.apk
I/cr_LibraryLoader(22905): Time to load native libraries: 48 ms (timestamps 767-815)
I/chromium(22905): [INFO:library_loader_hooks.cc(136)] Chromium logging enabled: level = 0, default verbosity = 0
I/cr_LibraryLoader(22905): Expected native library version number "61.0.3163.98", actual native library version number "61.0.3163.98"
I/ActivityManager(  451): Start proc 22952:com.android.chrome:sandboxed_process2/u0i38 for service com.android.chrome/org.chromium.content.app.SandboxedProcessService2
D/BluetoothAdapter( 1007): 970327271: getState() :  mService = null. Returning STATE_OFF
D/BluetoothAdapter( 1007): 970327271: getState() :  mService = null. Returning STATE_OFF
I/VoiceSearchSettings( 1007): Hotword upgrade key is null!
I/VISHotwordAdapter( 1007): #initialize, locale=en-US, keyPhrase=Ok Google
I/GsaVoiceInteractionSrv(  795): initializeAlwaysOnHotwordDetector locale en-US hotwordPhrase Ok Google
I/cr_SnippetsLauncher(22672): Scheduling: 172800 172800
W/Wifi    ( 3458): Failed to read packet and byte counts from wifi interface
W/dboxed_process2(22952): type=1400 audit(0.0:44): avc: denied { search } for name="tmp" dev="dm-0" ino=49 scontext=u:r:isolated_app:s0 tcontext=u:object_r:shell_data_file:s0 tclass=dir permissive=0
I/cr_ChildProcessService(22952): Creating new ChildProcessService pid=22952
I/art     (22672): Background sticky concurrent mark sweep GC freed 37759(2MB) AllocSpace objects, 22(351KB) LOS objects, 16% free, 14MB/17MB, paused 6.545ms total 183.895ms
I/cr_LibraryLoader(22952): Using linker: org.chromium.base.library_loader.LegacyLinker
W/linker  (22952): libchromium_android_linker.so: unused DT entry: type 0x6ffffffe arg 0xce8
W/linker  (22952): libchromium_android_linker.so: unused DT entry: type 0x6fffffff arg 0x3
I/cr_LibraryLoader(22952): Loading chrome from within /data/app/com.android.chrome-2/base.apk
I/AsyncOpDispatcher(  965): 51-GetExperimentTokensOperationCall
I/ActivityManager(  451): Activity reported stop, but no longer stopping: ActivityRecord{2dbf9453 u0 com.android.chrome/org.chromium.chrome.browser.firstrun.FirstRunActivity t3052 f}
I/cr_BindingManager(22672): Moderate binding enabled: maxSize=20
I/cr_LibraryLoader(22952): Time to load native libraries: 312 ms (timestamps 1433-1745)
I/chromium(22952): [INFO:library_loader_hooks.cc(136)] Chromium logging enabled: level = 0, default verbosity = 0
I/cr_LibraryLoader(22952): Expected native library version number "61.0.3163.98", actual native library version number "61.0.3163.98"
I/Icing   (  987): IndexChimeraService.getServiceInterface callingPackage=com.android.chrome componentName=null serviceId=36
E/aght    (  965): Phenotype API error. Event a <
E/aght    (  965):   a: "LOCAL.com.google.android.agsa.QSB"
E/aght    (  965):   b: 0
E/aght    (  965):   e: ""
E/aght    (  965):   f: ""
E/aght    (  965):   g: 0
E/aght    (  965):   h: 0
E/aght    (  965):   i: ""
E/aght    (  965):   j: 189
E/aght    (  965): >
E/aght    (  965): e: # bjzl@f5130810
E/aght    (  965): , EventCode: 7 -- metadata{ service_id: 51 }
E/aght    (  965): aggm: 29505: No config packages for log source, or config package not registered
E/aght    (  965): 	at agif.b(:com.google.android.gms@12685011@12.6.85 (020406-197041431):4)
E/aght    (  965): 	at aght.a(:com.google.android.gms@12685011@12.6.85 (020406-197041431):40)
E/aght    (  965): 	at aght.a(:com.google.android.gms@12685011@12.6.85 (020406-197041431):108)
E/aght    (  965): 	at ord.run(:com.google.android.gms@12685011@12.6.85 (020406-197041431):40)
E/aght    (  965): 	at azvp.run(:com.google.android.gms@12685011@12.6.85 (020406-197041431):2)
E/aght    (  965): 	at ovl.run(:com.google.android.gms@12685011@12.6.85 (020406-197041431):27)
E/aght    (  965): 	at java.util.concurrent.ThreadPoolExecutor.runWorker(ThreadPoolExecutor.java:1112)
E/aght    (  965): 	at java.util.concurrent.ThreadPoolExecutor$Worker.run(ThreadPoolExecutor.java:587)
E/aght    (  965): 	at pbm.run(:com.google.android.gms@12685011@12.6.85 (020406-197041431))
E/aght    (  965): 	at java.lang.Thread.run(Thread.java:818)
I/Icing   (  987): IndexChimeraService.getServiceInterface callingPackage=com.android.chrome componentName=null serviceId=36
E/AsyncOperation(  965): serviceID=51, operation=GetExperimentTokensOperationCall
E/AsyncOperation(  965): OperationException[Status{statusCode=No config packages for log source, or config package not registered, resolution=null}]
E/AsyncOperation(  965): 	at aght.a(:com.google.android.gms@12685011@12.6.85 (020406-197041431):53)
E/AsyncOperation(  965): 	at aght.a(:com.google.android.gms@12685011@12.6.85 (020406-197041431):108)
E/AsyncOperation(  965): 	at ord.run(:com.google.android.gms@12685011@12.6.85 (020406-197041431):40)
E/AsyncOperation(  965): 	at azvp.run(:com.google.android.gms@12685011@12.6.85 (020406-197041431):2)
E/AsyncOperation(  965): 	at ovl.run(:com.google.android.gms@12685011@12.6.85 (020406-197041431):27)
E/AsyncOperation(  965): 	at java.util.concurrent.ThreadPoolExecutor.runWorker(ThreadPoolExecutor.java:1112)
E/AsyncOperation(  965): 	at java.util.concurrent.ThreadPoolExecutor$Worker.run(ThreadPoolExecutor.java:587)
E/AsyncOperation(  965): 	at pbm.run(:com.google.android.gms@12685011@12.6.85 (020406-197041431))
E/AsyncOperation(  965): 	at java.lang.Thread.run(Thread.java:818)
I/AsyncOpDispatcher(  965): 19-GetFileDescriptorAndDelete
D/AndroidRuntime(22918): Calling main entry com.android.commands.am.Am
W/Nearby  (  965): Bind call too late - someone already tried to get: interface bghz -- metadata{ service_id: 0 }
I/Trepn   (21367): Trepn 6.2s: Received intent: com.quicinc.trepn.start_profiling
I/Icing   (  987): Usage reports ok 0, Failed Usage reports 0, indexed 0, rejected 0, imm upload false
W/art     (22672): Suspending all threads took: 34.407ms
W/Wifi    ( 3458): Failed to read packet and byte counts from wifi interface
I/art     (22672): Background sticky concurrent mark sweep GC freed 38614(1977KB) AllocSpace objects, 10(516KB) LOS objects, 1% free, 17MB/17MB, paused 46.548ms total 469.968ms
I/AsyncOpDispatcher(  965): 19-GetFileDescriptorAndDelete
I/Icing   (  987): Usage reports ok 0, Failed Usage reports 0, indexed 0, rejected 0, imm upload false
I/art     (22672): Background partial concurrent mark sweep GC freed 11084(807KB) AllocSpace objects, 18(880KB) LOS objects, 40% free, 17MB/28MB, paused 7.672ms total 199.869ms
I/Icing   (  987): Removing corpus key 94FBE96EEF13B8AC56FE8C01687FD8A6012559AC for package com.android.chrome
W/FileUtils(21367): Failed to chmod(/storage/emulated/0/trepn/Trepn_2018.06.11_114928.db): android.system.ErrnoException: chmod failed: EPERM (Operation not permitted)
E/PartnerBookmarksReader(22672): ATTENTION: not using partner bookmarks as none were provided
I/Trepn   (21367): Trepn 6.2s: Trepn has Started Profiling.
D/AndroidRuntime(22918): Shutting down VM
I/dex2oat (23014): /system/bin/dex2oat --runtime-arg -classpath --runtime-arg  --instruction-set=arm --instruction-set-features=default --runtime-arg -Xrelocate --boot-image=/system/framework/boot.art --dex-file=/data/data/com.android.chrome/app_dex/webapk1.dex --oat-fd=150 --oat-location=/data/data/com.android.chrome/app_dex/arm/webapk1.dex --runtime-arg -Xms64m --runtime-arg -Xmx512m
I/dex2oat (23014): dex2oat took 62.758ms (threads: 2) arena alloc=56KB java alloc=6KB native alloc=618KB free=17KB
D/AndroidRuntime(23023): >>>>>> START com.android.internal.os.RuntimeInit uid 2000 <<<<<<
D/AndroidRuntime(23023): CheckJNI is OFF
D/TaskPersister(  451): removeObsoleteFile: deleting file=3052_task_thumbnail.png
W/Wifi    ( 3458): Failed to read packet and byte counts from wifi interface
D/AndroidRuntime(23023): Calling main entry com.android.commands.am.Am
I/ActivityManager(  451): START u0 {act=android.intent.action.VIEW dat=localhost:8000 flg=0x10000000 cmp=com.android.chrome/com.google.android.apps.chrome.Main} from uid 2000 on display 0
V/WindowManager(  451): addAppToken: AppWindowToken{858f5da token=Token{7c9c385 ActivityRecord{36a9e0fc u0 com.android.chrome/com.google.android.apps.chrome.Main t3055}}} to stack=1 task=3055 at 0
D/AndroidRuntime(23023): Shutting down VM
D/ConnectivityService(  451): releasing NetworkRequest NetworkRequest [ id=59, legacyType=-1, [ Capabilities: INTERNET&NOT_RESTRICTED&TRUSTED] ]
D/ConnectivityManager.CallbackHandler(22672): CM callback handler got msg 524296
W/cr_Autocomplete(22672): stopping autocomplete.
D/ConnectivityService(  451): listenForNetwork for NetworkRequest [ id=60, legacyType=-1, [ Capabilities: INTERNET&NOT_RESTRICTED&TRUSTED] ]
D/ConnectivityService(  451): handleRegisterNetworkRequest checking NetworkAgentInfo [WIFI () - 100]
D/ConnectivityService(  451): apparently satisfied.  currentScore=100
D/ConnectivityManager.CallbackHandler(22672): CM callback handler got msg 524290
I/cr_InstantAppsHandler(22672): Not handling with Instant Apps because Chrome is not default or there's a specialized handler
I/ActivityManager(  451): START u0 {act=android.intent.action.VIEW dat=localhost:8000 flg=0x14002000 cmp=com.android.chrome/org.chromium.chrome.browser.ChromeTabbedActivity (has extras)} from uid 10035 on display 0
W/InputMethodManagerService(  451): Window already focused, ignoring focus gain of: com.android.internal.view.IInputMethodClient$Stub$Proxy@2441de3d attribute=null, token = android.os.BinderProxy@3b930f29
I/ActivityManager(  451): Start proc 23041:com.android.chrome:sandboxed_process3/u0i39 for service com.android.chrome/org.chromium.content.app.SandboxedProcessService3
I/AsyncOpDispatcher(  987): 45-xlb
W/dboxed_process3(23041): type=1400 audit(0.0:45): avc: denied { search } for name="tmp" dev="dm-0" ino=49 scontext=u:r:isolated_app:s0 tcontext=u:object_r:shell_data_file:s0 tclass=dir permissive=0
I/cr_ChildProcessService(23041): Creating new ChildProcessService pid=23041
I/cr_LibraryLoader(23041): Using linker: org.chromium.base.library_loader.LegacyLinker
W/linker  (23041): libchromium_android_linker.so: unused DT entry: type 0x6ffffffe arg 0xce8
W/linker  (23041): libchromium_android_linker.so: unused DT entry: type 0x6fffffff arg 0x3
I/cr_LibraryLoader(23041): Loading chrome from within /data/app/com.android.chrome-2/base.apk
I/cr_LibraryLoader(23041): Time to load native libraries: 60 ms (timestamps 3790-3850)
I/chromium(23041): [INFO:library_loader_hooks.cc(136)] Chromium logging enabled: level = 0, default verbosity = 0
I/cr_LibraryLoader(23041): Expected native library version number "61.0.3163.98", actual native library version number "61.0.3163.98"
I/AsyncOpDispatcher(  987): 45-xlb
W/Wifi    ( 3458): Failed to read packet and byte counts from wifi interface
W/System.err( 1965): android.content.pm.PackageManager$NameNotFoundException
W/System.err( 1965): 	at android.app.ApplicationPackageManager.getPackageInfo(ApplicationPackageManager.java:114)
W/System.err( 1965): 	at com.estrongs.android.pop.app.c.ai.c(Unknown Source)
W/System.err( 1965): 	at com.estrongs.android.pop.app.c.ai.a(Unknown Source)
W/System.err( 1965): 	at com.estrongs.android.pop.app.scene.e.q.a(Unknown Source)
W/System.err( 1965): 	at com.estrongs.android.scanner.c.m.run(Unknown Source)
W/System.err( 1965): 	at java.util.concurrent.ThreadPoolExecutor.runWorker(ThreadPoolExecutor.java:1112)
W/System.err( 1965): 	at java.util.concurrent.ThreadPoolExecutor$Worker.run(ThreadPoolExecutor.java:587)
W/System.err( 1965): 	at java.lang.Thread.run(Thread.java:818)
E/WifiStateMachine(  451): WifiStateMachine CMD_START_SCAN source -2 txSuccessRate=123.38 rxSuccessRate=159.27 targetRoamBSSID=f0:9f:c2:f4:cd:d7 RSSI=-59
E/WifiStateMachine(  451): WifiStateMachine L2Connected CMD_START_SCAN source -2 203, 204 -> obsolete
W/Wifi    ( 3458): Failed to read packet and byte counts from wifi interface
I/art     (  451): Explicit concurrent mark sweep GC freed 31941(1794KB) AllocSpace objects, 23(3MB) LOS objects, 33% free, 29MB/43MB, paused 723us total 95.024ms
W/Wifi    ( 3458): Failed to read packet and byte counts from wifi interface
I/Icing   (  987): Scored 149 usage reports, missing_corpora 0 update_failed 25
I/Icing   (  987): Indexing 94FBE96EEF13B8AC56FE8C01687FD8A6012559AC from com.android.chrome
I/cr_omaha(22672): Request to Server Successful. Timestamp for next request:1528714173405
I/cr_omaha(22672): Request to Server Successful. Timestamp for next request:1528714173474
I/cr_omaha(22672): Attempting to schedule next job for: Mon Jun 11 16:49:32 GMT+02:00 2018
I/cr_omaha(22672): Scheduled using AlarmManager and IntentService
I/chromium(22952): [INFO:child_process_service_impl.cc(70)] ChildProcessServiceImpl: Exiting child process.
W/libprocessgroup(  451): failed to open /acct/uid_10035/pid_22952/cgroup.procs: No such file or directory
I/ActivityManager(  451): Process com.android.chrome:sandboxed_process2 (pid 22952) has died
W/ActivityManager(  451): Scheduling restart of crashed service com.android.chrome/org.chromium.content.app.SandboxedProcessService2 in 1000ms
W/chromium(22672): [WARNING:compositor_view.cc(255)] Child process disconnected (type=6) pid=22952)
W/cr_ChildProcessConn(22672): onServiceDisconnected (crash or killed by oom): pid=22952
I/Icing   (  987): Indexing done 94FBE96EEF13B8AC56FE8C01687FD8A6012559AC
W/Wifi    ( 3458): Failed to read packet and byte counts from wifi interface
W/Wifi    ( 3458): Failed to read packet and byte counts from wifi interface
W/Wifi    ( 3458): Failed to read packet and byte counts from wifi interface
I/EventLogSendingHelper( 1007): Sending log events.
W/Wifi    ( 3458): Failed to read packet and byte counts from wifi interface
W/Wifi    ( 3458): Failed to read packet and byte counts from wifi interface
W/Wifi    ( 3458): Failed to read packet and byte counts from wifi interface
W/Wifi    ( 3458): Failed to read packet and byte counts from wifi interface
E/WifiStateMachine(  451): WifiStateMachine CMD_START_SCAN source -2 txSuccessRate=31.67 rxSuccessRate=48.53 targetRoamBSSID=f0:9f:c2:f4:cd:d7 RSSI=-60
W/Wifi    ( 3458): Failed to read packet and byte counts from wifi interface
W/Process ( 3458): Unable to open /proc/23133/status
W/Wifi    ( 3458): Failed to read packet and byte counts from wifi interface
W/Wifi    ( 3458): Failed to read packet and byte counts from wifi interface
W/Wifi    ( 3458): Failed to read packet and byte counts from wifi interface
W/Wifi    ( 3458): Failed to read packet and byte counts from wifi interface
D/AndroidRuntime(23160): >>>>>> START com.android.internal.os.RuntimeInit uid 2000 <<<<<<
D/AndroidRuntime(23160): CheckJNI is OFF
I/chromium(22672): [INFO:CONSOLE(18)] "STARTME---1528710585744", source: http://localhost:8000/geolocationtest_LowAccuracy.js (18)
W/Wifi    ( 3458): Failed to read packet and byte counts from wifi interface
D/AndroidRuntime(23160): Calling main entry com.android.commands.input.Input
I/Input   (23160): injectMotionEvent: MotionEvent { action=ACTION_DOWN, id[0]=0, x[0]=614.0, y[0]=1253.0, toolType[0]=TOOL_TYPE_UNKNOWN, buttonState=0, metaState=0, flags=0x0, edgeFlags=0x0, pointerCount=1, historySize=0, eventTime=3819227, downTime=3819227, deviceId=0, source=0x1002 }
I/Input   (23160): injectMotionEvent: MotionEvent { action=ACTION_UP, id[0]=0, x[0]=614.0, y[0]=1253.0, toolType[0]=TOOL_TYPE_UNKNOWN, buttonState=0, metaState=0, flags=0x0, edgeFlags=0x0, pointerCount=1, historySize=0, eventTime=3819227, downTime=3819227, deviceId=0, source=0x1002 }
D/AndroidRuntime(23160): Shutting down VM
I/chromium(22672): [INFO:CONSOLE(22)] "STOPME---1528710586726", source: http://localhost:8000/geolocationtest_LowAccuracy.js (22)
W/Wifi    ( 3458): Failed to read packet and byte counts from wifi interface
W/Wifi    ( 3458): Failed to read packet and byte counts from wifi interface
W/Wifi    ( 3458): Failed to read packet and byte counts from wifi interface
W/Wifi    ( 3458): Failed to read packet and byte counts from wifi interface
W/Wifi    ( 3458): Failed to read packet and byte counts from wifi interface
D/ConnectivityService(  451): updateNetworkScore for NetworkAgentInfo [WIFI () - 100] to 56
D/ConnectivityService(  451): rematching NetworkAgentInfo [WIFI () - 100]
D/ConnectivityService(  451): Network NetworkAgentInfo [WIFI () - 100] was already satisfying request 1. No change.
D/ConnectivityService(  451): notifyType AVAILABLE for NetworkAgentInfo [WIFI () - 100]
D/ConnectivityManager.CallbackHandler(22672): CM callback handler got msg 524290
D/ConnectivityManager.CallbackHandler( 1965): CM callback handler got msg 524290
D/ConnectivityManager.CallbackHandler(  627): CM callback handler got msg 524290
D/ConnectivityManager.CallbackHandler(21335): CM callback handler got msg 524290
D/ConnectivityManager.CallbackHandler( 1007): CM callback handler got msg 524290
D/ConnectivityManager.CallbackHandler(  987): CM callback handler got msg 524290
D/ConnectivityManager.CallbackHandler(  987): CM callback handler got msg 524290
D/ConnectivityManager.CallbackHandler( 1965): CM callback handler got msg 524290
D/ConnectivityManager.CallbackHandler(22672): CM callback handler got msg 524290
D/ConnectivityManager.CallbackHandler(  987): CM callback handler got msg 524290
D/AndroidRuntime(23202): >>>>>> START com.android.internal.os.RuntimeInit uid 2000 <<<<<<
D/AndroidRuntime(23202): CheckJNI is OFF
D/AndroidRuntime(23202): Calling main entry com.android.commands.input.Input
I/Input   (23202): injectMotionEvent: MotionEvent { action=ACTION_DOWN, id[0]=0, x[0]=1256.0, y[0]=1890.0, toolType[0]=TOOL_TYPE_UNKNOWN, buttonState=0, metaState=0, flags=0x0, edgeFlags=0x0, pointerCount=1, historySize=0, eventTime=3825002, downTime=3825002, deviceId=0, source=0x1002 }
I/Input   (23202): injectMotionEvent: MotionEvent { action=ACTION_UP, id[0]=0, x[0]=1256.0, y[0]=1890.0, toolType[0]=TOOL_TYPE_UNKNOWN, buttonState=0, metaState=0, flags=0x0, edgeFlags=0x0, pointerCount=1, historySize=0, eventTime=3825002, downTime=3825002, deviceId=0, source=0x1002 }
D/AndroidRuntime(23202): Shutting down VM
D/audio_hw_primary(  205): out_set_parameters: enter: usecase(0: playback) kvpairs: routing=2 out->devices(2) adev->mode(0)
I/cr_LocationProvider(22672): Google Play Services
W/Wifi    ( 3458): Failed to read packet and byte counts from wifi interface
W/ctxmgr  (  965): [AclManager]No 2 for (accnt=account#1644684176#, com.google.android.gms(10008):UserLocationProducer, vrsn=12685000, 0, 3pPkg = null ,  3pMdlId = null ,  pid = 965). Was: 2 for 1, account#1644684176#
W/ctxmgr  (  965): [AclManager]No 2 for (accnt=account#1813920180#, com.google.android.gms(10008):UserLocationProducer, vrsn=12685000, 0, 3pPkg = null ,  3pMdlId = null ,  pid = 965). Was: 2 for 1, account#1813920180#
W/Wifi    ( 3458): Failed to read packet and byte counts from wifi interface
W/Wifi    ( 3458): Failed to read packet and byte counts from wifi interface
W/Wifi    ( 3458): Failed to read packet and byte counts from wifi interface
W/Wifi    ( 3458): Failed to read packet and byte counts from wifi interface
W/GmsLocationProvider( 1007): Error removing location updates: 16
W/ctxmgr  (  965): [AclManager]No 2 for (accnt=account#1813920180#, com.google.android.gms(10008):UserLocationProducer, vrsn=12685000, 0, 3pPkg = null ,  3pMdlId = null ,  pid = 965). Was: 2 for 1, account#1813920180#
W/ctxmgr  (  965): [AclManager]No 2 for (accnt=account#1644684176#, com.google.android.gms(10008):UserLocationProducer, vrsn=12685000, 0, 3pPkg = null ,  3pMdlId = null ,  pid = 965). Was: 2 for 1, account#1644684176#
W/Wifi    ( 3458): Failed to read packet and byte counts from wifi interface
D/ConnectivityService(  451): updateNetworkScore for NetworkAgentInfo [WIFI () - 100] to 60
D/ConnectivityService(  451): rematching NetworkAgentInfo [WIFI () - 100]
D/ConnectivityService(  451): Network NetworkAgentInfo [WIFI () - 100] was already satisfying request 1. No change.
D/ConnectivityService(  451): notifyType AVAILABLE for NetworkAgentInfo [WIFI () - 100]
D/ConnectivityManager.CallbackHandler(22672): CM callback handler got msg 524290
D/ConnectivityManager.CallbackHandler(  627): CM callback handler got msg 524290
D/ConnectivityManager.CallbackHandler(  987): CM callback handler got msg 524290
D/ConnectivityManager.CallbackHandler( 1007): CM callback handler got msg 524290
D/ConnectivityManager.CallbackHandler( 1965): CM callback handler got msg 524290
D/ConnectivityManager.CallbackHandler(  987): CM callback handler got msg 524290
D/ConnectivityManager.CallbackHandler(21335): CM callback handler got msg 524290
D/ConnectivityManager.CallbackHandler(22672): CM callback handler got msg 524290
D/ConnectivityManager.CallbackHandler( 1965): CM callback handler got msg 524290
D/ConnectivityManager.CallbackHandler(  987): CM callback handler got msg 524290
I/ActivityManager(  451): Start proc 23245:com.android.chrome:sandboxed_process4/u0i40 for service com.android.chrome/org.chromium.content.app.SandboxedProcessService4
W/dboxed_process4(23245): type=1400 audit(0.0:46): avc: denied { search } for name="tmp" dev="dm-0" ino=49 scontext=u:r:isolated_app:s0 tcontext=u:object_r:shell_data_file:s0 tclass=dir permissive=0
I/cr_ChildProcessService(23245): Creating new ChildProcessService pid=23245
I/cr_LibraryLoader(23245): Using linker: org.chromium.base.library_loader.LegacyLinker
W/linker  (23245): libchromium_android_linker.so: unused DT entry: type 0x6ffffffe arg 0xce8
W/linker  (23245): libchromium_android_linker.so: unused DT entry: type 0x6fffffff arg 0x3
I/cr_LibraryLoader(23245): Loading chrome from within /data/app/com.android.chrome-2/base.apk
I/cr_LibraryLoader(23245): Time to load native libraries: 53 ms (timestamps 1085-1138)
I/chromium(23245): [INFO:library_loader_hooks.cc(136)] Chromium logging enabled: level = 0, default verbosity = 0
I/cr_LibraryLoader(23245): Expected native library version number "61.0.3163.98", actual native library version number "61.0.3163.98"
W/Wifi    ( 3458): Failed to read packet and byte counts from wifi interface
W/System.err( 1965): android.content.pm.PackageManager$NameNotFoundException
W/System.err( 1965): 	at android.app.ApplicationPackageManager.getPackageInfo(ApplicationPackageManager.java:114)
W/System.err( 1965): 	at com.estrongs.android.pop.app.c.ai.c(Unknown Source)
W/System.err( 1965): 	at com.estrongs.android.pop.app.c.ai.a(Unknown Source)
W/System.err( 1965): 	at com.estrongs.android.pop.app.scene.e.q.a(Unknown Source)
W/System.err( 1965): 	at com.estrongs.android.scanner.c.m.run(Unknown Source)
W/System.err( 1965): 	at java.util.concurrent.ThreadPoolExecutor.runWorker(ThreadPoolExecutor.java:1112)
W/System.err( 1965): 	at java.util.concurrent.ThreadPoolExecutor$Worker.run(ThreadPoolExecutor.java:587)
W/System.err( 1965): 	at java.lang.Thread.run(Thread.java:818)
W/System.err( 1965): android.content.pm.PackageManager$NameNotFoundException
W/System.err( 1965): 	at android.app.ApplicationPackageManager.getPackageInfo(ApplicationPackageManager.java:114)
W/System.err( 1965): 	at com.estrongs.android.pop.app.c.ai.c(Unknown Source)
W/System.err( 1965): 	at com.estrongs.android.pop.app.c.ai.a(Unknown Source)
W/System.err( 1965): 	at com.estrongs.android.pop.app.scene.e.q.a(Unknown Source)
W/System.err( 1965): 	at com.estrongs.android.scanner.c.m.run(Unknown Source)
W/System.err( 1965): 	at java.util.concurrent.ThreadPoolExecutor.runWorker(ThreadPoolExecutor.java:1112)
W/System.err( 1965): 	at java.util.concurrent.ThreadPoolExecutor$Worker.run(ThreadPoolExecutor.java:587)
W/System.err( 1965): 	at java.lang.Thread.run(Thread.java:818)
I/CwMcuSensor(  451): CwMcuSensor::flush: fd = 202, sensors_id = 0, path = /sys/class/htc_sensorhub/sensor_hub/flush, err = 0
E/ActivityThread( 1965): Failed to find provider info for com.facebook.katana.provider.AttributionIdProvider
W/ActivityManager(  451): getTasks: caller 10089 does not hold GET_TASKS; limiting output
D/IS_UNITY( 1965): false
W/Wifi    ( 3458): Failed to read packet and byte counts from wifi interface
W/Wifi    ( 3458): Failed to read packet and byte counts from wifi interface
E/WifiStateMachine(  451): WifiStateMachine CMD_START_SCAN source -2 txSuccessRate=3.76 rxSuccessRate=10.32 targetRoamBSSID=f0:9f:c2:f4:cd:d7 RSSI=-58
I/Icing   (  987): IndexChimeraService.getServiceInterface callingPackage=com.android.chrome componentName=null serviceId=36
I/AsyncOpDispatcher(  965): 19-GetFileDescriptorAndDelete
I/Icing   (  987): Usage reports ok 0, Failed Usage reports 0, indexed 0, rejected 0, imm upload false
W/Wifi    ( 3458): Failed to read packet and byte counts from wifi interface
I/Icing   (  987): Indexing 94FBE96EEF13B8AC56FE8C01687FD8A6012559AC from com.android.chrome
I/Icing   (  987): Indexing done 94FBE96EEF13B8AC56FE8C01687FD8A6012559AC
W/Wifi    ( 3458): Failed to read packet and byte counts from wifi interface
W/Wifi    ( 3458): Failed to read packet and byte counts from wifi interface
I/chromium(23245): [INFO:child_process_service_impl.cc(70)] ChildProcessServiceImpl: Exiting child process.
W/libprocessgroup(  451): failed to open /acct/uid_10035/pid_23245/cgroup.procs: No such file or directory
I/ActivityManager(  451): Process com.android.chrome:sandboxed_process4 (pid 23245) has died
W/ActivityManager(  451): Scheduling restart of crashed service com.android.chrome/org.chromium.content.app.SandboxedProcessService4 in 1000ms
W/cr_ChildProcessConn(22672): onServiceDisconnected (crash or killed by oom): pid=23245
W/chromium(22672): [WARNING:compositor_view.cc(255)] Child process disconnected (type=6) pid=23245)
W/Wifi    ( 3458): Failed to read packet and byte counts from wifi interface
D/WifiService(  451): acquireWifiLockLocked: WifiLock{NlpWifiLock type=2 binder=android.os.BinderProxy@2526e9bc}
E/WifiStateMachine(  451): WifiStateMachine CMD_START_SCAN source 10008 txSuccessRate=7.44 rxSuccessRate=14.08 targetRoamBSSID=f0:9f:c2:f4:cd:d7 RSSI=-59
I/AsyncOpDispatcher(  965): 35-GetDeviceDataUploadOptInStatusOperation
I/AsyncOpDispatcher(  965): 35-GetDeviceDataUploadOptInStatusOperation
W/ctxmgr  (  965): [AclManager]No 2 for (accnt=account#-517948760#, com.google.android.gms(10008):IndoorOutdoorProducer, vrsn=12685000, 0, 3pPkg = null ,  3pMdlId = null ,  pid = 965). Was: 3 for 57, account#-517948760#
D/WifiService(  451): releaseWifiLockLocked: WifiLock{NlpWifiLock type=2 binder=android.os.BinderProxy@2526e9bc}
D/libgps  (  451): proxy_gps_inject_location: called.
W/Wifi    ( 3458): Failed to read packet and byte counts from wifi interface
W/Wifi    ( 3458): Failed to read packet and byte counts from wifi interface
W/Wifi    ( 3458): Failed to read packet and byte counts from wifi interface
W/Wifi    ( 3458): Failed to read packet and byte counts from wifi interface
W/Wifi    ( 3458): Failed to read packet and byte counts from wifi interface
W/Wifi    ( 3458): Failed to read packet and byte counts from wifi interface
W/Wifi    ( 3458): Failed to read packet and byte counts from wifi interface
W/Wifi    ( 3458): Failed to read packet and byte counts from wifi interface
W/Wifi    ( 3458): Failed to read packet and byte counts from wifi interface
W/Wifi    ( 3458): Failed to read packet and byte counts from wifi interface
W/Wifi    ( 3458): Failed to read packet and byte counts from wifi interface
W/Wifi    ( 3458): Failed to read packet and byte counts from wifi interface
W/Wifi    ( 3458): Failed to read packet and byte counts from wifi interface
W/Wifi    ( 3458): Failed to read packet and byte counts from wifi interface
W/Wifi    ( 3458): Failed to read packet and byte counts from wifi interface
W/Wifi    ( 3458): Failed to read packet and byte counts from wifi interface
E/WifiStateMachine(  451): WifiStateMachine CMD_START_SCAN source -2 txSuccessRate=0.75 rxSuccessRate=4.27 targetRoamBSSID=f0:9f:c2:f4:cd:d7 RSSI=-59
W/Wifi    ( 3458): Failed to read packet and byte counts from wifi interface
W/Wifi    ( 3458): Failed to read packet and byte counts from wifi interface
W/Wifi    ( 3458): Failed to read packet and byte counts from wifi interface
W/Wifi    ( 3458): Failed to read packet and byte counts from wifi interface
W/Wifi    ( 3458): Failed to read packet and byte counts from wifi interface
W/Wifi    ( 3458): Failed to read packet and byte counts from wifi interface
W/Wifi    ( 3458): Failed to read packet and byte counts from wifi interface
W/Wifi    ( 3458): Failed to read packet and byte counts from wifi interface
W/Wifi    ( 3458): Failed to read packet and byte counts from wifi interface
W/Wifi    ( 3458): Failed to read packet and byte counts from wifi interface
W/Wifi    ( 3458): Failed to read packet and byte counts from wifi interface
W/Wifi    ( 3458): Failed to read packet and byte counts from wifi interface
D/AndroidRuntime(23329): >>>>>> START com.android.internal.os.RuntimeInit uid 2000 <<<<<<
D/AndroidRuntime(23329): CheckJNI is OFF
D/AndroidRuntime(23329): Calling main entry com.android.commands.am.Am
I/Trepn   (21367): Trepn 6.2s: Received intent: com.quicinc.trepn.stop_profiling
I/Trepn   (21367): Trepn 6.2s: Trepn has Stopped Profiling.
D/AndroidRuntime(23329): Shutting down VM
W/Wifi    ( 3458): Failed to read packet and byte counts from wifi interface
D/AndroidRuntime(23353): >>>>>> START com.android.internal.os.RuntimeInit uid 2000 <<<<<<
D/AndroidRuntime(23353): CheckJNI is OFF
D/AndroidRuntime(23353): Calling main entry com.android.commands.am.Am
I/ActivityManager(  451): Force stopping com.android.chrome appid=10035 user=0: from pid 23353
I/ActivityManager(  451): Killing 22822:com.android.chrome:privileged_process0/u0a35 (adj 0): stop com.android.chrome
W/cr_ChildProcessConn(22672): onServiceDisconnected (crash or killed by oom): pid=22822
W/chromium(22672): [WARNING:compositor_view.cc(255)] Child process disconnected (type=9) pid=22822)
W/ActivityManager(  451): Scheduling restart of crashed service com.android.chrome/org.chromium.content.app.PrivilegedProcessService0 in 1000ms
I/ActivityManager(  451): Killing 22672:com.android.chrome/u0a35 (adj 0): stop com.android.chrome
