I/ActivityManager(  451): Start proc 11619:com.android.chrome:sandboxed_process3/u0i101 for service com.android.chrome/org.chromium.content.app.SandboxedProcessService3
W/libprocessgroup(  451): failed to open /acct/uid_10035/pid_11619/cgroup.procs: No such file or directory
I/ActivityManager(  451): Process com.android.chrome:sandboxed_process3 (pid 11619) has died
W/ActivityManager(  451): Scheduling restart of crashed service com.android.chrome/org.chromium.content.app.SandboxedProcessService3 in 1000ms
I/ActivityManager(  451): Killing 4489:android.process.acore/u0a3 (adj 15): empty for 1820s
D/WifiService(  451): acquireWifiLockLocked: WifiLock{NlpWifiLock type=2 binder=android.os.BinderProxy@3c27bcfa}
I/ActivityManager(  451): Start proc 11659:com.google.android.videos/u0a77 for service com.google.android.videos/.service.logging.FlushLogsTaskService
W/ResourcesManager(11659): Asset path '/system/framework/com.google.widevine.software.drm.jar' does not exist or contains no resources.
I/ActivityManager(  451): Start proc 11694:com.android.vending/u0a18 for service com.android.vending/com.google.android.finsky.contentfilterui.ContentFiltersService
D/WifiService(  451): acquireWifiLockLocked: WifiLock{com.google.android.videos.service.drm.LicenseRefresher_tasks type=3 binder=android.os.BinderProxy@15e780b2}
D/WifiService(  451): releaseWifiLockLocked: WifiLock{com.google.android.videos.service.drm.LicenseRefresher_tasks type=3 binder=android.os.BinderProxy@15e780b2}
D/ConnectivityService(  451): listenForNetwork for NetworkRequest [ id=115, legacyType=-1, [ Capabilities: INTERNET&NOT_RESTRICTED&TRUSTED] ]
D/ConnectivityService(  451): handleRegisterNetworkRequest checking NetworkAgentInfo [WIFI () - 102]
D/ConnectivityService(  451): apparently satisfied.  currentScore=60
I/ActivityManager(  451): Force stopping com.android.chrome appid=10035 user=0: from pid 11814
I/ActivityManager(  451): Killing 11305:com.android.chrome:privileged_process0/u0a35 (adj 0): stop com.android.chrome
W/ActivityManager(  451): Scheduling restart of crashed service com.android.chrome/org.chromium.content.app.PrivilegedProcessService0 in 1000ms
I/ActivityManager(  451): Killing 11234:com.android.chrome/u0a35 (adj 0): stop com.android.chrome
I/WindowState(  451): WIN DEATH: Window{cd5df74 u0 com.android.chrome/org.chromium.chrome.browser.ChromeTabbedActivity}
D/ConnectivityService(  451): ConnectivityService NetworkRequestInfo binderDied(NetworkRequest [ id=111, legacyType=-1, [ Capabilities: INTERNET&NOT_RESTRICTED&TRUSTED] ], android.os.BinderProxy@1b9261c5)
W/WindowManager(  451): Force-removing child win Window{25f854e3 u0 SurfaceView} from container Window{cd5df74 u0 com.android.chrome/org.chromium.chrome.browser.ChromeTabbedActivity}
D/ConnectivityService(  451): releasing NetworkRequest NetworkRequest [ id=111, legacyType=-1, [ Capabilities: INTERNET&NOT_RESTRICTED&TRUSTED] ]
E/ConnectivityService(  451): RemoteException caught trying to send a callback msg for NetworkRequest [ id=111, legacyType=-1, [ Capabilities: INTERNET&NOT_RESTRICTED&TRUSTED] ]
D/ConnectivityService(  451): ConnectivityService NetworkRequestInfo binderDied(NetworkRequest [ id=114, legacyType=-1, [ Capabilities: INTERNET&NOT_RESTRICTED&TRUSTED] ], android.os.BinderProxy@3a7bd71a)
D/ConnectivityService(  451): releasing NetworkRequest NetworkRequest [ id=114, legacyType=-1, [ Capabilities: INTERNET&NOT_RESTRICTED&TRUSTED] ]
E/ConnectivityService(  451): RemoteException caught trying to send a callback msg for NetworkRequest [ id=114, legacyType=-1, [ Capabilities: INTERNET&NOT_RESTRICTED&TRUSTED] ]
W/WindowManager(  451): Failed looking up window
W/WindowManager(  451): java.lang.IllegalArgumentException: Requested window android.os.BinderProxy@f688512 does not exist
W/WindowManager(  451): 	at com.android.server.wm.WindowManagerService.windowForClientLocked(WindowManagerService.java:8539)
W/WindowManager(  451): 	at com.android.server.wm.WindowManagerService.windowForClientLocked(WindowManagerService.java:8530)
W/WindowManager(  451): 	at com.android.server.wm.WindowState$DeathRecipient.binderDied(WindowState.java:1142)
W/WindowManager(  451): 	at android.os.BinderProxy.sendDeathNotice(Binder.java:551)
I/WindowState(  451): WIN DEATH: null
W/ActivityManager(  451): Exception when unbinding service com.android.chrome/org.chromium.content.app.SandboxedProcessService2
W/ActivityManager(  451): android.os.DeadObjectException
W/ActivityManager(  451): 	at android.os.BinderProxy.transactNative(Native Method)
W/ActivityManager(  451): 	at android.os.BinderProxy.transact(Binder.java:496)
W/ActivityManager(  451): 	at android.app.ApplicationThreadProxy.scheduleUnbindService(ApplicationThreadNative.java:921)
W/ActivityManager(  451): 	at com.android.server.am.ActiveServices.removeConnectionLocked(ActiveServices.java:1795)
W/ActivityManager(  451): 	at com.android.server.am.ActiveServices.killServicesLocked(ActiveServices.java:2193)
W/ActivityManager(  451): 	at com.android.server.am.ActivityManagerService.cleanUpApplicationRecordLocked(ActivityManagerService.java:14895)
W/ActivityManager(  451): 	at com.android.server.am.ActivityManagerService.handleAppDiedLocked(ActivityManagerService.java:4552)
W/ActivityManager(  451): 	at com.android.server.am.ActivityManagerService.removeProcessLocked(ActivityManagerService.java:5789)
W/ActivityManager(  451): 	at com.android.server.am.ActivityManagerService.killPackageProcessesLocked(ActivityManagerService.java:5594)
W/ActivityManager(  451): 	at com.android.server.am.ActivityManagerService.forceStopPackageLocked(ActivityManagerService.java:5655)
W/ActivityManager(  451): 	at com.android.server.am.ActivityManagerService.forceStopPackageLocked(ActivityManagerService.java:5499)
W/ActivityManager(  451): 	at com.android.server.am.ActivityManagerService.forceStopPackage(ActivityManagerService.java:5309)
W/ActivityManager(  451): 	at android.app.ActivityManagerNative.onTransact(ActivityManagerNative.java:1461)
W/ActivityManager(  451): 	at com.android.server.am.ActivityManagerService.onTransact(ActivityManagerService.java:2208)
W/ActivityManager(  451): 	at android.os.Binder.execTransact(Binder.java:446)
W/ActivityManager(  451): Exception when unbinding service com.android.chrome/org.chromium.content.app.SandboxedProcessService0
W/ActivityManager(  451): android.os.DeadObjectException
W/ActivityManager(  451): 	at android.os.BinderProxy.transactNative(Native Method)
W/ActivityManager(  451): 	at android.os.BinderProxy.transact(Binder.java:496)
W/ActivityManager(  451): 	at android.app.ApplicationThreadProxy.scheduleUnbindService(ApplicationThreadNative.java:921)
W/ActivityManager(  451): 	at com.android.server.am.ActiveServices.removeConnectionLocked(ActiveServices.java:1795)
W/ActivityManager(  451): 	at com.android.server.am.ActiveServices.killServicesLocked(ActiveServices.java:2193)
W/ActivityManager(  451): 	at com.android.server.am.ActivityManagerService.cleanUpApplicationRecordLocked(ActivityManagerService.java:14895)
W/ActivityManager(  451): 	at com.android.server.am.ActivityManagerService.handleAppDiedLocked(ActivityManagerService.java:4552)
W/ActivityManager(  451): 	at com.android.server.am.ActivityManagerService.removeProcessLocked(ActivityManagerService.java:5789)
W/ActivityManager(  451): 	at com.android.server.am.ActivityManagerService.killPackageProcessesLocked(ActivityManagerService.java:5594)
W/ActivityManager(  451): 	at com.android.server.am.ActivityManagerService.forceStopPackageLocked(ActivityManagerService.java:5655)
W/ActivityManager(  451): 	at com.android.server.am.ActivityManagerService.forceStopPackageLocked(ActivityManagerService.java:5499)
W/ActivityManager(  451): 	at com.android.server.am.ActivityManagerService.forceStopPackage(ActivityManagerService.java:5309)
W/ActivityManager(  451): 	at android.app.ActivityManagerNative.onTransact(ActivityManagerNative.java:1461)
W/ActivityManager(  451): 	at com.android.server.am.ActivityManagerService.onTransact(ActivityManagerService.java:2208)
W/ActivityManager(  451): 	at android.os.Binder.execTransact(Binder.java:446)
I/ActivityManager(  451): Killing 11524:com.android.chrome:sandboxed_process2/u0a35i100 (adj 10): isolated not needed
W/libprocessgroup(  451): failed to open /acct/uid_10035/pid_11524/cgroup.procs: No such file or directory
W/ActivityManager(  451): Force removing ActivityRecord{2b5664ac u0 com.android.chrome/org.chromium.chrome.browser.ChromeTabbedActivity t3121}: app died, no saved state
I/ActivityManager(  451): Killing 11391:com.android.chrome:sandboxed_process0/u0a35i98 (adj 9): isolated not needed
W/libprocessgroup(  451): failed to open /acct/uid_10035/pid_11391/cgroup.procs: No such file or directory
W/ActivityManager(  451): Spurious death for ProcessRecord{2615c080 11305:com.android.chrome:privileged_process0/u0a35}, curProc for 11305: null
W/ActivityManager(  451): Unbind failed: could not find connection for android.os.BinderProxy@2b9d05a1
W/ActivityManager(  451): Spurious death for ProcessRecord{2d5cebec 11234:com.android.chrome/u0a35}, curProc for 11234: null
W/InputMethodManagerService(  451): Got RemoteException sending setActive(false) notification to pid 11234 uid 10035
D/WifiService(  451): releaseWifiLockLocked: WifiLock{NlpWifiLock type=2 binder=android.os.BinderProxy@3c27bcfa}
I/ActivityManager(  451): Force stopping com.android.chrome appid=10035 user=0: clear data
D/TaskPersister(  451): removeObsoleteFile: deleting file=3121_task.xml
D/TaskPersister(  451): removeObsoleteFile: deleting file=3121_task_thumbnail.png
I/ActivityManager(  451): Start proc 11866:com.android.chrome/u0a35 for content provider com.android.chrome/com.google.android.apps.chrome.icing.IcingProvider
W/ResourcesManager(11866): Asset path '/system/framework/com.android.media.remotedisplay.jar' does not exist or contains no resources.
W/ResourcesManager(11866): Asset path '/system/framework/com.android.location.provider.jar' does not exist or contains no resources.
W/FileUtils(11189): Failed to chmod(/storage/emulated/0/trepn/Trepn_2018.06.11_184938.db): android.system.ErrnoException: chmod failed: EPERM (Operation not permitted)
I/EntropyMixer(  451): Writing entropy...
I/ProcessStatsService(  451): Prepared write state in 4ms
V/ActivityManager(  451): Display changed displayId=0
I/ActivityManager(  451): Config changes=480 {1.0 ?mcc?mnc en_US ldltr sw768dp w1024dp h695dp 320dpi xlrg land finger -keyb/v/h -nav/h s.14}
I/ActivityManager(  451): Start proc 12044:android.process.acore/u0a3 for content provider com.android.providers.contacts/.ContactsProvider2
V/WindowManager(  451): Adding window Window{de98a6d u0 com.google.android.googlequicksearchbox/com.google.android.launcher.GEL} at 2 of 16 (after Window{91c7c66 u0 com.android.systemui/com.android.systemui.recents.RecentsActivity})
I/WindowManager(  451): Screen frozen for +1s49ms due to Window{de98a6d u0 com.google.android.googlequicksearchbox/com.google.android.launcher.GEL}
I/ActivityManager(  451): Config changes=480 {1.0 ?mcc?mnc en_US ldltr sw768dp w768dp h951dp 320dpi xlrg port finger -keyb/v/h -nav/h s.15}
V/ActivityManager(  451): Display changed displayId=0
V/WindowManager(  451): Adding window Window{26eebbb2 u0 com.google.android.googlequicksearchbox/com.google.android.launcher.GEL} at 2 of 16 (after Window{91c7c66 u0 com.android.systemui/com.android.systemui.recents.RecentsActivity})
I/WindowManager(  451): Screen frozen for +505ms due to Window{26eebbb2 u0 com.google.android.googlequicksearchbox/com.google.android.launcher.GEL}
V/ActivityManager(  451): Display changed displayId=0
I/ActivityManager(  451): Config changes=480 {1.0 ?mcc?mnc en_US ldltr sw768dp w1024dp h695dp 320dpi xlrg land finger -keyb/v/h -nav/h s.16}
V/WindowManager(  451): Adding window Window{80e6ff8 u0 com.google.android.googlequicksearchbox/com.google.android.launcher.GEL} at 2 of 16 (after Window{91c7c66 u0 com.android.systemui/com.android.systemui.recents.RecentsActivity})
I/WindowManager(  451): Screen frozen for +415ms due to Window{80e6ff8 u0 com.google.android.googlequicksearchbox/com.google.android.launcher.GEL}
V/ActivityManager(  451): Display changed displayId=0
I/ActivityManager(  451): Config changes=480 {1.0 ?mcc?mnc en_US ldltr sw768dp w768dp h951dp 320dpi xlrg port finger -keyb/v/h -nav/h s.17}
V/WindowManager(  451): Adding window Window{3537906e u0 com.google.android.googlequicksearchbox/com.google.android.launcher.GEL} at 2 of 16 (after Window{91c7c66 u0 com.android.systemui/com.android.systemui.recents.RecentsActivity})
I/WindowManager(  451): Screen frozen for +471ms due to Window{3537906e u0 com.google.android.googlequicksearchbox/com.google.android.launcher.GEL}
I/ActivityManager(  451): Force stopping com.android.chrome appid=10035 user=0: from pid 12160
I/ActivityManager(  451): Killing 11866:com.android.chrome/u0a35 (adj 9): stop com.android.chrome
W/ActivityManager(  451): Spurious death for ProcessRecord{2ab264ef 11866:com.android.chrome/u0a35}, curProc for 11866: null
I/ActivityManager(  451): START u0 {act=android.intent.action.VIEW flg=0x10008000 cmp=com.android.chrome/com.google.android.apps.chrome.Main} from uid 2000 on display 0
V/WindowManager(  451): addAppToken: AppWindowToken{21f808da token=Token{24fd4285 ActivityRecord{88ffbfc u0 com.android.chrome/com.google.android.apps.chrome.Main t3123}}} to stack=1 task=3123 at 0
I/ActivityManager(  451): Start proc 12178:com.android.chrome/u0a35 for activity com.android.chrome/com.google.android.apps.chrome.Main
W/ResourcesManager(12178): Asset path '/system/framework/com.android.media.remotedisplay.jar' does not exist or contains no resources.
W/ResourcesManager(12178): Asset path '/system/framework/com.android.location.provider.jar' does not exist or contains no resources.
I/ActivityManager(  451): START u0 {cmp=com.android.chrome/org.chromium.chrome.browser.firstrun.FirstRunActivity (has extras)} from uid 10035 on display 0
V/WindowManager(  451): addAppToken: AppWindowToken{1c5be683 token=Token{27fed932 ActivityRecord{26863d3d u0 com.android.chrome/org.chromium.chrome.browser.firstrun.FirstRunActivity t3124}}} to stack=1 task=3124 at 0
V/WindowManager(  451): Based on layer: Adding window Window{2ed9a2fb u0 com.android.chrome/org.chromium.chrome.browser.firstrun.FirstRunActivity} at 3 of 17
I/ActivityManager(  451): Start proc 12205:com.android.chrome:sandboxed_process0/u0i102 for service com.android.chrome/org.chromium.content.app.SandboxedProcessService0
I/ActivityManager(  451): Start proc 12248:com.android.chrome:privileged_process0/u0a35 for service com.android.chrome/org.chromium.content.app.PrivilegedProcessService0
D/ConnectivityService(  451): listenForNetwork for NetworkRequest [ id=116, legacyType=-1, [ Capabilities: INTERNET&NOT_RESTRICTED&TRUSTED] ]
D/ConnectivityService(  451): handleRegisterNetworkRequest checking NetworkAgentInfo [WIFI () - 102]
D/ConnectivityService(  451): apparently satisfied.  currentScore=60
D/ConnectivityService(  451): listenForNetwork for NetworkRequest [ id=117, legacyType=-1, [ Capabilities: INTERNET&NOT_RESTRICTED&TRUSTED] ]
D/ConnectivityService(  451): handleRegisterNetworkRequest checking NetworkAgentInfo [WIFI () - 102]
D/ConnectivityService(  451): apparently satisfied.  currentScore=60
I/ActivityManager(  451): Process com.google.android.apps.docs (pid 6973) has died
I/ActivityManager(  451): Process com.google.android.apps.gcs (pid 3633) has died
D/WifiService(  451): Client connection lost with reason: 4
I/ActivityManager(  451): Process com.google.android.apps.plus (pid 4435) has died
I/ActivityManager(  451): Process com.opera.browser (pid 3527) has died
W/ActivityManager(  451): Scheduling restart of crashed service com.opera.browser/com.opera.android.dashboard.newsfeed.statistic.NewsFeedService in 1000ms
I/ActivityManager(  451): Process android.process.media (pid 6408) has died
W/ActivityManager(  451): Scheduling restart of crashed service com.android.providers.media/.MtpService in 10994ms
I/ActivityManager(  451): Start proc 12272:com.opera.browser/u0a85 for service com.opera.browser/com.opera.android.dashboard.newsfeed.statistic.NewsFeedService
W/libprocessgroup(  451): failed to open /acct/uid_10035/pid_12205/cgroup.procs: No such file or directory
I/ActivityManager(  451): Process com.android.chrome:sandboxed_process0 (pid 12205) has died
W/ActivityManager(  451): Scheduling restart of crashed service com.android.chrome/org.chromium.content.app.SandboxedProcessService0 in 11098ms
I/ActivityManager(  451): START u0 {act=android.intent.action.VIEW flg=0x10808000 cmp=com.android.chrome/com.google.android.apps.chrome.Main (has extras)} from uid 10035 on display 0
V/WindowManager(  451): addAppToken: AppWindowToken{2c1ad769 token=Token{fad05f0 ActivityRecord{2a9e4e33 u0 com.android.chrome/com.google.android.apps.chrome.Main t3125}}} to stack=1 task=3125 at 0
D/ConnectivityService(  451): releasing NetworkRequest NetworkRequest [ id=117, legacyType=-1, [ Capabilities: INTERNET&NOT_RESTRICTED&TRUSTED] ]
D/ConnectivityService(  451): listenForNetwork for NetworkRequest [ id=118, legacyType=-1, [ Capabilities: INTERNET&NOT_RESTRICTED&TRUSTED] ]
D/ConnectivityService(  451): handleRegisterNetworkRequest checking NetworkAgentInfo [WIFI () - 102]
D/ConnectivityService(  451): apparently satisfied.  currentScore=60
I/ActivityManager(  451): START u0 {act=android.intent.action.VIEW flg=0x14002000 cmp=com.android.chrome/org.chromium.chrome.browser.ChromeTabbedActivity (has extras)} from uid 10035 on display 0
V/WindowManager(  451): addAppToken: AppWindowToken{3ac7a308 token=Token{30ab50ab ActivityRecord{38ae72fa u0 com.android.chrome/org.chromium.chrome.browser.ChromeTabbedActivity t3126}}} to stack=1 task=3126 at 0
V/WindowManager(  451): Based on layer: Adding window Window{bdb6cd9 u0 Starting com.android.chrome} at 4 of 18
I/ActivityManager(  451): Start proc 12411:com.android.chrome:sandboxed_process0/u0i103 for service com.android.chrome/org.chromium.content.app.SandboxedProcessService0
V/WindowManager(  451): Adding window Window{2ff23c50 u0 com.android.chrome/org.chromium.chrome.browser.ChromeTabbedActivity} at 4 of 19 (before Window{bdb6cd9 u0 Starting com.android.chrome})
I/ActivityManager(  451): Start proc 12430:android.process.media/u0a5 for service com.android.providers.media/.MtpService
V/WindowManager(  451): Adding window Window{26506d81 u0 SurfaceView} at 4 of 20 (before Window{2ff23c50 u0 com.android.chrome/org.chromium.chrome.browser.ChromeTabbedActivity})
I/ActivityManager(  451): Start proc 12482:com.android.chrome:sandboxed_process1/u0i104 for service com.android.chrome/org.chromium.content.app.SandboxedProcessService1
I/ActivityManager(  451): Activity reported stop, but no longer stopping: ActivityRecord{26863d3d u0 com.android.chrome/org.chromium.chrome.browser.firstrun.FirstRunActivity t3124 f}
W/FileUtils(11189): Failed to chmod(/storage/emulated/0/trepn/Trepn_2018.06.11_185306.db): android.system.ErrnoException: chmod failed: EPERM (Operation not permitted)
D/TaskPersister(  451): removeObsoleteFile: deleting file=3124_task_thumbnail.png
I/ActivityManager(  451): START u0 {act=android.intent.action.VIEW dat=localhost:8000 flg=0x10000000 cmp=com.android.chrome/com.google.android.apps.chrome.Main} from uid 2000 on display 0
V/WindowManager(  451): addAppToken: AppWindowToken{55135d token=Token{2b03a934 ActivityRecord{2fd02407 u0 com.android.chrome/com.google.android.apps.chrome.Main t3127}}} to stack=1 task=3127 at 0
D/ConnectivityService(  451): releasing NetworkRequest NetworkRequest [ id=118, legacyType=-1, [ Capabilities: INTERNET&NOT_RESTRICTED&TRUSTED] ]
D/ConnectivityService(  451): listenForNetwork for NetworkRequest [ id=119, legacyType=-1, [ Capabilities: INTERNET&NOT_RESTRICTED&TRUSTED] ]
D/ConnectivityService(  451): handleRegisterNetworkRequest checking NetworkAgentInfo [WIFI () - 102]
D/ConnectivityService(  451): apparently satisfied.  currentScore=60
I/ActivityManager(  451): START u0 {act=android.intent.action.VIEW dat=localhost:8000 flg=0x14002000 cmp=com.android.chrome/org.chromium.chrome.browser.ChromeTabbedActivity (has extras)} from uid 10035 on display 0
W/InputMethodManagerService(  451): Window already focused, ignoring focus gain of: com.android.internal.view.IInputMethodClient$Stub$Proxy@26deeacc attribute=null, token = android.os.BinderProxy@3a36e213
I/ActivityManager(  451): Start proc 12556:com.android.chrome:sandboxed_process2/u0i105 for service com.android.chrome/org.chromium.content.app.SandboxedProcessService2
I/ActivityManager(  451): Process com.google.android.instantapps.supervisor (pid 5687) has died
I/ActivityManager(  451): Process com.google.android.videos (pid 11659) has died
I/ActivityManager(  451): Process com.google.android.apps.photos (pid 4459) has died
W/libprocessgroup(  451): failed to open /acct/uid_10035/pid_12482/cgroup.procs: No such file or directory
I/ActivityManager(  451): Process com.android.chrome:sandboxed_process1 (pid 12482) has died
W/ActivityManager(  451): Scheduling restart of crashed service com.android.chrome/org.chromium.content.app.SandboxedProcessService1 in 1000ms
D/WifiService(  451): acquireWifiLockLocked: WifiLock{NlpWifiLock type=2 binder=android.os.BinderProxy@1f2776df}
D/WifiService(  451): releaseWifiLockLocked: WifiLock{NlpWifiLock type=2 binder=android.os.BinderProxy@1f2776df}
I/ActivityManager(  451): Start proc 12754:com.android.chrome:sandboxed_process3/u0i106 for service com.android.chrome/org.chromium.content.app.SandboxedProcessService3
D/WifiService(  451): acquireWifiLockLocked: WifiLock{NlpWifiLock type=2 binder=android.os.BinderProxy@31874b5c}
D/WifiService(  451): releaseWifiLockLocked: WifiLock{NlpWifiLock type=2 binder=android.os.BinderProxy@31874b5c}
W/libprocessgroup(  451): failed to open /acct/uid_10035/pid_12754/cgroup.procs: No such file or directory
I/ActivityManager(  451): Process com.android.chrome:sandboxed_process3 (pid 12754) has died
W/ActivityManager(  451): Scheduling restart of crashed service com.android.chrome/org.chromium.content.app.SandboxedProcessService3 in 1000ms
I/ActivityManager(  451): Force stopping com.android.chrome appid=10035 user=0: from pid 12989
I/ActivityManager(  451): Killing 12248:com.android.chrome:privileged_process0/u0a35 (adj 0): stop com.android.chrome
W/ActivityManager(  451): Scheduling restart of crashed service com.android.chrome/org.chromium.content.app.PrivilegedProcessService0 in 1000ms
I/ActivityManager(  451): Killing 12178:com.android.chrome/u0a35 (adj 0): stop com.android.chrome
I/WindowState(  451): WIN DEATH: Window{26506d81 u0 SurfaceView}
D/ConnectivityService(  451): ConnectivityService NetworkRequestInfo binderDied(NetworkRequest [ id=116, legacyType=-1, [ Capabilities: INTERNET&NOT_RESTRICTED&TRUSTED] ], android.os.BinderProxy@107e67af)
D/ConnectivityService(  451): releasing NetworkRequest NetworkRequest [ id=116, legacyType=-1, [ Capabilities: INTERNET&NOT_RESTRICTED&TRUSTED] ]
D/ConnectivityService(  451): ConnectivityService NetworkRequestInfo binderDied(NetworkRequest [ id=119, legacyType=-1, [ Capabilities: INTERNET&NOT_RESTRICTED&TRUSTED] ], android.os.BinderProxy@29c3a7bc)
E/ConnectivityService(  451): RemoteException caught trying to send a callback msg for NetworkRequest [ id=116, legacyType=-1, [ Capabilities: INTERNET&NOT_RESTRICTED&TRUSTED] ]
D/ConnectivityService(  451): releasing NetworkRequest NetworkRequest [ id=119, legacyType=-1, [ Capabilities: INTERNET&NOT_RESTRICTED&TRUSTED] ]
E/ConnectivityService(  451): RemoteException caught trying to send a callback msg for NetworkRequest [ id=119, legacyType=-1, [ Capabilities: INTERNET&NOT_RESTRICTED&TRUSTED] ]
I/WindowState(  451): WIN DEATH: Window{2ff23c50 u0 com.android.chrome/org.chromium.chrome.browser.ChromeTabbedActivity}
W/ActivityManager(  451): Exception when unbinding service com.android.chrome/org.chromium.content.app.SandboxedProcessService2
W/ActivityManager(  451): android.os.DeadObjectException
W/ActivityManager(  451): 	at android.os.BinderProxy.transactNative(Native Method)
W/ActivityManager(  451): 	at android.os.BinderProxy.transact(Binder.java:496)
W/ActivityManager(  451): 	at android.app.ApplicationThreadProxy.scheduleUnbindService(ApplicationThreadNative.java:921)
W/ActivityManager(  451): 	at com.android.server.am.ActiveServices.removeConnectionLocked(ActiveServices.java:1795)
W/ActivityManager(  451): 	at com.android.server.am.ActiveServices.killServicesLocked(ActiveServices.java:2193)
W/ActivityManager(  451): 	at com.android.server.am.ActivityManagerService.cleanUpApplicationRecordLocked(ActivityManagerService.java:14895)
W/ActivityManager(  451): 	at com.android.server.am.ActivityManagerService.handleAppDiedLocked(ActivityManagerService.java:4552)
W/ActivityManager(  451): 	at com.android.server.am.ActivityManagerService.removeProcessLocked(ActivityManagerService.java:5789)
W/ActivityManager(  451): 	at com.android.server.am.ActivityManagerService.killPackageProcessesLocked(ActivityManagerService.java:5594)
W/ActivityManager(  451): 	at com.android.server.am.ActivityManagerService.forceStopPackageLocked(ActivityManagerService.java:5655)
W/ActivityManager(  451): 	at com.android.server.am.ActivityManagerService.forceStopPackageLocked(ActivityManagerService.java:5499)
W/ActivityManager(  451): 	at com.android.server.am.ActivityManagerService.forceStopPackage(ActivityManagerService.java:5309)
W/ActivityManager(  451): 	at android.app.ActivityManagerNative.onTransact(ActivityManagerNative.java:1461)
W/ActivityManager(  451): 	at com.android.server.am.ActivityManagerService.onTransact(ActivityManagerService.java:2208)
W/ActivityManager(  451): 	at android.os.Binder.execTransact(Binder.java:446)
W/ActivityManager(  451): Exception when unbinding service com.android.chrome/org.chromium.content.app.SandboxedProcessService0
W/ActivityManager(  451): android.os.DeadObjectException
W/ActivityManager(  451): 	at android.os.BinderProxy.transactNative(Native Method)
W/ActivityManager(  451): 	at android.os.BinderProxy.transact(Binder.java:496)
W/ActivityManager(  451): 	at android.app.ApplicationThreadProxy.scheduleUnbindService(ApplicationThreadNative.java:921)
W/ActivityManager(  451): 	at com.android.server.am.ActiveServices.removeConnectionLocked(ActiveServices.java:1795)
W/ActivityManager(  451): 	at com.android.server.am.ActiveServices.killServicesLocked(ActiveServices.java:2193)
W/ActivityManager(  451): 	at com.android.server.am.ActivityManagerService.cleanUpApplicationRecordLocked(ActivityManagerService.java:14895)
W/ActivityManager(  451): 	at com.android.server.am.ActivityManagerService.handleAppDiedLocked(ActivityManagerService.java:4552)
W/ActivityManager(  451): 	at com.android.server.am.ActivityManagerService.removeProcessLocked(ActivityManagerService.java:5789)
W/ActivityManager(  451): 	at com.android.server.am.ActivityManagerService.killPackageProcessesLocked(ActivityManagerService.java:5594)
W/ActivityManager(  451): 	at com.android.server.am.ActivityManagerService.forceStopPackageLocked(ActivityManagerService.java:5655)
W/ActivityManager(  451): 	at com.android.server.am.ActivityManagerService.forceStopPackageLocked(ActivityManagerService.java:5499)
W/ActivityManager(  451): 	at com.android.server.am.ActivityManagerService.forceStopPackage(ActivityManagerService.java:5309)
W/ActivityManager(  451): 	at android.app.ActivityManagerNative.onTransact(ActivityManagerNative.java:1461)
W/ActivityManager(  451): 	at com.android.server.am.ActivityManagerService.onTransact(ActivityManagerService.java:2208)
W/ActivityManager(  451): 	at android.os.Binder.execTransact(Binder.java:446)
I/ActivityManager(  451): Killing 12556:com.android.chrome:sandboxed_process2/u0a35i105 (adj 10): isolated not needed
W/libprocessgroup(  451): failed to open /acct/uid_10035/pid_12556/cgroup.procs: No such file or directory
W/ActivityManager(  451): Force removing ActivityRecord{38ae72fa u0 com.android.chrome/org.chromium.chrome.browser.ChromeTabbedActivity t3126}: app died, no saved state
I/ActivityManager(  451): Killing 12411:com.android.chrome:sandboxed_process0/u0a35i103 (adj 9): isolated not needed
W/libprocessgroup(  451): failed to open /acct/uid_10035/pid_12411/cgroup.procs: No such file or directory
W/ActivityManager(  451): Spurious death for ProcessRecord{3945e5ee 12248:com.android.chrome:privileged_process0/u0a35}, curProc for 12248: null
W/ActivityManager(  451): Unbind failed: could not find connection for android.os.BinderProxy@218ad892
W/ActivityManager(  451): Spurious death for ProcessRecord{b750f18 12178:com.android.chrome/u0a35}, curProc for 12178: null
W/InputMethodManagerService(  451): Got RemoteException sending setActive(false) notification to pid 12178 uid 10035
I/ActivityManager(  451): Force stopping com.android.chrome appid=10035 user=0: clear data
D/TaskPersister(  451): removeObsoleteFile: deleting file=3126_task.xml
D/TaskPersister(  451): removeObsoleteFile: deleting file=3126_task_thumbnail.png
I/ActivityManager(  451): Start proc 13041:com.google.android.apps.photos/u0a66 for broadcast com.google.android.apps.photos/com.google.android.libraries.social.mediastoresync.reset.impl.MediaStoreClearedReceiver
I/ActivityManager(  451): Start proc 13066:com.android.chrome/u0a35 for content provider com.android.chrome/com.google.android.apps.chrome.icing.IcingProvider
W/ResourcesManager(13066): Asset path '/system/framework/com.android.media.remotedisplay.jar' does not exist or contains no resources.
W/ResourcesManager(13066): Asset path '/system/framework/com.android.location.provider.jar' does not exist or contains no resources.
W/FileUtils(11189): Failed to chmod(/storage/emulated/0/trepn/Trepn_2018.06.11_185306.db): android.system.ErrnoException: chmod failed: EPERM (Operation not permitted)
I/ActivityManager(  451): Killing 6957:com.android.externalstorage/u0a6 (adj 15): empty for 1828s
I/ActivityManager(  451): Force stopping com.android.chrome appid=10035 user=0: from pid 13371
I/ActivityManager(  451): Killing 13066:com.android.chrome/u0a35 (adj 9): stop com.android.chrome
W/ActivityManager(  451): Spurious death for ProcessRecord{c18b940 13066:com.android.chrome/u0a35}, curProc for 13066: null
I/ActivityManager(  451): START u0 {act=android.intent.action.VIEW flg=0x10008000 cmp=com.android.chrome/com.google.android.apps.chrome.Main} from uid 2000 on display 0
V/WindowManager(  451): addAppToken: AppWindowToken{10ca221f token=Token{23f091be ActivityRecord{36789079 u0 com.android.chrome/com.google.android.apps.chrome.Main t3128}}} to stack=1 task=3128 at 0
I/ActivityManager(  451): Start proc 13383:com.android.chrome/u0a35 for activity com.android.chrome/com.google.android.apps.chrome.Main
W/ResourcesManager(13383): Asset path '/system/framework/com.android.media.remotedisplay.jar' does not exist or contains no resources.
W/ResourcesManager(13383): Asset path '/system/framework/com.android.location.provider.jar' does not exist or contains no resources.
I/ActivityManager(  451): START u0 {cmp=com.android.chrome/org.chromium.chrome.browser.firstrun.FirstRunActivity (has extras)} from uid 10035 on display 0
V/WindowManager(  451): addAppToken: AppWindowToken{4e43a04 token=Token{10a83617 ActivityRecord{311b1a96 u0 com.android.chrome/org.chromium.chrome.browser.firstrun.FirstRunActivity t3129}}} to stack=1 task=3129 at 0
V/WindowManager(  451): Based on layer: Adding window Window{e86c59c u0 com.android.chrome/org.chromium.chrome.browser.firstrun.FirstRunActivity} at 3 of 17
I/ActivityManager(  451): Start proc 13411:com.android.chrome:sandboxed_process0/u0i107 for service com.android.chrome/org.chromium.content.app.SandboxedProcessService0
I/ActivityManager(  451): Start proc 13458:com.android.chrome:privileged_process0/u0a35 for service com.android.chrome/org.chromium.content.app.PrivilegedProcessService0
D/ConnectivityService(  451): listenForNetwork for NetworkRequest [ id=120, legacyType=-1, [ Capabilities: INTERNET&NOT_RESTRICTED&TRUSTED] ]
D/ConnectivityService(  451): handleRegisterNetworkRequest checking NetworkAgentInfo [WIFI () - 102]
D/ConnectivityService(  451): apparently satisfied.  currentScore=60
D/ConnectivityService(  451): listenForNetwork for NetworkRequest [ id=121, legacyType=-1, [ Capabilities: INTERNET&NOT_RESTRICTED&TRUSTED] ]
D/ConnectivityService(  451): handleRegisterNetworkRequest checking NetworkAgentInfo [WIFI () - 102]
D/ConnectivityService(  451): apparently satisfied.  currentScore=60
W/libprocessgroup(  451): failed to open /acct/uid_10035/pid_13411/cgroup.procs: No such file or directory
I/ActivityManager(  451): Process com.android.chrome:sandboxed_process0 (pid 13411) has died
W/ActivityManager(  451): Scheduling restart of crashed service com.android.chrome/org.chromium.content.app.SandboxedProcessService0 in 1000ms
I/ActivityManager(  451): START u0 {act=android.intent.action.VIEW flg=0x10808000 cmp=com.android.chrome/com.google.android.apps.chrome.Main (has extras)} from uid 10035 on display 0
V/WindowManager(  451): addAppToken: AppWindowToken{16c96e5c token=Token{2abaa4cf ActivityRecord{38fbb12e u0 com.android.chrome/com.google.android.apps.chrome.Main t3130}}} to stack=1 task=3130 at 0
D/ConnectivityService(  451): releasing NetworkRequest NetworkRequest [ id=121, legacyType=-1, [ Capabilities: INTERNET&NOT_RESTRICTED&TRUSTED] ]
D/ConnectivityService(  451): listenForNetwork for NetworkRequest [ id=122, legacyType=-1, [ Capabilities: INTERNET&NOT_RESTRICTED&TRUSTED] ]
D/ConnectivityService(  451): handleRegisterNetworkRequest checking NetworkAgentInfo [WIFI () - 102]
D/ConnectivityService(  451): apparently satisfied.  currentScore=60
I/ActivityManager(  451): START u0 {act=android.intent.action.VIEW flg=0x14002000 cmp=com.android.chrome/org.chromium.chrome.browser.ChromeTabbedActivity (has extras)} from uid 10035 on display 0
V/WindowManager(  451): addAppToken: AppWindowToken{c705ec7 token=Token{b9cb806 ActivityRecord{3e8fc2e1 u0 com.android.chrome/org.chromium.chrome.browser.ChromeTabbedActivity t3131}}} to stack=1 task=3131 at 0
V/WindowManager(  451): Based on layer: Adding window Window{1df3268c u0 Starting com.android.chrome} at 4 of 18
I/ActivityManager(  451): Start proc 13543:com.android.chrome:sandboxed_process0/u0i108 for service com.android.chrome/org.chromium.content.app.SandboxedProcessService0
V/WindowManager(  451): Adding window Window{1b718042 u0 com.android.chrome/org.chromium.chrome.browser.ChromeTabbedActivity} at 4 of 19 (before Window{1df3268c u0 Starting com.android.chrome})
V/WindowManager(  451): Adding window Window{8ae4e89 u0 SurfaceView} at 4 of 20 (before Window{1b718042 u0 com.android.chrome/org.chromium.chrome.browser.ChromeTabbedActivity})
I/ActivityManager(  451): Start proc 13603:com.android.chrome:sandboxed_process1/u0i109 for service com.android.chrome/org.chromium.content.app.SandboxedProcessService1
I/ActivityManager(  451): Activity reported stop, but no longer stopping: ActivityRecord{311b1a96 u0 com.android.chrome/org.chromium.chrome.browser.firstrun.FirstRunActivity t3129 f}
W/FileUtils(11189): Failed to chmod(/storage/emulated/0/trepn/Trepn_2018.06.11_185634.db): android.system.ErrnoException: chmod failed: EPERM (Operation not permitted)
D/TaskPersister(  451): removeObsoleteFile: deleting file=3129_task_thumbnail.png
I/ActivityManager(  451): START u0 {act=android.intent.action.VIEW dat=localhost:8000 flg=0x10000000 cmp=com.android.chrome/com.google.android.apps.chrome.Main} from uid 2000 on display 0
V/WindowManager(  451): addAppToken: AppWindowToken{6f18c4f token=Token{ca786ae ActivityRecord{1aef8329 u0 com.android.chrome/com.google.android.apps.chrome.Main t3132}}} to stack=1 task=3132 at 0
D/ConnectivityService(  451): releasing NetworkRequest NetworkRequest [ id=122, legacyType=-1, [ Capabilities: INTERNET&NOT_RESTRICTED&TRUSTED] ]
D/ConnectivityService(  451): listenForNetwork for NetworkRequest [ id=123, legacyType=-1, [ Capabilities: INTERNET&NOT_RESTRICTED&TRUSTED] ]
D/ConnectivityService(  451): handleRegisterNetworkRequest checking NetworkAgentInfo [WIFI () - 102]
D/ConnectivityService(  451): apparently satisfied.  currentScore=60
I/ActivityManager(  451): START u0 {act=android.intent.action.VIEW dat=localhost:8000 flg=0x14002000 cmp=com.android.chrome/org.chromium.chrome.browser.ChromeTabbedActivity (has extras)} from uid 10035 on display 0
W/InputMethodManagerService(  451): Window already focused, ignoring focus gain of: com.android.internal.view.IInputMethodClient$Stub$Proxy@133dbd86 attribute=null, token = android.os.BinderProxy@cadd68d
I/ActivityManager(  451): Start proc 13667:com.android.chrome:sandboxed_process2/u0i110 for service com.android.chrome/org.chromium.content.app.SandboxedProcessService2
I/ActivityManager(  451): Start proc 13709:com.google.android.apps.maps/u0a60 for service com.google.android.apps.maps/com.google.android.apps.gmm.offline.update.OfflineAutoUpdateJobService
W/libprocessgroup(  451): failed to open /acct/uid_10035/pid_13603/cgroup.procs: No such file or directory
I/ActivityManager(  451): Process com.android.chrome:sandboxed_process1 (pid 13603) has died
W/ActivityManager(  451): Scheduling restart of crashed service com.android.chrome/org.chromium.content.app.SandboxedProcessService1 in 1000ms
D/DownloadManager(12430): Removed 0 stale downloads
D/DownloadManager(12430): Found 0 files in database
D/DownloadManager(12430): Found 0 files on disk
W/ResourcesManager(13709): Asset path '/system/framework/com.android.media.remotedisplay.jar' does not exist or contains no resources.
W/ResourcesManager(13709): Asset path '/system/framework/com.android.location.provider.jar' does not exist or contains no resources.
D/ConnectivityService(  451): listenForNetwork for NetworkRequest [ id=124, legacyType=-1, [ Capabilities: INTERNET&NOT_RESTRICTED&TRUSTED] ]
D/ConnectivityService(  451): handleRegisterNetworkRequest checking NetworkAgentInfo [WIFI () - 102]
D/ConnectivityService(  451): apparently satisfied.  currentScore=60
I/ActivityManager(  451): Start proc 13811:com.android.chrome:sandboxed_process3/u0i111 for service com.android.chrome/org.chromium.content.app.SandboxedProcessService3
W/libprocessgroup(  451): failed to open /acct/uid_10035/pid_13811/cgroup.procs: No such file or directory
I/ActivityManager(  451): Process com.android.chrome:sandboxed_process3 (pid 13811) has died
W/ActivityManager(  451): Scheduling restart of crashed service com.android.chrome/org.chromium.content.app.SandboxedProcessService3 in 1000ms
I/ActivityManager(  451): Force stopping com.android.chrome appid=10035 user=0: from pid 13881
I/ActivityManager(  451): Killing 13458:com.android.chrome:privileged_process0/u0a35 (adj 0): stop com.android.chrome
W/ActivityManager(  451): Scheduling restart of crashed service com.android.chrome/org.chromium.content.app.PrivilegedProcessService0 in 1000ms
I/ActivityManager(  451): Killing 13383:com.android.chrome/u0a35 (adj 0): stop com.android.chrome
D/ConnectivityService(  451): ConnectivityService NetworkRequestInfo binderDied(NetworkRequest [ id=120, legacyType=-1, [ Capabilities: INTERNET&NOT_RESTRICTED&TRUSTED] ], android.os.BinderProxy@1d25d8d)
D/ConnectivityService(  451): releasing NetworkRequest NetworkRequest [ id=120, legacyType=-1, [ Capabilities: INTERNET&NOT_RESTRICTED&TRUSTED] ]
I/WindowState(  451): WIN DEATH: Window{8ae4e89 u0 SurfaceView}
D/ConnectivityService(  451): ConnectivityService NetworkRequestInfo binderDied(NetworkRequest [ id=123, legacyType=-1, [ Capabilities: INTERNET&NOT_RESTRICTED&TRUSTED] ], android.os.BinderProxy@720fb42)
E/ConnectivityService(  451): RemoteException caught trying to send a callback msg for NetworkRequest [ id=120, legacyType=-1, [ Capabilities: INTERNET&NOT_RESTRICTED&TRUSTED] ]
D/ConnectivityService(  451): releasing NetworkRequest NetworkRequest [ id=123, legacyType=-1, [ Capabilities: INTERNET&NOT_RESTRICTED&TRUSTED] ]
E/ConnectivityService(  451): RemoteException caught trying to send a callback msg for NetworkRequest [ id=123, legacyType=-1, [ Capabilities: INTERNET&NOT_RESTRICTED&TRUSTED] ]
I/WindowState(  451): WIN DEATH: Window{1b718042 u0 com.android.chrome/org.chromium.chrome.browser.ChromeTabbedActivity}
W/ActivityManager(  451): Force removing ActivityRecord{3e8fc2e1 u0 com.android.chrome/org.chromium.chrome.browser.ChromeTabbedActivity t3131}: app died, no saved state
I/ActivityManager(  451): Killing 13543:com.android.chrome:sandboxed_process0/u0a35i108 (adj 0): isolated not needed
W/libprocessgroup(  451): failed to open /acct/uid_10035/pid_13543/cgroup.procs: No such file or directory
I/ActivityManager(  451): Killing 13667:com.android.chrome:sandboxed_process2/u0a35i110 (adj 0): isolated not needed
W/libprocessgroup(  451): failed to open /acct/uid_10035/pid_13667/cgroup.procs: No such file or directory
W/ActivityManager(  451): Spurious death for ProcessRecord{a8c3565 13458:com.android.chrome:privileged_process0/u0a35}, curProc for 13458: null
W/ActivityManager(  451): Unbind failed: could not find connection for android.os.BinderProxy@224a8bf7
W/ActivityManager(  451): Spurious death for ProcessRecord{323fdba5 13383:com.android.chrome/u0a35}, curProc for 13383: null
W/InputMethodManagerService(  451): Got RemoteException sending setActive(false) notification to pid 13383 uid 10035
I/ActivityManager(  451): Force stopping com.android.chrome appid=10035 user=0: clear data
D/TaskPersister(  451): removeObsoleteFile: deleting file=3131_task.xml
D/TaskPersister(  451): removeObsoleteFile: deleting file=3131_task_thumbnail.png
I/ActivityManager(  451): Start proc 13945:com.android.chrome/u0a35 for content provider com.android.chrome/com.google.android.apps.chrome.icing.IcingProvider
W/ResourcesManager(13945): Asset path '/system/framework/com.android.media.remotedisplay.jar' does not exist or contains no resources.
W/ResourcesManager(13945): Asset path '/system/framework/com.android.location.provider.jar' does not exist or contains no resources.
W/FileUtils(11189): Failed to chmod(/storage/emulated/0/trepn/Trepn_2018.06.11_185634.db): android.system.ErrnoException: chmod failed: EPERM (Operation not permitted)
D/WifiService(  451): acquireWifiLockLocked: WifiLock{NlpWifiLock type=2 binder=android.os.BinderProxy@1c55fbb0}
D/WifiService(  451): releaseWifiLockLocked: WifiLock{NlpWifiLock type=2 binder=android.os.BinderProxy@1c55fbb0}
I/ActivityManager(  451): Force stopping com.android.chrome appid=10035 user=0: from pid 14236
I/ActivityManager(  451): Killing 13945:com.android.chrome/u0a35 (adj 9): stop com.android.chrome
W/ActivityManager(  451): Spurious death for ProcessRecord{12b864c5 13945:com.android.chrome/u0a35}, curProc for 13945: null
I/ActivityManager(  451): Force stopping com.android.chrome appid=10035 user=0: clear data
I/ActivityManager(  451): Start proc 14278:com.android.chrome/u0a35 for content provider com.android.chrome/com.google.android.apps.chrome.icing.IcingProvider
W/ResourcesManager(14278): Asset path '/system/framework/com.android.media.remotedisplay.jar' does not exist or contains no resources.
W/ResourcesManager(14278): Asset path '/system/framework/com.android.location.provider.jar' does not exist or contains no resources.
I/ActivityManager(  451): Start proc 14313:com.google.android.apps.gcs/u0a7 for broadcast com.google.android.apps.gcs/.steen.receiver.ScoreNetworksReceiver
D/WifiService(  451): New client listening to asynchronous messages
W/BroadcastQueue(  451): Skipping deliver [background] BroadcastRecord{164f5d0b u-1 android.net.conn.CONNECTIVITY_CHANGE} to ReceiverList{2fa627e8 14567 (unknown name)/2000/u-1 remote:1b42de85}: process crashing
I/ActivityManager(  451): START u0 {act=android.intent.action.MAIN cat=[android.intent.category.LAUNCHER] flg=0x10200000 cmp=com.quicinc.trepn/.userinterface.main.TrepnActivity} from uid 2000 on display 0
V/WindowManager(  451): addAppToken: AppWindowToken{1914bee7 token=Token{23d404a6 ActivityRecord{2f57de01 u0 com.quicinc.trepn/.userinterface.main.TrepnActivity t3133}}} to stack=1 task=3133 at 0
V/WindowManager(  451): Adding window Window{18cd027e u0 Starting com.quicinc.trepn} at 3 of 17 (after Window{3537906e u0 com.google.android.googlequicksearchbox/com.google.android.launcher.GEL})
V/WindowManager(  451): Adding window Window{154310c4 u0 com.quicinc.trepn/com.quicinc.trepn.userinterface.main.TrepnActivity} at 3 of 18 (before Window{18cd027e u0 Starting com.quicinc.trepn})
D/TaskPersister(  451): removeObsoleteFile: deleting file=3117_task.xml
D/WifiService(  451): acquireWifiLockLocked: WifiLock{NlpWifiLock type=2 binder=android.os.BinderProxy@1c1c3da2}
D/WifiService(  451): releaseWifiLockLocked: WifiLock{NlpWifiLock type=2 binder=android.os.BinderProxy@1c1c3da2}
D/WifiService(  451): acquireWifiLockLocked: WifiLock{NlpWifiLock type=2 binder=android.os.BinderProxy@1380cbc5}
D/WifiService(  451): releaseWifiLockLocked: WifiLock{NlpWifiLock type=2 binder=android.os.BinderProxy@1380cbc5}
I/UsageStatsService(  451): User[0] Flushing usage stats to disk
I/ActivityManager(  451): Start proc 15274:com.google.android.gms.unstable/u0a8 for service com.google.android.gms/.droidguard.DroidGuardService
W/ResourcesManager(15274): Asset path '/system/framework/com.android.media.remotedisplay.jar' does not exist or contains no resources.
W/ResourcesManager(15274): Asset path '/system/framework/com.android.location.provider.jar' does not exist or contains no resources.
D/WifiService(  451): acquireWifiLockLocked: WifiLock{NlpWifiLock type=2 binder=android.os.BinderProxy@52db46d}
D/WifiService(  451): releaseWifiLockLocked: WifiLock{NlpWifiLock type=2 binder=android.os.BinderProxy@52db46d}
I/ActivityManager(  451): Killing 10768:com.opera.browser:alarm_receiver/u0a85 (adj 15): empty for 1800s
D/ConnectivityService(  451): NetworkAgentInfo [WIFI () - 102] EVENT_NETWORK_INFO_CHANGED, going from CONNECTED to CONNECTING
D/ConnectivityService(  451): NetworkAgentInfo [WIFI () - 102] EVENT_NETWORK_INFO_CHANGED, going from CONNECTING to CONNECTED
D/WifiService(  451): acquireWifiLockLocked: WifiLock{NlpWifiLock type=2 binder=android.os.BinderProxy@267ee1f8}
D/WifiService(  451): releaseWifiLockLocked: WifiLock{NlpWifiLock type=2 binder=android.os.BinderProxy@267ee1f8}
W/BroadcastQueue(  451): Skipping deliver [background] BroadcastRecord{3652bc58 u-1 android.net.conn.CONNECTIVITY_CHANGE} to ReceiverList{1aad31b1 15970 (unknown name)/2000/u-1 remote:151277ca}: process crashing
I/ActivityManager(  451): START u0 {act=android.intent.action.MAIN cat=[android.intent.category.LAUNCHER] flg=0x10200000 cmp=com.quicinc.trepn/.userinterface.main.TrepnActivity} from uid 2000 on display 0
I/ActivityManager(  451): Force stopping com.quicinc.trepn appid=10091 user=0: from pid 16034
I/ActivityManager(  451): Killing 11189:com.quicinc.trepn/u0a91 (adj 0): stop com.quicinc.trepn
I/WindowState(  451): WIN DEATH: Window{154310c4 u0 com.quicinc.trepn/com.quicinc.trepn.userinterface.main.TrepnActivity}
W/ActivityManager(  451): Force removing ActivityRecord{2f57de01 u0 com.quicinc.trepn/.userinterface.main.TrepnActivity t3133}: app died, no saved state
W/ActivityManager(  451): Spurious death for ProcessRecord{1a759efb 11189:com.quicinc.trepn/u0a91}, curProc for 11189: null
W/InputMethodManagerService(  451): Got RemoteException sending setActive(false) notification to pid 11189 uid 10091
I/ActivityManager(  451): Start proc 16090:com.quicinc.trepn/u0a91 for service com.quicinc.trepn/.TrepnService
I/ActivityManager(  451): Force stopping com.android.chrome appid=10035 user=0: from pid 16123
I/ActivityManager(  451): Killing 14278:com.android.chrome/u0a35 (adj 11): stop com.android.chrome
W/ActivityManager(  451): Spurious death for ProcessRecord{1c6eb28c 14278:com.android.chrome/u0a35}, curProc for 14278: null
I/ActivityManager(  451): START u0 {act=android.intent.action.VIEW flg=0x10008000 cmp=com.android.chrome/com.google.android.apps.chrome.Main} from uid 2000 on display 0
V/WindowManager(  451): addAppToken: AppWindowToken{3ac334db token=Token{294389ea ActivityRecord{39d0ddd5 u0 com.android.chrome/com.google.android.apps.chrome.Main t3134}}} to stack=1 task=3134 at 0
I/ActivityManager(  451): Start proc 16135:com.android.chrome/u0a35 for activity com.android.chrome/com.google.android.apps.chrome.Main
W/ResourcesManager(16135): Asset path '/system/framework/com.android.media.remotedisplay.jar' does not exist or contains no resources.
W/ResourcesManager(16135): Asset path '/system/framework/com.android.location.provider.jar' does not exist or contains no resources.
I/ActivityManager(  451): START u0 {cmp=com.android.chrome/org.chromium.chrome.browser.firstrun.FirstRunActivity (has extras)} from uid 10035 on display 0
V/WindowManager(  451): addAppToken: AppWindowToken{e3b3190 token=Token{21616453 ActivityRecord{38f76c42 u0 com.android.chrome/org.chromium.chrome.browser.firstrun.FirstRunActivity t3135}}} to stack=1 task=3135 at 0
V/WindowManager(  451): Based on layer: Adding window Window{24a988a7 u0 com.android.chrome/org.chromium.chrome.browser.firstrun.FirstRunActivity} at 3 of 17
I/ActivityManager(  451): Start proc 16161:com.android.chrome:sandboxed_process0/u0i112 for service com.android.chrome/org.chromium.content.app.SandboxedProcessService0
I/ActivityManager(  451): Start proc 16206:com.android.chrome:privileged_process0/u0a35 for service com.android.chrome/org.chromium.content.app.PrivilegedProcessService0
D/ConnectivityService(  451): listenForNetwork for NetworkRequest [ id=125, legacyType=-1, [ Capabilities: INTERNET&NOT_RESTRICTED&TRUSTED] ]
D/ConnectivityService(  451): handleRegisterNetworkRequest checking NetworkAgentInfo [WIFI () - 102]
D/ConnectivityService(  451): apparently satisfied.  currentScore=60
D/ConnectivityService(  451): listenForNetwork for NetworkRequest [ id=126, legacyType=-1, [ Capabilities: INTERNET&NOT_RESTRICTED&TRUSTED] ]
