D/ConnectivityService(  451): NetworkAgentInfo [WIFI () - 100] got DISCONNECTED, was satisfying 10
D/ConnectivityService(  451): reportBadNetwork(NetworkAgentInfo [WIFI () - 100]) by 10008
D/ConnectivityService(  451): notifyType LOST for NetworkAgentInfo [WIFI () - 100]
D/CSLegacyTypeTracker(  451): Sending disconnected broadcast for type 1 NetworkAgentInfo [WIFI () - 100] isDefaultNetwork=true
D/ConnectivityService(  451): sendStickyBroadcast: action=android.net.conn.CONNECTIVITY_CHANGE_IMMEDIATE
D/ConnectivityService(  451): sendStickyBroadcast: action=android.net.conn.CONNECTIVITY_CHANGE
D/ConnectivityService(  451): sendStickyBroadcast: action=android.net.conn.CONNECTIVITY_CHANGE_IMMEDIATE
D/ConnectivityService(  451): sendStickyBroadcast: action=android.net.conn.CONNECTIVITY_CHANGE
D/ConnectivityService(  451): Checking for replacement network to handle request NetworkRequest [ id=1, legacyType=-1, [ Capabilities: INTERNET&NOT_RESTRICTED&TRUSTED&NOT_VPN] ]
D/ConnectivityService(  451): setProvNotificationVisibleIntent: E visible=false networkType=0 extraInfo=null
D/ConnectivityService(  451): Failed to find a new network - expiring NetTransition Wakelock
D/WifiService(  451): acquireWifiLockLocked: WifiLock{NlpWifiLock type=2 binder=android.os.BinderProxy@2722ebbc}
D/WifiService(  451): releaseWifiLockLocked: WifiLock{NlpWifiLock type=2 binder=android.os.BinderProxy@2722ebbc}
D/WifiService(  451): acquireWifiLockLocked: WifiLock{NlpWifiLock type=2 binder=android.os.BinderProxy@2722ebbc}
D/WifiService(  451): releaseWifiLockLocked: WifiLock{NlpWifiLock type=2 binder=android.os.BinderProxy@2722ebbc}
D/WifiService(  451): acquireWifiLockLocked: WifiLock{NlpWifiLock type=2 binder=android.os.BinderProxy@2722ebbc}
I/ValidateNoPeople(  451): skipping global notification
D/WifiService(  451): releaseWifiLockLocked: WifiLock{NlpWifiLock type=2 binder=android.os.BinderProxy@2722ebbc}
D/WifiService(  451): acquireWifiLockLocked: WifiLock{NlpWifiLock type=2 binder=android.os.BinderProxy@2722ebbc}
D/WifiService(  451): releaseWifiLockLocked: WifiLock{NlpWifiLock type=2 binder=android.os.BinderProxy@2722ebbc}
D/WifiService(  451): acquireWifiLockLocked: WifiLock{NlpWifiLock type=2 binder=android.os.BinderProxy@2722ebbc}
D/WifiService(  451): releaseWifiLockLocked: WifiLock{NlpWifiLock type=2 binder=android.os.BinderProxy@2722ebbc}
D/WifiService(  451): acquireWifiLockLocked: WifiLock{NlpWifiLock type=2 binder=android.os.BinderProxy@d81a437}
I/ValidateNoPeople(  451): skipping global notification
D/WifiService(  451): releaseWifiLockLocked: WifiLock{NlpWifiLock type=2 binder=android.os.BinderProxy@d81a437}
D/WifiService(  451): acquireWifiLockLocked: WifiLock{NlpWifiLock type=2 binder=android.os.BinderProxy@d81a437}
D/WifiService(  451): releaseWifiLockLocked: WifiLock{NlpWifiLock type=2 binder=android.os.BinderProxy@d81a437}
D/WifiService(  451): acquireWifiLockLocked: WifiLock{NlpWifiLock type=2 binder=android.os.BinderProxy@d81a437}
D/WifiService(  451): releaseWifiLockLocked: WifiLock{NlpWifiLock type=2 binder=android.os.BinderProxy@d81a437}
D/WifiService(  451): acquireWifiLockLocked: WifiLock{NlpWifiLock type=2 binder=android.os.BinderProxy@d81a437}
I/ValidateNoPeople(  451): skipping global notification
D/WifiService(  451): releaseWifiLockLocked: WifiLock{NlpWifiLock type=2 binder=android.os.BinderProxy@d81a437}
D/WifiService(  451): acquireWifiLockLocked: WifiLock{NlpWifiLock type=2 binder=android.os.BinderProxy@d81a437}
D/WifiService(  451): releaseWifiLockLocked: WifiLock{NlpWifiLock type=2 binder=android.os.BinderProxy@d81a437}
D/WifiService(  451): acquireWifiLockLocked: WifiLock{NlpWifiLock type=2 binder=android.os.BinderProxy@d81a437}
D/WifiService(  451): releaseWifiLockLocked: WifiLock{NlpWifiLock type=2 binder=android.os.BinderProxy@d81a437}
D/WifiService(  451): acquireWifiLockLocked: WifiLock{NlpWifiLock type=2 binder=android.os.BinderProxy@d81a437}
I/ValidateNoPeople(  451): skipping global notification
D/WifiService(  451): releaseWifiLockLocked: WifiLock{NlpWifiLock type=2 binder=android.os.BinderProxy@d81a437}
D/WifiService(  451): acquireWifiLockLocked: WifiLock{NlpWifiLock type=2 binder=android.os.BinderProxy@d81a437}
D/WifiService(  451): releaseWifiLockLocked: WifiLock{NlpWifiLock type=2 binder=android.os.BinderProxy@d81a437}
D/WifiService(  451): acquireWifiLockLocked: WifiLock{NlpWifiLock type=2 binder=android.os.BinderProxy@d81a437}
D/WifiService(  451): releaseWifiLockLocked: WifiLock{NlpWifiLock type=2 binder=android.os.BinderProxy@d81a437}
D/WifiService(  451): acquireWifiLockLocked: WifiLock{NlpWifiLock type=2 binder=android.os.BinderProxy@d81a437}
I/ValidateNoPeople(  451): skipping global notification
D/WifiService(  451): releaseWifiLockLocked: WifiLock{NlpWifiLock type=2 binder=android.os.BinderProxy@d81a437}
D/WifiService(  451): acquireWifiLockLocked: WifiLock{NlpWifiLock type=2 binder=android.os.BinderProxy@d81a437}
D/WifiService(  451): releaseWifiLockLocked: WifiLock{NlpWifiLock type=2 binder=android.os.BinderProxy@d81a437}
D/WifiService(  451): acquireWifiLockLocked: WifiLock{NlpWifiLock type=2 binder=android.os.BinderProxy@d81a437}
D/WifiService(  451): releaseWifiLockLocked: WifiLock{NlpWifiLock type=2 binder=android.os.BinderProxy@d81a437}
D/WifiService(  451): acquireWifiLockLocked: WifiLock{NlpWifiLock type=2 binder=android.os.BinderProxy@1867d2eb}
I/ValidateNoPeople(  451): skipping global notification
D/WifiService(  451): releaseWifiLockLocked: WifiLock{NlpWifiLock type=2 binder=android.os.BinderProxy@1867d2eb}
D/WifiService(  451): acquireWifiLockLocked: WifiLock{NlpWifiLock type=2 binder=android.os.BinderProxy@1867d2eb}
D/WifiService(  451): releaseWifiLockLocked: WifiLock{NlpWifiLock type=2 binder=android.os.BinderProxy@1867d2eb}
D/WifiService(  451): acquireWifiLockLocked: WifiLock{NlpWifiLock type=2 binder=android.os.BinderProxy@1867d2eb}
D/WifiService(  451): releaseWifiLockLocked: WifiLock{NlpWifiLock type=2 binder=android.os.BinderProxy@1867d2eb}
D/WifiService(  451): acquireWifiLockLocked: WifiLock{NlpWifiLock type=2 binder=android.os.BinderProxy@1867d2eb}
I/ValidateNoPeople(  451): skipping global notification
D/WifiService(  451): releaseWifiLockLocked: WifiLock{NlpWifiLock type=2 binder=android.os.BinderProxy@1867d2eb}
D/WifiService(  451): acquireWifiLockLocked: WifiLock{NlpWifiLock type=2 binder=android.os.BinderProxy@1867d2eb}
D/WifiService(  451): releaseWifiLockLocked: WifiLock{NlpWifiLock type=2 binder=android.os.BinderProxy@1867d2eb}
D/WifiService(  451): acquireWifiLockLocked: WifiLock{NlpWifiLock type=2 binder=android.os.BinderProxy@1867d2eb}
D/WifiService(  451): releaseWifiLockLocked: WifiLock{NlpWifiLock type=2 binder=android.os.BinderProxy@1867d2eb}
D/WifiService(  451): acquireWifiLockLocked: WifiLock{NlpWifiLock type=2 binder=android.os.BinderProxy@1867d2eb}
I/ValidateNoPeople(  451): skipping global notification
D/WifiService(  451): releaseWifiLockLocked: WifiLock{NlpWifiLock type=2 binder=android.os.BinderProxy@1867d2eb}
D/WifiService(  451): acquireWifiLockLocked: WifiLock{NlpWifiLock type=2 binder=android.os.BinderProxy@1867d2eb}
D/WifiService(  451): releaseWifiLockLocked: WifiLock{NlpWifiLock type=2 binder=android.os.BinderProxy@1867d2eb}
D/WifiService(  451): acquireWifiLockLocked: WifiLock{NlpWifiLock type=2 binder=android.os.BinderProxy@1867d2eb}
D/WifiService(  451): releaseWifiLockLocked: WifiLock{NlpWifiLock type=2 binder=android.os.BinderProxy@1867d2eb}
D/WifiService(  451): acquireWifiLockLocked: WifiLock{NlpWifiLock type=2 binder=android.os.BinderProxy@1867d2eb}
I/ValidateNoPeople(  451): skipping global notification
D/WifiService(  451): releaseWifiLockLocked: WifiLock{NlpWifiLock type=2 binder=android.os.BinderProxy@1867d2eb}
D/WifiService(  451): acquireWifiLockLocked: WifiLock{NlpWifiLock type=2 binder=android.os.BinderProxy@1867d2eb}
D/WifiService(  451): releaseWifiLockLocked: WifiLock{NlpWifiLock type=2 binder=android.os.BinderProxy@1867d2eb}
D/WifiService(  451): acquireWifiLockLocked: WifiLock{NlpWifiLock type=2 binder=android.os.BinderProxy@1867d2eb}
D/WifiService(  451): releaseWifiLockLocked: WifiLock{NlpWifiLock type=2 binder=android.os.BinderProxy@1867d2eb}
D/WifiService(  451): acquireWifiLockLocked: WifiLock{NlpWifiLock type=2 binder=android.os.BinderProxy@133fe6f}
I/ValidateNoPeople(  451): skipping global notification
D/WifiService(  451): releaseWifiLockLocked: WifiLock{NlpWifiLock type=2 binder=android.os.BinderProxy@133fe6f}
D/WifiService(  451): acquireWifiLockLocked: WifiLock{NlpWifiLock type=2 binder=android.os.BinderProxy@133fe6f}
D/WifiService(  451): releaseWifiLockLocked: WifiLock{NlpWifiLock type=2 binder=android.os.BinderProxy@133fe6f}
D/WifiService(  451): acquireWifiLockLocked: WifiLock{NlpWifiLock type=2 binder=android.os.BinderProxy@133fe6f}
D/WifiService(  451): releaseWifiLockLocked: WifiLock{NlpWifiLock type=2 binder=android.os.BinderProxy@133fe6f}
I/ActivityManager(  451): Killing 26296:com.google.android.apps.maps/u0a60 (adj 15): empty for 1801s
D/ConnectivityService(  451): ConnectivityService NetworkRequestInfo binderDied(NetworkRequest [ id=65, legacyType=-1, [ Capabilities: INTERNET&NOT_RESTRICTED&TRUSTED] ], android.os.BinderProxy@29a61d57)
D/ConnectivityService(  451): releasing NetworkRequest NetworkRequest [ id=65, legacyType=-1, [ Capabilities: INTERNET&NOT_RESTRICTED&TRUSTED] ]
E/ConnectivityService(  451): RemoteException caught trying to send a callback msg for NetworkRequest [ id=65, legacyType=-1, [ Capabilities: INTERNET&NOT_RESTRICTED&TRUSTED] ]
D/WifiService(  451): acquireWifiLockLocked: WifiLock{NlpWifiLock type=2 binder=android.os.BinderProxy@133fe6f}
I/ValidateNoPeople(  451): skipping global notification
D/WifiService(  451): releaseWifiLockLocked: WifiLock{NlpWifiLock type=2 binder=android.os.BinderProxy@133fe6f}
D/WifiService(  451): acquireWifiLockLocked: WifiLock{NlpWifiLock type=2 binder=android.os.BinderProxy@133fe6f}
D/WifiService(  451): releaseWifiLockLocked: WifiLock{NlpWifiLock type=2 binder=android.os.BinderProxy@133fe6f}
D/WifiService(  451): acquireWifiLockLocked: WifiLock{NlpWifiLock type=2 binder=android.os.BinderProxy@133fe6f}
D/WifiService(  451): releaseWifiLockLocked: WifiLock{NlpWifiLock type=2 binder=android.os.BinderProxy@133fe6f}
D/WifiService(  451): acquireWifiLockLocked: WifiLock{NlpWifiLock type=2 binder=android.os.BinderProxy@1ff3947d}
I/ValidateNoPeople(  451): skipping global notification
D/WifiService(  451): releaseWifiLockLocked: WifiLock{NlpWifiLock type=2 binder=android.os.BinderProxy@1ff3947d}
D/WifiService(  451): acquireWifiLockLocked: WifiLock{NlpWifiLock type=2 binder=android.os.BinderProxy@1ff3947d}
D/WifiService(  451): releaseWifiLockLocked: WifiLock{NlpWifiLock type=2 binder=android.os.BinderProxy@1ff3947d}
D/WifiService(  451): acquireWifiLockLocked: WifiLock{NlpWifiLock type=2 binder=android.os.BinderProxy@1ff3947d}
D/WifiService(  451): releaseWifiLockLocked: WifiLock{NlpWifiLock type=2 binder=android.os.BinderProxy@1ff3947d}
D/WifiService(  451): acquireWifiLockLocked: WifiLock{NlpWifiLock type=2 binder=android.os.BinderProxy@1ff3947d}
I/ValidateNoPeople(  451): skipping global notification
D/WifiService(  451): releaseWifiLockLocked: WifiLock{NlpWifiLock type=2 binder=android.os.BinderProxy@1ff3947d}
D/WifiService(  451): acquireWifiLockLocked: WifiLock{NlpWifiLock type=2 binder=android.os.BinderProxy@1ff3947d}
D/WifiService(  451): releaseWifiLockLocked: WifiLock{NlpWifiLock type=2 binder=android.os.BinderProxy@1ff3947d}
D/WifiService(  451): acquireWifiLockLocked: WifiLock{NlpWifiLock type=2 binder=android.os.BinderProxy@1ff3947d}
D/WifiService(  451): releaseWifiLockLocked: WifiLock{NlpWifiLock type=2 binder=android.os.BinderProxy@1ff3947d}
D/WifiService(  451): acquireWifiLockLocked: WifiLock{NlpWifiLock type=2 binder=android.os.BinderProxy@9958630}
I/ValidateNoPeople(  451): skipping global notification
D/WifiService(  451): releaseWifiLockLocked: WifiLock{NlpWifiLock type=2 binder=android.os.BinderProxy@9958630}
D/WifiService(  451): acquireWifiLockLocked: WifiLock{NlpWifiLock type=2 binder=android.os.BinderProxy@9958630}
D/WifiService(  451): releaseWifiLockLocked: WifiLock{NlpWifiLock type=2 binder=android.os.BinderProxy@9958630}
D/WifiService(  451): acquireWifiLockLocked: WifiLock{NlpWifiLock type=2 binder=android.os.BinderProxy@9958630}
D/WifiService(  451): releaseWifiLockLocked: WifiLock{NlpWifiLock type=2 binder=android.os.BinderProxy@9958630}
D/WifiService(  451): acquireWifiLockLocked: WifiLock{NlpWifiLock type=2 binder=android.os.BinderProxy@9958630}
I/ValidateNoPeople(  451): skipping global notification
D/WifiService(  451): releaseWifiLockLocked: WifiLock{NlpWifiLock type=2 binder=android.os.BinderProxy@9958630}
D/WifiService(  451): acquireWifiLockLocked: WifiLock{NlpWifiLock type=2 binder=android.os.BinderProxy@9958630}
D/WifiService(  451): releaseWifiLockLocked: WifiLock{NlpWifiLock type=2 binder=android.os.BinderProxy@9958630}
D/WifiService(  451): acquireWifiLockLocked: WifiLock{NlpWifiLock type=2 binder=android.os.BinderProxy@9958630}
D/WifiService(  451): releaseWifiLockLocked: WifiLock{NlpWifiLock type=2 binder=android.os.BinderProxy@9958630}
D/WifiService(  451): acquireWifiLockLocked: WifiLock{NlpWifiLock type=2 binder=android.os.BinderProxy@9958630}
I/ValidateNoPeople(  451): skipping global notification
D/WifiService(  451): releaseWifiLockLocked: WifiLock{NlpWifiLock type=2 binder=android.os.BinderProxy@9958630}
D/WifiService(  451): acquireWifiLockLocked: WifiLock{NlpWifiLock type=2 binder=android.os.BinderProxy@9958630}
D/WifiService(  451): releaseWifiLockLocked: WifiLock{NlpWifiLock type=2 binder=android.os.BinderProxy@9958630}
D/WifiService(  451): acquireWifiLockLocked: WifiLock{NlpWifiLock type=2 binder=android.os.BinderProxy@9958630}
D/WifiService(  451): releaseWifiLockLocked: WifiLock{NlpWifiLock type=2 binder=android.os.BinderProxy@9958630}
D/WifiService(  451): acquireWifiLockLocked: WifiLock{NlpWifiLock type=2 binder=android.os.BinderProxy@9958630}
I/ValidateNoPeople(  451): skipping global notification
D/WifiService(  451): releaseWifiLockLocked: WifiLock{NlpWifiLock type=2 binder=android.os.BinderProxy@9958630}
D/WifiService(  451): acquireWifiLockLocked: WifiLock{NlpWifiLock type=2 binder=android.os.BinderProxy@265c09c6}
D/WifiService(  451): releaseWifiLockLocked: WifiLock{NlpWifiLock type=2 binder=android.os.BinderProxy@265c09c6}
D/WifiService(  451): acquireWifiLockLocked: WifiLock{NlpWifiLock type=2 binder=android.os.BinderProxy@265c09c6}
D/WifiService(  451): releaseWifiLockLocked: WifiLock{NlpWifiLock type=2 binder=android.os.BinderProxy@265c09c6}
I/PowerManagerService(  451): Waking up from sleep (uid 1000)...
I/DisplayPowerController(  451): Blocking screen on until initial contents have been drawn.
I/DisplayManagerService(  451): Display device changed: DisplayDeviceInfo{"Built-in Screen": uniqueId="local:0", 1536 x 2048, 59.0 fps, supportedRefreshRates [59.0], density 320, 288.995 x 288.995 dpi, appVsyncOff 0, presDeadline 17949152, touch INTERNAL, rotation 0, type BUILT_IN, state ON, FLAG_DEFAULT_DISPLAY, FLAG_ROTATES_WITH_CONTENT, FLAG_SECURE, FLAG_SUPPORTS_PROTECTED_BUFFERS}
V/ActivityManager(  451): Display changed displayId=0
V/ActivityManager(  451): Display changed displayId=0
D/WifiService(  451): acquireWifiLockLocked: WifiLock{NlpWifiLock type=2 binder=android.os.BinderProxy@265c09c6}
I/ActivityManager(  451): Config changes=480 {1.0 ?mcc?mnc en_US ldltr sw768dp w1024dp h695dp 320dpi xlrg land finger -keyb/v/h -nav/h s.12}
I/DisplayPowerController(  451): Unblocked screen on after 793 ms
V/ActivityManager(  451): Display changed displayId=0
V/WindowManager(  451): Adding window Window{e386eb3 u0 com.google.android.googlequicksearchbox/com.google.android.launcher.GEL} at 2 of 15 (after Window{91c7c66 u0 com.android.systemui/com.android.systemui.recents.RecentsActivity})
D/WifiService(  451): releaseWifiLockLocked: WifiLock{NlpWifiLock type=2 binder=android.os.BinderProxy@265c09c6}
W/WindowManager(  451): App freeze timeout expired.
I/PowerManagerService(  451): Going to sleep due to power button (uid 1000)...
I/PowerManagerService(  451): Sleeping (uid 1000)...
I/DisplayManagerService(  451): Display device changed: DisplayDeviceInfo{"Built-in Screen": uniqueId="local:0", 1536 x 2048, 59.0 fps, supportedRefreshRates [59.0], density 320, 288.995 x 288.995 dpi, appVsyncOff 0, presDeadline 17949152, touch INTERNAL, rotation 0, type BUILT_IN, state OFF, FLAG_DEFAULT_DISPLAY, FLAG_ROTATES_WITH_CONTENT, FLAG_SECURE, FLAG_SUPPORTS_PROTECTED_BUFFERS}
V/ActivityManager(  451): Display changed displayId=0
I/PowerManagerService(  451): Waking up from sleep (uid 1000)...
I/DisplayPowerController(  451): Blocking screen on until initial contents have been drawn.
I/DisplayManagerService(  451): Display device changed: DisplayDeviceInfo{"Built-in Screen": uniqueId="local:0", 1536 x 2048, 59.0 fps, supportedRefreshRates [59.0], density 320, 288.995 x 288.995 dpi, appVsyncOff 0, presDeadline 17949152, touch INTERNAL, rotation 0, type BUILT_IN, state ON, FLAG_DEFAULT_DISPLAY, FLAG_ROTATES_WITH_CONTENT, FLAG_SECURE, FLAG_SUPPORTS_PROTECTED_BUFFERS}
V/DeadZone(  627): consuming errant click: (1566.4313,10.527832)
V/ActivityManager(  451): Display changed displayId=0
V/ActivityManager(  451): Display changed displayId=0
I/DisplayPowerController(  451): Unblocked screen on after 314 ms
I/UsageStatsService(  451): User[0] Flushing usage stats to disk
I/ValidateNoPeople(  451): skipping global notification
I/PowerManagerService(  451): Going to sleep due to screen timeout (uid 1000)...
I/PowerManagerService(  451): Sleeping (uid 1000)...
I/DisplayManagerService(  451): Display device changed: DisplayDeviceInfo{"Built-in Screen": uniqueId="local:0", 1536 x 2048, 59.0 fps, supportedRefreshRates [59.0], density 320, 288.995 x 288.995 dpi, appVsyncOff 0, presDeadline 17949152, touch INTERNAL, rotation 0, type BUILT_IN, state OFF, FLAG_DEFAULT_DISPLAY, FLAG_ROTATES_WITH_CONTENT, FLAG_SECURE, FLAG_SUPPORTS_PROTECTED_BUFFERS}
V/ActivityManager(  451): Display changed displayId=0
D/WifiService(  451): acquireWifiLockLocked: WifiLock{NlpWifiLock type=2 binder=android.os.BinderProxy@21205dac}
D/WifiService(  451): releaseWifiLockLocked: WifiLock{NlpWifiLock type=2 binder=android.os.BinderProxy@21205dac}
D/WifiService(  451): acquireWifiLockLocked: WifiLock{NlpWifiLock type=2 binder=android.os.BinderProxy@21205dac}
D/WifiService(  451): releaseWifiLockLocked: WifiLock{NlpWifiLock type=2 binder=android.os.BinderProxy@21205dac}
D/ConnectivityService(  451): registerNetworkAgent NetworkAgentInfo{ ni{[type: WIFI[], state: CONNECTING/CONNECTING, reason: (unspecified), extra: "eduroam", roaming: false, failover: false, isAvailable: true, isConnectedToProvisioningNetwork: false]}  network{null}  lp{{LinkAddresses: []  Routes: [] DnsAddresses: [] Domains: null MTU: 0 TcpBufferSizes: 524288,1048576,2097152,262144,524288,1048576}}  nc{[ Transports: WIFI Capabilities: INTERNET&NOT_RESTRICTED&TRUSTED&NOT_VPN LinkUpBandwidth>=1048576Kbps LinkDnBandwidth>=1048576Kbps]}  Score{20}  everValidated{false}  lastValidated{false}  created{false}  explicitlySelected{false} }
D/ConnectivityService(  451): NetworkAgentInfo [WIFI () - 101] EVENT_NETWORK_INFO_CHANGED, going from null to CONNECTING
D/ConnectivityService(  451): NetworkAgentInfo [WIFI () - 101] EVENT_NETWORK_INFO_CHANGED, going from CONNECTING to CONNECTED
D/ConnectivityService(  451): Adding iface wlan0 to network 101
E/ConnectivityService(  451): Unexpected mtu value: 0, wlan0
D/ConnectivityService(  451): Adding Route [fe80::/64 -> :: wlan0] to network 101
D/ConnectivityService(  451): Adding Route [10.4.0.0/23 -> 0.0.0.0 wlan0] to network 101
D/ConnectivityService(  451): Adding Route [0.0.0.0/0 -> 10.4.0.1 wlan0] to network 101
D/ConnectivityService(  451): Setting Dns servers for network 101 to [/213.160.212.3, /213.160.223.35]
D/ConnectivityService(  451): notifyType IP_CHANGED for NetworkAgentInfo [WIFI () - 101]
D/ConnectivityService(  451): notifyType PRECHECK for NetworkAgentInfo [WIFI () - 101]
D/ConnectivityService(  451): rematching NetworkAgentInfo [WIFI () - 101]
D/ConnectivityService(  451):    accepting network in place of null
D/ConnectivityService(  451): Switching to new default network: NetworkAgentInfo{ ni{[type: WIFI[], state: CONNECTED/CONNECTED, reason: (unspecified), extra: "eduroam", roaming: false, failover: false, isAvailable: true, isConnectedToProvisioningNetwork: false]}  network{101}  lp{{InterfaceName: wlan0 LinkAddresses: [fe80::522e:5cff:fee5:38b1/64,10.4.1.137/23,]  Routes: [fe80::/64 -> :: wlan0,10.4.0.0/23 -> 0.0.0.0 wlan0,0.0.0.0/0 -> 10.4.0.1 wlan0,] DnsAddresses: [213.160.212.3,213.160.223.35,] Domains:  MTU: 0 TcpBufferSizes: 524288,1048576,2097152,262144,524288,1048576}}  nc{[ Transports: WIFI Capabilities: INTERNET&NOT_RESTRICTED&TRUSTED&NOT_VPN LinkUpBandwidth>=1048576Kbps LinkDnBandwidth>=1048576Kbps]}  Score{20}  everValidated{false}  lastValidated{false}  created{true}  explicitlySelected{false} }
D/ConnectivityService(  451): notifyType AVAILABLE for NetworkAgentInfo [WIFI () - 101]
D/CSLegacyTypeTracker(  451): Sending connected broadcast for type 1 NetworkAgentInfo [WIFI () - 101] isDefaultNetwork=true
D/ConnectivityService(  451): sendStickyBroadcast: action=android.net.conn.CONNECTIVITY_CHANGE_IMMEDIATE
D/ConnectivityService(  451): sendStickyBroadcast: action=android.net.conn.CONNECTIVITY_CHANGE
I/ActivityManager(  451): START u0 {flg=0x10800000 cmp=com.estrongs.android.pop/.app.RemainTransitionActivity} from uid 10089 on display 0
V/WindowManager(  451): addAppToken: AppWindowToken{1405ceb1 token=Token{2367ad58 ActivityRecord{3516d23b u0 com.estrongs.android.pop/.app.RemainTransitionActivity t3100}}} to stack=1 task=3100 at 0
W/InputMethodManagerService(  451): Window already focused, ignoring focus gain of: com.android.internal.view.IInputMethodClient$Stub$Proxy@381f4db3 attribute=android.view.inputmethod.EditorInfo@3a72cf70, token = android.os.BinderProxy@fb4a422
D/ConnectivityService(  451): reportInetCondition: type=1 ok, revalidate
D/ConnectivityService(  451): reportBadNetwork(NetworkAgentInfo [WIFI () - 101]) by 10008
D/ConnectivityService(  451): reportInetCondition: type=1 ok, revalidate
D/ConnectivityService(  451): reportBadNetwork(NetworkAgentInfo [WIFI () - 101]) by 10008
D/ConnectivityService(  451): reportInetCondition: type=1 ok, revalidate
D/ConnectivityService(  451): reportBadNetwork(NetworkAgentInfo [WIFI () - 101]) by 10008
D/ConnectivityService(  451): reportInetCondition: type=1 ok, revalidate
D/ConnectivityService(  451): reportBadNetwork(NetworkAgentInfo [WIFI () - 101]) by 10008
D/ConnectivityService(  451): reportInetCondition: type=1 ok, revalidate
D/ConnectivityService(  451): reportBadNetwork(NetworkAgentInfo [WIFI () - 101]) by 10008
D/ConnectivityService(  451): reportInetCondition: type=1 ok, revalidate
D/ConnectivityService(  451): reportBadNetwork(NetworkAgentInfo [WIFI () - 101]) by 10008
D/ConnectivityService(  451): reportInetCondition: type=1 ok, revalidate
D/ConnectivityService(  451): reportBadNetwork(NetworkAgentInfo [WIFI () - 101]) by 10008
I/ActivityManager(  451): Start proc 5094:com.google.android.youtube/u0a81 for service com.google.android.youtube/com.google.android.libraries.youtube.common.gcore.gcoreclient.gcm.impl.GcmTaskServiceDelegator
W/ResourcesManager( 5094): Asset path '/system/framework/com.android.media.remotedisplay.jar' does not exist or contains no resources.
W/ResourcesManager( 5094): Asset path '/system/framework/com.android.location.provider.jar' does not exist or contains no resources.
D/ConnectivityService(  451): listenForNetwork for NetworkRequest [ id=97, legacyType=-1, [ Capabilities: INTERNET&NOT_RESTRICTED&TRUSTED] ]
D/ConnectivityService(  451): handleRegisterNetworkRequest checking NetworkAgentInfo [WIFI () - 101]
D/ConnectivityService(  451): apparently satisfied.  currentScore=20
D/VoldCmdListener(  151): cryptfs getpwtype
D/ConnectivityService(  451): setProvNotificationVisibleIntent: E visible=false networkType=0 extraInfo=null
D/ConnectivityService(  451): Validated NetworkAgentInfo [WIFI () - 101]
D/ConnectivityService(  451): rematching NetworkAgentInfo [WIFI () - 101]
D/ConnectivityService(  451): Network NetworkAgentInfo [WIFI () - 101] was already satisfying request 1. No change.
D/ConnectivityService(  451): notifyType AVAILABLE for NetworkAgentInfo [WIFI () - 101]
D/ConnectivityService(  451): sendStickyBroadcast: action=android.net.conn.INET_CONDITION_ACTION
D/ConnectivityService(  451): setProvNotificationVisibleIntent: E visible=false networkType=0 extraInfo=null
D/ConnectivityService(  451): Validated NetworkAgentInfo [WIFI () - 101]
I/ActivityManager(  451): Start proc 5216:com.google.android.apps.maps/u0a60 for service com.google.android.apps.maps/com.google.android.apps.gmm.shared.cache.glide.GlideDiskCacheExpirationService
W/ResourcesManager( 5216): Asset path '/system/framework/com.android.media.remotedisplay.jar' does not exist or contains no resources.
W/ResourcesManager( 5216): Asset path '/system/framework/com.android.location.provider.jar' does not exist or contains no resources.
W/ResourcesManager( 3483): Asset path '/system/framework/com.android.media.remotedisplay.jar' does not exist or contains no resources.
W/ResourcesManager( 3483): Asset path '/system/framework/com.android.location.provider.jar' does not exist or contains no resources.
D/ConnectivityService(  451): listenForNetwork for NetworkRequest [ id=98, legacyType=-1, [ Capabilities: INTERNET&NOT_RESTRICTED&TRUSTED] ]
D/ConnectivityService(  451): handleRegisterNetworkRequest checking NetworkAgentInfo [WIFI () - 101]
D/ConnectivityService(  451): apparently satisfied.  currentScore=60
W/ResourcesManager( 3483): Asset path '/system/framework/com.google.android.maps.jar' does not exist or contains no resources.
I/ActivityManager(  451): Start proc 5286:com.android.vending:instant_app_installer/u0a18 for service com.android.vending/com.google.android.finsky.instantapps.statussync.StatusSyncService
W/ResourcesManager( 3483): Asset path '/system/framework/com.android.media.remotedisplay.jar' does not exist or contains no resources.
W/ResourcesManager( 3483): Asset path '/system/framework/com.android.location.provider.jar' does not exist or contains no resources.
I/ActivityManager(  451): Start proc 5313:com.android.defcontainer/u0a4 for service com.android.defcontainer/.DefaultContainerService
W/PackageManager(  451): Package named 'org.videolan.vlc' doesn't exist.
W/PackageManager(  451): Package named 'com.google.android.apps.travel.onthego' doesn't exist.
W/PackageManager(  451): Package named 'com.stainlessgames.carmageddon' doesn't exist.
W/PackageManager(  451): Package named 'com.ulmon.android.citymaps2go' doesn't exist.
W/PackageManager(  451): Package named 'com.navfree.android.OSM.ALL' doesn't exist.
I/ActivityManager(  451): Start proc 5406:com.google.android.gms.ui/u0a8 for service com.google.android.gms/.chimera.UiIntentOperationService
W/ResourcesManager( 5406): Asset path '/system/framework/com.android.media.remotedisplay.jar' does not exist or contains no resources.
W/ResourcesManager( 5406): Asset path '/system/framework/com.android.location.provider.jar' does not exist or contains no resources.
W/PackageManager(  451): Package named 'stericson.busybox' doesn't exist.
W/PackageManager(  451): Package named 'com.rovio.angrybirdsstarwars.ads.iap' doesn't exist.
W/PackageManager(  451): Package named 'com.ea.gp.fifamobile' doesn't exist.
D/WifiService(  451): acquireWifiLockLocked: WifiLock{NlpWifiLock type=2 binder=android.os.BinderProxy@13dc552c}
D/WifiService(  451): releaseWifiLockLocked: WifiLock{NlpWifiLock type=2 binder=android.os.BinderProxy@13dc552c}
D/ConnectivityService(  451): NetworkAgentInfo [WIFI () - 101] EVENT_NETWORK_INFO_CHANGED, going from CONNECTED to DISCONNECTED
D/ConnectivityService(  451): NetworkAgentInfo [WIFI () - 101] got DISCONNECTED, was satisfying 11
D/ConnectivityService(  451): reportBadNetwork(NetworkAgentInfo [WIFI () - 101]) by 10008
D/ConnectivityService(  451): notifyType LOST for NetworkAgentInfo [WIFI () - 101]
D/CSLegacyTypeTracker(  451): Sending disconnected broadcast for type 1 NetworkAgentInfo [WIFI () - 101] isDefaultNetwork=true
D/ConnectivityService(  451): sendStickyBroadcast: action=android.net.conn.CONNECTIVITY_CHANGE_IMMEDIATE
D/ConnectivityService(  451): sendStickyBroadcast: action=android.net.conn.CONNECTIVITY_CHANGE
D/ConnectivityService(  451): sendStickyBroadcast: action=android.net.conn.CONNECTIVITY_CHANGE_IMMEDIATE
D/ConnectivityService(  451): sendStickyBroadcast: action=android.net.conn.CONNECTIVITY_CHANGE
D/ConnectivityService(  451): Checking for replacement network to handle request NetworkRequest [ id=1, legacyType=-1, [ Capabilities: INTERNET&NOT_RESTRICTED&TRUSTED&NOT_VPN] ]
E/ConnectivityService(  451): EVENT_NETWORK_INFO_CHANGED from unknown NetworkAgent
D/ConnectivityService(  451): setProvNotificationVisibleIntent: E visible=false networkType=0 extraInfo=null
D/ConnectivityService(  451): Failed to find a new network - expiring NetTransition Wakelock
I/PowerManagerService(  451): Waking up from sleep (uid 1000)...
I/DisplayPowerController(  451): Blocking screen on until initial contents have been drawn.
I/DisplayManagerService(  451): Display device changed: DisplayDeviceInfo{"Built-in Screen": uniqueId="local:0", 1536 x 2048, 59.0 fps, supportedRefreshRates [59.0], density 320, 288.995 x 288.995 dpi, appVsyncOff 0, presDeadline 17949152, touch INTERNAL, rotation 0, type BUILT_IN, state ON, FLAG_DEFAULT_DISPLAY, FLAG_ROTATES_WITH_CONTENT, FLAG_SECURE, FLAG_SUPPORTS_PROTECTED_BUFFERS}
I/EntropyMixer(  451): Writing entropy...
V/ActivityManager(  451): Display changed displayId=0
I/DisplayPowerController(  451): Unblocked screen on after 181 ms
I/ValidateNoPeople(  451): skipping global notification
I/ValidateNoPeople(  451): skipping global notification
D/WifiService(  451): acquireWifiLockLocked: WifiLock{NlpWifiLock type=2 binder=android.os.BinderProxy@3f0dd75a}
D/WifiService(  451): releaseWifiLockLocked: WifiLock{NlpWifiLock type=2 binder=android.os.BinderProxy@3f0dd75a}
D/ConnectivityService(  451): registerNetworkAgent NetworkAgentInfo{ ni{[type: WIFI[], state: CONNECTING/CONNECTING, reason: (unspecified), extra: "TP-LINK_3BE5", roaming: false, failover: false, isAvailable: true, isConnectedToProvisioningNetwork: false]}  network{null}  lp{{InterfaceName: wlan0 LinkAddresses: []  Routes: [] DnsAddresses: [] Domains: null MTU: 0 TcpBufferSizes: 524288,1048576,2097152,262144,524288,1048576}}  nc{[ Transports: WIFI Capabilities: INTERNET&NOT_RESTRICTED&TRUSTED&NOT_VPN LinkUpBandwidth>=1048576Kbps LinkDnBandwidth>=1048576Kbps]}  Score{20}  everValidated{false}  lastValidated{false}  created{false}  explicitlySelected{false} }
D/ConnectivityService(  451): NetworkAgentInfo [WIFI () - 102] EVENT_NETWORK_INFO_CHANGED, going from null to CONNECTING
D/ConnectivityService(  451): updateNetworkScore for NetworkAgentInfo [WIFI () - 102] to 60
I/ActivityManager(  451): Start proc 5611:com.android.chrome/u0a35 for service com.android.chrome/org.chromium.chrome.browser.customtabs.CustomTabsConnectionService
W/ResourcesManager( 5611): Asset path '/system/framework/com.android.media.remotedisplay.jar' does not exist or contains no resources.
W/ResourcesManager( 5611): Asset path '/system/framework/com.android.location.provider.jar' does not exist or contains no resources.
I/ProcessStatsService(  451): Added stats: 2018-06-11-01-31-20, over +20m39s784ms
I/ProcessStatsService(  451): Added stats: 2018-06-10-21-03-00, over +4h28m20s42ms
I/ProcessStatsService(  451): Added stats: 2018-06-10-17-45-00, over +3h17m59s934ms
I/ProcessStatsService(  451): Added stats: 2018-06-10-14-44-28, over +3h0m31s940ms
I/ProcessStatsService(  451): Added stats: 2018-06-09-20-00-00, over +18h44m28s85ms
D/ConnectivityService(  451): NetworkAgentInfo [WIFI () - 102] EVENT_NETWORK_INFO_CHANGED, going from CONNECTING to CONNECTED
D/ConnectivityService(  451): Adding iface wlan0 to network 102
E/ConnectivityService(  451): Unexpected mtu value: 0, wlan0
D/ConnectivityService(  451): Adding Route [fe80::/64 -> :: wlan0] to network 102
D/ConnectivityService(  451): Adding Route [192.168.1.0/24 -> 0.0.0.0 wlan0] to network 102
D/ConnectivityService(  451): Adding Route [0.0.0.0/0 -> 192.168.1.1 wlan0] to network 102
D/ConnectivityService(  451): Setting Dns servers for network 102 to [/213.160.212.3, /213.160.223.35]
D/ConnectivityService(  451): notifyType IP_CHANGED for NetworkAgentInfo [WIFI () - 102]
D/ConnectivityService(  451): notifyType PRECHECK for NetworkAgentInfo [WIFI () - 102]
D/ConnectivityService(  451): rematching NetworkAgentInfo [WIFI () - 102]
D/ConnectivityService(  451):    accepting network in place of null
D/ConnectivityService(  451): Switching to new default network: NetworkAgentInfo{ ni{[type: WIFI[], state: CONNECTED/CONNECTED, reason: (unspecified), extra: "TP-LINK_3BE5", roaming: false, failover: false, isAvailable: true, isConnectedToProvisioningNetwork: false]}  network{102}  lp{{InterfaceName: wlan0 LinkAddresses: [fe80::522e:5cff:fee5:38b1/64,192.168.1.102/24,]  Routes: [fe80::/64 -> :: wlan0,192.168.1.0/24 -> 0.0.0.0 wlan0,0.0.0.0/0 -> 192.168.1.1 wlan0,] DnsAddresses: [213.160.212.3,213.160.223.35,] Domains: DHCP HOST MTU: 0 TcpBufferSizes: 524288,1048576,2097152,262144,524288,1048576}}  nc{[ Transports: WIFI Capabilities: INTERNET&NOT_RESTRICTED&TRUSTED&NOT_VPN LinkUpBandwidth>=1048576Kbps LinkDnBandwidth>=1048576Kbps]}  Score{20}  everValidated{false}  lastValidated{false}  created{true}  explicitlySelected{false} }
D/ConnectivityService(  451): notifyType AVAILABLE for NetworkAgentInfo [WIFI () - 102]
D/CSLegacyTypeTracker(  451): Sending connected broadcast for type 1 NetworkAgentInfo [WIFI () - 102] isDefaultNetwork=true
D/ConnectivityService(  451): sendStickyBroadcast: action=android.net.conn.CONNECTIVITY_CHANGE_IMMEDIATE
D/ConnectivityService(  451): sendStickyBroadcast: action=android.net.conn.CONNECTIVITY_CHANGE
D/ConnectivityService(  451): setProvNotificationVisibleIntent: E visible=false networkType=0 extraInfo=null
D/ConnectivityService(  451): Validated NetworkAgentInfo [WIFI () - 102]
D/ConnectivityService(  451): rematching NetworkAgentInfo [WIFI () - 102]
D/ConnectivityService(  451): Network NetworkAgentInfo [WIFI () - 102] was already satisfying request 1. No change.
D/ConnectivityService(  451): notifyType AVAILABLE for NetworkAgentInfo [WIFI () - 102]
D/ConnectivityService(  451): sendStickyBroadcast: action=android.net.conn.INET_CONDITION_ACTION
I/ActivityManager(  451): Start proc 5687:com.google.android.instantapps.supervisor/u0a90 for service com.google.android.instantapps.supervisor/.hygiene.HygieneTaskService
I/ActivityManager(  451): Start proc 5743:com.google.android.gms.unstable/u0a8 for service com.google.android.gms/.droidguard.DroidGuardService
W/ResourcesManager( 5743): Asset path '/system/framework/com.android.media.remotedisplay.jar' does not exist or contains no resources.
W/ResourcesManager( 5743): Asset path '/system/framework/com.android.location.provider.jar' does not exist or contains no resources.
D/ConnectivityService(  451): ConnectivityService NetworkRequestInfo binderDied(NetworkRequest [ id=98, legacyType=-1, [ Capabilities: INTERNET&NOT_RESTRICTED&TRUSTED] ], android.os.BinderProxy@6d48dbf)
D/ConnectivityService(  451): releasing NetworkRequest NetworkRequest [ id=98, legacyType=-1, [ Capabilities: INTERNET&NOT_RESTRICTED&TRUSTED] ]
E/ConnectivityService(  451): RemoteException caught trying to send a callback msg for NetworkRequest [ id=98, legacyType=-1, [ Capabilities: INTERNET&NOT_RESTRICTED&TRUSTED] ]
I/ActivityManager(  451): Process com.google.android.apps.maps (pid 5216) has died
W/InputMethodManagerService(  451): Window already focused, ignoring focus gain of: com.android.internal.view.IInputMethodClient$Stub$Proxy@3bb0d8d6 attribute=null, token = android.os.BinderProxy@fb4a422
V/ActivityManager(  451): Display changed displayId=0
I/ActivityManager(  451): Config changes=480 {1.0 ?mcc?mnc en_US ldltr sw768dp w768dp h951dp 320dpi xlrg port finger -keyb/v/h -nav/h s.13}
V/WindowManager(  451): Adding window Window{1a1e6fd1 u0 com.google.android.googlequicksearchbox/com.google.android.launcher.GEL} at 2 of 15 (after Window{91c7c66 u0 com.android.systemui/com.android.systemui.recents.RecentsActivity})
I/WindowManager(  451): Screen frozen for +479ms due to Window{1a1e6fd1 u0 com.google.android.googlequicksearchbox/com.google.android.launcher.GEL}
W/BackupManagerService(  451): dataChanged but no participant pkg='com.android.providers.settings' uid=10022
W/InputMethodManagerService(  451): Window already focused, ignoring focus gain of: com.android.internal.view.IInputMethodClient$Stub$Proxy@2fe491d0 attribute=null, token = android.os.BinderProxy@17279ef8
W/InputMethodManagerService(  451): Window already focused, ignoring focus gain of: com.android.internal.view.IInputMethodClient$Stub$Proxy@2f05022e attribute=null, token = android.os.BinderProxy@17279ef8
I/ProcessStatsService(  451): Prepared write state in 12ms
I/ProcessStatsService(  451): Prepared write state in 0ms
I/ProcessStatsService(  451): Pruning old procstats: /data/system/procstats/state-2018-06-08-19-34-24.bin
I/ActivityManager(  451): START u0 {act=com.android.systemui.recents.SHOW_RECENTS flg=0x10804000 cmp=com.android.systemui/.recents.RecentsActivity} from uid 10022 on display 0
I/ActivityManager(  451): START u0 {act=android.intent.action.MAIN cat=[android.intent.category.HOME] flg=0x10200000 cmp=com.google.android.googlequicksearchbox/com.google.android.launcher.GEL} from uid 10022 on display 0
D/TaskPersister(  451): removeObsoleteFile: deleting file=3085_task.xml
W/BackupManagerService(  451): dataChanged but no participant pkg='com.android.providers.settings' uid=10022
W/InputMethodManagerService(  451): Window already focused, ignoring focus gain of: com.android.internal.view.IInputMethodClient$Stub$Proxy@3ca12103 attribute=null, token = android.os.BinderProxy@17279ef8
W/BroadcastQueue(  451): Skipping deliver [background] BroadcastRecord{822d7ae u-1 android.net.conn.CONNECTIVITY_CHANGE} to ReceiverList{1321094f 6222 (unknown name)/2000/u-1 remote:3eaab1b0}: process crashing
I/ActivityManager(  451): START u0 {act=android.intent.action.MAIN cat=[android.intent.category.LAUNCHER] flg=0x10200000 cmp=com.quicinc.trepn/.userinterface.main.TrepnActivity} from uid 2000 on display 0
V/WindowManager(  451): addAppToken: AppWindowToken{3bc8c0ba token=Token{e006de5 ActivityRecord{380138dc u0 com.quicinc.trepn/.userinterface.main.TrepnActivity t3101}}} to stack=1 task=3101 at 0
V/WindowManager(  451): Adding window Window{497749d u0 Starting com.quicinc.trepn} at 3 of 16 (after Window{1a1e6fd1 u0 com.google.android.googlequicksearchbox/com.google.android.launcher.GEL})
I/ActivityManager(  451): Start proc 6234:com.quicinc.trepn/u0a91 for activity com.quicinc.trepn/.userinterface.main.TrepnActivity
V/WindowManager(  451): Adding window Window{13ce86d1 u0 com.quicinc.trepn/com.quicinc.trepn.userinterface.main.TrepnActivity} at 3 of 17 (before Window{497749d u0 Starting com.quicinc.trepn})
I/ActivityManager(  451): Force stopping com.quicinc.trepn appid=10091 user=0: from pid 6293
I/ActivityManager(  451): Killing 6234:com.quicinc.trepn/u0a91 (adj 0): stop com.quicinc.trepn
I/WindowState(  451): WIN DEATH: Window{13ce86d1 u0 com.quicinc.trepn/com.quicinc.trepn.userinterface.main.TrepnActivity}
W/ActivityManager(  451): Force removing ActivityRecord{380138dc u0 com.quicinc.trepn/.userinterface.main.TrepnActivity t3101}: app died, no saved state
W/ActivityManager(  451): Spurious death for ProcessRecord{344a885e 6234:com.quicinc.trepn/u0a91}, curProc for 6234: null
W/InputMethodManagerService(  451): Got RemoteException sending setActive(false) notification to pid 6234 uid 10091
I/ActivityManager(  451): Start proc 6326:com.quicinc.trepn/u0a91 for service com.quicinc.trepn/.TrepnService
I/ActivityManager(  451): Force stopping com.android.chrome appid=10035 user=0: from pid 6360
I/ActivityManager(  451): Killing 5611:com.android.chrome/u0a35 (adj 13): stop com.android.chrome
W/ActivityManager(  451): Spurious death for ProcessRecord{3c174a39 5611:com.android.chrome/u0a35}, curProc for 5611: null
I/ActivityManager(  451): START u0 {act=android.intent.action.VIEW flg=0x10008000 cmp=com.android.chrome/com.google.android.apps.chrome.Main} from uid 2000 on display 0
V/WindowManager(  451): addAppToken: AppWindowToken{3bd27e2c token=Token{2621d1df ActivityRecord{f9e287e u0 com.android.chrome/com.google.android.apps.chrome.Main t3102}}} to stack=1 task=3102 at 0
I/ActivityManager(  451): Start proc 6372:com.android.chrome/u0a35 for activity com.android.chrome/com.google.android.apps.chrome.Main
W/ResourcesManager( 6372): Asset path '/system/framework/com.android.media.remotedisplay.jar' does not exist or contains no resources.
W/ResourcesManager( 6372): Asset path '/system/framework/com.android.location.provider.jar' does not exist or contains no resources.
I/ActivityManager(  451): START u0 {cmp=com.android.chrome/org.chromium.chrome.browser.firstrun.FirstRunActivity (has extras)} from uid 10035 on display 0
V/WindowManager(  451): addAppToken: AppWindowToken{1967a9ad token=Token{1f2466c4 ActivityRecord{2bce1dd7 u0 com.android.chrome/org.chromium.chrome.browser.firstrun.FirstRunActivity t3103}}} to stack=1 task=3103 at 0
V/WindowManager(  451): Based on layer: Adding window Window{3da16165 u0 com.android.chrome/org.chromium.chrome.browser.firstrun.FirstRunActivity} at 3 of 16
I/ActivityManager(  451): Start proc 6401:com.android.chrome:sandboxed_process0/u0i82 for service com.android.chrome/org.chromium.content.app.SandboxedProcessService0
I/ActivityManager(  451): Start proc 6453:com.android.chrome:privileged_process0/u0a35 for service com.android.chrome/org.chromium.content.app.PrivilegedProcessService0
D/ConnectivityService(  451): listenForNetwork for NetworkRequest [ id=99, legacyType=-1, [ Capabilities: INTERNET&NOT_RESTRICTED&TRUSTED] ]
D/ConnectivityService(  451): handleRegisterNetworkRequest checking NetworkAgentInfo [WIFI () - 102]
D/ConnectivityService(  451): apparently satisfied.  currentScore=60
D/ConnectivityService(  451): listenForNetwork for NetworkRequest [ id=100, legacyType=-1, [ Capabilities: INTERNET&NOT_RESTRICTED&TRUSTED] ]
D/ConnectivityService(  451): handleRegisterNetworkRequest checking NetworkAgentInfo [WIFI () - 102]
D/ConnectivityService(  451): apparently satisfied.  currentScore=60
I/ActivityManager(  451): START u0 {act=android.intent.action.VIEW flg=0x10808000 cmp=com.android.chrome/com.google.android.apps.chrome.Main (has extras)} from uid 10035 on display 0
V/WindowManager(  451): addAppToken: AppWindowToken{129456c6 token=Token{5bba4a1 ActivityRecord{25f86508 u0 com.android.chrome/com.google.android.apps.chrome.Main t3104}}} to stack=1 task=3104 at 0
D/ConnectivityService(  451): releasing NetworkRequest NetworkRequest [ id=100, legacyType=-1, [ Capabilities: INTERNET&NOT_RESTRICTED&TRUSTED] ]
W/libprocessgroup(  451): failed to open /acct/uid_10035/pid_6401/cgroup.procs: No such file or directory
I/ActivityManager(  451): Process com.android.chrome:sandboxed_process0 (pid 6401) has died
W/ActivityManager(  451): Scheduling restart of crashed service com.android.chrome/org.chromium.content.app.SandboxedProcessService0 in 1000ms
D/ConnectivityService(  451): listenForNetwork for NetworkRequest [ id=101, legacyType=-1, [ Capabilities: INTERNET&NOT_RESTRICTED&TRUSTED] ]
D/ConnectivityService(  451): handleRegisterNetworkRequest checking NetworkAgentInfo [WIFI () - 102]
D/ConnectivityService(  451): apparently satisfied.  currentScore=60
I/ActivityManager(  451): START u0 {act=android.intent.action.VIEW flg=0x14002000 cmp=com.android.chrome/org.chromium.chrome.browser.ChromeTabbedActivity (has extras)} from uid 10035 on display 0
V/WindowManager(  451): addAppToken: AppWindowToken{2cc1789e token=Token{cb346d9 ActivityRecord{20ccd20 u0 com.android.chrome/org.chromium.chrome.browser.ChromeTabbedActivity t3105}}} to stack=1 task=3105 at 0
V/WindowManager(  451): Based on layer: Adding window Window{178b0f77 u0 Starting com.android.chrome} at 4 of 17
I/ActivityManager(  451): Start proc 6549:com.android.chrome:sandboxed_process0/u0i83 for service com.android.chrome/org.chromium.content.app.SandboxedProcessService0
V/WindowManager(  451): Adding window Window{d5a685a u0 com.android.chrome/org.chromium.chrome.browser.ChromeTabbedActivity} at 4 of 18 (before Window{178b0f77 u0 Starting com.android.chrome})
V/WindowManager(  451): Adding window Window{2dab0768 u0 SurfaceView} at 4 of 19 (before Window{d5a685a u0 com.android.chrome/org.chromium.chrome.browser.ChromeTabbedActivity})
I/ActivityManager(  451): Start proc 6586:com.google.android.partnersetup/u0a12 for content provider com.google.android.partnersetup/.RlzAppProvider
I/ActivityManager(  451): Start proc 6622:com.android.chrome:sandboxed_process1/u0i84 for service com.android.chrome/org.chromium.content.app.SandboxedProcessService1
W/FileUtils( 6326): Failed to chmod(/storage/emulated/0/trepn/Trepn_2018.06.11_182403.db): android.system.ErrnoException: chmod failed: EPERM (Operation not permitted)
I/ActivityManager(  451): Activity reported stop, but no longer stopping: ActivityRecord{2bce1dd7 u0 com.android.chrome/org.chromium.chrome.browser.firstrun.FirstRunActivity t3103 f}
I/ActivityManager(  451): Killing 3366:com.google.android.talk/u0a13 (adj 15): empty #17
I/ActivityManager(  451): Start proc 6674:com.android.providers.partnerbookmarks/u0a65 for content provider com.android.providers.partnerbookmarks/.PartnerBookmarksProvider
I/ActivityManager(  451): Killing 3329:com.opera.browser:alarm_receiver/u0a85 (adj 15): empty #17
D/TaskPersister(  451): removeObsoleteFile: deleting file=3103_task_thumbnail.png
D/ConnectivityService(  451): ConnectivityService NetworkRequestInfo binderDied(NetworkRequest [ id=97, legacyType=-1, [ Capabilities: INTERNET&NOT_RESTRICTED&TRUSTED] ], android.os.BinderProxy@2a2127a)
D/ConnectivityService(  451): releasing NetworkRequest NetworkRequest [ id=97, legacyType=-1, [ Capabilities: INTERNET&NOT_RESTRICTED&TRUSTED] ]
E/ConnectivityService(  451): RemoteException caught trying to send a callback msg for NetworkRequest [ id=97, legacyType=-1, [ Capabilities: INTERNET&NOT_RESTRICTED&TRUSTED] ]
I/ActivityManager(  451): Process com.google.android.youtube (pid 5094) has died
I/ActivityManager(  451): START u0 {act=android.intent.action.VIEW dat=localhost:8000 flg=0x10000000 cmp=com.android.chrome/com.google.android.apps.chrome.Main} from uid 2000 on display 0
V/WindowManager(  451): addAppToken: AppWindowToken{ebed021 token=Token{ca70e88 ActivityRecord{4ff3a2b u0 com.android.chrome/com.google.android.apps.chrome.Main t3106}}} to stack=1 task=3106 at 0
D/ConnectivityService(  451): releasing NetworkRequest NetworkRequest [ id=101, legacyType=-1, [ Capabilities: INTERNET&NOT_RESTRICTED&TRUSTED] ]
D/ConnectivityService(  451): listenForNetwork for NetworkRequest [ id=102, legacyType=-1, [ Capabilities: INTERNET&NOT_RESTRICTED&TRUSTED] ]
D/ConnectivityService(  451): handleRegisterNetworkRequest checking NetworkAgentInfo [WIFI () - 102]
D/ConnectivityService(  451): apparently satisfied.  currentScore=60
I/ActivityManager(  451): START u0 {act=android.intent.action.VIEW dat=localhost:8000 flg=0x14002000 cmp=com.android.chrome/org.chromium.chrome.browser.ChromeTabbedActivity (has extras)} from uid 10035 on display 0
W/InputMethodManagerService(  451): Window already focused, ignoring focus gain of: com.android.internal.view.IInputMethodClient$Stub$Proxy@37b726a0 attribute=null, token = android.os.BinderProxy@13f77005
I/ActivityManager(  451): Start proc 6715:com.android.chrome:sandboxed_process2/u0i85 for service com.android.chrome/org.chromium.content.app.SandboxedProcessService2
W/libprocessgroup(  451): failed to open /acct/uid_10035/pid_6622/cgroup.procs: No such file or directory
I/ActivityManager(  451): Process com.android.chrome:sandboxed_process1 (pid 6622) has died
W/ActivityManager(  451): Scheduling restart of crashed service com.android.chrome/org.chromium.content.app.SandboxedProcessService1 in 1000ms
I/ActivityManager(  451): Start proc 6805:com.android.chrome:sandboxed_process3/u0i86 for service com.android.chrome/org.chromium.content.app.SandboxedProcessService3
W/libprocessgroup(  451): failed to open /acct/uid_10035/pid_6805/cgroup.procs: No such file or directory
I/ActivityManager(  451): Process com.android.chrome:sandboxed_process3 (pid 6805) has died
W/ActivityManager(  451): Scheduling restart of crashed service com.android.chrome/org.chromium.content.app.SandboxedProcessService3 in 1000ms
I/ActivityManager(  451): Force stopping com.android.chrome appid=10035 user=0: from pid 6884
I/ActivityManager(  451): Killing 6453:com.android.chrome:privileged_process0/u0a35 (adj 0): stop com.android.chrome
W/ActivityManager(  451): Scheduling restart of crashed service com.android.chrome/org.chromium.content.app.PrivilegedProcessService0 in 1000ms
I/ActivityManager(  451): Killing 6372:com.android.chrome/u0a35 (adj 0): stop com.android.chrome
D/ConnectivityService(  451): ConnectivityService NetworkRequestInfo binderDied(NetworkRequest [ id=99, legacyType=-1, [ Capabilities: INTERNET&NOT_RESTRICTED&TRUSTED] ], android.os.BinderProxy@378159cb)
I/WindowState(  451): WIN DEATH: Window{d5a685a u0 com.android.chrome/org.chromium.chrome.browser.ChromeTabbedActivity}
