W/ActivityManager(  451): 	at com.android.server.am.ActivityManagerService.killPackageProcessesLocked(ActivityManagerService.java:5594)
W/ActivityManager(  451): 	at com.android.server.am.ActivityManagerService.forceStopPackageLocked(ActivityManagerService.java:5655)
W/ActivityManager(  451): 	at com.android.server.am.ActivityManagerService.forceStopPackageLocked(ActivityManagerService.java:5499)
W/ActivityManager(  451): 	at com.android.server.am.ActivityManagerService.forceStopPackage(ActivityManagerService.java:5309)
W/ActivityManager(  451): 	at android.app.ActivityManagerNative.onTransact(ActivityManagerNative.java:1461)
W/ActivityManager(  451): 	at com.android.server.am.ActivityManagerService.onTransact(ActivityManagerService.java:2208)
W/ActivityManager(  451): 	at android.os.Binder.execTransact(Binder.java:446)
I/ActivityManager(  451): Killing 8233:com.android.chrome:sandboxed_process2/u0a35i5 (adj 10): isolated not needed
W/libprocessgroup(  451): failed to open /acct/uid_10035/pid_8233/cgroup.procs: No such file or directory
W/ActivityManager(  451): Force removing ActivityRecord{303b2bc0 u0 com.android.chrome/org.chromium.chrome.browser.ChromeTabbedActivity t3016}: app died, no saved state
I/ActivityManager(  451): Killing 7912:com.android.chrome:sandboxed_process0/u0a35i3 (adj 9): isolated not needed
W/libprocessgroup(  451): failed to open /acct/uid_10035/pid_7912/cgroup.procs: No such file or directory
W/ActivityManager(  451): Spurious death for ProcessRecord{10c9a77a 7953:com.android.chrome:privileged_process0/u0a35}, curProc for 7953: null
W/ActivityManager(  451): Spurious death for ProcessRecord{210c8208 7879:com.android.chrome/u0a35}, curProc for 7879: null
W/InputMethodManagerService(  451): Got RemoteException sending setActive(false) notification to pid 7879 uid 10035
I/ActivityManager(  451): Force stopping com.android.chrome appid=10035 user=0: clear data
D/TaskPersister(  451): removeObsoleteFile: deleting file=3016_task.xml
D/TaskPersister(  451): removeObsoleteFile: deleting file=3016_task_thumbnail.png
I/ActivityManager(  451): Start proc 8705:com.android.documentsui/u0a40 for broadcast com.android.documentsui/.PackageReceiver
I/ActivityManager(  451): Start proc 8737:com.android.externalstorage/u0a6 for content provider com.android.externalstorage/.ExternalStorageProvider
I/ActivityManager(  451): Killing 6384:com.google.android.deskclock/u0a39 (adj 15): empty #17
I/ActivityManager(  451): Start proc 8757:com.google.android.apps.docs/u0a41 for content provider com.google.android.apps.docs/.storagebackend.StorageBackendContentProvider
I/ActivityManager(  451): Killing 6311:com.google.android.calendar/u0a32 (adj 15): empty #17
I/ActivityManager(  451): Start proc 8796:com.android.chrome/u0a35 for content provider com.android.chrome/com.google.android.apps.chrome.icing.IcingProvider
D/ConnectivityService(  451): updateNetworkScore for NetworkAgentInfo [WIFI () - 100] to 60
D/ConnectivityService(  451): rematching NetworkAgentInfo [WIFI () - 100]
D/ConnectivityService(  451): Network NetworkAgentInfo [WIFI () - 100] was already satisfying request 1. No change.
D/ConnectivityService(  451): notifyType AVAILABLE for NetworkAgentInfo [WIFI () - 100]
W/ResourcesManager( 8796): Asset path '/system/framework/com.android.media.remotedisplay.jar' does not exist or contains no resources.
W/ResourcesManager( 8796): Asset path '/system/framework/com.android.location.provider.jar' does not exist or contains no resources.
I/ActivityManager(  451): Killing 6554:com.google.android.youtube/u0a81 (adj 15): empty #17
D/ConnectivityService(  451): ConnectivityService NetworkRequestInfo binderDied(NetworkRequest [ id=23, legacyType=-1, [ Capabilities: INTERNET&NOT_RESTRICTED&TRUSTED] ], android.os.BinderProxy@aa0f60d)
D/ConnectivityService(  451): releasing NetworkRequest NetworkRequest [ id=23, legacyType=-1, [ Capabilities: INTERNET&NOT_RESTRICTED&TRUSTED] ]
E/ConnectivityService(  451): RemoteException caught trying to send a callback msg for NetworkRequest [ id=23, legacyType=-1, [ Capabilities: INTERNET&NOT_RESTRICTED&TRUSTED] ]
W/FileUtils( 7829): Failed to chmod(/storage/emulated/0/trepn/Trepn_2018.06.11_105653.db): android.system.ErrnoException: chmod failed: EPERM (Operation not permitted)
W/ResourcesManager( 8757): Asset path '/system/framework/com.android.media.remotedisplay.jar' does not exist or contains no resources.
W/ResourcesManager( 8757): Asset path '/system/framework/com.android.location.provider.jar' does not exist or contains no resources.
D/ConnectivityService(  451): updateNetworkScore for NetworkAgentInfo [WIFI () - 100] to 56
D/ConnectivityService(  451): rematching NetworkAgentInfo [WIFI () - 100]
D/ConnectivityService(  451): Network NetworkAgentInfo [WIFI () - 100] was already satisfying request 1. No change.
D/ConnectivityService(  451): notifyType AVAILABLE for NetworkAgentInfo [WIFI () - 100]
D/ConnectivityService(  451): updateNetworkScore for NetworkAgentInfo [WIFI () - 100] to 60
D/ConnectivityService(  451): rematching NetworkAgentInfo [WIFI () - 100]
D/ConnectivityService(  451): Network NetworkAgentInfo [WIFI () - 100] was already satisfying request 1. No change.
D/ConnectivityService(  451): notifyType AVAILABLE for NetworkAgentInfo [WIFI () - 100]
D/ConnectivityService(  451): updateNetworkScore for NetworkAgentInfo [WIFI () - 100] to 56
D/ConnectivityService(  451): rematching NetworkAgentInfo [WIFI () - 100]
D/ConnectivityService(  451): Network NetworkAgentInfo [WIFI () - 100] was already satisfying request 1. No change.
D/ConnectivityService(  451): notifyType AVAILABLE for NetworkAgentInfo [WIFI () - 100]
D/ConnectivityService(  451): updateNetworkScore for NetworkAgentInfo [WIFI () - 100] to 60
D/ConnectivityService(  451): rematching NetworkAgentInfo [WIFI () - 100]
D/ConnectivityService(  451): Network NetworkAgentInfo [WIFI () - 100] was already satisfying request 1. No change.
D/ConnectivityService(  451): notifyType AVAILABLE for NetworkAgentInfo [WIFI () - 100]
D/ConnectivityService(  451): updateNetworkScore for NetworkAgentInfo [WIFI () - 100] to 56
D/ConnectivityService(  451): rematching NetworkAgentInfo [WIFI () - 100]
D/ConnectivityService(  451): Network NetworkAgentInfo [WIFI () - 100] was already satisfying request 1. No change.
D/ConnectivityService(  451): notifyType AVAILABLE for NetworkAgentInfo [WIFI () - 100]
D/ConnectivityService(  451): updateNetworkScore for NetworkAgentInfo [WIFI () - 100] to 60
D/ConnectivityService(  451): rematching NetworkAgentInfo [WIFI () - 100]
D/ConnectivityService(  451): Network NetworkAgentInfo [WIFI () - 100] was already satisfying request 1. No change.
D/ConnectivityService(  451): notifyType AVAILABLE for NetworkAgentInfo [WIFI () - 100]
I/ActivityManager(  451): Killing 2286:com.google.android.talk/u0a13 (adj 15): empty #17
D/ConnectivityService(  451): updateNetworkScore for NetworkAgentInfo [WIFI () - 100] to 56
D/ConnectivityService(  451): rematching NetworkAgentInfo [WIFI () - 100]
D/ConnectivityService(  451): Network NetworkAgentInfo [WIFI () - 100] was already satisfying request 1. No change.
D/ConnectivityService(  451): notifyType AVAILABLE for NetworkAgentInfo [WIFI () - 100]
D/ConnectivityService(  451): updateNetworkScore for NetworkAgentInfo [WIFI () - 100] to 60
D/ConnectivityService(  451): rematching NetworkAgentInfo [WIFI () - 100]
D/ConnectivityService(  451): Network NetworkAgentInfo [WIFI () - 100] was already satisfying request 1. No change.
D/ConnectivityService(  451): notifyType AVAILABLE for NetworkAgentInfo [WIFI () - 100]
D/ConnectivityService(  451): updateNetworkScore for NetworkAgentInfo [WIFI () - 100] to 56
D/ConnectivityService(  451): rematching NetworkAgentInfo [WIFI () - 100]
D/ConnectivityService(  451): Network NetworkAgentInfo [WIFI () - 100] was already satisfying request 1. No change.
D/ConnectivityService(  451): notifyType AVAILABLE for NetworkAgentInfo [WIFI () - 100]
D/ConnectivityService(  451): updateNetworkScore for NetworkAgentInfo [WIFI () - 100] to 60
D/ConnectivityService(  451): rematching NetworkAgentInfo [WIFI () - 100]
D/ConnectivityService(  451): Network NetworkAgentInfo [WIFI () - 100] was already satisfying request 1. No change.
D/ConnectivityService(  451): notifyType AVAILABLE for NetworkAgentInfo [WIFI () - 100]
I/ActivityManager(  451): Force stopping com.android.chrome appid=10035 user=0: from pid 9209
I/ActivityManager(  451): Killing 8796:com.android.chrome/u0a35 (adj 9): stop com.android.chrome
W/ActivityManager(  451): Spurious death for ProcessRecord{10accc46 8796:com.android.chrome/u0a35}, curProc for 8796: null
I/ActivityManager(  451): START u0 {act=android.intent.action.VIEW flg=0x10008000 cmp=com.android.chrome/com.google.android.apps.chrome.Main} from uid 2000 on display 0
V/WindowManager(  451): addAppToken: AppWindowToken{1561fd5d token=Token{2de9fb34 ActivityRecord{3f47e07 u0 com.android.chrome/com.google.android.apps.chrome.Main t3018}}} to stack=1 task=3018 at 0
I/ActivityManager(  451): Start proc 9221:com.android.chrome/u0a35 for activity com.android.chrome/com.google.android.apps.chrome.Main
W/ResourcesManager( 9221): Asset path '/system/framework/com.android.media.remotedisplay.jar' does not exist or contains no resources.
W/ResourcesManager( 9221): Asset path '/system/framework/com.android.location.provider.jar' does not exist or contains no resources.
I/ActivityManager(  451): START u0 {cmp=com.android.chrome/org.chromium.chrome.browser.firstrun.FirstRunActivity (has extras)} from uid 10035 on display 0
V/WindowManager(  451): addAppToken: AppWindowToken{22fefe2a token=Token{16bc7b15 ActivityRecord{31fd7ccc u0 com.android.chrome/org.chromium.chrome.browser.firstrun.FirstRunActivity t3019}}} to stack=1 task=3019 at 0
V/WindowManager(  451): Based on layer: Adding window Window{fa52882 u0 com.android.chrome/org.chromium.chrome.browser.firstrun.FirstRunActivity} at 3 of 17
I/ActivityManager(  451): Start proc 9250:com.android.chrome:sandboxed_process0/u0i6 for service com.android.chrome/org.chromium.content.app.SandboxedProcessService0
I/ActivityManager(  451): Start proc 9294:com.android.chrome:privileged_process0/u0a35 for service com.android.chrome/org.chromium.content.app.PrivilegedProcessService0
D/ConnectivityService(  451): listenForNetwork for NetworkRequest [ id=32, legacyType=-1, [ Capabilities: INTERNET&NOT_RESTRICTED&TRUSTED] ]
D/ConnectivityService(  451): handleRegisterNetworkRequest checking NetworkAgentInfo [WIFI () - 100]
D/ConnectivityService(  451): apparently satisfied.  currentScore=100
D/ConnectivityService(  451): listenForNetwork for NetworkRequest [ id=33, legacyType=-1, [ Capabilities: INTERNET&NOT_RESTRICTED&TRUSTED] ]
D/ConnectivityService(  451): handleRegisterNetworkRequest checking NetworkAgentInfo [WIFI () - 100]
D/ConnectivityService(  451): apparently satisfied.  currentScore=100
I/ActivityManager(  451): START u0 {act=android.intent.action.VIEW flg=0x10808000 cmp=com.android.chrome/com.google.android.apps.chrome.Main (has extras)} from uid 10035 on display 0
V/WindowManager(  451): addAppToken: AppWindowToken{12782742 token=Token{c9ab98d ActivityRecord{2abc4a24 u0 com.android.chrome/com.google.android.apps.chrome.Main t3020}}} to stack=1 task=3020 at 0
D/ConnectivityService(  451): releasing NetworkRequest NetworkRequest [ id=33, legacyType=-1, [ Capabilities: INTERNET&NOT_RESTRICTED&TRUSTED] ]
D/ConnectivityService(  451): listenForNetwork for NetworkRequest [ id=34, legacyType=-1, [ Capabilities: INTERNET&NOT_RESTRICTED&TRUSTED] ]
D/ConnectivityService(  451): handleRegisterNetworkRequest checking NetworkAgentInfo [WIFI () - 100]
D/ConnectivityService(  451): apparently satisfied.  currentScore=100
I/ActivityManager(  451): START u0 {act=android.intent.action.VIEW flg=0x14002000 cmp=com.android.chrome/org.chromium.chrome.browser.ChromeTabbedActivity (has extras)} from uid 10035 on display 0
V/WindowManager(  451): addAppToken: AppWindowToken{1ac75c9a token=Token{266a8d45 ActivityRecord{310cb9bc u0 com.android.chrome/org.chromium.chrome.browser.ChromeTabbedActivity t3021}}} to stack=1 task=3021 at 0
V/WindowManager(  451): Based on layer: Adding window Window{2e4b6743 u0 Starting com.android.chrome} at 4 of 18
W/libprocessgroup(  451): failed to open /acct/uid_10035/pid_9250/cgroup.procs: No such file or directory
I/ActivityManager(  451): Process com.android.chrome:sandboxed_process0 (pid 9250) has died
W/ActivityManager(  451): Scheduling restart of crashed service com.android.chrome/org.chromium.content.app.SandboxedProcessService0 in 1000ms
I/ActivityManager(  451): Start proc 9385:com.android.chrome:sandboxed_process1/u0i7 for service com.android.chrome/org.chromium.content.app.SandboxedProcessService1
V/WindowManager(  451): Adding window Window{2f735431 u0 com.android.chrome/org.chromium.chrome.browser.ChromeTabbedActivity} at 4 of 19 (before Window{2e4b6743 u0 Starting com.android.chrome})
V/WindowManager(  451): Adding window Window{295eeaf0 u0 SurfaceView} at 4 of 20 (before Window{2f735431 u0 com.android.chrome/org.chromium.chrome.browser.ChromeTabbedActivity})
D/WifiService(  451): acquireWifiLockLocked: WifiLock{NlpWifiLock type=2 binder=android.os.BinderProxy@212a51c6}
I/ActivityManager(  451): Start proc 9440:com.android.chrome:sandboxed_process2/u0i8 for service com.android.chrome/org.chromium.content.app.SandboxedProcessService2
D/WifiService(  451): releaseWifiLockLocked: WifiLock{NlpWifiLock type=2 binder=android.os.BinderProxy@212a51c6}
W/FileUtils( 7829): Failed to chmod(/storage/emulated/0/trepn/Trepn_2018.06.11_110020.db): android.system.ErrnoException: chmod failed: EPERM (Operation not permitted)
I/ActivityManager(  451): Activity reported stop, but no longer stopping: ActivityRecord{31fd7ccc u0 com.android.chrome/org.chromium.chrome.browser.firstrun.FirstRunActivity t3019 f}
I/ActivityManager(  451): START u0 {act=android.intent.action.VIEW dat=localhost:8000 flg=0x10000000 cmp=com.android.chrome/com.google.android.apps.chrome.Main} from uid 2000 on display 0
V/WindowManager(  451): addAppToken: AppWindowToken{21f92b40 token=Token{1fb976c3 ActivityRecord{1d938272 u0 com.android.chrome/com.google.android.apps.chrome.Main t3022}}} to stack=1 task=3022 at 0
D/TaskPersister(  451): removeObsoleteFile: deleting file=3019_task_thumbnail.png
D/ConnectivityService(  451): releasing NetworkRequest NetworkRequest [ id=34, legacyType=-1, [ Capabilities: INTERNET&NOT_RESTRICTED&TRUSTED] ]
D/ConnectivityService(  451): listenForNetwork for NetworkRequest [ id=35, legacyType=-1, [ Capabilities: INTERNET&NOT_RESTRICTED&TRUSTED] ]
D/ConnectivityService(  451): handleRegisterNetworkRequest checking NetworkAgentInfo [WIFI () - 100]
D/ConnectivityService(  451): apparently satisfied.  currentScore=100
I/ActivityManager(  451): START u0 {act=android.intent.action.VIEW dat=localhost:8000 flg=0x14002000 cmp=com.android.chrome/org.chromium.chrome.browser.ChromeTabbedActivity (has extras)} from uid 10035 on display 0
W/InputMethodManagerService(  451): Window already focused, ignoring focus gain of: com.android.internal.view.IInputMethodClient$Stub$Proxy@25d0fb3b attribute=null, token = android.os.BinderProxy@38a9d8d8
I/ActivityManager(  451): Start proc 9514:com.android.chrome:sandboxed_process3/u0i9 for service com.android.chrome/org.chromium.content.app.SandboxedProcessService3
W/libprocessgroup(  451): failed to open /acct/uid_10035/pid_9440/cgroup.procs: No such file or directory
I/ActivityManager(  451): Process com.android.chrome:sandboxed_process2 (pid 9440) has died
W/ActivityManager(  451): Scheduling restart of crashed service com.android.chrome/org.chromium.content.app.SandboxedProcessService2 in 1000ms
I/ActivityManager(  451): Start proc 9618:com.android.chrome:sandboxed_process4/u0i10 for service com.android.chrome/org.chromium.content.app.SandboxedProcessService4
W/libprocessgroup(  451): failed to open /acct/uid_10035/pid_9618/cgroup.procs: No such file or directory
I/ActivityManager(  451): Process com.android.chrome:sandboxed_process4 (pid 9618) has died
W/ActivityManager(  451): Scheduling restart of crashed service com.android.chrome/org.chromium.content.app.SandboxedProcessService4 in 1000ms
D/ConnectivityService(  451): NetworkAgentInfo [WIFI () - 100] EVENT_NETWORK_INFO_CHANGED, going from CONNECTED to CONNECTING
D/ConnectivityService(  451): NetworkAgentInfo [WIFI () - 100] EVENT_NETWORK_INFO_CHANGED, going from CONNECTING to CONNECTED
I/ActivityManager(  451): Force stopping com.android.chrome appid=10035 user=0: from pid 9728
I/ActivityManager(  451): Killing 9294:com.android.chrome:privileged_process0/u0a35 (adj 0): stop com.android.chrome
W/ActivityManager(  451): Scheduling restart of crashed service com.android.chrome/org.chromium.content.app.PrivilegedProcessService0 in 1000ms
I/ActivityManager(  451): Killing 9221:com.android.chrome/u0a35 (adj 0): stop com.android.chrome
I/WindowState(  451): WIN DEATH: Window{295eeaf0 u0 SurfaceView}
D/ConnectivityService(  451): ConnectivityService NetworkRequestInfo binderDied(NetworkRequest [ id=32, legacyType=-1, [ Capabilities: INTERNET&NOT_RESTRICTED&TRUSTED] ], android.os.BinderProxy@37840ce1)
D/ConnectivityService(  451): releasing NetworkRequest NetworkRequest [ id=32, legacyType=-1, [ Capabilities: INTERNET&NOT_RESTRICTED&TRUSTED] ]
D/ConnectivityService(  451): ConnectivityService NetworkRequestInfo binderDied(NetworkRequest [ id=35, legacyType=-1, [ Capabilities: INTERNET&NOT_RESTRICTED&TRUSTED] ], android.os.BinderProxy@362c3a06)
E/ConnectivityService(  451): RemoteException caught trying to send a callback msg for NetworkRequest [ id=32, legacyType=-1, [ Capabilities: INTERNET&NOT_RESTRICTED&TRUSTED] ]
D/ConnectivityService(  451): releasing NetworkRequest NetworkRequest [ id=35, legacyType=-1, [ Capabilities: INTERNET&NOT_RESTRICTED&TRUSTED] ]
E/ConnectivityService(  451): RemoteException caught trying to send a callback msg for NetworkRequest [ id=35, legacyType=-1, [ Capabilities: INTERNET&NOT_RESTRICTED&TRUSTED] ]
I/WindowState(  451): WIN DEATH: Window{2f735431 u0 com.android.chrome/org.chromium.chrome.browser.ChromeTabbedActivity}
W/ActivityManager(  451): Exception when unbinding service com.android.chrome/org.chromium.content.app.SandboxedProcessService3
W/ActivityManager(  451): android.os.DeadObjectException
W/ActivityManager(  451): 	at android.os.BinderProxy.transactNative(Native Method)
W/ActivityManager(  451): 	at android.os.BinderProxy.transact(Binder.java:496)
W/ActivityManager(  451): 	at android.app.ApplicationThreadProxy.scheduleUnbindService(ApplicationThreadNative.java:921)
W/ActivityManager(  451): 	at com.android.server.am.ActiveServices.removeConnectionLocked(ActiveServices.java:1795)
W/ActivityManager(  451): 	at com.android.server.am.ActiveServices.killServicesLocked(ActiveServices.java:2193)
W/ActivityManager(  451): 	at com.android.server.am.ActivityManagerService.cleanUpApplicationRecordLocked(ActivityManagerService.java:14895)
W/ActivityManager(  451): 	at com.android.server.am.ActivityManagerService.handleAppDiedLocked(ActivityManagerService.java:4552)
W/ActivityManager(  451): 	at com.android.server.am.ActivityManagerService.removeProcessLocked(ActivityManagerService.java:5789)
W/ActivityManager(  451): 	at com.android.server.am.ActivityManagerService.killPackageProcessesLocked(ActivityManagerService.java:5594)
W/ActivityManager(  451): 	at com.android.server.am.ActivityManagerService.forceStopPackageLocked(ActivityManagerService.java:5655)
W/ActivityManager(  451): 	at com.android.server.am.ActivityManagerService.forceStopPackageLocked(ActivityManagerService.java:5499)
W/ActivityManager(  451): 	at com.android.server.am.ActivityManagerService.forceStopPackage(ActivityManagerService.java:5309)
W/ActivityManager(  451): 	at android.app.ActivityManagerNative.onTransact(ActivityManagerNative.java:1461)
W/ActivityManager(  451): 	at com.android.server.am.ActivityManagerService.onTransact(ActivityManagerService.java:2208)
W/ActivityManager(  451): 	at android.os.Binder.execTransact(Binder.java:446)
I/ActivityManager(  451): Killing 9514:com.android.chrome:sandboxed_process3/u0a35i9 (adj 9): isolated not needed
W/libprocessgroup(  451): failed to open /acct/uid_10035/pid_9514/cgroup.procs: No such file or directory
W/ActivityManager(  451): Exception when unbinding service com.android.chrome/org.chromium.content.app.SandboxedProcessService1
W/ActivityManager(  451): android.os.DeadObjectException
W/ActivityManager(  451): 	at android.os.BinderProxy.transactNative(Native Method)
W/ActivityManager(  451): 	at android.os.BinderProxy.transact(Binder.java:496)
W/ActivityManager(  451): 	at android.app.ApplicationThreadProxy.scheduleUnbindService(ApplicationThreadNative.java:921)
W/ActivityManager(  451): 	at com.android.server.am.ActiveServices.removeConnectionLocked(ActiveServices.java:1795)
W/ActivityManager(  451): 	at com.android.server.am.ActiveServices.killServicesLocked(ActiveServices.java:2193)
W/ActivityManager(  451): 	at com.android.server.am.ActivityManagerService.cleanUpApplicationRecordLocked(ActivityManagerService.java:14895)
W/ActivityManager(  451): 	at com.android.server.am.ActivityManagerService.handleAppDiedLocked(ActivityManagerService.java:4552)
W/ActivityManager(  451): 	at com.android.server.am.ActivityManagerService.removeProcessLocked(ActivityManagerService.java:5789)
W/ActivityManager(  451): 	at com.android.server.am.ActivityManagerService.killPackageProcessesLocked(ActivityManagerService.java:5594)
W/ActivityManager(  451): 	at com.android.server.am.ActivityManagerService.forceStopPackageLocked(ActivityManagerService.java:5655)
W/ActivityManager(  451): 	at com.android.server.am.ActivityManagerService.forceStopPackageLocked(ActivityManagerService.java:5499)
W/ActivityManager(  451): 	at com.android.server.am.ActivityManagerService.forceStopPackage(ActivityManagerService.java:5309)
W/ActivityManager(  451): 	at android.app.ActivityManagerNative.onTransact(ActivityManagerNative.java:1461)
W/ActivityManager(  451): 	at com.android.server.am.ActivityManagerService.onTransact(ActivityManagerService.java:2208)
W/ActivityManager(  451): 	at android.os.Binder.execTransact(Binder.java:446)
W/ActivityManager(  451): Force removing ActivityRecord{310cb9bc u0 com.android.chrome/org.chromium.chrome.browser.ChromeTabbedActivity t3021}: app died, no saved state
I/ActivityManager(  451): Killing 9385:com.android.chrome:sandboxed_process1/u0a35i7 (adj 9): isolated not needed
W/libprocessgroup(  451): failed to open /acct/uid_10035/pid_9385/cgroup.procs: No such file or directory
W/ActivityManager(  451): Spurious death for ProcessRecord{a85e490 9294:com.android.chrome:privileged_process0/u0a35}, curProc for 9294: null
W/ActivityManager(  451): Spurious death for ProcessRecord{12360b93 9221:com.android.chrome/u0a35}, curProc for 9221: null
W/InputMethodManagerService(  451): Got RemoteException sending setActive(false) notification to pid 9221 uid 10035
I/ActivityManager(  451): Force stopping com.android.chrome appid=10035 user=0: clear data
D/TaskPersister(  451): removeObsoleteFile: deleting file=3021_task.xml
D/TaskPersister(  451): removeObsoleteFile: deleting file=3021_task_thumbnail.png
I/ActivityManager(  451): Start proc 9787:com.android.chrome/u0a35 for content provider com.android.chrome/com.google.android.apps.chrome.icing.IcingProvider
W/ResourcesManager( 9787): Asset path '/system/framework/com.android.media.remotedisplay.jar' does not exist or contains no resources.
W/ResourcesManager( 9787): Asset path '/system/framework/com.android.location.provider.jar' does not exist or contains no resources.
W/FileUtils( 7829): Failed to chmod(/storage/emulated/0/trepn/Trepn_2018.06.11_110020.db): android.system.ErrnoException: chmod failed: EPERM (Operation not permitted)
I/ActivityManager(  451): Force stopping com.android.chrome appid=10035 user=0: from pid 9938
I/ActivityManager(  451): Killing 9787:com.android.chrome/u0a35 (adj 9): stop com.android.chrome
W/ActivityManager(  451): Spurious death for ProcessRecord{2af50d6a 9787:com.android.chrome/u0a35}, curProc for 9787: null
I/ActivityManager(  451): START u0 {act=android.intent.action.VIEW flg=0x10008000 cmp=com.android.chrome/com.google.android.apps.chrome.Main} from uid 2000 on display 0
V/WindowManager(  451): addAppToken: AppWindowToken{8e27bd1 token=Token{2d845af8 ActivityRecord{3e69325b u0 com.android.chrome/com.google.android.apps.chrome.Main t3023}}} to stack=1 task=3023 at 0
I/ActivityManager(  451): Start proc 9950:com.android.chrome/u0a35 for activity com.android.chrome/com.google.android.apps.chrome.Main
W/ResourcesManager( 9950): Asset path '/system/framework/com.android.media.remotedisplay.jar' does not exist or contains no resources.
W/ResourcesManager( 9950): Asset path '/system/framework/com.android.location.provider.jar' does not exist or contains no resources.
I/ActivityManager(  451): START u0 {cmp=com.android.chrome/org.chromium.chrome.browser.firstrun.FirstRunActivity (has extras)} from uid 10035 on display 0
V/WindowManager(  451): addAppToken: AppWindowToken{1136360e token=Token{1e97d409 ActivityRecord{6839110 u0 com.android.chrome/org.chromium.chrome.browser.firstrun.FirstRunActivity t3024}}} to stack=1 task=3024 at 0
V/WindowManager(  451): Based on layer: Adding window Window{3a46f8e6 u0 com.android.chrome/org.chromium.chrome.browser.firstrun.FirstRunActivity} at 3 of 17
I/ActivityManager(  451): Start proc 9977:com.android.chrome:sandboxed_process0/u0i11 for service com.android.chrome/org.chromium.content.app.SandboxedProcessService0
I/ActivityManager(  451): Start proc 10024:com.android.chrome:privileged_process0/u0a35 for service com.android.chrome/org.chromium.content.app.PrivilegedProcessService0
D/ConnectivityService(  451): listenForNetwork for NetworkRequest [ id=36, legacyType=-1, [ Capabilities: INTERNET&NOT_RESTRICTED&TRUSTED] ]
D/ConnectivityService(  451): handleRegisterNetworkRequest checking NetworkAgentInfo [WIFI () - 100]
D/ConnectivityService(  451): apparently satisfied.  currentScore=100
D/ConnectivityService(  451): listenForNetwork for NetworkRequest [ id=37, legacyType=-1, [ Capabilities: INTERNET&NOT_RESTRICTED&TRUSTED] ]
D/ConnectivityService(  451): handleRegisterNetworkRequest checking NetworkAgentInfo [WIFI () - 100]
D/ConnectivityService(  451): apparently satisfied.  currentScore=100
W/libprocessgroup(  451): failed to open /acct/uid_10035/pid_9977/cgroup.procs: No such file or directory
I/ActivityManager(  451): Process com.android.chrome:sandboxed_process0 (pid 9977) has died
W/ActivityManager(  451): Scheduling restart of crashed service com.android.chrome/org.chromium.content.app.SandboxedProcessService0 in 1000ms
I/ActivityManager(  451): START u0 {act=android.intent.action.VIEW flg=0x10808000 cmp=com.android.chrome/com.google.android.apps.chrome.Main (has extras)} from uid 10035 on display 0
V/WindowManager(  451): addAppToken: AppWindowToken{12e62185 token=Token{1124f6fc ActivityRecord{32e26bef u0 com.android.chrome/com.google.android.apps.chrome.Main t3025}}} to stack=1 task=3025 at 0
D/ConnectivityService(  451): releasing NetworkRequest NetworkRequest [ id=37, legacyType=-1, [ Capabilities: INTERNET&NOT_RESTRICTED&TRUSTED] ]
D/ConnectivityService(  451): listenForNetwork for NetworkRequest [ id=38, legacyType=-1, [ Capabilities: INTERNET&NOT_RESTRICTED&TRUSTED] ]
D/ConnectivityService(  451): handleRegisterNetworkRequest checking NetworkAgentInfo [WIFI () - 100]
D/ConnectivityService(  451): apparently satisfied.  currentScore=100
I/ActivityManager(  451): START u0 {act=android.intent.action.VIEW flg=0x14002000 cmp=com.android.chrome/org.chromium.chrome.browser.ChromeTabbedActivity (has extras)} from uid 10035 on display 0
V/WindowManager(  451): addAppToken: AppWindowToken{31932994 token=Token{6a5e9e7 ActivityRecord{3392fba6 u0 com.android.chrome/org.chromium.chrome.browser.ChromeTabbedActivity t3026}}} to stack=1 task=3026 at 0
V/WindowManager(  451): Based on layer: Adding window Window{19cb75f5 u0 Starting com.android.chrome} at 4 of 18
I/ActivityManager(  451): Start proc 10114:com.android.chrome:sandboxed_process0/u0i12 for service com.android.chrome/org.chromium.content.app.SandboxedProcessService0
V/WindowManager(  451): Adding window Window{5d88d73 u0 com.android.chrome/org.chromium.chrome.browser.ChromeTabbedActivity} at 4 of 19 (before Window{19cb75f5 u0 Starting com.android.chrome})
V/WindowManager(  451): Adding window Window{22279e2e u0 SurfaceView} at 4 of 20 (before Window{5d88d73 u0 com.android.chrome/org.chromium.chrome.browser.ChromeTabbedActivity})
I/ActivityManager(  451): Start proc 10153:com.android.chrome:sandboxed_process1/u0i13 for service com.android.chrome/org.chromium.content.app.SandboxedProcessService1
I/ActivityManager(  451): Activity reported stop, but no longer stopping: ActivityRecord{6839110 u0 com.android.chrome/org.chromium.chrome.browser.firstrun.FirstRunActivity t3024 f}
W/FileUtils( 7829): Failed to chmod(/storage/emulated/0/trepn/Trepn_2018.06.11_110348.db): android.system.ErrnoException: chmod failed: EPERM (Operation not permitted)
D/TaskPersister(  451): removeObsoleteFile: deleting file=3024_task_thumbnail.png
I/ActivityManager(  451): START u0 {act=android.intent.action.VIEW dat=localhost:8000 flg=0x10000000 cmp=com.android.chrome/com.google.android.apps.chrome.Main} from uid 2000 on display 0
V/WindowManager(  451): addAppToken: AppWindowToken{f198975 token=Token{3e4648ac ActivityRecord{3f34365f u0 com.android.chrome/com.google.android.apps.chrome.Main t3027}}} to stack=1 task=3027 at 0
D/ConnectivityService(  451): releasing NetworkRequest NetworkRequest [ id=38, legacyType=-1, [ Capabilities: INTERNET&NOT_RESTRICTED&TRUSTED] ]
D/ConnectivityService(  451): listenForNetwork for NetworkRequest [ id=39, legacyType=-1, [ Capabilities: INTERNET&NOT_RESTRICTED&TRUSTED] ]
D/ConnectivityService(  451): handleRegisterNetworkRequest checking NetworkAgentInfo [WIFI () - 100]
D/ConnectivityService(  451): apparently satisfied.  currentScore=100
I/ActivityManager(  451): START u0 {act=android.intent.action.VIEW dat=localhost:8000 flg=0x14002000 cmp=com.android.chrome/org.chromium.chrome.browser.ChromeTabbedActivity (has extras)} from uid 10035 on display 0
W/InputMethodManagerService(  451): Window already focused, ignoring focus gain of: com.android.internal.view.IInputMethodClient$Stub$Proxy@1df70144 attribute=null, token = android.os.BinderProxy@36db05e2
I/ActivityManager(  451): Start proc 10243:com.android.chrome:sandboxed_process2/u0i14 for service com.android.chrome/org.chromium.content.app.SandboxedProcessService2
W/libprocessgroup(  451): failed to open /acct/uid_10035/pid_10153/cgroup.procs: No such file or directory
I/ActivityManager(  451): Process com.android.chrome:sandboxed_process1 (pid 10153) has died
W/ActivityManager(  451): Scheduling restart of crashed service com.android.chrome/org.chromium.content.app.SandboxedProcessService1 in 1000ms
I/ActivityManager(  451): Waited long enough for: ServiceRecord{af19948 u0 com.google.android.googlequicksearchbox/com.google.android.apps.gsa.search.core.service.SearchService}
I/ActivityManager(  451): Start proc 10333:com.android.chrome:sandboxed_process3/u0i15 for service com.android.chrome/org.chromium.content.app.SandboxedProcessService3
D/ConnectivityService(  451): updateNetworkScore for NetworkAgentInfo [WIFI () - 100] to 56
D/ConnectivityService(  451): rematching NetworkAgentInfo [WIFI () - 100]
D/ConnectivityService(  451): Network NetworkAgentInfo [WIFI () - 100] was already satisfying request 1. No change.
D/ConnectivityService(  451): notifyType AVAILABLE for NetworkAgentInfo [WIFI () - 100]
W/libprocessgroup(  451): failed to open /acct/uid_10035/pid_10333/cgroup.procs: No such file or directory
I/ActivityManager(  451): Process com.android.chrome:sandboxed_process3 (pid 10333) has died
W/ActivityManager(  451): Scheduling restart of crashed service com.android.chrome/org.chromium.content.app.SandboxedProcessService3 in 1000ms
D/ConnectivityService(  451): updateNetworkScore for NetworkAgentInfo [WIFI () - 100] to 60
D/ConnectivityService(  451): rematching NetworkAgentInfo [WIFI () - 100]
D/ConnectivityService(  451): Network NetworkAgentInfo [WIFI () - 100] was already satisfying request 1. No change.
D/ConnectivityService(  451): notifyType AVAILABLE for NetworkAgentInfo [WIFI () - 100]
D/ConnectivityService(  451): updateNetworkScore for NetworkAgentInfo [WIFI () - 100] to 56
D/ConnectivityService(  451): rematching NetworkAgentInfo [WIFI () - 100]
D/ConnectivityService(  451): Network NetworkAgentInfo [WIFI () - 100] was already satisfying request 1. No change.
D/ConnectivityService(  451): notifyType AVAILABLE for NetworkAgentInfo [WIFI () - 100]
D/ConnectivityService(  451): updateNetworkScore for NetworkAgentInfo [WIFI () - 100] to 60
D/ConnectivityService(  451): rematching NetworkAgentInfo [WIFI () - 100]
D/ConnectivityService(  451): Network NetworkAgentInfo [WIFI () - 100] was already satisfying request 1. No change.
D/ConnectivityService(  451): notifyType AVAILABLE for NetworkAgentInfo [WIFI () - 100]
D/ConnectivityService(  451): updateNetworkScore for NetworkAgentInfo [WIFI () - 100] to 56
D/ConnectivityService(  451): rematching NetworkAgentInfo [WIFI () - 100]
D/ConnectivityService(  451): Network NetworkAgentInfo [WIFI () - 100] was already satisfying request 1. No change.
D/ConnectivityService(  451): notifyType AVAILABLE for NetworkAgentInfo [WIFI () - 100]
D/ConnectivityService(  451): updateNetworkScore for NetworkAgentInfo [WIFI () - 100] to 60
D/ConnectivityService(  451): rematching NetworkAgentInfo [WIFI () - 100]
D/ConnectivityService(  451): Network NetworkAgentInfo [WIFI () - 100] was already satisfying request 1. No change.
D/ConnectivityService(  451): notifyType AVAILABLE for NetworkAgentInfo [WIFI () - 100]
I/ActivityManager(  451): Force stopping com.android.chrome appid=10035 user=0: from pid 10416
I/ActivityManager(  451): Killing 10024:com.android.chrome:privileged_process0/u0a35 (adj 0): stop com.android.chrome
W/ActivityManager(  451): Scheduling restart of crashed service com.android.chrome/org.chromium.content.app.PrivilegedProcessService0 in 1000ms
I/ActivityManager(  451): Killing 9950:com.android.chrome/u0a35 (adj 0): stop com.android.chrome
I/WindowState(  451): WIN DEATH: Window{5d88d73 u0 com.android.chrome/org.chromium.chrome.browser.ChromeTabbedActivity}
W/WindowManager(  451): Force-removing child win Window{22279e2e u0 SurfaceView} from container Window{5d88d73 u0 com.android.chrome/org.chromium.chrome.browser.ChromeTabbedActivity}
D/ConnectivityService(  451): ConnectivityService NetworkRequestInfo binderDied(NetworkRequest [ id=36, legacyType=-1, [ Capabilities: INTERNET&NOT_RESTRICTED&TRUSTED] ], android.os.BinderProxy@39a71d9c)
D/ConnectivityService(  451): ConnectivityService NetworkRequestInfo binderDied(NetworkRequest [ id=39, legacyType=-1, [ Capabilities: INTERNET&NOT_RESTRICTED&TRUSTED] ], android.os.BinderProxy@39d553a5)
D/ConnectivityService(  451): releasing NetworkRequest NetworkRequest [ id=36, legacyType=-1, [ Capabilities: INTERNET&NOT_RESTRICTED&TRUSTED] ]
E/ConnectivityService(  451): RemoteException caught trying to send a callback msg for NetworkRequest [ id=36, legacyType=-1, [ Capabilities: INTERNET&NOT_RESTRICTED&TRUSTED] ]
D/ConnectivityService(  451): releasing NetworkRequest NetworkRequest [ id=39, legacyType=-1, [ Capabilities: INTERNET&NOT_RESTRICTED&TRUSTED] ]
E/ConnectivityService(  451): RemoteException caught trying to send a callback msg for NetworkRequest [ id=39, legacyType=-1, [ Capabilities: INTERNET&NOT_RESTRICTED&TRUSTED] ]
W/WindowManager(  451): Failed looking up window
W/WindowManager(  451): java.lang.IllegalArgumentException: Requested window android.os.BinderProxy@278b48a9 does not exist
W/WindowManager(  451): 	at com.android.server.wm.WindowManagerService.windowForClientLocked(WindowManagerService.java:8539)
W/WindowManager(  451): 	at com.android.server.wm.WindowManagerService.windowForClientLocked(WindowManagerService.java:8530)
W/WindowManager(  451): 	at com.android.server.wm.WindowState$DeathRecipient.binderDied(WindowState.java:1142)
W/WindowManager(  451): 	at android.os.BinderProxy.sendDeathNotice(Binder.java:551)
I/WindowState(  451): WIN DEATH: null
W/ActivityManager(  451): Force removing ActivityRecord{3392fba6 u0 com.android.chrome/org.chromium.chrome.browser.ChromeTabbedActivity t3026}: app died, no saved state
I/ActivityManager(  451): Killing 10114:com.android.chrome:sandboxed_process0/u0a35i12 (adj 0): isolated not needed
W/libprocessgroup(  451): failed to open /acct/uid_10035/pid_10114/cgroup.procs: No such file or directory
I/ActivityManager(  451): Killing 10243:com.android.chrome:sandboxed_process2/u0a35i14 (adj 0): isolated not needed
W/libprocessgroup(  451): failed to open /acct/uid_10035/pid_10243/cgroup.procs: No such file or directory
W/ActivityManager(  451): Spurious death for ProcessRecord{1c10fbda 10024:com.android.chrome:privileged_process0/u0a35}, curProc for 10024: null
W/ActivityManager(  451): Unbind failed: could not find connection for android.os.BinderProxy@3a16e82b
W/ActivityManager(  451): Spurious death for ProcessRecord{17f23e27 9950:com.android.chrome/u0a35}, curProc for 9950: null
W/InputMethodManagerService(  451): Got RemoteException sending setActive(false) notification to pid 9950 uid 10035
I/ActivityManager(  451): Force stopping com.android.chrome appid=10035 user=0: clear data
D/TaskPersister(  451): removeObsoleteFile: deleting file=3026_task.xml
D/TaskPersister(  451): removeObsoleteFile: deleting file=3026_task_thumbnail.png
I/ActivityManager(  451): Start proc 10472:com.android.chrome/u0a35 for content provider com.android.chrome/com.google.android.apps.chrome.icing.IcingProvider
W/ResourcesManager(10472): Asset path '/system/framework/com.android.media.remotedisplay.jar' does not exist or contains no resources.
W/ResourcesManager(10472): Asset path '/system/framework/com.android.location.provider.jar' does not exist or contains no resources.
W/FileUtils( 7829): Failed to chmod(/storage/emulated/0/trepn/Trepn_2018.06.11_110348.db): android.system.ErrnoException: chmod failed: EPERM (Operation not permitted)
D/ConnectivityService(  451): updateNetworkScore for NetworkAgentInfo [WIFI () - 100] to 56
D/ConnectivityService(  451): rematching NetworkAgentInfo [WIFI () - 100]
D/ConnectivityService(  451): Network NetworkAgentInfo [WIFI () - 100] was already satisfying request 1. No change.
D/ConnectivityService(  451): notifyType AVAILABLE for NetworkAgentInfo [WIFI () - 100]
D/ConnectivityService(  451): updateNetworkScore for NetworkAgentInfo [WIFI () - 100] to 60
D/ConnectivityService(  451): rematching NetworkAgentInfo [WIFI () - 100]
D/ConnectivityService(  451): Network NetworkAgentInfo [WIFI () - 100] was already satisfying request 1. No change.
D/ConnectivityService(  451): notifyType AVAILABLE for NetworkAgentInfo [WIFI () - 100]
D/ConnectivityService(  451): updateNetworkScore for NetworkAgentInfo [WIFI () - 100] to 56
D/ConnectivityService(  451): rematching NetworkAgentInfo [WIFI () - 100]
D/ConnectivityService(  451): Network NetworkAgentInfo [WIFI () - 100] was already satisfying request 1. No change.
D/ConnectivityService(  451): notifyType AVAILABLE for NetworkAgentInfo [WIFI () - 100]
D/ConnectivityService(  451): updateNetworkScore for NetworkAgentInfo [WIFI () - 100] to 60
D/ConnectivityService(  451): rematching NetworkAgentInfo [WIFI () - 100]
D/ConnectivityService(  451): Network NetworkAgentInfo [WIFI () - 100] was already satisfying request 1. No change.
D/ConnectivityService(  451): notifyType AVAILABLE for NetworkAgentInfo [WIFI () - 100]
D/ConnectivityService(  451): updateNetworkScore for NetworkAgentInfo [WIFI () - 100] to 56
D/ConnectivityService(  451): rematching NetworkAgentInfo [WIFI () - 100]
D/ConnectivityService(  451): Network NetworkAgentInfo [WIFI () - 100] was already satisfying request 1. No change.
D/ConnectivityService(  451): notifyType AVAILABLE for NetworkAgentInfo [WIFI () - 100]
D/ConnectivityService(  451): updateNetworkScore for NetworkAgentInfo [WIFI () - 100] to 60
D/ConnectivityService(  451): rematching NetworkAgentInfo [WIFI () - 100]
D/ConnectivityService(  451): Network NetworkAgentInfo [WIFI () - 100] was already satisfying request 1. No change.
D/ConnectivityService(  451): notifyType AVAILABLE for NetworkAgentInfo [WIFI () - 100]
D/ConnectivityService(  451): updateNetworkScore for NetworkAgentInfo [WIFI () - 100] to 56
D/ConnectivityService(  451): rematching NetworkAgentInfo [WIFI () - 100]
D/ConnectivityService(  451): Network NetworkAgentInfo [WIFI () - 100] was already satisfying request 1. No change.
D/ConnectivityService(  451): notifyType AVAILABLE for NetworkAgentInfo [WIFI () - 100]
D/ConnectivityService(  451): NetworkAgentInfo [WIFI () - 100] EVENT_NETWORK_INFO_CHANGED, going from CONNECTED to CONNECTING
D/ConnectivityService(  451): NetworkAgentInfo [WIFI () - 100] EVENT_NETWORK_INFO_CHANGED, going from CONNECTING to CONNECTED
D/WifiService(  451): acquireWifiLockLocked: WifiLock{NlpWifiLock type=2 binder=android.os.BinderProxy@ad195f2}
I/ActivityManager(  451): Start proc 10956:com.google.android.instantapps.supervisor/u0a90 for service com.google.android.instantapps.supervisor/.logging.LogFlushTaskService
I/ActivityManager(  451): Killing 6569:com.google.android.music:main/u0a61 (adj 15): empty #17
D/WifiService(  451): releaseWifiLockLocked: WifiLock{NlpWifiLock type=2 binder=android.os.BinderProxy@ad195f2}
D/ConnectivityService(  451): updateNetworkScore for NetworkAgentInfo [WIFI () - 100] to 60
D/ConnectivityService(  451): rematching NetworkAgentInfo [WIFI () - 100]
D/ConnectivityService(  451): Network NetworkAgentInfo [WIFI () - 100] was already satisfying request 1. No change.
D/ConnectivityService(  451): notifyType AVAILABLE for NetworkAgentInfo [WIFI () - 100]
D/ConnectivityService(  451): updateNetworkScore for NetworkAgentInfo [WIFI () - 100] to 56
D/ConnectivityService(  451): rematching NetworkAgentInfo [WIFI () - 100]
D/ConnectivityService(  451): Network NetworkAgentInfo [WIFI () - 100] was already satisfying request 1. No change.
D/ConnectivityService(  451): notifyType AVAILABLE for NetworkAgentInfo [WIFI () - 100]
D/ConnectivityService(  451): updateNetworkScore for NetworkAgentInfo [WIFI () - 100] to 60
D/ConnectivityService(  451): rematching NetworkAgentInfo [WIFI () - 100]
D/ConnectivityService(  451): Network NetworkAgentInfo [WIFI () - 100] was already satisfying request 1. No change.
D/ConnectivityService(  451): notifyType AVAILABLE for NetworkAgentInfo [WIFI () - 100]
D/ConnectivityService(  451): updateNetworkScore for NetworkAgentInfo [WIFI () - 100] to 56
D/ConnectivityService(  451): rematching NetworkAgentInfo [WIFI () - 100]
D/ConnectivityService(  451): Network NetworkAgentInfo [WIFI () - 100] was already satisfying request 1. No change.
D/ConnectivityService(  451): notifyType AVAILABLE for NetworkAgentInfo [WIFI () - 100]
I/UsageStatsService(  451): User[0] Flushing usage stats to disk
D/ConnectivityService(  451): updateNetworkScore for NetworkAgentInfo [WIFI () - 100] to 60
D/ConnectivityService(  451): rematching NetworkAgentInfo [WIFI () - 100]
D/ConnectivityService(  451): Network NetworkAgentInfo [WIFI () - 100] was already satisfying request 1. No change.
D/ConnectivityService(  451): notifyType AVAILABLE for NetworkAgentInfo [WIFI () - 100]
D/ConnectivityService(  451): updateNetworkScore for NetworkAgentInfo [WIFI () - 100] to 56
D/ConnectivityService(  451): rematching NetworkAgentInfo [WIFI () - 100]
D/ConnectivityService(  451): Network NetworkAgentInfo [WIFI () - 100] was already satisfying request 1. No change.
D/ConnectivityService(  451): notifyType AVAILABLE for NetworkAgentInfo [WIFI () - 100]
I/ActivityManager(  451): Killing 4340:com.google.android.gms.unstable/u0a8 (adj 15): empty #17
I/ActivityManager(  451): Force stopping com.android.chrome appid=10035 user=0: from pid 11102
I/ActivityManager(  451): Killing 10472:com.android.chrome/u0a35 (adj 9): stop com.android.chrome
W/ActivityManager(  451): Spurious death for ProcessRecord{2dd71381 10472:com.android.chrome/u0a35}, curProc for 10472: null
I/ActivityManager(  451): Force stopping com.android.chrome appid=10035 user=0: clear data
I/ActivityManager(  451): Start proc 11142:com.android.chrome/u0a35 for content provider com.android.chrome/com.google.android.apps.chrome.icing.IcingProvider
W/ResourcesManager(11142): Asset path '/system/framework/com.android.media.remotedisplay.jar' does not exist or contains no resources.
W/ResourcesManager(11142): Asset path '/system/framework/com.android.location.provider.jar' does not exist or contains no resources.
D/ConnectivityService(  451): updateNetworkScore for NetworkAgentInfo [WIFI () - 100] to 60
D/ConnectivityService(  451): rematching NetworkAgentInfo [WIFI () - 100]
D/ConnectivityService(  451): Network NetworkAgentInfo [WIFI () - 100] was already satisfying request 1. No change.
D/ConnectivityService(  451): notifyType AVAILABLE for NetworkAgentInfo [WIFI () - 100]
D/ConnectivityService(  451): updateNetworkScore for NetworkAgentInfo [WIFI () - 100] to 56
D/ConnectivityService(  451): rematching NetworkAgentInfo [WIFI () - 100]
D/ConnectivityService(  451): Network NetworkAgentInfo [WIFI () - 100] was already satisfying request 1. No change.
D/ConnectivityService(  451): notifyType AVAILABLE for NetworkAgentInfo [WIFI () - 100]
D/ConnectivityService(  451): updateNetworkScore for NetworkAgentInfo [WIFI () - 100] to 60
D/ConnectivityService(  451): rematching NetworkAgentInfo [WIFI () - 100]
D/ConnectivityService(  451): Network NetworkAgentInfo [WIFI () - 100] was already satisfying request 1. No change.
D/ConnectivityService(  451): notifyType AVAILABLE for NetworkAgentInfo [WIFI () - 100]
D/ConnectivityService(  451): updateNetworkScore for NetworkAgentInfo [WIFI () - 100] to 56
D/ConnectivityService(  451): rematching NetworkAgentInfo [WIFI () - 100]
D/ConnectivityService(  451): Network NetworkAgentInfo [WIFI () - 100] was already satisfying request 1. No change.
D/ConnectivityService(  451): notifyType AVAILABLE for NetworkAgentInfo [WIFI () - 100]
D/ConnectivityService(  451): updateNetworkScore for NetworkAgentInfo [WIFI () - 100] to 60
D/ConnectivityService(  451): rematching NetworkAgentInfo [WIFI () - 100]
D/ConnectivityService(  451): Network NetworkAgentInfo [WIFI () - 100] was already satisfying request 1. No change.
D/ConnectivityService(  451): notifyType AVAILABLE for NetworkAgentInfo [WIFI () - 100]
D/ConnectivityService(  451): updateNetworkScore for NetworkAgentInfo [WIFI () - 100] to 56
D/ConnectivityService(  451): rematching NetworkAgentInfo [WIFI () - 100]
D/ConnectivityService(  451): Network NetworkAgentInfo [WIFI () - 100] was already satisfying request 1. No change.
D/ConnectivityService(  451): notifyType AVAILABLE for NetworkAgentInfo [WIFI () - 100]
D/ConnectivityService(  451): updateNetworkScore for NetworkAgentInfo [WIFI () - 100] to 60
D/ConnectivityService(  451): rematching NetworkAgentInfo [WIFI () - 100]
D/ConnectivityService(  451): Network NetworkAgentInfo [WIFI () - 100] was already satisfying request 1. No change.
D/ConnectivityService(  451): notifyType AVAILABLE for NetworkAgentInfo [WIFI () - 100]
D/ConnectivityService(  451): updateNetworkScore for NetworkAgentInfo [WIFI () - 100] to 56
D/ConnectivityService(  451): rematching NetworkAgentInfo [WIFI () - 100]
D/ConnectivityService(  451): Network NetworkAgentInfo [WIFI () - 100] was already satisfying request 1. No change.
D/ConnectivityService(  451): notifyType AVAILABLE for NetworkAgentInfo [WIFI () - 100]
D/ConnectivityService(  451): updateNetworkScore for NetworkAgentInfo [WIFI () - 100] to 60
D/ConnectivityService(  451): rematching NetworkAgentInfo [WIFI () - 100]
D/ConnectivityService(  451): Network NetworkAgentInfo [WIFI () - 100] was already satisfying request 1. No change.
D/ConnectivityService(  451): notifyType AVAILABLE for NetworkAgentInfo [WIFI () - 100]
D/ConnectivityService(  451): updateNetworkScore for NetworkAgentInfo [WIFI () - 100] to 56
D/ConnectivityService(  451): rematching NetworkAgentInfo [WIFI () - 100]
D/ConnectivityService(  451): Network NetworkAgentInfo [WIFI () - 100] was already satisfying request 1. No change.
D/ConnectivityService(  451): notifyType AVAILABLE for NetworkAgentInfo [WIFI () - 100]
D/ConnectivityService(  451): updateNetworkScore for NetworkAgentInfo [WIFI () - 100] to 60
D/ConnectivityService(  451): rematching NetworkAgentInfo [WIFI () - 100]
D/ConnectivityService(  451): Network NetworkAgentInfo [WIFI () - 100] was already satisfying request 1. No change.
D/ConnectivityService(  451): notifyType AVAILABLE for NetworkAgentInfo [WIFI () - 100]
D/ConnectivityService(  451): updateNetworkScore for NetworkAgentInfo [WIFI () - 100] to 56
D/ConnectivityService(  451): rematching NetworkAgentInfo [WIFI () - 100]
D/ConnectivityService(  451): Network NetworkAgentInfo [WIFI () - 100] was already satisfying request 1. No change.
D/ConnectivityService(  451): notifyType AVAILABLE for NetworkAgentInfo [WIFI () - 100]
D/ConnectivityService(  451): updateNetworkScore for NetworkAgentInfo [WIFI () - 100] to 60
D/ConnectivityService(  451): rematching NetworkAgentInfo [WIFI () - 100]
D/ConnectivityService(  451): Network NetworkAgentInfo [WIFI () - 100] was already satisfying request 1. No change.
D/ConnectivityService(  451): notifyType AVAILABLE for NetworkAgentInfo [WIFI () - 100]
D/ConnectivityService(  451): updateNetworkScore for NetworkAgentInfo [WIFI () - 100] to 56
D/ConnectivityService(  451): rematching NetworkAgentInfo [WIFI () - 100]
