D/ConnectivityService(  451): ConnectivityService NetworkRequestInfo binderDied(NetworkRequest [ id=106, legacyType=-1, [ Capabilities: INTERNET&NOT_RESTRICTED&TRUSTED] ], android.os.BinderProxy@11c6cc71)
D/ConnectivityService(  451): releasing NetworkRequest NetworkRequest [ id=106, legacyType=-1, [ Capabilities: INTERNET&NOT_RESTRICTED&TRUSTED] ]
E/ConnectivityService(  451): RemoteException caught trying to send a callback msg for NetworkRequest [ id=106, legacyType=-1, [ Capabilities: INTERNET&NOT_RESTRICTED&TRUSTED] ]
I/WindowState(  451): WIN DEATH: Window{33d3b31 u0 com.android.chrome/org.chromium.chrome.browser.ChromeTabbedActivity}
E/lowmemorykiller(  149): Error writing /proc/7500/oom_score_adj; errno=22
E/JavaBinder(  451): !!! FAILED BINDER TRANSACTION !!!
W/ActivityManager(  451): Exception when unbinding service com.android.chrome/org.chromium.content.app.SandboxedProcessService0
W/ActivityManager(  451): android.os.DeadObjectException
W/ActivityManager(  451): 	at android.os.BinderProxy.transactNative(Native Method)
W/ActivityManager(  451): 	at android.os.BinderProxy.transact(Binder.java:496)
W/ActivityManager(  451): 	at android.app.ApplicationThreadProxy.scheduleUnbindService(ApplicationThreadNative.java:921)
W/ActivityManager(  451): 	at com.android.server.am.ActiveServices.removeConnectionLocked(ActiveServices.java:1795)
W/ActivityManager(  451): 	at com.android.server.am.ActiveServices.killServicesLocked(ActiveServices.java:2193)
W/ActivityManager(  451): 	at com.android.server.am.ActivityManagerService.cleanUpApplicationRecordLocked(ActivityManagerService.java:14895)
W/ActivityManager(  451): 	at com.android.server.am.ActivityManagerService.handleAppDiedLocked(ActivityManagerService.java:4552)
W/ActivityManager(  451): 	at com.android.server.am.ActivityManagerService.removeProcessLocked(ActivityManagerService.java:5789)
W/ActivityManager(  451): 	at com.android.server.am.ActivityManagerService.killPackageProcessesLocked(ActivityManagerService.java:5594)
W/ActivityManager(  451): 	at com.android.server.am.ActivityManagerService.forceStopPackageLocked(ActivityManagerService.java:5655)
W/ActivityManager(  451): 	at com.android.server.am.ActivityManagerService.forceStopPackageLocked(ActivityManagerService.java:5499)
W/ActivityManager(  451): 	at com.android.server.am.ActivityManagerService.forceStopPackage(ActivityManagerService.java:5309)
W/ActivityManager(  451): 	at android.app.ActivityManagerNative.onTransact(ActivityManagerNative.java:1461)
W/ActivityManager(  451): 	at com.android.server.am.ActivityManagerService.onTransact(ActivityManagerService.java:2208)
W/ActivityManager(  451): 	at android.os.Binder.execTransact(Binder.java:446)
E/lowmemorykiller(  149): Error opening /proc/7500/oom_score_adj; errno=2
E/lowmemorykiller(  149): Error writing /proc/7682/oom_score_adj; errno=22
E/lowmemorykiller(  149): Error writing /proc/7682/oom_score_adj; errno=22
I/ActivityManager(  451): Killing 7500:com.android.chrome:sandboxed_process0/u0a35i88 (adj 9): isolated not needed
W/libprocessgroup(  451): failed to open /acct/uid_10035/pid_7500/cgroup.procs: No such file or directory
W/ActivityManager(  451): Force removing ActivityRecord{2b9ee790 u0 com.android.chrome/org.chromium.chrome.browser.ChromeTabbedActivity t3110}: app died, no saved state
I/ActivityManager(  451): Killing 7682:com.android.chrome:sandboxed_process2/u0a35i90 (adj 0): isolated not needed
W/libprocessgroup(  451): failed to open /acct/uid_10035/pid_7682/cgroup.procs: No such file or directory
W/ActivityManager(  451): Spurious death for ProcessRecord{273b1d24 7362:com.android.chrome:privileged_process0/u0a35}, curProc for 7362: null
W/ActivityManager(  451): Unbind failed: could not find connection for android.os.BinderProxy@28e1aafb
W/ActivityManager(  451): Spurious death for ProcessRecord{1a748ac9 7285:com.android.chrome/u0a35}, curProc for 7285: null
D/AndroidRuntime( 7895): Shutting down VM
W/InputMethodManagerService(  451): Got RemoteException sending setActive(false) notification to pid 7285 uid 10035
D/BluetoothAdapter( 1007): 970327271: getState() :  mService = null. Returning STATE_OFF
D/BluetoothAdapter( 1007): 970327271: getState() :  mService = null. Returning STATE_OFF
I/VoiceSearchSettings( 1007): Hotword upgrade key is null!
W/SessionLifecycleManager( 1007): Handover failed. Creating new session controller.
I/OptInState( 1007): There is a new client and it does not support opt-in. Dropping request.
W/ThreadPoolDumper( 1007): Queue length for executor User-Facing Non-Blocking is now 11. Perhaps some tasks are too long, or the pool is too small.
W/LocationOracle( 1007): No location history returned by ContextManager
I/MicroDetectionWorker( 1007): #updateMicroDetector [detectionMode: [mDetectionMode: [1]]]
I/MicroDetectionWorker( 1007): #startMicroDetector [speakerMode: 0]
D/BluetoothAdapter( 1007): 970327271: getState() :  mService = null. Returning STATE_OFF
D/BluetoothAdapter( 1007): 970327271: getState() :  mService = null. Returning STATE_OFF
I/VoiceSearchSettings( 1007): Hotword upgrade key is null!
I/MicroDetectionWorker( 1007): onReady
D/BluetoothAdapter( 1007): 970327271: getState() :  mService = null. Returning STATE_OFF
I/VoiceSearchSettings( 1007): Hotword upgrade key is null!
D/BluetoothAdapter( 1007): 970327271: getState() :  mService = null. Returning STATE_OFF
I/MicroRecognitionRunner( 1007): Starting detection.
I/MicrophoneInputStream( 1007): mic_starting com.google.android.apps.gsa.speech.audio.af@2d11dff7
I/AudioFlinger(  205): AudioFlinger's thread 0xabba65f8 ready to run
I/SoundTriggerHwService::Module(  205): void android::SoundTriggerHwService::Module::onCallbackEvent(const android::sp<android::SoundTriggerHwService::CallbackEvent>&) mClient == 0
I/MicrophoneInputStream( 1007): mic_started com.google.android.apps.gsa.speech.audio.af@2d11dff7
W/ctxmgr  (  965): [AclManager]No 3 for (accnt=account#-517948760#, com.google.android.gms(10008):UserVelocityProducer, vrsn=12685011, 0, 3pPkg = null ,  3pMdlId = null ,  pid = 965). Was: 3 for 1, account#-517948760#
E/SQLiteLog(  965): (2067) abort at 35 in [INSERT INTO context(context_name,end_time,context_family,module_id,version,sync_state_mod_time_millis,start_time,sync_state,context_id,time_type,proto_blob) VALUES (?,?,?,?,?,?,?,?,?,?,?)]: UNI
E/SQLiteLog(  965): (2067) abort at 35 in [INSERT INTO context(context_name,end_time,context_family,module_id,version,sync_state_mod_time_millis,start_time,sync_state,context_id,time_type,proto_blob) VALUES (?,?,?,?,?,?,?,?,?,?,?)]: UNI
I/CwMcuSensor(  451): CwMcuSensor::flush: fd = 223, sensors_id = 0, path = /sys/class/htc_sensorhub/sensor_hub/flush, err = 0
I/AsyncOpDispatcher(  965): 67-RequestPlaceUpdates
D/AndroidRuntime( 7917): >>>>>> START com.android.internal.os.RuntimeInit uid 2000 <<<<<<
D/AndroidRuntime( 7917): CheckJNI is OFF
I/GeofencerStateMachine(  965): removeGeofences: removeRequest=RemoveGeofencingRequest[REMOVE_BY_PENDING_INTENT pendingIntent=PendingIntent[creatorPackage=com.google.android.gms], packageName=null]
I/GeofencerStateMachine(  965): removeGeofences: removeRequest=RemoveGeofencingRequest[REMOVE_BY_PENDING_INTENT pendingIntent=PendingIntent[creatorPackage=com.google.android.gms], packageName=null]
I/PlaceInferenceEngine(  965): [anon] Changed inference mode: 0
I/MicroDetectionWorker( 1007): onReady
I/AsyncOpDispatcher(  965): 67-RequestPlaceUpdates
I/Places  (  965): ?: PlacesBleScanner start() with priority 2
I/PlaceInferenceEngine(  965): [anon] Changed inference mode: 1
I/Places  (  965): Converted 24 out of 30 WiFi scans
W/Wifi    ( 3458): Failed to read packet and byte counts from wifi interface
D/BluetoothAdapter(  965): 403087025: getState() :  mService = null. Returning STATE_OFF
I/BeaconBle(  965): Using BLE 'L' hardware layer
W/OpenGLRenderer(  902): Incorrectly called buildLayer on View: ShortcutAndWidgetContainer, destroying layer...
I/PlaceInferenceEngine(  965): [anon] Changed inference mode: 1
I/BeaconBle(  965): Client requested scan, settings=BleSettings [scanMode=ZERO_POWER, callbackType=ALL_MATCHES, reportDelayMillis=0, 1 filters, 0 clients, callingClientName=Places]
E/BeaconBle(  965): Scan couldn't start for Places
W/Places  (  965): BLE failure while scanning - code 5
I/CwMcuSensor(  451): CwMcuSensor::flush: fd = 223, sensors_id = 0, path = /sys/class/htc_sensorhub/sensor_hub/flush, err = 0
W/System.err( 1965): android.content.pm.PackageManager$NameNotFoundException
W/System.err( 1965): 	at android.app.ApplicationPackageManager.getPackageInfo(ApplicationPackageManager.java:114)
W/System.err( 1965): 	at com.estrongs.android.pop.app.c.ai.c(Unknown Source)
W/System.err( 1965): 	at com.estrongs.android.pop.app.c.ai.a(Unknown Source)
W/System.err( 1965): 	at com.estrongs.android.pop.app.scene.e.q.a(Unknown Source)
W/System.err( 1965): 	at com.estrongs.android.scanner.c.m.run(Unknown Source)
W/System.err( 1965): 	at java.util.concurrent.ThreadPoolExecutor.runWorker(ThreadPoolExecutor.java:1112)
W/System.err( 1965): 	at java.util.concurrent.ThreadPoolExecutor$Worker.run(ThreadPoolExecutor.java:587)
W/System.err( 1965): 	at java.lang.Thread.run(Thread.java:818)
W/System.err( 1965): android.content.pm.PackageManager$NameNotFoundException
W/System.err( 1965): 	at android.app.ApplicationPackageManager.getPackageInfo(ApplicationPackageManager.java:114)
W/System.err( 1965): 	at com.estrongs.android.pop.app.c.ai.c(Unknown Source)
W/System.err( 1965): 	at com.estrongs.android.pop.app.c.ai.a(Unknown Source)
W/System.err( 1965): 	at com.estrongs.android.pop.app.scene.e.q.a(Unknown Source)
W/System.err( 1965): 	at com.estrongs.android.scanner.c.m.run(Unknown Source)
W/System.err( 1965): 	at java.util.concurrent.ThreadPoolExecutor.runWorker(ThreadPoolExecutor.java:1112)
W/System.err( 1965): 	at java.util.concurrent.ThreadPoolExecutor$Worker.run(ThreadPoolExecutor.java:587)
W/System.err( 1965): 	at java.lang.Thread.run(Thread.java:818)
I/PlaceInferenceEngine(  965): No beacon scan available - ignoring candidates.
D/AndroidRuntime( 7917): Calling main entry com.android.commands.pm.Pm
I/ActivityManager(  451): Force stopping com.android.chrome appid=10035 user=0: clear data
D/TaskPersister(  451): removeObsoleteFile: deleting file=3110_task.xml
D/TaskPersister(  451): removeObsoleteFile: deleting file=3110_task_thumbnail.png
I/GeofencerStateMachine(  965): removeGeofences: removeRequest=RemoveGeofencingRequest[REMOVE_ALL packageName=com.android.chrome]
D/Documents( 6921): Update found 8 roots in 19ms
I/LocationSettingsChecker(  987): Removing dialog suppression flag for package com.android.chrome
I/Icing   (  987): doRemovePackageData com.android.chrome
I/Icing   (  987): Removing corpus key 94FBE96EEF13B8AC56FE8C01687FD8A6012559AC for package com.android.chrome
I/art     ( 7917): System.exit called, status: 0
I/AndroidRuntime( 7917): VM exiting with result code 0.
I/Icing   (  987): Flash index sort hb 5 prefix-hits 27 -> 20 at 8.765ms
I/Icing   (  987): updateResources: need to parse xax{com.android.chrome}
I/Icing   (  987): Indexing 94FBE96EEF13B8AC56FE8C01687FD8A6012559AC from com.android.chrome
I/ActivityManager(  451): Start proc 7953:com.android.chrome/u0a35 for content provider com.android.chrome/com.google.android.apps.chrome.icing.IcingProvider
W/DynamiteModule( 7953): Local module descriptor class for com.google.android.gms.googlecertificates not found.
I/DynamiteModule( 7953): Considering local module com.google.android.gms.googlecertificates:0 and remote module com.google.android.gms.googlecertificates:4
I/DynamiteModule( 7953): Selected remote version of com.google.android.gms.googlecertificates, version >= 4
W/ResourcesManager( 7953): Asset path '/system/framework/com.android.media.remotedisplay.jar' does not exist or contains no resources.
W/ResourcesManager( 7953): Asset path '/system/framework/com.android.location.provider.jar' does not exist or contains no resources.
I/Icing   (  987): Indexing done 94FBE96EEF13B8AC56FE8C01687FD8A6012559AC
W/Wifi    ( 3458): Failed to read packet and byte counts from wifi interface
W/ctxmgr  (  965): [AclManager]No 2 for (accnt=account#-517948760#, com.google.android.gms(10008):PlacesProducer, vrsn=12685000, 0, 3pPkg = null ,  3pMdlId = null ,  pid = 965). Was: 3 for 18, account#-517948760#
W/Wifi    ( 3458): Failed to read packet and byte counts from wifi interface
W/Wifi    ( 3458): Failed to read packet and byte counts from wifi interface
D/AndroidRuntime( 7988): >>>>>> START com.android.internal.os.RuntimeInit uid 2000 <<<<<<
D/AndroidRuntime( 7988): CheckJNI is OFF
W/Wifi    ( 3458): Failed to read packet and byte counts from wifi interface
D/AndroidRuntime( 7988): Calling main entry com.android.commands.am.Am
I/Trepn   ( 6326): Trepn 6.2s: Received intent: com.quicinc.trepn.export_to_csv; filename: Trepn_2018.06.11_182732.db; filename: HT4AMJT02334_Trepn_2018.06.11_182732.csv
D/AndroidRuntime( 7988): Shutting down VM
W/FileUtils( 6326): Failed to chmod(/storage/emulated/0/trepn/Trepn_2018.06.11_182732.db): android.system.ErrnoException: chmod failed: EPERM (Operation not permitted)
W/Wifi    ( 3458): Failed to read packet and byte counts from wifi interface
W/Wifi    ( 3458): Failed to read packet and byte counts from wifi interface
W/System.err( 1965): android.content.pm.PackageManager$NameNotFoundException
W/System.err( 1965): 	at android.app.ApplicationPackageManager.getPackageInfo(ApplicationPackageManager.java:114)
W/System.err( 1965): 	at com.estrongs.android.pop.app.c.ai.c(Unknown Source)
W/System.err( 1965): 	at com.estrongs.android.pop.app.c.ai.a(Unknown Source)
W/System.err( 1965): 	at com.estrongs.android.pop.app.scene.e.q.a(Unknown Source)
W/System.err( 1965): 	at com.estrongs.android.scanner.c.m.run(Unknown Source)
W/System.err( 1965): 	at java.util.concurrent.ThreadPoolExecutor.runWorker(ThreadPoolExecutor.java:1112)
W/System.err( 1965): 	at java.util.concurrent.ThreadPoolExecutor$Worker.run(ThreadPoolExecutor.java:587)
W/System.err( 1965): 	at java.lang.Thread.run(Thread.java:818)
W/System.err( 1965): android.content.pm.PackageManager$NameNotFoundException
W/System.err( 1965): 	at android.app.ApplicationPackageManager.getPackageInfo(ApplicationPackageManager.java:114)
W/System.err( 1965): 	at com.estrongs.android.pop.app.c.ai.c(Unknown Source)
W/System.err( 1965): 	at com.estrongs.android.pop.app.c.ai.a(Unknown Source)
W/System.err( 1965): 	at com.estrongs.android.pop.app.scene.e.q.a(Unknown Source)
W/System.err( 1965): 	at com.estrongs.android.scanner.c.m.run(Unknown Source)
W/System.err( 1965): 	at java.util.concurrent.ThreadPoolExecutor.runWorker(ThreadPoolExecutor.java:1112)
W/System.err( 1965): 	at java.util.concurrent.ThreadPoolExecutor$Worker.run(ThreadPoolExecutor.java:587)
W/System.err( 1965): 	at java.lang.Thread.run(Thread.java:818)
W/System.err( 1965): android.content.pm.PackageManager$NameNotFoundException
W/System.err( 1965): 	at android.app.ApplicationPackageManager.getPackageInfo(ApplicationPackageManager.java:114)
W/System.err( 1965): 	at com.estrongs.android.pop.app.c.ai.c(Unknown Source)
W/System.err( 1965): 	at com.estrongs.android.pop.app.c.ai.a(Unknown Source)
W/System.err( 1965): 	at com.estrongs.android.pop.app.scene.e.q.a(Unknown Source)
W/System.err( 1965): 	at com.estrongs.android.scanner.c.m.run(Unknown Source)
W/System.err( 1965): 	at java.util.concurrent.ThreadPoolExecutor.runWorker(ThreadPoolExecutor.java:1112)
W/System.err( 1965): 	at java.util.concurrent.ThreadPoolExecutor$Worker.run(ThreadPoolExecutor.java:587)
W/System.err( 1965): 	at java.lang.Thread.run(Thread.java:818)
W/System.err( 1965): android.content.pm.PackageManager$NameNotFoundException
W/System.err( 1965): 	at android.app.ApplicationPackageManager.getPackageInfo(ApplicationPackageManager.java:114)
W/System.err( 1965): 	at com.estrongs.android.pop.app.c.ai.c(Unknown Source)
W/System.err( 1965): 	at com.estrongs.android.pop.app.c.ai.a(Unknown Source)
W/System.err( 1965): 	at com.estrongs.android.pop.app.scene.e.q.a(Unknown Source)
W/System.err( 1965): 	at com.estrongs.android.scanner.c.m.run(Unknown Source)
W/System.err( 1965): 	at java.util.concurrent.ThreadPoolExecutor.runWorker(ThreadPoolExecutor.java:1112)
W/System.err( 1965): 	at java.util.concurrent.ThreadPoolExecutor$Worker.run(ThreadPoolExecutor.java:587)
W/System.err( 1965): 	at java.lang.Thread.run(Thread.java:818)
W/Wifi    ( 3458): Failed to read packet and byte counts from wifi interface
W/Wifi    ( 3458): Failed to read packet and byte counts from wifi interface
W/Wifi    ( 3458): Failed to read packet and byte counts from wifi interface
E/WifiStateMachine(  451): WifiStateMachine CMD_START_SCAN source -2 txSuccessRate=7.38 rxSuccessRate=3.60 targetRoamBSSID=any RSSI=-53
E/WifiStateMachine(  451): WifiStateMachine starting scan for "TP-LINK_3BE5"WPA_PSK with 2412
W/Wifi    ( 3458): Failed to read packet and byte counts from wifi interface
W/Wifi    ( 3458): Failed to read packet and byte counts from wifi interface
W/Wifi    ( 3458): Failed to read packet and byte counts from wifi interface
W/Wifi    ( 3458): Failed to read packet and byte counts from wifi interface
W/Wifi    ( 3458): Failed to read packet and byte counts from wifi interface
W/Wifi    ( 3458): Failed to read packet and byte counts from wifi interface
W/Wifi    ( 3458): Failed to read packet and byte counts from wifi interface
W/Wifi    ( 3458): Failed to read packet and byte counts from wifi interface
W/Wifi    ( 3458): Failed to read packet and byte counts from wifi interface
W/Wifi    ( 3458): Failed to read packet and byte counts from wifi interface
W/Wifi    ( 3458): Failed to read packet and byte counts from wifi interface
W/Wifi    ( 3458): Failed to read packet and byte counts from wifi interface
W/Wifi    ( 3458): Failed to read packet and byte counts from wifi interface
W/Wifi    ( 3458): Failed to read packet and byte counts from wifi interface
W/Wifi    ( 3458): Failed to read packet and byte counts from wifi interface
W/Wifi    ( 3458): Failed to read packet and byte counts from wifi interface
W/Wifi    ( 3458): Failed to read packet and byte counts from wifi interface
W/Wifi    ( 3458): Failed to read packet and byte counts from wifi interface
W/Wifi    ( 3458): Failed to read packet and byte counts from wifi interface
W/Wifi    ( 3458): Failed to read packet and byte counts from wifi interface
I/art     (  451): Explicit concurrent mark sweep GC freed 99143(4MB) AllocSpace objects, 21(3MB) LOS objects, 33% free, 27MB/41MB, paused 621us total 125.805ms
E/WifiStateMachine(  451): WifiStateMachine CMD_START_SCAN source -2 txSuccessRate=0.80 rxSuccessRate=0.31 targetRoamBSSID=any RSSI=-52
E/WifiStateMachine(  451): WifiStateMachine starting scan for "TP-LINK_3BE5"WPA_PSK with 2412
W/Wifi    ( 3458): Failed to read packet and byte counts from wifi interface
W/Wifi    ( 3458): Failed to read packet and byte counts from wifi interface
W/Wifi    ( 3458): Failed to read packet and byte counts from wifi interface
W/Wifi    ( 3458): Failed to read packet and byte counts from wifi interface
W/Wifi    ( 3458): Failed to read packet and byte counts from wifi interface
I/AsyncOpDispatcher(  965): 35-GetDeviceDataUploadOptInStatusOperation
I/AsyncOpDispatcher(  965): 35-GetDeviceDataUploadOptInStatusOperation
W/Wifi    ( 3458): Failed to read packet and byte counts from wifi interface
W/Wifi    ( 3458): Failed to read packet and byte counts from wifi interface
W/Wifi    ( 3458): Failed to read packet and byte counts from wifi interface
W/Wifi    ( 3458): Failed to read packet and byte counts from wifi interface
W/Wifi    ( 3458): Failed to read packet and byte counts from wifi interface
W/Wifi    ( 3458): Failed to read packet and byte counts from wifi interface
W/Wifi    ( 3458): Failed to read packet and byte counts from wifi interface
W/Wifi    ( 3458): Failed to read packet and byte counts from wifi interface
W/Wifi    ( 3458): Failed to read packet and byte counts from wifi interface
W/Wifi    ( 3458): Failed to read packet and byte counts from wifi interface
W/Wifi    ( 3458): Failed to read packet and byte counts from wifi interface
W/Wifi    ( 3458): Failed to read packet and byte counts from wifi interface
W/Wifi    ( 3458): Failed to read packet and byte counts from wifi interface
W/Wifi    ( 3458): Failed to read packet and byte counts from wifi interface
W/Wifi    ( 3458): Failed to read packet and byte counts from wifi interface
V/NativeCrypto(  965): SSL shutdown failed: ssl=0x559c081348: I/O error during system call, Connection timed out
V/NativeCrypto(  965): SSL shutdown failed: ssl=0x559b8dfe88: I/O error during system call, Connection timed out
V/NativeCrypto(  987): SSL shutdown failed: ssl=0x559c303938: I/O error during system call, Connection timed out
E/WifiStateMachine(  451): WifiStateMachine CMD_START_SCAN source -2 txSuccessRate=0.53 rxSuccessRate=2.20 targetRoamBSSID=any RSSI=-48
E/WifiStateMachine(  451): WifiStateMachine starting scan for "TP-LINK_3BE5"WPA_PSK with 2412
W/Wifi    ( 3458): Failed to read packet and byte counts from wifi interface
W/Wifi    ( 3458): Failed to read packet and byte counts from wifi interface
W/Wifi    ( 3458): Failed to read packet and byte counts from wifi interface
W/Wifi    ( 3458): Failed to read packet and byte counts from wifi interface
W/Wifi    ( 3458): Failed to read packet and byte counts from wifi interface
W/Wifi    ( 3458): Failed to read packet and byte counts from wifi interface
W/Wifi    ( 3458): Failed to read packet and byte counts from wifi interface
W/Wifi    ( 3458): Failed to read packet and byte counts from wifi interface
W/Wifi    ( 3458): Failed to read packet and byte counts from wifi interface
W/Wifi    ( 3458): Failed to read packet and byte counts from wifi interface
W/Wifi    ( 3458): Failed to read packet and byte counts from wifi interface
W/Wifi    ( 3458): Failed to read packet and byte counts from wifi interface
W/Wifi    ( 3458): Failed to read packet and byte counts from wifi interface
W/Wifi    ( 3458): Failed to read packet and byte counts from wifi interface
W/Wifi    ( 3458): Failed to read packet and byte counts from wifi interface
W/Wifi    ( 3458): Failed to read packet and byte counts from wifi interface
W/Wifi    ( 3458): Failed to read packet and byte counts from wifi interface
W/Wifi    ( 3458): Failed to read packet and byte counts from wifi interface
W/Wifi    ( 3458): Failed to read packet and byte counts from wifi interface
W/Wifi    ( 3458): Failed to read packet and byte counts from wifi interface
E/WifiStateMachine(  451): WifiStateMachine CMD_START_SCAN source -2 txSuccessRate=0.16 rxSuccessRate=0.82 targetRoamBSSID=any RSSI=-50
E/WifiStateMachine(  451): WifiStateMachine starting scan for "TP-LINK_3BE5"WPA_PSK with 2412
W/Wifi    ( 3458): Failed to read packet and byte counts from wifi interface
W/Wifi    ( 3458): Failed to read packet and byte counts from wifi interface
W/Wifi    ( 3458): Failed to read packet and byte counts from wifi interface
W/Wifi    ( 3458): Failed to read packet and byte counts from wifi interface
W/Wifi    ( 3458): Failed to read packet and byte counts from wifi interface
W/Wifi    ( 3458): Failed to read packet and byte counts from wifi interface
W/Wifi    ( 3458): Failed to read packet and byte counts from wifi interface
W/Wifi    ( 3458): Failed to read packet and byte counts from wifi interface
W/Wifi    ( 3458): Failed to read packet and byte counts from wifi interface
W/Wifi    ( 3458): Failed to read packet and byte counts from wifi interface
W/Wifi    ( 3458): Failed to read packet and byte counts from wifi interface
W/Wifi    ( 3458): Failed to read packet and byte counts from wifi interface
W/Wifi    ( 3458): Failed to read packet and byte counts from wifi interface
W/Wifi    ( 3458): Failed to read packet and byte counts from wifi interface
W/Wifi    ( 3458): Failed to read packet and byte counts from wifi interface
W/Wifi    ( 3458): Failed to read packet and byte counts from wifi interface
W/Wifi    ( 3458): Failed to read packet and byte counts from wifi interface
W/Wifi    ( 3458): Failed to read packet and byte counts from wifi interface
W/Wifi    ( 3458): Failed to read packet and byte counts from wifi interface
W/Wifi    ( 3458): Failed to read packet and byte counts from wifi interface
E/WifiStateMachine(  451): WifiStateMachine CMD_START_SCAN source -2 txSuccessRate=0.13 rxSuccessRate=1.94 targetRoamBSSID=any RSSI=-47
E/WifiStateMachine(  451): WifiStateMachine starting scan for "TP-LINK_3BE5"WPA_PSK with 2412
W/Wifi    ( 3458): Failed to read packet and byte counts from wifi interface
W/Wifi    ( 3458): Failed to read packet and byte counts from wifi interface
W/Wifi    ( 3458): Failed to read packet and byte counts from wifi interface
W/Wifi    ( 3458): Failed to read packet and byte counts from wifi interface
W/Wifi    ( 3458): Failed to read packet and byte counts from wifi interface
W/Wifi    ( 3458): Failed to read packet and byte counts from wifi interface
I/AsyncOpDispatcher(  965): 35-GetDeviceDataUploadOptInStatusOperation
I/AsyncOpDispatcher(  965): 35-GetDeviceDataUploadOptInStatusOperation
W/Wifi    ( 3458): Failed to read packet and byte counts from wifi interface
W/Wifi    ( 3458): Failed to read packet and byte counts from wifi interface
W/Wifi    ( 3458): Failed to read packet and byte counts from wifi interface
W/Wifi    ( 3458): Failed to read packet and byte counts from wifi interface
W/Wifi    ( 3458): Failed to read packet and byte counts from wifi interface
W/Wifi    ( 3458): Failed to read packet and byte counts from wifi interface
W/Wifi    ( 3458): Failed to read packet and byte counts from wifi interface
W/Wifi    ( 3458): Failed to read packet and byte counts from wifi interface
W/Wifi    ( 3458): Failed to read packet and byte counts from wifi interface
W/Wifi    ( 3458): Failed to read packet and byte counts from wifi interface
W/Wifi    ( 3458): Failed to read packet and byte counts from wifi interface
W/Wifi    ( 3458): Failed to read packet and byte counts from wifi interface
W/Wifi    ( 3458): Failed to read packet and byte counts from wifi interface
W/Wifi    ( 3458): Failed to read packet and byte counts from wifi interface
E/WifiStateMachine(  451): WifiStateMachine CMD_START_SCAN source -2 txSuccessRate=0.16 rxSuccessRate=4.20 targetRoamBSSID=any RSSI=-44
E/WifiStateMachine(  451): WifiStateMachine starting scan for "TP-LINK_3BE5"WPA_PSK with 2412
W/Wifi    ( 3458): Failed to read packet and byte counts from wifi interface
W/Wifi    ( 3458): Failed to read packet and byte counts from wifi interface
W/Wifi    ( 3458): Failed to read packet and byte counts from wifi interface
W/Wifi    ( 3458): Failed to read packet and byte counts from wifi interface
W/Wifi    ( 3458): Failed to read packet and byte counts from wifi interface
W/Wifi    ( 3458): Failed to read packet and byte counts from wifi interface
W/Wifi    ( 3458): Failed to read packet and byte counts from wifi interface
W/Wifi    ( 3458): Failed to read packet and byte counts from wifi interface
D/WifiService(  451): acquireWifiLockLocked: WifiLock{NlpWifiLock type=2 binder=android.os.BinderProxy@25227db0}
E/WifiStateMachine(  451): WifiStateMachine CMD_START_SCAN source 10008 txSuccessRate=0.04 rxSuccessRate=2.76 targetRoamBSSID=any RSSI=-49
W/Wifi    ( 3458): Failed to read packet and byte counts from wifi interface
W/ctxmgr  (  965): [AclManager]No 2 for (accnt=account#-517948760#, com.google.android.gms(10008):IndoorOutdoorProducer, vrsn=12685000, 0, 3pPkg = null ,  3pMdlId = null ,  pid = 965). Was: 3 for 57, account#-517948760#
I/GeofencerStateMachine(  965): sendNewTransitions called.
D/WifiService(  451): releaseWifiLockLocked: WifiLock{NlpWifiLock type=2 binder=android.os.BinderProxy@25227db0}
I/GeofencerStateMachine(  965): sendMovementChange: previousMovement=WALKING,currentMovement=UNAVAILABLE
W/ctxmgr  (  965): [AclManager]No 2 for (accnt=account#-517948760#, com.google.android.gms(10008):UserLocationProducer, vrsn=12685000, 0, 3pPkg = null ,  3pMdlId = null ,  pid = 965). Was: 3 for 1, account#-517948760#
D/libgps  (  451): proxy_gps_inject_location: called.
W/ctxmgr  (  965): [AclManager]No 2 for (accnt=account#1813920180#, com.google.android.gms(10008):UserLocationProducer, vrsn=12685000, 0, 3pPkg = null ,  3pMdlId = null ,  pid = 965). Was: 2 for 1, account#1813920180#
I/GeofencerStateMachine(  965): sendNewTransitions called.
I/GeofencerStateMachine(  965): sendNewLocationAvailability: availability=LocationAvailability[isLocationAvailable: true]
W/ctxmgr  (  965): [AclManager]No 2 for (accnt=account#1644684176#, com.google.android.gms(10008):UserLocationProducer, vrsn=12685000, 0, 3pPkg = null ,  3pMdlId = null ,  pid = 965). Was: 2 for 1, account#1644684176#
I/GeofencerStateMachine(  965): sendNewLocationAvailability: availability=LocationAvailability[isLocationAvailable: true]
W/Wifi    ( 3458): Failed to read packet and byte counts from wifi interface
W/Wifi    ( 3458): Failed to read packet and byte counts from wifi interface
W/Wifi    ( 3458): Failed to read packet and byte counts from wifi interface
W/Wifi    ( 3458): Failed to read packet and byte counts from wifi interface
W/Wifi    ( 3458): Failed to read packet and byte counts from wifi interface
W/Wifi    ( 3458): Failed to read packet and byte counts from wifi interface
W/Wifi    ( 3458): Failed to read packet and byte counts from wifi interface
W/Wifi    ( 3458): Failed to read packet and byte counts from wifi interface
W/Wifi    ( 3458): Failed to read packet and byte counts from wifi interface
D/AndroidRuntime( 8296): >>>>>> START com.android.internal.os.RuntimeInit uid 2000 <<<<<<
D/AndroidRuntime( 8296): CheckJNI is OFF
D/AndroidRuntime( 8296): Calling main entry com.android.commands.am.Am
I/ActivityManager(  451): Force stopping com.android.chrome appid=10035 user=0: from pid 8296
I/ActivityManager(  451): Killing 7953:com.android.chrome/u0a35 (adj 9): stop com.android.chrome
W/ActivityManager(  451): Spurious death for ProcessRecord{2bdd8f47 7953:com.android.chrome/u0a35}, curProc for 7953: null
I/ActivityManager(  451): START u0 {act=android.intent.action.VIEW flg=0x10008000 cmp=com.android.chrome/com.google.android.apps.chrome.Main} from uid 2000 on display 0
V/WindowManager(  451): addAppToken: AppWindowToken{158d9912 token=Token{12da909d ActivityRecord{6e7d374 u0 com.android.chrome/com.google.android.apps.chrome.Main t3112}}} to stack=1 task=3112 at 0
D/AndroidRuntime( 8296): Shutting down VM
I/ActivityManager(  451): Start proc 8308:com.android.chrome/u0a35 for activity com.android.chrome/com.google.android.apps.chrome.Main
W/DynamiteModule( 8308): Local module descriptor class for com.google.android.gms.googlecertificates not found.
I/DynamiteModule( 8308): Considering local module com.google.android.gms.googlecertificates:0 and remote module com.google.android.gms.googlecertificates:4
I/DynamiteModule( 8308): Selected remote version of com.google.android.gms.googlecertificates, version >= 4
W/ResourcesManager( 8308): Asset path '/system/framework/com.android.media.remotedisplay.jar' does not exist or contains no resources.
W/ResourcesManager( 8308): Asset path '/system/framework/com.android.location.provider.jar' does not exist or contains no resources.
I/cr_InstantAppsHandler( 8308): Not handling with Instant Apps (other)
I/ActivityManager(  451): START u0 {cmp=com.android.chrome/org.chromium.chrome.browser.firstrun.FirstRunActivity (has extras)} from uid 10035 on display 0
V/WindowManager(  451): addAppToken: AppWindowToken{1d17815b token=Token{1f3f386a ActivityRecord{29cc3655 u0 com.android.chrome/org.chromium.chrome.browser.firstrun.FirstRunActivity t3113}}} to stack=1 task=3113 at 0
W/Wifi    ( 3458): Failed to read packet and byte counts from wifi interface
I/cr_LibraryLoader( 8308): Using linker: org.chromium.base.library_loader.LegacyLinker
D/OpenGLRenderer( 8308): Use EGL_SWAP_BEHAVIOR_PRESERVED: true
V/WindowManager(  451): Based on layer: Adding window Window{762c0d3 u0 com.android.chrome/org.chromium.chrome.browser.firstrun.FirstRunActivity} at 3 of 16
W/linker  ( 8308): libchromium_android_linker.so: unused DT entry: type 0x6ffffffe arg 0xce8
W/linker  ( 8308): libchromium_android_linker.so: unused DT entry: type 0x6fffffff arg 0x3
I/cr_base ( 8308): Extracting resource /data/data/com.android.chrome/app_chrome/paks/en-GB.pak@12da8129
W/cr_ChildProcLH( 8308): Create a new ChildConnectionAllocator with package name = com.android.chrome, sandboxed = true
I/cr_LibraryLoader( 8308): Loading chrome from within /data/app/com.android.chrome-2/base.apk
I/cr_base ( 8308): Extracting resource /data/data/com.android.chrome/app_chrome/paks/en-US.pak@12da8129
I/ActivityManager(  451): Start proc 8344:com.android.chrome:sandboxed_process0/u0i92 for service com.android.chrome/org.chromium.content.app.SandboxedProcessService0
I/OpenGLRenderer( 8308): Initialized EGL, version 1.4
W/dboxed_process0( 8344): type=1400 audit(0.0:98): avc: denied { search } for name="tmp" dev="dm-0" ino=49 scontext=u:r:isolated_app:s0 tcontext=u:object_r:shell_data_file:s0 tclass=dir permissive=0
I/cr_ChildProcessService( 8344): Creating new ChildProcessService pid=8344
D/OpenGLRenderer( 8308): Enabling debug mode 0
I/cr_LibraryLoader( 8308): Time to load native libraries: 347 ms (timestamps 7976-8323)
I/chromium( 8308): [INFO:library_loader_hooks.cc(136)] Chromium logging enabled: level = 0, default verbosity = 0
I/cr_LibraryLoader( 8308): Expected native library version number "61.0.3163.98", actual native library version number "61.0.3163.98"
I/cr_VariationsSeedFetch( 8308): Fetched first run seed in 374 ms
I/ActivityManager(  451): Displayed com.android.chrome/org.chromium.chrome.browser.firstrun.FirstRunActivity: +470ms (total +3m13s432ms)
I/cr_BrowserStartup( 8308): Initializing chromium process, singleProcess=false
I/ActivityManager(  451): Start proc 8385:com.android.chrome:privileged_process0/u0a35 for service com.android.chrome/org.chromium.content.app.PrivilegedProcessService0
D/ConnectivityService(  451): listenForNetwork for NetworkRequest [ id=107, legacyType=-1, [ Capabilities: INTERNET&NOT_RESTRICTED&TRUSTED] ]
D/ConnectivityService(  451): handleRegisterNetworkRequest checking NetworkAgentInfo [WIFI () - 102]
D/ConnectivityService(  451): apparently satisfied.  currentScore=60
D/ConnectivityManager.CallbackHandler( 8308): CM callback handler got msg 524290
D/ConnectivityService(  451): listenForNetwork for NetworkRequest [ id=108, legacyType=-1, [ Capabilities: INTERNET&NOT_RESTRICTED&TRUSTED] ]
D/ConnectivityService(  451): handleRegisterNetworkRequest checking NetworkAgentInfo [WIFI () - 102]
D/ConnectivityService(  451): apparently satisfied.  currentScore=60
D/ConnectivityManager.CallbackHandler( 8308): CM callback handler got msg 524290
W/cr_KnoxSettingsProvider( 8308): Permission to read device policy denied.
I/AsyncOpDispatcher(  987): 28-GetActiveNetworkQuality
I/cr_ChildProcessService( 8385): Creating new ChildProcessService pid=8385
I/cr_LibraryLoader( 8385): Using linker: org.chromium.base.library_loader.LegacyLinker
W/linker  ( 8385): libchromium_android_linker.so: unused DT entry: type 0x6ffffffe arg 0xce8
W/linker  ( 8385): libchromium_android_linker.so: unused DT entry: type 0x6fffffff arg 0x3
I/cr_LibraryLoader( 8385): Loading chrome from within /data/app/com.android.chrome-2/base.apk
I/cr_SnippetsLauncher( 8308): Scheduling: 172800 172800
I/cr_LibraryLoader( 8385): Time to load native libraries: 68 ms (timestamps 8855-8923)
I/chromium( 8385): [INFO:library_loader_hooks.cc(136)] Chromium logging enabled: level = 0, default verbosity = 0
I/cr_LibraryLoader( 8385): Expected native library version number "61.0.3163.98", actual native library version number "61.0.3163.98"
E/libEGL  ( 8385): validate_display:255 error 3008 (EGL_BAD_DISPLAY)
W/Wifi    ( 3458): Failed to read packet and byte counts from wifi interface
W/Herrevad(  987): [101] wux.b: Invalid mccmnc 
W/Herrevad(  987): [101] wux.b: Invalid mccmnc 
W/VideoCapabilities( 8385): Unsupported mime video/mpeg2
W/AudioCapabilities( 8385): Unsupported mime audio/mpeg-L2
W/VideoCapabilities( 8385): Unrecognized level 0 for video/x-vnd.on2.vp8
I/VideoCapabilities( 8385): Unsupported profile 4 for video/mp4v-es
W/cr_MediaCodecUtil( 8385): HW encoder for video/avc is not available on this device.
E/WifiStateMachine(  451): WifiStateMachine CMD_START_SCAN source -2 txSuccessRate=2.63 rxSuccessRate=3.09 targetRoamBSSID=any RSSI=-47
E/WifiStateMachine(  451): WifiStateMachine starting scan for "TP-LINK_3BE5"WPA_PSK with 2412
W/Wifi    ( 3458): Failed to read packet and byte counts from wifi interface
W/Wifi    ( 3458): Failed to read packet and byte counts from wifi interface
W/Wifi    ( 3458): Failed to read packet and byte counts from wifi interface
W/Wifi    ( 3458): Failed to read packet and byte counts from wifi interface
D/AndroidRuntime( 8437): >>>>>> START com.android.internal.os.RuntimeInit uid 2000 <<<<<<
D/AndroidRuntime( 8437): CheckJNI is OFF
D/AndroidRuntime( 8437): Calling main entry com.android.commands.input.Input
I/Input   ( 8437): injectMotionEvent: MotionEvent { action=ACTION_DOWN, id[0]=0, x[0]=700.0, y[0]=1550.0, toolType[0]=TOOL_TYPE_UNKNOWN, buttonState=0, metaState=0, flags=0x0, edgeFlags=0x0, pointerCount=1, historySize=0, eventTime=9623467, downTime=9623467, deviceId=0, source=0x1002 }
I/Input   ( 8437): injectMotionEvent: MotionEvent { action=ACTION_UP, id[0]=0, x[0]=700.0, y[0]=1550.0, toolType[0]=TOOL_TYPE_UNKNOWN, buttonState=0, metaState=0, flags=0x0, edgeFlags=0x0, pointerCount=1, historySize=0, eventTime=9623467, downTime=9623467, deviceId=0, source=0x1002 }
D/AndroidRuntime( 8437): Shutting down VM
D/audio_hw_primary(  205): out_set_parameters: enter: usecase(0: playback) kvpairs: routing=2 out->devices(2) adev->mode(0)
I/art     ( 8308): Background partial concurrent mark sweep GC freed 22452(1399KB) AllocSpace objects, 14(365KB) LOS objects, 40% free, 10MB/17MB, paused 8.767ms total 127.318ms
W/Wifi    ( 3458): Failed to read packet and byte counts from wifi interface
I/cr_LibraryLoader( 8344): Using linker: org.chromium.base.library_loader.LegacyLinker
W/linker  ( 8344): libchromium_android_linker.so: unused DT entry: type 0x6ffffffe arg 0xce8
W/linker  ( 8344): libchromium_android_linker.so: unused DT entry: type 0x6fffffff arg 0x3
I/cr_LibraryLoader( 8344): Loading chrome from within /data/app/com.android.chrome-2/base.apk
I/cr_LibraryLoader( 8344): Time to load native libraries: 44 ms (timestamps 4076-4120)
I/chromium( 8344): [INFO:library_loader_hooks.cc(136)] Chromium logging enabled: level = 0, default verbosity = 0
I/cr_LibraryLoader( 8344): Expected native library version number "61.0.3163.98", actual native library version number "61.0.3163.98"
W/Wifi    ( 3458): Failed to read packet and byte counts from wifi interface
W/Wifi    ( 3458): Failed to read packet and byte counts from wifi interface
W/Wifi    ( 3458): Failed to read packet and byte counts from wifi interface
W/Wifi    ( 3458): Failed to read packet and byte counts from wifi interface
D/AndroidRuntime( 8493): >>>>>> START com.android.internal.os.RuntimeInit uid 2000 <<<<<<
D/AndroidRuntime( 8493): CheckJNI is OFF
W/Wifi    ( 3458): Failed to read packet and byte counts from wifi interface
I/chromium( 8344): [INFO:child_process_service_impl.cc(70)] ChildProcessServiceImpl: Exiting child process.
W/libprocessgroup(  451): failed to open /acct/uid_10035/pid_8344/cgroup.procs: No such file or directory
I/ActivityManager(  451): Process com.android.chrome:sandboxed_process0 (pid 8344) has died
W/ActivityManager(  451): Scheduling restart of crashed service com.android.chrome/org.chromium.content.app.SandboxedProcessService0 in 1000ms
W/cr_ChildProcessConn( 8308): onServiceDisconnected (crash or killed by oom): pid=8344
D/AndroidRuntime( 8493): Calling main entry com.android.commands.input.Input
I/Input   ( 8493): injectMotionEvent: MotionEvent { action=ACTION_DOWN, id[0]=0, x[0]=372.0, y[0]=1530.0, toolType[0]=TOOL_TYPE_UNKNOWN, buttonState=0, metaState=0, flags=0x0, edgeFlags=0x0, pointerCount=1, historySize=0, eventTime=9629282, downTime=9629282, deviceId=0, source=0x1002 }
I/Input   ( 8493): injectMotionEvent: MotionEvent { action=ACTION_UP, id[0]=0, x[0]=372.0, y[0]=1530.0, toolType[0]=TOOL_TYPE_UNKNOWN, buttonState=0, metaState=0, flags=0x0, edgeFlags=0x0, pointerCount=1, historySize=0, eventTime=9629282, downTime=9629282, deviceId=0, source=0x1002 }
D/AndroidRuntime( 8493): Shutting down VM
I/ActivityManager(  451): START u0 {act=android.intent.action.VIEW flg=0x10808000 cmp=com.android.chrome/com.google.android.apps.chrome.Main (has extras)} from uid 10035 on display 0
V/WindowManager(  451): addAppToken: AppWindowToken{1a244891 token=Token{1a2e62b8 ActivityRecord{c5b811b u0 com.android.chrome/com.google.android.apps.chrome.Main t3114}}} to stack=1 task=3114 at 0
D/audio_hw_primary(  205): out_set_parameters: enter: usecase(0: playback) kvpairs: routing=2 out->devices(2) adev->mode(0)
D/ConnectivityService(  451): releasing NetworkRequest NetworkRequest [ id=108, legacyType=-1, [ Capabilities: INTERNET&NOT_RESTRICTED&TRUSTED] ]
D/ConnectivityManager.CallbackHandler( 8308): CM callback handler got msg 524296
D/ConnectivityService(  451): listenForNetwork for NetworkRequest [ id=109, legacyType=-1, [ Capabilities: INTERNET&NOT_RESTRICTED&TRUSTED] ]
D/ConnectivityService(  451): handleRegisterNetworkRequest checking NetworkAgentInfo [WIFI () - 102]
D/ConnectivityService(  451): apparently satisfied.  currentScore=60
D/ConnectivityManager.CallbackHandler( 8308): CM callback handler got msg 524290
I/cr_InstantAppsHandler( 8308): Not handling with Instant Apps (other)
I/ActivityManager(  451): START u0 {act=android.intent.action.VIEW flg=0x14002000 cmp=com.android.chrome/org.chromium.chrome.browser.ChromeTabbedActivity (has extras)} from uid 10035 on display 0
V/WindowManager(  451): addAppToken: AppWindowToken{15eed0d0 token=Token{23aef893 ActivityRecord{3ae9a982 u0 com.android.chrome/org.chromium.chrome.browser.ChromeTabbedActivity t3115}}} to stack=1 task=3115 at 0
V/WindowManager(  451): Based on layer: Adding window Window{25d77801 u0 Starting com.android.chrome} at 4 of 17
I/PBSessionCacheImpl( 1007): Deleted sessionId[13621743738912] from persistence.
I/MicroDetector( 1007): Keeping mic open: false
I/DeviceStateChecker( 1007): DeviceStateChecker cancelled
I/AudioController( 1007): internalShutdown
I/MicrophoneInputStream( 1007): mic_close com.google.android.apps.gsa.speech.audio.af@2d11dff7
I/MicroRecognitionRunner( 1007): Stopping hotword detection.
I/SoundTriggerHwService::Module(  205): void android::SoundTriggerHwService::Module::onCallbackEvent(const android::sp<android::SoundTriggerHwService::CallbackEvent>&) mClient == 0
W/cr_ChildProcLH( 8308): Create a new ChildConnectionAllocator with package name = com.android.chrome, sandboxed = true
W/cr_tabmodel( 8308): Starting to perform legacy migration.
W/cr_tabmodel( 8308): Finished performing legacy migration.
W/cr_tabmodel( 8308): Starting to perform multi-instance migration.
W/cr_tabmodel( 8308): Finished performing multi-instance migration.
W/cr_tabmodel( 8308): Starting to fetch tab list.
I/ActivityManager(  451): Start proc 8519:com.android.chrome:sandboxed_process0/u0i93 for service com.android.chrome/org.chromium.content.app.SandboxedProcessService0
E/cr_tabmodel( 8308): State file does not exist.
V/WindowManager(  451): Adding window Window{2037a8fb u0 com.android.chrome/org.chromium.chrome.browser.ChromeTabbedActivity} at 4 of 18 (before Window{25d77801 u0 Starting com.android.chrome})
E/WorkerRegistryImpl( 1007): getWorker() is called after WorkerRegistry disposal.
E/WorkerRegistryImpl( 1007): getWorker() is called after WorkerRegistry disposal.
E/WorkerRegistryImpl( 1007): getWorker() is called after WorkerRegistry disposal.
E/WorkerRegistryImpl( 1007): getWorker() is called after WorkerRegistry disposal.
E/WorkerRegistryImpl( 1007): getWorker() is called after WorkerRegistry disposal.
E/WorkerRegistryImpl( 1007): getWorker() is called after WorkerRegistry disposal.
E/WorkerRegistryImpl( 1007): getWorker() is called after WorkerRegistry disposal.
E/WorkerRegistryImpl( 1007): getWorker() is called after WorkerRegistry disposal.
V/WindowManager(  451): Adding window Window{1105f556 u0 SurfaceView} at 4 of 19 (before Window{2037a8fb u0 com.android.chrome/org.chromium.chrome.browser.ChromeTabbedActivity})
E/WorkerRegistryImpl( 1007): getWorker() is called after WorkerRegistry disposal.
E/WorkerRegistryImpl( 1007): getWorker() is called after WorkerRegistry disposal.
E/WorkerRegistryImpl( 1007): getWorker() is called after WorkerRegistry disposal.
E/WorkerRegistryImpl( 1007): getWorker() is called after WorkerRegistry disposal.
E/WorkerRegistryImpl( 1007): getWorker() is called after WorkerRegistry disposal.
E/WorkerRegistryImpl( 1007): getWorker() is called after WorkerRegistry disposal.
E/WorkerRegistryImpl( 1007): getWorker() is called after WorkerRegistry disposal.
E/WorkerRegistryImpl( 1007): getWorker() is called after WorkerRegistry disposal.
E/WorkerRegistryImpl( 1007): getWorker() is called after WorkerRegistry disposal.
E/WorkerRegistryImpl( 1007): getWorker() is called after WorkerRegistry disposal.
E/WorkerRegistryImpl( 1007): getWorker() is called after WorkerRegistry disposal.
E/WorkerRegistryImpl( 1007): getWorker() is called after WorkerRegistry disposal.
E/WorkerRegistryImpl( 1007): getWorker() is called after WorkerRegistry disposal.
E/WorkerRegistryImpl( 1007): getWorker() is called after WorkerRegistry disposal.
E/WorkerRegistryImpl( 1007): getWorker() is called after WorkerRegistry disposal.
E/WorkerRegistryImpl( 1007): getWorker() is called after WorkerRegistry disposal.
E/WorkerRegistryImpl( 1007): getWorker() is called after WorkerRegistry disposal.
E/WorkerRegistryImpl( 1007): getWorker() is called after WorkerRegistry disposal.
E/WorkerRegistryImpl( 1007): getWorker() is called after WorkerRegistry disposal.
E/WorkerRegistryImpl( 1007): getWorker() is called after WorkerRegistry disposal.
I/MicroRecognitionRunner( 1007): Detection finished
W/dboxed_process0( 8519): type=1400 audit(0.0:99): avc: denied { search } for name="tmp" dev="dm-0" ino=49 scontext=u:r:isolated_app:s0 tcontext=u:object_r:shell_data_file:s0 tclass=dir permissive=0
I/cr_ChildProcessService( 8519): Creating new ChildProcessService pid=8519
I/ActivityManager(  451): Displayed com.android.chrome/org.chromium.chrome.browser.ChromeTabbedActivity: +472ms (total +536ms)
W/Wifi    ( 3458): Failed to read packet and byte counts from wifi interface
D/AndroidRuntime( 8537): >>>>>> START com.android.internal.os.RuntimeInit uid 2000 <<<<<<
D/AndroidRuntime( 8537): CheckJNI is OFF
I/art     (  451): Explicit concurrent mark sweep GC freed 118156(6MB) AllocSpace objects, 110(4MB) LOS objects, 33% free, 28MB/42MB, paused 1.234ms total 151.091ms
I/AsyncOpDispatcher(  965): 67-RequestPlaceUpdates
I/AsyncOpDispatcher(  965): 67-RemovePlaceUpdates
I/Places  (  965): ?: PlacesBleScanner stop()
I/BeaconBle(  965): Scan canceled successfully.
I/PlaceInferenceEngine(  965): [anon] Changed inference mode: 0
I/GeofencerStateMachine(  965): removeGeofences: removeRequest=RemoveGeofencingRequest[REMOVE_BY_PENDING_INTENT pendingIntent=PendingIntent[creatorPackage=com.google.android.gms], packageName=null]
I/art     ( 8308): Rejecting re-init on previously-failed class java.lang.Class<org.chromium.content.browser.FloatingActionModeCallback>
I/art     ( 8308): Rejecting re-init on previously-failed class java.lang.Class<org.chromium.content.browser.FloatingActionModeCallback>
W/cr_media( 8308): Requires BLUETOOTH permission
I/cr_LibraryLoader( 8519): Using linker: org.chromium.base.library_loader.LegacyLinker
W/linker  ( 8519): libchromium_android_linker.so: unused DT entry: type 0x6ffffffe arg 0xce8
W/linker  ( 8519): libchromium_android_linker.so: unused DT entry: type 0x6fffffff arg 0x3
I/cr_LibraryLoader( 8519): Loading chrome from within /data/app/com.android.chrome-2/base.apk
D/BluetoothAdapter( 1007): 970327271: getState() :  mService = null. Returning STATE_OFF
D/BluetoothAdapter( 1007): 970327271: getState() :  mService = null. Returning STATE_OFF
I/VoiceSearchSettings( 1007): Hotword upgrade key is null!
I/VISHotwordAdapter( 1007): #initialize, locale=en-US, keyPhrase=Ok Google
I/ActivityManager(  451): Start proc 8571:com.android.chrome:sandboxed_process1/u0i94 for service com.android.chrome/org.chromium.content.app.SandboxedProcessService1
I/GsaVoiceInteractionSrv(  795): initializeAlwaysOnHotwordDetector locale en-US hotwordPhrase Ok Google
I/cr_LibraryLoader( 8519): Time to load native libraries: 297 ms (timestamps 557-854)
I/chromium( 8519): [INFO:library_loader_hooks.cc(136)] Chromium logging enabled: level = 0, default verbosity = 0
I/cr_LibraryLoader( 8519): Expected native library version number "61.0.3163.98", actual native library version number "61.0.3163.98"
I/art     ( 8308): Background sticky concurrent mark sweep GC freed 57215(3MB) AllocSpace objects, 19(304KB) LOS objects, 18% free, 14MB/17MB, paused 726us total 135.081ms
W/Wifi    ( 3458): Failed to read packet and byte counts from wifi interface
D/AndroidRuntime( 8537): Calling main entry com.android.commands.am.Am
I/cr_SnippetsLauncher( 8308): Scheduling: 172800 172800
W/dboxed_process1( 8571): type=1400 audit(0.0:100): avc: denied { search } for name="tmp" dev="dm-0" ino=49 scontext=u:r:isolated_app:s0 tcontext=u:object_r:shell_data_file:s0 tclass=dir permissive=0
I/cr_ChildProcessService( 8571): Creating new ChildProcessService pid=8571
I/Trepn   ( 6326): Trepn 6.2s: Received intent: com.quicinc.trepn.start_profiling
I/cr_LibraryLoader( 8571): Using linker: org.chromium.base.library_loader.LegacyLinker
