D/ConnectivityService(  451): Switching to new default network: NetworkAgentInfo{ ni{[type: WIFI[], state: CONNECTED/CONNECTED, reason: (unspecified), extra: "TP-LINK_3BE5", roaming: false, failover: false, isAvailable: true, isConnectedToProvisioningNetwork: false]}  network{102}  lp{{InterfaceName: wlan0 LinkAddresses: [fe80::522e:5cff:fee5:38b1/64,192.168.1.102/24,]  Routes: [fe80::/64 -> :: wlan0,192.168.1.0/24 -> 0.0.0.0 wlan0,0.0.0.0/0 -> 192.168.1.1 wlan0,] DnsAddresses: [213.160.212.3,213.160.223.35,] Domains: DHCP HOST MTU: 0 TcpBufferSizes: 524288,1048576,2097152,262144,524288,1048576}}  nc{[ Transports: WIFI Capabilities: INTERNET&NOT_RESTRICTED&TRUSTED&NOT_VPN LinkUpBandwidth>=1048576Kbps LinkDnBandwidth>=1048576Kbps]}  Score{20}  everValidated{false}  lastValidated{false}  created{true}  explicitlySelected{false} }
D/ConnectivityService(  451): notifyType AVAILABLE for NetworkAgentInfo [WIFI () - 102]
D/CSLegacyTypeTracker(  451): Sending connected broadcast for type 1 NetworkAgentInfo [WIFI () - 102] isDefaultNetwork=true
D/ConnectivityService(  451): sendStickyBroadcast: action=android.net.conn.CONNECTIVITY_CHANGE_IMMEDIATE
D/ConnectivityService(  451): sendStickyBroadcast: action=android.net.conn.CONNECTIVITY_CHANGE
D/ConnectivityService(  451): setProvNotificationVisibleIntent: E visible=false networkType=0 extraInfo=null
D/ConnectivityService(  451): Validated NetworkAgentInfo [WIFI () - 102]
D/ConnectivityService(  451): rematching NetworkAgentInfo [WIFI () - 102]
D/ConnectivityService(  451): Network NetworkAgentInfo [WIFI () - 102] was already satisfying request 1. No change.
D/ConnectivityService(  451): notifyType AVAILABLE for NetworkAgentInfo [WIFI () - 102]
D/ConnectivityService(  451): sendStickyBroadcast: action=android.net.conn.INET_CONDITION_ACTION
I/ActivityManager(  451): Start proc 5687:com.google.android.instantapps.supervisor/u0a90 for service com.google.android.instantapps.supervisor/.hygiene.HygieneTaskService
I/ActivityManager(  451): Start proc 5743:com.google.android.gms.unstable/u0a8 for service com.google.android.gms/.droidguard.DroidGuardService
W/ResourcesManager( 5743): Asset path '/system/framework/com.android.media.remotedisplay.jar' does not exist or contains no resources.
W/ResourcesManager( 5743): Asset path '/system/framework/com.android.location.provider.jar' does not exist or contains no resources.
D/ConnectivityService(  451): ConnectivityService NetworkRequestInfo binderDied(NetworkRequest [ id=98, legacyType=-1, [ Capabilities: INTERNET&NOT_RESTRICTED&TRUSTED] ], android.os.BinderProxy@6d48dbf)
D/ConnectivityService(  451): releasing NetworkRequest NetworkRequest [ id=98, legacyType=-1, [ Capabilities: INTERNET&NOT_RESTRICTED&TRUSTED] ]
E/ConnectivityService(  451): RemoteException caught trying to send a callback msg for NetworkRequest [ id=98, legacyType=-1, [ Capabilities: INTERNET&NOT_RESTRICTED&TRUSTED] ]
I/ActivityManager(  451): Process com.google.android.apps.maps (pid 5216) has died
W/InputMethodManagerService(  451): Window already focused, ignoring focus gain of: com.android.internal.view.IInputMethodClient$Stub$Proxy@3bb0d8d6 attribute=null, token = android.os.BinderProxy@fb4a422
V/ActivityManager(  451): Display changed displayId=0
I/ActivityManager(  451): Config changes=480 {1.0 ?mcc?mnc en_US ldltr sw768dp w768dp h951dp 320dpi xlrg port finger -keyb/v/h -nav/h s.13}
V/WindowManager(  451): Adding window Window{1a1e6fd1 u0 com.google.android.googlequicksearchbox/com.google.android.launcher.GEL} at 2 of 15 (after Window{91c7c66 u0 com.android.systemui/com.android.systemui.recents.RecentsActivity})
I/WindowManager(  451): Screen frozen for +479ms due to Window{1a1e6fd1 u0 com.google.android.googlequicksearchbox/com.google.android.launcher.GEL}
W/BackupManagerService(  451): dataChanged but no participant pkg='com.android.providers.settings' uid=10022
W/InputMethodManagerService(  451): Window already focused, ignoring focus gain of: com.android.internal.view.IInputMethodClient$Stub$Proxy@2fe491d0 attribute=null, token = android.os.BinderProxy@17279ef8
W/InputMethodManagerService(  451): Window already focused, ignoring focus gain of: com.android.internal.view.IInputMethodClient$Stub$Proxy@2f05022e attribute=null, token = android.os.BinderProxy@17279ef8
I/ProcessStatsService(  451): Prepared write state in 12ms
I/ProcessStatsService(  451): Prepared write state in 0ms
I/ProcessStatsService(  451): Pruning old procstats: /data/system/procstats/state-2018-06-08-19-34-24.bin
I/ActivityManager(  451): START u0 {act=com.android.systemui.recents.SHOW_RECENTS flg=0x10804000 cmp=com.android.systemui/.recents.RecentsActivity} from uid 10022 on display 0
I/ActivityManager(  451): START u0 {act=android.intent.action.MAIN cat=[android.intent.category.HOME] flg=0x10200000 cmp=com.google.android.googlequicksearchbox/com.google.android.launcher.GEL} from uid 10022 on display 0
D/TaskPersister(  451): removeObsoleteFile: deleting file=3085_task.xml
W/BackupManagerService(  451): dataChanged but no participant pkg='com.android.providers.settings' uid=10022
W/InputMethodManagerService(  451): Window already focused, ignoring focus gain of: com.android.internal.view.IInputMethodClient$Stub$Proxy@3ca12103 attribute=null, token = android.os.BinderProxy@17279ef8
--------- beginning of main
I/VoiceSearchSettings( 1007): Hotword upgrade key is null!
D/BluetoothAdapter( 1007): 970327271: getState() :  mService = null. Returning STATE_OFF
I/MicroRecognitionRunner( 1007): Starting detection.
I/MicroDetectionWorker( 1007): onReady
I/MicrophoneInputStream( 1007): mic_starting com.google.android.apps.gsa.speech.audio.af@26a7b2d2
I/AudioFlinger(  205): AudioFlinger's thread 0xabba65f8 ready to run
I/SoundTriggerHwService::Module(  205): void android::SoundTriggerHwService::Module::onCallbackEvent(const android::sp<android::SoundTriggerHwService::CallbackEvent>&) mClient == 0
I/MicrophoneInputStream( 1007): mic_started com.google.android.apps.gsa.speech.audio.af@26a7b2d2
I/MicroDetectionWorker( 1007): onReady
I/AsyncOpDispatcher(  965): 35-GetDeviceDataUploadOptInStatusOperation
I/AsyncOpDispatcher(  965): 35-GetDeviceDataUploadOptInStatusOperation
W/Wifi    ( 3458): Failed to read packet and byte counts from wifi interface
W/Wifi    ( 3458): Failed to read packet and byte counts from wifi interface
D/AndroidRuntime( 6177): >>>>>> START com.android.internal.os.RuntimeInit uid 2000 <<<<<<
D/AndroidRuntime( 6177): CheckJNI is OFF
W/Wifi    ( 3458): Failed to read packet and byte counts from wifi interface
D/AndroidRuntime( 6177): Calling main entry com.android.commands.pm.Pm
I/art     ( 6177): System.exit called, status: 0
I/AndroidRuntime( 6177): VM exiting with result code 0.
D/AndroidRuntime( 6190): >>>>>> START com.android.internal.os.RuntimeInit uid 2000 <<<<<<
D/AndroidRuntime( 6190): CheckJNI is OFF
D/AndroidRuntime( 6190): Calling main entry com.android.commands.pm.Pm
I/art     ( 6190): System.exit called, status: 0
I/AndroidRuntime( 6190): VM exiting with result code 0.
W/Wifi    ( 3458): Failed to read packet and byte counts from wifi interface
D/AndroidRuntime( 6222): >>>>>> START com.android.internal.os.RuntimeInit uid 2000 <<<<<<
D/AndroidRuntime( 6222): CheckJNI is OFF
D/AndroidRuntime( 6222): Calling main entry com.android.commands.monkey.Monkey
W/BroadcastQueue(  451): Skipping deliver [background] BroadcastRecord{822d7ae u-1 android.net.conn.CONNECTIVITY_CHANGE} to ReceiverList{1321094f 6222 (unknown name)/2000/u-1 remote:3eaab1b0}: process crashing
I/ActivityManager(  451): START u0 {act=android.intent.action.MAIN cat=[android.intent.category.LAUNCHER] flg=0x10200000 cmp=com.quicinc.trepn/.userinterface.main.TrepnActivity} from uid 2000 on display 0
V/WindowManager(  451): addAppToken: AppWindowToken{3bc8c0ba token=Token{e006de5 ActivityRecord{380138dc u0 com.quicinc.trepn/.userinterface.main.TrepnActivity t3101}}} to stack=1 task=3101 at 0
V/WindowManager(  451): Adding window Window{497749d u0 Starting com.quicinc.trepn} at 3 of 16 (after Window{1a1e6fd1 u0 com.google.android.googlequicksearchbox/com.google.android.launcher.GEL})
I/ActivityManager(  451): Start proc 6234:com.quicinc.trepn/u0a91 for activity com.quicinc.trepn/.userinterface.main.TrepnActivity
I/CwMcuSensor(  451): CwMcuSensor::flush: fd = 242, sensors_id = 0, path = /sys/class/htc_sensorhub/sensor_hub/flush, err = 0
I/art     ( 6222): System.exit called, status: 0
I/AndroidRuntime( 6222): VM exiting with result code 0.
W/Wifi    ( 3458): Failed to read packet and byte counts from wifi interface
D/OpenGLRenderer( 6234): Use EGL_SWAP_BEHAVIOR_PRESERVED: true
V/WindowManager(  451): Adding window Window{13ce86d1 u0 com.quicinc.trepn/com.quicinc.trepn.userinterface.main.TrepnActivity} at 3 of 17 (before Window{497749d u0 Starting com.quicinc.trepn})
I/OpenGLRenderer( 6234): Initialized EGL, version 1.4
D/OpenGLRenderer( 6234): Enabling debug mode 0
I/ActivityManager(  451): Displayed com.quicinc.trepn/.userinterface.main.TrepnActivity: +1s39ms (total +56m17s461ms)
I/PBSessionCacheImpl( 1007): Deleted sessionId[13621743724403] from persistence.
I/MicroDetector( 1007): Keeping mic open: false
I/AudioController( 1007): internalShutdown
I/MicrophoneInputStream( 1007): mic_close com.google.android.apps.gsa.speech.audio.af@26a7b2d2
I/DeviceStateChecker( 1007): DeviceStateChecker cancelled
I/MicroRecognitionRunner( 1007): Stopping hotword detection.
I/SoundTriggerHwService::Module(  205): void android::SoundTriggerHwService::Module::onCallbackEvent(const android::sp<android::SoundTriggerHwService::CallbackEvent>&) mClient == 0
I/MicroRecognitionRunner( 1007): Detection finished
W/Wifi    ( 3458): Failed to read packet and byte counts from wifi interface
W/Wifi    ( 3458): Failed to read packet and byte counts from wifi interface
W/System.err( 1965): android.content.pm.PackageManager$NameNotFoundException
W/System.err( 1965): 	at android.app.ApplicationPackageManager.getPackageInfo(ApplicationPackageManager.java:114)
W/System.err( 1965): 	at com.estrongs.android.pop.app.c.ai.c(Unknown Source)
W/System.err( 1965): 	at com.estrongs.android.pop.app.c.ai.a(Unknown Source)
W/System.err( 1965): 	at com.estrongs.android.pop.app.scene.e.q.a(Unknown Source)
W/System.err( 1965): 	at com.estrongs.android.scanner.c.m.run(Unknown Source)
W/System.err( 1965): 	at java.util.concurrent.ThreadPoolExecutor.runWorker(ThreadPoolExecutor.java:1112)
W/System.err( 1965): 	at java.util.concurrent.ThreadPoolExecutor$Worker.run(ThreadPoolExecutor.java:587)
W/System.err( 1965): 	at java.lang.Thread.run(Thread.java:818)
W/Wifi    ( 3458): Failed to read packet and byte counts from wifi interface
W/Wifi    ( 3458): Failed to read packet and byte counts from wifi interface
D/AndroidRuntime( 6263): >>>>>> START com.android.internal.os.RuntimeInit uid 2000 <<<<<<
D/AndroidRuntime( 6263): CheckJNI is OFF
W/Wifi    ( 3458): Failed to read packet and byte counts from wifi interface
D/AndroidRuntime( 6263): Calling main entry com.android.commands.am.Am
I/Trepn   ( 6234): Trepn 6.2s: Received intent: com.quicinc.trepn.load_preferences; filename: /sdcard/trepn/saved_preferences/trepn.pref
D/AndroidRuntime( 6263): Shutting down VM
I/AsyncOpDispatcher(  965): 67-RequestPlaceUpdates
I/AsyncOpDispatcher(  965): 67-RemovePlaceUpdates
I/Places  (  965): ?: PlacesBleScanner stop()
I/BeaconBle(  965): Scan canceled successfully.
I/PlaceInferenceEngine(  965): [anon] Changed inference mode: 0
I/GeofencerStateMachine(  965): removeGeofences: removeRequest=RemoveGeofencingRequest[REMOVE_BY_PENDING_INTENT pendingIntent=PendingIntent[creatorPackage=com.google.android.gms], packageName=null]
W/Wifi    ( 3458): Failed to read packet and byte counts from wifi interface
D/AndroidRuntime( 6293): >>>>>> START com.android.internal.os.RuntimeInit uid 2000 <<<<<<
D/AndroidRuntime( 6293): CheckJNI is OFF
W/Wifi    ( 3458): Failed to read packet and byte counts from wifi interface
D/AndroidRuntime( 6293): Calling main entry com.android.commands.am.Am
I/ActivityManager(  451): Force stopping com.quicinc.trepn appid=10091 user=0: from pid 6293
I/ActivityManager(  451): Killing 6234:com.quicinc.trepn/u0a91 (adj 0): stop com.quicinc.trepn
W/InputDispatcher(  451): channel '13ce86d1 com.quicinc.trepn/com.quicinc.trepn.userinterface.main.TrepnActivity (server)' ~ Consumer closed input channel or an error occurred.  events=0x9
I/WindowState(  451): WIN DEATH: Window{13ce86d1 u0 com.quicinc.trepn/com.quicinc.trepn.userinterface.main.TrepnActivity}
E/InputDispatcher(  451): channel '13ce86d1 com.quicinc.trepn/com.quicinc.trepn.userinterface.main.TrepnActivity (server)' ~ Channel is unrecoverably broken and will be disposed!
W/InputDispatcher(  451): Attempted to unregister already unregistered input channel '13ce86d1 com.quicinc.trepn/com.quicinc.trepn.userinterface.main.TrepnActivity (server)'
W/ActivityManager(  451): Force removing ActivityRecord{380138dc u0 com.quicinc.trepn/.userinterface.main.TrepnActivity t3101}: app died, no saved state
W/ActivityManager(  451): Spurious death for ProcessRecord{344a885e 6234:com.quicinc.trepn/u0a91}, curProc for 6234: null
D/AndroidRuntime( 6293): Shutting down VM
W/InputMethodManagerService(  451): Got RemoteException sending setActive(false) notification to pid 6234 uid 10091
W/SessionLifecycleManager( 1007): Handover failed. Creating new session controller.
I/MicroDetectionWorker( 1007): #updateMicroDetector [detectionMode: [mDetectionMode: [1]]]
I/MicroDetectionWorker( 1007): #startMicroDetector [speakerMode: 0]
D/BluetoothAdapter( 1007): 970327271: getState() :  mService = null. Returning STATE_OFF
D/BluetoothAdapter( 1007): 970327271: getState() :  mService = null. Returning STATE_OFF
I/VoiceSearchSettings( 1007): Hotword upgrade key is null!
W/LocationOracle( 1007): No location history returned by ContextManager
I/MicroDetectionWorker( 1007): onReady
D/BluetoothAdapter( 1007): 970327271: getState() :  mService = null. Returning STATE_OFF
I/VoiceSearchSettings( 1007): Hotword upgrade key is null!
D/BluetoothAdapter( 1007): 970327271: getState() :  mService = null. Returning STATE_OFF
I/MicroRecognitionRunner( 1007): Starting detection.
I/MicrophoneInputStream( 1007): mic_starting com.google.android.apps.gsa.speech.audio.af@3627a5bc
I/SoundTriggerHwService::Module(  205): void android::SoundTriggerHwService::Module::onCallbackEvent(const android::sp<android::SoundTriggerHwService::CallbackEvent>&) mClient == 0
I/AudioFlinger(  205): AudioFlinger's thread 0xabba65f8 ready to run
I/MicrophoneInputStream( 1007): mic_started com.google.android.apps.gsa.speech.audio.af@3627a5bc
W/ctxmgr  (  965): [AclManager]No 3 for (accnt=account#-517948760#, com.google.android.gms(10008):UserVelocityProducer, vrsn=12685011, 0, 3pPkg = null ,  3pMdlId = null ,  pid = 965). Was: 3 for 1, account#-517948760#
E/SQLiteLog(  965): (2067) abort at 35 in [INSERT INTO context(context_name,end_time,context_family,module_id,version,sync_state_mod_time_millis,start_time,sync_state,context_id,time_type,proto_blob) VALUES (?,?,?,?,?,?,?,?,?,?,?)]: UNI
I/AsyncOpDispatcher(  965): 67-RequestPlaceUpdates
I/CwMcuSensor(  451): CwMcuSensor::flush: fd = 227, sensors_id = 0, path = /sys/class/htc_sensorhub/sensor_hub/flush, err = 0
I/GeofencerStateMachine(  965): removeGeofences: removeRequest=RemoveGeofencingRequest[REMOVE_BY_PENDING_INTENT pendingIntent=PendingIntent[creatorPackage=com.google.android.gms], packageName=null]
I/GeofencerStateMachine(  965): removeGeofences: removeRequest=RemoveGeofencingRequest[REMOVE_BY_PENDING_INTENT pendingIntent=PendingIntent[creatorPackage=com.google.android.gms], packageName=null]
I/PlaceInferenceEngine(  965): [anon] Changed inference mode: 0
I/art     (  965): Explicit concurrent mark sweep GC freed 210707(9MB) AllocSpace objects, 7(592KB) LOS objects, 36% free, 27MB/43MB, paused 3.466ms total 160.984ms
I/GeofencerStateMachine(  965): sendNewTransitions called.
I/MicroDetectionWorker( 1007): onReady
W/ctxmgr  (  965): [AclManager]No 2 for (accnt=account#1813920180#, com.google.android.gms(10008):UserLocationProducer, vrsn=12685000, 0, 3pPkg = null ,  3pMdlId = null ,  pid = 965). Was: 2 for 1, account#1813920180#
W/ctxmgr  (  965): [AclManager]No 2 for (accnt=account#-517948760#, com.google.android.gms(10008):UserLocationProducer, vrsn=12685000, 0, 3pPkg = null ,  3pMdlId = null ,  pid = 965). Was: 3 for 1, account#-517948760#
W/ctxmgr  (  965): [AclManager]No 2 for (accnt=account#1644684176#, com.google.android.gms(10008):UserLocationProducer, vrsn=12685000, 0, 3pPkg = null ,  3pMdlId = null ,  pid = 965). Was: 2 for 1, account#1644684176#
I/AsyncOpDispatcher(  965): 67-RequestPlaceUpdates
I/art     (  451): Explicit concurrent mark sweep GC freed 76008(3MB) AllocSpace objects, 21(420KB) LOS objects, 33% free, 25MB/37MB, paused 860us total 88.688ms
I/GeofencerStateMachine(  965): sendNewTransitions called.
I/GeofencerStateMachine(  965): sendNewLocationAvailability: availability=LocationAvailability[isLocationAvailable: true]
I/GeofencerStateMachine(  965): sendNewLocationAvailability: availability=LocationAvailability[isLocationAvailable: true]
I/Places  (  965): ?: PlacesBleScanner start() with priority 2
I/PlaceInferenceEngine(  965): [anon] Changed inference mode: 1
I/Places  (  965): Converted 25 out of 29 WiFi scans
I/PlaceInferenceEngine(  965): [anon] Changed inference mode: 1
I/BeaconBle(  965): Client requested scan, settings=BleSettings [scanMode=ZERO_POWER, callbackType=ALL_MATCHES, reportDelayMillis=0, 1 filters, 0 clients, callingClientName=Places]
E/BeaconBle(  965): Scan couldn't start for Places
W/Places  (  965): BLE failure while scanning - code 5
W/OpenGLRenderer(  902): Incorrectly called buildLayer on View: ShortcutAndWidgetContainer, destroying layer...
I/CwMcuSensor(  451): CwMcuSensor::flush: fd = 185, sensors_id = 0, path = /sys/class/htc_sensorhub/sensor_hub/flush, err = 0
W/Wifi    ( 3458): Failed to read packet and byte counts from wifi interface
I/PlaceInferenceEngine(  965): No beacon scan available - ignoring candidates.
W/ctxmgr  (  965): [AclManager]No 2 for (accnt=account#-517948760#, com.google.android.gms(10008):PlacesProducer, vrsn=12685000, 0, 3pPkg = null ,  3pMdlId = null ,  pid = 965). Was: 3 for 18, account#-517948760#
W/Wifi    ( 3458): Failed to read packet and byte counts from wifi interface
D/AndroidRuntime( 6314): >>>>>> START com.android.internal.os.RuntimeInit uid 2000 <<<<<<
D/AndroidRuntime( 6314): CheckJNI is OFF
W/Wifi    ( 3458): Failed to read packet and byte counts from wifi interface
D/AndroidRuntime( 6314): Calling main entry com.android.commands.am.Am
I/ActivityManager(  451): Start proc 6326:com.quicinc.trepn/u0a91 for service com.quicinc.trepn/.TrepnService
D/AndroidRuntime( 6314): Shutting down VM
D/AndroidRuntime( 6360): >>>>>> START com.android.internal.os.RuntimeInit uid 2000 <<<<<<
D/AndroidRuntime( 6360): CheckJNI is OFF
E/WifiStateMachine(  451): WifiStateMachine CMD_START_SCAN source -2 txSuccessRate=1.25 rxSuccessRate=3.20 targetRoamBSSID=any RSSI=-45
E/WifiStateMachine(  451): WifiStateMachine starting scan for "TP-LINK_3BE5"WPA_PSK with 2412
W/Wifi    ( 3458): Failed to read packet and byte counts from wifi interface
D/AndroidRuntime( 6360): Calling main entry com.android.commands.am.Am
I/ActivityManager(  451): Force stopping com.android.chrome appid=10035 user=0: from pid 6360
I/ActivityManager(  451): Killing 5611:com.android.chrome/u0a35 (adj 13): stop com.android.chrome
W/ActivityManager(  451): Spurious death for ProcessRecord{3c174a39 5611:com.android.chrome/u0a35}, curProc for 5611: null
I/ActivityManager(  451): START u0 {act=android.intent.action.VIEW flg=0x10008000 cmp=com.android.chrome/com.google.android.apps.chrome.Main} from uid 2000 on display 0
V/WindowManager(  451): addAppToken: AppWindowToken{3bd27e2c token=Token{2621d1df ActivityRecord{f9e287e u0 com.android.chrome/com.google.android.apps.chrome.Main t3102}}} to stack=1 task=3102 at 0
D/AndroidRuntime( 6360): Shutting down VM
I/ActivityManager(  451): Start proc 6372:com.android.chrome/u0a35 for activity com.android.chrome/com.google.android.apps.chrome.Main
W/DynamiteModule( 6372): Local module descriptor class for com.google.android.gms.googlecertificates not found.
I/DynamiteModule( 6372): Considering local module com.google.android.gms.googlecertificates:0 and remote module com.google.android.gms.googlecertificates:4
I/DynamiteModule( 6372): Selected remote version of com.google.android.gms.googlecertificates, version >= 4
W/ResourcesManager( 6372): Asset path '/system/framework/com.android.media.remotedisplay.jar' does not exist or contains no resources.
W/ResourcesManager( 6372): Asset path '/system/framework/com.android.location.provider.jar' does not exist or contains no resources.
I/cr_InstantAppsHandler( 6372): Not handling with Instant Apps (other)
I/ActivityManager(  451): START u0 {cmp=com.android.chrome/org.chromium.chrome.browser.firstrun.FirstRunActivity (has extras)} from uid 10035 on display 0
V/WindowManager(  451): addAppToken: AppWindowToken{1967a9ad token=Token{1f2466c4 ActivityRecord{2bce1dd7 u0 com.android.chrome/org.chromium.chrome.browser.firstrun.FirstRunActivity t3103}}} to stack=1 task=3103 at 0
W/Wifi    ( 3458): Failed to read packet and byte counts from wifi interface
I/cr_LibraryLoader( 6372): Using linker: org.chromium.base.library_loader.LegacyLinker
W/linker  ( 6372): libchromium_android_linker.so: unused DT entry: type 0x6ffffffe arg 0xce8
W/linker  ( 6372): libchromium_android_linker.so: unused DT entry: type 0x6fffffff arg 0x3
D/OpenGLRenderer( 6372): Use EGL_SWAP_BEHAVIOR_PRESERVED: true
V/WindowManager(  451): Based on layer: Adding window Window{3da16165 u0 com.android.chrome/org.chromium.chrome.browser.firstrun.FirstRunActivity} at 3 of 16
I/cr_base ( 6372): Extracting resource /data/data/com.android.chrome/app_chrome/paks/en-GB.pak@12da8129
I/cr_base ( 6372): Extracting resource /data/data/com.android.chrome/app_chrome/paks/en-US.pak@12da8129
W/cr_ChildProcLH( 6372): Create a new ChildConnectionAllocator with package name = com.android.chrome, sandboxed = true
I/cr_LibraryLoader( 6372): Loading chrome from within /data/app/com.android.chrome-2/base.apk
I/ActivityManager(  451): Start proc 6401:com.android.chrome:sandboxed_process0/u0i82 for service com.android.chrome/org.chromium.content.app.SandboxedProcessService0
I/art     (  211): Explicit concurrent mark sweep GC freed 701(30KB) AllocSpace objects, 0(0B) LOS objects, 39% free, 7MB/11MB, paused 145us total 15.798ms
I/art     (  211): Explicit concurrent mark sweep GC freed 8(256B) AllocSpace objects, 0(0B) LOS objects, 39% free, 7MB/11MB, paused 378us total 14.550ms
I/art     (  211): Explicit concurrent mark sweep GC freed 5(160B) AllocSpace objects, 0(0B) LOS objects, 39% free, 7MB/11MB, paused 145us total 11.401ms
W/dboxed_process0( 6401): type=1400 audit(0.0:88): avc: denied { search } for name="tmp" dev="dm-0" ino=49 scontext=u:r:isolated_app:s0 tcontext=u:object_r:shell_data_file:s0 tclass=dir permissive=0
I/cr_ChildProcessService( 6401): Creating new ChildProcessService pid=6401
I/OpenGLRenderer( 6372): Initialized EGL, version 1.4
D/OpenGLRenderer( 6372): Enabling debug mode 0
I/cr_VariationsSeedFetch( 6372): Fetched first run seed in 313 ms
I/cr_LibraryLoader( 6372): Time to load native libraries: 567 ms (timestamps 1044-1611)
I/chromium( 6372): [INFO:library_loader_hooks.cc(136)] Chromium logging enabled: level = 0, default verbosity = 0
I/cr_LibraryLoader( 6372): Expected native library version number "61.0.3163.98", actual native library version number "61.0.3163.98"
I/ActivityManager(  451): Displayed com.android.chrome/org.chromium.chrome.browser.firstrun.FirstRunActivity: +678ms (total +1s57ms)
I/cr_BrowserStartup( 6372): Initializing chromium process, singleProcess=false
W/Wifi    ( 3458): Failed to read packet and byte counts from wifi interface
W/ResourceType(  627): No package identifier when getting value for resource number 0x00000000
W/PackageManager(  627): Failure retrieving resources for com.quicinc.trepn: Resource ID #0x0
I/ActivityManager(  451): Start proc 6453:com.android.chrome:privileged_process0/u0a35 for service com.android.chrome/org.chromium.content.app.PrivilegedProcessService0
I/cr_ChildProcessService( 6453): Creating new ChildProcessService pid=6453
D/ConnectivityService(  451): listenForNetwork for NetworkRequest [ id=99, legacyType=-1, [ Capabilities: INTERNET&NOT_RESTRICTED&TRUSTED] ]
D/ConnectivityService(  451): handleRegisterNetworkRequest checking NetworkAgentInfo [WIFI () - 102]
D/ConnectivityService(  451): apparently satisfied.  currentScore=60
D/ConnectivityManager.CallbackHandler( 6372): CM callback handler got msg 524290
I/cr_LibraryLoader( 6453): Using linker: org.chromium.base.library_loader.LegacyLinker
W/linker  ( 6453): libchromium_android_linker.so: unused DT entry: type 0x6ffffffe arg 0xce8
W/linker  ( 6453): libchromium_android_linker.so: unused DT entry: type 0x6fffffff arg 0x3
I/cr_LibraryLoader( 6453): Loading chrome from within /data/app/com.android.chrome-2/base.apk
D/ConnectivityService(  451): listenForNetwork for NetworkRequest [ id=100, legacyType=-1, [ Capabilities: INTERNET&NOT_RESTRICTED&TRUSTED] ]
D/ConnectivityService(  451): handleRegisterNetworkRequest checking NetworkAgentInfo [WIFI () - 102]
D/ConnectivityService(  451): apparently satisfied.  currentScore=60
D/ConnectivityManager.CallbackHandler( 6372): CM callback handler got msg 524290
W/cr_KnoxSettingsProvider( 6372): Permission to read device policy denied.
I/cr_LibraryLoader( 6453): Time to load native libraries: 98 ms (timestamps 2309-2407)
I/AsyncOpDispatcher(  987): 28-GetActiveNetworkQuality
I/chromium( 6453): [INFO:library_loader_hooks.cc(136)] Chromium logging enabled: level = 0, default verbosity = 0
I/cr_LibraryLoader( 6453): Expected native library version number "61.0.3163.98", actual native library version number "61.0.3163.98"
E/libEGL  ( 6453): validate_display:255 error 3008 (EGL_BAD_DISPLAY)
I/cr_SnippetsLauncher( 6372): Scheduling: 172800 172800
W/VideoCapabilities( 6453): Unsupported mime video/mpeg2
W/AudioCapabilities( 6453): Unsupported mime audio/mpeg-L2
W/VideoCapabilities( 6453): Unrecognized level 0 for video/x-vnd.on2.vp8
I/VideoCapabilities( 6453): Unsupported profile 4 for video/mp4v-es
W/Herrevad(  987): [105] wux.b: Invalid mccmnc 
W/cr_MediaCodecUtil( 6453): HW encoder for video/avc is not available on this device.
W/Herrevad(  987): [105] wux.b: Invalid mccmnc 
W/Wifi    ( 3458): Failed to read packet and byte counts from wifi interface
W/Wifi    ( 3458): Failed to read packet and byte counts from wifi interface
W/Wifi    ( 3458): Failed to read packet and byte counts from wifi interface
W/Wifi    ( 3458): Failed to read packet and byte counts from wifi interface
D/AndroidRuntime( 6491): >>>>>> START com.android.internal.os.RuntimeInit uid 2000 <<<<<<
D/AndroidRuntime( 6491): CheckJNI is OFF
D/AndroidRuntime( 6491): Calling main entry com.android.commands.input.Input
I/Input   ( 6491): injectMotionEvent: MotionEvent { action=ACTION_DOWN, id[0]=0, x[0]=700.0, y[0]=1550.0, toolType[0]=TOOL_TYPE_UNKNOWN, buttonState=0, metaState=0, flags=0x0, edgeFlags=0x0, pointerCount=1, historySize=0, eventTime=9206462, downTime=9206462, deviceId=0, source=0x1002 }
I/Input   ( 6491): injectMotionEvent: MotionEvent { action=ACTION_UP, id[0]=0, x[0]=700.0, y[0]=1550.0, toolType[0]=TOOL_TYPE_UNKNOWN, buttonState=0, metaState=0, flags=0x0, edgeFlags=0x0, pointerCount=1, historySize=0, eventTime=9206462, downTime=9206462, deviceId=0, source=0x1002 }
D/AndroidRuntime( 6491): Shutting down VM
E/art     ( 6491): Thread attaching while runtime is shutting down: Binder_2
I/AndroidRuntime( 6491): NOTE: attach of thread 'Binder_2' failed
D/audio_hw_primary(  205): out_set_parameters: enter: usecase(0: playback) kvpairs: routing=2 out->devices(2) adev->mode(0)
I/Auth    (  965): [ReflectiveChannelBinder] Successfully bound channel!
W/Conscrypt(  965): Could not set socket write timeout: java.lang.reflect.InvocationTargetException
W/Conscrypt(  965): Could not set socket write timeout: java.lang.reflect.InvocationTargetException
W/Conscrypt(  965): 	at java.lang.reflect.Method.invoke(Native Method)
W/Conscrypt(  965): 	at java.lang.reflect.Method.invoke(Method.java:372)
W/Conscrypt(  965): Caused by: android.system.ErrnoException: setsockopt failed: EBADF (Bad file number)
W/Conscrypt(  965): 	at libcore.io.Posix.setsockoptTimeval(Native Method)
W/Conscrypt(  965): 	at libcore.io.ForwardingOs.setsockoptTimeval(ForwardingOs.java:147)
W/Conscrypt(  965): 	at java.lang.reflect.Method.invoke(Native Method)
W/Conscrypt(  965): 	at java.lang.reflect.Method.invoke(Method.java:372)
W/Conscrypt(  965): Caused by: android.system.ErrnoException: setsockopt failed: EBADF (Bad file number)
W/Conscrypt(  965): 	at libcore.io.Posix.setsockoptTimeval(Native Method)
W/Conscrypt(  965): 	at libcore.io.ForwardingOs.setsockoptTimeval(ForwardingOs.java:147)
W/Conscrypt(  965): Could not set socket write timeout: java.lang.reflect.InvocationTargetException
W/Conscrypt(  965): 	at java.lang.reflect.Method.invoke(Native Method)
W/Conscrypt(  965): 	at java.lang.reflect.Method.invoke(Method.java:372)
W/Conscrypt(  965): Caused by: android.system.ErrnoException: setsockopt failed: EBADF (Bad file number)
W/Conscrypt(  965): 	at libcore.io.Posix.setsockoptTimeval(Native Method)
W/Conscrypt(  965): 	at libcore.io.ForwardingOs.setsockoptTimeval(ForwardingOs.java:147)
W/Conscrypt(  965): Could not set socket write timeout: java.lang.reflect.InvocationTargetException
W/Conscrypt(  965): 	at java.lang.reflect.Method.invoke(Native Method)
W/Conscrypt(  965): 	at java.lang.reflect.Method.invoke(Method.java:372)
W/Conscrypt(  965): Caused by: android.system.ErrnoException: setsockopt failed: EBADF (Bad file number)
W/Conscrypt(  965): 	at libcore.io.Posix.setsockoptTimeval(Native Method)
W/Conscrypt(  965): 	at libcore.io.ForwardingOs.setsockoptTimeval(ForwardingOs.java:147)
W/Wifi    ( 3458): Failed to read packet and byte counts from wifi interface
I/AsyncOpDispatcher(  965): 51-GetConfigurationSnapshotOperationCall
I/AsyncOpDispatcher(  965): 51-CommitToConfigurationOperationCall
I/cr_LibraryLoader( 6401): Using linker: org.chromium.base.library_loader.LegacyLinker
W/linker  ( 6401): libchromium_android_linker.so: unused DT entry: type 0x6ffffffe arg 0xce8
W/linker  ( 6401): libchromium_android_linker.so: unused DT entry: type 0x6fffffff arg 0x3
I/cr_LibraryLoader( 6401): Loading chrome from within /data/app/com.android.chrome-2/base.apk
I/cr_LibraryLoader( 6401): Time to load native libraries: 44 ms (timestamps 7375-7419)
I/chromium( 6401): [INFO:library_loader_hooks.cc(136)] Chromium logging enabled: level = 0, default verbosity = 0
I/cr_LibraryLoader( 6401): Expected native library version number "61.0.3163.98", actual native library version number "61.0.3163.98"
W/Wifi    ( 3458): Failed to read packet and byte counts from wifi interface
W/Wifi    ( 3458): Failed to read packet and byte counts from wifi interface
W/Wifi    ( 3458): Failed to read packet and byte counts from wifi interface
W/Wifi    ( 3458): Failed to read packet and byte counts from wifi interface
D/AndroidRuntime( 6523): >>>>>> START com.android.internal.os.RuntimeInit uid 2000 <<<<<<
D/AndroidRuntime( 6523): CheckJNI is OFF
W/Wifi    ( 3458): Failed to read packet and byte counts from wifi interface
D/AndroidRuntime( 6523): Calling main entry com.android.commands.input.Input
I/Input   ( 6523): injectMotionEvent: MotionEvent { action=ACTION_DOWN, id[0]=0, x[0]=372.0, y[0]=1530.0, toolType[0]=TOOL_TYPE_UNKNOWN, buttonState=0, metaState=0, flags=0x0, edgeFlags=0x0, pointerCount=1, historySize=0, eventTime=9212383, downTime=9212383, deviceId=0, source=0x1002 }
I/Input   ( 6523): injectMotionEvent: MotionEvent { action=ACTION_UP, id[0]=0, x[0]=372.0, y[0]=1530.0, toolType[0]=TOOL_TYPE_UNKNOWN, buttonState=0, metaState=0, flags=0x0, edgeFlags=0x0, pointerCount=1, historySize=0, eventTime=9212383, downTime=9212383, deviceId=0, source=0x1002 }
D/AndroidRuntime( 6523): Shutting down VM
D/audio_hw_primary(  205): out_set_parameters: enter: usecase(0: playback) kvpairs: routing=2 out->devices(2) adev->mode(0)
I/ActivityManager(  451): START u0 {act=android.intent.action.VIEW flg=0x10808000 cmp=com.android.chrome/com.google.android.apps.chrome.Main (has extras)} from uid 10035 on display 0
V/WindowManager(  451): addAppToken: AppWindowToken{129456c6 token=Token{5bba4a1 ActivityRecord{25f86508 u0 com.android.chrome/com.google.android.apps.chrome.Main t3104}}} to stack=1 task=3104 at 0
D/ConnectivityService(  451): releasing NetworkRequest NetworkRequest [ id=100, legacyType=-1, [ Capabilities: INTERNET&NOT_RESTRICTED&TRUSTED] ]
I/chromium( 6401): [INFO:child_process_service_impl.cc(70)] ChildProcessServiceImpl: Exiting child process.
D/ConnectivityManager.CallbackHandler( 6372): CM callback handler got msg 524296
W/libprocessgroup(  451): failed to open /acct/uid_10035/pid_6401/cgroup.procs: No such file or directory
I/ActivityManager(  451): Process com.android.chrome:sandboxed_process0 (pid 6401) has died
W/ActivityManager(  451): Scheduling restart of crashed service com.android.chrome/org.chromium.content.app.SandboxedProcessService0 in 1000ms
D/ConnectivityService(  451): listenForNetwork for NetworkRequest [ id=101, legacyType=-1, [ Capabilities: INTERNET&NOT_RESTRICTED&TRUSTED] ]
D/ConnectivityService(  451): handleRegisterNetworkRequest checking NetworkAgentInfo [WIFI () - 102]
D/ConnectivityService(  451): apparently satisfied.  currentScore=60
D/ConnectivityManager.CallbackHandler( 6372): CM callback handler got msg 524290
I/cr_InstantAppsHandler( 6372): Not handling with Instant Apps (other)
I/ActivityManager(  451): START u0 {act=android.intent.action.VIEW flg=0x14002000 cmp=com.android.chrome/org.chromium.chrome.browser.ChromeTabbedActivity (has extras)} from uid 10035 on display 0
V/WindowManager(  451): addAppToken: AppWindowToken{2cc1789e token=Token{cb346d9 ActivityRecord{20ccd20 u0 com.android.chrome/org.chromium.chrome.browser.ChromeTabbedActivity t3105}}} to stack=1 task=3105 at 0
V/WindowManager(  451): Based on layer: Adding window Window{178b0f77 u0 Starting com.android.chrome} at 4 of 17
W/cr_ChildProcessConn( 6372): onServiceDisconnected (crash or killed by oom): pid=6401
I/PBSessionCacheImpl( 1007): Deleted sessionId[13621743724422] from persistence.
I/MicroDetector( 1007): Keeping mic open: false
I/DeviceStateChecker( 1007): DeviceStateChecker cancelled
I/AudioController( 1007): internalShutdown
I/MicrophoneInputStream( 1007): mic_close com.google.android.apps.gsa.speech.audio.af@3627a5bc
I/MicroRecognitionRunner( 1007): Stopping hotword detection.
W/cr_ChildProcLH( 6372): Create a new ChildConnectionAllocator with package name = com.android.chrome, sandboxed = true
I/SoundTriggerHwService::Module(  205): void android::SoundTriggerHwService::Module::onCallbackEvent(const android::sp<android::SoundTriggerHwService::CallbackEvent>&) mClient == 0
I/ActivityManager(  451): Start proc 6549:com.android.chrome:sandboxed_process0/u0i83 for service com.android.chrome/org.chromium.content.app.SandboxedProcessService0
I/MicroRecognitionRunner( 1007): Detection finished
W/dboxed_process0( 6549): type=1400 audit(0.0:89): avc: denied { search } for name="tmp" dev="dm-0" ino=49 scontext=u:r:isolated_app:s0 tcontext=u:object_r:shell_data_file:s0 tclass=dir permissive=0
I/cr_ChildProcessService( 6549): Creating new ChildProcessService pid=6549
W/cr_tabmodel( 6372): Starting to perform legacy migration.
D/AndroidRuntime( 6547): >>>>>> START com.android.internal.os.RuntimeInit uid 2000 <<<<<<
D/AndroidRuntime( 6547): CheckJNI is OFF
W/cr_tabmodel( 6372): Finished performing legacy migration.
W/cr_tabmodel( 6372): Starting to perform multi-instance migration.
W/cr_tabmodel( 6372): Finished performing multi-instance migration.
W/cr_tabmodel( 6372): Starting to fetch tab list.
E/cr_tabmodel( 6372): State file does not exist.
W/Wifi    ( 3458): Failed to read packet and byte counts from wifi interface
V/WindowManager(  451): Adding window Window{d5a685a u0 com.android.chrome/org.chromium.chrome.browser.ChromeTabbedActivity} at 4 of 18 (before Window{178b0f77 u0 Starting com.android.chrome})
E/WorkerRegistryImpl( 1007): getWorker() is called after WorkerRegistry disposal.
E/WorkerRegistryImpl( 1007): getWorker() is called after WorkerRegistry disposal.
E/WorkerRegistryImpl( 1007): getWorker() is called after WorkerRegistry disposal.
V/WindowManager(  451): Adding window Window{2dab0768 u0 SurfaceView} at 4 of 19 (before Window{d5a685a u0 com.android.chrome/org.chromium.chrome.browser.ChromeTabbedActivity})
E/WorkerRegistryImpl( 1007): getWorker() is called after WorkerRegistry disposal.
E/WorkerRegistryImpl( 1007): getWorker() is called after WorkerRegistry disposal.
E/WorkerRegistryImpl( 1007): getWorker() is called after WorkerRegistry disposal.
E/WorkerRegistryImpl( 1007): getWorker() is called after WorkerRegistry disposal.
E/WorkerRegistryImpl( 1007): getWorker() is called after WorkerRegistry disposal.
E/WorkerRegistryImpl( 1007): getWorker() is called after WorkerRegistry disposal.
E/WorkerRegistryImpl( 1007): getWorker() is called after WorkerRegistry disposal.
E/WorkerRegistryImpl( 1007): getWorker() is called after WorkerRegistry disposal.
E/WorkerRegistryImpl( 1007): getWorker() is called after WorkerRegistry disposal.
E/WorkerRegistryImpl( 1007): getWorker() is called after WorkerRegistry disposal.
E/WorkerRegistryImpl( 1007): getWorker() is called after WorkerRegistry disposal.
E/WorkerRegistryImpl( 1007): getWorker() is called after WorkerRegistry disposal.
E/WorkerRegistryImpl( 1007): getWorker() is called after WorkerRegistry disposal.
E/WorkerRegistryImpl( 1007): getWorker() is called after WorkerRegistry disposal.
E/WorkerRegistryImpl( 1007): getWorker() is called after WorkerRegistry disposal.
E/WorkerRegistryImpl( 1007): getWorker() is called after WorkerRegistry disposal.
E/WorkerRegistryImpl( 1007): getWorker() is called after WorkerRegistry disposal.
E/WorkerRegistryImpl( 1007): getWorker() is called after WorkerRegistry disposal.
I/ActivityManager(  451): Displayed com.android.chrome/org.chromium.chrome.browser.ChromeTabbedActivity: +831ms (total +921ms)
D/AndroidRuntime( 6547): Calling main entry com.android.commands.am.Am
I/Trepn   ( 6326): Trepn 6.2s: Received intent: com.quicinc.trepn.start_profiling
I/AsyncOpDispatcher(  965): 67-RequestPlaceUpdates
I/AsyncOpDispatcher(  965): 67-RemovePlaceUpdates
I/art     ( 6372): Rejecting re-init on previously-failed class java.lang.Class<org.chromium.content.browser.FloatingActionModeCallback>
I/art     ( 6372): Rejecting re-init on previously-failed class java.lang.Class<org.chromium.content.browser.FloatingActionModeCallback>
I/ActivityManager(  451): Start proc 6586:com.google.android.partnersetup/u0a12 for content provider com.google.android.partnersetup/.RlzAppProvider
I/Places  (  965): ?: PlacesBleScanner stop()
I/BeaconBle(  965): Scan canceled successfully.
I/PlaceInferenceEngine(  965): [anon] Changed inference mode: 0
I/cr_LibraryLoader( 6549): Using linker: org.chromium.base.library_loader.LegacyLinker
W/linker  ( 6549): libchromium_android_linker.so: unused DT entry: type 0x6ffffffe arg 0xce8
W/linker  ( 6549): libchromium_android_linker.so: unused DT entry: type 0x6fffffff arg 0x3
W/cr_media( 6372): Requires BLUETOOTH permission
I/cr_LibraryLoader( 6549): Loading chrome from within /data/app/com.android.chrome-2/base.apk
W/Wifi    ( 3458): Failed to read packet and byte counts from wifi interface
I/cr_LibraryLoader( 6549): Time to load native libraries: 158 ms (timestamps 3824-3982)
I/chromium( 6549): [INFO:library_loader_hooks.cc(136)] Chromium logging enabled: level = 0, default verbosity = 0
I/cr_LibraryLoader( 6549): Expected native library version number "61.0.3163.98", actual native library version number "61.0.3163.98"
I/art     (  451): Explicit concurrent mark sweep GC freed 37937(1966KB) AllocSpace objects, 5(100KB) LOS objects, 33% free, 28MB/42MB, paused 5.824ms total 130.395ms
D/BluetoothAdapter( 1007): 970327271: getState() :  mService = null. Returning STATE_OFF
D/BluetoothAdapter( 1007): 970327271: getState() :  mService = null. Returning STATE_OFF
I/VoiceSearchSettings( 1007): Hotword upgrade key is null!
I/VISHotwordAdapter( 1007): #initialize, locale=en-US, keyPhrase=Ok Google
I/GsaVoiceInteractionSrv(  795): initializeAlwaysOnHotwordDetector locale en-US hotwordPhrase Ok Google
I/art     ( 6372): Background sticky concurrent mark sweep GC freed 57779(3MB) AllocSpace objects, 23(374KB) LOS objects, 18% free, 14MB/17MB, paused 10.511ms total 187.384ms
I/ActivityManager(  451): Start proc 6622:com.android.chrome:sandboxed_process1/u0i84 for service com.android.chrome/org.chromium.content.app.SandboxedProcessService1
I/cr_SnippetsLauncher( 6372): Scheduling: 172800 172800
W/dboxed_process1( 6622): type=1400 audit(0.0:90): avc: denied { search } for name="tmp" dev="dm-0" ino=49 scontext=u:r:isolated_app:s0 tcontext=u:object_r:shell_data_file:s0 tclass=dir permissive=0
I/cr_ChildProcessService( 6622): Creating new ChildProcessService pid=6622
I/GeofencerStateMachine(  965): removeGeofences: removeRequest=RemoveGeofencingRequest[REMOVE_BY_PENDING_INTENT pendingIntent=PendingIntent[creatorPackage=com.google.android.gms], packageName=null]
I/cr_LibraryLoader( 6622): Using linker: org.chromium.base.library_loader.LegacyLinker
W/linker  ( 6622): libchromium_android_linker.so: unused DT entry: type 0x6ffffffe arg 0xce8
W/linker  ( 6622): libchromium_android_linker.so: unused DT entry: type 0x6fffffff arg 0x3
I/cr_LibraryLoader( 6622): Loading chrome from within /data/app/com.android.chrome-2/base.apk
I/cr_LibraryLoader( 6622): Time to load native libraries: 157 ms (timestamps 4681-4838)
I/chromium( 6622): [INFO:library_loader_hooks.cc(136)] Chromium logging enabled: level = 0, default verbosity = 0
I/cr_LibraryLoader( 6622): Expected native library version number "61.0.3163.98", actual native library version number "61.0.3163.98"
I/AsyncOpDispatcher(  965): 51-GetExperimentTokensOperationCall
W/FileUtils( 6326): Failed to chmod(/storage/emulated/0/trepn/Trepn_2018.06.11_182403.db): android.system.ErrnoException: chmod failed: EPERM (Operation not permitted)
E/aght    (  965): Phenotype API error. Event a <
E/aght    (  965):   a: "LOCAL.com.google.android.agsa.QSB"
E/aght    (  965):   b: 0
E/aght    (  965):   e: ""
E/aght    (  965):   f: ""
E/aght    (  965):   g: 0
E/aght    (  965):   h: 0
E/aght    (  965):   i: ""
E/aght    (  965):   j: 12
E/aght    (  965): >
E/aght    (  965): e: # bjzl@f5130810
E/aght    (  965): , EventCode: 7 -- metadata{ service_id: 51 }
E/aght    (  965): aggm: 29505: No config packages for log source, or config package not registered
E/aght    (  965): 	at agif.b(:com.google.android.gms@12685011@12.6.85 (020406-197041431):4)
E/aght    (  965): 	at aght.a(:com.google.android.gms@12685011@12.6.85 (020406-197041431):40)
E/aght    (  965): 	at aght.a(:com.google.android.gms@12685011@12.6.85 (020406-197041431):108)
E/aght    (  965): 	at ord.run(:com.google.android.gms@12685011@12.6.85 (020406-197041431):40)
E/aght    (  965): 	at azvp.run(:com.google.android.gms@12685011@12.6.85 (020406-197041431):2)
E/aght    (  965): 	at ovl.run(:com.google.android.gms@12685011@12.6.85 (020406-197041431):27)
E/aght    (  965): 	at java.util.concurrent.ThreadPoolExecutor.runWorker(ThreadPoolExecutor.java:1112)
E/aght    (  965): 	at java.util.concurrent.ThreadPoolExecutor$Worker.run(ThreadPoolExecutor.java:587)
E/aght    (  965): 	at pbm.run(:com.google.android.gms@12685011@12.6.85 (020406-197041431))
E/aght    (  965): 	at java.lang.Thread.run(Thread.java:818)
I/art     ( 6372): Background sticky concurrent mark sweep GC freed 40380(1941KB) AllocSpace objects, 6(136KB) LOS objects, 8% free, 16MB/17MB, paused 717us total 153.508ms
W/Wifi    ( 3458): Failed to read packet and byte counts from wifi interface
E/AsyncOperation(  965): serviceID=51, operation=GetExperimentTokensOperationCall
E/AsyncOperation(  965): OperationException[Status{statusCode=No config packages for log source, or config package not registered, resolution=null}]
E/AsyncOperation(  965): 	at aght.a(:com.google.android.gms@12685011@12.6.85 (020406-197041431):53)
E/AsyncOperation(  965): 	at aght.a(:com.google.android.gms@12685011@12.6.85 (020406-197041431):108)
E/AsyncOperation(  965): 	at ord.run(:com.google.android.gms@12685011@12.6.85 (020406-197041431):40)
E/AsyncOperation(  965): 	at azvp.run(:com.google.android.gms@12685011@12.6.85 (020406-197041431):2)
E/AsyncOperation(  965): 	at ovl.run(:com.google.android.gms@12685011@12.6.85 (020406-197041431):27)
E/AsyncOperation(  965): 	at java.util.concurrent.ThreadPoolExecutor.runWorker(ThreadPoolExecutor.java:1112)
E/AsyncOperation(  965): 	at java.util.concurrent.ThreadPoolExecutor$Worker.run(ThreadPoolExecutor.java:587)
E/AsyncOperation(  965): 	at pbm.run(:com.google.android.gms@12685011@12.6.85 (020406-197041431))
E/AsyncOperation(  965): 	at java.lang.Thread.run(Thread.java:818)
I/ActivityManager(  451): Activity reported stop, but no longer stopping: ActivityRecord{2bce1dd7 u0 com.android.chrome/org.chromium.chrome.browser.firstrun.FirstRunActivity t3103 f}
I/cr_BindingManager( 6372): Moderate binding enabled: maxSize=20
I/Icing   (  987): IndexChimeraService.getServiceInterface callingPackage=com.android.chrome componentName=null serviceId=36
I/AsyncOpDispatcher(  965): 19-GetFileDescriptorAndDelete
I/Icing   (  987): IndexChimeraService.getServiceInterface callingPackage=com.android.chrome componentName=null serviceId=36
W/art     ( 6372): Suspending all threads took: 11.018ms
I/art     ( 6372): Background partial concurrent mark sweep GC freed 14887(994KB) AllocSpace objects, 12(1060KB) LOS objects, 40% free, 16MB/27MB, paused 13.010ms total 225.931ms
I/Icing   (  987): Usage reports ok 0, Failed Usage reports 0, indexed 0, rejected 0, imm upload false
I/AsyncOpDispatcher(  965): 19-GetFileDescriptorAndDelete
I/ActivityManager(  451): Killing 3366:com.google.android.talk/u0a13 (adj 15): empty #17
I/Icing   (  987): Usage reports ok 0, Failed Usage reports 0, indexed 0, rejected 0, imm upload false
I/Icing   (  987): Removing corpus key 94FBE96EEF13B8AC56FE8C01687FD8A6012559AC for package com.android.chrome
W/Nearby  (  965): Bind call too late - someone already tried to get: interface bghz -- metadata{ service_id: 0 }
W/Wifi    ( 3458): Failed to read packet and byte counts from wifi interface
D/OpenGLRenderer( 6326): Use EGL_SWAP_BEHAVIOR_PRESERVED: true
I/ActivityManager(  451): Start proc 6674:com.android.providers.partnerbookmarks/u0a65 for content provider com.android.providers.partnerbookmarks/.PartnerBookmarksProvider
I/Trepn   ( 6326): Trepn 6.2s: Trepn has Started Profiling.
D/AndroidRuntime( 6547): Shutting down VM
I/ActivityManager(  451): Killing 3329:com.opera.browser:alarm_receiver/u0a85 (adj 15): empty #17
E/PartnerBookmarksReader( 6372): ATTENTION: not using partner bookmarks as none were provided
I/OpenGLRenderer( 6326): Initialized EGL, version 1.4
D/TaskPersister(  451): removeObsoleteFile: deleting file=3103_task_thumbnail.png
D/OpenGLRenderer( 6326): Enabling debug mode 0
I/dex2oat ( 6689): /system/bin/dex2oat --runtime-arg -classpath --runtime-arg  --instruction-set=arm --instruction-set-features=default --runtime-arg -Xrelocate --boot-image=/system/framework/boot.art --dex-file=/data/data/com.android.chrome/app_dex/webapk1.dex --oat-fd=167 --oat-location=/data/data/com.android.chrome/app_dex/arm/webapk1.dex --runtime-arg -Xms64m --runtime-arg -Xmx512m
D/ConnectivityService(  451): ConnectivityService NetworkRequestInfo binderDied(NetworkRequest [ id=97, legacyType=-1, [ Capabilities: INTERNET&NOT_RESTRICTED&TRUSTED] ], android.os.BinderProxy@2a2127a)
D/ConnectivityService(  451): releasing NetworkRequest NetworkRequest [ id=97, legacyType=-1, [ Capabilities: INTERNET&NOT_RESTRICTED&TRUSTED] ]
E/ConnectivityService(  451): RemoteException caught trying to send a callback msg for NetworkRequest [ id=97, legacyType=-1, [ Capabilities: INTERNET&NOT_RESTRICTED&TRUSTED] ]
I/ActivityManager(  451): Process com.google.android.youtube (pid 5094) has died
D/AndroidRuntime( 6700): >>>>>> START com.android.internal.os.RuntimeInit uid 2000 <<<<<<
D/AndroidRuntime( 6700): CheckJNI is OFF
I/dex2oat ( 6689): dex2oat took 144.317ms (threads: 2) arena alloc=63KB java alloc=6KB native alloc=618KB free=17KB
W/Wifi    ( 3458): Failed to read packet and byte counts from wifi interface
D/AndroidRuntime( 6700): Calling main entry com.android.commands.am.Am
I/ActivityManager(  451): START u0 {act=android.intent.action.VIEW dat=localhost:8000 flg=0x10000000 cmp=com.android.chrome/com.google.android.apps.chrome.Main} from uid 2000 on display 0
V/WindowManager(  451): addAppToken: AppWindowToken{ebed021 token=Token{ca70e88 ActivityRecord{4ff3a2b u0 com.android.chrome/com.google.android.apps.chrome.Main t3106}}} to stack=1 task=3106 at 0
D/AndroidRuntime( 6700): Shutting down VM
D/ConnectivityService(  451): releasing NetworkRequest NetworkRequest [ id=101, legacyType=-1, [ Capabilities: INTERNET&NOT_RESTRICTED&TRUSTED] ]
D/ConnectivityManager.CallbackHandler( 6372): CM callback handler got msg 524296
W/cr_Autocomplete( 6372): stopping autocomplete.
D/ConnectivityService(  451): listenForNetwork for NetworkRequest [ id=102, legacyType=-1, [ Capabilities: INTERNET&NOT_RESTRICTED&TRUSTED] ]
D/ConnectivityService(  451): handleRegisterNetworkRequest checking NetworkAgentInfo [WIFI () - 102]
D/ConnectivityService(  451): apparently satisfied.  currentScore=60
D/ConnectivityManager.CallbackHandler( 6372): CM callback handler got msg 524290
