W/System.err( 2256): android.os.DeadObjectException
W/System.err( 2256): 	at android.os.BinderProxy.transactNative(Native Method)
W/System.err( 2256): 	at android.os.BinderProxy.transact(Binder.java:496)
W/System.err( 2256): 	at android.os.IMessenger$Stub$Proxy.send(IMessenger.java:89)
W/System.err( 2256): 	at android.os.Messenger.send(Messenger.java:57)
W/System.err( 2256): 	at com.estrongs.android.scanner.service.l.a(Unknown Source)
W/System.err( 2256): 	at com.estrongs.android.scanner.service.l.a(Unknown Source)
W/System.err( 2256): 	at com.estrongs.android.scanner.service.c.onEvent(Unknown Source)
W/System.err( 2256): 	at android.os.FileObserver$ObserverThread.onEvent(FileObserver.java:122)
W/System.err( 2256): 	at android.os.FileObserver$ObserverThread.observe(Native Method)
W/System.err( 2256): 	at android.os.FileObserver$ObserverThread.run(FileObserver.java:85)
W/System.err( 2256): android.os.DeadObjectException
W/System.err( 2256): 	at android.os.BinderProxy.transactNative(Native Method)
W/System.err( 2256): 	at android.os.BinderProxy.transact(Binder.java:496)
W/System.err( 2256): 	at android.os.IMessenger$Stub$Proxy.send(IMessenger.java:89)
W/System.err( 2256): 	at android.os.Messenger.send(Messenger.java:57)
W/System.err( 2256): 	at com.estrongs.android.scanner.service.l.a(Unknown Source)
W/System.err( 2256): 	at com.estrongs.android.scanner.service.l.a(Unknown Source)
W/System.err( 2256): 	at com.estrongs.android.scanner.service.c.onEvent(Unknown Source)
W/System.err( 2256): 	at android.os.FileObserver$ObserverThread.onEvent(FileObserver.java:122)
W/System.err( 2256): 	at android.os.FileObserver$ObserverThread.observe(Native Method)
W/System.err( 2256): 	at android.os.FileObserver$ObserverThread.run(FileObserver.java:85)
W/System.err( 2256): android.os.DeadObjectException
W/System.err( 2256): 	at android.os.BinderProxy.transactNative(Native Method)
W/System.err( 2256): 	at android.os.BinderProxy.transact(Binder.java:496)
W/System.err( 2256): 	at android.os.IMessenger$Stub$Proxy.send(IMessenger.java:89)
W/System.err( 2256): 	at android.os.Messenger.send(Messenger.java:57)
W/System.err( 2256): 	at com.estrongs.android.scanner.service.l.a(Unknown Source)
W/System.err( 2256): 	at com.estrongs.android.scanner.service.l.a(Unknown Source)
W/System.err( 2256): 	at com.estrongs.android.scanner.service.c.onEvent(Unknown Source)
W/System.err( 2256): 	at android.os.FileObserver$ObserverThread.onEvent(FileObserver.java:122)
W/System.err( 2256): 	at android.os.FileObserver$ObserverThread.observe(Native Method)
W/System.err( 2256): 	at android.os.FileObserver$ObserverThread.run(FileObserver.java:85)
W/System.err( 2256): android.os.DeadObjectException
W/System.err( 2256): 	at android.os.BinderProxy.transactNative(Native Method)
W/System.err( 2256): 	at android.os.BinderProxy.transact(Binder.java:496)
W/System.err( 2256): 	at android.os.IMessenger$Stub$Proxy.send(IMessenger.java:89)
W/System.err( 2256): 	at android.os.Messenger.send(Messenger.java:57)
W/System.err( 2256): 	at com.estrongs.android.scanner.service.l.a(Unknown Source)
W/System.err( 2256): 	at com.estrongs.android.scanner.service.l.a(Unknown Source)
W/System.err( 2256): 	at com.estrongs.android.scanner.service.c.onEvent(Unknown Source)
W/System.err( 2256): 	at android.os.FileObserver$ObserverThread.onEvent(FileObserver.java:122)
W/System.err( 2256): 	at android.os.FileObserver$ObserverThread.observe(Native Method)
W/System.err( 2256): 	at android.os.FileObserver$ObserverThread.run(FileObserver.java:85)
W/System.err( 2256): android.os.DeadObjectException
W/System.err( 2256): 	at android.os.BinderProxy.transactNative(Native Method)
W/System.err( 2256): 	at android.os.BinderProxy.transact(Binder.java:496)
W/System.err( 2256): 	at android.os.IMessenger$Stub$Proxy.send(IMessenger.java:89)
W/System.err( 2256): 	at android.os.Messenger.send(Messenger.java:57)
W/System.err( 2256): 	at com.estrongs.android.scanner.service.l.a(Unknown Source)
W/System.err( 2256): 	at com.estrongs.android.scanner.service.l.a(Unknown Source)
W/System.err( 2256): 	at com.estrongs.android.scanner.service.c.onEvent(Unknown Source)
W/System.err( 2256): 	at android.os.FileObserver$ObserverThread.onEvent(FileObserver.java:122)
W/System.err( 2256): 	at android.os.FileObserver$ObserverThread.observe(Native Method)
W/System.err( 2256): 	at android.os.FileObserver$ObserverThread.run(FileObserver.java:85)
W/System.err( 2256): android.os.DeadObjectException
W/System.err( 2256): 	at android.os.BinderProxy.transactNative(Native Method)
W/System.err( 2256): 	at android.os.BinderProxy.transact(Binder.java:496)
W/System.err( 2256): 	at android.os.IMessenger$Stub$Proxy.send(IMessenger.java:89)
W/System.err( 2256): 	at android.os.Messenger.send(Messenger.java:57)
W/System.err( 2256): 	at com.estrongs.android.scanner.service.l.a(Unknown Source)
W/System.err( 2256): 	at com.estrongs.android.scanner.service.l.a(Unknown Source)
W/System.err( 2256): 	at com.estrongs.android.scanner.service.c.onEvent(Unknown Source)
W/System.err( 2256): 	at android.os.FileObserver$ObserverThread.onEvent(FileObserver.java:122)
W/System.err( 2256): 	at android.os.FileObserver$ObserverThread.observe(Native Method)
W/System.err( 2256): 	at android.os.FileObserver$ObserverThread.run(FileObserver.java:85)
W/System.err( 2256): android.os.DeadObjectException
W/System.err( 2256): 	at android.os.BinderProxy.transactNative(Native Method)
W/System.err( 2256): 	at android.os.BinderProxy.transact(Binder.java:496)
W/System.err( 2256): 	at android.os.IMessenger$Stub$Proxy.send(IMessenger.java:89)
W/System.err( 2256): 	at android.os.Messenger.send(Messenger.java:57)
W/System.err( 2256): 	at com.estrongs.android.scanner.service.l.a(Unknown Source)
W/System.err( 2256): 	at com.estrongs.android.scanner.service.l.a(Unknown Source)
W/System.err( 2256): 	at com.estrongs.android.scanner.service.c.onEvent(Unknown Source)
W/System.err( 2256): 	at android.os.FileObserver$ObserverThread.onEvent(FileObserver.java:122)
W/System.err( 2256): 	at android.os.FileObserver$ObserverThread.observe(Native Method)
W/System.err( 2256): 	at android.os.FileObserver$ObserverThread.run(FileObserver.java:85)
W/System.err( 2256): android.os.DeadObjectException
W/System.err( 2256): 	at android.os.BinderProxy.transactNative(Native Method)
W/System.err( 2256): 	at android.os.BinderProxy.transact(Binder.java:496)
W/System.err( 2256): 	at android.os.IMessenger$Stub$Proxy.send(IMessenger.java:89)
W/System.err( 2256): 	at android.os.Messenger.send(Messenger.java:57)
W/System.err( 2256): 	at com.estrongs.android.scanner.service.l.a(Unknown Source)
W/System.err( 2256): 	at com.estrongs.android.scanner.service.l.a(Unknown Source)
W/System.err( 2256): 	at com.estrongs.android.scanner.service.c.onEvent(Unknown Source)
W/System.err( 2256): 	at android.os.FileObserver$ObserverThread.onEvent(FileObserver.java:122)
W/System.err( 2256): 	at android.os.FileObserver$ObserverThread.observe(Native Method)
W/System.err( 2256): 	at android.os.FileObserver$ObserverThread.run(FileObserver.java:85)
W/System.err( 2256): android.os.DeadObjectException
W/System.err( 2256): 	at android.os.BinderProxy.transactNative(Native Method)
W/System.err( 2256): 	at android.os.BinderProxy.transact(Binder.java:496)
W/System.err( 2256): 	at android.os.IMessenger$Stub$Proxy.send(IMessenger.java:89)
W/System.err( 2256): 	at android.os.Messenger.send(Messenger.java:57)
W/System.err( 2256): 	at com.estrongs.android.scanner.service.l.a(Unknown Source)
W/System.err( 2256): 	at com.estrongs.android.scanner.service.l.a(Unknown Source)
W/System.err( 2256): 	at com.estrongs.android.scanner.service.c.onEvent(Unknown Source)
W/System.err( 2256): 	at android.os.FileObserver$ObserverThread.onEvent(FileObserver.java:122)
W/System.err( 2256): 	at android.os.FileObserver$ObserverThread.observe(Native Method)
W/System.err( 2256): 	at android.os.FileObserver$ObserverThread.run(FileObserver.java:85)
W/System.err( 2256): android.os.DeadObjectException
W/System.err( 2256): 	at android.os.BinderProxy.transactNative(Native Method)
W/System.err( 2256): 	at android.os.BinderProxy.transact(Binder.java:496)
W/System.err( 2256): 	at android.os.IMessenger$Stub$Proxy.send(IMessenger.java:89)
W/System.err( 2256): 	at android.os.Messenger.send(Messenger.java:57)
W/System.err( 2256): 	at com.estrongs.android.scanner.service.l.a(Unknown Source)
W/System.err( 2256): 	at com.estrongs.android.scanner.service.l.a(Unknown Source)
W/System.err( 2256): 	at com.estrongs.android.scanner.service.c.onEvent(Unknown Source)
W/System.err( 2256): 	at android.os.FileObserver$ObserverThread.onEvent(FileObserver.java:122)
W/System.err( 2256): 	at android.os.FileObserver$ObserverThread.observe(Native Method)
W/System.err( 2256): 	at android.os.FileObserver$ObserverThread.run(FileObserver.java:85)
W/System.err( 2256): android.os.DeadObjectException
W/System.err( 2256): 	at android.os.BinderProxy.transactNative(Native Method)
W/System.err( 2256): 	at android.os.BinderProxy.transact(Binder.java:496)
W/System.err( 2256): 	at android.os.IMessenger$Stub$Proxy.send(IMessenger.java:89)
W/System.err( 2256): 	at android.os.Messenger.send(Messenger.java:57)
W/System.err( 2256): 	at com.estrongs.android.scanner.service.l.a(Unknown Source)
W/System.err( 2256): 	at com.estrongs.android.scanner.service.l.a(Unknown Source)
W/System.err( 2256): 	at com.estrongs.android.scanner.service.c.onEvent(Unknown Source)
W/System.err( 2256): 	at android.os.FileObserver$ObserverThread.onEvent(FileObserver.java:122)
W/System.err( 2256): 	at android.os.FileObserver$ObserverThread.observe(Native Method)
W/System.err( 2256): 	at android.os.FileObserver$ObserverThread.run(FileObserver.java:85)
W/System.err( 2256): android.os.DeadObjectException
W/System.err( 2256): 	at android.os.BinderProxy.transactNative(Native Method)
W/System.err( 2256): 	at android.os.BinderProxy.transact(Binder.java:496)
W/System.err( 2256): 	at android.os.IMessenger$Stub$Proxy.send(IMessenger.java:89)
W/System.err( 2256): 	at android.os.Messenger.send(Messenger.java:57)
W/System.err( 2256): 	at com.estrongs.android.scanner.service.l.a(Unknown Source)
W/System.err( 2256): 	at com.estrongs.android.scanner.service.l.a(Unknown Source)
W/System.err( 2256): 	at com.estrongs.android.scanner.service.c.onEvent(Unknown Source)
W/System.err( 2256): 	at android.os.FileObserver$ObserverThread.onEvent(FileObserver.java:122)
W/System.err( 2256): 	at android.os.FileObserver$ObserverThread.observe(Native Method)
W/System.err( 2256): 	at android.os.FileObserver$ObserverThread.run(FileObserver.java:85)
W/System.err( 2256): android.os.DeadObjectException
W/System.err( 2256): 	at android.os.BinderProxy.transactNative(Native Method)
W/System.err( 2256): 	at android.os.BinderProxy.transact(Binder.java:496)
W/System.err( 2256): 	at android.os.IMessenger$Stub$Proxy.send(IMessenger.java:89)
W/System.err( 2256): 	at android.os.Messenger.send(Messenger.java:57)
W/System.err( 2256): 	at com.estrongs.android.scanner.service.l.a(Unknown Source)
W/System.err( 2256): 	at com.estrongs.android.scanner.service.l.a(Unknown Source)
W/System.err( 2256): 	at com.estrongs.android.scanner.service.c.onEvent(Unknown Source)
W/System.err( 2256): 	at android.os.FileObserver$ObserverThread.onEvent(FileObserver.java:122)
W/System.err( 2256): 	at android.os.FileObserver$ObserverThread.observe(Native Method)
W/System.err( 2256): 	at android.os.FileObserver$ObserverThread.run(FileObserver.java:85)
W/System.err( 2256): android.os.DeadObjectException
W/System.err( 2256): 	at android.os.BinderProxy.transactNative(Native Method)
W/System.err( 2256): 	at android.os.BinderProxy.transact(Binder.java:496)
W/System.err( 2256): 	at android.os.IMessenger$Stub$Proxy.send(IMessenger.java:89)
W/System.err( 2256): 	at android.os.Messenger.send(Messenger.java:57)
W/System.err( 2256): 	at com.estrongs.android.scanner.service.l.a(Unknown Source)
W/System.err( 2256): 	at com.estrongs.android.scanner.service.l.a(Unknown Source)
W/System.err( 2256): 	at com.estrongs.android.scanner.service.c.onEvent(Unknown Source)
W/System.err( 2256): 	at android.os.FileObserver$ObserverThread.onEvent(FileObserver.java:122)
W/System.err( 2256): 	at android.os.FileObserver$ObserverThread.observe(Native Method)
W/System.err( 2256): 	at android.os.FileObserver$ObserverThread.run(FileObserver.java:85)
W/System.err( 2256): android.os.DeadObjectException
W/System.err( 2256): 	at android.os.BinderProxy.transactNative(Native Method)
W/System.err( 2256): 	at android.os.BinderProxy.transact(Binder.java:496)
W/System.err( 2256): 	at android.os.IMessenger$Stub$Proxy.send(IMessenger.java:89)
W/System.err( 2256): 	at android.os.Messenger.send(Messenger.java:57)
W/System.err( 2256): 	at com.estrongs.android.scanner.service.l.a(Unknown Source)
W/System.err( 2256): 	at com.estrongs.android.scanner.service.l.a(Unknown Source)
W/System.err( 2256): 	at com.estrongs.android.scanner.service.c.onEvent(Unknown Source)
W/System.err( 2256): 	at android.os.FileObserver$ObserverThread.onEvent(FileObserver.java:122)
W/System.err( 2256): 	at android.os.FileObserver$ObserverThread.observe(Native Method)
W/System.err( 2256): 	at android.os.FileObserver$ObserverThread.run(FileObserver.java:85)
W/System.err( 2256): android.os.DeadObjectException
W/System.err( 2256): 	at android.os.BinderProxy.transactNative(Native Method)
W/System.err( 2256): 	at android.os.BinderProxy.transact(Binder.java:496)
W/System.err( 2256): 	at android.os.IMessenger$Stub$Proxy.send(IMessenger.java:89)
W/System.err( 2256): 	at android.os.Messenger.send(Messenger.java:57)
W/System.err( 2256): 	at com.estrongs.android.scanner.service.l.a(Unknown Source)
W/System.err( 2256): 	at com.estrongs.android.scanner.service.l.a(Unknown Source)
W/System.err( 2256): 	at com.estrongs.android.scanner.service.c.onEvent(Unknown Source)
W/System.err( 2256): 	at android.os.FileObserver$ObserverThread.onEvent(FileObserver.java:122)
W/System.err( 2256): 	at android.os.FileObserver$ObserverThread.observe(Native Method)
W/System.err( 2256): 	at android.os.FileObserver$ObserverThread.run(FileObserver.java:85)
W/System.err( 2256): android.os.DeadObjectException
W/System.err( 2256): 	at android.os.BinderProxy.transactNative(Native Method)
W/System.err( 2256): 	at android.os.BinderProxy.transact(Binder.java:496)
W/System.err( 2256): 	at android.os.IMessenger$Stub$Proxy.send(IMessenger.java:89)
W/System.err( 2256): 	at android.os.Messenger.send(Messenger.java:57)
W/System.err( 2256): 	at com.estrongs.android.scanner.service.l.a(Unknown Source)
W/System.err( 2256): 	at com.estrongs.android.scanner.service.l.a(Unknown Source)
W/System.err( 2256): 	at com.estrongs.android.scanner.service.c.onEvent(Unknown Source)
W/System.err( 2256): 	at android.os.FileObserver$ObserverThread.onEvent(FileObserver.java:122)
W/System.err( 2256): 	at android.os.FileObserver$ObserverThread.observe(Native Method)
W/System.err( 2256): 	at android.os.FileObserver$ObserverThread.run(FileObserver.java:85)
W/System.err( 2256): android.os.DeadObjectException
W/System.err( 2256): 	at android.os.BinderProxy.transactNative(Native Method)
W/System.err( 2256): 	at android.os.BinderProxy.transact(Binder.java:496)
W/System.err( 2256): 	at android.os.IMessenger$Stub$Proxy.send(IMessenger.java:89)
W/System.err( 2256): 	at android.os.Messenger.send(Messenger.java:57)
W/System.err( 2256): 	at com.estrongs.android.scanner.service.l.a(Unknown Source)
W/System.err( 2256): 	at com.estrongs.android.scanner.service.l.a(Unknown Source)
W/System.err( 2256): 	at com.estrongs.android.scanner.service.c.onEvent(Unknown Source)
W/System.err( 2256): 	at android.os.FileObserver$ObserverThread.onEvent(FileObserver.java:122)
W/System.err( 2256): 	at android.os.FileObserver$ObserverThread.observe(Native Method)
W/System.err( 2256): 	at android.os.FileObserver$ObserverThread.run(FileObserver.java:85)
W/System.err( 2256): android.os.DeadObjectException
W/System.err( 2256): 	at android.os.BinderProxy.transactNative(Native Method)
W/System.err( 2256): 	at android.os.BinderProxy.transact(Binder.java:496)
W/System.err( 2256): 	at android.os.IMessenger$Stub$Proxy.send(IMessenger.java:89)
W/System.err( 2256): 	at android.os.Messenger.send(Messenger.java:57)
W/System.err( 2256): 	at com.estrongs.android.scanner.service.l.a(Unknown Source)
W/System.err( 2256): 	at com.estrongs.android.scanner.service.l.a(Unknown Source)
W/System.err( 2256): 	at com.estrongs.android.scanner.service.c.onEvent(Unknown Source)
W/System.err( 2256): 	at android.os.FileObserver$ObserverThread.onEvent(FileObserver.java:122)
W/System.err( 2256): 	at android.os.FileObserver$ObserverThread.observe(Native Method)
W/System.err( 2256): 	at android.os.FileObserver$ObserverThread.run(FileObserver.java:85)
W/System.err( 2256): android.os.DeadObjectException
W/System.err( 2256): 	at android.os.BinderProxy.transactNative(Native Method)
W/System.err( 2256): 	at android.os.BinderProxy.transact(Binder.java:496)
W/System.err( 2256): 	at android.os.IMessenger$Stub$Proxy.send(IMessenger.java:89)
W/System.err( 2256): 	at android.os.Messenger.send(Messenger.java:57)
W/System.err( 2256): 	at com.estrongs.android.scanner.service.l.a(Unknown Source)
W/System.err( 2256): 	at com.estrongs.android.scanner.service.l.a(Unknown Source)
W/System.err( 2256): 	at com.estrongs.android.scanner.service.c.onEvent(Unknown Source)
W/System.err( 2256): 	at android.os.FileObserver$ObserverThread.onEvent(FileObserver.java:122)
W/System.err( 2256): 	at android.os.FileObserver$ObserverThread.observe(Native Method)
W/System.err( 2256): 	at android.os.FileObserver$ObserverThread.run(FileObserver.java:85)
W/System.err( 2256): android.os.DeadObjectException
W/System.err( 2256): 	at android.os.BinderProxy.transactNative(Native Method)
W/System.err( 2256): 	at android.os.BinderProxy.transact(Binder.java:496)
W/System.err( 2256): 	at android.os.FileObserver$ObserverThread.run(FileObserver.java:85)
W/System.err( 2256): android.os.DeadObjectException
W/System.err( 2256): android.os.DeadObjectException
W/System.err( 2256): 	at android.os.BinderProxy.transactNative(Native Method)
W/System.err( 2256): 	at android.os.BinderProxy.transact(Binder.java:496)
W/System.err( 2256): 	at android.os.IMessenger$Stub$Proxy.send(IMessenger.java:89)
W/System.err( 2256): 	at android.os.Messenger.send(Messenger.java:57)
W/System.err( 2256): 	at com.estrongs.android.scanner.service.l.a(Unknown Source)
W/System.err( 2256): 	at com.estrongs.android.scanner.service.l.a(Unknown Source)
W/System.err( 2256): 	at com.estrongs.android.scanner.service.c.onEvent(Unknown Source)
W/System.err( 2256): 	at android.os.FileObserver$ObserverThread.onEvent(FileObserver.java:122)
W/System.err( 2256): 	at android.os.FileObserver$ObserverThread.observe(Native Method)
W/System.err( 2256): 	at android.os.FileObserver$ObserverThread.run(FileObserver.java:85)
W/System.err( 2256): android.os.DeadObjectException
W/System.err( 2256): 	at android.os.BinderProxy.transactNative(Native Method)
W/System.err( 2256): 	at android.os.BinderProxy.transact(Binder.java:496)
W/System.err( 2256): 	at android.os.IMessenger$Stub$Proxy.send(IMessenger.java:89)
W/System.err( 2256): 	at android.os.Messenger.send(Messenger.java:57)
W/System.err( 2256): 	at com.estrongs.android.scanner.service.l.a(Unknown Source)
W/System.err( 2256): 	at com.estrongs.android.scanner.service.l.a(Unknown Source)
W/System.err( 2256): 	at com.estrongs.android.scanner.service.c.onEvent(Unknown Source)
W/System.err( 2256): 	at android.os.FileObserver$ObserverThread.onEvent(FileObserver.java:122)
W/System.err( 2256): 	at android.os.FileObserver$ObserverThread.observe(Native Method)
W/System.err( 2256): 	at android.os.FileObserver$ObserverThread.run(FileObserver.java:85)
W/System.err( 2256): android.os.DeadObjectException
W/System.err( 2256): 	at android.os.BinderProxy.transactNative(Native Method)
W/System.err( 2256): 	at android.os.FileObserver$ObserverThread.onEvent(FileObserver.java:122)
W/System.err( 2256): 	at android.os.FileObserver$ObserverThread.observe(Native Method)
W/System.err( 2256): 	at android.os.FileObserver$ObserverThread.run(FileObserver.java:85)
W/System.err( 2256): android.os.DeadObjectException
W/System.err( 2256): 	at android.os.BinderProxy.transactNative(Native Method)
W/System.err( 2256): 	at android.os.BinderProxy.transact(Binder.java:496)
W/System.err( 2256): 	at android.os.IMessenger$Stub$Proxy.send(IMessenger.java:89)
W/System.err( 2256): 	at android.os.Messenger.send(Messenger.java:57)
W/System.err( 2256): 	at com.estrongs.android.scanner.service.l.a(Unknown Source)
W/System.err( 2256): 	at com.estrongs.android.scanner.service.l.a(Unknown Source)
W/System.err( 2256): 	at com.estrongs.android.scanner.service.c.onEvent(Unknown Source)
W/System.err( 2256): 	at android.os.FileObserver$ObserverThread.onEvent(FileObserver.java:122)
W/System.err( 2256): 	at android.os.FileObserver$ObserverThread.observe(Native Method)
W/System.err( 2256): 	at android.os.FileObserver$ObserverThread.run(FileObserver.java:85)
W/System.err( 2256): android.os.DeadObjectException
W/System.err( 2256): 	at android.os.BinderProxy.transactNative(Native Method)
W/System.err( 2256): 	at android.os.BinderProxy.transact(Binder.java:496)
W/System.err( 2256): 	at android.os.IMessenger$Stub$Proxy.send(IMessenger.java:89)
W/System.err( 2256): 	at android.os.Messenger.send(Messenger.java:57)
W/System.err( 2256): 	at com.estrongs.android.scanner.service.l.a(Unknown Source)
W/System.err( 2256): 	at com.estrongs.android.scanner.service.l.a(Unknown Source)
W/System.err( 2256): 	at com.estrongs.android.scanner.service.c.onEvent(Unknown Source)
W/System.err( 2256): 	at android.os.FileObserver$ObserverThread.onEvent(FileObserver.java:122)
W/System.err( 2256): 	at android.os.FileObserver$ObserverThread.observe(Native Method)
W/System.err( 2256): 	at android.os.FileObserver$ObserverThread.run(FileObserver.java:85)
W/System.err( 2256): android.os.DeadObjectException
W/System.err( 2256): 	at android.os.BinderProxy.transactNative(Native Method)
W/System.err( 2256): 	at android.os.BinderProxy.transact(Binder.java:496)
W/System.err( 2256): 	at android.os.IMessenger$Stub$Proxy.send(IMessenger.java:89)
W/System.err( 2256): 	at android.os.Messenger.send(Messenger.java:57)
W/System.err( 2256): android.os.DeadObjectException
W/System.err( 2256): android.os.DeadObjectException
W/System.err( 2256): 	at com.estrongs.android.scanner.service.l.a(Unknown Source)
W/System.err( 2256): 	at android.os.FileObserver$ObserverThread.onEvent(FileObserver.java:122)
W/System.err( 2256): android.os.DeadObjectException
W/System.err( 2256): android.os.DeadObjectException
W/System.err( 2256): android.os.DeadObjectException
W/System.err( 2256): 	at com.estrongs.android.scanner.service.c.onEvent(Unknown Source)
W/System.err( 2256): 	at android.os.Messenger.send(Messenger.java:57)
W/System.err( 2256): 	at android.os.BinderProxy.transactNative(Native Method)
W/System.err( 2256): 	at android.os.Messenger.send(Messenger.java:57)
W/System.err( 2256): 	at com.estrongs.android.scanner.service.l.a(Unknown Source)
W/System.err( 2256): 	at android.os.FileObserver$ObserverThread.run(FileObserver.java:85)
W/System.err( 2256): 	at android.os.BinderProxy.transactNative(Native Method)
W/System.err( 2256): android.os.DeadObjectException
W/System.err( 2256): android.os.DeadObjectException
W/System.err( 2256): android.os.DeadObjectException
W/System.err( 2256): android.os.DeadObjectException
W/System.err( 2256): 	at android.os.Messenger.send(Messenger.java:57)
W/System.err( 2256): 	at android.os.Messenger.send(Messenger.java:57)
W/System.err( 2256): 	at android.os.BinderProxy.transact(Binder.java:496)
W/System.err( 2256): android.os.DeadObjectException
W/System.err( 2256): android.os.DeadObjectException
W/System.err( 2256): android.os.DeadObjectException
W/System.err( 2256): android.os.DeadObjectException
W/System.err( 2256): 	at android.os.BinderProxy.transactNative(Native Method)
W/System.err( 2256): 	at android.os.BinderProxy.transactNative(Native Method)
W/System.err( 2256): 	at android.os.BinderProxy.transact(Binder.java:496)
W/System.err( 2256): 	at com.estrongs.android.scanner.service.l.a(Unknown Source)
W/System.err( 2256): 	at com.estrongs.android.scanner.service.c.onEvent(Unknown Source)
W/System.err( 2256): 	at android.os.FileObserver$ObserverThread.onEvent(FileObserver.java:122)
W/System.err( 2256): 	at android.os.FileObserver$ObserverThread.observe(Native Method)
W/System.err( 2256): 	at com.estrongs.android.scanner.service.l.a(Unknown Source)
W/System.err( 2256): 	at com.estrongs.android.scanner.service.c.onEvent(Unknown Source)
W/System.err( 2256): 	at android.os.FileObserver$ObserverThread.onEvent(FileObserver.java:122)
W/System.err( 2256): android.os.DeadObjectException
W/System.err( 2256): 	at android.os.BinderProxy.transactNative(Native Method)
W/System.err( 2256): 	at android.os.BinderProxy.transact(Binder.java:496)
W/System.err( 2256): 	at android.os.IMessenger$Stub$Proxy.send(IMessenger.java:89)
W/System.err( 2256): 	at android.os.Messenger.send(Messenger.java:57)
W/System.err( 2256): 	at com.estrongs.android.scanner.service.l.a(Unknown Source)
W/System.err( 2256): 	at com.estrongs.android.scanner.service.l.a(Unknown Source)
W/System.err( 2256): 	at com.estrongs.android.scanner.service.c.onEvent(Unknown Source)
W/System.err( 2256): 	at android.os.FileObserver$ObserverThread.onEvent(FileObserver.java:122)
W/System.err( 2256): 	at android.os.FileObserver$ObserverThread.observe(Native Method)
W/System.err( 2256): 	at android.os.FileObserver$ObserverThread.run(FileObserver.java:85)
W/System.err( 2256): android.os.DeadObjectException
W/System.err( 2256): 	at android.os.BinderProxy.transactNative(Native Method)
W/System.err( 2256): 	at android.os.BinderProxy.transact(Binder.java:496)
W/System.err( 2256): 	at android.os.FileObserver$ObserverThread.observe(Native Method)
W/System.err( 2256): 	at android.os.BinderProxy.transactNative(Native Method)
W/System.err( 2256): android.os.DeadObjectException
W/System.err( 2256): 	at android.os.BinderProxy.transact(Binder.java:496)
W/System.err( 2256): 	at android.os.BinderProxy.transactNative(Native Method)
W/System.err( 2256): 	at android.os.BinderProxy.transact(Binder.java:496)
W/System.err( 2256): 	at android.os.IMessenger$Stub$Proxy.send(IMessenger.java:89)
W/System.err( 2256): 	at android.os.Messenger.send(Messenger.java:57)
W/System.err( 2256): android.os.DeadObjectException
W/System.err( 2256): 	at android.os.FileObserver$ObserverThread.observe(Native Method)
W/System.err( 2256): 	at android.os.BinderProxy.transactNative(Native Method)
W/System.err( 2256): 	at android.os.BinderProxy.transact(Binder.java:496)
W/System.err( 2256): android.os.DeadObjectException
W/System.err( 2256): 	at android.os.BinderProxy.transact(Binder.java:496)
W/System.err( 2256): android.os.DeadObjectException
W/System.err( 2256): 	at android.os.FileObserver$ObserverThread.observe(Native Method)
W/System.err( 2256): 	at com.estrongs.android.scanner.service.c.onEvent(Unknown Source)
W/System.err( 2256): 	at android.os.FileObserver$ObserverThread.onEvent(FileObserver.java:122)
W/System.err( 2256): android.os.DeadObjectException
W/System.err( 2256): 	at android.os.FileObserver$ObserverThread.onEvent(FileObserver.java:122)
W/System.err( 2256): 	at android.os.FileObserver$ObserverThread.observe(Native Method)
W/System.err( 2256): 	at android.os.FileObserver$ObserverThread.run(FileObserver.java:85)
W/System.err( 2256): android.os.DeadObjectException
W/System.err( 2256): 	at android.os.BinderProxy.transactNative(Native Method)
W/System.err( 2256): 	at android.os.BinderProxy.transact(Binder.java:496)
W/System.err( 2256): 	at android.os.IMessenger$Stub$Proxy.send(IMessenger.java:89)
W/System.err( 2256): 	at android.os.Messenger.send(Messenger.java:57)
W/System.err( 2256): 	at com.estrongs.android.scanner.service.l.a(Unknown Source)
W/System.err( 2256): 	at com.estrongs.android.scanner.service.l.a(Unknown Source)
W/System.err( 2256): 	at com.estrongs.android.scanner.service.c.onEvent(Unknown Source)
W/System.err( 2256): 	at android.os.FileObserver$ObserverThread.onEvent(FileObserver.java:122)
W/System.err( 2256): 	at android.os.FileObserver$ObserverThread.observe(Native Method)
W/System.err( 2256): 	at android.os.FileObserver$ObserverThread.run(FileObserver.java:85)
W/System.err( 2256): android.os.DeadObjectException
W/System.err( 2256): 	at android.os.BinderProxy.transactNative(Native Method)
W/System.err( 2256): 	at android.os.BinderProxy.transact(Binder.java:496)
W/System.err( 2256): 	at com.estrongs.android.scanner.service.l.a(Unknown Source)
W/System.err( 2256): android.os.DeadObjectException
W/System.err( 2256): android.os.DeadObjectException
W/System.err( 2256): android.os.DeadObjectException
W/System.err( 2256): 	at android.os.BinderProxy.transactNative(Native Method)
W/System.err( 2256): 	at android.os.BinderProxy.transact(Binder.java:496)
W/System.err( 2256): 	at android.os.IMessenger$Stub$Proxy.send(IMessenger.java:89)
W/System.err( 2256): 	at android.os.Messenger.send(Messenger.java:57)
W/System.err( 2256): 	at com.estrongs.android.scanner.service.l.a(Unknown Source)
W/System.err( 2256): 	at com.estrongs.android.scanner.service.l.a(Unknown Source)
W/System.err( 2256): 	at com.estrongs.android.scanner.service.c.onEvent(Unknown Source)
W/System.err( 2256): 	at android.os.FileObserver$ObserverThread.onEvent(FileObserver.java:122)
W/System.err( 2256): 	at android.os.Messenger.send(Messenger.java:57)
W/System.err( 2256): 	at android.os.BinderProxy.transactNative(Native Method)
W/System.err( 2256): 	at android.os.BinderProxy.transactNative(Native Method)
W/System.err( 2256): 	at android.os.BinderProxy.transactNative(Native Method)
W/System.err( 2256): 	at android.os.BinderProxy.transactNative(Native Method)
W/System.err( 2256): 	at android.os.BinderProxy.transact(Binder.java:496)
W/System.err( 2256): 	at android.os.BinderProxy.transact(Binder.java:496)
W/System.err( 2256): android.os.DeadObjectException
W/System.err( 2256): android.os.DeadObjectException
W/System.err( 2256): 	at android.os.FileObserver$ObserverThread.observe(Native Method)
W/System.err( 2256): 	at android.os.Messenger.send(Messenger.java:57)
W/System.err( 2256): 	at android.os.BinderProxy.transactNative(Native Method)
W/System.err( 2256): 	at android.os.BinderProxy.transactNative(Native Method)
W/System.err( 2256): 	at android.os.BinderProxy.transactNative(Native Method)
W/System.err( 2256): android.os.DeadObjectException
W/System.err( 2256): 	at android.os.BinderProxy.transactNative(Native Method)
W/System.err( 2256): 	at android.os.BinderProxy.transact(Binder.java:496)
W/System.err( 2256): 	at android.os.IMessenger$Stub$Proxy.send(IMessenger.java:89)
W/System.err( 2256): 	at android.os.Messenger.send(Messenger.java:57)
W/System.err( 2256): android.os.DeadObjectException
W/System.err( 2256): 	at android.os.BinderProxy.transactNative(Native Method)
W/System.err( 2256): 	at android.os.BinderProxy.transact(Binder.java:496)
W/System.err( 2256): android.os.DeadObjectException
W/System.err( 2256): 	at android.os.BinderProxy.transactNative(Native Method)
W/System.err( 2256): 	at android.os.BinderProxy.transact(Binder.java:496)
W/System.err( 2256): 	at android.os.IMessenger$Stub$Proxy.send(IMessenger.java:89)
W/System.err( 2256): 	at android.os.Messenger.send(Messenger.java:57)
W/System.err( 2256): 	at com.estrongs.android.scanner.service.l.a(Unknown Source)
W/System.err( 2256): 	at com.estrongs.android.scanner.service.l.a(Unknown Source)
W/System.err( 2256): 	at com.estrongs.android.scanner.service.c.onEvent(Unknown Source)
W/System.err( 2256): 	at android.os.FileObserver$ObserverThread.onEvent(FileObserver.java:122)
W/System.err( 2256): 	at android.os.FileObserver$ObserverThread.observe(Native Method)
W/System.err( 2256): 	at android.os.FileObserver$ObserverThread.run(FileObserver.java:85)
W/System.err( 2256): android.os.DeadObjectException
W/System.err( 2256): 	at android.os.BinderProxy.transactNative(Native Method)
W/System.err( 2256): 	at android.os.BinderProxy.transact(Binder.java:496)
W/System.err( 2256): 	at android.os.IMessenger$Stub$Proxy.send(IMessenger.java:89)
W/System.err( 2256): 	at android.os.Messenger.send(Messenger.java:57)
W/System.err( 2256): 	at com.estrongs.android.scanner.service.l.a(Unknown Source)
W/System.err( 2256): 	at com.estrongs.android.scanner.service.l.a(Unknown Source)
W/System.err( 2256): 	at com.estrongs.android.scanner.service.c.onEvent(Unknown Source)
W/System.err( 2256): 	at android.os.FileObserver$ObserverThread.onEvent(FileObserver.java:122)
W/System.err( 2256): 	at android.os.FileObserver$ObserverThread.observe(Native Method)
W/System.err( 2256): 	at android.os.FileObserver$ObserverThread.run(FileObserver.java:85)
W/System.err( 2256): android.os.DeadObjectException
W/System.err( 2256): 	at android.os.BinderProxy.transactNative(Native Method)
W/System.err( 2256): 	at android.os.BinderProxy.transact(Binder.java:496)
W/System.err( 2256): 	at android.os.IMessenger$Stub$Proxy.send(IMessenger.java:89)
W/System.err( 2256): 	at android.os.Messenger.send(Messenger.java:57)
W/System.err( 2256): 	at com.estrongs.android.scanner.service.l.a(Unknown Source)
W/System.err( 2256): 	at com.estrongs.android.scanner.service.l.a(Unknown Source)
W/System.err( 2256): 	at com.estrongs.android.scanner.service.c.onEvent(Unknown Source)
W/System.err( 2256): 	at android.os.FileObserver$ObserverThread.onEvent(FileObserver.java:122)
W/System.err( 2256): 	at android.os.FileObserver$ObserverThread.observe(Native Method)
W/System.err( 2256): 	at android.os.FileObserver$ObserverThread.run(FileObserver.java:85)
W/System.err( 2256): android.os.DeadObjectException
W/System.err( 2256): 	at android.os.BinderProxy.transactNative(Native Method)
W/System.err( 2256): 	at android.os.BinderProxy.transact(Binder.java:496)
D/AndroidRuntime(17302): Calling main entry com.android.commands.input.Input
I/Input   (17302): injectMotionEvent: MotionEvent { action=ACTION_DOWN, id[0]=0, x[0]=1256.0, y[0]=1890.0, toolType[0]=TOOL_TYPE_UNKNOWN, buttonState=0, metaState=0, flags=0x0, edgeFlags=0x0, pointerCount=1, historySize=0, eventTime=12851272, downTime=12851272, deviceId=0, source=0x1002 }
I/Input   (17302): injectMotionEvent: MotionEvent { action=ACTION_UP, id[0]=0, x[0]=1256.0, y[0]=1890.0, toolType[0]=TOOL_TYPE_UNKNOWN, buttonState=0, metaState=0, flags=0x0, edgeFlags=0x0, pointerCount=1, historySize=0, eventTime=12851272, downTime=12851272, deviceId=0, source=0x1002 }
D/AndroidRuntime(17302): Shutting down VM
W/System.err( 2256): 	at com.estrongs.android.scanner.service.l.a(Unknown Source)
W/System.err( 2256): 	at com.estrongs.android.scanner.service.c.onEvent(Unknown Source)
W/System.err( 2256): 	at android.os.FileObserver$ObserverThread.onEvent(FileObserver.java:122)
W/System.err( 2256): 	at android.os.FileObserver$ObserverThread.observe(Native Method)
W/System.err( 2256): 	at android.os.FileObserver$ObserverThread.run(FileObserver.java:85)
W/System.err( 2256): android.os.DeadObjectException
W/System.err( 2256): 	at android.os.BinderProxy.transactNative(Native Method)
W/System.err( 2256): 	at android.os.BinderProxy.transact(Binder.java:496)
W/System.err( 2256): 	at android.os.IMessenger$Stub$Proxy.send(IMessenger.java:89)
W/System.err( 2256): 	at android.os.Messenger.send(Messenger.java:57)
D/audio_hw_primary(  205): out_set_parameters: enter: usecase(0: playback) kvpairs: routing=2 out->devices(2) adev->mode(0)
W/System.err( 2256): 	at com.estrongs.android.scanner.service.l.a(Unknown Source)
W/System.err( 2256): 	at android.os.Messenger.send(Messenger.java:57)
I/cr_LocationProvider(16929): Google Play Services
W/System.err( 2256): 	at com.estrongs.android.scanner.service.l.a(Unknown Source)
W/System.err( 2256): 	at com.estrongs.android.scanner.service.l.a(Unknown Source)
W/System.err( 2256): 	at com.estrongs.android.scanner.service.c.onEvent(Unknown Source)
I/GeofencerStateMachine(  965): sendNewTransitions called.
W/System.err( 2256): 	at android.os.FileObserver$ObserverThread.onEvent(FileObserver.java:122)
W/System.err( 2256): 	at android.os.FileObserver$ObserverThread.observe(Native Method)
W/System.err( 2256): 	at android.os.FileObserver$ObserverThread.run(FileObserver.java:85)
W/System.err( 2256): android.os.DeadObjectException
W/System.err( 2256): 	at android.os.BinderProxy.transactNative(Native Method)
W/System.err( 2256): 	at android.os.BinderProxy.transact(Binder.java:496)
W/System.err( 2256): 	at android.os.IMessenger$Stub$Proxy.send(IMessenger.java:89)
W/System.err( 2256): 	at android.os.Messenger.send(Messenger.java:57)
W/System.err( 2256): 	at com.estrongs.android.scanner.service.l.a(Unknown Source)
W/System.err( 2256): 	at com.estrongs.android.scanner.service.l.a(Unknown Source)
W/System.err( 2256): 	at com.estrongs.android.scanner.service.c.onEvent(Unknown Source)
W/System.err( 2256): 	at android.os.FileObserver$ObserverThread.onEvent(FileObserver.java:122)
W/System.err( 2256): 	at com.estrongs.android.scanner.service.l.a(Unknown Source)
W/System.err( 2256): android.os.DeadObjectException
W/System.err( 2256): 	at android.os.BinderProxy.transactNative(Native Method)
W/System.err( 2256): 	at android.os.BinderProxy.transact(Binder.java:496)
W/System.err( 2256): 	at android.os.BinderProxy.transactNative(Native Method)
W/System.err( 2256): 	at android.os.BinderProxy.transact(Binder.java:496)
I/GeofencerStateMachine(  965): sendNewLocationAvailability: availability=LocationAvailability[isLocationAvailable: true]
W/System.err( 2256): 	at android.os.BinderProxy.transactNative(Native Method)
W/System.err( 2256): 	at android.os.BinderProxy.transactNative(Native Method)
W/System.err( 2256): android.os.DeadObjectException
W/System.err( 2256): 	at com.estrongs.android.scanner.service.l.a(Unknown Source)
W/System.err( 2256): 	at android.os.BinderProxy.transactNative(Native Method)
W/System.err( 2256): android.os.DeadObjectException
W/System.err( 2256): android.os.DeadObjectException
W/System.err( 2256): android.os.DeadObjectException
W/System.err( 2256): 	at android.os.BinderProxy.transactNative(Native Method)
W/System.err( 2256): 	at android.os.Messenger.send(Messenger.java:57)
W/System.err( 2256): 	at android.os.FileObserver$ObserverThread.run(FileObserver.java:85)
W/System.err( 2256): 	at android.os.BinderProxy.transactNative(Native Method)
W/System.err( 2256): 	at android.os.BinderProxy.transactNative(Native Method)
W/System.err( 2256): android.os.DeadObjectException
W/System.err( 2256): 	at android.os.BinderProxy.transactNative(Native Method)
W/System.err( 2256): 	at android.os.BinderProxy.transact(Binder.java:496)
W/System.err( 2256): 	at android.os.IMessenger$Stub$Proxy.send(IMessenger.java:89)
W/System.err( 2256): 	at android.os.Messenger.send(Messenger.java:57)
W/System.err( 2256): android.os.DeadObjectException
W/System.err( 2256): 	at android.os.BinderProxy.transactNative(Native Method)
W/System.err( 2256): 	at android.os.BinderProxy.transactNative(Native Method)
W/System.err( 2256): android.os.DeadObjectException
W/System.err( 2256): 	at android.os.Messenger.send(Messenger.java:57)
W/System.err( 2256): android.os.DeadObjectException
W/System.err( 2256): 	at android.os.BinderProxy.transact(Binder.java:496)
W/System.err( 2256): android.os.DeadObjectException
W/System.err( 2256): 	at android.os.BinderProxy.transactNative(Native Method)
W/System.err( 2256): 	at android.os.IMessenger$Stub$Proxy.send(IMessenger.java:89)
W/System.err( 2256): 	at android.os.Messenger.send(Messenger.java:57)
W/System.err( 2256): 	at com.estrongs.android.scanner.service.l.a(Unknown Source)
W/System.err( 2256): android.os.DeadObjectException
W/System.err( 2256): android.os.DeadObjectException
W/System.err( 2256): android.os.DeadObjectException
W/System.err( 2256): 	at android.os.Messenger.send(Messenger.java:57)
W/System.err( 2256): 	at android.os.BinderProxy.transactNative(Native Method)
W/System.err( 2256): android.os.DeadObjectException
W/System.err( 2256): 	at com.estrongs.android.scanner.service.l.a(Unknown Source)
W/System.err( 2256): android.os.DeadObjectException
W/System.err( 2256): 	at android.os.FileObserver$ObserverThread.observe(Native Method)
W/System.err( 2256): 	at android.os.IMessenger$Stub$Proxy.send(IMessenger.java:89)
W/System.err( 2256): 	at android.os.Messenger.send(Messenger.java:57)
W/System.err( 2256): android.os.DeadObjectException
W/System.err( 2256): 	at android.os.FileObserver$ObserverThread.observe(Native Method)
W/System.err( 2256): android.os.DeadObjectException
W/System.err( 2256): 	at android.os.BinderProxy.transactNative(Native Method)
W/System.err( 2256): 	at android.os.BinderProxy.transactNative(Native Method)
W/System.err( 2256): android.os.DeadObjectException
W/System.err( 2256): 	at android.os.BinderProxy.transact(Binder.java:496)
W/System.err( 2256): android.os.DeadObjectException
W/System.err( 2256): android.os.DeadObjectException
W/System.err( 2256): 	at android.os.BinderProxy.transact(Binder.java:496)
W/System.err( 2256): 	at android.os.Messenger.send(Messenger.java:57)
W/System.err( 2256): android.os.DeadObjectException
W/System.err( 2256): android.os.DeadObjectException
W/System.err( 2256): android.os.DeadObjectException
W/System.err( 2256): 	at android.os.BinderProxy.transactNative(Native Method)
W/System.err( 2256): 	at android.os.BinderProxy.transactNative(Native Method)
W/System.err( 2256): android.os.DeadObjectException
W/System.err( 2256): android.os.DeadObjectException
W/System.err( 2256): android.os.DeadObjectException
W/System.err( 2256): 	at android.os.BinderProxy.transactNative(Native Method)
W/System.err( 2256): 	at android.os.BinderProxy.transactNative(Native Method)
W/System.err( 2256): 	at android.os.BinderProxy.transactNative(Native Method)
W/System.err( 2256): android.os.DeadObjectException
W/System.err( 2256): 	at android.os.BinderProxy.transactNative(Native Method)
W/System.err( 2256): 	at android.os.BinderProxy.transact(Binder.java:496)
W/System.err( 2256): 	at android.os.BinderProxy.transactNative(Native Method)
W/System.err( 2256): android.os.DeadObjectException
W/System.err( 2256): android.os.DeadObjectException
W/System.err( 2256): 	at android.os.BinderProxy.transactNative(Native Method)
W/System.err( 2256): android.os.DeadObjectException
I/art     (  451): Explicit concurrent mark sweep GC freed 47744(2MB) AllocSpace objects, 11(756KB) LOS objects, 33% free, 30MB/45MB, paused 990us total 209.869ms
W/System.err( 2256): 	at android.os.FileObserver$ObserverThread.onEvent(FileObserver.java:122)
W/System.err( 2256): 	at android.os.BinderProxy.transactNative(Native Method)
W/System.err( 2256): 	at com.estrongs.android.scanner.service.l.a(Unknown Source)
D/libgps  (  451): proxy_gps_set_position_mode: mode = 1, recurrence = 0, min_interval = 1000, preferred_accuracy = 0, preferred_time = 0
W/System.err( 2256): android.os.DeadObjectException
W/System.err( 2256): 	at android.os.BinderProxy.transactNative(Native Method)
W/System.err( 2256): 	at android.os.BinderProxy.transact(Binder.java:496)
W/System.err( 2256): 	at android.os.Messenger.send(Messenger.java:57)
D/libgps  (  451): proxy_gps_start: called.
D/libgps  (  451): proxy_gps_status_cb: called.
D/libgps  (  451): proxy_gps_status_cb: called.
W/System.err( 2256): 	at android.os.IMessenger$Stub$Proxy.send(IMessenger.java:89)
W/System.err( 2256): 	at com.estrongs.android.scanner.service.c.onEvent(Unknown Source)
W/System.err( 2256): 	at com.estrongs.android.scanner.service.l.a(Unknown Source)
W/System.err( 2256): 	at com.estrongs.android.scanner.service.l.a(Unknown Source)
W/System.err( 2256): android.os.DeadObjectException
W/System.err( 2256): 	at android.os.Messenger.send(Messenger.java:57)
W/System.err( 2256): 	at android.os.BinderProxy.transactNative(Native Method)
W/System.err( 2256): 	at android.os.FileObserver$ObserverThread.onEvent(FileObserver.java:122)
W/System.err( 2256): 	at com.estrongs.android.scanner.service.c.onEvent(Unknown Source)
W/System.err( 2256): 	at android.os.FileObserver$ObserverThread.onEvent(FileObserver.java:122)
W/System.err( 2256): 	at android.os.FileObserver$ObserverThread.onEvent(FileObserver.java:122)
W/System.err( 2256): 	at android.os.BinderProxy.transactNative(Native Method)
W/System.err( 2256): android.os.DeadObjectException
W/System.err( 2256): android.os.DeadObjectException
W/System.err( 2256): android.os.DeadObjectException
W/System.err( 2256): android.os.DeadObjectException
W/System.err( 2256): 	at com.estrongs.android.scanner.service.l.a(Unknown Source)
W/System.err( 2256): android.os.DeadObjectException
W/System.err( 2256): 	at android.os.Messenger.send(Messenger.java:57)
W/System.err( 2256): android.os.DeadObjectException
W/System.err( 2256): 	at android.os.BinderProxy.transactNative(Native Method)
W/System.err( 2256): 	at android.os.BinderProxy.transact(Binder.java:496)
W/System.err( 2256): 	at android.os.IMessenger$Stub$Proxy.send(IMessenger.java:89)
W/System.err( 2256): 	at android.os.Messenger.send(Messenger.java:57)
W/System.err( 2256): 	at com.estrongs.android.scanner.service.l.a(Unknown Source)
W/System.err( 2256): 	at com.estrongs.android.scanner.service.l.a(Unknown Source)
I/GeofencerStateMachine(  965): sendNewLocationAvailability: availability=LocationAvailability[isLocationAvailable: true]
W/System.err( 2256): android.os.DeadObjectException
W/System.err( 2256): 	at android.os.BinderProxy.transactNative(Native Method)
W/System.err( 2256): 	at com.estrongs.android.scanner.service.l.a(Unknown Source)
W/System.err( 2256): 	at android.os.FileObserver$ObserverThread.onEvent(FileObserver.java:122)
W/System.err( 2256): 	at android.os.FileObserver$ObserverThread.observe(Native Method)
W/System.err( 2256): android.os.DeadObjectException
W/ctxmgr  (  965): [AclManager]No 2 for (accnt=account#1813920180#, com.google.android.gms(10008):UserLocationProducer, vrsn=12685000, 0, 3pPkg = null ,  3pMdlId = null ,  pid = 965). Was: 2 for 1, account#1813920180#
D/libgps  (  451): proxy_gps_stop: called.
D/libgps  (  451): proxy_gps_status_cb: called.
D/libgps  (  451): proxy_gps_status_cb: called.
W/ctxmgr  (  965): [AclManager]No 2 for (accnt=account#1644684176#, com.google.android.gms(10008):UserLocationProducer, vrsn=12685000, 0, 3pPkg = null ,  3pMdlId = null ,  pid = 965). Was: 2 for 1, account#1644684176#
W/Wifi    ( 3458): Failed to read packet and byte counts from wifi interface
D/GpsLocationProvider(  451): NTP server returned: 1528706851328 (Mon Jun 11 10:47:31 GMT+02:00 2018) reference: 214239 certainty: 9 system time offset: -31029568
D/libgps  (  451): proxy_gps_inject_time: exit
D/WifiService(  451): New client listening to asynchronous messages
D/BluetoothManagerService(  451): Message: 20
D/BluetoothManagerService(  451): Added callback: android.bluetooth.IBluetoothManagerCallback$Stub$Proxy@2bca2533:true
D/BluetoothManagerService(  451): checkIfCallerIsForegroundUser: valid=true callingUser=0 parentUser=-10000 foregroundUser=0
W/ImageLoader(17284): Try to initialize ImageLoader which had already been initialized before. To re-init ImageLoader with new configuration call ImageLoader.destroy() at first.
W/ResourcesManager(17284): Asset path '/system/framework/com.android.media.remotedisplay.jar' does not exist or contains no resources.
W/ResourcesManager(17284): Asset path '/system/framework/com.android.location.provider.jar' does not exist or contains no resources.
I/internationalization(17284): DuSwipe SDK V3.8 - 2017.05.23 - Swipe
I/internationalization(17284):  SDK V3.9 - 2017.05.23 - UI
D/OpenGLRenderer(17284): Use EGL_SWAP_BEHAVIOR_PRESERVED: true
I/internationalization(17284): SDK 2.5
I/AppsFlyer_3.2(17284): AsendTrackingWithEvent from activity: com.estrongs.android.pop.FexApplication
E/ActivityThread(17284): Failed to find provider info for com.facebook.katana.provider.AttributionIdProvider
W/Wifi    ( 3458): Failed to read packet and byte counts from wifi interface
W/ResourcesManager(17284): Asset path '/system/framework/com.android.media.remotedisplay.jar' does not exist or contains no resources.
W/ResourcesManager(17284): Asset path '/system/framework/com.android.location.provider.jar' does not exist or contains no resources.
I/OpenGLRenderer(17284): Initialized EGL, version 1.4
D/OpenGLRenderer(17284): Enabling debug mode 0
E/art     (17284): dlopen("/data/data/com.estrongs.android.pop/files/lib/libacceleratecoreproxy.so", RTLD_LAZY) failed: dlopen failed: library "/data/data/com.estrongs.android.pop/files/lib/libacceleratecoreproxy.so" not found
W/System.err(17284): java.lang.UnsatisfiedLinkError: dlopen failed: library "/data/data/com.estrongs.android.pop/files/lib/libacceleratecoreproxy.so" not found
W/System.err(17284): 	at java.lang.Runtime.load(Runtime.java:331)
W/System.err(17284): 	at java.lang.System.load(System.java:981)
W/System.err(17284): 	at com.dianxinos.a.c.a.g(Unknown Source)
W/System.err(17284): 	at com.dianxinos.a.c.a.e(Unknown Source)
W/System.err(17284): 	at com.dianxinos.a.c.a.c(Unknown Source)
W/System.err(17284): 	at com.dianxinos.a.a.a(Unknown Source)
W/System.err(17284): 	at com.duapps.scene.h.a(Unknown Source)
W/System.err(17284): 	at com.estrongs.android.pop.app.b.a.a(Unknown Source)
W/System.err(17284): 	at com.estrongs.android.pop.FexApplication.s(Unknown Source)
W/System.err(17284): 	at com.estrongs.android.pop.FexApplication.a(Unknown Source)
W/System.err(17284): 	at com.estrongs.android.pop.c.run(Unknown Source)
I/System.out(17284): AppsFlyerLib.sendTrackingWithEvent
W/ResourcesManager(17284): Asset path '/system/framework/com.android.media.remotedisplay.jar' does not exist or contains no resources.
W/ResourcesManager(17284): Asset path '/system/framework/com.android.location.provider.jar' does not exist or contains no resources.
W/ResourcesManager(17284): Asset path '/system/framework/com.android.media.remotedisplay.jar' does not exist or contains no resources.
