W/linker  ( 8571): libchromium_android_linker.so: unused DT entry: type 0x6ffffffe arg 0xce8
W/linker  ( 8571): libchromium_android_linker.so: unused DT entry: type 0x6fffffff arg 0x3
I/cr_LibraryLoader( 8571): Loading chrome from within /data/app/com.android.chrome-2/base.apk
I/cr_LibraryLoader( 8571): Time to load native libraries: 94 ms (timestamps 1396-1490)
I/chromium( 8571): [INFO:library_loader_hooks.cc(136)] Chromium logging enabled: level = 0, default verbosity = 0
I/cr_LibraryLoader( 8571): Expected native library version number "61.0.3163.98", actual native library version number "61.0.3163.98"
I/ActivityManager(  451): Activity reported stop, but no longer stopping: ActivityRecord{29cc3655 u0 com.android.chrome/org.chromium.chrome.browser.firstrun.FirstRunActivity t3113 f}
I/AsyncOpDispatcher(  965): 51-GetExperimentTokensOperationCall
I/cr_BindingManager( 8308): Moderate binding enabled: maxSize=20
E/aght    (  965): Phenotype API error. Event a <
E/aght    (  965):   a: "LOCAL.com.google.android.agsa.QSB"
E/aght    (  965):   b: 0
E/aght    (  965):   e: ""
E/aght    (  965):   f: ""
E/aght    (  965):   g: 0
E/aght    (  965):   h: 0
E/aght    (  965):   i: ""
E/aght    (  965):   j: 0
E/aght    (  965): >
E/aght    (  965): e: # bjzl@f5130810
E/aght    (  965): , EventCode: 7 -- metadata{ service_id: 51 }
E/aght    (  965): aggm: 29505: No config packages for log source, or config package not registered
E/aght    (  965): 	at agif.b(:com.google.android.gms@12685011@12.6.85 (020406-197041431):4)
E/aght    (  965): 	at aght.a(:com.google.android.gms@12685011@12.6.85 (020406-197041431):40)
E/aght    (  965): 	at aght.a(:com.google.android.gms@12685011@12.6.85 (020406-197041431):108)
E/aght    (  965): 	at ord.run(:com.google.android.gms@12685011@12.6.85 (020406-197041431):40)
E/aght    (  965): 	at azvp.run(:com.google.android.gms@12685011@12.6.85 (020406-197041431):2)
E/aght    (  965): 	at ovl.run(:com.google.android.gms@12685011@12.6.85 (020406-197041431):27)
E/aght    (  965): 	at java.util.concurrent.ThreadPoolExecutor.runWorker(ThreadPoolExecutor.java:1112)
E/aght    (  965): 	at java.util.concurrent.ThreadPoolExecutor$Worker.run(ThreadPoolExecutor.java:587)
E/aght    (  965): 	at pbm.run(:com.google.android.gms@12685011@12.6.85 (020406-197041431))
E/aght    (  965): 	at java.lang.Thread.run(Thread.java:818)
E/AsyncOperation(  965): serviceID=51, operation=GetExperimentTokensOperationCall
E/AsyncOperation(  965): OperationException[Status{statusCode=No config packages for log source, or config package not registered, resolution=null}]
E/AsyncOperation(  965): 	at aght.a(:com.google.android.gms@12685011@12.6.85 (020406-197041431):53)
E/AsyncOperation(  965): 	at aght.a(:com.google.android.gms@12685011@12.6.85 (020406-197041431):108)
E/AsyncOperation(  965): 	at ord.run(:com.google.android.gms@12685011@12.6.85 (020406-197041431):40)
E/AsyncOperation(  965): 	at azvp.run(:com.google.android.gms@12685011@12.6.85 (020406-197041431):2)
E/AsyncOperation(  965): 	at ovl.run(:com.google.android.gms@12685011@12.6.85 (020406-197041431):27)
E/AsyncOperation(  965): 	at java.util.concurrent.ThreadPoolExecutor.runWorker(ThreadPoolExecutor.java:1112)
E/AsyncOperation(  965): 	at java.util.concurrent.ThreadPoolExecutor$Worker.run(ThreadPoolExecutor.java:587)
E/AsyncOperation(  965): 	at pbm.run(:com.google.android.gms@12685011@12.6.85 (020406-197041431))
E/AsyncOperation(  965): 	at java.lang.Thread.run(Thread.java:818)
W/Nearby  (  965): Bind call too late - someone already tried to get: interface bghz -- metadata{ service_id: 0 }
W/Wifi    ( 3458): Failed to read packet and byte counts from wifi interface
E/PartnerBookmarksReader( 8308): ATTENTION: not using partner bookmarks as none were provided
W/FileUtils( 6326): Failed to chmod(/storage/emulated/0/trepn/Trepn_2018.06.11_183100.db): android.system.ErrnoException: chmod failed: EPERM (Operation not permitted)
I/Icing   (  987): IndexChimeraService.getServiceInterface callingPackage=com.android.chrome componentName=null serviceId=36
I/Icing   (  987): IndexChimeraService.getServiceInterface callingPackage=com.android.chrome componentName=null serviceId=36
I/AsyncOpDispatcher(  965): 19-GetFileDescriptorAndDelete
I/Icing   (  987): Usage reports ok 0, Failed Usage reports 0, indexed 0, rejected 0, imm upload false
I/Icing   (  987): Removing corpus key 94FBE96EEF13B8AC56FE8C01687FD8A6012559AC for package com.android.chrome
I/Trepn   ( 6326): Trepn 6.2s: Trepn has Started Profiling.
D/AndroidRuntime( 8537): Shutting down VM
I/dex2oat ( 8628): /system/bin/dex2oat --runtime-arg -classpath --runtime-arg  --instruction-set=arm --instruction-set-features=default --runtime-arg -Xrelocate --boot-image=/system/framework/boot.art --dex-file=/data/data/com.android.chrome/app_dex/webapk1.dex --oat-fd=193 --oat-location=/data/data/com.android.chrome/app_dex/arm/webapk1.dex --runtime-arg -Xms64m --runtime-arg -Xmx512m
I/dex2oat ( 8628): dex2oat took 61.477ms (threads: 2) arena alloc=47KB java alloc=6KB native alloc=618KB free=17KB
D/AndroidRuntime( 8640): >>>>>> START com.android.internal.os.RuntimeInit uid 2000 <<<<<<
D/AndroidRuntime( 8640): CheckJNI is OFF
D/TaskPersister(  451): removeObsoleteFile: deleting file=3113_task_thumbnail.png
W/Wifi    ( 3458): Failed to read packet and byte counts from wifi interface
D/AndroidRuntime( 8640): Calling main entry com.android.commands.am.Am
I/ActivityManager(  451): START u0 {act=android.intent.action.VIEW dat=localhost:8000 flg=0x10000000 cmp=com.android.chrome/com.google.android.apps.chrome.Main} from uid 2000 on display 0
V/WindowManager(  451): addAppToken: AppWindowToken{26112976 token=Token{2c925411 ActivityRecord{33a76c38 u0 com.android.chrome/com.google.android.apps.chrome.Main t3116}}} to stack=1 task=3116 at 0
D/AndroidRuntime( 8640): Shutting down VM
D/ConnectivityService(  451): releasing NetworkRequest NetworkRequest [ id=109, legacyType=-1, [ Capabilities: INTERNET&NOT_RESTRICTED&TRUSTED] ]
D/ConnectivityManager.CallbackHandler( 8308): CM callback handler got msg 524296
W/cr_Autocomplete( 8308): stopping autocomplete.
D/ConnectivityService(  451): listenForNetwork for NetworkRequest [ id=110, legacyType=-1, [ Capabilities: INTERNET&NOT_RESTRICTED&TRUSTED] ]
D/ConnectivityService(  451): handleRegisterNetworkRequest checking NetworkAgentInfo [WIFI () - 102]
D/ConnectivityService(  451): apparently satisfied.  currentScore=60
D/ConnectivityManager.CallbackHandler( 8308): CM callback handler got msg 524290
I/cr_InstantAppsHandler( 8308): Not handling with Instant Apps because Chrome is not default or there's a specialized handler
I/ActivityManager(  451): START u0 {act=android.intent.action.VIEW dat=localhost:8000 flg=0x14002000 cmp=com.android.chrome/org.chromium.chrome.browser.ChromeTabbedActivity (has extras)} from uid 10035 on display 0
W/InputMethodManagerService(  451): Window already focused, ignoring focus gain of: com.android.internal.view.IInputMethodClient$Stub$Proxy@14e27449 attribute=null, token = android.os.BinderProxy@1eeba8a
I/ActivityManager(  451): Start proc 8658:com.android.chrome:sandboxed_process2/u0i95 for service com.android.chrome/org.chromium.content.app.SandboxedProcessService2
I/AsyncOpDispatcher(  987): 45-xlb
W/dboxed_process2( 8658): type=1400 audit(0.0:101): avc: denied { search } for name="tmp" dev="dm-0" ino=49 scontext=u:r:isolated_app:s0 tcontext=u:object_r:shell_data_file:s0 tclass=dir permissive=0
I/cr_ChildProcessService( 8658): Creating new ChildProcessService pid=8658
I/cr_LibraryLoader( 8658): Using linker: org.chromium.base.library_loader.LegacyLinker
W/linker  ( 8658): libchromium_android_linker.so: unused DT entry: type 0x6ffffffe arg 0xce8
W/linker  ( 8658): libchromium_android_linker.so: unused DT entry: type 0x6fffffff arg 0x3
I/cr_LibraryLoader( 8658): Loading chrome from within /data/app/com.android.chrome-2/base.apk
I/cr_LibraryLoader( 8658): Time to load native libraries: 67 ms (timestamps 3543-3610)
I/chromium( 8658): [INFO:library_loader_hooks.cc(136)] Chromium logging enabled: level = 0, default verbosity = 0
I/cr_LibraryLoader( 8658): Expected native library version number "61.0.3163.98", actual native library version number "61.0.3163.98"
I/AsyncOpDispatcher(  987): 45-xlb
W/Wifi    ( 3458): Failed to read packet and byte counts from wifi interface
W/System.err( 1965): android.content.pm.PackageManager$NameNotFoundException
W/System.err( 1965): 	at android.app.ApplicationPackageManager.getPackageInfo(ApplicationPackageManager.java:114)
W/System.err( 1965): 	at com.estrongs.android.pop.app.c.ai.c(Unknown Source)
W/System.err( 1965): 	at com.estrongs.android.pop.app.c.ai.a(Unknown Source)
W/System.err( 1965): 	at com.estrongs.android.pop.app.scene.e.q.a(Unknown Source)
W/System.err( 1965): 	at com.estrongs.android.scanner.c.m.run(Unknown Source)
W/System.err( 1965): 	at java.util.concurrent.ThreadPoolExecutor.runWorker(ThreadPoolExecutor.java:1112)
W/System.err( 1965): 	at java.util.concurrent.ThreadPoolExecutor$Worker.run(ThreadPoolExecutor.java:587)
W/System.err( 1965): 	at java.lang.Thread.run(Thread.java:818)
W/Wifi    ( 3458): Failed to read packet and byte counts from wifi interface
I/cr_omaha( 8308): Request to Server Successful. Timestamp for next request:1528738264708
I/cr_omaha( 8308): Request to Server Successful. Timestamp for next request:1528738264754
I/cr_omaha( 8308): Attempting to schedule next job for: Mon Jun 11 23:31:04 GMT+02:00 2018
I/cr_omaha( 8308): Scheduled using AlarmManager and IntentService
W/Wifi    ( 3458): Failed to read packet and byte counts from wifi interface
I/Icing   (  987): Scored 149 usage reports, missing_corpora 0 update_failed 25
I/AsyncOpDispatcher(  965): 19-GetFileDescriptorAndDelete
I/Icing   (  987): Usage reports ok 0, Failed Usage reports 0, indexed 0, rejected 0, imm upload false
I/Icing   (  987): Indexing 94FBE96EEF13B8AC56FE8C01687FD8A6012559AC from com.android.chrome
I/Icing   (  987): Indexing done 94FBE96EEF13B8AC56FE8C01687FD8A6012559AC
I/Icing   (  987): IndexChimeraService.getServiceInterface callingPackage=com.google.android.inputmethod.latin componentName=null serviceId=66
I/AsyncOpDispatcher(  965): 19-GetFileDescriptorAndDelete
I/Icing   (  987): Usage reports ok 0, Failed Usage reports 0, indexed 0, rejected 0, imm upload false
I/chromium( 8571): [INFO:child_process_service_impl.cc(70)] ChildProcessServiceImpl: Exiting child process.
W/libprocessgroup(  451): failed to open /acct/uid_10035/pid_8571/cgroup.procs: No such file or directory
I/ActivityManager(  451): Process com.android.chrome:sandboxed_process1 (pid 8571) has died
W/ActivityManager(  451): Scheduling restart of crashed service com.android.chrome/org.chromium.content.app.SandboxedProcessService1 in 1000ms
W/chromium( 8308): [WARNING:compositor_view.cc(255)] Child process disconnected (type=6) pid=8571)
W/cr_ChildProcessConn( 8308): onServiceDisconnected (crash or killed by oom): pid=8571
W/Wifi    ( 3458): Failed to read packet and byte counts from wifi interface
I/art     (  965): Explicit concurrent mark sweep GC freed 138898(6MB) AllocSpace objects, 37(2MB) LOS objects, 36% free, 27MB/43MB, paused 609us total 110.341ms
W/Wifi    ( 3458): Failed to read packet and byte counts from wifi interface
W/Wifi    ( 3458): Failed to read packet and byte counts from wifi interface
I/EventLogSendingHelper( 1007): Sending log events.
E/WifiStateMachine(  451): WifiStateMachine CMD_START_SCAN source -2 txSuccessRate=39.65 rxSuccessRate=43.47 targetRoamBSSID=any RSSI=-47
E/WifiStateMachine(  451): WifiStateMachine starting scan for "TP-LINK_3BE5"WPA_PSK with 2412
W/Wifi    ( 3458): Failed to read packet and byte counts from wifi interface
W/Wifi    ( 3458): Failed to read packet and byte counts from wifi interface
W/Wifi    ( 3458): Failed to read packet and byte counts from wifi interface
W/Wifi    ( 3458): Failed to read packet and byte counts from wifi interface
W/Wifi    ( 3458): Failed to read packet and byte counts from wifi interface
W/Wifi    ( 3458): Failed to read packet and byte counts from wifi interface
I/AsyncOpDispatcher(  965): 35-GetDeviceDataUploadOptInStatusOperation
I/AsyncOpDispatcher(  965): 35-GetDeviceDataUploadOptInStatusOperation
W/Wifi    ( 3458): Failed to read packet and byte counts from wifi interface
W/Wifi    ( 3458): Failed to read packet and byte counts from wifi interface
W/Wifi    ( 3458): Failed to read packet and byte counts from wifi interface
D/AndroidRuntime( 8717): >>>>>> START com.android.internal.os.RuntimeInit uid 2000 <<<<<<
D/AndroidRuntime( 8717): CheckJNI is OFF
I/chromium( 8308): [INFO:CONSOLE(18)] "STARTME---1528734677727", source: http://localhost:8000/geolocationtest_lowAccuracy.js (18)
W/Wifi    ( 3458): Failed to read packet and byte counts from wifi interface
I/chromium( 8308): [INFO:CONSOLE(22)] "STOPME---1528734678043", source: http://localhost:8000/geolocationtest_lowAccuracy.js (22)
D/AndroidRuntime( 8717): Calling main entry com.android.commands.input.Input
I/Input   ( 8717): injectMotionEvent: MotionEvent { action=ACTION_DOWN, id[0]=0, x[0]=614.0, y[0]=1253.0, toolType[0]=TOOL_TYPE_UNKNOWN, buttonState=0, metaState=0, flags=0x0, edgeFlags=0x0, pointerCount=1, historySize=0, eventTime=9649188, downTime=9649188, deviceId=0, source=0x1002 }
I/Input   ( 8717): injectMotionEvent: MotionEvent { action=ACTION_UP, id[0]=0, x[0]=614.0, y[0]=1253.0, toolType[0]=TOOL_TYPE_UNKNOWN, buttonState=0, metaState=0, flags=0x0, edgeFlags=0x0, pointerCount=1, historySize=0, eventTime=9649188, downTime=9649188, deviceId=0, source=0x1002 }
D/AndroidRuntime( 8717): Shutting down VM
W/Wifi    ( 3458): Failed to read packet and byte counts from wifi interface
W/Wifi    ( 3458): Failed to read packet and byte counts from wifi interface
W/Wifi    ( 3458): Failed to read packet and byte counts from wifi interface
W/Wifi    ( 3458): Failed to read packet and byte counts from wifi interface
W/Wifi    ( 3458): Failed to read packet and byte counts from wifi interface
D/AndroidRuntime( 8735): >>>>>> START com.android.internal.os.RuntimeInit uid 2000 <<<<<<
D/AndroidRuntime( 8735): CheckJNI is OFF
W/Wifi    ( 3458): Failed to read packet and byte counts from wifi interface
D/AndroidRuntime( 8735): Calling main entry com.android.commands.input.Input
I/Input   ( 8735): injectMotionEvent: MotionEvent { action=ACTION_DOWN, id[0]=0, x[0]=1256.0, y[0]=1890.0, toolType[0]=TOOL_TYPE_UNKNOWN, buttonState=0, metaState=0, flags=0x0, edgeFlags=0x0, pointerCount=1, historySize=0, eventTime=9655006, downTime=9655006, deviceId=0, source=0x1002 }
I/Input   ( 8735): injectMotionEvent: MotionEvent { action=ACTION_UP, id[0]=0, x[0]=1256.0, y[0]=1890.0, toolType[0]=TOOL_TYPE_UNKNOWN, buttonState=0, metaState=0, flags=0x0, edgeFlags=0x0, pointerCount=1, historySize=0, eventTime=9655006, downTime=9655006, deviceId=0, source=0x1002 }
D/AndroidRuntime( 8735): Shutting down VM
D/audio_hw_primary(  205): out_set_parameters: enter: usecase(0: playback) kvpairs: routing=2 out->devices(2) adev->mode(0)
I/cr_LocationProvider( 8308): Google Play Services
I/GeofencerStateMachine(  965): sendNewTransitions called.
W/ctxmgr  (  965): [AclManager]No 2 for (accnt=account#1813920180#, com.google.android.gms(10008):UserLocationProducer, vrsn=12685000, 0, 3pPkg = null ,  3pMdlId = null ,  pid = 965). Was: 2 for 1, account#1813920180#
W/ctxmgr  (  965): [AclManager]No 2 for (accnt=account#1644684176#, com.google.android.gms(10008):UserLocationProducer, vrsn=12685000, 0, 3pPkg = null ,  3pMdlId = null ,  pid = 965). Was: 2 for 1, account#1644684176#
W/Wifi    ( 3458): Failed to read packet and byte counts from wifi interface
W/Wifi    ( 3458): Failed to read packet and byte counts from wifi interface
W/Wifi    ( 3458): Failed to read packet and byte counts from wifi interface
W/Wifi    ( 3458): Failed to read packet and byte counts from wifi interface
W/GmsLocationProvider( 1007): Error removing location updates: 16
E/WifiStateMachine(  451): WifiStateMachine CMD_START_SCAN source -2 txSuccessRate=0.22 rxSuccessRate=0.90 targetRoamBSSID=any RSSI=-60
E/WifiStateMachine(  451): WifiStateMachine starting scan for "TP-LINK_3BE5"WPA_PSK with 2412
W/Wifi    ( 3458): Failed to read packet and byte counts from wifi interface
I/GeofencerStateMachine(  965): sendNewTransitions called.
W/ctxmgr  (  965): [AclManager]No 2 for (accnt=account#1813920180#, com.google.android.gms(10008):UserLocationProducer, vrsn=12685000, 0, 3pPkg = null ,  3pMdlId = null ,  pid = 965). Was: 2 for 1, account#1813920180#
W/ctxmgr  (  965): [AclManager]No 2 for (accnt=account#1644684176#, com.google.android.gms(10008):UserLocationProducer, vrsn=12685000, 0, 3pPkg = null ,  3pMdlId = null ,  pid = 965). Was: 2 for 1, account#1644684176#
I/ActivityManager(  451): Start proc 8756:com.android.chrome:sandboxed_process3/u0i96 for service com.android.chrome/org.chromium.content.app.SandboxedProcessService3
W/dboxed_process3( 8756): type=1400 audit(0.0:102): avc: denied { search } for name="tmp" dev="dm-0" ino=49 scontext=u:r:isolated_app:s0 tcontext=u:object_r:shell_data_file:s0 tclass=dir permissive=0
I/cr_ChildProcessService( 8756): Creating new ChildProcessService pid=8756
I/cr_LibraryLoader( 8756): Using linker: org.chromium.base.library_loader.LegacyLinker
W/linker  ( 8756): libchromium_android_linker.so: unused DT entry: type 0x6ffffffe arg 0xce8
W/linker  ( 8756): libchromium_android_linker.so: unused DT entry: type 0x6fffffff arg 0x3
I/cr_LibraryLoader( 8756): Loading chrome from within /data/app/com.android.chrome-2/base.apk
I/cr_LibraryLoader( 8756): Time to load native libraries: 48 ms (timestamps 703-751)
I/chromium( 8756): [INFO:library_loader_hooks.cc(136)] Chromium logging enabled: level = 0, default verbosity = 0
I/cr_LibraryLoader( 8756): Expected native library version number "61.0.3163.98", actual native library version number "61.0.3163.98"
W/Wifi    ( 3458): Failed to read packet and byte counts from wifi interface
W/Wifi    ( 3458): Failed to read packet and byte counts from wifi interface
W/Wifi    ( 3458): Failed to read packet and byte counts from wifi interface
I/art     (  451): Explicit concurrent mark sweep GC freed 75581(3MB) AllocSpace objects, 20(400KB) LOS objects, 33% free, 31MB/46MB, paused 647us total 130.701ms
W/Wifi    ( 3458): Failed to read packet and byte counts from wifi interface
I/Icing   (  987): IndexChimeraService.getServiceInterface callingPackage=com.android.chrome componentName=null serviceId=36
I/AsyncOpDispatcher(  965): 19-GetFileDescriptorAndDelete
I/Icing   (  987): Usage reports ok 0, Failed Usage reports 0, indexed 0, rejected 0, imm upload false
W/Wifi    ( 3458): Failed to read packet and byte counts from wifi interface
I/Icing   (  987): Indexing 94FBE96EEF13B8AC56FE8C01687FD8A6012559AC from com.android.chrome
I/Icing   (  987): Indexing done 94FBE96EEF13B8AC56FE8C01687FD8A6012559AC
I/chromium( 8756): [INFO:child_process_service_impl.cc(70)] ChildProcessServiceImpl: Exiting child process.
W/libprocessgroup(  451): failed to open /acct/uid_10035/pid_8756/cgroup.procs: No such file or directory
I/ActivityManager(  451): Process com.android.chrome:sandboxed_process3 (pid 8756) has died
W/cr_ChildProcessConn( 8308): onServiceDisconnected (crash or killed by oom): pid=8756
W/ActivityManager(  451): Scheduling restart of crashed service com.android.chrome/org.chromium.content.app.SandboxedProcessService3 in 1000ms
W/chromium( 8308): [WARNING:compositor_view.cc(255)] Child process disconnected (type=6) pid=8756)
W/Wifi    ( 3458): Failed to read packet and byte counts from wifi interface
W/Wifi    ( 3458): Failed to read packet and byte counts from wifi interface
W/Wifi    ( 3458): Failed to read packet and byte counts from wifi interface
W/Wifi    ( 3458): Failed to read packet and byte counts from wifi interface
W/Wifi    ( 3458): Failed to read packet and byte counts from wifi interface
W/Wifi    ( 3458): Failed to read packet and byte counts from wifi interface
I/CwMcuSensor(  451): CwMcuSensor::flush: fd = 223, sensors_id = 0, path = /sys/class/htc_sensorhub/sensor_hub/flush, err = 0
W/Wifi    ( 3458): Failed to read packet and byte counts from wifi interface
W/Wifi    ( 3458): Failed to read packet and byte counts from wifi interface
W/Wifi    ( 3458): Failed to read packet and byte counts from wifi interface
I/art     (  627): Explicit concurrent mark sweep GC freed 248240(9MB) AllocSpace objects, 2(18MB) LOS objects, 40% free, 20MB/34MB, paused 623us total 83.629ms
W/Wifi    ( 3458): Failed to read packet and byte counts from wifi interface
W/Wifi    ( 3458): Failed to read packet and byte counts from wifi interface
W/Wifi    ( 3458): Failed to read packet and byte counts from wifi interface
W/Wifi    ( 3458): Failed to read packet and byte counts from wifi interface
W/Wifi    ( 3458): Failed to read packet and byte counts from wifi interface
E/WifiStateMachine(  451): WifiStateMachine CMD_START_SCAN source -2 txSuccessRate=1.41 rxSuccessRate=2.61 targetRoamBSSID=any RSSI=-54
E/WifiStateMachine(  451): WifiStateMachine starting scan for "TP-LINK_3BE5"WPA_PSK with 2412
W/Wifi    ( 3458): Failed to read packet and byte counts from wifi interface
E/WifiNetworkScoreCache(  451): updateScores list size=1
W/Wifi    ( 3458): Failed to read packet and byte counts from wifi interface
W/Wifi    ( 3458): Failed to read packet and byte counts from wifi interface
W/Wifi    ( 3458): Failed to read packet and byte counts from wifi interface
W/Wifi    ( 3458): Failed to read packet and byte counts from wifi interface
W/Wifi    ( 3458): Failed to read packet and byte counts from wifi interface
W/Wifi    ( 3458): Failed to read packet and byte counts from wifi interface
W/Wifi    ( 3458): Failed to read packet and byte counts from wifi interface
W/Wifi    ( 3458): Failed to read packet and byte counts from wifi interface
W/Wifi    ( 3458): Failed to read packet and byte counts from wifi interface
W/Wifi    ( 3458): Failed to read packet and byte counts from wifi interface
I/qtaguid ( 3633): Failed write_ctrl(u 34) res=-1 errno=22
I/qtaguid ( 3633): Untagging socket 34 failed errno=-22
W/NetworkManagementSocketTagger( 3633): untagSocket(34) failed with errno -22
I/b       ( 3633): I/O exception (org.apache.http.NoHttpResponseException) caught when processing request: The target server failed to respond
I/b       ( 3633): Retrying request
W/Wifi    ( 3458): Failed to read packet and byte counts from wifi interface
E/WifiNetworkScoreCache(  451): updateScores list size=3
W/Wifi    ( 3458): Failed to read packet and byte counts from wifi interface
W/Wifi    ( 3458): Failed to read packet and byte counts from wifi interface
W/Wifi    ( 3458): Failed to read packet and byte counts from wifi interface
W/Wifi    ( 3458): Failed to read packet and byte counts from wifi interface
D/AndroidRuntime( 8828): >>>>>> START com.android.internal.os.RuntimeInit uid 2000 <<<<<<
D/AndroidRuntime( 8828): CheckJNI is OFF
W/Wifi    ( 3458): Failed to read packet and byte counts from wifi interface
D/AndroidRuntime( 8828): Calling main entry com.android.commands.am.Am
I/Trepn   ( 6326): Trepn 6.2s: Received intent: com.quicinc.trepn.stop_profiling
I/Trepn   ( 6326): Trepn 6.2s: Trepn has Stopped Profiling.
D/AndroidRuntime( 8828): Shutting down VM
D/AndroidRuntime( 8853): >>>>>> START com.android.internal.os.RuntimeInit uid 2000 <<<<<<
D/AndroidRuntime( 8853): CheckJNI is OFF
W/Wifi    ( 3458): Failed to read packet and byte counts from wifi interface
D/AndroidRuntime( 8853): Calling main entry com.android.commands.am.Am
I/ActivityManager(  451): Force stopping com.android.chrome appid=10035 user=0: from pid 8853
I/ActivityManager(  451): Killing 8385:com.android.chrome:privileged_process0/u0a35 (adj 0): stop com.android.chrome
W/cr_ChildProcessConn( 8308): onServiceDisconnected (crash or killed by oom): pid=8385
W/chromium( 8308): [WARNING:compositor_view.cc(255)] Child process disconnected (type=9) pid=8385)
W/ActivityManager(  451): Scheduling restart of crashed service com.android.chrome/org.chromium.content.app.PrivilegedProcessService0 in 1000ms
I/ActivityManager(  451): Killing 8308:com.android.chrome/u0a35 (adj 0): stop com.android.chrome
I/WindowState(  451): WIN DEATH: Window{2037a8fb u0 com.android.chrome/org.chromium.chrome.browser.ChromeTabbedActivity}
D/ConnectivityService(  451): ConnectivityService NetworkRequestInfo binderDied(NetworkRequest [ id=107, legacyType=-1, [ Capabilities: INTERNET&NOT_RESTRICTED&TRUSTED] ], android.os.BinderProxy@3083e504)
W/WindowManager(  451): Force-removing child win Window{1105f556 u0 SurfaceView} from container Window{2037a8fb u0 com.android.chrome/org.chromium.chrome.browser.ChromeTabbedActivity}
D/ConnectivityService(  451): releasing NetworkRequest NetworkRequest [ id=107, legacyType=-1, [ Capabilities: INTERNET&NOT_RESTRICTED&TRUSTED] ]
E/ConnectivityService(  451): RemoteException caught trying to send a callback msg for NetworkRequest [ id=107, legacyType=-1, [ Capabilities: INTERNET&NOT_RESTRICTED&TRUSTED] ]
D/ConnectivityService(  451): ConnectivityService NetworkRequestInfo binderDied(NetworkRequest [ id=110, legacyType=-1, [ Capabilities: INTERNET&NOT_RESTRICTED&TRUSTED] ], android.os.BinderProxy@3d07eaed)
D/ConnectivityService(  451): releasing NetworkRequest NetworkRequest [ id=110, legacyType=-1, [ Capabilities: INTERNET&NOT_RESTRICTED&TRUSTED] ]
E/ConnectivityService(  451): RemoteException caught trying to send a callback msg for NetworkRequest [ id=110, legacyType=-1, [ Capabilities: INTERNET&NOT_RESTRICTED&TRUSTED] ]
W/WindowManager(  451): Failed looking up window
W/WindowManager(  451): java.lang.IllegalArgumentException: Requested window android.os.BinderProxy@2b2d6371 does not exist
W/WindowManager(  451): 	at com.android.server.wm.WindowManagerService.windowForClientLocked(WindowManagerService.java:8539)
W/WindowManager(  451): 	at com.android.server.wm.WindowManagerService.windowForClientLocked(WindowManagerService.java:8530)
W/WindowManager(  451): 	at com.android.server.wm.WindowState$DeathRecipient.binderDied(WindowState.java:1142)
W/WindowManager(  451): 	at android.os.BinderProxy.sendDeathNotice(Binder.java:551)
I/WindowState(  451): WIN DEATH: null
E/lowmemorykiller(  149): Error opening /proc/8519/oom_score_adj; errno=2
W/ActivityManager(  451): Exception when unbinding service com.android.chrome/org.chromium.content.app.SandboxedProcessService0
W/ActivityManager(  451): android.os.DeadObjectException
W/ActivityManager(  451): 	at android.os.BinderProxy.transactNative(Native Method)
W/ActivityManager(  451): 	at android.os.BinderProxy.transact(Binder.java:496)
W/ActivityManager(  451): 	at android.app.ApplicationThreadProxy.scheduleUnbindService(ApplicationThreadNative.java:921)
W/ActivityManager(  451): 	at com.android.server.am.ActiveServices.removeConnectionLocked(ActiveServices.java:1795)
W/ActivityManager(  451): 	at com.android.server.am.ActiveServices.killServicesLocked(ActiveServices.java:2193)
W/ActivityManager(  451): 	at com.android.server.am.ActivityManagerService.cleanUpApplicationRecordLocked(ActivityManagerService.java:14895)
W/ActivityManager(  451): 	at com.android.server.am.ActivityManagerService.handleAppDiedLocked(ActivityManagerService.java:4552)
W/ActivityManager(  451): 	at com.android.server.am.ActivityManagerService.removeProcessLocked(ActivityManagerService.java:5789)
W/ActivityManager(  451): 	at com.android.server.am.ActivityManagerService.killPackageProcessesLocked(ActivityManagerService.java:5594)
W/ActivityManager(  451): 	at com.android.server.am.ActivityManagerService.forceStopPackageLocked(ActivityManagerService.java:5655)
W/ActivityManager(  451): 	at com.android.server.am.ActivityManagerService.forceStopPackageLocked(ActivityManagerService.java:5499)
W/ActivityManager(  451): 	at com.android.server.am.ActivityManagerService.forceStopPackage(ActivityManagerService.java:5309)
W/ActivityManager(  451): 	at android.app.ActivityManagerNative.onTransact(ActivityManagerNative.java:1461)
W/ActivityManager(  451): 	at com.android.server.am.ActivityManagerService.onTransact(ActivityManagerService.java:2208)
W/ActivityManager(  451): 	at android.os.Binder.execTransact(Binder.java:446)
E/lowmemorykiller(  149): Error opening /proc/8519/oom_score_adj; errno=2
E/lowmemorykiller(  149): Error opening /proc/8658/oom_score_adj; errno=2
E/lowmemorykiller(  149): Error opening /proc/8658/oom_score_adj; errno=2
W/ActivityManager(  451): Exception when unbinding service com.android.chrome/org.chromium.content.app.SandboxedProcessService2
W/ActivityManager(  451): android.os.DeadObjectException
W/ActivityManager(  451): 	at android.os.BinderProxy.transactNative(Native Method)
W/ActivityManager(  451): 	at android.os.BinderProxy.transact(Binder.java:496)
W/ActivityManager(  451): 	at android.app.ApplicationThreadProxy.scheduleUnbindService(ApplicationThreadNative.java:921)
W/ActivityManager(  451): 	at com.android.server.am.ActiveServices.removeConnectionLocked(ActiveServices.java:1795)
W/ActivityManager(  451): 	at com.android.server.am.ActiveServices.killServicesLocked(ActiveServices.java:2193)
W/ActivityManager(  451): 	at com.android.server.am.ActivityManagerService.cleanUpApplicationRecordLocked(ActivityManagerService.java:14895)
W/ActivityManager(  451): 	at com.android.server.am.ActivityManagerService.handleAppDiedLocked(ActivityManagerService.java:4552)
W/ActivityManager(  451): 	at com.android.server.am.ActivityManagerService.removeProcessLocked(ActivityManagerService.java:5789)
W/ActivityManager(  451): 	at com.android.server.am.ActivityManagerService.killPackageProcessesLocked(ActivityManagerService.java:5594)
W/ActivityManager(  451): 	at com.android.server.am.ActivityManagerService.forceStopPackageLocked(ActivityManagerService.java:5655)
W/ActivityManager(  451): 	at com.android.server.am.ActivityManagerService.forceStopPackageLocked(ActivityManagerService.java:5499)
W/ActivityManager(  451): 	at com.android.server.am.ActivityManagerService.forceStopPackage(ActivityManagerService.java:5309)
W/ActivityManager(  451): 	at android.app.ActivityManagerNative.onTransact(ActivityManagerNative.java:1461)
W/ActivityManager(  451): 	at com.android.server.am.ActivityManagerService.onTransact(ActivityManagerService.java:2208)
W/ActivityManager(  451): 	at android.os.Binder.execTransact(Binder.java:446)
I/ActivityManager(  451): Killing 8519:com.android.chrome:sandboxed_process0/u0a35i93 (adj 9): isolated not needed
W/libprocessgroup(  451): failed to open /acct/uid_10035/pid_8519/cgroup.procs: No such file or directory
E/lowmemorykiller(  149): Error opening /proc/8658/oom_score_adj; errno=2
W/ActivityManager(  451): Force removing ActivityRecord{3ae9a982 u0 com.android.chrome/org.chromium.chrome.browser.ChromeTabbedActivity t3115}: app died, no saved state
E/lowmemorykiller(  149): Error opening /proc/8658/oom_score_adj; errno=2
I/ActivityManager(  451): Killing 8658:com.android.chrome:sandboxed_process2/u0a35i95 (adj 9): isolated not needed
W/libprocessgroup(  451): failed to open /acct/uid_10035/pid_8658/cgroup.procs: No such file or directory
W/ActivityManager(  451): Spurious death for ProcessRecord{20b543f6 8385:com.android.chrome:privileged_process0/u0a35}, curProc for 8385: null
D/AndroidRuntime( 8853): Shutting down VM
W/ActivityManager(  451): Unbind failed: could not find connection for android.os.BinderProxy@215fd858
W/ActivityManager(  451): Spurious death for ProcessRecord{31fe9410 8308:com.android.chrome/u0a35}, curProc for 8308: null
W/InputMethodManagerService(  451): Got RemoteException sending setActive(false) notification to pid 8308 uid 10035
D/BluetoothAdapter( 1007): 970327271: getState() :  mService = null. Returning STATE_OFF
D/BluetoothAdapter( 1007): 970327271: getState() :  mService = null. Returning STATE_OFF
I/VoiceSearchSettings( 1007): Hotword upgrade key is null!
W/SessionLifecycleManager( 1007): Handover failed. Creating new session controller.
I/OptInState( 1007): There is a new client and it does not support opt-in. Dropping request.
W/LocationOracle( 1007): No location history returned by ContextManager
I/MicroDetectionWorker( 1007): #updateMicroDetector [detectionMode: [mDetectionMode: [1]]]
I/MicroDetectionWorker( 1007): #startMicroDetector [speakerMode: 0]
D/BluetoothAdapter( 1007): 970327271: getState() :  mService = null. Returning STATE_OFF
D/BluetoothAdapter( 1007): 970327271: getState() :  mService = null. Returning STATE_OFF
I/VoiceSearchSettings( 1007): Hotword upgrade key is null!
D/BluetoothAdapter( 1007): 970327271: getState() :  mService = null. Returning STATE_OFF
I/VoiceSearchSettings( 1007): Hotword upgrade key is null!
D/BluetoothAdapter( 1007): 970327271: getState() :  mService = null. Returning STATE_OFF
I/MicroRecognitionRunner( 1007): Starting detection.
I/MicrophoneInputStream( 1007): mic_starting com.google.android.apps.gsa.speech.audio.af@4758c9f
I/SoundTriggerHwService::Module(  205): void android::SoundTriggerHwService::Module::onCallbackEvent(const android::sp<android::SoundTriggerHwService::CallbackEvent>&) mClient == 0
I/MicroDetectionWorker( 1007): onReady
I/AudioFlinger(  205): AudioFlinger's thread 0xabba65f8 ready to run
I/MicrophoneInputStream( 1007): mic_started com.google.android.apps.gsa.speech.audio.af@4758c9f
W/ctxmgr  (  965): [AclManager]No 3 for (accnt=account#-517948760#, com.google.android.gms(10008):UserVelocityProducer, vrsn=12685011, 0, 3pPkg = null ,  3pMdlId = null ,  pid = 965). Was: 3 for 1, account#-517948760#
E/SQLiteLog(  965): (2067) abort at 35 in [INSERT INTO context(context_name,end_time,context_family,module_id,version,sync_state_mod_time_millis,start_time,sync_state,context_id,time_type,proto_blob) VALUES (?,?,?,?,?,?,?,?,?,?,?)]: UNI
E/SQLiteLog(  965): (2067) abort at 35 in [INSERT INTO context(context_name,end_time,context_family,module_id,version,sync_state_mod_time_millis,start_time,sync_state,context_id,time_type,proto_blob) VALUES (?,?,?,?,?,?,?,?,?,?,?)]: UNI
I/AsyncOpDispatcher(  965): 67-RequestPlaceUpdates
I/CwMcuSensor(  451): CwMcuSensor::flush: fd = 227, sensors_id = 0, path = /sys/class/htc_sensorhub/sensor_hub/flush, err = 0
I/GeofencerStateMachine(  965): removeGeofences: removeRequest=RemoveGeofencingRequest[REMOVE_BY_PENDING_INTENT pendingIntent=PendingIntent[creatorPackage=com.google.android.gms], packageName=null]
I/GeofencerStateMachine(  965): removeGeofences: removeRequest=RemoveGeofencingRequest[REMOVE_BY_PENDING_INTENT pendingIntent=PendingIntent[creatorPackage=com.google.android.gms], packageName=null]
I/PlaceInferenceEngine(  965): [anon] Changed inference mode: 0
I/MicroDetectionWorker( 1007): onReady
D/AndroidRuntime( 8874): >>>>>> START com.android.internal.os.RuntimeInit uid 2000 <<<<<<
D/AndroidRuntime( 8874): CheckJNI is OFF
I/AsyncOpDispatcher(  965): 67-RequestPlaceUpdates
I/Places  (  965): ?: PlacesBleScanner start() with priority 2
I/PlaceInferenceEngine(  965): [anon] Changed inference mode: 1
D/BluetoothAdapter(  965): 403087025: getState() :  mService = null. Returning STATE_OFF
I/BeaconBle(  965): Using BLE 'L' hardware layer
I/Places  (  965): Converted 7 out of 26 WiFi scans
I/BeaconBle(  965): Client requested scan, settings=BleSettings [scanMode=ZERO_POWER, callbackType=ALL_MATCHES, reportDelayMillis=0, 1 filters, 0 clients, callingClientName=Places]
E/BeaconBle(  965): Scan couldn't start for Places
W/Places  (  965): BLE failure while scanning - code 5
I/PlaceInferenceEngine(  965): [anon] Changed inference mode: 1
I/CwMcuSensor(  451): CwMcuSensor::flush: fd = 227, sensors_id = 0, path = /sys/class/htc_sensorhub/sensor_hub/flush, err = 0
W/Wifi    ( 3458): Failed to read packet and byte counts from wifi interface
W/OpenGLRenderer(  902): Incorrectly called buildLayer on View: ShortcutAndWidgetContainer, destroying layer...
I/PlaceInferenceEngine(  965): No beacon scan available - ignoring candidates.
W/System.err( 1965): android.content.pm.PackageManager$NameNotFoundException
W/System.err( 1965): 	at android.app.ApplicationPackageManager.getPackageInfo(ApplicationPackageManager.java:114)
W/System.err( 1965): 	at com.estrongs.android.pop.app.c.ai.c(Unknown Source)
W/System.err( 1965): 	at com.estrongs.android.pop.app.c.ai.a(Unknown Source)
W/System.err( 1965): 	at com.estrongs.android.pop.app.scene.e.q.a(Unknown Source)
W/System.err( 1965): 	at com.estrongs.android.scanner.c.m.run(Unknown Source)
W/System.err( 1965): 	at java.util.concurrent.ThreadPoolExecutor.runWorker(ThreadPoolExecutor.java:1112)
W/System.err( 1965): 	at java.util.concurrent.ThreadPoolExecutor$Worker.run(ThreadPoolExecutor.java:587)
W/System.err( 1965): 	at java.lang.Thread.run(Thread.java:818)
W/System.err( 1965): android.content.pm.PackageManager$NameNotFoundException
W/System.err( 1965): 	at android.app.ApplicationPackageManager.getPackageInfo(ApplicationPackageManager.java:114)
W/System.err( 1965): 	at com.estrongs.android.pop.app.c.ai.c(Unknown Source)
W/System.err( 1965): 	at com.estrongs.android.pop.app.c.ai.a(Unknown Source)
W/System.err( 1965): 	at com.estrongs.android.pop.app.scene.e.q.a(Unknown Source)
W/System.err( 1965): 	at com.estrongs.android.scanner.c.m.run(Unknown Source)
W/System.err( 1965): 	at java.util.concurrent.ThreadPoolExecutor.runWorker(ThreadPoolExecutor.java:1112)
W/System.err( 1965): 	at java.util.concurrent.ThreadPoolExecutor$Worker.run(ThreadPoolExecutor.java:587)
W/System.err( 1965): 	at java.lang.Thread.run(Thread.java:818)
D/AndroidRuntime( 8874): Calling main entry com.android.commands.pm.Pm
I/ActivityManager(  451): Force stopping com.android.chrome appid=10035 user=0: clear data
D/TaskPersister(  451): removeObsoleteFile: deleting file=3115_task.xml
D/TaskPersister(  451): removeObsoleteFile: deleting file=3115_task_thumbnail.png
I/GeofencerStateMachine(  965): removeGeofences: removeRequest=RemoveGeofencingRequest[REMOVE_ALL packageName=com.android.chrome]
D/Documents( 6921): Update found 8 roots in 10ms
I/LocationSettingsChecker(  987): Removing dialog suppression flag for package com.android.chrome
I/art     ( 8874): System.exit called, status: 0
I/AndroidRuntime( 8874): VM exiting with result code 0.
I/Icing   (  987): doRemovePackageData com.android.chrome
I/Icing   (  987): Removing corpus key 94FBE96EEF13B8AC56FE8C01687FD8A6012559AC for package com.android.chrome
I/Icing   (  987): Flash index sort hb 5 prefix-hits 27 -> 20 at 6.327ms
I/Icing   (  987): updateResources: need to parse xax{com.android.chrome}
I/Icing   (  987): Indexing 94FBE96EEF13B8AC56FE8C01687FD8A6012559AC from com.android.chrome
I/ActivityManager(  451): Start proc 8912:com.android.chrome/u0a35 for content provider com.android.chrome/com.google.android.apps.chrome.icing.IcingProvider
I/art     (  211): Explicit concurrent mark sweep GC freed 706(30KB) AllocSpace objects, 0(0B) LOS objects, 39% free, 7MB/11MB, paused 147us total 13.525ms
I/art     (  211): Explicit concurrent mark sweep GC freed 5(160B) AllocSpace objects, 0(0B) LOS objects, 39% free, 7MB/11MB, paused 151us total 12.952ms
I/art     (  211): Explicit concurrent mark sweep GC freed 5(160B) AllocSpace objects, 0(0B) LOS objects, 39% free, 7MB/11MB, paused 151us total 10.321ms
W/DynamiteModule( 8912): Local module descriptor class for com.google.android.gms.googlecertificates not found.
I/DynamiteModule( 8912): Considering local module com.google.android.gms.googlecertificates:0 and remote module com.google.android.gms.googlecertificates:4
I/DynamiteModule( 8912): Selected remote version of com.google.android.gms.googlecertificates, version >= 4
W/ResourcesManager( 8912): Asset path '/system/framework/com.android.media.remotedisplay.jar' does not exist or contains no resources.
W/ResourcesManager( 8912): Asset path '/system/framework/com.android.location.provider.jar' does not exist or contains no resources.
I/Icing   (  987): Indexing done 94FBE96EEF13B8AC56FE8C01687FD8A6012559AC
W/Wifi    ( 3458): Failed to read packet and byte counts from wifi interface
W/ctxmgr  (  965): [AclManager]No 2 for (accnt=account#-517948760#, com.google.android.gms(10008):PlacesProducer, vrsn=12685000, 0, 3pPkg = null ,  3pMdlId = null ,  pid = 965). Was: 3 for 18, account#-517948760#
E/WifiStateMachine(  451): WifiStateMachine CMD_START_SCAN source -2 txSuccessRate=29.44 rxSuccessRate=18.59 targetRoamBSSID=any RSSI=-49
E/WifiStateMachine(  451): WifiStateMachine starting scan for "TP-LINK_3BE5"WPA_PSK with 2412
W/Wifi    ( 3458): Failed to read packet and byte counts from wifi interface
W/Wifi    ( 3458): Failed to read packet and byte counts from wifi interface
D/AndroidRuntime( 8947): >>>>>> START com.android.internal.os.RuntimeInit uid 2000 <<<<<<
D/AndroidRuntime( 8947): CheckJNI is OFF
W/Wifi    ( 3458): Failed to read packet and byte counts from wifi interface
D/AndroidRuntime( 8947): Calling main entry com.android.commands.am.Am
I/Trepn   ( 6326): Trepn 6.2s: Received intent: com.quicinc.trepn.export_to_csv; filename: Trepn_2018.06.11_183100.db; filename: HT4AMJT02334_Trepn_2018.06.11_183100.csv
D/AndroidRuntime( 8947): Shutting down VM
W/FileUtils( 6326): Failed to chmod(/storage/emulated/0/trepn/Trepn_2018.06.11_183100.db): android.system.ErrnoException: chmod failed: EPERM (Operation not permitted)
W/Wifi    ( 3458): Failed to read packet and byte counts from wifi interface
W/Wifi    ( 3458): Failed to read packet and byte counts from wifi interface
W/System.err( 1965): android.content.pm.PackageManager$NameNotFoundException
W/System.err( 1965): 	at android.app.ApplicationPackageManager.getPackageInfo(ApplicationPackageManager.java:114)
W/System.err( 1965): 	at com.estrongs.android.pop.app.c.ai.c(Unknown Source)
W/System.err( 1965): 	at com.estrongs.android.pop.app.c.ai.a(Unknown Source)
W/System.err( 1965): 	at com.estrongs.android.pop.app.scene.e.q.a(Unknown Source)
W/System.err( 1965): 	at com.estrongs.android.scanner.c.m.run(Unknown Source)
W/System.err( 1965): 	at java.util.concurrent.ThreadPoolExecutor.runWorker(ThreadPoolExecutor.java:1112)
W/System.err( 1965): 	at java.util.concurrent.ThreadPoolExecutor$Worker.run(ThreadPoolExecutor.java:587)
W/System.err( 1965): 	at java.lang.Thread.run(Thread.java:818)
W/System.err( 1965): android.content.pm.PackageManager$NameNotFoundException
W/System.err( 1965): 	at android.app.ApplicationPackageManager.getPackageInfo(ApplicationPackageManager.java:114)
W/System.err( 1965): 	at com.estrongs.android.pop.app.c.ai.c(Unknown Source)
W/System.err( 1965): 	at com.estrongs.android.pop.app.c.ai.a(Unknown Source)
W/System.err( 1965): 	at com.estrongs.android.pop.app.scene.e.q.a(Unknown Source)
W/System.err( 1965): 	at com.estrongs.android.scanner.c.m.run(Unknown Source)
W/System.err( 1965): 	at java.util.concurrent.ThreadPoolExecutor.runWorker(ThreadPoolExecutor.java:1112)
W/System.err( 1965): 	at java.util.concurrent.ThreadPoolExecutor$Worker.run(ThreadPoolExecutor.java:587)
W/System.err( 1965): 	at java.lang.Thread.run(Thread.java:818)
W/System.err( 1965): android.content.pm.PackageManager$NameNotFoundException
W/System.err( 1965): 	at android.app.ApplicationPackageManager.getPackageInfo(ApplicationPackageManager.java:114)
W/System.err( 1965): 	at com.estrongs.android.pop.app.c.ai.c(Unknown Source)
W/System.err( 1965): 	at com.estrongs.android.pop.app.c.ai.a(Unknown Source)
W/System.err( 1965): 	at com.estrongs.android.pop.app.scene.e.q.a(Unknown Source)
W/System.err( 1965): 	at com.estrongs.android.scanner.c.m.run(Unknown Source)
W/System.err( 1965): 	at java.util.concurrent.ThreadPoolExecutor.runWorker(ThreadPoolExecutor.java:1112)
W/System.err( 1965): 	at java.util.concurrent.ThreadPoolExecutor$Worker.run(ThreadPoolExecutor.java:587)
W/System.err( 1965): 	at java.lang.Thread.run(Thread.java:818)
W/Wifi    ( 3458): Failed to read packet and byte counts from wifi interface
W/Wifi    ( 3458): Failed to read packet and byte counts from wifi interface
I/AsyncOpDispatcher(  965): 35-GetDeviceDataUploadOptInStatusOperation
I/AsyncOpDispatcher(  965): 35-GetDeviceDataUploadOptInStatusOperation
W/Wifi    ( 3458): Failed to read packet and byte counts from wifi interface
W/Wifi    ( 3458): Failed to read packet and byte counts from wifi interface
W/Wifi    ( 3458): Failed to read packet and byte counts from wifi interface
W/Wifi    ( 3458): Failed to read packet and byte counts from wifi interface
W/Wifi    ( 3458): Failed to read packet and byte counts from wifi interface
W/Wifi    ( 3458): Failed to read packet and byte counts from wifi interface
I/UsageStatsService(  451): User[0] Flushing usage stats to disk
W/Wifi    ( 3458): Failed to read packet and byte counts from wifi interface
W/Wifi    ( 3458): Failed to read packet and byte counts from wifi interface
W/Wifi    ( 3458): Failed to read packet and byte counts from wifi interface
W/Wifi    ( 3458): Failed to read packet and byte counts from wifi interface
W/Wifi    ( 3458): Failed to read packet and byte counts from wifi interface
W/Wifi    ( 3458): Failed to read packet and byte counts from wifi interface
W/Wifi    ( 3458): Failed to read packet and byte counts from wifi interface
I/art     (  451): Explicit concurrent mark sweep GC freed 89050(4MB) AllocSpace objects, 30(3MB) LOS objects, 33% free, 27MB/41MB, paused 684us total 98.726ms
E/WifiStateMachine(  451): WifiStateMachine CMD_START_SCAN source -2 txSuccessRate=1.27 rxSuccessRate=2.20 targetRoamBSSID=any RSSI=-42
W/Wifi    ( 3458): Failed to read packet and byte counts from wifi interface
W/ctxmgr  (  965): [AclManager]No 2 for (accnt=account#-517948760#, com.google.android.gms(10008):IndoorOutdoorProducer, vrsn=12685000, 0, 3pPkg = null ,  3pMdlId = null ,  pid = 965). Was: 3 for 57, account#-517948760#
W/Wifi    ( 3458): Failed to read packet and byte counts from wifi interface
W/Wifi    ( 3458): Failed to read packet and byte counts from wifi interface
W/Wifi    ( 3458): Failed to read packet and byte counts from wifi interface
W/Wifi    ( 3458): Failed to read packet and byte counts from wifi interface
W/Wifi    ( 3458): Failed to read packet and byte counts from wifi interface
W/Wifi    ( 3458): Failed to read packet and byte counts from wifi interface
W/Wifi    ( 3458): Failed to read packet and byte counts from wifi interface
W/Wifi    ( 3458): Failed to read packet and byte counts from wifi interface
W/Wifi    ( 3458): Failed to read packet and byte counts from wifi interface
W/Wifi    ( 3458): Failed to read packet and byte counts from wifi interface
W/Wifi    ( 3458): Failed to read packet and byte counts from wifi interface
W/Wifi    ( 3458): Failed to read packet and byte counts from wifi interface
W/Wifi    ( 3458): Failed to read packet and byte counts from wifi interface
W/Wifi    ( 3458): Failed to read packet and byte counts from wifi interface
W/Wifi    ( 3458): Failed to read packet and byte counts from wifi interface
W/Wifi    ( 3458): Failed to read packet and byte counts from wifi interface
W/Wifi    ( 3458): Failed to read packet and byte counts from wifi interface
W/Wifi    ( 3458): Failed to read packet and byte counts from wifi interface
W/Wifi    ( 3458): Failed to read packet and byte counts from wifi interface
E/WifiStateMachine(  451): WifiStateMachine CMD_START_SCAN source -2 txSuccessRate=0.06 rxSuccessRate=1.18 targetRoamBSSID=any RSSI=-62
E/WifiStateMachine(  451): WifiStateMachine starting scan for "TP-LINK_3BE5"WPA_PSK with 2412
W/Wifi    ( 3458): Failed to read packet and byte counts from wifi interface
W/Wifi    ( 3458): Failed to read packet and byte counts from wifi interface
W/Wifi    ( 3458): Failed to read packet and byte counts from wifi interface
W/Wifi    ( 3458): Failed to read packet and byte counts from wifi interface
W/Wifi    ( 3458): Failed to read packet and byte counts from wifi interface
W/Wifi    ( 3458): Failed to read packet and byte counts from wifi interface
W/Wifi    ( 3458): Failed to read packet and byte counts from wifi interface
W/Wifi    ( 3458): Failed to read packet and byte counts from wifi interface
W/Wifi    ( 3458): Failed to read packet and byte counts from wifi interface
W/Wifi    ( 3458): Failed to read packet and byte counts from wifi interface
W/Wifi    ( 3458): Failed to read packet and byte counts from wifi interface
W/Wifi    ( 3458): Failed to read packet and byte counts from wifi interface
W/Wifi    ( 3458): Failed to read packet and byte counts from wifi interface
W/Wifi    ( 3458): Failed to read packet and byte counts from wifi interface
W/Wifi    ( 3458): Failed to read packet and byte counts from wifi interface
W/Wifi    ( 3458): Failed to read packet and byte counts from wifi interface
W/Wifi    ( 3458): Failed to read packet and byte counts from wifi interface
W/Wifi    ( 3458): Failed to read packet and byte counts from wifi interface
W/Wifi    ( 3458): Failed to read packet and byte counts from wifi interface
W/Wifi    ( 3458): Failed to read packet and byte counts from wifi interface
W/Wifi    ( 3458): Failed to read packet and byte counts from wifi interface
E/WifiStateMachine(  451): WifiStateMachine CMD_START_SCAN source -2 txSuccessRate=0.09 rxSuccessRate=2.95 targetRoamBSSID=any RSSI=-64
E/WifiStateMachine(  451): WifiStateMachine starting scan for "TP-LINK_3BE5"WPA_PSK with 2412
W/Wifi    ( 3458): Failed to read packet and byte counts from wifi interface
W/Wifi    ( 3458): Failed to read packet and byte counts from wifi interface
W/Wifi    ( 3458): Failed to read packet and byte counts from wifi interface
W/Wifi    ( 3458): Failed to read packet and byte counts from wifi interface
W/Wifi    ( 3458): Failed to read packet and byte counts from wifi interface
W/Wifi    ( 3458): Failed to read packet and byte counts from wifi interface
I/AsyncOpDispatcher(  965): 35-GetDeviceDataUploadOptInStatusOperation
I/AsyncOpDispatcher(  965): 35-GetDeviceDataUploadOptInStatusOperation
W/Wifi    ( 3458): Failed to read packet and byte counts from wifi interface
