W/ResourcesManager(17284): Asset path '/system/framework/com.android.location.provider.jar' does not exist or contains no resources.
W/Wifi    ( 3458): Failed to read packet and byte counts from wifi interface
W/ResourcesManager(17284): Asset path '/system/framework/com.google.android.maps.jar' does not exist or contains no resources.
W/ResourcesManager(17284): Asset path '/system/framework/com.google.android.maps.jar' does not exist or contains no resources.
W/ResourcesManager(17284): Asset path '/system/framework/com.google.android.maps.jar' does not exist or contains no resources.
W/ResourcesManager(17284): Asset path '/system/framework/com.google.widevine.software.drm.jar' does not exist or contains no resources.
W/ResourcesManager(17284): Asset path '/system/framework/com.google.widevine.software.drm.jar' does not exist or contains no resources.
W/ResourcesManager(17284): Asset path '/system/framework/com.google.widevine.software.drm.jar' does not exist or contains no resources.
I/AppsFlyer_3.2(17284): Found cached request1528706706142
I/AppsFlyer_3.2(17284): Deleting 1528706706142 from cache
W/Wifi    ( 3458): Failed to read packet and byte counts from wifi interface
W/ResourcesManager(17284): Asset path '/system/framework/com.google.android.media.effects.jar' does not exist or contains no resources.
W/ResourcesManager(17284): Asset path '/system/framework/com.google.android.media.effects.jar' does not exist or contains no resources.
W/ResourcesManager(17284): Asset path '/system/framework/com.google.android.media.effects.jar' does not exist or contains no resources.
W/System.err(17284): java.lang.InterruptedException
W/System.err(17284): java.lang.InterruptedException
W/System.err(17284): 	at java.util.concurrent.locks.AbstractQueuedSynchronizer$ConditionObject.reportInterruptAfterWait(AbstractQueuedSynchronizer.java:1991)
W/System.err(17284): 	at java.util.concurrent.locks.AbstractQueuedSynchronizer$ConditionObject.await(AbstractQueuedSynchronizer.java:2025)
W/System.err(17284): 	at java.util.concurrent.LinkedBlockingQueue.take(LinkedBlockingQueue.java:410)
W/System.err(17284): 	at com.estrongs.android.scanner.al.run(Unknown Source)
W/System.err(17284): 	at java.util.concurrent.ThreadPoolExecutor.runWorker(ThreadPoolExecutor.java:1112)
W/System.err(17284): 	at java.util.concurrent.ThreadPoolExecutor$Worker.run(ThreadPoolExecutor.java:587)
W/System.err(17284): 	at java.lang.Thread.run(Thread.java:818)
W/System.err(17284): 	at java.util.concurrent.locks.AbstractQueuedSynchronizer$ConditionObject.reportInterruptAfterWait(AbstractQueuedSynchronizer.java:1991)
W/System.err(17284): 	at java.util.concurrent.locks.AbstractQueuedSynchronizer$ConditionObject.await(AbstractQueuedSynchronizer.java:2025)
W/System.err(17284): 	at java.util.concurrent.LinkedBlockingQueue.take(LinkedBlockingQueue.java:410)
W/System.err(17284): 	at com.estrongs.android.scanner.al.run(Unknown Source)
W/System.err(17284): 	at java.util.concurrent.ThreadPoolExecutor.runWorker(ThreadPoolExecutor.java:1112)
W/System.err(17284): 	at java.util.concurrent.ThreadPoolExecutor$Worker.run(ThreadPoolExecutor.java:587)
W/System.err(17284): 	at java.lang.Thread.run(Thread.java:818)
W/System.err(17284): java.lang.InterruptedException
W/System.err(17284): 	at java.util.concurrent.locks.AbstractQueuedSynchronizer$ConditionObject.reportInterruptAfterWait(AbstractQueuedSynchronizer.java:1991)
W/System.err(17284): 	at java.util.concurrent.locks.AbstractQueuedSynchronizer$ConditionObject.await(AbstractQueuedSynchronizer.java:2025)
W/System.err(17284): 	at java.util.concurrent.LinkedBlockingQueue.take(LinkedBlockingQueue.java:410)
W/System.err(17284): 	at com.estrongs.android.scanner.al.run(Unknown Source)
W/System.err(17284): 	at java.util.concurrent.ThreadPoolExecutor.runWorker(ThreadPoolExecutor.java:1112)
W/System.err(17284): 	at java.util.concurrent.ThreadPoolExecutor$Worker.run(ThreadPoolExecutor.java:587)
W/System.err(17284): 	at java.lang.Thread.run(Thread.java:818)
W/Wifi    ( 3458): Failed to read packet and byte counts from wifi interface
I/GeofencerStateMachine(  965): sendNewTransitions called.
W/ctxmgr  (  965): [AclManager]No 2 for (accnt=account#1813920180#, com.google.android.gms(10008):UserLocationProducer, vrsn=12685000, 0, 3pPkg = null ,  3pMdlId = null ,  pid = 965). Was: 2 for 1, account#1813920180#
W/ctxmgr  (  965): [AclManager]No 2 for (accnt=account#1644684176#, com.google.android.gms(10008):UserLocationProducer, vrsn=12685000, 0, 3pPkg = null ,  3pMdlId = null ,  pid = 965). Was: 2 for 1, account#1644684176#
E/WifiStateMachine(  451): WifiStateMachine CMD_START_SCAN source -2 txSuccessRate=40.44 rxSuccessRate=35.25 targetRoamBSSID=any RSSI=-49
W/GmsLocationProvider( 1007): Error removing location updates: 16
W/Wifi    ( 3458): Failed to read packet and byte counts from wifi interface
I/ActivityManager(  451): Start proc 17452:com.android.chrome:sandboxed_process3/u0i121 for service com.android.chrome/org.chromium.content.app.SandboxedProcessService3
W/dboxed_process3(17452): type=1400 audit(0.0:128): avc: denied { search } for name="tmp" dev="dm-0" ino=49 scontext=u:r:isolated_app:s0 tcontext=u:object_r:shell_data_file:s0 tclass=dir permissive=0
I/cr_ChildProcessService(17452): Creating new ChildProcessService pid=17452
I/cr_LibraryLoader(17452): Using linker: org.chromium.base.library_loader.LegacyLinker
W/linker  (17452): libchromium_android_linker.so: unused DT entry: type 0x6ffffffe arg 0xce8
W/linker  (17452): libchromium_android_linker.so: unused DT entry: type 0x6fffffff arg 0x3
I/cr_LibraryLoader(17452): Loading chrome from within /data/app/com.android.chrome-2/base.apk
I/cr_LibraryLoader(17452): Time to load native libraries: 60 ms (timestamps 7222-7282)
I/chromium(17452): [INFO:library_loader_hooks.cc(136)] Chromium logging enabled: level = 0, default verbosity = 0
I/cr_LibraryLoader(17452): Expected native library version number "61.0.3163.98", actual native library version number "61.0.3163.98"
W/Wifi    ( 3458): Failed to read packet and byte counts from wifi interface
W/Wifi    ( 3458): Failed to read packet and byte counts from wifi interface
W/Wifi    ( 3458): Failed to read packet and byte counts from wifi interface
W/Wifi    ( 3458): Failed to read packet and byte counts from wifi interface
W/Wifi    ( 3458): Failed to read packet and byte counts from wifi interface
I/chromium(17452): [INFO:child_process_service_impl.cc(70)] ChildProcessServiceImpl: Exiting child process.
W/chromium(16929): [WARNING:compositor_view.cc(255)] Child process disconnected (type=6) pid=17452)
W/cr_ChildProcessConn(16929): onServiceDisconnected (crash or killed by oom): pid=17452
W/libprocessgroup(  451): failed to open /acct/uid_10035/pid_17452/cgroup.procs: No such file or directory
I/ActivityManager(  451): Process com.android.chrome:sandboxed_process3 (pid 17452) has died
W/ActivityManager(  451): Scheduling restart of crashed service com.android.chrome/org.chromium.content.app.SandboxedProcessService3 in 1000ms
W/Wifi    ( 3458): Failed to read packet and byte counts from wifi interface
D/WifiService(  451): acquireWifiLockLocked: WifiLock{NlpWifiLock type=2 binder=android.os.BinderProxy@65f74c3}
E/WifiStateMachine(  451): WifiStateMachine CMD_START_SCAN source 10008 txSuccessRate=13.18 rxSuccessRate=11.53 targetRoamBSSID=any RSSI=-46
W/ctxmgr  (  965): [AclManager]No 2 for (accnt=account#-517948760#, com.google.android.gms(10008):IndoorOutdoorProducer, vrsn=12685000, 0, 3pPkg = null ,  3pMdlId = null ,  pid = 965). Was: 3 for 57, account#-517948760#
E/WifiNetworkScoreCache(  451): updateScores list size=1
W/Wifi    ( 3458): Failed to read packet and byte counts from wifi interface
D/WifiService(  451): releaseWifiLockLocked: WifiLock{NlpWifiLock type=2 binder=android.os.BinderProxy@65f74c3}
D/libgps  (  451): proxy_gps_inject_location: called.
I/chromium(16929): [INFO:CONSOLE(18)] "STARTME---1528737892956", source: http://localhost:8000/geolocationtest_HighAccuracy.js (18)
D/libgps  (  451): proxy_gps_set_position_mode: mode = 1, recurrence = 0, min_interval = 1000, preferred_accuracy = 0, preferred_time = 0
D/libgps  (  451): proxy_gps_start: called.
D/libgps  (  451): proxy_gps_status_cb: called.
D/libgps  (  451): proxy_gps_status_cb: called.
I/GeofencerStateMachine(  965): sendNewLocationAvailability: availability=LocationAvailability[isLocationAvailable: true]
D/GpsLocationProvider(  451): NTP server returned: 1528706851328 (Mon Jun 11 10:47:31 GMT+02:00 2018) reference: 214239 certainty: 9 system time offset: -31041703
D/libgps  (  451): proxy_gps_inject_time: exit
D/gpsd    (  213): $PGLOR,0,RID,47521,17,19,13,213923*34
W/Wifi    ( 3458): Failed to read packet and byte counts from wifi interface
I/chromium(16929): [INFO:CONSOLE(22)] "STOPME---1528737893975", source: http://localhost:8000/geolocationtest_HighAccuracy.js (22)
D/libgps  (  451): proxy_gps_stop: called.
D/libgps  (  451): proxy_gps_status_cb: called.
D/libgps  (  451): proxy_gps_status_cb: called.
I/GeofencerStateMachine(  965): sendNewLocationAvailability: availability=LocationAvailability[isLocationAvailable: true]
W/Wifi    ( 3458): Failed to read packet and byte counts from wifi interface
W/Wifi    ( 3458): Failed to read packet and byte counts from wifi interface
W/Wifi    ( 3458): Failed to read packet and byte counts from wifi interface
W/Wifi    ( 3458): Failed to read packet and byte counts from wifi interface
W/Wifi    ( 3458): Failed to read packet and byte counts from wifi interface
W/Wifi    ( 3458): Failed to read packet and byte counts from wifi interface
W/Wifi    ( 3458): Failed to read packet and byte counts from wifi interface
W/Wifi    ( 3458): Failed to read packet and byte counts from wifi interface
W/Wifi    ( 3458): Failed to read packet and byte counts from wifi interface
W/Wifi    ( 3458): Failed to read packet and byte counts from wifi interface
W/Wifi    ( 3458): Failed to read packet and byte counts from wifi interface
E/WifiStateMachine(  451): WifiStateMachine CMD_START_SCAN source -2 txSuccessRate=2.60 rxSuccessRate=2.87 targetRoamBSSID=any RSSI=-54
E/WifiStateMachine(  451): WifiStateMachine starting scan for "TP-LINK_3BE5"WPA_PSK with 2412
W/Wifi    ( 3458): Failed to read packet and byte counts from wifi interface
W/Wifi    ( 3458): Failed to read packet and byte counts from wifi interface
W/Wifi    ( 3458): Failed to read packet and byte counts from wifi interface
I/Icing   (  987): IndexChimeraService.getServiceInterface callingPackage=com.android.chrome componentName=null serviceId=36
I/AsyncOpDispatcher(  965): 19-GetFileDescriptorAndDelete
I/Icing   (  987): Usage reports ok 0, Failed Usage reports 0, indexed 0, rejected 0, imm upload false
W/Wifi    ( 3458): Failed to read packet and byte counts from wifi interface
I/Icing   (  987): Indexing 94FBE96EEF13B8AC56FE8C01687FD8A6012559AC from com.android.chrome
I/Icing   (  987): Indexing done 94FBE96EEF13B8AC56FE8C01687FD8A6012559AC
W/Wifi    ( 3458): Failed to read packet and byte counts from wifi interface
W/Wifi    ( 3458): Failed to read packet and byte counts from wifi interface
W/Wifi    ( 3458): Failed to read packet and byte counts from wifi interface
W/Wifi    ( 3458): Failed to read packet and byte counts from wifi interface
W/Wifi    ( 3458): Failed to read packet and byte counts from wifi interface
W/Wifi    ( 3458): Failed to read packet and byte counts from wifi interface
W/Wifi    ( 3458): Failed to read packet and byte counts from wifi interface
W/Wifi    ( 3458): Failed to read packet and byte counts from wifi interface
W/Wifi    ( 3458): Failed to read packet and byte counts from wifi interface
W/Wifi    ( 3458): Failed to read packet and byte counts from wifi interface
W/Wifi    ( 3458): Failed to read packet and byte counts from wifi interface
D/AndroidRuntime(17662): >>>>>> START com.android.internal.os.RuntimeInit uid 2000 <<<<<<
D/AndroidRuntime(17662): CheckJNI is OFF
W/Wifi    ( 3458): Failed to read packet and byte counts from wifi interface
D/AndroidRuntime(17662): Calling main entry com.android.commands.am.Am
I/Trepn   (16090): Trepn 6.2s: Received intent: com.quicinc.trepn.stop_profiling
I/Trepn   (16090): Trepn 6.2s: Trepn has Stopped Profiling.
I/art     (  451): Explicit concurrent mark sweep GC freed 81763(4MB) AllocSpace objects, 71(4MB) LOS objects, 33% free, 27MB/41MB, paused 779us total 95.488ms
D/AndroidRuntime(17662): Shutting down VM
W/Wifi    ( 3458): Failed to read packet and byte counts from wifi interface
D/AndroidRuntime(17685): >>>>>> START com.android.internal.os.RuntimeInit uid 2000 <<<<<<
D/AndroidRuntime(17685): CheckJNI is OFF
D/AndroidRuntime(17685): Calling main entry com.android.commands.am.Am
I/ActivityManager(  451): Force stopping com.android.chrome appid=10035 user=0: from pid 17685
I/ActivityManager(  451): Killing 17002:com.android.chrome:privileged_process0/u0a35 (adj 0): stop com.android.chrome
W/cr_ChildProcessConn(16929): onServiceDisconnected (crash or killed by oom): pid=17002
W/chromium(16929): [WARNING:compositor_view.cc(255)] Child process disconnected (type=9) pid=17002)
W/ActivityManager(  451): Scheduling restart of crashed service com.android.chrome/org.chromium.content.app.PrivilegedProcessService0 in 1000ms
I/ActivityManager(  451): Killing 16929:com.android.chrome/u0a35 (adj 0): stop com.android.chrome
I/WindowState(  451): WIN DEATH: Window{35c62275 u0 com.android.chrome/org.chromium.chrome.browser.ChromeTabbedActivity}
W/WindowManager(  451): Force-removing child win Window{897098 u0 SurfaceView} from container Window{35c62275 u0 com.android.chrome/org.chromium.chrome.browser.ChromeTabbedActivity}
D/ConnectivityService(  451): ConnectivityService NetworkRequestInfo binderDied(NetworkRequest [ id=129, legacyType=-1, [ Capabilities: INTERNET&NOT_RESTRICTED&TRUSTED] ], android.os.BinderProxy@4ac4ccd)
D/ConnectivityService(  451): ConnectivityService NetworkRequestInfo binderDied(NetworkRequest [ id=132, legacyType=-1, [ Capabilities: INTERNET&NOT_RESTRICTED&TRUSTED] ], android.os.BinderProxy@30515982)
D/ConnectivityService(  451): releasing NetworkRequest NetworkRequest [ id=129, legacyType=-1, [ Capabilities: INTERNET&NOT_RESTRICTED&TRUSTED] ]
E/ConnectivityService(  451): RemoteException caught trying to send a callback msg for NetworkRequest [ id=129, legacyType=-1, [ Capabilities: INTERNET&NOT_RESTRICTED&TRUSTED] ]
D/ConnectivityService(  451): releasing NetworkRequest NetworkRequest [ id=132, legacyType=-1, [ Capabilities: INTERNET&NOT_RESTRICTED&TRUSTED] ]
E/ConnectivityService(  451): RemoteException caught trying to send a callback msg for NetworkRequest [ id=132, legacyType=-1, [ Capabilities: INTERNET&NOT_RESTRICTED&TRUSTED] ]
W/WindowManager(  451): Failed looking up window
W/WindowManager(  451): java.lang.IllegalArgumentException: Requested window android.os.BinderProxy@ae49a7b does not exist
W/WindowManager(  451): 	at com.android.server.wm.WindowManagerService.windowForClientLocked(WindowManagerService.java:8539)
W/WindowManager(  451): 	at com.android.server.wm.WindowManagerService.windowForClientLocked(WindowManagerService.java:8530)
W/WindowManager(  451): 	at com.android.server.wm.WindowState$DeathRecipient.binderDied(WindowState.java:1142)
W/WindowManager(  451): 	at android.os.BinderProxy.sendDeathNotice(Binder.java:551)
I/WindowState(  451): WIN DEATH: null
E/lowmemorykiller(  149): Error opening /proc/17091/oom_score_adj; errno=2
W/ActivityManager(  451): Exception when unbinding service com.android.chrome/org.chromium.content.app.SandboxedProcessService0
W/ActivityManager(  451): android.os.DeadObjectException
W/ActivityManager(  451): 	at android.os.BinderProxy.transactNative(Native Method)
W/ActivityManager(  451): 	at android.os.BinderProxy.transact(Binder.java:496)
W/ActivityManager(  451): 	at android.app.ApplicationThreadProxy.scheduleUnbindService(ApplicationThreadNative.java:921)
W/ActivityManager(  451): 	at com.android.server.am.ActiveServices.removeConnectionLocked(ActiveServices.java:1795)
W/ActivityManager(  451): 	at com.android.server.am.ActiveServices.killServicesLocked(ActiveServices.java:2193)
W/ActivityManager(  451): 	at com.android.server.am.ActivityManagerService.cleanUpApplicationRecordLocked(ActivityManagerService.java:14895)
W/ActivityManager(  451): 	at com.android.server.am.ActivityManagerService.handleAppDiedLocked(ActivityManagerService.java:4552)
W/ActivityManager(  451): 	at com.android.server.am.ActivityManagerService.removeProcessLocked(ActivityManagerService.java:5789)
W/ActivityManager(  451): 	at com.android.server.am.ActivityManagerService.killPackageProcessesLocked(ActivityManagerService.java:5594)
W/ActivityManager(  451): 	at com.android.server.am.ActivityManagerService.forceStopPackageLocked(ActivityManagerService.java:5655)
W/ActivityManager(  451): 	at com.android.server.am.ActivityManagerService.forceStopPackageLocked(ActivityManagerService.java:5499)
W/ActivityManager(  451): 	at com.android.server.am.ActivityManagerService.forceStopPackage(ActivityManagerService.java:5309)
W/ActivityManager(  451): 	at android.app.ActivityManagerNative.onTransact(ActivityManagerNative.java:1461)
W/ActivityManager(  451): 	at com.android.server.am.ActivityManagerService.onTransact(ActivityManagerService.java:2208)
W/ActivityManager(  451): 	at android.os.Binder.execTransact(Binder.java:446)
E/lowmemorykiller(  149): Error opening /proc/17091/oom_score_adj; errno=2
E/lowmemorykiller(  149): Error opening /proc/17213/oom_score_adj; errno=2
E/lowmemorykiller(  149): Error opening /proc/17213/oom_score_adj; errno=2
W/ActivityManager(  451): Exception when unbinding service com.android.chrome/org.chromium.content.app.SandboxedProcessService2
W/ActivityManager(  451): android.os.DeadObjectException
W/ActivityManager(  451): 	at android.os.BinderProxy.transactNative(Native Method)
W/ActivityManager(  451): 	at android.os.BinderProxy.transact(Binder.java:496)
W/ActivityManager(  451): 	at android.app.ApplicationThreadProxy.scheduleUnbindService(ApplicationThreadNative.java:921)
W/ActivityManager(  451): 	at com.android.server.am.ActiveServices.removeConnectionLocked(ActiveServices.java:1795)
W/ActivityManager(  451): 	at com.android.server.am.ActiveServices.killServicesLocked(ActiveServices.java:2193)
W/ActivityManager(  451): 	at com.android.server.am.ActivityManagerService.cleanUpApplicationRecordLocked(ActivityManagerService.java:14895)
W/ActivityManager(  451): 	at com.android.server.am.ActivityManagerService.handleAppDiedLocked(ActivityManagerService.java:4552)
W/ActivityManager(  451): 	at com.android.server.am.ActivityManagerService.removeProcessLocked(ActivityManagerService.java:5789)
W/ActivityManager(  451): 	at com.android.server.am.ActivityManagerService.killPackageProcessesLocked(ActivityManagerService.java:5594)
W/ActivityManager(  451): 	at com.android.server.am.ActivityManagerService.forceStopPackageLocked(ActivityManagerService.java:5655)
W/ActivityManager(  451): 	at com.android.server.am.ActivityManagerService.forceStopPackageLocked(ActivityManagerService.java:5499)
W/ActivityManager(  451): 	at com.android.server.am.ActivityManagerService.forceStopPackage(ActivityManagerService.java:5309)
W/ActivityManager(  451): 	at android.app.ActivityManagerNative.onTransact(ActivityManagerNative.java:1461)
W/ActivityManager(  451): 	at com.android.server.am.ActivityManagerService.onTransact(ActivityManagerService.java:2208)
W/ActivityManager(  451): 	at android.os.Binder.execTransact(Binder.java:446)
I/ActivityManager(  451): Killing 17091:com.android.chrome:sandboxed_process0/u0a35i118 (adj 9): isolated not needed
W/libprocessgroup(  451): failed to open /acct/uid_10035/pid_17091/cgroup.procs: No such file or directory
E/lowmemorykiller(  149): Error opening /proc/17213/oom_score_adj; errno=2
W/ActivityManager(  451): Force removing ActivityRecord{3915d450 u0 com.android.chrome/org.chromium.chrome.browser.ChromeTabbedActivity t3142}: app died, no saved state
I/ActivityManager(  451): Killing 17213:com.android.chrome:sandboxed_process2/u0a35i120 (adj 9): isolated not needed
W/libprocessgroup(  451): failed to open /acct/uid_10035/pid_17213/cgroup.procs: No such file or directory
E/lowmemorykiller(  149): Error opening /proc/17213/oom_score_adj; errno=2
W/ActivityManager(  451): Spurious death for ProcessRecord{3798bde4 17002:com.android.chrome:privileged_process0/u0a35}, curProc for 17002: null
D/AndroidRuntime(17685): Shutting down VM
W/ActivityManager(  451): Unbind failed: could not find connection for android.os.BinderProxy@2d582bd8
W/ActivityManager(  451): Spurious death for ProcessRecord{30802253 16929:com.android.chrome/u0a35}, curProc for 16929: null
W/Wifi    ( 3458): Failed to read packet and byte counts from wifi interface
W/InputMethodManagerService(  451): Got RemoteException sending setActive(false) notification to pid 16929 uid 10035
D/WifiService(  451): acquireWifiLockLocked: WifiLock{NlpWifiLock type=2 binder=android.os.BinderProxy@30f1d8e7}
E/WifiStateMachine(  451): WifiStateMachine CMD_START_SCAN source 10008 txSuccessRate=4.74 rxSuccessRate=4.65 targetRoamBSSID=any RSSI=-46
W/SessionLifecycleManager( 1007): Handover failed. Creating new session controller.
D/BluetoothAdapter( 1007): 970327271: getState() :  mService = null. Returning STATE_OFF
D/BluetoothAdapter( 1007): 970327271: getState() :  mService = null. Returning STATE_OFF
I/VoiceSearchSettings( 1007): Hotword upgrade key is null!
I/OptInState( 1007): There is a new client and it does not support opt-in. Dropping request.
W/LocationOracle( 1007): No location history returned by ContextManager
I/MicroDetectionWorker( 1007): #updateMicroDetector [detectionMode: [mDetectionMode: [1]]]
I/MicroDetectionWorker( 1007): #startMicroDetector [speakerMode: 0]
D/BluetoothAdapter( 1007): 970327271: getState() :  mService = null. Returning STATE_OFF
D/BluetoothAdapter( 1007): 970327271: getState() :  mService = null. Returning STATE_OFF
I/VoiceSearchSettings( 1007): Hotword upgrade key is null!
D/BluetoothAdapter( 1007): 970327271: getState() :  mService = null. Returning STATE_OFF
I/VoiceSearchSettings( 1007): Hotword upgrade key is null!
I/MicroDetectionWorker( 1007): onReady
D/BluetoothAdapter( 1007): 970327271: getState() :  mService = null. Returning STATE_OFF
I/MicroRecognitionRunner( 1007): Starting detection.
I/MicrophoneInputStream( 1007): mic_starting com.google.android.apps.gsa.speech.audio.af@27021b1e
I/SoundTriggerHwService::Module(  205): void android::SoundTriggerHwService::Module::onCallbackEvent(const android::sp<android::SoundTriggerHwService::CallbackEvent>&) mClient == 0
I/AudioFlinger(  205): AudioFlinger's thread 0xabc00648 ready to run
I/MicrophoneInputStream( 1007): mic_started com.google.android.apps.gsa.speech.audio.af@27021b1e
W/ctxmgr  (  965): [AclManager]No 3 for (accnt=account#-517948760#, com.google.android.gms(10008):UserVelocityProducer, vrsn=12685011, 0, 3pPkg = null ,  3pMdlId = null ,  pid = 965). Was: 3 for 1, account#-517948760#
E/SQLiteLog(  965): (2067) abort at 35 in [INSERT INTO context(context_name,end_time,context_family,module_id,version,sync_state_mod_time_millis,start_time,sync_state,context_id,time_type,proto_blob) VALUES (?,?,?,?,?,?,?,?,?,?,?)]: UNI
E/SQLiteLog(  965): (2067) abort at 35 in [INSERT INTO context(context_name,end_time,context_family,module_id,version,sync_state_mod_time_millis,start_time,sync_state,context_id,time_type,proto_blob) VALUES (?,?,?,?,?,?,?,?,?,?,?)]: UNI
E/SQLiteLog(  965): (2067) abort at 35 in [INSERT INTO context(context_name,end_time,context_family,module_id,version,sync_state_mod_time_millis,start_time,sync_state,context_id,time_type,proto_blob) VALUES (?,?,?,?,?,?,?,?,?,?,?)]: UNI
D/AndroidRuntime(17706): >>>>>> START com.android.internal.os.RuntimeInit uid 2000 <<<<<<
D/AndroidRuntime(17706): CheckJNI is OFF
I/AsyncOpDispatcher(  965): 67-RequestPlaceUpdates
I/MicroDetectionWorker( 1007): onReady
I/GeofencerStateMachine(  965): removeGeofences: removeRequest=RemoveGeofencingRequest[REMOVE_BY_PENDING_INTENT pendingIntent=PendingIntent[creatorPackage=com.google.android.gms], packageName=null]
I/GeofencerStateMachine(  965): removeGeofences: removeRequest=RemoveGeofencingRequest[REMOVE_BY_PENDING_INTENT pendingIntent=PendingIntent[creatorPackage=com.google.android.gms], packageName=null]
I/PlaceInferenceEngine(  965): [anon] Changed inference mode: 0
W/OpenGLRenderer(  902): Incorrectly called buildLayer on View: ShortcutAndWidgetContainer, destroying layer...
I/AsyncOpDispatcher(  965): 67-RequestPlaceUpdates
I/art     (  965): Explicit concurrent mark sweep GC freed 96197(4MB) AllocSpace objects, 5(560KB) LOS objects, 36% free, 27MB/43MB, paused 11.631ms total 293.745ms
W/ctxmgr  (  965): [AclManager]No 2 for (accnt=account#-517948760#, com.google.android.gms(10008):IndoorOutdoorProducer, vrsn=12685000, 0, 3pPkg = null ,  3pMdlId = null ,  pid = 965). Was: 3 for 57, account#-517948760#
I/GeofencerStateMachine(  965): sendNewTransitions called.
D/WifiService(  451): releaseWifiLockLocked: WifiLock{NlpWifiLock type=2 binder=android.os.BinderProxy@30f1d8e7}
I/Places  (  965): ?: PlacesBleScanner start() with priority 2
I/PlaceInferenceEngine(  965): [anon] Changed inference mode: 1
D/BluetoothAdapter(  965): 403087025: getState() :  mService = null. Returning STATE_OFF
I/BeaconBle(  965): Using BLE 'L' hardware layer
I/Places  (  965): Converted 31 out of 31 WiFi scans
I/PlaceInferenceEngine(  965): [anon] Changed inference mode: 1
D/libgps  (  451): proxy_gps_inject_location: called.
I/BeaconBle(  965): Client requested scan, settings=BleSettings [scanMode=ZERO_POWER, callbackType=ALL_MATCHES, reportDelayMillis=0, 1 filters, 0 clients, callingClientName=Places]
E/BeaconBle(  965): Scan couldn't start for Places
W/Places  (  965): BLE failure while scanning - code 5
D/AndroidRuntime(17706): Calling main entry com.android.commands.pm.Pm
I/ActivityManager(  451): Force stopping com.android.chrome appid=10035 user=0: clear data
D/TaskPersister(  451): removeObsoleteFile: deleting file=3142_task.xml
I/GeofencerStateMachine(  965): removeGeofences: removeRequest=RemoveGeofencingRequest[REMOVE_ALL packageName=com.android.chrome]
D/TaskPersister(  451): removeObsoleteFile: deleting file=3142_task_thumbnail.png
D/Documents(16676): Update found 8 roots in 9ms
W/ctxmgr  (  965): [AclManager]No 2 for (accnt=account#1813920180#, com.google.android.gms(10008):UserLocationProducer, vrsn=12685000, 0, 3pPkg = null ,  3pMdlId = null ,  pid = 965). Was: 2 for 1, account#1813920180#
W/ctxmgr  (  965): [AclManager]No 2 for (accnt=account#-517948760#, com.google.android.gms(10008):UserLocationProducer, vrsn=12685000, 0, 3pPkg = null ,  3pMdlId = null ,  pid = 965). Was: 3 for 1, account#-517948760#
W/ctxmgr  (  965): [AclManager]No 2 for (accnt=account#1644684176#, com.google.android.gms(10008):UserLocationProducer, vrsn=12685000, 0, 3pPkg = null ,  3pMdlId = null ,  pid = 965). Was: 2 for 1, account#1644684176#
I/LocationSettingsChecker(  987): Removing dialog suppression flag for package com.android.chrome
I/Icing   (  987): doRemovePackageData com.android.chrome
I/Icing   (  987): Removing corpus key 94FBE96EEF13B8AC56FE8C01687FD8A6012559AC for package com.android.chrome
W/Wifi    ( 3458): Failed to read packet and byte counts from wifi interface
I/PlaceInferenceEngine(  965): No beacon scan available - ignoring candidates.
I/Icing   (  987): Flash index sort hb 5 prefix-hits 27 -> 20 at 23.248ms
I/art     (17706): System.exit called, status: 0
I/AndroidRuntime(17706): VM exiting with result code 0.
I/Icing   (  987): updateResources: need to parse xax{com.android.chrome}
I/Icing   (  987): Indexing 94FBE96EEF13B8AC56FE8C01687FD8A6012559AC from com.android.chrome
I/ActivityManager(  451): Start proc 17741:com.android.chrome/u0a35 for content provider com.android.chrome/com.google.android.apps.chrome.icing.IcingProvider
W/DynamiteModule(17741): Local module descriptor class for com.google.android.gms.googlecertificates not found.
I/DynamiteModule(17741): Considering local module com.google.android.gms.googlecertificates:0 and remote module com.google.android.gms.googlecertificates:4
I/DynamiteModule(17741): Selected remote version of com.google.android.gms.googlecertificates, version >= 4
W/ResourcesManager(17741): Asset path '/system/framework/com.android.media.remotedisplay.jar' does not exist or contains no resources.
W/ResourcesManager(17741): Asset path '/system/framework/com.android.location.provider.jar' does not exist or contains no resources.
I/Icing   (  987): Indexing done 94FBE96EEF13B8AC56FE8C01687FD8A6012559AC
W/Wifi    ( 3458): Failed to read packet and byte counts from wifi interface
W/ctxmgr  (  965): [AclManager]No 2 for (accnt=account#-517948760#, com.google.android.gms(10008):PlacesProducer, vrsn=12685000, 0, 3pPkg = null ,  3pMdlId = null ,  pid = 965). Was: 3 for 18, account#-517948760#
E/WifiStateMachine(  451): WifiStateMachine CMD_START_SCAN source -2 txSuccessRate=6.34 rxSuccessRate=3.96 targetRoamBSSID=any RSSI=-47
E/WifiStateMachine(  451): WifiStateMachine starting scan for "TP-LINK_3BE5"WPA_PSK with 2412
W/Wifi    ( 3458): Failed to read packet and byte counts from wifi interface
W/Wifi    ( 3458): Failed to read packet and byte counts from wifi interface
D/AndroidRuntime(17775): >>>>>> START com.android.internal.os.RuntimeInit uid 2000 <<<<<<
D/AndroidRuntime(17775): CheckJNI is OFF
W/Wifi    ( 3458): Failed to read packet and byte counts from wifi interface
D/AndroidRuntime(17775): Calling main entry com.android.commands.am.Am
I/Trepn   (16090): Trepn 6.2s: Received intent: com.quicinc.trepn.export_to_csv; filename: Trepn_2018.06.11_192416.db; filename: HT4AMJT02334_Trepn_2018.06.11_192416.csv
D/AndroidRuntime(17775): Shutting down VM
W/FileUtils(16090): Failed to chmod(/storage/emulated/0/trepn/Trepn_2018.06.11_192416.db): android.system.ErrnoException: chmod failed: EPERM (Operation not permitted)
W/Wifi    ( 3458): Failed to read packet and byte counts from wifi interface
I/AsyncOpDispatcher(  965): 35-GetDeviceDataUploadOptInStatusOperation
I/AsyncOpDispatcher(  965): 35-GetDeviceDataUploadOptInStatusOperation
W/Wifi    ( 3458): Failed to read packet and byte counts from wifi interface
W/System.err(17284): android.content.pm.PackageManager$NameNotFoundException
W/System.err(17284): 	at android.app.ApplicationPackageManager.getPackageInfo(ApplicationPackageManager.java:114)
W/System.err(17284): 	at com.estrongs.android.pop.app.c.ai.c(Unknown Source)
W/System.err(17284): 	at com.estrongs.android.pop.app.c.ai.a(Unknown Source)
W/System.err(17284): 	at com.estrongs.android.pop.app.scene.e.q.a(Unknown Source)
W/System.err(17284): 	at com.estrongs.android.scanner.c.m.run(Unknown Source)
W/System.err(17284): 	at java.util.concurrent.ThreadPoolExecutor.runWorker(ThreadPoolExecutor.java:1112)
W/System.err(17284): 	at java.util.concurrent.ThreadPoolExecutor$Worker.run(ThreadPoolExecutor.java:587)
W/System.err(17284): 	at java.lang.Thread.run(Thread.java:818)
W/System.err(17284): android.content.pm.PackageManager$NameNotFoundException
W/System.err(17284): 	at android.app.ApplicationPackageManager.getPackageInfo(ApplicationPackageManager.java:114)
W/System.err(17284): 	at com.estrongs.android.pop.app.c.ai.c(Unknown Source)
W/System.err(17284): 	at com.estrongs.android.pop.app.c.ai.a(Unknown Source)
W/System.err(17284): 	at com.estrongs.android.pop.app.scene.e.q.a(Unknown Source)
W/System.err(17284): 	at com.estrongs.android.scanner.c.m.run(Unknown Source)
W/System.err(17284): 	at java.util.concurrent.ThreadPoolExecutor.runWorker(ThreadPoolExecutor.java:1112)
W/System.err(17284): 	at java.util.concurrent.ThreadPoolExecutor$Worker.run(ThreadPoolExecutor.java:587)
W/System.err(17284): 	at java.lang.Thread.run(Thread.java:818)
W/System.err(17284): android.content.pm.PackageManager$NameNotFoundException
W/System.err(17284): 	at android.app.ApplicationPackageManager.getPackageInfo(ApplicationPackageManager.java:114)
W/System.err(17284): 	at com.estrongs.android.pop.app.c.ai.c(Unknown Source)
W/System.err(17284): 	at com.estrongs.android.pop.app.c.ai.a(Unknown Source)
W/System.err(17284): 	at com.estrongs.android.pop.app.scene.e.q.a(Unknown Source)
W/System.err(17284): 	at com.estrongs.android.scanner.c.m.run(Unknown Source)
W/System.err(17284): 	at java.util.concurrent.ThreadPoolExecutor.runWorker(ThreadPoolExecutor.java:1112)
W/System.err(17284): 	at java.util.concurrent.ThreadPoolExecutor$Worker.run(ThreadPoolExecutor.java:587)
W/System.err(17284): 	at java.lang.Thread.run(Thread.java:818)
W/Wifi    ( 3458): Failed to read packet and byte counts from wifi interface
W/Wifi    ( 3458): Failed to read packet and byte counts from wifi interface
W/Wifi    ( 3458): Failed to read packet and byte counts from wifi interface
W/Wifi    ( 3458): Failed to read packet and byte counts from wifi interface
W/Wifi    ( 3458): Failed to read packet and byte counts from wifi interface
W/Wifi    ( 3458): Failed to read packet and byte counts from wifi interface
W/Wifi    ( 3458): Failed to read packet and byte counts from wifi interface
W/Wifi    ( 3458): Failed to read packet and byte counts from wifi interface
W/Wifi    ( 3458): Failed to read packet and byte counts from wifi interface
W/Wifi    ( 3458): Failed to read packet and byte counts from wifi interface
W/Wifi    ( 3458): Failed to read packet and byte counts from wifi interface
W/Wifi    ( 3458): Failed to read packet and byte counts from wifi interface
W/Wifi    ( 3458): Failed to read packet and byte counts from wifi interface
W/Wifi    ( 3458): Failed to read packet and byte counts from wifi interface
W/Wifi    ( 3458): Failed to read packet and byte counts from wifi interface
E/WifiStateMachine(  451): WifiStateMachine CMD_START_SCAN source -2 txSuccessRate=0.40 rxSuccessRate=3.06 targetRoamBSSID=any RSSI=-48
E/WifiStateMachine(  451): WifiStateMachine starting scan for "TP-LINK_3BE5"WPA_PSK with 2412
W/Wifi    ( 3458): Failed to read packet and byte counts from wifi interface
W/Wifi    ( 3458): Failed to read packet and byte counts from wifi interface
W/Wifi    ( 3458): Failed to read packet and byte counts from wifi interface
W/Wifi    ( 3458): Failed to read packet and byte counts from wifi interface
W/Wifi    ( 3458): Failed to read packet and byte counts from wifi interface
W/Wifi    ( 3458): Failed to read packet and byte counts from wifi interface
W/Wifi    ( 3458): Failed to read packet and byte counts from wifi interface
W/Wifi    ( 3458): Failed to read packet and byte counts from wifi interface
W/Wifi    ( 3458): Failed to read packet and byte counts from wifi interface
W/Wifi    ( 3458): Failed to read packet and byte counts from wifi interface
W/Wifi    ( 3458): Failed to read packet and byte counts from wifi interface
W/Wifi    ( 3458): Failed to read packet and byte counts from wifi interface
W/Wifi    ( 3458): Failed to read packet and byte counts from wifi interface
W/Wifi    ( 3458): Failed to read packet and byte counts from wifi interface
W/Wifi    ( 3458): Failed to read packet and byte counts from wifi interface
W/Wifi    ( 3458): Failed to read packet and byte counts from wifi interface
W/Wifi    ( 3458): Failed to read packet and byte counts from wifi interface
W/Wifi    ( 3458): Failed to read packet and byte counts from wifi interface
W/Wifi    ( 3458): Failed to read packet and byte counts from wifi interface
W/Wifi    ( 3458): Failed to read packet and byte counts from wifi interface
E/WifiStateMachine(  451): WifiStateMachine CMD_START_SCAN source -2 txSuccessRate=0.28 rxSuccessRate=0.41 targetRoamBSSID=any RSSI=-48
E/WifiStateMachine(  451): WifiStateMachine starting scan for "TP-LINK_3BE5"WPA_PSK with 2412
W/Wifi    ( 3458): Failed to read packet and byte counts from wifi interface
W/Wifi    ( 3458): Failed to read packet and byte counts from wifi interface
W/Wifi    ( 3458): Failed to read packet and byte counts from wifi interface
W/Wifi    ( 3458): Failed to read packet and byte counts from wifi interface
W/Wifi    ( 3458): Failed to read packet and byte counts from wifi interface
W/Wifi    ( 3458): Failed to read packet and byte counts from wifi interface
W/Wifi    ( 3458): Failed to read packet and byte counts from wifi interface
W/Wifi    ( 3458): Failed to read packet and byte counts from wifi interface
W/Wifi    ( 3458): Failed to read packet and byte counts from wifi interface
W/Wifi    ( 3458): Failed to read packet and byte counts from wifi interface
W/Wifi    ( 3458): Failed to read packet and byte counts from wifi interface
W/Wifi    ( 3458): Failed to read packet and byte counts from wifi interface
W/Wifi    ( 3458): Failed to read packet and byte counts from wifi interface
W/Wifi    ( 3458): Failed to read packet and byte counts from wifi interface
W/Wifi    ( 3458): Failed to read packet and byte counts from wifi interface
W/Wifi    ( 3458): Failed to read packet and byte counts from wifi interface
W/Wifi    ( 3458): Failed to read packet and byte counts from wifi interface
W/Wifi    ( 3458): Failed to read packet and byte counts from wifi interface
W/Wifi    ( 3458): Failed to read packet and byte counts from wifi interface
W/Wifi    ( 3458): Failed to read packet and byte counts from wifi interface
E/WifiStateMachine(  451): WifiStateMachine CMD_START_SCAN source -2 txSuccessRate=0.27 rxSuccessRate=0.72 targetRoamBSSID=any RSSI=-47
E/WifiStateMachine(  451): WifiStateMachine starting scan for "TP-LINK_3BE5"WPA_PSK with 2412
W/Wifi    ( 3458): Failed to read packet and byte counts from wifi interface
W/Wifi    ( 3458): Failed to read packet and byte counts from wifi interface
W/Wifi    ( 3458): Failed to read packet and byte counts from wifi interface
W/Wifi    ( 3458): Failed to read packet and byte counts from wifi interface
W/Wifi    ( 3458): Failed to read packet and byte counts from wifi interface
I/art     (  451): Explicit concurrent mark sweep GC freed 84421(4MB) AllocSpace objects, 16(320KB) LOS objects, 33% free, 27MB/41MB, paused 961us total 172.511ms
I/AsyncOpDispatcher(  965): 35-GetDeviceDataUploadOptInStatusOperation
I/AsyncOpDispatcher(  965): 35-GetDeviceDataUploadOptInStatusOperation
W/Wifi    ( 3458): Failed to read packet and byte counts from wifi interface
W/Wifi    ( 3458): Failed to read packet and byte counts from wifi interface
W/Wifi    ( 3458): Failed to read packet and byte counts from wifi interface
W/Wifi    ( 3458): Failed to read packet and byte counts from wifi interface
W/Wifi    ( 3458): Failed to read packet and byte counts from wifi interface
W/Wifi    ( 3458): Failed to read packet and byte counts from wifi interface
W/Wifi    ( 3458): Failed to read packet and byte counts from wifi interface
W/Wifi    ( 3458): Failed to read packet and byte counts from wifi interface
W/Wifi    ( 3458): Failed to read packet and byte counts from wifi interface
W/Wifi    ( 3458): Failed to read packet and byte counts from wifi interface
W/Wifi    ( 3458): Failed to read packet and byte counts from wifi interface
W/Wifi    ( 3458): Failed to read packet and byte counts from wifi interface
W/Wifi    ( 3458): Failed to read packet and byte counts from wifi interface
W/Wifi    ( 3458): Failed to read packet and byte counts from wifi interface
W/Wifi    ( 3458): Failed to read packet and byte counts from wifi interface
E/WifiStateMachine(  451): WifiStateMachine CMD_START_SCAN source -2 txSuccessRate=0.06 rxSuccessRate=1.97 targetRoamBSSID=any RSSI=-48
E/WifiStateMachine(  451): WifiStateMachine starting scan for "TP-LINK_3BE5"WPA_PSK with 2412
W/Wifi    ( 3458): Failed to read packet and byte counts from wifi interface
W/Wifi    ( 3458): Failed to read packet and byte counts from wifi interface
W/Wifi    ( 3458): Failed to read packet and byte counts from wifi interface
W/Wifi    ( 3458): Failed to read packet and byte counts from wifi interface
W/Wifi    ( 3458): Failed to read packet and byte counts from wifi interface
W/Wifi    ( 3458): Failed to read packet and byte counts from wifi interface
W/Wifi    ( 3458): Failed to read packet and byte counts from wifi interface
W/Wifi    ( 3458): Failed to read packet and byte counts from wifi interface
W/Wifi    ( 3458): Failed to read packet and byte counts from wifi interface
W/Wifi    ( 3458): Failed to read packet and byte counts from wifi interface
W/Wifi    ( 3458): Failed to read packet and byte counts from wifi interface
W/Wifi    ( 3458): Failed to read packet and byte counts from wifi interface
W/Wifi    ( 3458): Failed to read packet and byte counts from wifi interface
W/Wifi    ( 3458): Failed to read packet and byte counts from wifi interface
W/Wifi    ( 3458): Failed to read packet and byte counts from wifi interface
W/Wifi    ( 3458): Failed to read packet and byte counts from wifi interface
W/Wifi    ( 3458): Failed to read packet and byte counts from wifi interface
W/Wifi    ( 3458): Failed to read packet and byte counts from wifi interface
W/Wifi    ( 3458): Failed to read packet and byte counts from wifi interface
W/Wifi    ( 3458): Failed to read packet and byte counts from wifi interface
E/WifiStateMachine(  451): WifiStateMachine CMD_START_SCAN source -2 txSuccessRate=0.13 rxSuccessRate=0.94 targetRoamBSSID=any RSSI=-52
E/WifiStateMachine(  451): WifiStateMachine starting scan for "TP-LINK_3BE5"WPA_PSK with 2412
W/Wifi    ( 3458): Failed to read packet and byte counts from wifi interface
W/Wifi    ( 3458): Failed to read packet and byte counts from wifi interface
W/Wifi    ( 3458): Failed to read packet and byte counts from wifi interface
W/Wifi    ( 3458): Failed to read packet and byte counts from wifi interface
W/Wifi    ( 3458): Failed to read packet and byte counts from wifi interface
W/Wifi    ( 3458): Failed to read packet and byte counts from wifi interface
W/Wifi    ( 3458): Failed to read packet and byte counts from wifi interface
W/Wifi    ( 3458): Failed to read packet and byte counts from wifi interface
W/Wifi    ( 3458): Failed to read packet and byte counts from wifi interface
W/Wifi    ( 3458): Failed to read packet and byte counts from wifi interface
W/Wifi    ( 3458): Failed to read packet and byte counts from wifi interface
W/Wifi    ( 3458): Failed to read packet and byte counts from wifi interface
W/Wifi    ( 3458): Failed to read packet and byte counts from wifi interface
W/Wifi    ( 3458): Failed to read packet and byte counts from wifi interface
W/Wifi    ( 3458): Failed to read packet and byte counts from wifi interface
W/Wifi    ( 3458): Failed to read packet and byte counts from wifi interface
W/Wifi    ( 3458): Failed to read packet and byte counts from wifi interface
W/Wifi    ( 3458): Failed to read packet and byte counts from wifi interface
W/Wifi    ( 3458): Failed to read packet and byte counts from wifi interface
W/Wifi    ( 3458): Failed to read packet and byte counts from wifi interface
E/WifiStateMachine(  451): WifiStateMachine CMD_START_SCAN source -2 txSuccessRate=0.53 rxSuccessRate=0.78 targetRoamBSSID=any RSSI=-56
W/Wifi    ( 3458): Failed to read packet and byte counts from wifi interface
W/ctxmgr  (  965): [AclManager]No 2 for (accnt=account#-517948760#, com.google.android.gms(10008):IndoorOutdoorProducer, vrsn=12685000, 0, 3pPkg = null ,  3pMdlId = null ,  pid = 965). Was: 3 for 57, account#-517948760#
W/Wifi    ( 3458): Failed to read packet and byte counts from wifi interface
W/Wifi    ( 3458): Failed to read packet and byte counts from wifi interface
W/Wifi    ( 3458): Failed to read packet and byte counts from wifi interface
W/Wifi    ( 3458): Failed to read packet and byte counts from wifi interface
D/AndroidRuntime(17889): >>>>>> START com.android.internal.os.RuntimeInit uid 2000 <<<<<<
D/AndroidRuntime(17889): CheckJNI is OFF
W/Wifi    ( 3458): Failed to read packet and byte counts from wifi interface
D/AndroidRuntime(17889): Calling main entry com.android.commands.am.Am
I/ActivityManager(  451): Force stopping com.android.chrome appid=10035 user=0: from pid 17889
I/ActivityManager(  451): Killing 