W/ActivityManager(  459): 	at android.os.BinderProxy.transactNative(Native Method)
W/ActivityManager(  459): 	at android.os.BinderProxy.transact(Binder.java:496)
W/ActivityManager(  459): 	at android.app.ApplicationThreadProxy.scheduleUnbindService(ApplicationThreadNative.java:921)
W/ActivityManager(  459): 	at com.android.server.am.ActiveServices.removeConnectionLocked(ActiveServices.java:1795)
W/ActivityManager(  459): 	at com.android.server.am.ActiveServices.killServicesLocked(ActiveServices.java:2193)
W/ActivityManager(  459): 	at com.android.server.am.ActivityManagerService.cleanUpApplicationRecordLocked(ActivityManagerService.java:14895)
W/ActivityManager(  459): 	at com.android.server.am.ActivityManagerService.handleAppDiedLocked(ActivityManagerService.java:4552)
W/ActivityManager(  459): 	at com.android.server.am.ActivityManagerService.removeProcessLocked(ActivityManagerService.java:5789)
W/ActivityManager(  459): 	at com.android.server.am.ActivityManagerService.killPackageProcessesLocked(ActivityManagerService.java:5594)
W/ActivityManager(  459): 	at com.android.server.am.ActivityManagerService.forceStopPackageLocked(ActivityManagerService.java:5655)
W/ActivityManager(  459): 	at com.android.server.am.ActivityManagerService.forceStopPackageLocked(ActivityManagerService.java:5499)
W/ActivityManager(  459): 	at com.android.server.am.ActivityManagerService.forceStopPackage(ActivityManagerService.java:5309)
W/ActivityManager(  459): 	at android.app.ActivityManagerNative.onTransact(ActivityManagerNative.java:1461)
W/ActivityManager(  459): 	at com.android.server.am.ActivityManagerService.onTransact(ActivityManagerService.java:2208)
W/ActivityManager(  459): 	at android.os.Binder.execTransact(Binder.java:446)
W/ActivityManager(  459): Scheduling restart of crashed service com.android.chrome/org.chromium.chrome.browser.media.MediaCaptureNotificationService in 1000ms
W/ActivityManager(  459): Force removing ActivityRecord{2b18323e u0 com.android.chrome/org.chromium.chrome.browser.ChromeTabbedActivity t4622}: app died, no saved state
I/ActivityManager(  459): Killing 15201:com.android.chrome:sandboxed_process2/u0a35i76 (adj 9): isolated not needed
W/libprocessgroup(  459): failed to open /acct/uid_10035/pid_15201/cgroup.procs: No such file or directory
I/ActivityManager(  459):   Force stopping service ServiceRecord{1ce4c4a6 u0 com.android.chrome/org.chromium.chrome.browser.media.MediaCaptureNotificationService}
W/ActivityManager(  459): Spurious death for ProcessRecord{50f78f2 14961:com.android.chrome:privileged_process0/u0a35}, curProc for 14961: null
W/ActivityManager(  459): Unbind failed: could not find connection for android.os.BinderProxy@12f37f63
W/ActivityManager(  459): Spurious death for ProcessRecord{7a9452c 14885:com.android.chrome/u0a35}, curProc for 14885: null
W/InputMethodManagerService(  459): Got RemoteException sending setActive(false) notification to pid 14885 uid 10035
I/ActivityManager(  459): Force stopping com.android.chrome appid=10035 user=0: clear data
D/TaskPersister(  459): removeObsoleteFile: deleting file=4622_task.xml
D/TaskPersister(  459): removeObsoleteFile: deleting file=4622_task_thumbnail.png
I/ActivityManager(  459): Start proc 15651:com.android.chrome/u0a35 for content provider com.android.chrome/com.google.android.apps.chrome.icing.IcingProvider
W/ResourcesManager(15651): Asset path '/system/framework/com.android.media.remotedisplay.jar' does not exist or contains no resources.
W/ResourcesManager(15651): Asset path '/system/framework/com.android.location.provider.jar' does not exist or contains no resources.
W/FileUtils(10767): Failed to chmod(/storage/emulated/0/trepn/Trepn_2018.06.17_155930.db): android.system.ErrnoException: chmod failed: EPERM (Operation not permitted)
W/ProcessCpuTracker(  459): Skipping unknown process pid 15803
I/ActivityManager(  459): Force stopping com.android.chrome appid=10035 user=0: from pid 16246
I/ActivityManager(  459): Killing 15651:com.android.chrome/u0a35 (adj 9): stop com.android.chrome
W/ActivityManager(  459): Spurious death for ProcessRecord{3beb9fd1 15651:com.android.chrome/u0a35}, curProc for 15651: null
I/ActivityManager(  459): START u0 {act=android.intent.action.VIEW flg=0x10008000 cmp=com.android.chrome/com.google.android.apps.chrome.Main} from uid 2000 on display 0
V/WindowManager(  459): addAppToken: AppWindowToken{1706a2a4 token=Token{29e65d37 ActivityRecord{3aaaea36 u0 com.android.chrome/com.google.android.apps.chrome.Main t4624}}} to stack=1 task=4624 at 0
I/ActivityManager(  459): Start proc 16264:com.android.chrome/u0a35 for activity com.android.chrome/com.google.android.apps.chrome.Main
W/ResourcesManager(16264): Asset path '/system/framework/com.android.media.remotedisplay.jar' does not exist or contains no resources.
W/ResourcesManager(16264): Asset path '/system/framework/com.android.location.provider.jar' does not exist or contains no resources.
I/ActivityManager(  459): START u0 {cmp=com.android.chrome/org.chromium.chrome.browser.firstrun.FirstRunActivity (has extras)} from uid 10035 on display 0
V/WindowManager(  459): addAppToken: AppWindowToken{2e608bc5 token=Token{1039a23c ActivityRecord{107dbc2f u0 com.android.chrome/org.chromium.chrome.browser.firstrun.FirstRunActivity t4625}}} to stack=1 task=4625 at 0
V/WindowManager(  459): Based on layer: Adding window Window{5141240 u0 com.android.chrome/org.chromium.chrome.browser.firstrun.FirstRunActivity} at 3 of 17
I/ActivityManager(  459): Start proc 16291:com.android.chrome:sandboxed_process0/u0i78 for service com.android.chrome/org.chromium.content.app.SandboxedProcessService0
I/ActivityManager(  459): Start proc 16343:com.android.chrome:privileged_process0/u0a35 for service com.android.chrome/org.chromium.content.app.PrivilegedProcessService0
D/ConnectivityService(  459): listenForNetwork for NetworkRequest [ id=105, legacyType=-1, [ Capabilities: INTERNET&NOT_RESTRICTED&TRUSTED] ]
D/ConnectivityService(  459): handleRegisterNetworkRequest checking NetworkAgentInfo [WIFI () - 103]
D/ConnectivityService(  459): apparently satisfied.  currentScore=100
D/ConnectivityService(  459): listenForNetwork for NetworkRequest [ id=106, legacyType=-1, [ Capabilities: INTERNET&NOT_RESTRICTED&TRUSTED] ]
D/ConnectivityService(  459): handleRegisterNetworkRequest checking NetworkAgentInfo [WIFI () - 103]
D/ConnectivityService(  459): apparently satisfied.  currentScore=100
W/libprocessgroup(  459): failed to open /acct/uid_10035/pid_16291/cgroup.procs: No such file or directory
I/ActivityManager(  459): Process com.android.chrome:sandboxed_process0 (pid 16291) has died
W/ActivityManager(  459): Scheduling restart of crashed service com.android.chrome/org.chromium.content.app.SandboxedProcessService0 in 1000ms
I/ActivityManager(  459): START u0 {act=android.intent.action.VIEW flg=0x10808000 cmp=com.android.chrome/com.google.android.apps.chrome.Main (has extras)} from uid 10035 on display 0
V/WindowManager(  459): addAppToken: AppWindowToken{6ffc339 token=Token{19c5ff00 ActivityRecord{2faa4183 u0 com.android.chrome/com.google.android.apps.chrome.Main t4626}}} to stack=1 task=4626 at 0
D/ConnectivityService(  459): releasing NetworkRequest NetworkRequest [ id=106, legacyType=-1, [ Capabilities: INTERNET&NOT_RESTRICTED&TRUSTED] ]
D/ConnectivityService(  459): listenForNetwork for NetworkRequest [ id=107, legacyType=-1, [ Capabilities: INTERNET&NOT_RESTRICTED&TRUSTED] ]
D/ConnectivityService(  459): handleRegisterNetworkRequest checking NetworkAgentInfo [WIFI () - 103]
D/ConnectivityService(  459): apparently satisfied.  currentScore=100
I/ActivityManager(  459): START u0 {act=android.intent.action.VIEW flg=0x14002000 cmp=com.android.chrome/org.chromium.chrome.browser.ChromeTabbedActivity (has extras)} from uid 10035 on display 0
V/WindowManager(  459): addAppToken: AppWindowToken{3bc4ae18 token=Token{3c385dfb ActivityRecord{15d238a u0 com.android.chrome/org.chromium.chrome.browser.ChromeTabbedActivity t4627}}} to stack=1 task=4627 at 0
V/WindowManager(  459): Based on layer: Adding window Window{29faeca9 u0 Starting com.android.chrome} at 4 of 18
I/ActivityManager(  459): Start proc 16477:com.android.chrome:sandboxed_process0/u0i79 for service com.android.chrome/org.chromium.content.app.SandboxedProcessService0
V/WindowManager(  459): Adding window Window{24852bc7 u0 com.android.chrome/org.chromium.chrome.browser.ChromeTabbedActivity} at 4 of 19 (before Window{29faeca9 u0 Starting com.android.chrome})
V/WindowManager(  459): Adding window Window{2fabc2de u0 SurfaceView} at 4 of 20 (before Window{24852bc7 u0 com.android.chrome/org.chromium.chrome.browser.ChromeTabbedActivity})
I/ActivityManager(  459): Start proc 16544:com.android.chrome:sandboxed_process1/u0i80 for service com.android.chrome/org.chromium.content.app.SandboxedProcessService1
I/ActivityManager(  459): Activity reported stop, but no longer stopping: ActivityRecord{107dbc2f u0 com.android.chrome/org.chromium.chrome.browser.firstrun.FirstRunActivity t4625 f}
W/FileUtils(10767): Failed to chmod(/storage/emulated/0/trepn/Trepn_2018.06.17_160258.db): android.system.ErrnoException: chmod failed: EPERM (Operation not permitted)
D/TaskPersister(  459): removeObsoleteFile: deleting file=4625_task_thumbnail.png
I/ActivityManager(  459): START u0 {act=android.intent.action.VIEW dat=localhost:8000 flg=0x10000000 cmp=com.android.chrome/com.google.android.apps.chrome.Main} from uid 2000 on display 0
V/WindowManager(  459): addAppToken: AppWindowToken{2a3a1880 token=Token{2e60d103 ActivityRecord{3db2ddb2 u0 com.android.chrome/com.google.android.apps.chrome.Main t4628}}} to stack=1 task=4628 at 0
D/ConnectivityService(  459): releasing NetworkRequest NetworkRequest [ id=107, legacyType=-1, [ Capabilities: INTERNET&NOT_RESTRICTED&TRUSTED] ]
D/ConnectivityService(  459): listenForNetwork for NetworkRequest [ id=108, legacyType=-1, [ Capabilities: INTERNET&NOT_RESTRICTED&TRUSTED] ]
D/ConnectivityService(  459): handleRegisterNetworkRequest checking NetworkAgentInfo [WIFI () - 103]
D/ConnectivityService(  459): apparently satisfied.  currentScore=100
I/ActivityManager(  459): START u0 {act=android.intent.action.VIEW dat=localhost:8000 flg=0x14002000 cmp=com.android.chrome/org.chromium.chrome.browser.ChromeTabbedActivity (has extras)} from uid 10035 on display 0
W/InputMethodManagerService(  459): Window already focused, ignoring focus gain of: com.android.internal.view.IInputMethodClient$Stub$Proxy@3a415d7b attribute=null, token = android.os.BinderProxy@9009906
I/ActivityManager(  459): Start proc 16621:com.android.chrome:sandboxed_process2/u0i81 for service com.android.chrome/org.chromium.content.app.SandboxedProcessService2
W/libprocessgroup(  459): failed to open /acct/uid_10035/pid_16544/cgroup.procs: No such file or directory
I/ActivityManager(  459): Process com.android.chrome:sandboxed_process1 (pid 16544) has died
W/ActivityManager(  459): Scheduling restart of crashed service com.android.chrome/org.chromium.content.app.SandboxedProcessService1 in 1000ms
I/ActivityManager(  459): Start proc 16815:com.android.chrome:sandboxed_process3/u0i82 for service com.android.chrome/org.chromium.content.app.SandboxedProcessService3
W/libprocessgroup(  459): failed to open /acct/uid_10035/pid_16815/cgroup.procs: No such file or directory
I/ActivityManager(  459): Process com.android.chrome:sandboxed_process3 (pid 16815) has died
W/ActivityManager(  459): Scheduling restart of crashed service com.android.chrome/org.chromium.content.app.SandboxedProcessService3 in 1000ms
I/ActivityManager(  459): Force stopping com.android.chrome appid=10035 user=0: from pid 17056
I/ActivityManager(  459): Killing 16343:com.android.chrome:privileged_process0/u0a35 (adj 0): stop com.android.chrome
W/ActivityManager(  459): Scheduling restart of crashed service com.android.chrome/org.chromium.content.app.PrivilegedProcessService0 in 1000ms
I/ActivityManager(  459): Killing 16264:com.android.chrome/u0a35 (adj 0): stop com.android.chrome
D/ConnectivityService(  459): ConnectivityService NetworkRequestInfo binderDied(NetworkRequest [ id=105, legacyType=-1, [ Capabilities: INTERNET&NOT_RESTRICTED&TRUSTED] ], android.os.BinderProxy@2342526e)
I/WindowState(  459): WIN DEATH: Window{2fabc2de u0 SurfaceView}
D/ConnectivityService(  459): releasing NetworkRequest NetworkRequest [ id=105, legacyType=-1, [ Capabilities: INTERNET&NOT_RESTRICTED&TRUSTED] ]
E/ConnectivityService(  459): RemoteException caught trying to send a callback msg for NetworkRequest [ id=105, legacyType=-1, [ Capabilities: INTERNET&NOT_RESTRICTED&TRUSTED] ]
D/ConnectivityService(  459): ConnectivityService NetworkRequestInfo binderDied(NetworkRequest [ id=108, legacyType=-1, [ Capabilities: INTERNET&NOT_RESTRICTED&TRUSTED] ], android.os.BinderProxy@276ecd0f)
D/ConnectivityService(  459): releasing NetworkRequest NetworkRequest [ id=108, legacyType=-1, [ Capabilities: INTERNET&NOT_RESTRICTED&TRUSTED] ]
E/ConnectivityService(  459): RemoteException caught trying to send a callback msg for NetworkRequest [ id=108, legacyType=-1, [ Capabilities: INTERNET&NOT_RESTRICTED&TRUSTED] ]
I/WindowState(  459): WIN DEATH: Window{24852bc7 u0 com.android.chrome/org.chromium.chrome.browser.ChromeTabbedActivity}
W/ActivityManager(  459): Exception when unbinding service com.android.chrome/org.chromium.content.app.SandboxedProcessService0
W/ActivityManager(  459): android.os.DeadObjectException
W/ActivityManager(  459): 	at android.os.BinderProxy.transactNative(Native Method)
W/ActivityManager(  459): 	at android.os.BinderProxy.transact(Binder.java:496)
W/ActivityManager(  459): 	at android.app.ApplicationThreadProxy.scheduleUnbindService(ApplicationThreadNative.java:921)
W/ActivityManager(  459): 	at com.android.server.am.ActiveServices.removeConnectionLocked(ActiveServices.java:1795)
W/ActivityManager(  459): 	at com.android.server.am.ActiveServices.killServicesLocked(ActiveServices.java:2193)
W/ActivityManager(  459): 	at com.android.server.am.ActivityManagerService.cleanUpApplicationRecordLocked(ActivityManagerService.java:14895)
W/ActivityManager(  459): 	at com.android.server.am.ActivityManagerService.handleAppDiedLocked(ActivityManagerService.java:4552)
W/ActivityManager(  459): 	at com.android.server.am.ActivityManagerService.removeProcessLocked(ActivityManagerService.java:5789)
W/ActivityManager(  459): 	at com.android.server.am.ActivityManagerService.killPackageProcessesLocked(ActivityManagerService.java:5594)
W/ActivityManager(  459): 	at com.android.server.am.ActivityManagerService.forceStopPackageLocked(ActivityManagerService.java:5655)
W/ActivityManager(  459): 	at com.android.server.am.ActivityManagerService.forceStopPackageLocked(ActivityManagerService.java:5499)
W/ActivityManager(  459): 	at com.android.server.am.ActivityManagerService.forceStopPackage(ActivityManagerService.java:5309)
W/ActivityManager(  459): 	at android.app.ActivityManagerNative.onTransact(ActivityManagerNative.java:1461)
W/ActivityManager(  459): 	at com.android.server.am.ActivityManagerService.onTransact(ActivityManagerService.java:2208)
W/ActivityManager(  459): 	at android.os.Binder.execTransact(Binder.java:446)
W/ActivityManager(  459): Exception when unbinding service com.android.chrome/org.chromium.content.app.SandboxedProcessService2
W/ActivityManager(  459): android.os.DeadObjectException
W/ActivityManager(  459): 	at android.os.BinderProxy.transactNative(Native Method)
W/ActivityManager(  459): 	at android.os.BinderProxy.transact(Binder.java:496)
W/ActivityManager(  459): 	at android.app.ApplicationThreadProxy.scheduleUnbindService(ApplicationThreadNative.java:921)
W/ActivityManager(  459): 	at com.android.server.am.ActiveServices.removeConnectionLocked(ActiveServices.java:1795)
W/ActivityManager(  459): 	at com.android.server.am.ActiveServices.killServicesLocked(ActiveServices.java:2193)
W/ActivityManager(  459): 	at com.android.server.am.ActivityManagerService.cleanUpApplicationRecordLocked(ActivityManagerService.java:14895)
W/ActivityManager(  459): 	at com.android.server.am.ActivityManagerService.handleAppDiedLocked(ActivityManagerService.java:4552)
W/ActivityManager(  459): 	at com.android.server.am.ActivityManagerService.removeProcessLocked(ActivityManagerService.java:5789)
W/ActivityManager(  459): 	at com.android.server.am.ActivityManagerService.killPackageProcessesLocked(ActivityManagerService.java:5594)
W/ActivityManager(  459): 	at com.android.server.am.ActivityManagerService.forceStopPackageLocked(ActivityManagerService.java:5655)
W/ActivityManager(  459): 	at com.android.server.am.ActivityManagerService.forceStopPackageLocked(ActivityManagerService.java:5499)
W/ActivityManager(  459): 	at com.android.server.am.ActivityManagerService.forceStopPackage(ActivityManagerService.java:5309)
W/ActivityManager(  459): 	at android.app.ActivityManagerNative.onTransact(ActivityManagerNative.java:1461)
W/ActivityManager(  459): 	at com.android.server.am.ActivityManagerService.onTransact(ActivityManagerService.java:2208)
W/ActivityManager(  459): 	at android.os.Binder.execTransact(Binder.java:446)
I/ActivityManager(  459): Killing 16477:com.android.chrome:sandboxed_process0/u0a35i79 (adj 9): isolated not needed
W/libprocessgroup(  459): failed to open /acct/uid_10035/pid_16477/cgroup.procs: No such file or directory
W/ActivityManager(  459): Scheduling restart of crashed service com.android.chrome/org.chromium.chrome.browser.media.MediaCaptureNotificationService in 1000ms
W/ActivityManager(  459): Force removing ActivityRecord{15d238a u0 com.android.chrome/org.chromium.chrome.browser.ChromeTabbedActivity t4627}: app died, no saved state
I/ActivityManager(  459): Killing 16621:com.android.chrome:sandboxed_process2/u0a35i81 (adj 9): isolated not needed
W/libprocessgroup(  459): failed to open /acct/uid_10035/pid_16621/cgroup.procs: No such file or directory
I/ActivityManager(  459):   Force stopping service ServiceRecord{2fb5cc37 u0 com.android.chrome/org.chromium.chrome.browser.media.MediaCaptureNotificationService}
I/ActivityManager(  459): Process com.google.android.music:main (pid 5961) has died
W/ActivityManager(  459): Spurious death for ProcessRecord{2aa9fcd4 16264:com.android.chrome/u0a35}, curProc for 16264: null
W/InputMethodManagerService(  459): Got RemoteException sending setActive(false) notification to pid 16264 uid 10035
D/WifiService(  459): acquireWifiLockLocked: WifiLock{NlpWifiLock type=2 binder=android.os.BinderProxy@3a848de8}
D/WifiService(  459): releaseWifiLockLocked: WifiLock{NlpWifiLock type=2 binder=android.os.BinderProxy@3a848de8}
I/ActivityManager(  459): Force stopping com.android.chrome appid=10035 user=0: clear data
D/TaskPersister(  459): removeObsoleteFile: deleting file=4627_task.xml
D/TaskPersister(  459): removeObsoleteFile: deleting file=4627_task_thumbnail.png
I/ActivityManager(  459): Start proc 17119:com.android.chrome/u0a35 for content provider com.android.chrome/com.google.android.apps.chrome.icing.IcingProvider
W/ResourcesManager(17119): Asset path '/system/framework/com.android.media.remotedisplay.jar' does not exist or contains no resources.
W/ResourcesManager(17119): Asset path '/system/framework/com.android.location.provider.jar' does not exist or contains no resources.
W/FileUtils(10767): Failed to chmod(/storage/emulated/0/trepn/Trepn_2018.06.17_160258.db): android.system.ErrnoException: chmod failed: EPERM (Operation not permitted)
D/ConnectivityService(  459): NetworkAgentInfo [WIFI () - 103] EVENT_NETWORK_INFO_CHANGED, going from CONNECTED to CONNECTING
D/ConnectivityService(  459): NetworkAgentInfo [WIFI () - 103] EVENT_NETWORK_INFO_CHANGED, going from CONNECTING to CONNECTED
I/ActivityManager(  459): Force stopping com.android.chrome appid=10035 user=0: from pid 17708
I/ActivityManager(  459): Killing 17119:com.android.chrome/u0a35 (adj 9): stop com.android.chrome
W/ActivityManager(  459): Spurious death for ProcessRecord{162119dd 17119:com.android.chrome/u0a35}, curProc for 17119: null
I/ActivityManager(  459): Force stopping com.android.chrome appid=10035 user=0: clear data
I/ActivityManager(  459): Start proc 17755:com.android.chrome/u0a35 for content provider com.android.chrome/com.google.android.apps.chrome.icing.IcingProvider
W/ResourcesManager(17755): Asset path '/system/framework/com.android.media.remotedisplay.jar' does not exist or contains no resources.
W/ResourcesManager(17755): Asset path '/system/framework/com.android.location.provider.jar' does not exist or contains no resources.
D/WifiService(  459): acquireWifiLockLocked: WifiLock{NlpWifiLock type=2 binder=android.os.BinderProxy@cf65a2f}
D/ConnectivityService(  459): NetworkAgentInfo [WIFI () - 103] EVENT_NETWORK_INFO_CHANGED, going from CONNECTED to CONNECTING
D/ConnectivityService(  459): NetworkAgentInfo [WIFI () - 103] EVENT_NETWORK_INFO_CHANGED, going from CONNECTING to CONNECTED
D/WifiService(  459): releaseWifiLockLocked: WifiLock{NlpWifiLock type=2 binder=android.os.BinderProxy@cf65a2f}
D/ConnectivityService(  459): updateNetworkScore for NetworkAgentInfo [WIFI () - 103] to 56
D/ConnectivityService(  459): rematching NetworkAgentInfo [WIFI () - 103]
D/ConnectivityService(  459): Network NetworkAgentInfo [WIFI () - 103] was already satisfying request 1. No change.
D/ConnectivityService(  459): notifyType AVAILABLE for NetworkAgentInfo [WIFI () - 103]
D/ConnectivityService(  459): updateNetworkScore for NetworkAgentInfo [WIFI () - 103] to 60
D/ConnectivityService(  459): rematching NetworkAgentInfo [WIFI () - 103]
D/ConnectivityService(  459): Network NetworkAgentInfo [WIFI () - 103] was already satisfying request 1. No change.
D/ConnectivityService(  459): notifyType AVAILABLE for NetworkAgentInfo [WIFI () - 103]
I/ActivityManager(  459): Killing 5779:com.google.android.gm/u0a71 (adj 15): empty for 1830s
I/ActivityManager(  459): Killing 5706:com.google.android.keep/u0a72 (adj 15): empty for 1842s
D/ConnectivityService(  459): NetworkAgentInfo [WIFI () - 103] EVENT_NETWORK_INFO_CHANGED, going from CONNECTED to CONNECTING
D/ConnectivityService(  459): NetworkAgentInfo [WIFI () - 103] EVENT_NETWORK_INFO_CHANGED, going from CONNECTING to CONNECTED
I/ActivityManager(  459): Killing 9626:com.google.android.apps.docs/u0a41 (adj 15): empty for 1816s
I/ActivityManager(  459): Killing 9606:com.android.externalstorage/u0a6 (adj 15): empty for 1816s
D/WifiService(  459): acquireWifiLockLocked: WifiLock{NlpWifiLock type=2 binder=android.os.BinderProxy@285a7348}
I/ActivityManager(  459): Start proc 19655:com.android.vending/u0a18 for service com.android.vending/com.google.android.finsky.scheduler.JobSchedulerEngine$PhoneskyJobSchedulerJobService
D/WifiService(  459): releaseWifiLockLocked: WifiLock{NlpWifiLock type=2 binder=android.os.BinderProxy@285a7348}
D/ConnectivityService(  459): listenForNetwork for NetworkRequest [ id=109, legacyType=-1, [ Capabilities: INTERNET&NOT_RESTRICTED&TRUSTED] ]
D/ConnectivityService(  459): handleRegisterNetworkRequest checking NetworkAgentInfo [WIFI () - 103]
D/ConnectivityService(  459): apparently satisfied.  currentScore=100
W/ResourcesManager(19655): Asset path '/system/framework/com.android.media.remotedisplay.jar' does not exist or contains no resources.
W/ResourcesManager(19655): Asset path '/system/framework/com.android.location.provider.jar' does not exist or contains no resources.
W/ResourcesManager(19655): Asset path '/system/framework/com.google.android.maps.jar' does not exist or contains no resources.
I/ActivityManager(  459): Start proc 19769:com.android.vending:instant_app_installer/u0a18 for service com.android.vending/com.google.android.finsky.instantapps.statussync.StatusSyncService
W/ResourcesManager(19655): Asset path '/system/framework/com.android.media.remotedisplay.jar' does not exist or contains no resources.
W/ResourcesManager(19655): Asset path '/system/framework/com.android.location.provider.jar' does not exist or contains no resources.
W/PackageManager(  459): Package named 'org.videolan.vlc' doesn't exist.
W/PackageManager(  459): Package named 'com.google.android.apps.travel.onthego' doesn't exist.
W/PackageManager(  459): Package named 'com.stainlessgames.carmageddon' doesn't exist.
W/PackageManager(  459): Package named 'com.ulmon.android.citymaps2go' doesn't exist.
W/PackageManager(  459): Package named 'com.navfree.android.OSM.ALL' doesn't exist.
W/PackageManager(  459): Package named 'stericson.busybox' doesn't exist.
W/PackageManager(  459): Package named 'com.rovio.angrybirdsstarwars.ads.iap' doesn't exist.
W/PackageManager(  459): Package named 'com.ea.gp.fifamobile' doesn't exist.
I/ActivityManager(  459): Killing 10767:com.quicinc.trepn/u0a91 (adj 15): empty for 1806s
D/ConnectivityService(  459): updateNetworkScore for NetworkAgentInfo [WIFI () - 103] to 56
D/ConnectivityService(  459): rematching NetworkAgentInfo [WIFI () - 103]
D/ConnectivityService(  459): Network NetworkAgentInfo [WIFI () - 103] was already satisfying request 1. No change.
D/ConnectivityService(  459): notifyType AVAILABLE for NetworkAgentInfo [WIFI () - 103]
D/ConnectivityService(  459): updateNetworkScore for NetworkAgentInfo [WIFI () - 103] to 60
D/ConnectivityService(  459): rematching NetworkAgentInfo [WIFI () - 103]
D/ConnectivityService(  459): Network NetworkAgentInfo [WIFI () - 103] was already satisfying request 1. No change.
D/ConnectivityService(  459): notifyType AVAILABLE for NetworkAgentInfo [WIFI () - 103]
D/ConnectivityService(  459): NetworkAgentInfo [WIFI () - 103] EVENT_NETWORK_INFO_CHANGED, going from CONNECTED to CONNECTING
D/ConnectivityService(  459): NetworkAgentInfo [WIFI () - 103] EVENT_NETWORK_INFO_CHANGED, going from CONNECTING to CONNECTED
I/ActivityManager(  459): Killing 9825:com.google.android.talk/u0a13 (adj 15): empty for 1807s
I/UsageStatsService(  459): User[0] Flushing usage stats to disk
W/ResourcesManager( 7946): Asset path '/system/framework/com.android.media.remotedisplay.jar' does not exist or contains no resources.
W/ResourcesManager( 7946): Asset path '/system/framework/com.android.location.provider.jar' does not exist or contains no resources.
D/WifiService(  459): acquireWifiLockLocked: WifiLock{NlpWifiLock type=2 binder=android.os.BinderProxy@6189ff2}
D/WifiService(  459): releaseWifiLockLocked: WifiLock{NlpWifiLock type=2 binder=android.os.BinderProxy@6189ff2}
D/ConnectivityService(  459): updateNetworkScore for NetworkAgentInfo [WIFI () - 103] to 56
D/ConnectivityService(  459): rematching NetworkAgentInfo [WIFI () - 103]
D/ConnectivityService(  459): Network NetworkAgentInfo [WIFI () - 103] was already satisfying request 1. No change.
D/ConnectivityService(  459): notifyType AVAILABLE for NetworkAgentInfo [WIFI () - 103]
D/ConnectivityService(  459): updateNetworkScore for NetworkAgentInfo [WIFI () - 103] to 60
D/ConnectivityService(  459): rematching NetworkAgentInfo [WIFI () - 103]
D/ConnectivityService(  459): Network NetworkAgentInfo [WIFI () - 103] was already satisfying request 1. No change.
D/ConnectivityService(  459): notifyType AVAILABLE for NetworkAgentInfo [WIFI () - 103]
I/ActivityManager(  459): Killing 12514:com.opera.browser:alarm_receiver/u0a85 (adj 15): empty for 1815s
D/ConnectivityService(  459): updateNetworkScore for NetworkAgentInfo [WIFI () - 103] to 56
D/ConnectivityService(  459): rematching NetworkAgentInfo [WIFI () - 103]
D/ConnectivityService(  459): Network NetworkAgentInfo [WIFI () - 103] was already satisfying request 1. No change.
D/ConnectivityService(  459): notifyType AVAILABLE for NetworkAgentInfo [WIFI () - 103]
D/ConnectivityService(  459): updateNetworkScore for NetworkAgentInfo [WIFI () - 103] to 60
D/ConnectivityService(  459): rematching NetworkAgentInfo [WIFI () - 103]
D/ConnectivityService(  459): Network NetworkAgentInfo [WIFI () - 103] was already satisfying request 1. No change.
D/ConnectivityService(  459): notifyType AVAILABLE for NetworkAgentInfo [WIFI () - 103]
D/ConnectivityService(  459): updateNetworkScore for NetworkAgentInfo [WIFI () - 103] to 56
D/ConnectivityService(  459): rematching NetworkAgentInfo [WIFI () - 103]
D/ConnectivityService(  459): Network NetworkAgentInfo [WIFI () - 103] was already satisfying request 1. No change.
D/ConnectivityService(  459): notifyType AVAILABLE for NetworkAgentInfo [WIFI () - 103]
D/ConnectivityService(  459): updateNetworkScore for NetworkAgentInfo [WIFI () - 103] to 60
D/ConnectivityService(  459): rematching NetworkAgentInfo [WIFI () - 103]
D/ConnectivityService(  459): Network NetworkAgentInfo [WIFI () - 103] was already satisfying request 1. No change.
D/ConnectivityService(  459): notifyType AVAILABLE for NetworkAgentInfo [WIFI () - 103]
--------- beginning of main
D/ConnectivityManager.CallbackHandler( 1010): CM callback handler got msg 524290
D/ConnectivityManager.CallbackHandler(14723): CM callback handler got msg 524290
D/ConnectivityManager.CallbackHandler(19655): CM callback handler got msg 524290
W/Wifi    ( 3847): Failed to read packet and byte counts from wifi interface
W/Wifi    ( 3847): Failed to read packet and byte counts from wifi interface
W/Wifi    ( 3847): Failed to read packet and byte counts from wifi interface
W/Wifi    ( 3847): Failed to read packet and byte counts from wifi interface
E/WifiStateMachine(  459): WifiStateMachine CMD_START_SCAN source -2 txSuccessRate=0.13 rxSuccessRate=1.28 targetRoamBSSID=f0:9f:c2:f4:b8:94 RSSI=-60
W/ctxmgr  ( 1049): [AclManager]No 2 for (accnt=account#-517948760#, com.google.android.gms(10008):IndoorOutdoorProducer, vrsn=12685000, 0, 3pPkg = null ,  3pMdlId = null ,  pid = 1049). Was: 3 for 57, account#-517948760#
W/Wifi    ( 3847): Failed to read packet and byte counts from wifi interface
W/Wifi    ( 3847): Failed to read packet and byte counts from wifi interface
W/Wifi    ( 3847): Failed to read packet and byte counts from wifi interface
W/Wifi    ( 3847): Failed to read packet and byte counts from wifi interface
W/Wifi    ( 3847): Failed to read packet and byte counts from wifi interface
W/Wifi    ( 3847): Failed to read packet and byte counts from wifi interface
W/Wifi    ( 3847): Failed to read packet and byte counts from wifi interface
W/Wifi    ( 3847): Failed to read packet and byte counts from wifi interface
E/native  (  459): do suspend false
E/WifiStateMachine(  459): scanCount==0 - aborting
I/dhcpcd  (21512): sending signal 14 to pid 5509
I/dhcpcd  ( 5509): received SIGALRM, renewing
I/dhcpcd  ( 5509): wlan0: renewing lease of 10.19.0.144
I/dhcpcd  ( 5509): wlan0: acknowledged 10.19.0.144 from 10.19.0.1
I/dhcpcd  ( 5509): wlan0: leased 10.19.0.144 for 600 seconds
D/ConnectivityService(  459): NetworkAgentInfo [WIFI () - 103] EVENT_NETWORK_INFO_CHANGED, going from CONNECTED to CONNECTING
D/ConnectivityService(  459): NetworkAgentInfo [WIFI () - 103] EVENT_NETWORK_INFO_CHANGED, going from CONNECTING to CONNECTED
I/GeofencerStateMachine( 1049): sendWifiConnectivityChanged: connectivity=false
E/WifiStateMachine(  459): WifiStateMachine: Leaving Connected state
I/GeofencerStateMachine( 1049): sendWifiConnectivityChanged: connectivity=true
W/Wifi    ( 3847): Failed to read packet and byte counts from wifi interface
W/Wifi    ( 3847): Failed to read packet and byte counts from wifi interface
W/Wifi    ( 3847): Failed to read packet and byte counts from wifi interface
W/Wifi    ( 3847): Failed to read packet and byte counts from wifi interface
W/Wifi    ( 3847): Failed to read packet and byte counts from wifi interface
W/Wifi    ( 3847): Failed to read packet and byte counts from wifi interface
W/Wifi    ( 3847): Failed to read packet and byte counts from wifi interface
W/Wifi    ( 3847): Failed to read packet and byte counts from wifi interface
W/Wifi    ( 3847): Failed to read packet and byte counts from wifi interface
I/vgn     ( 1049): 35-GetDeviceDataUploadOptInStatusOperation -- metadata{ service_id: 0 }
I/vgn     ( 1049): 35-GetDeviceDataUploadOptInStatusOperation -- metadata{ service_id: 0 }
W/Wifi    ( 3847): Failed to read packet and byte counts from wifi interface
W/Wifi    ( 3847): Failed to read packet and byte counts from wifi interface
W/Wifi    ( 3847): Failed to read packet and byte counts from wifi interface
E/WifiStateMachine(  459): WifiStateMachine CMD_START_SCAN source -2 txSuccessRate=0.31 rxSuccessRate=1.25 targetRoamBSSID=f0:9f:c2:f4:b8:94 RSSI=-60
E/WifiStateMachine(  459): WifiStateMachine L2Connected CMD_START_SCAN source -2 789, 790 -> obsolete
W/Wifi    ( 3847): Failed to read packet and byte counts from wifi interface
W/Wifi    ( 3847): Failed to read packet and byte counts from wifi interface
W/Wifi    ( 3847): Failed to read packet and byte counts from wifi interface
W/Wifi    ( 3847): Failed to read packet and byte counts from wifi interface
W/Wifi    ( 3847): Failed to read packet and byte counts from wifi interface
W/Wifi    ( 3847): Failed to read packet and byte counts from wifi interface
W/Wifi    ( 3847): Failed to read packet and byte counts from wifi interface
W/Wifi    ( 3847): Failed to read packet and byte counts from wifi interface
E/WifiStateMachine(  459): WifiStateMachine CMD_START_SCAN source -2 txSuccessRate=0.04 rxSuccessRate=0.66 targetRoamBSSID=f0:9f:c2:f4:b8:94 RSSI=-63
W/Wifi    ( 3847): Failed to read packet and byte counts from wifi interface
W/Wifi    ( 3847): Failed to read packet and byte counts from wifi interface
W/Wifi    ( 3847): Failed to read packet and byte counts from wifi interface
W/Wifi    ( 3847): Failed to read packet and byte counts from wifi interface
D/ConnectivityService(  459): updateNetworkScore for NetworkAgentInfo [WIFI () - 103] to 56
D/ConnectivityService(  459): rematching NetworkAgentInfo [WIFI () - 103]
D/ConnectivityService(  459): Network NetworkAgentInfo [WIFI () - 103] was already satisfying request 1. No change.
D/ConnectivityService(  459): notifyType AVAILABLE for NetworkAgentInfo [WIFI () - 103]
D/ConnectivityManager.CallbackHandler( 8196): CM callback handler got msg 524290
D/ConnectivityManager.CallbackHandler(  663): CM callback handler got msg 524290
D/ConnectivityManager.CallbackHandler( 1010): CM callback handler got msg 524290
D/ConnectivityManager.CallbackHandler(14723): CM callback handler got msg 524290
D/ConnectivityManager.CallbackHandler( 1010): CM callback handler got msg 524290
D/ConnectivityManager.CallbackHandler(19655): CM callback handler got msg 524290
D/ConnectivityManager.CallbackHandler( 1010): CM callback handler got msg 524290
W/Wifi    ( 3847): Failed to read packet and byte counts from wifi interface
W/Wifi    ( 3847): Failed to read packet and byte counts from wifi interface
W/Wifi    ( 3847): Failed to read packet and byte counts from wifi interface
D/ConnectivityService(  459): updateNetworkScore for NetworkAgentInfo [WIFI () - 103] to 60
D/ConnectivityService(  459): rematching NetworkAgentInfo [WIFI () - 103]
D/ConnectivityService(  459): Network NetworkAgentInfo [WIFI () - 103] was already satisfying request 1. No change.
D/ConnectivityService(  459): notifyType AVAILABLE for NetworkAgentInfo [WIFI () - 103]
D/ConnectivityManager.CallbackHandler(  663): CM callback handler got msg 524290
D/ConnectivityManager.CallbackHandler( 1010): CM callback handler got msg 524290
D/ConnectivityManager.CallbackHandler( 1010): CM callback handler got msg 524290
D/ConnectivityManager.CallbackHandler( 8196): CM callback handler got msg 524290
D/ConnectivityManager.CallbackHandler( 1010): CM callback handler got msg 524290
D/ConnectivityManager.CallbackHandler(14723): CM callback handler got msg 524290
D/ConnectivityManager.CallbackHandler(19655): CM callback handler got msg 524290
W/Wifi    ( 3847): Failed to read packet and byte counts from wifi interface
W/Wifi    ( 3847): Failed to read packet and byte counts from wifi interface
W/Wifi    ( 3847): Failed to read packet and byte counts from wifi interface
W/Wifi    ( 3847): Failed to read packet and byte counts from wifi interface
W/Wifi    ( 3847): Failed to read packet and byte counts from wifi interface
I/DeviceStateChecker( 8196): screenOn: true, isCharging: true
W/Wifi    ( 3847): Failed to read packet and byte counts from wifi interface
W/Wifi    ( 3847): Failed to read packet and byte counts from wifi interface
W/Wifi    ( 3847): Failed to read packet and byte counts from wifi interface
W/Wifi    ( 3847): Failed to read packet and byte counts from wifi interface
W/Wifi    ( 3847): Failed to read packet and byte counts from wifi interface
W/Wifi    ( 3847): Failed to read packet and byte counts from wifi interface
W/Wifi    ( 3847): Failed to read packet and byte counts from wifi interface
W/Wifi    ( 3847): Failed to read packet and byte counts from wifi interface
E/WifiStateMachine(  459): WifiStateMachine CMD_START_SCAN source -2 txSuccessRate=0.50 rxSuccessRate=1.54 targetRoamBSSID=f0:9f:c2:f4:b8:94 RSSI=-65
W/Wifi    ( 3847): Failed to read packet and byte counts from wifi interface
W/Wifi    ( 3847): Failed to read packet and byte counts from wifi interface
W/Wifi    ( 3847): Failed to read packet and byte counts from wifi interface
W/Wifi    ( 3847): Failed to read packet and byte counts from wifi interface
W/Wifi    ( 3847): Failed to read packet and byte counts from wifi interface
W/Wifi    ( 3847): Failed to read packet and byte counts from wifi interface
W/Wifi    ( 3847): Failed to read packet and byte counts from wifi interface
W/Wifi    ( 3847): Failed to read packet and byte counts from wifi interface
W/Wifi    ( 3847): Failed to read packet and byte counts from wifi interface
W/Wifi    ( 3847): Failed to read packet and byte counts from wifi interface
W/Wifi    ( 3847): Failed to read packet and byte counts from wifi interface
W/Wifi    ( 3847): Failed to read packet and byte counts from wifi interface
W/Wifi    ( 3847): Failed to read packet and byte counts from wifi interface
W/Wifi    ( 3847): Failed to read packet and byte counts from wifi interface
W/Wifi    ( 3847): Failed to read packet and byte counts from wifi interface
W/Wifi    ( 3847): Failed to read packet and byte counts from wifi interface
W/Wifi    ( 3847): Failed to read packet and byte counts from wifi interface
W/Wifi    ( 3847): Failed to read packet and byte counts from wifi interface
W/Wifi    ( 3847): Failed to read packet and byte counts from wifi interface
W/Wifi    ( 3847): Failed to read packet and byte counts from wifi interface
E/WifiStateMachine(  459): WifiStateMachine CMD_START_SCAN source -2 txSuccessRate=0.01 rxSuccessRate=2.12 targetRoamBSSID=f0:9f:c2:f4:b8:94 RSSI=-58
W/Wifi    ( 3847): Failed to read packet and byte counts from wifi interface
W/Wifi    ( 3847): Failed to read packet and byte counts from wifi interface
W/Wifi    ( 3847): Failed to read packet and byte counts from wifi interface
W/Wifi    ( 3847): Failed to read packet and byte counts from wifi interface
W/Wifi    ( 3847): Failed to read packet and byte counts from wifi interface
W/Wifi    ( 3847): Failed to read packet and byte counts from wifi interface
W/Wifi    ( 3847): Failed to read packet and byte counts from wifi interface
W/Wifi    ( 3847): Failed to read packet and byte counts from wifi interface
W/Wifi    ( 3847): Failed to read packet and byte counts from wifi interface
I/ActivityManager(  459): Killing 8110:com.google.android.apps.gcs/u0a7 (adj 15): empty for 1827s
D/WifiService(  459): Client connection lost with reason: 4
I/ProcessStatsService(  459): Prepared write state in 1ms
I/art     ( 1049): Explicit concurrent mark sweep GC freed 170305(7MB) AllocSpace objects, 3(192KB) LOS objects, 35% free, 28MB/44MB, paused 671us total 121.438ms
I/vgn     ( 1049): 35-GetDeviceDataUploadOptInStatusOperation -- metadata{ service_id: 0 }
I/vgn     ( 1049): 35-GetDeviceDataUploadOptInStatusOperation -- metadata{ service_id: 0 }
W/Wifi    ( 3847): Failed to read packet and byte counts from wifi interface
W/Wifi    ( 3847): Failed to read packet and byte counts from wifi interface
W/Wifi    ( 3847): Failed to read packet and byte counts from wifi interface
W/Wifi    ( 3847): Failed to read packet and byte counts from wifi interface
W/Wifi    ( 3847): Failed to read packet and byte counts from wifi interface
W/Wifi    ( 3847): Failed to read packet and byte counts from wifi interface
W/Wifi    ( 3847): Failed to read packet and byte counts from wifi interface
W/Wifi    ( 3847): Failed to read packet and byte counts from wifi interface
W/Wifi    ( 3847): Failed to read packet and byte counts from wifi interface
W/Wifi    ( 3847): Failed to read packet and byte counts from wifi interface
W/Wifi    ( 3847): Failed to read packet and byte counts from wifi interface
E/WifiStateMachine(  459): WifiStateMachine CMD_START_SCAN source -2 txSuccessRate=1.19 rxSuccessRate=0.58 targetRoamBSSID=f0:9f:c2:f4:b8:94 RSSI=-56
W/Wifi    ( 3847): Failed to read packet and byte counts from wifi interface
W/Wifi    ( 3847): Failed to read packet and byte counts from wifi interface
W/Wifi    ( 3847): Failed to read packet and byte counts from wifi interface
W/Wifi    ( 3847): Failed to read packet and byte counts from wifi interface
W/Wifi    ( 3847): Failed to read packet and byte counts from wifi interface
W/Wifi    ( 3847): Failed to read packet and byte counts from wifi interface
W/Wifi    ( 3847): Failed to read packet and byte counts from wifi interface
W/Wifi    ( 3847): Failed to read packet and byte counts from wifi interface
W/Wifi    ( 3847): Failed to read packet and byte counts from wifi interface
W/Wifi    ( 3847): Failed to read packet and byte counts from wifi interface
W/Wifi    ( 3847): Failed to read packet and byte counts from wifi interface
W/Wifi    ( 3847): Failed to read packet and byte counts from wifi interface
W/Wifi    ( 3847): Failed to read packet and byte counts from wifi interface
W/Wifi    ( 3847): Failed to read packet and byte counts from wifi interface
W/Wifi    ( 3847): Failed to read packet and byte counts from wifi interface
W/Wifi    ( 3847): Failed to read packet and byte counts from wifi interface
W/Wifi    ( 3847): Failed to read packet and byte counts from wifi interface
W/Wifi    ( 3847): Failed to read packet and byte counts from wifi interface
W/Wifi    ( 3847): Failed to read packet and byte counts from wifi interface
W/Wifi    ( 3847): Failed to read packet and byte counts from wifi interface
E/WifiStateMachine(  459): WifiStateMachine CMD_START_SCAN source -2 txSuccessRate=0.06 rxSuccessRate=0.93 targetRoamBSSID=f0:9f:c2:f4:b8:94 RSSI=-58
W/Wifi    ( 3847): Failed to read packet and byte counts from wifi interface
W/Wifi    ( 3847): Failed to read packet and byte counts from wifi interface
W/Wifi    ( 3847): Failed to read packet and byte counts from wifi interface
W/Wifi    ( 3847): Failed to read packet and byte counts from wifi interface
W/Wifi    ( 3847): Failed to read packet and byte counts from wifi interface
W/Wifi    ( 3847): Failed to read packet and byte counts from wifi interface
W/Wifi    ( 3847): Failed to read packet and byte counts from wifi interface
W/Wifi    ( 3847): Failed to read packet and byte counts from wifi interface
W/Wifi    ( 3847): Failed to read packet and byte counts from wifi interface
W/Wifi    ( 3847): Failed to read packet and byte counts from wifi interface
W/Wifi    ( 3847): Failed to read packet and byte counts from wifi interface
W/Wifi    ( 3847): Failed to read packet and byte counts from wifi interface
W/Wifi    ( 3847): Failed to read packet and byte counts from wifi interface
W/Wifi    ( 3847): Failed to read packet and byte counts from wifi interface
W/Wifi    ( 3847): Failed to read packet and byte counts from wifi interface
W/Wifi    ( 3847): Failed to read packet and byte counts from wifi interface
W/Wifi    ( 3847): Failed to read packet and byte counts from wifi interface
W/Wifi    ( 3847): Failed to read packet and byte counts from wifi interface
W/Wifi    ( 3847): Failed to read packet and byte counts from wifi interface
W/Wifi    ( 3847): Failed to read packet and byte counts from wifi interface
E/WifiStateMachine(  459): WifiStateMachine CMD_START_SCAN source -2 txSuccessRate=0.28 rxSuccessRate=0.84 targetRoamBSSID=f0:9f:c2:f4:b8:94 RSSI=-60
W/Wifi    ( 3847): Failed to read packet and byte counts from wifi interface
W/Wifi    ( 3847): Failed to read packet and byte counts from wifi interface
W/Wifi    ( 3847): Failed to read packet and byte counts from wifi interface
W/Wifi    ( 3847): Failed to read packet and byte counts from wifi interface
W/Wifi    ( 3847): Failed to read packet and byte counts from wifi interface
W/Wifi    ( 3847): Failed to read packet and byte counts from wifi interface
W/Wifi    ( 3847): Failed to read packet and byte counts from wifi interface
D/AndroidRuntime(22079): >>>>>> START com.android.internal.os.RuntimeInit uid 2000 <<<<<<
D/AndroidRuntime(22079): CheckJNI is OFF
D/AndroidRuntime(22079): Calling main entry com.android.commands.pm.Pm
I/art     (22079): System.exit called, status: 0
I/AndroidRuntime(22079): VM exiting with result code 0.
W/Wifi    ( 3847): Failed to read packet and byte counts from wifi interface
D/AndroidRuntime(22092): >>>>>> START com.android.internal.os.RuntimeInit uid 2000 <<<<<<
D/AndroidRuntime(22092): CheckJNI is OFF
D/AndroidRuntime(22092): Calling main entry com.android.commands.pm.Pm
I/art     (22092): System.exit called, status: 0
I/AndroidRuntime(22092): VM exiting with result code 0.
W/Wifi    ( 3847): Failed to read packet and byte counts from wifi interface
I/vgn     ( 1049): 35-GetDeviceDataUploadOptInStatusOperation -- metadata{ service_id: 0 }
I/vgn     ( 1049): 35-GetDeviceDataUploadOptInStatusOperation -- metadata{ service_id: 0 }
W/Wifi    ( 3847): Failed to read packet and byte counts from wifi interface
W/Wifi    ( 3847): Failed to read packet and byte counts from wifi interface
W/Wifi    ( 3847): Failed to read packet and byte counts from wifi interface
W/Wifi    ( 3847): Failed to read packet and byte counts from wifi interface
W/Wifi    ( 3847): Failed to read packet and byte counts from wifi interface
W/Wifi    ( 3847): Failed to read packet and byte counts from wifi interface
W/Wifi    ( 3847): Failed to read packet and byte counts from wifi interface
W/Wifi    ( 3847): Failed to read packet and byte counts from wifi interface
W/Wifi    ( 3847): Failed to read packet and byte counts from wifi interface
W/Wifi    ( 3847): Failed to read packet and byte counts from wifi interface
W/Wifi    ( 3847): Failed to read packet and byte counts from wifi interface
E/WifiStateMachine(  459): WifiStateMachine CMD_START_SCAN source -2 txSuccessRate=0.50 rxSuccessRate=0.66 targetRoamBSSID=f0:9f:c2:f4:b8:94 RSSI=-62
W/Wifi    ( 3847): Failed to read packet and byte counts from wifi interface
W/Wifi    ( 3847): Failed to read packet and byte counts from wifi interface
W/Wifi    ( 3847): Failed to read packet and byte counts from wifi interface
W/Wifi    ( 3847): Failed to read packet and byte counts from wifi interface
W/Wifi    ( 3847): Failed to read packet and byte counts from wifi interface
W/Wifi    ( 3847): Failed to read packet and byte counts from wifi interface
W/Wifi    ( 3847): Failed to read packet and byte counts from wifi interface
W/Wifi    ( 3847): Failed to read packet and byte counts from wifi interface
W/Wifi    ( 3847): Failed to read packet and byte counts from wifi interface
W/Wifi    ( 3847): Failed to read packet and byte counts from wifi interface
W/Wifi    ( 3847): Failed to read packet and byte counts from wifi interface
W/Wifi    ( 3847): Failed to read packet and byte counts from wifi interface
W/Wifi    ( 3847): Failed to read packet and byte counts from wifi interface
W/Wifi    ( 3847): Failed to read packet and byte counts from wifi interface
W/Wifi    ( 3847): Failed to read packet and byte counts from wifi interface
W/Wifi    ( 3847): Failed to read packet and byte counts from wifi interface
W/Wifi    ( 3847): Failed to read packet and byte counts from wifi interface
W/Wifi    ( 3847): Failed to read packet and byte counts from wifi interface
W/Wifi    ( 3847): Failed to read packet and byte counts from wifi interface
W/Wifi    ( 3847): Failed to read packet and byte counts from wifi interface
E/WifiStateMachine(  459): WifiStateMachine CMD_START_SCAN source -2 txSuccessRate=0.02 rxSuccessRate=1.30 targetRoamBSSID=f0:9f:c2:f4:b8:94 RSSI=-55
W/Wifi    ( 3847): Failed to read packet and byte counts from wifi interface
W/Wifi    ( 3847): Failed to read packet and byte counts from wifi interface
W/Wifi    ( 3847): Failed to read packet and byte counts from wifi interface
W/Wifi    ( 3847): Failed to read packet and byte counts from wifi interface
W/Wifi    ( 3847): Failed to read packet and byte counts from wifi interface
W/Wifi    ( 3847): Failed to read packet and byte counts from wifi interface
W/Wifi    ( 3847): Failed to read packet and byte counts from wifi interface
W/Wifi    ( 3847): Failed to read packet and byte counts from wifi interface
W/Wifi    ( 3847): Failed to read packet and byte counts from wifi interface
W/Wifi    ( 3847): Failed to read packet and byte counts from wifi interface
W/Wifi    ( 3847): Failed to read packet and byte counts from wifi interface
W/Wifi    ( 3847): Failed to read packet and byte counts from wifi interface
W/Wifi    ( 3847): Failed to read packet and byte counts from wifi interface
W/Wifi    ( 3847): Failed to read packet and byte counts from wifi interface
W/Wifi    ( 3847): Failed to read packet and byte counts from wifi interface
W/Wifi    ( 3847): Failed to read packet and byte counts from wifi interface
W/Wifi    ( 3847): Failed to read packet and byte counts from wifi interface
W/Wifi    ( 3847): Failed to read packet and byte counts from wifi interface
W/Wifi    ( 3847): Failed to read packet and byte counts from wifi interface
W/Wifi    ( 3847): Failed to read packet and byte counts from wifi interface
