I/ActivityManager(  459): START u0 {act=com.android.systemui.recents.SHOW_RECENTS flg=0x10804000 cmp=com.android.systemui/.recents.RecentsActivity} from uid 10022 on display 0
D/WifiService(  459): New client listening to asynchronous messages
I/ActivityManager(  459): Killing 5475:com.android.settings/1000 (adj 9): remove task
I/WindowState(  459): WIN DEATH: Window{2d228b8b u0 com.android.settings/com.android.settings.wifi.WifiPickerActivity}
D/WifiService(  459): Client connection lost with reason: 4
D/TaskPersister(  459): removeObsoleteFile: deleting file=4597_task.xml
D/TaskPersister(  459): removeObsoleteFile: deleting file=4597_task_thumbnail.png
I/ActivityManager(  459): Killing 6082:com.android.captiveportallogin/u0a33 (adj 13): remove task
D/ConnectivityService(  459): ConnectivityService NetworkRequestInfo binderDied(NetworkRequest [ id=83, legacyType=-1, [ Capabilities: INTERNET&NOT_RESTRICTED&TRUSTED] ], android.os.BinderProxy@2a2f165c)
D/ConnectivityService(  459): releasing NetworkRequest NetworkRequest [ id=83, legacyType=-1, [ Capabilities: INTERNET&NOT_RESTRICTED&TRUSTED] ]
E/ConnectivityService(  459): RemoteException caught trying to send a callback msg for NetworkRequest [ id=83, legacyType=-1, [ Capabilities: INTERNET&NOT_RESTRICTED&TRUSTED] ]
D/TaskPersister(  459): removeObsoleteFile: deleting file=4598_task.xml
D/TaskPersister(  459): removeObsoleteFile: deleting file=4598_task_thumbnail.png
I/ActivityManager(  459): Killing 5253:com.android.chrome:privileged_process0/u0a35 (adj 9): remove task
I/ActivityManager(  459): Killing 5185:com.android.chrome/u0a35 (adj 11): remove task
I/WindowState(  459): WIN DEATH: Window{3810a172 u0 com.android.chrome/org.chromium.chrome.browser.ChromeTabbedActivity}
W/WindowManager(  459): Force-removing child win Window{114eecca u0 SurfaceView} from container Window{3810a172 u0 com.android.chrome/org.chromium.chrome.browser.ChromeTabbedActivity}
D/ConnectivityService(  459): ConnectivityService NetworkRequestInfo binderDied(NetworkRequest [ id=77, legacyType=-1, [ Capabilities: INTERNET&NOT_RESTRICTED&TRUSTED] ], android.os.BinderProxy@12d79a3a)
D/ConnectivityService(  459): releasing NetworkRequest NetworkRequest [ id=77, legacyType=-1, [ Capabilities: INTERNET&NOT_RESTRICTED&TRUSTED] ]
E/ConnectivityService(  459): RemoteException caught trying to send a callback msg for NetworkRequest [ id=77, legacyType=-1, [ Capabilities: INTERNET&NOT_RESTRICTED&TRUSTED] ]
W/WindowManager(  459): Failed looking up window
W/WindowManager(  459): java.lang.IllegalArgumentException: Requested window android.os.BinderProxy@2df28035 does not exist
W/WindowManager(  459): 	at com.android.server.wm.WindowManagerService.windowForClientLocked(WindowManagerService.java:8539)
W/WindowManager(  459): 	at com.android.server.wm.WindowManagerService.windowForClientLocked(WindowManagerService.java:8530)
W/WindowManager(  459): 	at com.android.server.wm.WindowState$DeathRecipient.binderDied(WindowState.java:1142)
W/WindowManager(  459): 	at android.os.BinderProxy.sendDeathNotice(Binder.java:551)
I/WindowState(  459): WIN DEATH: null
I/ActivityManager(  459): Killing 5211:com.android.chrome:sandboxed_process0/u0a35i51 (adj 9): remove task
W/libprocessgroup(  459): failed to open /acct/uid_10035/pid_5211/cgroup.procs: No such file or directory
I/ActivityManager(  459): Killing 5439:com.android.chrome:sandboxed_process2/u0a35i53 (adj 9): remove task
W/libprocessgroup(  459): failed to open /acct/uid_10035/pid_5439/cgroup.procs: No such file or directory
W/ActivityManager(  459): Scheduling restart of crashed service com.android.chrome/org.chromium.content.app.PrivilegedProcessService0 in 1000ms
W/ActivityManager(  459): Exception when unbinding service com.android.chrome/org.chromium.content.app.SandboxedProcessService2
W/ActivityManager(  459): android.os.DeadObjectException
W/ActivityManager(  459): 	at android.os.BinderProxy.transactNative(Native Method)
W/ActivityManager(  459): 	at android.os.BinderProxy.transact(Binder.java:496)
W/ActivityManager(  459): 	at android.app.ApplicationThreadProxy.scheduleUnbindService(ApplicationThreadNative.java:921)
W/ActivityManager(  459): 	at com.android.server.am.ActiveServices.removeConnectionLocked(ActiveServices.java:1795)
W/ActivityManager(  459): 	at com.android.server.am.ActiveServices.killServicesLocked(ActiveServices.java:2193)
W/ActivityManager(  459): 	at com.android.server.am.ActivityManagerService.cleanUpApplicationRecordLocked(ActivityManagerService.java:14895)
W/ActivityManager(  459): 	at com.android.server.am.ActivityManagerService.handleAppDiedLocked(ActivityManagerService.java:4552)
W/ActivityManager(  459): 	at com.android.server.am.ActivityManagerService.appDiedLocked(ActivityManagerService.java:4717)
W/ActivityManager(  459): 	at com.android.server.am.ActivityManagerService$AppDeathRecipient.binderDied(ActivityManagerService.java:1229)
W/ActivityManager(  459): 	at android.os.BinderProxy.sendDeathNotice(Binder.java:551)
W/ActivityManager(  459): Exception when unbinding service com.android.chrome/org.chromium.content.app.SandboxedProcessService0
W/ActivityManager(  459): android.os.DeadObjectException
W/ActivityManager(  459): 	at android.os.BinderProxy.transactNative(Native Method)
W/ActivityManager(  459): 	at android.os.BinderProxy.transact(Binder.java:496)
W/ActivityManager(  459): 	at android.app.ApplicationThreadProxy.scheduleUnbindService(ApplicationThreadNative.java:921)
W/ActivityManager(  459): 	at com.android.server.am.ActiveServices.removeConnectionLocked(ActiveServices.java:1795)
W/ActivityManager(  459): 	at com.android.server.am.ActiveServices.killServicesLocked(ActiveServices.java:2193)
W/ActivityManager(  459): 	at com.android.server.am.ActivityManagerService.cleanUpApplicationRecordLocked(ActivityManagerService.java:14895)
W/ActivityManager(  459): 	at com.android.server.am.ActivityManagerService.handleAppDiedLocked(ActivityManagerService.java:4552)
W/ActivityManager(  459): 	at com.android.server.am.ActivityManagerService.appDiedLocked(ActivityManagerService.java:4717)
W/ActivityManager(  459): 	at com.android.server.am.ActivityManagerService$AppDeathRecipient.binderDied(ActivityManagerService.java:1229)
W/ActivityManager(  459): 	at android.os.BinderProxy.sendDeathNotice(Binder.java:551)
D/TaskPersister(  459): removeObsoleteFile: deleting file=4595_task.xml
D/TaskPersister(  459): removeObsoleteFile: deleting file=4595_task_thumbnail.png
D/TaskPersister(  459): removeObsoleteFile: deleting file=4591_task.xml
I/ActivityManager(  459): START u0 {act=android.intent.action.MAIN cat=[android.intent.category.HOME] flg=0x10200000 cmp=com.google.android.googlequicksearchbox/com.google.android.launcher.GEL} from uid 10022 on display 0
W/BroadcastQueue(  459): Skipping deliver [background] BroadcastRecord{3ab2a62f u-1 android.net.conn.CONNECTIVITY_CHANGE} to ReceiverList{240d443c 8667 (unknown name)/2000/u-1 remote:82dd209}: process crashing
I/ActivityManager(  459): START u0 {act=android.intent.action.MAIN cat=[android.intent.category.LAUNCHER] flg=0x10200000 cmp=com.quicinc.trepn/.userinterface.main.TrepnActivity} from uid 2000 on display 0
V/WindowManager(  459): addAppToken: AppWindowToken{33cd764b token=Token{3e512b1a ActivityRecord{26d885c5 u0 com.quicinc.trepn/.userinterface.main.TrepnActivity t4599}}} to stack=1 task=4599 at 0
V/WindowManager(  459): Adding window Window{5920372 u0 Starting com.quicinc.trepn} at 3 of 17 (after Window{26b8dd53 u0 com.google.android.googlequicksearchbox/com.google.android.launcher.GEL})
I/ActivityManager(  459): START u0 {cmp=com.quicinc.trepn/.userinterface.advanced.ProfilingActivity} from uid 10091 on display 0
V/WindowManager(  459): addAppToken: AppWindowToken{2e3f6a35 token=Token{3848346c ActivityRecord{31f791f u0 com.quicinc.trepn/.userinterface.advanced.ProfilingActivity t4599}}} to stack=1 task=4599 at 1
V/WindowManager(  459): Based on layer: Adding window Window{5920372 u0 Starting com.quicinc.trepn} at 3 of 17
V/WindowManager(  459): Adding window Window{114c883b u0 com.quicinc.trepn/com.quicinc.trepn.userinterface.main.TrepnActivity} at 3 of 18 (before Window{5920372 u0 Starting com.quicinc.trepn})
V/WindowManager(  459): Adding window Window{3f716d17 u0 com.quicinc.trepn/com.quicinc.trepn.userinterface.advanced.ProfilingActivity} at 4 of 19 (before Window{5920372 u0 Starting com.quicinc.trepn})
W/ResourcesManager( 7946): Asset path '/system/framework/com.android.media.remotedisplay.jar' does not exist or contains no resources.
W/ResourcesManager( 7946): Asset path '/system/framework/com.android.location.provider.jar' does not exist or contains no resources.
E/ActivityThread( 7946): Failed to find provider info for com.facebook.katana.provider.AttributionIdProvider
W/ActivityManager(  459): getTasks: caller 10089 does not hold GET_TASKS; limiting output
I/ActivityManager(  459): Force stopping com.quicinc.trepn appid=10091 user=0: from pid 8768
I/ActivityManager(  459): Killing 5138:com.quicinc.trepn/u0a91 (adj 0): stop com.quicinc.trepn
I/WindowState(  459): WIN DEATH: Window{114c883b u0 com.quicinc.trepn/com.quicinc.trepn.userinterface.main.TrepnActivity}
I/WindowState(  459): WIN DEATH: Window{3a886dfb u0 com.quicinc.trepn}
I/WindowState(  459): WIN DEATH: Window{3f716d17 u0 com.quicinc.trepn/com.quicinc.trepn.userinterface.advanced.ProfilingActivity}
W/ActivityManager(  459): Scheduling restart of crashed service com.quicinc.trepn/.TrepnService in 1000ms
W/ActivityManager(  459): Force removing ActivityRecord{31f791f u0 com.quicinc.trepn/.userinterface.advanced.ProfilingActivity t4599}: app died, no saved state
I/ActivityManager(  459):   Force finishing activity 3 ActivityRecord{26d885c5 u0 com.quicinc.trepn/.userinterface.main.TrepnActivity t4599}
I/ActivityManager(  459):   Force stopping service ServiceRecord{23a50369 u0 com.quicinc.trepn/.TrepnService}
W/ActivityManager(  459): Spurious death for ProcessRecord{18413a2a 5138:com.quicinc.trepn/u0a91}, curProc for 5138: null
W/InputMethodManagerService(  459): Got RemoteException sending setActive(false) notification to pid 5138 uid 10091
I/ActivityManager(  459): Start proc 8811:com.quicinc.trepn/u0a91 for service com.quicinc.trepn/.TrepnService
I/ActivityManager(  459): Force stopping com.android.chrome appid=10035 user=0: from pid 8844
I/ActivityManager(  459): START u0 {act=android.intent.action.VIEW flg=0x10008000 cmp=com.android.chrome/com.google.android.apps.chrome.Main} from uid 2000 on display 0
V/WindowManager(  459): addAppToken: AppWindowToken{32f036bf token=Token{398594de ActivityRecord{6412c19 u0 com.android.chrome/com.google.android.apps.chrome.Main t4600}}} to stack=1 task=4600 at 0
I/ActivityManager(  459): Start proc 8856:com.android.chrome/u0a35 for activity com.android.chrome/com.google.android.apps.chrome.Main
W/ResourcesManager( 8856): Asset path '/system/framework/com.android.media.remotedisplay.jar' does not exist or contains no resources.
W/ResourcesManager( 8856): Asset path '/system/framework/com.android.location.provider.jar' does not exist or contains no resources.
I/ActivityManager(  459): START u0 {act=android.intent.action.VIEW flg=0x14002000 cmp=com.android.chrome/org.chromium.chrome.browser.ChromeTabbedActivity (has extras)} from uid 10035 on display 0
V/WindowManager(  459): addAppToken: AppWindowToken{48a624 token=Token{11a83eb7 ActivityRecord{19a961b6 u0 com.android.chrome/org.chromium.chrome.browser.ChromeTabbedActivity t4601}}} to stack=1 task=4601 at 0
V/WindowManager(  459): Based on layer: Adding window Window{fef3945 u0 Starting com.android.chrome} at 3 of 17
V/WindowManager(  459): Adding window Window{18bae5ec u0 com.android.chrome/org.chromium.chrome.browser.ChromeTabbedActivity} at 3 of 18 (before Window{fef3945 u0 Starting com.android.chrome})
I/ActivityManager(  459): Start proc 8888:com.android.chrome:sandboxed_process0/u0i54 for service com.android.chrome/org.chromium.content.app.SandboxedProcessService0
V/WindowManager(  459): Adding window Window{49c031 u0 SurfaceView} at 3 of 19 (before Window{18bae5ec u0 com.android.chrome/org.chromium.chrome.browser.ChromeTabbedActivity})
I/ActivityManager(  459): Start proc 8927:com.android.chrome:privileged_process0/u0a35 for service com.android.chrome/org.chromium.content.app.PrivilegedProcessService0
D/ConnectivityService(  459): listenForNetwork for NetworkRequest [ id=84, legacyType=-1, [ Capabilities: INTERNET&NOT_RESTRICTED&TRUSTED] ]
D/ConnectivityService(  459): handleRegisterNetworkRequest checking NetworkAgentInfo [WIFI () - 103]
D/ConnectivityService(  459): apparently satisfied.  currentScore=100
D/ConnectivityService(  459): listenForNetwork for NetworkRequest [ id=85, legacyType=-1, [ Capabilities: INTERNET&NOT_RESTRICTED&TRUSTED] ]
D/ConnectivityService(  459): handleRegisterNetworkRequest checking NetworkAgentInfo [WIFI () - 103]
D/ConnectivityService(  459): apparently satisfied.  currentScore=100
W/ResourcesManager( 8196): Asset path '/system/framework/com.android.media.remotedisplay.jar' does not exist or contains no resources.
W/ResourcesManager( 8196): Asset path '/system/framework/com.android.location.provider.jar' does not exist or contains no resources.
I/ActivityManager(  459): Start proc 8988:com.android.providers.partnerbookmarks/u0a65 for content provider com.android.providers.partnerbookmarks/.PartnerBookmarksProvider
W/FileUtils( 8811): Failed to chmod(/storage/emulated/0/trepn/Trepn_2018.06.17_154437.db): android.system.ErrnoException: chmod failed: EPERM (Operation not permitted)
I/ActivityManager(  459): START u0 {act=android.intent.action.VIEW dat=localhost:8000 flg=0x10000000 cmp=com.android.chrome/com.google.android.apps.chrome.Main} from uid 2000 on display 0
V/WindowManager(  459): addAppToken: AppWindowToken{29f0a2b3 token=Token{2b1d2822 ActivityRecord{1f61b1ed u0 com.android.chrome/com.google.android.apps.chrome.Main t4602}}} to stack=1 task=4602 at 0
D/ConnectivityService(  459): releasing NetworkRequest NetworkRequest [ id=85, legacyType=-1, [ Capabilities: INTERNET&NOT_RESTRICTED&TRUSTED] ]
D/ConnectivityService(  459): listenForNetwork for NetworkRequest [ id=86, legacyType=-1, [ Capabilities: INTERNET&NOT_RESTRICTED&TRUSTED] ]
D/ConnectivityService(  459): handleRegisterNetworkRequest checking NetworkAgentInfo [WIFI () - 103]
D/ConnectivityService(  459): apparently satisfied.  currentScore=100
I/ActivityManager(  459): START u0 {act=android.intent.action.VIEW dat=localhost:8000 flg=0x14002000 cmp=com.android.chrome/org.chromium.chrome.browser.ChromeTabbedActivity (has extras)} from uid 10035 on display 0
W/InputMethodManagerService(  459): Window already focused, ignoring focus gain of: com.android.internal.view.IInputMethodClient$Stub$Proxy@252f997a attribute=null, token = android.os.BinderProxy@1ed0009f
I/ActivityManager(  459): Start proc 9142:com.android.chrome:sandboxed_process1/u0i55 for service com.android.chrome/org.chromium.content.app.SandboxedProcessService1
D/WifiService(  459): acquireWifiLockLocked: WifiLock{NlpWifiLock type=2 binder=android.os.BinderProxy@224b81ff}
D/WifiService(  459): releaseWifiLockLocked: WifiLock{NlpWifiLock type=2 binder=android.os.BinderProxy@224b81ff}
D/ConnectivityService(  459): updateNetworkScore for NetworkAgentInfo [WIFI () - 103] to 56
D/ConnectivityService(  459): rematching NetworkAgentInfo [WIFI () - 103]
D/ConnectivityService(  459): Network NetworkAgentInfo [WIFI () - 103] was already satisfying request 1. No change.
D/ConnectivityService(  459): notifyType AVAILABLE for NetworkAgentInfo [WIFI () - 103]
D/ConnectivityService(  459): updateNetworkScore for NetworkAgentInfo [WIFI () - 103] to 60
D/ConnectivityService(  459): rematching NetworkAgentInfo [WIFI () - 103]
D/ConnectivityService(  459): Network NetworkAgentInfo [WIFI () - 103] was already satisfying request 1. No change.
D/ConnectivityService(  459): notifyType AVAILABLE for NetworkAgentInfo [WIFI () - 103]
D/ConnectivityService(  459): updateNetworkScore for NetworkAgentInfo [WIFI () - 103] to 56
D/ConnectivityService(  459): rematching NetworkAgentInfo [WIFI () - 103]
D/ConnectivityService(  459): Network NetworkAgentInfo [WIFI () - 103] was already satisfying request 1. No change.
D/ConnectivityService(  459): notifyType AVAILABLE for NetworkAgentInfo [WIFI () - 103]
D/ConnectivityService(  459): updateNetworkScore for NetworkAgentInfo [WIFI () - 103] to 60
D/ConnectivityService(  459): rematching NetworkAgentInfo [WIFI () - 103]
D/ConnectivityService(  459): Network NetworkAgentInfo [WIFI () - 103] was already satisfying request 1. No change.
D/ConnectivityService(  459): notifyType AVAILABLE for NetworkAgentInfo [WIFI () - 103]
D/ConnectivityService(  459): updateNetworkScore for NetworkAgentInfo [WIFI () - 103] to 56
D/ConnectivityService(  459): rematching NetworkAgentInfo [WIFI () - 103]
D/ConnectivityService(  459): Network NetworkAgentInfo [WIFI () - 103] was already satisfying request 1. No change.
D/ConnectivityService(  459): notifyType AVAILABLE for NetworkAgentInfo [WIFI () - 103]
I/ActivityManager(  459): Force stopping com.android.chrome appid=10035 user=0: from pid 9510
I/ActivityManager(  459): Killing 8927:com.android.chrome:privileged_process0/u0a35 (adj 0): stop com.android.chrome
W/ActivityManager(  459): Scheduling restart of crashed service com.android.chrome/org.chromium.content.app.PrivilegedProcessService0 in 1000ms
I/ActivityManager(  459): Killing 8856:com.android.chrome/u0a35 (adj 0): stop com.android.chrome
I/WindowState(  459): WIN DEATH: Window{18bae5ec u0 com.android.chrome/org.chromium.chrome.browser.ChromeTabbedActivity}
W/WindowManager(  459): Force-removing child win Window{49c031 u0 SurfaceView} from container Window{18bae5ec u0 com.android.chrome/org.chromium.chrome.browser.ChromeTabbedActivity}
D/ConnectivityService(  459): ConnectivityService NetworkRequestInfo binderDied(NetworkRequest [ id=84, legacyType=-1, [ Capabilities: INTERNET&NOT_RESTRICTED&TRUSTED] ], android.os.BinderProxy@7258318)
D/ConnectivityService(  459): releasing NetworkRequest NetworkRequest [ id=84, legacyType=-1, [ Capabilities: INTERNET&NOT_RESTRICTED&TRUSTED] ]
D/ConnectivityService(  459): ConnectivityService NetworkRequestInfo binderDied(NetworkRequest [ id=86, legacyType=-1, [ Capabilities: INTERNET&NOT_RESTRICTED&TRUSTED] ], android.os.BinderProxy@357a5171)
E/ConnectivityService(  459): RemoteException caught trying to send a callback msg for NetworkRequest [ id=84, legacyType=-1, [ Capabilities: INTERNET&NOT_RESTRICTED&TRUSTED] ]
D/ConnectivityService(  459): releasing NetworkRequest NetworkRequest [ id=86, legacyType=-1, [ Capabilities: INTERNET&NOT_RESTRICTED&TRUSTED] ]
E/ConnectivityService(  459): RemoteException caught trying to send a callback msg for NetworkRequest [ id=86, legacyType=-1, [ Capabilities: INTERNET&NOT_RESTRICTED&TRUSTED] ]
W/WindowManager(  459): Failed looking up window
W/WindowManager(  459): java.lang.IllegalArgumentException: Requested window android.os.BinderProxy@3e6674d8 does not exist
W/WindowManager(  459): 	at com.android.server.wm.WindowManagerService.windowForClientLocked(WindowManagerService.java:8539)
W/WindowManager(  459): 	at com.android.server.wm.WindowManagerService.windowForClientLocked(WindowManagerService.java:8530)
W/WindowManager(  459): 	at com.android.server.wm.WindowState$DeathRecipient.binderDied(WindowState.java:1142)
W/WindowManager(  459): 	at android.os.BinderProxy.sendDeathNotice(Binder.java:551)
I/WindowState(  459): WIN DEATH: null
W/ActivityManager(  459): Exception when unbinding service com.android.chrome/org.chromium.content.app.SandboxedProcessService1
W/ActivityManager(  459): android.os.DeadObjectException
W/ActivityManager(  459): 	at android.os.BinderProxy.transactNative(Native Method)
W/ActivityManager(  459): 	at android.os.BinderProxy.transact(Binder.java:496)
W/ActivityManager(  459): 	at android.app.ApplicationThreadProxy.scheduleUnbindService(ApplicationThreadNative.java:921)
W/ActivityManager(  459): 	at com.android.server.am.ActiveServices.removeConnectionLocked(ActiveServices.java:1795)
W/ActivityManager(  459): 	at com.android.server.am.ActiveServices.killServicesLocked(ActiveServices.java:2193)
W/ActivityManager(  459): 	at com.android.server.am.ActivityManagerService.cleanUpApplicationRecordLocked(ActivityManagerService.java:14895)
W/ActivityManager(  459): 	at com.android.server.am.ActivityManagerService.handleAppDiedLocked(ActivityManagerService.java:4552)
W/ActivityManager(  459): 	at com.android.server.am.ActivityManagerService.removeProcessLocked(ActivityManagerService.java:5789)
W/ActivityManager(  459): 	at com.android.server.am.ActivityManagerService.killPackageProcessesLocked(ActivityManagerService.java:5594)
W/ActivityManager(  459): 	at com.android.server.am.ActivityManagerService.forceStopPackageLocked(ActivityManagerService.java:5655)
W/ActivityManager(  459): 	at com.android.server.am.ActivityManagerService.forceStopPackageLocked(ActivityManagerService.java:5499)
W/ActivityManager(  459): 	at com.android.server.am.ActivityManagerService.forceStopPackage(ActivityManagerService.java:5309)
W/ActivityManager(  459): 	at android.app.ActivityManagerNative.onTransact(ActivityManagerNative.java:1461)
W/ActivityManager(  459): 	at com.android.server.am.ActivityManagerService.onTransact(ActivityManagerService.java:2208)
W/ActivityManager(  459): 	at android.os.Binder.execTransact(Binder.java:446)
W/ActivityManager(  459): Exception when unbinding service com.android.chrome/org.chromium.content.app.SandboxedProcessService0
W/ActivityManager(  459): android.os.DeadObjectException
W/ActivityManager(  459): 	at android.os.BinderProxy.transactNative(Native Method)
W/ActivityManager(  459): 	at android.os.BinderProxy.transact(Binder.java:496)
W/ActivityManager(  459): 	at android.app.ApplicationThreadProxy.scheduleUnbindService(ApplicationThreadNative.java:921)
W/ActivityManager(  459): 	at com.android.server.am.ActiveServices.removeConnectionLocked(ActiveServices.java:1795)
W/ActivityManager(  459): 	at com.android.server.am.ActiveServices.killServicesLocked(ActiveServices.java:2193)
W/ActivityManager(  459): 	at com.android.server.am.ActivityManagerService.cleanUpApplicationRecordLocked(ActivityManagerService.java:14895)
W/ActivityManager(  459): 	at com.android.server.am.ActivityManagerService.handleAppDiedLocked(ActivityManagerService.java:4552)
W/ActivityManager(  459): 	at com.android.server.am.ActivityManagerService.removeProcessLocked(ActivityManagerService.java:5789)
W/ActivityManager(  459): 	at com.android.server.am.ActivityManagerService.killPackageProcessesLocked(ActivityManagerService.java:5594)
W/ActivityManager(  459): 	at com.android.server.am.ActivityManagerService.forceStopPackageLocked(ActivityManagerService.java:5655)
W/ActivityManager(  459): 	at com.android.server.am.ActivityManagerService.forceStopPackageLocked(ActivityManagerService.java:5499)
W/ActivityManager(  459): 	at com.android.server.am.ActivityManagerService.forceStopPackage(ActivityManagerService.java:5309)
W/ActivityManager(  459): 	at android.app.ActivityManagerNative.onTransact(ActivityManagerNative.java:1461)
W/ActivityManager(  459): 	at com.android.server.am.ActivityManagerService.onTransact(ActivityManagerService.java:2208)
W/ActivityManager(  459): 	at android.os.Binder.execTransact(Binder.java:446)
I/ActivityManager(  459): Killing 9142:com.android.chrome:sandboxed_process1/u0a35i55 (adj 10): isolated not needed
W/libprocessgroup(  459): failed to open /acct/uid_10035/pid_9142/cgroup.procs: No such file or directory
W/ActivityManager(  459): Scheduling restart of crashed service com.android.chrome/org.chromium.chrome.browser.media.MediaCaptureNotificationService in 1000ms
W/ActivityManager(  459): Force removing ActivityRecord{19a961b6 u0 com.android.chrome/org.chromium.chrome.browser.ChromeTabbedActivity t4601}: app died, no saved state
I/ActivityManager(  459): Killing 8888:com.android.chrome:sandboxed_process0/u0a35i54 (adj 9): isolated not needed
W/libprocessgroup(  459): failed to open /acct/uid_10035/pid_8888/cgroup.procs: No such file or directory
I/ActivityManager(  459):   Force stopping service ServiceRecord{3ce76d0 u0 com.android.chrome/org.chromium.chrome.browser.media.MediaCaptureNotificationService}
W/ActivityManager(  459): Spurious death for ProcessRecord{24b47fe9 8927:com.android.chrome:privileged_process0/u0a35}, curProc for 8927: null
W/ActivityManager(  459): Unbind failed: could not find connection for android.os.BinderProxy@309a17a1
W/ActivityManager(  459): Spurious death for ProcessRecord{3018adc0 8856:com.android.chrome/u0a35}, curProc for 8856: null
W/InputMethodManagerService(  459): Got RemoteException sending setActive(false) notification to pid 8856 uid 10035
I/ActivityManager(  459): Force stopping com.android.chrome appid=10035 user=0: clear data
D/TaskPersister(  459): removeObsoleteFile: deleting file=4601_task.xml
D/TaskPersister(  459): removeObsoleteFile: deleting file=4601_task_thumbnail.png
I/ActivityManager(  459): Start proc 9552:com.android.documentsui/u0a40 for broadcast com.android.documentsui/.PackageReceiver
I/ActivityManager(  459): Start proc 9573:com.google.android.apps.photos/u0a66 for broadcast com.google.android.apps.photos/com.google.android.libraries.social.mediastoresync.reset.impl.MediaStoreClearedReceiver
D/ConnectivityService(  459): updateNetworkScore for NetworkAgentInfo [WIFI () - 103] to 60
D/ConnectivityService(  459): rematching NetworkAgentInfo [WIFI () - 103]
D/ConnectivityService(  459): Network NetworkAgentInfo [WIFI () - 103] was already satisfying request 1. No change.
D/ConnectivityService(  459): notifyType AVAILABLE for NetworkAgentInfo [WIFI () - 103]
I/ActivityManager(  459): Start proc 9606:com.android.externalstorage/u0a6 for content provider com.android.externalstorage/.ExternalStorageProvider
I/ActivityManager(  459): Start proc 9626:com.google.android.apps.docs/u0a41 for content provider com.google.android.apps.docs/.storagebackend.StorageBackendContentProvider
I/ActivityManager(  459): Start proc 9666:com.android.chrome/u0a35 for content provider com.android.chrome/com.google.android.apps.chrome.icing.IcingProvider
W/ResourcesManager( 9666): Asset path '/system/framework/com.android.media.remotedisplay.jar' does not exist or contains no resources.
W/ResourcesManager( 9666): Asset path '/system/framework/com.android.location.provider.jar' does not exist or contains no resources.
I/ActivityManager(  459): Killing 5573:com.google.android.gms.unstable/u0a8 (adj 15): empty #17
D/ConnectivityService(  459): updateNetworkScore for NetworkAgentInfo [WIFI () - 103] to 56
D/ConnectivityService(  459): rematching NetworkAgentInfo [WIFI () - 103]
D/ConnectivityService(  459): Network NetworkAgentInfo [WIFI () - 103] was already satisfying request 1. No change.
D/ConnectivityService(  459): notifyType AVAILABLE for NetworkAgentInfo [WIFI () - 103]
W/ResourcesManager( 9626): Asset path '/system/framework/com.android.media.remotedisplay.jar' does not exist or contains no resources.
W/ResourcesManager( 9626): Asset path '/system/framework/com.android.location.provider.jar' does not exist or contains no resources.
W/FileUtils( 8811): Failed to chmod(/storage/emulated/0/trepn/Trepn_2018.06.17_154437.db): android.system.ErrnoException: chmod failed: EPERM (Operation not permitted)
D/ConnectivityService(  459): updateNetworkScore for NetworkAgentInfo [WIFI () - 103] to 60
D/ConnectivityService(  459): rematching NetworkAgentInfo [WIFI () - 103]
D/ConnectivityService(  459): Network NetworkAgentInfo [WIFI () - 103] was already satisfying request 1. No change.
D/ConnectivityService(  459): notifyType AVAILABLE for NetworkAgentInfo [WIFI () - 103]
D/ConnectivityService(  459): NetworkAgentInfo [WIFI () - 103] EVENT_NETWORK_INFO_CHANGED, going from CONNECTED to CONNECTING
D/ConnectivityService(  459): NetworkAgentInfo [WIFI () - 103] EVENT_NETWORK_INFO_CHANGED, going from CONNECTING to CONNECTED
W/ProcessCpuTracker(  459): Skipping unknown process pid 9816
I/ActivityManager(  459): Start proc 9825:com.google.android.talk/u0a13 for service com.google.android.talk/com.google.android.apps.hangouts.concurrent.impl.GcmTriggeredNotifier
W/ResourcesManager( 9825): Asset path '/system/framework/com.google.android.media.effects.jar' does not exist or contains no resources.
D/VoldCmdListener(  154): cryptfs getpwtype
I/ActivityManager(  459): Killing 29678:android.process.acore/u0a3 (adj 15): empty #17
W/Telecom (  459): TelecomServiceImpl: null is not visible for the calling user
I/ActivityManager(  459): Force stopping com.android.chrome appid=10035 user=0: from pid 10432
I/ActivityManager(  459): Killing 9666:com.android.chrome/u0a35 (adj 9): stop com.android.chrome
W/ActivityManager(  459): Spurious death for ProcessRecord{1321d69c 9666:com.android.chrome/u0a35}, curProc for 9666: null
I/ActivityManager(  459): Force stopping com.android.chrome appid=10035 user=0: clear data
I/ActivityManager(  459): Start proc 10478:com.android.chrome/u0a35 for content provider com.android.chrome/com.google.android.apps.chrome.icing.IcingProvider
W/ResourcesManager(10478): Asset path '/system/framework/com.android.media.remotedisplay.jar' does not exist or contains no resources.
W/ResourcesManager(10478): Asset path '/system/framework/com.android.location.provider.jar' does not exist or contains no resources.
W/BroadcastQueue(  459): Skipping deliver [background] BroadcastRecord{25fcfadf u-1 android.net.conn.CONNECTIVITY_CHANGE} to ReceiverList{28a0f32c 10666 (unknown name)/2000/u-1 remote:37ba0b39}: process crashing
I/ActivityManager(  459): START u0 {act=android.intent.action.MAIN cat=[android.intent.category.LAUNCHER] flg=0x10200000 cmp=com.quicinc.trepn/.userinterface.main.TrepnActivity} from uid 2000 on display 0
V/WindowManager(  459): addAppToken: AppWindowToken{fe065fb token=Token{a004b8a ActivityRecord{16a721f5 u0 com.quicinc.trepn/.userinterface.main.TrepnActivity t4603}}} to stack=1 task=4603 at 0
V/WindowManager(  459): Adding window Window{2516c1e2 u0 Starting com.quicinc.trepn} at 3 of 17 (after Window{26b8dd53 u0 com.google.android.googlequicksearchbox/com.google.android.launcher.GEL})
V/WindowManager(  459): Adding window Window{7f13548 u0 com.quicinc.trepn/com.quicinc.trepn.userinterface.main.TrepnActivity} at 3 of 18 (before Window{2516c1e2 u0 Starting com.quicinc.trepn})
D/TaskPersister(  459): removeObsoleteFile: deleting file=4599_task.xml
I/ActivityManager(  459): Force stopping com.quicinc.trepn appid=10091 user=0: from pid 10723
I/ActivityManager(  459): Killing 8811:com.quicinc.trepn/u0a91 (adj 0): stop com.quicinc.trepn
I/WindowState(  459): WIN DEATH: Window{7f13548 u0 com.quicinc.trepn/com.quicinc.trepn.userinterface.main.TrepnActivity}
W/ActivityManager(  459): Force removing ActivityRecord{16a721f5 u0 com.quicinc.trepn/.userinterface.main.TrepnActivity t4603}: app died, no saved state
W/ActivityManager(  459): Spurious death for ProcessRecord{2fc059cf 8811:com.quicinc.trepn/u0a91}, curProc for 8811: null
W/InputMethodManagerService(  459): Got RemoteException sending setActive(false) notification to pid 8811 uid 10091
I/ActivityManager(  459): Start proc 10767:com.quicinc.trepn/u0a91 for service com.quicinc.trepn/.TrepnService
W/ProcessCpuTracker(  459): Skipping unknown process pid 10804
I/ActivityManager(  459): Force stopping com.android.chrome appid=10035 user=0: from pid 10806
I/ActivityManager(  459): Killing 10478:com.android.chrome/u0a35 (adj 9): stop com.android.chrome
W/ActivityManager(  459): Spurious death for ProcessRecord{20e76538 10478:com.android.chrome/u0a35}, curProc for 10478: null
I/ActivityManager(  459): START u0 {act=android.intent.action.VIEW flg=0x10008000 cmp=com.android.chrome/com.google.android.apps.chrome.Main} from uid 2000 on display 0
V/WindowManager(  459): addAppToken: AppWindowToken{54bd877 token=Token{3184a76 ActivityRecord{4ad5911 u0 com.android.chrome/com.google.android.apps.chrome.Main t4604}}} to stack=1 task=4604 at 0
I/ActivityManager(  459): Start proc 10819:com.android.chrome/u0a35 for activity com.android.chrome/com.google.android.apps.chrome.Main
W/ResourcesManager(10819): Asset path '/system/framework/com.android.media.remotedisplay.jar' does not exist or contains no resources.
W/ResourcesManager(10819): Asset path '/system/framework/com.android.location.provider.jar' does not exist or contains no resources.
I/ActivityManager(  459): START u0 {cmp=com.android.chrome/org.chromium.chrome.browser.firstrun.FirstRunActivity (has extras)} from uid 10035 on display 0
V/WindowManager(  459): addAppToken: AppWindowToken{319a47c token=Token{252f5f6f ActivityRecord{dfa324e u0 com.android.chrome/org.chromium.chrome.browser.firstrun.FirstRunActivity t4605}}} to stack=1 task=4605 at 0
V/WindowManager(  459): Based on layer: Adding window Window{cc00714 u0 com.android.chrome/org.chromium.chrome.browser.firstrun.FirstRunActivity} at 3 of 17
I/ActivityManager(  459): Start proc 10848:com.android.chrome:sandboxed_process0/u0i56 for service com.android.chrome/org.chromium.content.app.SandboxedProcessService0
I/ActivityManager(  459): Start proc 10895:com.android.chrome:privileged_process0/u0a35 for service com.android.chrome/org.chromium.content.app.PrivilegedProcessService0
D/ConnectivityService(  459): listenForNetwork for NetworkRequest [ id=87, legacyType=-1, [ Capabilities: INTERNET&NOT_RESTRICTED&TRUSTED] ]
D/ConnectivityService(  459): handleRegisterNetworkRequest checking NetworkAgentInfo [WIFI () - 103]
D/ConnectivityService(  459): apparently satisfied.  currentScore=100
D/ConnectivityService(  459): listenForNetwork for NetworkRequest [ id=88, legacyType=-1, [ Capabilities: INTERNET&NOT_RESTRICTED&TRUSTED] ]
D/ConnectivityService(  459): handleRegisterNetworkRequest checking NetworkAgentInfo [WIFI () - 103]
D/ConnectivityService(  459): apparently satisfied.  currentScore=100
I/ActivityManager(  459): START u0 {act=android.intent.action.VIEW flg=0x10808000 cmp=com.android.chrome/com.google.android.apps.chrome.Main (has extras)} from uid 10035 on display 0
V/WindowManager(  459): addAppToken: AppWindowToken{e14b472 token=Token{2ea97d7d ActivityRecord{20dce7d4 u0 com.android.chrome/com.google.android.apps.chrome.Main t4606}}} to stack=1 task=4606 at 0
D/ConnectivityService(  459): releasing NetworkRequest NetworkRequest [ id=88, legacyType=-1, [ Capabilities: INTERNET&NOT_RESTRICTED&TRUSTED] ]
D/ConnectivityService(  459): listenForNetwork for NetworkRequest [ id=89, legacyType=-1, [ Capabilities: INTERNET&NOT_RESTRICTED&TRUSTED] ]
D/ConnectivityService(  459): handleRegisterNetworkRequest checking NetworkAgentInfo [WIFI () - 103]
D/ConnectivityService(  459): apparently satisfied.  currentScore=100
I/ActivityManager(  459): START u0 {act=android.intent.action.VIEW flg=0x14002000 cmp=com.android.chrome/org.chromium.chrome.browser.ChromeTabbedActivity (has extras)} from uid 10035 on display 0
V/WindowManager(  459): addAppToken: AppWindowToken{1b625fca token=Token{1d2fdf35 ActivityRecord{58d5d6c u0 com.android.chrome/org.chromium.chrome.browser.ChromeTabbedActivity t4607}}} to stack=1 task=4607 at 0
V/WindowManager(  459): Based on layer: Adding window Window{383a60b3 u0 Starting com.android.chrome} at 4 of 18
I/ActivityManager(  459): Start proc 11009:com.android.chrome:sandboxed_process1/u0i57 for service com.android.chrome/org.chromium.content.app.SandboxedProcessService1
V/WindowManager(  459): Adding window Window{182df121 u0 com.android.chrome/org.chromium.chrome.browser.ChromeTabbedActivity} at 4 of 19 (before Window{383a60b3 u0 Starting com.android.chrome})
V/WindowManager(  459): Adding window Window{291c01cc u0 SurfaceView} at 4 of 20 (before Window{182df121 u0 com.android.chrome/org.chromium.chrome.browser.ChromeTabbedActivity})
W/libprocessgroup(  459): failed to open /acct/uid_10035/pid_10848/cgroup.procs: No such file or directory
I/ActivityManager(  459): Process com.android.chrome:sandboxed_process0 (pid 10848) has died
W/ActivityManager(  459): Scheduling restart of crashed service com.android.chrome/org.chromium.content.app.SandboxedProcessService0 in 1000ms
I/ActivityManager(  459): Start proc 11079:com.android.chrome:sandboxed_process2/u0i58 for service com.android.chrome/org.chromium.content.app.SandboxedProcessService2
I/ActivityManager(  459): Activity reported stop, but no longer stopping: ActivityRecord{dfa324e u0 com.android.chrome/org.chromium.chrome.browser.firstrun.FirstRunActivity t4605 f}
W/FileUtils(10767): Failed to chmod(/storage/emulated/0/trepn/Trepn_2018.06.17_154907.db): android.system.ErrnoException: chmod failed: EPERM (Operation not permitted)
D/TaskPersister(  459): removeObsoleteFile: deleting file=4605_task_thumbnail.png
I/ActivityManager(  459): START u0 {act=android.intent.action.VIEW dat=localhost:8000 flg=0x10000000 cmp=com.android.chrome/com.google.android.apps.chrome.Main} from uid 2000 on display 0
V/WindowManager(  459): addAppToken: AppWindowToken{342ac2b6 token=Token{3b998a51 ActivityRecord{348c9378 u0 com.android.chrome/com.google.android.apps.chrome.Main t4608}}} to stack=1 task=4608 at 0
D/ConnectivityService(  459): releasing NetworkRequest NetworkRequest [ id=89, legacyType=-1, [ Capabilities: INTERNET&NOT_RESTRICTED&TRUSTED] ]
D/ConnectivityService(  459): listenForNetwork for NetworkRequest [ id=90, legacyType=-1, [ Capabilities: INTERNET&NOT_RESTRICTED&TRUSTED] ]
D/ConnectivityService(  459): handleRegisterNetworkRequest checking NetworkAgentInfo [WIFI () - 103]
D/ConnectivityService(  459): apparently satisfied.  currentScore=100
I/ActivityManager(  459): START u0 {act=android.intent.action.VIEW dat=localhost:8000 flg=0x14002000 cmp=com.android.chrome/org.chromium.chrome.browser.ChromeTabbedActivity (has extras)} from uid 10035 on display 0
W/InputMethodManagerService(  459): Window already focused, ignoring focus gain of: com.android.internal.view.IInputMethodClient$Stub$Proxy@22523289 attribute=null, token = android.os.BinderProxy@21ca1388
I/ActivityManager(  459): Start proc 11134:com.android.chrome:sandboxed_process3/u0i59 for service com.android.chrome/org.chromium.content.app.SandboxedProcessService3
W/libprocessgroup(  459): failed to open /acct/uid_10035/pid_11079/cgroup.procs: No such file or directory
I/ActivityManager(  459): Process com.android.chrome:sandboxed_process2 (pid 11079) has died
W/ActivityManager(  459): Scheduling restart of crashed service com.android.chrome/org.chromium.content.app.SandboxedProcessService2 in 1000ms
I/ActivityManager(  459): Start proc 11195:com.android.chrome:sandboxed_process4/u0i60 for service com.android.chrome/org.chromium.content.app.SandboxedProcessService4
I/ActivityManager(  459): Start proc 11252:com.android.chrome:sandboxed_process5/u0i61 for service com.android.chrome/org.chromium.content.app.SandboxedProcessService5
W/libprocessgroup(  459): failed to open /acct/uid_10035/pid_11195/cgroup.procs: No such file or directory
I/ActivityManager(  459): Process com.android.chrome:sandboxed_process4 (pid 11195) has died
W/ActivityManager(  459): Scheduling restart of crashed service com.android.chrome/org.chromium.content.app.SandboxedProcessService4 in 1000ms
W/libprocessgroup(  459): failed to open /acct/uid_10035/pid_11252/cgroup.procs: No such file or directory
I/ActivityManager(  459): Process com.android.chrome:sandboxed_process5 (pid 11252) has died
W/ActivityManager(  459): Scheduling restart of crashed service com.android.chrome/org.chromium.content.app.SandboxedProcessService5 in 1000ms
I/ActivityManager(  459): Start proc 11404:com.android.chrome:sandboxed_process6/u0i62 for service com.android.chrome/org.chromium.content.app.SandboxedProcessService6
W/libprocessgroup(  459): failed to open /acct/uid_10035/pid_11404/cgroup.procs: No such file or directory
I/ActivityManager(  459): Process com.android.chrome:sandboxed_process6 (pid 11404) has died
W/ActivityManager(  459): Scheduling restart of crashed service com.android.chrome/org.chromium.content.app.SandboxedProcessService6 in 1000ms
I/ActivityManager(  459): Force stopping com.android.chrome appid=10035 user=0: from pid 11567
I/ActivityManager(  459): Killing 10895:com.android.chrome:privileged_process0/u0a35 (adj 0): stop com.android.chrome
W/ActivityManager(  459): Scheduling restart of crashed service com.android.chrome/org.chromium.content.app.PrivilegedProcessService0 in 1000ms
I/ActivityManager(  459): Killing 10819:com.android.chrome/u0a35 (adj 0): stop com.android.chrome
D/ConnectivityService(  459): ConnectivityService NetworkRequestInfo binderDied(NetworkRequest [ id=87, legacyType=-1, [ Capabilities: INTERNET&NOT_RESTRICTED&TRUSTED] ], android.os.BinderProxy@21b1b5fe)
D/ConnectivityService(  459): releasing NetworkRequest NetworkRequest [ id=87, legacyType=-1, [ Capabilities: INTERNET&NOT_RESTRICTED&TRUSTED] ]
I/WindowState(  459): WIN DEATH: Window{182df121 u0 com.android.chrome/org.chromium.chrome.browser.ChromeTabbedActivity}
D/ConnectivityService(  459): ConnectivityService NetworkRequestInfo binderDied(NetworkRequest [ id=90, legacyType=-1, [ Capabilities: INTERNET&NOT_RESTRICTED&TRUSTED] ], android.os.BinderProxy@3e92115f)
W/WindowManager(  459): Force-removing child win Window{291c01cc u0 SurfaceView} from container Window{182df121 u0 com.android.chrome/org.chromium.chrome.browser.ChromeTabbedActivity}
E/ConnectivityService(  459): RemoteException caught trying to send a callback msg for NetworkRequest [ id=87, legacyType=-1, [ Capabilities: INTERNET&NOT_RESTRICTED&TRUSTED] ]
D/ConnectivityService(  459): releasing NetworkRequest NetworkRequest [ id=90, legacyType=-1, [ Capabilities: INTERNET&NOT_RESTRICTED&TRUSTED] ]
E/ConnectivityService(  459): RemoteException caught trying to send a callback msg for NetworkRequest [ id=90, legacyType=-1, [ Capabilities: INTERNET&NOT_RESTRICTED&TRUSTED] ]
W/WindowManager(  459): Failed looking up window
W/WindowManager(  459): java.lang.IllegalArgumentException: Requested window android.os.BinderProxy@1e969fff does not exist
W/WindowManager(  459): 	at com.android.server.wm.WindowManagerService.windowForClientLocked(WindowManagerService.java:8539)
W/WindowManager(  459): 	at com.android.server.wm.WindowManagerService.windowForClientLocked(WindowManagerService.java:8530)
W/WindowManager(  459): 	at com.android.server.wm.WindowState$DeathRecipient.binderDied(WindowState.java:1142)
W/WindowManager(  459): 	at android.os.BinderProxy.sendDeathNotice(Binder.java:551)
I/WindowState(  459): WIN DEATH: null
W/ActivityManager(  459): Exception when unbinding service com.android.chrome/org.chromium.content.app.SandboxedProcessService3
W/ActivityManager(  459): android.os.DeadObjectException
W/ActivityManager(  459): 	at android.os.BinderProxy.transactNative(Native Method)
W/ActivityManager(  459): 	at android.os.BinderProxy.transact(Binder.java:496)
W/ActivityManager(  459): 	at android.app.ApplicationThreadProxy.scheduleUnbindService(ApplicationThreadNative.java:921)
W/ActivityManager(  459): 	at com.android.server.am.ActiveServices.removeConnectionLocked(ActiveServices.java:1795)
W/ActivityManager(  459): 	at com.android.server.am.ActiveServices.killServicesLocked(ActiveServices.java:2193)
W/ActivityManager(  459): 	at com.android.server.am.ActivityManagerService.cleanUpApplicationRecordLocked(ActivityManagerService.java:14895)
W/ActivityManager(  459): 	at com.android.server.am.ActivityManagerService.handleAppDiedLocked(ActivityManagerService.java:4552)
W/ActivityManager(  459): 	at com.android.server.am.ActivityManagerService.removeProcessLocked(ActivityManagerService.java:5789)
W/ActivityManager(  459): 	at com.android.server.am.ActivityManagerService.killPackageProcessesLocked(ActivityManagerService.java:5594)
W/ActivityManager(  459): 	at com.android.server.am.ActivityManagerService.forceStopPackageLocked(ActivityManagerService.java:5655)
W/ActivityManager(  459): 	at com.android.server.am.ActivityManagerService.forceStopPackageLocked(ActivityManagerService.java:5499)
W/ActivityManager(  459): 	at com.android.server.am.ActivityManagerService.forceStopPackage(ActivityManagerService.java:5309)
W/ActivityManager(  459): 	at android.app.ActivityManagerNative.onTransact(ActivityManagerNative.java:1461)
W/ActivityManager(  459): 	at com.android.server.am.ActivityManagerService.onTransact(ActivityManagerService.java:2208)
W/ActivityManager(  459): 	at android.os.Binder.execTransact(Binder.java:446)
W/ActivityManager(  459): Exception when unbinding service com.android.chrome/org.chromium.content.app.SandboxedProcessService1
W/ActivityManager(  459): android.os.DeadObjectException
W/ActivityManager(  459): 	at android.os.BinderProxy.transactNative(Native Method)
W/ActivityManager(  459): 	at android.os.BinderProxy.transact(Binder.java:496)
W/ActivityManager(  459): 	at android.app.ApplicationThreadProxy.scheduleUnbindService(ApplicationThreadNative.java:921)
W/ActivityManager(  459): 	at com.android.server.am.ActiveServices.removeConnectionLocked(ActiveServices.java:1795)
W/ActivityManager(  459): 	at com.android.server.am.ActiveServices.killServicesLocked(ActiveServices.java:2193)
W/ActivityManager(  459): 	at com.android.server.am.ActivityManagerService.cleanUpApplicationRecordLocked(ActivityManagerService.java:14895)
W/ActivityManager(  459): 	at com.android.server.am.ActivityManagerService.handleAppDiedLocked(ActivityManagerService.java:4552)
W/ActivityManager(  459): 	at com.android.server.am.ActivityManagerService.removeProcessLocked(ActivityManagerService.java:5789)
W/ActivityManager(  459): 	at com.android.server.am.ActivityManagerService.killPackageProcessesLocked(ActivityManagerService.java:5594)
W/ActivityManager(  459): 	at com.android.server.am.ActivityManagerService.forceStopPackageLocked(ActivityManagerService.java:5655)
W/ActivityManager(  459): 	at com.android.server.am.ActivityManagerService.forceStopPackageLocked(ActivityManagerService.java:5499)
W/ActivityManager(  459): 	at com.android.server.am.ActivityManagerService.forceStopPackage(ActivityManagerService.java:5309)
W/ActivityManager(  459): 	at android.app.ActivityManagerNative.onTransact(ActivityManagerNative.java:1461)
W/ActivityManager(  459): 	at com.android.server.am.ActivityManagerService.onTransact(ActivityManagerService.java:2208)
W/ActivityManager(  459): 	at android.os.Binder.execTransact(Binder.java:446)
I/ActivityManager(  459): Killing 11134:com.android.chrome:sandboxed_process3/u0a35i59 (adj 10): isolated not needed
W/libprocessgroup(  459): failed to open /acct/uid_10035/pid_11134/cgroup.procs: No such file or directory
W/ActivityManager(  459): Scheduling restart of crashed service com.android.chrome/org.chromium.chrome.browser.media.MediaCaptureNotificationService in 1000ms
W/ActivityManager(  459): Force removing ActivityRecord{58d5d6c u0 com.android.chrome/org.chromium.chrome.browser.ChromeTabbedActivity t4607}: app died, no saved state
I/ActivityManager(  459): Killing 11009:com.android.chrome:sandboxed_process1/u0a35i57 (adj 9): isolated not needed
W/libprocessgroup(  459): failed to open /acct/uid_10035/pid_11009/cgroup.procs: No such file or directory
I/ActivityManager(  459):   Force stopping service ServiceRecord{bf2e1dd u0 com.android.chrome/org.chromium.chrome.browser.media.MediaCaptureNotificationService}
W/ActivityManager(  459): Spurious death for ProcessRecord{230aad40 10895:com.android.chrome:privileged_process0/u0a35}, curProc for 10895: null
W/ActivityManager(  459): Unbind failed: could not find connection for android.os.BinderProxy@11a058ba
W/ActivityManager(  459): Spurious death for ProcessRecord{3d634bbd 10819:com.android.chrome/u0a35}, curProc for 10819: null
W/InputMethodManagerService(  459): Got RemoteException sending setActive(false) notification to pid 10819 uid 10035
I/ActivityManager(  459): Force stopping com.android.chrome appid=10035 user=0: clear data
D/TaskPersister(  459): removeObsoleteFile: deleting file=4607_task.xml
D/TaskPersister(  459): removeObsoleteFile: deleting file=4607_task_thumbnail.png
I/ActivityManager(  459): Start proc 11623:com.android.chrome/u0a35 for content provider com.android.chrome/com.google.android.apps.chrome.icing.IcingProvider
W/ResourcesManager(11623): Asset path '/system/framework/com.android.media.remotedisplay.jar' does not exist or contains no resources.
W/ResourcesManager(11623): Asset path '/system/framework/com.android.location.provider.jar' does not exist or contains no resources.
W/FileUtils(10767): Failed to chmod(/storage/emulated/0/trepn/Trepn_2018.06.17_154907.db): android.system.ErrnoException: chmod failed: EPERM (Operation not permitted)
D/ConnectivityService(  459): NetworkAgentInfo [WIFI () - 103] EVENT_NETWORK_INFO_CHANGED, going from CONNECTED to CONNECTING
D/ConnectivityService(  459): NetworkAgentInfo [WIFI () - 103] EVENT_NETWORK_INFO_CHANGED, going from CONNECTING to CONNECTED
W/ProcessCpuTracker(  459): Skipping unknown process pid 11865
D/WifiService(  459): acquireWifiLockLocked: WifiLock{NlpWifiLock type=2 binder=android.os.BinderProxy@23819b85}
D/WifiService(  459): releaseWifiLockLocked: WifiLock{NlpWifiLock type=2 binder=android.os.BinderProxy@23819b85}
I/ActivityManager(  459): Force stopping com.android.chrome appid=10035 user=0: from pid 12105
I/ActivityManager(  459): Killing 11623:com.android.chrome/u0a35 (adj 9): stop com.android.chrome
W/ActivityManager(  459): Spurious death for ProcessRecord{2916b7e2 11623:com.android.chrome/u0a35}, curProc for 11623: null
I/ActivityManager(  459): START u0 {act=android.intent.action.VIEW flg=0x10008000 cmp=com.android.chrome/com.google.android.apps.chrome.Main} from uid 2000 on display 0
V/WindowManager(  459): addAppToken: AppWindowToken{2c7822a9 token=Token{39cf7630 ActivityRecord{57f5773 u0 com.android.chrome/com.google.android.apps.chrome.Main t4609}}} to stack=1 task=4609 at 0
