E/Camera3-Device(  204): RequestThread: Can't get output buffer, skipping request: Broken pipe (-32)
E/Camera3-OutputStream(  204): getBufferLocked: Stream 2: Can't dequeue next output buffer: Broken pipe (-32)
E/Camera3-Device(  204): RequestThread: Can't get output buffer, skipping request: Broken pipe (-32)
E/Camera3-OutputStream(  204): getBufferLocked: Stream 2: Can't dequeue next output buffer: Broken pipe (-32)
E/Camera3-Device(  204): RequestThread: Can't get output buffer, skipping request: Broken pipe (-32)
E/Camera3-OutputStream(  204): getBufferLocked: Stream 2: Can't dequeue next output buffer: Broken pipe (-32)
E/Camera3-Device(  204): RequestThread: Can't get output buffer, skipping request: Broken pipe (-32)
E/Camera3-OutputStream(  204): getBufferLocked: Stream 2: Can't dequeue next output buffer: Broken pipe (-32)
E/Camera3-Device(  204): RequestThread: Can't get output buffer, skipping request: Broken pipe (-32)
E/Camera3-OutputStream(  204): getBufferLocked: Stream 2: Can't dequeue next output buffer: Broken pipe (-32)
E/Camera3-Device(  204): RequestThread: Can't get output buffer, skipping request: Broken pipe (-32)
E/Camera3-OutputStream(  204): getBufferLocked: Stream 2: Can't dequeue next output buffer: Broken pipe (-32)
E/Camera3-Device(  204): RequestThread: Can't get output buffer, skipping request: Broken pipe (-32)
E/Camera3-OutputStream(  204): getBufferLocked: Stream 2: Can't dequeue next output buffer: Broken pipe (-32)
E/Camera3-Device(  204): RequestThread: Can't get output buffer, skipping request: Broken pipe (-32)
E/Camera3-OutputStream(  204): getBufferLocked: Stream 2: Can't dequeue next output buffer: Broken pipe (-32)
E/Camera3-Device(  204): RequestThread: Can't get output buffer, skipping request: Broken pipe (-32)
E/Camera3-OutputStream(  204): getBufferLocked: Stream 2: Can't dequeue next output buffer: Broken pipe (-32)
E/Camera3-Device(  204): RequestThread: Can't get output buffer, skipping request: Broken pipe (-32)
E/Camera3-OutputStream(  204): getBufferLocked: Stream 2: Can't dequeue next output buffer: Broken pipe (-32)
E/Camera3-Device(  204): RequestThread: Can't get output buffer, skipping request: Broken pipe (-32)
E/Camera3-OutputStream(  204): getBufferLocked: Stream 2: Can't dequeue next output buffer: Broken pipe (-32)
E/Camera3-Device(  204): RequestThread: Can't get output buffer, skipping request: Broken pipe (-32)
E/Camera3-OutputStream(  204): getBufferLocked: Stream 2: Can't dequeue next output buffer: Broken pipe (-32)
E/Camera3-Device(  204): RequestThread: Can't get output buffer, skipping request: Broken pipe (-32)
E/Camera3-OutputStream(  204): getBufferLocked: Stream 2: Can't dequeue next output buffer: Broken pipe (-32)
E/Camera3-Device(  204): RequestThread: Can't get output buffer, skipping request: Broken pipe (-32)
E/Camera3-OutputStream(  204): getBufferLocked: Stream 2: Can't dequeue next output buffer: Broken pipe (-32)
E/Camera3-Device(  204): RequestThread: Can't get output buffer, skipping request: Broken pipe (-32)
E/Camera3-OutputStream(  204): getBufferLocked: Stream 2: Can't dequeue next output buffer: Broken pipe (-32)
E/Camera3-Device(  204): RequestThread: Can't get output buffer, skipping request: Broken pipe (-32)
E/Camera3-OutputStream(  204): getBufferLocked: Stream 2: Can't dequeue next output buffer: Broken pipe (-32)
E/Camera3-Device(  204): RequestThread: Can't get output buffer, skipping request: Broken pipe (-32)
E/Camera3-OutputStream(  204): getBufferLocked: Stream 2: Can't dequeue next output buffer: Broken pipe (-32)
E/Camera3-Device(  204): RequestThread: Can't get output buffer, skipping request: Broken pipe (-32)
E/Camera3-OutputStream(  204): getBufferLocked: Stream 2: Can't dequeue next output buffer: Broken pipe (-32)
E/Camera3-Device(  204): RequestThread: Can't get output buffer, skipping request: Broken pipe (-32)
E/Camera3-OutputStream(  204): getBufferLocked: Stream 2: Can't dequeue next output buffer: Broken pipe (-32)
E/Camera3-Device(  204): RequestThread: Can't get output buffer, skipping request: Broken pipe (-32)
E/Camera3-OutputStream(  204): getBufferLocked: Stream 2: Can't dequeue next output buffer: Broken pipe (-32)
E/Camera3-Device(  204): RequestThread: Can't get output buffer, skipping request: Broken pipe (-32)
E/Camera3-OutputStream(  204): getBufferLocked: Stream 2: Can't dequeue next output buffer: Broken pipe (-32)
E/Camera3-Device(  204): RequestThread: Can't get output buffer, skipping request: Broken pipe (-32)
E/Camera3-OutputStream(  204): getBufferLocked: Stream 2: Can't dequeue next output buffer: Broken pipe (-32)
E/Camera3-Device(  204): RequestThread: Can't get output buffer, skipping request: Broken pipe (-32)
E/Camera3-OutputStream(  204): getBufferLocked: Stream 2: Can't dequeue next output buffer: Broken pipe (-32)
E/Camera3-Device(  204): RequestThread: Can't get output buffer, skipping request: Broken pipe (-32)
E/Camera3-OutputStream(  204): getBufferLocked: Stream 2: Can't dequeue next output buffer: Broken pipe (-32)
E/Camera3-Device(  204): RequestThread: Can't get output buffer, skipping request: Broken pipe (-32)
E/Camera3-OutputStream(  204): getBufferLocked: Stream 2: Can't dequeue next output buffer: Broken pipe (-32)
E/Camera3-Device(  204): RequestThread: Can't get output buffer, skipping request: Broken pipe (-32)
E/Camera3-OutputStream(  204): getBufferLocked: Stream 2: Can't dequeue next output buffer: Broken pipe (-32)
E/Camera3-Device(  204): RequestThread: Can't get output buffer, skipping request: Broken pipe (-32)
E/Camera3-OutputStream(  204): getBufferLocked: Stream 2: Can't dequeue next output buffer: Broken pipe (-32)
E/Camera3-Device(  204): RequestThread: Can't get output buffer, skipping request: Broken pipe (-32)
E/Camera3-OutputStream(  204): getBufferLocked: Stream 2: Can't dequeue next output buffer: Broken pipe (-32)
E/Camera3-Device(  204): RequestThread: Can't get output buffer, skipping request: Broken pipe (-32)
E/Camera3-OutputStream(  204): getBufferLocked: Stream 2: Can't dequeue next output buffer: Broken pipe (-32)
E/Camera3-Device(  204): RequestThread: Can't get output buffer, skipping request: Broken pipe (-32)
E/Camera3-OutputStream(  204): getBufferLocked: Stream 2: Can't dequeue next output buffer: Broken pipe (-32)
E/Camera3-Device(  204): RequestThread: Can't get output buffer, skipping request: Broken pipe (-32)
E/Camera3-OutputStream(  204): getBufferLocked: Stream 2: Can't dequeue next output buffer: Broken pipe (-32)
E/Camera3-Device(  204): RequestThread: Can't get output buffer, skipping request: Broken pipe (-32)
E/Camera3-OutputStream(  204): getBufferLocked: Stream 2: Can't dequeue next output buffer: Broken pipe (-32)
E/Camera3-Device(  204): RequestThread: Can't get output buffer, skipping request: Broken pipe (-32)
E/Camera3-OutputStream(  204): getBufferLocked: Stream 2: Can't dequeue next output buffer: Broken pipe (-32)
E/Camera3-Device(  204): RequestThread: Can't get output buffer, skipping request: Broken pipe (-32)
E/Camera3-OutputStream(  204): getBufferLocked: Stream 2: Can't dequeue next output buffer: Broken pipe (-32)
E/Camera3-Device(  204): RequestThread: Can't get output buffer, skipping request: Broken pipe (-32)
E/Camera3-OutputStream(  204): getBufferLocked: Stream 2: Can't dequeue next output buffer: Broken pipe (-32)
E/Camera3-Device(  204): RequestThread: Can't get output buffer, skipping request: Broken pipe (-32)
E/Camera3-OutputStream(  204): getBufferLocked: Stream 2: Can't dequeue next output buffer: Broken pipe (-32)
E/Camera3-Device(  204): RequestThread: Can't get output buffer, skipping request: Broken pipe (-32)
E/Camera3-OutputStream(  204): getBufferLocked: Stream 2: Can't dequeue next output buffer: Broken pipe (-32)
E/Camera3-Device(  204): RequestThread: Can't get output buffer, skipping request: Broken pipe (-32)
E/Camera3-OutputStream(  204): getBufferLocked: Stream 2: Can't dequeue next output buffer: Broken pipe (-32)
E/Camera3-Device(  204): RequestThread: Can't get output buffer, skipping request: Broken pipe (-32)
E/Camera3-OutputStream(  204): getBufferLocked: Stream 2: Can't dequeue next output buffer: Broken pipe (-32)
E/Camera3-Device(  204): RequestThread: Can't get output buffer, skipping request: Broken pipe (-32)
E/Camera3-OutputStream(  204): getBufferLocked: Stream 2: Can't dequeue next output buffer: Broken pipe (-32)
E/Camera3-Device(  204): RequestThread: Can't get output buffer, skipping request: Broken pipe (-32)
E/Camera3-OutputStream(  204): getBufferLocked: Stream 2: Can't dequeue next output buffer: Broken pipe (-32)
E/Camera3-Device(  204): RequestThread: Can't get output buffer, skipping request: Broken pipe (-32)
E/Camera3-OutputStream(  204): getBufferLocked: Stream 2: Can't dequeue next output buffer: Broken pipe (-32)
E/Camera3-Device(  204): RequestThread: Can't get output buffer, skipping request: Broken pipe (-32)
E/Camera3-OutputStream(  204): getBufferLocked: Stream 2: Can't dequeue next output buffer: Broken pipe (-32)
E/Camera3-Device(  204): RequestThread: Can't get output buffer, skipping request: Broken pipe (-32)
E/Camera3-OutputStream(  204): getBufferLocked: Stream 2: Can't dequeue next output buffer: Broken pipe (-32)
E/Camera3-Device(  204): RequestThread: Can't get output buffer, skipping request: Broken pipe (-32)
E/Camera3-OutputStream(  204): getBufferLocked: Stream 2: Can't dequeue next output buffer: Broken pipe (-32)
E/Camera3-Device(  204): RequestThread: Can't get output buffer, skipping request: Broken pipe (-32)
E/Camera3-OutputStream(  204): getBufferLocked: Stream 2: Can't dequeue next output buffer: Broken pipe (-32)
E/Camera3-Device(  204): RequestThread: Can't get output buffer, skipping request: Broken pipe (-32)
E/Camera3-OutputStream(  204): getBufferLocked: Stream 2: Can't dequeue next output buffer: Broken pipe (-32)
E/Camera3-Device(  204): RequestThread: Can't get output buffer, skipping request: Broken pipe (-32)
E/Camera3-OutputStream(  204): getBufferLocked: Stream 2: Can't dequeue next output buffer: Broken pipe (-32)
E/Camera3-Device(  204): RequestThread: Can't get output buffer, skipping request: Broken pipe (-32)
E/Camera3-OutputStream(  204): getBufferLocked: Stream 2: Can't dequeue next output buffer: Broken pipe (-32)
E/Camera3-Device(  204): RequestThread: Can't get output buffer, skipping request: Broken pipe (-32)
E/Camera3-OutputStream(  204): getBufferLocked: Stream 2: Can't dequeue next output buffer: Broken pipe (-32)
E/Camera3-Device(  204): RequestThread: Can't get output buffer, skipping request: Broken pipe (-32)
E/Camera3-OutputStream(  204): getBufferLocked: Stream 2: Can't dequeue next output buffer: Broken pipe (-32)
E/Camera3-Device(  204): RequestThread: Can't get output buffer, skipping request: Broken pipe (-32)
E/Camera3-OutputStream(  204): getBufferLocked: Stream 2: Can't dequeue next output buffer: Broken pipe (-32)
E/Camera3-Device(  204): RequestThread: Can't get output buffer, skipping request: Broken pipe (-32)
E/Camera3-OutputStream(  204): getBufferLocked: Stream 2: Can't dequeue next output buffer: Broken pipe (-32)
E/Camera3-Device(  204): RequestThread: Can't get output buffer, skipping request: Broken pipe (-32)
E/Camera3-OutputStream(  204): getBufferLocked: Stream 2: Can't dequeue next output buffer: Broken pipe (-32)
E/Camera3-Device(  204): RequestThread: Can't get output buffer, skipping request: Broken pipe (-32)
E/Camera3-OutputStream(  204): getBufferLocked: Stream 2: Can't dequeue next output buffer: Broken pipe (-32)
E/Camera3-Device(  204): RequestThread: Can't get output buffer, skipping request: Broken pipe (-32)
E/Camera3-OutputStream(  204): getBufferLocked: Stream 2: Can't dequeue next output buffer: Broken pipe (-32)
E/Camera3-Device(  204): RequestThread: Can't get output buffer, skipping request: Broken pipe (-32)
E/Camera3-OutputStream(  204): getBufferLocked: Stream 2: Can't dequeue next output buffer: Broken pipe (-32)
E/Camera3-Device(  204): RequestThread: Can't get output buffer, skipping request: Broken pipe (-32)
E/Camera3-OutputStream(  204): getBufferLocked: Stream 2: Can't dequeue next output buffer: Broken pipe (-32)
E/Camera3-Device(  204): RequestThread: Can't get output buffer, skipping request: Broken pipe (-32)
E/Camera3-OutputStream(  204): getBufferLocked: Stream 2: Can't dequeue next output buffer: Broken pipe (-32)
E/Camera3-Device(  204): RequestThread: Can't get output buffer, skipping request: Broken pipe (-32)
E/Camera3-OutputStream(  204): getBufferLocked: Stream 2: Can't dequeue next output buffer: Broken pipe (-32)
E/Camera3-Device(  204): RequestThread: Can't get output buffer, skipping request: Broken pipe (-32)
E/Camera3-OutputStream(  204): getBufferLocked: Stream 2: Can't dequeue next output buffer: Broken pipe (-32)
E/Camera3-Device(  204): RequestThread: Can't get output buffer, skipping request: Broken pipe (-32)
E/Camera3-OutputStream(  204): getBufferLocked: Stream 2: Can't dequeue next output buffer: Broken pipe (-32)
E/Camera3-Device(  204): RequestThread: Can't get output buffer, skipping request: Broken pipe (-32)
E/Camera3-OutputStream(  204): getBufferLocked: Stream 2: Can't dequeue next output buffer: Broken pipe (-32)
E/Camera3-Device(  204): RequestThread: Can't get output buffer, skipping request: Broken pipe (-32)
E/Camera3-OutputStream(  204): getBufferLocked: Stream 2: Can't dequeue next output buffer: Broken pipe (-32)
E/Camera3-Device(  204): RequestThread: Can't get output buffer, skipping request: Broken pipe (-32)
E/Camera3-OutputStream(  204): getBufferLocked: Stream 2: Can't dequeue next output buffer: Broken pipe (-32)
E/Camera3-Device(  204): RequestThread: Can't get output buffer, skipping request: Broken pipe (-32)
E/Camera3-OutputStream(  204): getBufferLocked: Stream 2: Can't dequeue next output buffer: Broken pipe (-32)
E/Camera3-Device(  204): RequestThread: Can't get output buffer, skipping request: Broken pipe (-32)
E/Camera3-OutputStream(  204): getBufferLocked: Stream 2: Can't dequeue next output buffer: Broken pipe (-32)
E/Camera3-Device(  204): RequestThread: Can't get output buffer, skipping request: Broken pipe (-32)
E/Camera3-OutputStream(  204): getBufferLocked: Stream 2: Can't dequeue next output buffer: Broken pipe (-32)
E/Camera3-Device(  204): RequestThread: Can't get output buffer, skipping request: Broken pipe (-32)
E/Camera3-OutputStream(  204): getBufferLocked: Stream 2: Can't dequeue next output buffer: Broken pipe (-32)
E/Camera3-Device(  204): RequestThread: Can't get output buffer, skipping request: Broken pipe (-32)
E/Camera3-OutputStream(  204): getBufferLocked: Stream 2: Can't dequeue next output buffer: Broken pipe (-32)
E/Camera3-Device(  204): RequestThread: Can't get output buffer, skipping request: Broken pipe (-32)
E/Camera3-OutputStream(  204): getBufferLocked: Stream 2: Can't dequeue next output buffer: Broken pipe (-32)
E/Camera3-Device(  204): RequestThread: Can't get output buffer, skipping request: Broken pipe (-32)
E/Camera3-OutputStream(  204): getBufferLocked: Stream 2: Can't dequeue next output buffer: Broken pipe (-32)
E/Camera3-Device(  204): RequestThread: Can't get output buffer, skipping request: Broken pipe (-32)
E/Camera3-OutputStream(  204): getBufferLocked: Stream 2: Can't dequeue next output buffer: Broken pipe (-32)
E/Camera3-Device(  204): RequestThread: Can't get output buffer, skipping request: Broken pipe (-32)
E/Camera3-OutputStream(  204): getBufferLocked: Stream 2: Can't dequeue next output buffer: Broken pipe (-32)
E/Camera3-Device(  204): RequestThread: Can't get output buffer, skipping request: Broken pipe (-32)
E/Camera3-OutputStream(  204): getBufferLocked: Stream 2: Can't dequeue next output buffer: Broken pipe (-32)
E/Camera3-Device(  204): RequestThread: Can't get output buffer, skipping request: Broken pipe (-32)
E/Camera3-OutputStream(  204): getBufferLocked: Stream 2: Can't dequeue next output buffer: Broken pipe (-32)
E/Camera3-Device(  204): RequestThread: Can't get output buffer, skipping request: Broken pipe (-32)
E/Camera3-OutputStream(  204): getBufferLocked: Stream 2: Can't dequeue next output buffer: Broken pipe (-32)
E/Camera3-Device(  204): RequestThread: Can't get output buffer, skipping request: Broken pipe (-32)
E/Camera3-OutputStream(  204): getBufferLocked: Stream 2: Can't dequeue next output buffer: Broken pipe (-32)
E/Camera3-Device(  204): RequestThread: Can't get output buffer, skipping request: Broken pipe (-32)
E/Camera3-OutputStream(  204): getBufferLocked: Stream 2: Can't dequeue next output buffer: Broken pipe (-32)
E/Camera3-Device(  204): RequestThread: Can't get output buffer, skipping request: Broken pipe (-32)
E/Camera3-OutputStream(  204): getBufferLocked: Stream 2: Can't dequeue next output buffer: Broken pipe (-32)
E/Camera3-Device(  204): RequestThread: Can't get output buffer, skipping request: Broken pipe (-32)
E/Camera3-OutputStream(  204): getBufferLocked: Stream 2: Can't dequeue next output buffer: Broken pipe (-32)
E/Camera3-Device(  204): RequestThread: Can't get output buffer, skipping request: Broken pipe (-32)
E/Camera3-OutputStream(  204): getBufferLocked: Stream 2: Can't dequeue next output buffer: Broken pipe (-32)
E/Camera3-Device(  204): RequestThread: Can't get output buffer, skipping request: Broken pipe (-32)
E/Camera3-OutputStream(  204): getBufferLocked: Stream 2: Can't dequeue next output buffer: Broken pipe (-32)
E/Camera3-Device(  204): RequestThread: Can't get output buffer, skipping request: Broken pipe (-32)
E/Camera3-OutputStream(  204): getBufferLocked: Stream 2: Can't dequeue next output buffer: Broken pipe (-32)
E/Camera3-Device(  204): RequestThread: Can't get output buffer, skipping request: Broken pipe (-32)
E/Camera3-OutputStream(  204): getBufferLocked: Stream 2: Can't dequeue next output buffer: Broken pipe (-32)
E/Camera3-Device(  204): RequestThread: Can't get output buffer, skipping request: Broken pipe (-32)
E/Camera3-OutputStream(  204): getBufferLocked: Stream 2: Can't dequeue next output buffer: Broken pipe (-32)
E/Camera3-Device(  204): RequestThread: Can't get output buffer, skipping request: Broken pipe (-32)
E/Camera3-OutputStream(  204): getBufferLocked: Stream 2: Can't dequeue next output buffer: Broken pipe (-32)
E/Camera3-Device(  204): RequestThread: Can't get output buffer, skipping request: Broken pipe (-32)
E/Camera3-OutputStream(  204): getBufferLocked: Stream 2: Can't dequeue next output buffer: Broken pipe (-32)
E/Camera3-Device(  204): RequestThread: Can't get output buffer, skipping request: Broken pipe (-32)
E/Camera3-OutputStream(  204): getBufferLocked: Stream 2: Can't dequeue next output buffer: Broken pipe (-32)
E/Camera3-Device(  204): RequestThread: Can't get output buffer, skipping request: Broken pipe (-32)
E/Camera3-OutputStream(  204): getBufferLocked: Stream 2: Can't dequeue next output buffer: Broken pipe (-32)
E/Camera3-Device(  204): RequestThread: Can't get output buffer, skipping request: Broken pipe (-32)
E/Camera3-OutputStream(  204): getBufferLocked: Stream 2: Can't dequeue next output buffer: Broken pipe (-32)
E/Camera3-Device(  204): RequestThread: Can't get output buffer, skipping request: Broken pipe (-32)
E/Camera3-OutputStream(  204): getBufferLocked: Stream 2: Can't dequeue next output buffer: Broken pipe (-32)
E/Camera3-Device(  204): RequestThread: Can't get output buffer, skipping request: Broken pipe (-32)
E/Camera3-OutputStream(  204): getBufferLocked: Stream 2: Can't dequeue next output buffer: Broken pipe (-32)
E/Camera3-Device(  204): RequestThread: Can't get output buffer, skipping request: Broken pipe (-32)
E/Camera3-OutputStream(  204): getBufferLocked: Stream 2: Can't dequeue next output buffer: Broken pipe (-32)
E/Camera3-Device(  204): RequestThread: Can't get output buffer, skipping request: Broken pipe (-32)
E/Camera3-OutputStream(  204): getBufferLocked: Stream 2: Can't dequeue next output buffer: Broken pipe (-32)
E/Camera3-Device(  204): RequestThread: Can't get output buffer, skipping request: Broken pipe (-32)
E/Camera3-OutputStream(  204): getBufferLocked: Stream 2: Can't dequeue next output buffer: Broken pipe (-32)
E/Camera3-Device(  204): RequestThread: Can't get output buffer, skipping request: Broken pipe (-32)
E/Camera3-OutputStream(  204): getBufferLocked: Stream 2: Can't dequeue next output buffer: Broken pipe (-32)
E/Camera3-Device(  204): RequestThread: Can't get output buffer, skipping request: Broken pipe (-32)
E/Camera3-OutputStream(  204): getBufferLocked: Stream 2: Can't dequeue next output buffer: Broken pipe (-32)
E/Camera3-Device(  204): RequestThread: Can't get output buffer, skipping request: Broken pipe (-32)
E/Camera3-OutputStream(  204): getBufferLocked: Stream 2: Can't dequeue next output buffer: Broken pipe (-32)
E/Camera3-Device(  204): RequestThread: Can't get output buffer, skipping request: Broken pipe (-32)
E/Camera3-OutputStream(  204): getBufferLocked: Stream 2: Can't dequeue next output buffer: Broken pipe (-32)
E/Camera3-Device(  204): RequestThread: Can't get output buffer, skipping request: Broken pipe (-32)
E/Camera3-OutputStream(  204): getBufferLocked: Stream 2: Can't dequeue next output buffer: Broken pipe (-32)
E/Camera3-Device(  204): RequestThread: Can't get output buffer, skipping request: Broken pipe (-32)
E/Camera3-OutputStream(  204): getBufferLocked: Stream 2: Can't dequeue next output buffer: Broken pipe (-32)
E/Camera3-Device(  204): RequestThread: Can't get output buffer, skipping request: Broken pipe (-32)
E/Camera3-OutputStream(  204): getBufferLocked: Stream 2: Can't dequeue next output buffer: Broken pipe (-32)
E/Camera3-Device(  204): RequestThread: Can't get output buffer, skipping request: Broken pipe (-32)
E/Camera3-OutputStream(  204): getBufferLocked: Stream 2: Can't dequeue next output buffer: Broken pipe (-32)
E/Camera3-Device(  204): RequestThread: Can't get output buffer, skipping request: Broken pipe (-32)
E/Camera3-OutputStream(  204): getBufferLocked: Stream 2: Can't dequeue next output buffer: Broken pipe (-32)
E/Camera3-Device(  204): RequestThread: Can't get output buffer, skipping request: Broken pipe (-32)
E/Camera3-OutputStream(  204): getBufferLocked: Stream 2: Can't dequeue next output buffer: Broken pipe (-32)
E/Camera3-Device(  204): RequestThread: Can't get output buffer, skipping request: Broken pipe (-32)
E/Camera3-OutputStream(  204): getBufferLocked: Stream 2: Can't dequeue next output buffer: Broken pipe (-32)
E/Camera3-Device(  204): RequestThread: Can't get output buffer, skipping request: Broken pipe (-32)
E/Camera3-OutputStream(  204): getBufferLocked: Stream 2: Can't dequeue next output buffer: Broken pipe (-32)
E/Camera3-Device(  204): RequestThread: Can't get output buffer, skipping request: Broken pipe (-32)
E/Camera3-OutputStream(  204): getBufferLocked: Stream 2: Can't dequeue next output buffer: Broken pipe (-32)
E/Camera3-Device(  204): RequestThread: Can't get output buffer, skipping request: Broken pipe (-32)
E/Camera3-OutputStream(  204): getBufferLocked: Stream 2: Can't dequeue next output buffer: Broken pipe (-32)
E/Camera3-Device(  204): RequestThread: Can't get output buffer, skipping request: Broken pipe (-32)
E/Camera3-OutputStream(  204): getBufferLocked: Stream 2: Can't dequeue next output buffer: Broken pipe (-32)
E/Camera3-Device(  204): RequestThread: Can't get output buffer, skipping request: Broken pipe (-32)
E/Camera3-OutputStream(  204): getBufferLocked: Stream 2: Can't dequeue next output buffer: Broken pipe (-32)
E/Camera3-Device(  204): RequestThread: Can't get output buffer, skipping request: Broken pipe (-32)
E/Camera3-OutputStream(  204): getBufferLocked: Stream 2: Can't dequeue next output buffer: Broken pipe (-32)
E/Camera3-Device(  204): RequestThread: Can't get output buffer, skipping request: Broken pipe (-32)
E/Camera3-OutputStream(  204): getBufferLocked: Stream 2: Can't dequeue next output buffer: Broken pipe (-32)
E/Camera3-Device(  204): RequestThread: Can't get output buffer, skipping request: Broken pipe (-32)
E/Camera3-OutputStream(  204): getBufferLocked: Stream 2: Can't dequeue next output buffer: Broken pipe (-32)
E/Camera3-Device(  204): RequestThread: Can't get output buffer, skipping request: Broken pipe (-32)
E/Camera3-OutputStream(  204): getBufferLocked: Stream 2: Can't dequeue next output buffer: Broken pipe (-32)
E/Camera3-Device(  204): RequestThread: Can't get output buffer, skipping request: Broken pipe (-32)
E/Camera3-OutputStream(  204): getBufferLocked: Stream 2: Can't dequeue next output buffer: Broken pipe (-32)
E/Camera3-Device(  204): RequestThread: Can't get output buffer, skipping request: Broken pipe (-32)
E/Camera3-OutputStream(  204): getBufferLocked: Stream 2: Can't dequeue next output buffer: Broken pipe (-32)
E/Camera3-Device(  204): RequestThread: Can't get output buffer, skipping request: Broken pipe (-32)
E/Camera3-OutputStream(  204): getBufferLocked: Stream 2: Can't dequeue next output buffer: Broken pipe (-32)
E/Camera3-Device(  204): RequestThread: Can't get output buffer, skipping request: Broken pipe (-32)
E/Camera3-OutputStream(  204): getBufferLocked: Stream 2: Can't dequeue next output buffer: Broken pipe (-32)
E/Camera3-Device(  204): RequestThread: Can't get output buffer, skipping request: Broken pipe (-32)
E/Camera3-OutputStream(  204): getBufferLocked: Stream 2: Can't dequeue next output buffer: Broken pipe (-32)
E/Camera3-Device(  204): RequestThread: Can't get output buffer, skipping request: Broken pipe (-32)
E/Camera3-OutputStream(  204): getBufferLocked: Stream 2: Can't dequeue next output buffer: Broken pipe (-32)
E/Camera3-Device(  204): RequestThread: Can't get output buffer, skipping request: Broken pipe (-32)
E/Camera3-OutputStream(  204): getBufferLocked: Stream 2: Can't dequeue next output buffer: Broken pipe (-32)
E/Camera3-Device(  204): RequestThread: Can't get output buffer, skipping request: Broken pipe (-32)
E/Camera3-OutputStream(  204): getBufferLocked: Stream 2: Can't dequeue next output buffer: Broken pipe (-32)
E/Camera3-Device(  204): RequestThread: Can't get output buffer, skipping request: Broken pipe (-32)
E/Camera3-OutputStream(  204): getBufferLocked: Stream 2: Can't dequeue next output buffer: Broken pipe (-32)
E/Camera3-Device(  204): RequestThread: Can't get output buffer, skipping request: Broken pipe (-32)
E/Camera3-OutputStream(  204): getBufferLocked: Stream 2: Can't dequeue next output buffer: Broken pipe (-32)
E/Camera3-Device(  204): RequestThread: Can't get output buffer, skipping request: Broken pipe (-32)
E/Camera3-OutputStream(  204): getBufferLocked: Stream 2: Can't dequeue next output buffer: Broken pipe (-32)
E/Camera3-Device(  204): RequestThread: Can't get output buffer, skipping request: Broken pipe (-32)
E/Camera3-OutputStream(  204): getBufferLocked: Stream 2: Can't dequeue next output buffer: Broken pipe (-32)
E/Camera3-Device(  204): RequestThread: Can't get output buffer, skipping request: Broken pipe (-32)
E/Camera3-OutputStream(  204): getBufferLocked: Stream 2: Can't dequeue next output buffer: Broken pipe (-32)
E/Camera3-Device(  204): RequestThread: Can't get output buffer, skipping request: Broken pipe (-32)
E/Camera3-OutputStream(  204): getBufferLocked: Stream 2: Can't dequeue next output buffer: Broken pipe (-32)
E/Camera3-Device(  204): RequestThread: Can't get output buffer, skipping request: Broken pipe (-32)
E/Camera3-OutputStream(  204): getBufferLocked: Stream 2: Can't dequeue next output buffer: Broken pipe (-32)
E/Camera3-Device(  204): RequestThread: Can't get output buffer, skipping request: Broken pipe (-32)
E/Camera3-OutputStream(  204): getBufferLocked: Stream 2: Can't dequeue next output buffer: Broken pipe (-32)
E/Camera3-Device(  204): RequestThread: Can't get output buffer, skipping request: Broken pipe (-32)
E/Camera3-OutputStream(  204): getBufferLocked: Stream 2: Can't dequeue next output buffer: Broken pipe (-32)
E/Camera3-Device(  204): RequestThread: Can't get output buffer, skipping request: Broken pipe (-32)
E/Camera3-OutputStream(  204): getBufferLocked: Stream 2: Can't dequeue next output buffer: Broken pipe (-32)
E/Camera3-Device(  204): RequestThread: Can't get output buffer, skipping request: Broken pipe (-32)
E/Camera3-OutputStream(  204): getBufferLocked: Stream 2: Can't dequeue next output buffer: Broken pipe (-32)
E/Camera3-Device(  204): RequestThread: Can't get output buffer, skipping request: Broken pipe (-32)
E/Camera3-OutputStream(  204): getBufferLocked: Stream 2: Can't dequeue next output buffer: Broken pipe (-32)
E/Camera3-Device(  204): RequestThread: Can't get output buffer, skipping request: Broken pipe (-32)
E/Camera3-OutputStream(  204): getBufferLocked: Stream 2: Can't dequeue next output buffer: Broken pipe (-32)
E/Camera3-Device(  204): RequestThread: Can't get output buffer, skipping request: Broken pipe (-32)
E/Camera3-OutputStream(  204): getBufferLocked: Stream 2: Can't dequeue next output buffer: Broken pipe (-32)
E/Camera3-Device(  204): RequestThread: Can't get output buffer, skipping request: Broken pipe (-32)
E/Camera3-OutputStream(  204): getBufferLocked: Stream 2: Can't dequeue next output buffer: Broken pipe (-32)
E/Camera3-Device(  204): RequestThread: Can't get output buffer, skipping request: Broken pipe (-32)
E/Camera3-OutputStream(  204): getBufferLocked: Stream 2: Can't dequeue next output buffer: Broken pipe (-32)
E/Camera3-Device(  204): RequestThread: Can't get output buffer, skipping request: Broken pipe (-32)
E/Camera3-OutputStream(  204): getBufferLocked: Stream 2: Can't dequeue next output buffer: Broken pipe (-32)
E/Camera3-Device(  204): RequestThread: Can't get output buffer, skipping request: Broken pipe (-32)
E/Surface (  204): queueBuffer: error queuing buffer to SurfaceTexture, -32
E/Camera3-OutputStream(  204): returnBufferCheckedLocked: Stream 2: Error queueing buffer to native window: Broken pipe (-32)
E/Camera3-Device(  204): Can't return buffer to its stream: Broken pipe (-32)
E/Camera3-OutputStream(  204): getBufferLocked: Stream 2: Can't dequeue next output buffer: Broken pipe (-32)
E/Camera3-Device(  204): RequestThread: Can't get output buffer, skipping request: Broken pipe (-32)
E/Camera3-OutputStream(  204): getBufferLocked: Stream 2: Can't dequeue next output buffer: Broken pipe (-32)
E/Camera3-Device(  204): RequestThread: Can't get output buffer, skipping request: Broken pipe (-32)
E/Camera3-OutputStream(  204): getBufferLocked: Stream 2: Can't dequeue next output buffer: Broken pipe (-32)
E/Camera3-Device(  204): RequestThread: Can't get output buffer, skipping request: Broken pipe (-32)
E/Camera3-OutputStream(  204): getBufferLocked: Stream 2: Can't dequeue next output buffer: Broken pipe (-32)
E/Camera3-Device(  204): RequestThread: Can't get output buffer, skipping request: Broken pipe (-32)
E/Camera3-OutputStream(  204): getBufferLocked: Stream 2: Can't dequeue next output buffer: Broken pipe (-32)
E/Camera3-Device(  204): RequestThread: Can't get output buffer, skipping request: Broken pipe (-32)
E/Camera3-OutputStream(  204): getBufferLocked: Stream 2: Can't dequeue next output buffer: Broken pipe (-32)
E/Camera3-Device(  204): RequestThread: Can't get output buffer, skipping request: Broken pipe (-32)
E/Camera2ClientBase(  204): Error condition 3 reported by HAL, requestId 0
D/ConnectivityService(  459): ConnectivityService NetworkRequestInfo binderDied(NetworkRequest [ id=110, legacyType=-1, [ Capabilities: INTERNET&NOT_RESTRICTED&TRUSTED] ], android.os.BinderProxy@1bcad7dc)
D/ConnectivityService(  459): releasing NetworkRequest NetworkRequest [ id=110, legacyType=-1, [ Capabilities: INTERNET&NOT_RESTRICTED&TRUSTED] ]
I/WindowState(  459): WIN DEATH: Window{f07df1e u0 SurfaceView}
D/ConnectivityService(  459): ConnectivityService NetworkRequestInfo binderDied(NetworkRequest [ id=113, legacyType=-1, [ Capabilities: INTERNET&NOT_RESTRICTED&TRUSTED] ], android.os.BinderProxy@334b20e5)
E/ConnectivityService(  459): RemoteException caught trying to send a callback msg for NetworkRequest [ id=110, legacyType=-1, [ Capabilities: INTERNET&NOT_RESTRICTED&TRUSTED] ]
D/ConnectivityService(  459): releasing NetworkRequest NetworkRequest [ id=113, legacyType=-1, [ Capabilities: INTERNET&NOT_RESTRICTED&TRUSTED] ]
E/ConnectivityService(  459): RemoteException caught trying to send a callback msg for NetworkRequest [ id=113, legacyType=-1, [ Capabilities: INTERNET&NOT_RESTRICTED&TRUSTED] ]
I/WindowState(  459): WIN DEATH: Window{328c50a3 u0 com.android.chrome/org.chromium.chrome.browser.ChromeTabbedActivity}
E/Surface (  204): queueBuffer: error queuing buffer to SurfaceTexture, -32
E/Camera3-OutputStream(  204): returnBufferCheckedLocked: Stream 2: Error queueing buffer to native window: Broken pipe (-32)
E/Camera3-Device(  204): Can't return buffer to its stream: Broken pipe (-32)
E/Surface (  204): queueBuffer: error queuing buffer to SurfaceTexture, -32
E/Camera3-OutputStream(  204): returnBufferCheckedLocked: Stream 2: Error queueing buffer to native window: Broken pipe (-32)
E/Camera3-Device(  204): Can't return buffer to its stream: Broken pipe (-32)
E/Surface (  204): queueBuffer: error queuing buffer to SurfaceTexture, -32
E/Camera3-OutputStream(  204): returnBufferCheckedLocked: Stream 2: Error queueing buffer to native window: Broken pipe (-32)
E/Camera3-Device(  204): Can't return buffer to its stream: Broken pipe (-32)
E/Surface (  204): queueBuffer: error queuing buffer to SurfaceTexture, -32
E/Camera3-OutputStream(  204): returnBufferCheckedLocked: Stream 2: Error queueing buffer to native window: Broken pipe (-32)
E/Camera3-Device(  204): Can't return buffer to its stream: Broken pipe (-32)
E/lowmemorykiller(  152): Error opening /proc/23788/oom_score_adj; errno=2
W/ActivityManager(  459): Exception when unbinding service com.android.chrome/org.chromium.content.app.SandboxedProcessService1
W/ActivityManager(  459): android.os.DeadObjectException
W/ActivityManager(  459): 	at android.os.BinderProxy.transactNative(Native Method)
W/ActivityManager(  459): 	at android.os.BinderProxy.transact(Binder.java:496)
W/ActivityManager(  459): 	at android.app.ApplicationThreadProxy.scheduleUnbindService(ApplicationThreadNative.java:921)
W/ActivityManager(  459): 	at com.android.server.am.ActiveServices.removeConnectionLocked(ActiveServices.java:1795)
W/ActivityManager(  459): 	at com.android.server.am.ActiveServices.killServicesLocked(ActiveServices.java:2193)
W/ActivityManager(  459): 	at com.android.server.am.ActivityManagerService.cleanUpApplicationRecordLocked(ActivityManagerService.java:14895)
W/ActivityManager(  459): 	at com.android.server.am.ActivityManagerService.handleAppDiedLocked(ActivityManagerService.java:4552)
W/ActivityManager(  459): 	at com.android.server.am.ActivityManagerService.removeProcessLocked(ActivityManagerService.java:5789)
W/ActivityManager(  459): 	at com.android.server.am.ActivityManagerService.killPackageProcessesLocked(ActivityManagerService.java:5594)
W/ActivityManager(  459): 	at com.android.server.am.ActivityManagerService.forceStopPackageLocked(ActivityManagerService.java:5655)
W/ActivityManager(  459): 	at com.android.server.am.ActivityManagerService.forceStopPackageLocked(ActivityManagerService.java:5499)
W/ActivityManager(  459): 	at com.android.server.am.ActivityManagerService.forceStopPackage(ActivityManagerService.java:5309)
W/ActivityManager(  459): 	at android.app.ActivityManagerNative.onTransact(ActivityManagerNative.java:1461)
W/ActivityManager(  459): 	at com.android.server.am.ActivityManagerService.onTransact(ActivityManagerService.java:2208)
W/ActivityManager(  459): 	at android.os.Binder.execTransact(Binder.java:446)
E/lowmemorykiller(  152): Error opening /proc/23788/oom_score_adj; errno=2
E/lowmemorykiller(  152): Error opening /proc/23934/oom_score_adj; errno=2
E/lowmemorykiller(  152): Error opening /proc/23934/oom_score_adj; errno=2
W/ActivityManager(  459): Exception when unbinding service com.android.chrome/org.chromium.content.app.SandboxedProcessService3
W/ActivityManager(  459): android.os.DeadObjectException
W/ActivityManager(  459): 	at android.os.BinderProxy.transactNative(Native Method)
W/ActivityManager(  459): 	at android.os.BinderProxy.transact(Binder.java:496)
W/ActivityManager(  459): 	at android.app.ApplicationThreadProxy.scheduleUnbindService(ApplicationThreadNative.java:921)
W/ActivityManager(  459): 	at com.android.server.am.ActiveServices.removeConnectionLocked(ActiveServices.java:1795)
W/ActivityManager(  459): 	at com.android.server.am.ActiveServices.killServicesLocked(ActiveServices.java:2193)
W/ActivityManager(  459): 	at com.android.server.am.ActivityManagerService.cleanUpApplicationRecordLocked(ActivityManagerService.java:14895)
W/ActivityManager(  459): 	at com.android.server.am.ActivityManagerService.handleAppDiedLocked(ActivityManagerService.java:4552)
W/ActivityManager(  459): 	at com.android.server.am.ActivityManagerService.removeProcessLocked(ActivityManagerService.java:5789)
W/ActivityManager(  459): 	at com.android.server.am.ActivityManagerService.killPackageProcessesLocked(ActivityManagerService.java:5594)
W/ActivityManager(  459): 	at com.android.server.am.ActivityManagerService.forceStopPackageLocked(ActivityManagerService.java:5655)
W/ActivityManager(  459): 	at com.android.server.am.ActivityManagerService.forceStopPackageLocked(ActivityManagerService.java:5499)
W/ActivityManager(  459): 	at com.android.server.am.ActivityManagerService.forceStopPackage(ActivityManagerService.java:5309)
W/ActivityManager(  459): 	at android.app.ActivityManagerNative.onTransact(ActivityManagerNative.java:1461)
W/ActivityManager(  459): 	at com.android.server.am.ActivityManagerService.onTransact(ActivityManagerService.java:2208)
W/ActivityManager(  459): 	at android.os.Binder.execTransact(Binder.java:446)
I/ActivityManager(  459): Killing 23788:com.android.chrome:sandboxed_process1/u0a35i84 (adj 9): isolated not needed
W/libprocessgroup(  459): failed to open /acct/uid_10035/pid_23788/cgroup.procs: No such file or directory
E/lowmemorykiller(  152): Error opening /proc/23934/oom_score_adj; errno=2
W/ActivityManager(  459): Scheduling restart of crashed service com.android.chrome/org.chromium.chrome.browser.media.MediaCaptureNotificationService in 1000ms
W/ActivityManager(  459): Force removing ActivityRecord{33363296 u0 com.android.chrome/org.chromium.chrome.browser.ChromeTabbedActivity t4633}: app died, no saved state
E/lowmemorykiller(  152): Error opening /proc/23934/oom_score_adj; errno=2
I/ActivityManager(  459): Killing 23934:com.android.chrome:sandboxed_process3/u0a35i86 (adj 9): isolated not needed
W/libprocessgroup(  459): failed to open /acct/uid_10035/pid_23934/cgroup.procs: No such file or directory
I/ActivityManager(  459):   Force stopping service ServiceRecord{38b14395 u0 com.android.chrome/org.chromium.chrome.browser.media.MediaCaptureNotificationService}
W/ActivityManager(  459): Spurious death for ProcessRecord{3e39a3ca 23652:com.android.chrome:privileged_process0/u0a35}, curProc for 23652: null
D/AndroidRuntime(24380): Shutting down VM
W/ActivityManager(  459): Unbind failed: could not find connection for android.os.BinderProxy@1d5ea2e0
W/ActivityManager(  459): Spurious death for ProcessRecord{c282b14 23568:com.android.chrome/u0a35}, curProc for 23568: null
E/Surface (  204): queueBuffer: error queuing buffer to SurfaceTexture, -32
E/Camera3-OutputStream(  204): returnBufferCheckedLocked: Stream 2: Error queueing buffer to native window: Broken pipe (-32)
E/Camera3-Device(  204): Can't return buffer to its stream: Broken pipe (-32)
E/Surface (  204): queueBuffer: error queuing buffer to SurfaceTexture, -32
E/Camera3-OutputStream(  204): returnBufferCheckedLocked: Stream 2: Error queueing buffer to native window: Broken pipe (-32)
E/Camera3-Device(  204): Can't return buffer to its stream: Broken pipe (-32)
W/Camera3-OutputStream(  204): disconnectLocked: While disconnecting stream 0 from native window, the native window died from under us
W/Camera3-OutputStream(  204): disconnectLocked: While disconnecting stream 1 from native window, the native window died from under us
W/Camera3-OutputStream(  204): disconnectLocked: While disconnecting stream 2 from native window, the native window died from under us
W/InputMethodManagerService(  459): Got RemoteException sending setActive(false) notification to pid 23568 uid 10035
W/SessionLifecycleManager( 8196): Handover failed. Creating new session controller.
D/BluetoothAdapter( 8196): 377043596: getState() :  mService = null. Returning STATE_OFF
D/BluetoothAdapter( 8196): 377043596: getState() :  mService = null. Returning STATE_OFF
I/VoiceSearchSettings( 8196): Hotword upgrade key is null!
I/OptInState( 8196): There is a new client and it does not support opt-in. Dropping request.
D/NvOsDebugPrintf(  204): SensorBayer_SetPowerLevel 1
W/LocationOracle( 8196): No location history returned by ContextManager
I/Camera2ClientBase(  204): Closed Camera 1. Client was: com.android.chrome (PID 23568, UID 10035)
I/MicroDetectionWorker( 8196): #updateMicroDetector [detectionMode: [mDetectionMode: [1]]]
I/MicroDetectionWorker( 8196): #startMicroDetector [speakerMode: 0]
D/BluetoothAdapter( 8196): 377043596: getState() :  mService = null. Returning STATE_OFF
D/BluetoothAdapter( 8196): 377043596: getState() :  mService = null. Returning STATE_OFF
I/VoiceSearchSettings( 8196): Hotword upgrade key is null!
D/BluetoothAdapter( 8196): 377043596: getState() :  mService = null. Returning STATE_OFF
I/VoiceSearchSettings( 8196): Hotword upgrade key is null!
I/MicroDetectionWorker( 8196): onReady
D/BluetoothAdapter( 8196): 377043596: getState() :  mService = null. Returning STATE_OFF
I/MicroRecognitionRunner( 8196): Starting detection.
I/MicrophoneInputStream( 8196): mic_starting com.google.android.apps.gsa.speech.audio.af@278a6727
I/AudioFlinger(  204): AudioFlinger's thread 0xaadcc298 ready to run
I/MicrophoneInputStream( 8196): mic_started com.google.android.apps.gsa.speech.audio.af@278a6727
I/SoundTriggerHwService::Module(  204): void android::SoundTriggerHwService::Module::onCallbackEvent(const android::sp<android::SoundTriggerHwService::CallbackEvent>&) mClient == 0
W/Wifi    ( 3847): Failed to read packet and byte counts from wifi interface
W/ctxmgr  ( 1049): [AclManager]No 3 for (accnt=account#-517948760#, com.google.android.gms(10008):UserVelocityProducer, vrsn=12685011, 0, 3pPkg = null ,  3pMdlId = null ,  pid = 1049). Was: 3 for 1, account#-517948760#
E/SQLiteLog( 1049): (2067) abort at 35 in [INSERT INTO context(context_name,end_time,context_family,module_id,version,sync_state_mod_time_millis,start_time,sync_state,context_id,time_type,proto_blob) VALUES (?,?,?,?,?,?,?,?,?,?,?)]: UNI
E/SQLiteLog( 1049): (2067) abort at 35 in [INSERT INTO context(context_name,end_time,context_family,module_id,version,sync_state_mod_time_millis,start_time,sync_state,context_id,time_type,proto_blob) VALUES (?,?,?,?,?,?,?,?,?,?,?)]: UNI
E/SQLiteLog( 1049): (2067) abort at 35 in [INSERT INTO context(context_name,end_time,context_family,module_id,version,sync_state_mod_time_millis,start_time,sync_state,context_id,time_type,proto_blob) VALUES (?,?,?,?,?,?,?,?,?,?,?)]: UNI
I/vgn     ( 1049): 67-RequestPlaceUpdates -- metadata{ service_id: 0 }
D/AndroidRuntime(24399): >>>>>> START com.android.internal.os.RuntimeInit uid 2000 <<<<<<
D/AndroidRuntime(24399): CheckJNI is OFF
I/MicroDetectionWorker( 8196): onReady
I/GeofencerStateMachine( 1049): removeGeofences: removeRequest=RemoveGeofencingRequest[REMOVE_BY_PENDING_INTENT pendingIntent=PendingIntent[creatorPackage=com.google.android.gms], packageName=null]
I/GeofencerStateMachine( 1049): removeGeofences: removeRequest=RemoveGeofencingRequest[REMOVE_BY_PENDING_INTENT pendingIntent=PendingIntent[creatorPackage=com.google.android.gms], packageName=null]
I/PlaceInferenceEngine( 1049): [anon] Changed inference mode: 0
W/System.err( 7946): android.content.pm.PackageManager$NameNotFoundException
W/System.err( 7946): 	at android.app.ApplicationPackageManager.getPackageInfo(ApplicationPackageManager.java:114)
W/System.err( 7946): 	at com.estrongs.android.pop.app.c.ai.c(Unknown Source)
W/System.err( 7946): 	at com.estrongs.android.pop.app.c.ai.a(Unknown Source)
W/System.err( 7946): 	at com.estrongs.android.pop.app.scene.e.q.a(Unknown Source)
W/System.err( 7946): 	at com.estrongs.android.scanner.c.m.run(Unknown Source)
W/System.err( 7946): 	at java.util.concurrent.ThreadPoolExecutor.runWorker(ThreadPoolExecutor.java:1112)
W/System.err( 7946): 	at java.util.concurrent.ThreadPoolExecutor$Worker.run(ThreadPoolExecutor.java:587)
W/System.err( 7946): 	at java.lang.Thread.run(Thread.java:818)
I/art     (  459): Explicit concurrent mark sweep GC freed 114577(6MB) AllocSpace objects, 105(5MB) LOS objects, 33% free, 27MB/41MB, paused 1.476ms total 142.678ms
W/OpenGLRenderer(  960): Incorrectly called buildLayer on View: ShortcutAndWidgetContainer, destroying layer...
I/vgn     ( 1049): 67-RequestPlaceUpdates -- metadata{ service_id: 0 }
I/Places  ( 1049): ?: PlacesBleScanner start() with priority 2
D/BluetoothAdapter( 1049): 599352940: getState() :  mService = null. Returning STATE_OFF
I/BeaconBle( 1049): Using BLE 'L' hardware layer
I/PlaceInferenceEngine( 1049): [anon] Changed inference mode: 1
I/BeaconBle( 1049): Client requested scan, settings=BleSettings [scanMode=ZERO_POWER, callbackType=ALL_MATCHES, reportDelayMillis=0, 1 filters, 0 clients, callingClientName=Places]
E/BeaconBle( 1049): Scan couldn't start for Places
I/Places  ( 1049): Converted 0 out of 33 WiFi scans
W/Places  ( 1049): BLE failure while scanning - code 5
I/PlaceInferenceEngine( 1049): [anon] Changed inference mode: 1
D/AndroidRuntime(24399): Calling main entry com.android.commands.pm.Pm
I/ActivityManager(  459): Force stopping com.android.chrome appid=10035 user=0: clear data
D/TaskPersister(  459): removeObsoleteFile: deleting file=4633_task.xml
D/TaskPersister(  459): removeObsoleteFile: deleting file=4633_task_thumbnail.png
I/GeofencerStateMachine( 1049): removeGeofences: removeRequest=RemoveGeofencingRequest[REMOVE_ALL packageName=com.android.chrome]
D/Documents( 9552): Update found 8 roots in 22ms
I/LocationSettingsChecker( 1010): Removing dialog suppression flag for package com.android.chrome
I/art     (24399): System.exit called, status: 0
I/AndroidRuntime(24399): VM exiting with result code 0.
I/PlaceInferenceEngine( 1049): No beacon scan available - ignoring candidates.
I/Icing   ( 1010): doRemovePackageData com.android.chrome
I/Icing   ( 1010): Removing corpus key 94FBE96EEF13B8AC56FE8C01687FD8A6012559AC for package com.android.chrome
I/Icing   ( 1010): Flash index sort hb 5 prefix-hits 27 -> 20 at 8.244ms
I/Icing   ( 1010): updateResources: need to parse xax{com.android.chrome}
W/Wifi    ( 3847): Failed to read packet and byte counts from wifi interface
E/WifiStateMachine(  459): WifiStateMachine CMD_START_SCAN source -2 txSuccessRate=0.02 rxSuccessRate=1.45 targetRoamBSSID=f0:9f:c2:f4:b8:94 RSSI=-61
I/Icing   ( 1010): Indexing 94FBE96EEF13B8AC56FE8C01687FD8A6012559AC from com.android.chrome
I/ActivityManager(  459): Start proc 24437:com.android.chrome/u0a35 for content provider com.android.chrome/com.google.android.apps.chrome.icing.IcingProvider
W/DynamiteModule(24437): Local module descriptor class for com.google.android.gms.googlecertificates not found.
I/DynamiteModule(24437): Considering local module com.google.android.gms.googlecertificates:0 and remote module com.google.android.gms.googlecertificates:4
I/DynamiteModule(24437): Selected remote version of com.google.android.gms.googlecertificates, version >= 4
W/ResourcesManager(24437): Asset path '/system/framework/com.android.media.remotedisplay.jar' does not exist or contains no resources.
W/ResourcesManager(24437): Asset path '/system/framework/com.android.location.provider.jar' does not exist or contains no resources.
I/Icing   ( 1010): Indexing done 94FBE96EEF13B8AC56FE8C01687FD8A6012559AC
W/ctxmgr  ( 1049): [AclManager]No 2 for (accnt=account#-517948760#, com.google.android.gms(10008):PlacesProducer, vrsn=12685000, 0, 3pPkg = null ,  3pMdlId = null ,  pid = 1049). Was: 3 for 18, account#-517948760#
W/Wifi    ( 3847): Failed to read packet and byte counts from wifi interface
W/Wifi    ( 3847): Failed to read packet and byte counts from wifi interface
W/Wifi    ( 3847): Failed to read packet and byte counts from wifi interface
D/AndroidRuntime(24483): >>>>>> START com.android.internal.os.RuntimeInit uid 2000 <<<<<<
D/AndroidRuntime(24483): CheckJNI is OFF
D/AndroidRuntime(24483): Calling main entry com.android.commands.am.Am
I/Trepn   (23518): Trepn 6.2s: Received intent: com.quicinc.trepn.export_to_csv; filename: Trepn_2018.06.17_163052.db; filename: HT4AMJT02334_Trepn_2018.06.17_163052.csv
D/AndroidRuntime(24483): Shutting down VM
W/FileUtils(23518): Failed to chmod(/storage/emulated/0/trepn/Trepn_2018.06.17_163052.db): android.system.ErrnoException: chmod failed: EPERM (Operation not permitted)
W/Wifi    ( 3847): Failed to read packet and byte counts from wifi interface
W/Wifi    ( 3847): Failed to read packet and byte counts from wifi interface
W/System.err( 7946): android.content.pm.PackageManager$NameNotFoundException
W/System.err( 7946): 	at android.app.ApplicationPackageManager.getPackageInfo(ApplicationPackageManager.java:114)
W/System.err( 7946): 	at com.estrongs.android.pop.app.c.ai.c(Unknown Source)
W/System.err( 7946): 	at com.estrongs.android.pop.app.c.ai.a(Unknown Source)
W/System.err( 7946): 	at com.estrongs.android.pop.app.scene.e.q.a(Unknown Source)
W/System.err( 7946): 	at com.estrongs.android.scanner.c.m.run(Unknown Source)
W/System.err( 7946): 	at java.util.concurrent.ThreadPoolExecutor.runWorker(ThreadPoolExecutor.java:1112)
