D/ConnectivityService(  459): listenForNetwork for NetworkRequest [ id=112, legacyType=-1, [ Capabilities: INTERNET&NOT_RESTRICTED&TRUSTED] ]
D/ConnectivityService(  459): handleRegisterNetworkRequest checking NetworkAgentInfo [WIFI () - 103]
D/ConnectivityService(  459): apparently satisfied.  currentScore=100
D/ConnectivityManager.CallbackHandler(23568): CM callback handler got msg 524290
I/cr_InstantAppsHandler(23568): Not handling with Instant Apps (other)
I/ActivityManager(  459): START u0 {act=android.intent.action.VIEW flg=0x14002000 cmp=com.android.chrome/org.chromium.chrome.browser.ChromeTabbedActivity (has extras)} from uid 10035 on display 0
V/WindowManager(  459): addAppToken: AppWindowToken{1e711204 token=Token{7816e17 ActivityRecord{33363296 u0 com.android.chrome/org.chromium.chrome.browser.ChromeTabbedActivity t4633}}} to stack=1 task=4633 at 0
V/WindowManager(  459): Based on layer: Adding window Window{2f0ed3a5 u0 Starting com.android.chrome} at 4 of 18
W/Wifi    ( 3847): Failed to read packet and byte counts from wifi interface
W/cr_tabmodel(23568): Starting to perform legacy migration.
I/ActivityManager(  459): Start proc 23788:com.android.chrome:sandboxed_process1/u0i84 for service com.android.chrome/org.chromium.content.app.SandboxedProcessService1
V/WindowManager(  459): Adding window Window{328c50a3 u0 com.android.chrome/org.chromium.chrome.browser.ChromeTabbedActivity} at 4 of 19 (before Window{2f0ed3a5 u0 Starting com.android.chrome})
I/chromium(23595): [INFO:child_process_service_impl.cc(70)] ChildProcessServiceImpl: Exiting child process.
W/libprocessgroup(  459): failed to open /acct/uid_10035/pid_23595/cgroup.procs: No such file or directory
I/ActivityManager(  459): Process com.android.chrome:sandboxed_process0 (pid 23595) has died
W/ActivityManager(  459): Scheduling restart of crashed service com.android.chrome/org.chromium.content.app.SandboxedProcessService0 in 1000ms
W/dboxed_process1(23788): type=1400 audit(0.0:89): avc: denied { search } for name="tmp" dev="dm-0" ino=49 scontext=u:r:isolated_app:s0 tcontext=u:object_r:shell_data_file:s0 tclass=dir permissive=0
I/cr_ChildProcessService(23788): Creating new ChildProcessService pid=23788
W/cr_tabmodel(23568): Finished performing legacy migration.
W/cr_tabmodel(23568): Starting to perform multi-instance migration.
D/AndroidRuntime(23803): >>>>>> START com.android.internal.os.RuntimeInit uid 2000 <<<<<<
D/AndroidRuntime(23803): CheckJNI is OFF
W/cr_tabmodel(23568): Finished performing multi-instance migration.
I/PBSessionCacheImpl( 8196): Deleted sessionId[15271016277841] from persistence.
I/MicroDetector( 8196): Keeping mic open: false
I/MicroRecognitionRunner( 8196): Stopping hotword detection.
I/DeviceStateChecker( 8196): DeviceStateChecker cancelled
I/AudioController( 8196): internalShutdown
I/MicrophoneInputStream( 8196): mic_close com.google.android.apps.gsa.speech.audio.af@33582650
E/WorkerRegistryImpl( 8196): getWorker() is called after WorkerRegistry disposal.
E/WorkerRegistryImpl( 8196): getWorker() is called after WorkerRegistry disposal.
E/WorkerRegistryImpl( 8196): getWorker() is called after WorkerRegistry disposal.
E/WorkerRegistryImpl( 8196): getWorker() is called after WorkerRegistry disposal.
E/WorkerRegistryImpl( 8196): getWorker() is called after WorkerRegistry disposal.
E/WorkerRegistryImpl( 8196): getWorker() is called after WorkerRegistry disposal.
E/WorkerRegistryImpl( 8196): getWorker() is called after WorkerRegistry disposal.
E/WorkerRegistryImpl( 8196): getWorker() is called after WorkerRegistry disposal.
E/WorkerRegistryImpl( 8196): getWorker() is called after WorkerRegistry disposal.
E/WorkerRegistryImpl( 8196): getWorker() is called after WorkerRegistry disposal.
E/WorkerRegistryImpl( 8196): getWorker() is called after WorkerRegistry disposal.
E/WorkerRegistryImpl( 8196): getWorker() is called after WorkerRegistry disposal.
E/WorkerRegistryImpl( 8196): getWorker() is called after WorkerRegistry disposal.
E/WorkerRegistryImpl( 8196): getWorker() is called after WorkerRegistry disposal.
E/WorkerRegistryImpl( 8196): getWorker() is called after WorkerRegistry disposal.
E/WorkerRegistryImpl( 8196): getWorker() is called after WorkerRegistry disposal.
E/WorkerRegistryImpl( 8196): getWorker() is called after WorkerRegistry disposal.
E/WorkerRegistryImpl( 8196): getWorker() is called after WorkerRegistry disposal.
E/WorkerRegistryImpl( 8196): getWorker() is called after WorkerRegistry disposal.
E/WorkerRegistryImpl( 8196): getWorker() is called after WorkerRegistry disposal.
E/WorkerRegistryImpl( 8196): getWorker() is called after WorkerRegistry disposal.
W/cr_tabmodel(23568): Starting to fetch tab list.
E/cr_tabmodel(23568): State file does not exist.
I/SoundTriggerHwService::Module(  204): void android::SoundTriggerHwService::Module::onCallbackEvent(const android::sp<android::SoundTriggerHwService::CallbackEvent>&) mClient == 0
I/MicroRecognitionRunner( 8196): Detection finished
V/WindowManager(  459): Adding window Window{f07df1e u0 SurfaceView} at 4 of 20 (before Window{328c50a3 u0 com.android.chrome/org.chromium.chrome.browser.ChromeTabbedActivity})
I/Choreographer(23568): Skipped 31 frames!  The application may be doing too much work on its main thread.
D/AndroidRuntime(23803): Calling main entry com.android.commands.am.Am
I/Trepn   (23518): Trepn 6.2s: Received intent: com.quicinc.trepn.start_profiling
I/ActivityManager(  459): Displayed com.android.chrome/org.chromium.chrome.browser.ChromeTabbedActivity: +993ms (total +1s73ms)
W/cr_ChildProcessConn(23568): onServiceDisconnected (crash or killed by oom): pid=23595
I/vgn     ( 1049): 67-RequestPlaceUpdates -- metadata{ service_id: 0 }
I/vgn     ( 1049): 67-RemovePlaceUpdates -- metadata{ service_id: 0 }
I/art     (23568): Rejecting re-init on previously-failed class java.lang.Class<org.chromium.content.browser.FloatingActionModeCallback>
I/art     (23568): Rejecting re-init on previously-failed class java.lang.Class<org.chromium.content.browser.FloatingActionModeCallback>
W/Wifi    ( 3847): Failed to read packet and byte counts from wifi interface
I/cr_LibraryLoader(23788): Using linker: org.chromium.base.library_loader.LegacyLinker
W/linker  (23788): libchromium_android_linker.so: unused DT entry: type 0x6ffffffe arg 0xce8
W/linker  (23788): libchromium_android_linker.so: unused DT entry: type 0x6fffffff arg 0x3
W/cr_media(23568): Requires BLUETOOTH permission
I/cr_LibraryLoader(23788): Loading chrome from within /data/app/com.android.chrome-2/base.apk
I/cr_LibraryLoader(23788): Time to load native libraries: 64 ms (timestamps 5431-5495)
I/chromium(23788): [INFO:library_loader_hooks.cc(136)] Chromium logging enabled: level = 0, default verbosity = 0
I/cr_LibraryLoader(23788): Expected native library version number "61.0.3163.98", actual native library version number "61.0.3163.98"
W/FileUtils(23518): Failed to chmod(/storage/emulated/0/trepn/Trepn_2018.06.17_163052.db): android.system.ErrnoException: chmod failed: EPERM (Operation not permitted)
D/BluetoothAdapter( 8196): 377043596: getState() :  mService = null. Returning STATE_OFF
D/BluetoothAdapter( 8196): 377043596: getState() :  mService = null. Returning STATE_OFF
I/VoiceSearchSettings( 8196): Hotword upgrade key is null!
I/VISHotwordAdapter( 8196): #initialize, locale=en-US, keyPhrase=Ok Google
I/GsaVoiceInteractionSrv(  863): initializeAlwaysOnHotwordDetector locale en-US hotwordPhrase Ok Google
I/ActivityManager(  459): Start proc 23858:com.android.chrome:sandboxed_process2/u0i85 for service com.android.chrome/org.chromium.content.app.SandboxedProcessService2
W/dboxed_process2(23858): type=1400 audit(0.0:90): avc: denied { search } for name="tmp" dev="dm-0" ino=49 scontext=u:r:isolated_app:s0 tcontext=u:object_r:shell_data_file:s0 tclass=dir permissive=0
I/cr_ChildProcessService(23858): Creating new ChildProcessService pid=23858
I/cr_SnippetsLauncher(23568): Scheduling: 172800 172800
I/cr_LibraryLoader(23858): Using linker: org.chromium.base.library_loader.LegacyLinker
W/linker  (23858): libchromium_android_linker.so: unused DT entry: type 0x6ffffffe arg 0xce8
W/linker  (23858): libchromium_android_linker.so: unused DT entry: type 0x6fffffff arg 0x3
I/cr_LibraryLoader(23858): Loading chrome from within /data/app/com.android.chrome-2/base.apk
I/art     (23568): Background sticky concurrent mark sweep GC freed 66404(3MB) AllocSpace objects, 29(512KB) LOS objects, 9% free, 16MB/17MB, paused 2.784ms total 365.860ms
I/orc     ( 1049): 51-GetExperimentTokensOperationCall -- metadata{ service_id: 0 }
I/cr_LibraryLoader(23858): Time to load native libraries: 76 ms (timestamps 6040-6116)
I/chromium(23858): [INFO:library_loader_hooks.cc(136)] Chromium logging enabled: level = 0, default verbosity = 0
I/cr_LibraryLoader(23858): Expected native library version number "61.0.3163.98", actual native library version number "61.0.3163.98"
E/aght    ( 1049): Phenotype API error. Event a <
E/aght    ( 1049):   a: "LOCAL.com.google.android.agsa.QSB"
E/aght    ( 1049):   b: 0
E/aght    ( 1049):   e: ""
E/aght    ( 1049):   f: ""
E/aght    ( 1049):   g: 0
E/aght    ( 1049):   h: 0
E/aght    ( 1049):   i: ""
E/aght    ( 1049):   j: 1
E/aght    ( 1049): >
E/aght    ( 1049): e: # bjzl@f5130810
E/aght    ( 1049): , EventCode: 7 -- metadata{ service_id: 51 }
E/aght    ( 1049): aggm: 29505: No config packages for log source, or config package not registered
E/aght    ( 1049): 	at agif.b(:com.google.android.gms@12685011@12.6.85 (020406-197041431):4)
E/aght    ( 1049): 	at aght.a(:com.google.android.gms@12685011@12.6.85 (020406-197041431):40)
E/aght    ( 1049): 	at aght.a(:com.google.android.gms@12685011@12.6.85 (020406-197041431):108)
E/aght    ( 1049): 	at ord.run(:com.google.android.gms@12685011@12.6.85 (020406-197041431):40)
E/aght    ( 1049): 	at azvp.run(:com.google.android.gms@12685011@12.6.85 (020406-197041431):2)
E/aght    ( 1049): 	at ovl.run(:com.google.android.gms@12685011@12.6.85 (020406-197041431):27)
E/aght    ( 1049): 	at java.util.concurrent.ThreadPoolExecutor.runWorker(ThreadPoolExecutor.java:1112)
E/aght    ( 1049): 	at java.util.concurrent.ThreadPoolExecutor$Worker.run(ThreadPoolExecutor.java:587)
E/aght    ( 1049): 	at pbm.run(:com.google.android.gms@12685011@12.6.85 (020406-197041431))
E/aght    ( 1049): 	at java.lang.Thread.run(Thread.java:818)
E/AsyncOperation( 1049): serviceID=51, operation=GetExperimentTokensOperationCall
E/AsyncOperation( 1049): OperationException[Status{statusCode=No config packages for log source, or config package not registered, resolution=null}]
E/AsyncOperation( 1049): 	at aght.a(:com.google.android.gms@12685011@12.6.85 (020406-197041431):53)
E/AsyncOperation( 1049): 	at aght.a(:com.google.android.gms@12685011@12.6.85 (020406-197041431):108)
E/AsyncOperation( 1049): 	at ord.run(:com.google.android.gms@12685011@12.6.85 (020406-197041431):40)
E/AsyncOperation( 1049): 	at azvp.run(:com.google.android.gms@12685011@12.6.85 (020406-197041431):2)
E/AsyncOperation( 1049): 	at ovl.run(:com.google.android.gms@12685011@12.6.85 (020406-197041431):27)
E/AsyncOperation( 1049): 	at java.util.concurrent.ThreadPoolExecutor.runWorker(ThreadPoolExecutor.java:1112)
E/AsyncOperation( 1049): 	at java.util.concurrent.ThreadPoolExecutor$Worker.run(ThreadPoolExecutor.java:587)
E/AsyncOperation( 1049): 	at pbm.run(:com.google.android.gms@12685011@12.6.85 (020406-197041431))
E/AsyncOperation( 1049): 	at java.lang.Thread.run(Thread.java:818)
W/Wifi    ( 3847): Failed to read packet and byte counts from wifi interface
I/ActivityManager(  459): Activity reported stop, but no longer stopping: ActivityRecord{3a9cad49 u0 com.android.chrome/org.chromium.chrome.browser.firstrun.FirstRunActivity t4631 f}
I/cr_BindingManager(23568): Moderate binding enabled: maxSize=20
D/OpenGLRenderer(23518): Use EGL_SWAP_BEHAVIOR_PRESERVED: true
I/Icing   ( 1010): IndexChimeraService.getServiceInterface callingPackage=com.android.chrome componentName=null serviceId=36
I/art     (23568): Background partial concurrent mark sweep GC freed 40385(2MB) AllocSpace objects, 6(681KB) LOS objects, 39% free, 17MB/28MB, paused 17.212ms total 273.010ms
I/Icing   ( 1010): IndexChimeraService.getServiceInterface callingPackage=com.android.chrome componentName=null serviceId=36
I/Trepn   (23518): Trepn 6.2s: Trepn has Started Profiling.
D/AndroidRuntime(23803): Shutting down VM
I/OpenGLRenderer(23518): Initialized EGL, version 1.4
D/OpenGLRenderer(23518): Enabling debug mode 0
W/Wifi    ( 3847): Failed to read packet and byte counts from wifi interface
I/vgn     ( 1049): 19-GetFileDescriptorAndDelete -- metadata{ service_id: 0 }
I/Icing   ( 1010): Usage reports ok 0, Failed Usage reports 0, indexed 0, rejected 0, imm upload false
I/vgn     ( 1049): 19-GetFileDescriptorAndDelete -- metadata{ service_id: 0 }
I/Icing   ( 1010): Usage reports ok 0, Failed Usage reports 0, indexed 0, rejected 0, imm upload false
I/Icing   ( 1010): Removing corpus key 94FBE96EEF13B8AC56FE8C01687FD8A6012559AC for package com.android.chrome
W/Nearby  ( 1049): Bind call too late - someone already tried to get: interface bghz -- metadata{ service_id: 0 }
D/AndroidRuntime(23903): >>>>>> START com.android.internal.os.RuntimeInit uid 2000 <<<<<<
D/AndroidRuntime(23903): CheckJNI is OFF
I/art     ( 1049): Explicit concurrent mark sweep GC freed 268832(11MB) AllocSpace objects, 37(2MB) LOS objects, 35% free, 29MB/45MB, paused 736.821ms total 3.121s
I/Places  ( 1049): ?: PlacesBleScanner stop()
I/BeaconBle( 1049): Scan canceled successfully.
I/PlaceInferenceEngine( 1049): [anon] Changed inference mode: 0
I/art     (  459): Explicit concurrent mark sweep GC freed 32386(2007KB) AllocSpace objects, 29(580KB) LOS objects, 33% free, 28MB/42MB, paused 1.224ms total 91.013ms
E/PartnerBookmarksReader(23568): ATTENTION: not using partner bookmarks as none were provided
I/GeofencerStateMachine( 1049): removeGeofences: removeRequest=RemoveGeofencingRequest[REMOVE_BY_PENDING_INTENT pendingIntent=PendingIntent[creatorPackage=com.google.android.gms], packageName=null]
D/TaskPersister(  459): removeObsoleteFile: deleting file=4631_task_thumbnail.png
I/dex2oat (23919): /system/bin/dex2oat --runtime-arg -classpath --runtime-arg  --instruction-set=arm --instruction-set-features=default --runtime-arg -Xrelocate --boot-image=/system/framework/boot.art --dex-file=/data/data/com.android.chrome/app_dex/webapk1.dex --oat-fd=163 --oat-location=/data/data/com.android.chrome/app_dex/arm/webapk1.dex --runtime-arg -Xms64m --runtime-arg -Xmx512m
W/Wifi    ( 3847): Failed to read packet and byte counts from wifi interface
D/AndroidRuntime(23903): Calling main entry com.android.commands.am.Am
I/dex2oat (23919): dex2oat took 176.692ms (threads: 2) arena alloc=47KB java alloc=6KB native alloc=618KB free=17KB
I/ActivityManager(  459): START u0 {act=android.intent.action.VIEW dat=localhost:8000 flg=0x10000000 cmp=com.android.chrome/com.google.android.apps.chrome.Main} from uid 2000 on display 0
V/WindowManager(  459): addAppToken: AppWindowToken{1cd6e19f token=Token{3c429f3e ActivityRecord{22bc63f9 u0 com.android.chrome/com.google.android.apps.chrome.Main t4634}}} to stack=1 task=4634 at 0
D/AndroidRuntime(23903): Shutting down VM
D/ConnectivityService(  459): releasing NetworkRequest NetworkRequest [ id=112, legacyType=-1, [ Capabilities: INTERNET&NOT_RESTRICTED&TRUSTED] ]
D/ConnectivityManager.CallbackHandler(23568): CM callback handler got msg 524296
W/cr_Autocomplete(23568): stopping autocomplete.
D/ConnectivityService(  459): listenForNetwork for NetworkRequest [ id=113, legacyType=-1, [ Capabilities: INTERNET&NOT_RESTRICTED&TRUSTED] ]
D/ConnectivityService(  459): handleRegisterNetworkRequest checking NetworkAgentInfo [WIFI () - 103]
D/ConnectivityService(  459): apparently satisfied.  currentScore=100
D/ConnectivityManager.CallbackHandler(23568): CM callback handler got msg 524290
I/cr_InstantAppsHandler(23568): Not handling with Instant Apps because Chrome is not default or there's a specialized handler
I/ActivityManager(  459): START u0 {act=android.intent.action.VIEW dat=localhost:8000 flg=0x14002000 cmp=com.android.chrome/org.chromium.chrome.browser.ChromeTabbedActivity (has extras)} from uid 10035 on display 0
W/InputMethodManagerService(  459): Window already focused, ignoring focus gain of: com.android.internal.view.IInputMethodClient$Stub$Proxy@34f15816 attribute=null, token = android.os.BinderProxy@ba417d2
I/ActivityManager(  459): Start proc 23934:com.android.chrome:sandboxed_process3/u0i86 for service com.android.chrome/org.chromium.content.app.SandboxedProcessService3
I/art     (  213): Explicit concurrent mark sweep GC freed 702(30KB) AllocSpace objects, 0(0B) LOS objects, 39% free, 7MB/11MB, paused 153us total 90.324ms
I/art     (  213): Explicit concurrent mark sweep GC freed 7(240B) AllocSpace objects, 0(0B) LOS objects, 39% free, 7MB/11MB, paused 207us total 40.551ms
W/dboxed_process3(23934): type=1400 audit(0.0:91): avc: denied { search } for name="tmp" dev="dm-0" ino=49 scontext=u:r:isolated_app:s0 tcontext=u:object_r:shell_data_file:s0 tclass=dir permissive=0
I/vgn     ( 1010): 45-xlb -- metadata{ service_id: 0 }
I/art     (  213): Explicit concurrent mark sweep GC freed 5(160B) AllocSpace objects, 0(0B) LOS objects, 39% free, 7MB/11MB, paused 172us total 51.746ms
I/cr_ChildProcessService(23934): Creating new ChildProcessService pid=23934
I/cr_LibraryLoader(23934): Using linker: org.chromium.base.library_loader.LegacyLinker
W/linker  (23934): libchromium_android_linker.so: unused DT entry: type 0x6ffffffe arg 0xce8
W/linker  (23934): libchromium_android_linker.so: unused DT entry: type 0x6fffffff arg 0x3
I/cr_LibraryLoader(23934): Loading chrome from within /data/app/com.android.chrome-2/base.apk
I/cr_LibraryLoader(23934): Time to load native libraries: 103 ms (timestamps 8824-8927)
I/chromium(23934): [INFO:library_loader_hooks.cc(136)] Chromium logging enabled: level = 0, default verbosity = 0
I/cr_LibraryLoader(23934): Expected native library version number "61.0.3163.98", actual native library version number "61.0.3163.98"
I/vgn     ( 1010): 45-xlb -- metadata{ service_id: 0 }
W/Wifi    ( 3847): Failed to read packet and byte counts from wifi interface
I/CameraManagerGlobal(23568): getCameraService: Reconnecting to camera service
I/art     ( 1010): Background sticky concurrent mark sweep GC freed 230136(6MB) AllocSpace objects, 5(100KB) LOS objects, 11% free, 34MB/38MB, paused 1.628ms total 121.759ms
W/Wifi    ( 3847): Failed to read packet and byte counts from wifi interface
I/art     ( 1010): Background sticky concurrent mark sweep GC freed 47(236KB) AllocSpace objects, 0(0B) LOS objects, 0% free, 40MB/40MB, paused 7.886ms total 42.277ms
I/art     ( 1010): Background partial concurrent mark sweep GC freed 262243(6MB) AllocSpace objects, 2(260KB) LOS objects, 32% free, 33MB/49MB, paused 1.092ms total 188.401ms
I/cr_omaha(23568): Request to Server Successful. Timestamp for next request:1529249458385
I/cr_omaha(23568): Request to Server Successful. Timestamp for next request:1529249458483
I/cr_omaha(23568): Attempting to schedule next job for: Sun Jun 17 21:30:57 GMT+02:00 2018
I/cr_omaha(23568): Scheduled using AlarmManager and IntentService
W/Wifi    ( 3847): Failed to read packet and byte counts from wifi interface
I/chromium(23858): [INFO:child_process_service_impl.cc(70)] ChildProcessServiceImpl: Exiting child process.
W/libprocessgroup(  459): failed to open /acct/uid_10035/pid_23858/cgroup.procs: No such file or directory
I/ActivityManager(  459): Process com.android.chrome:sandboxed_process2 (pid 23858) has died
W/ActivityManager(  459): Scheduling restart of crashed service com.android.chrome/org.chromium.content.app.SandboxedProcessService2 in 1000ms
W/chromium(23568): [WARNING:compositor_view.cc(255)] Child process disconnected (type=6) pid=23858)
W/cr_ChildProcessConn(23568): onServiceDisconnected (crash or killed by oom): pid=23858
W/Wifi    ( 3847): Failed to read packet and byte counts from wifi interface
I/Icing   ( 1010): Scored 167 usage reports, missing_corpora 2 update_failed 26
I/Icing   ( 1010): Indexing 94FBE96EEF13B8AC56FE8C01687FD8A6012559AC from com.android.chrome
I/Icing   ( 1010): Indexing done 94FBE96EEF13B8AC56FE8C01687FD8A6012559AC
W/Wifi    ( 3847): Failed to read packet and byte counts from wifi interface
E/WifiStateMachine(  459): WifiStateMachine CMD_START_SCAN source -2 txSuccessRate=80.11 rxSuccessRate=111.68 targetRoamBSSID=f0:9f:c2:f4:b8:94 RSSI=-62
W/Wifi    ( 3847): Failed to read packet and byte counts from wifi interface
I/EventLogSendingHelper( 8196): Sending log events.
W/Wifi    ( 3847): Failed to read packet and byte counts from wifi interface
W/Wifi    ( 3847): Failed to read packet and byte counts from wifi interface
W/Wifi    ( 3847): Failed to read packet and byte counts from wifi interface
W/Wifi    ( 3847): Failed to read packet and byte counts from wifi interface
W/Wifi    ( 3847): Failed to read packet and byte counts from wifi interface
W/Wifi    ( 3847): Failed to read packet and byte counts from wifi interface
W/Wifi    ( 3847): Failed to read packet and byte counts from wifi interface
W/Wifi    ( 3847): Failed to read packet and byte counts from wifi interface
W/Wifi    ( 3847): Failed to read packet and byte counts from wifi interface
W/Wifi    ( 3847): Failed to read packet and byte counts from wifi interface
W/Wifi    ( 3847): Failed to read packet and byte counts from wifi interface
W/Wifi    ( 3847): Failed to read packet and byte counts from wifi interface
W/Wifi    ( 3847): Failed to read packet and byte counts from wifi interface
W/Wifi    ( 3847): Failed to read packet and byte counts from wifi interface
D/AndroidRuntime(24086): >>>>>> START com.android.internal.os.RuntimeInit uid 2000 <<<<<<
D/AndroidRuntime(24086): CheckJNI is OFF
W/Wifi    ( 3847): Failed to read packet and byte counts from wifi interface
D/AndroidRuntime(24086): Calling main entry com.android.commands.input.Input
I/Input   (24086): injectMotionEvent: MotionEvent { action=ACTION_DOWN, id[0]=0, x[0]=1256.0, y[0]=1890.0, toolType[0]=TOOL_TYPE_UNKNOWN, buttonState=0, metaState=0, flags=0x0, edgeFlags=0x0, pointerCount=1, historySize=0, eventTime=13099316, downTime=13099316, deviceId=0, source=0x1002 }
I/Input   (24086): injectMotionEvent: MotionEvent { action=ACTION_UP, id[0]=0, x[0]=1256.0, y[0]=1890.0, toolType[0]=TOOL_TYPE_UNKNOWN, buttonState=0, metaState=0, flags=0x0, edgeFlags=0x0, pointerCount=1, historySize=0, eventTime=13099316, downTime=13099316, deviceId=0, source=0x1002 }
D/AndroidRuntime(24086): Shutting down VM
D/audio_hw_primary(  204): out_set_parameters: enter: usecase(0: playback) kvpairs: routing=2 out->devices(2) adev->mode(0)
I/Camera2ClientBase(  204): Camera 1: Opened. Client: com.android.chrome (PID 23568, UID 10035)
I/CameraDeviceClient(  204): CameraDeviceClient 1: Opened
I/NvCameraHalLogging(  204): NvCameraHalLogging:Preview profile reset
I/CwMcuSensor(  459): CwMcuSensor::flush: fd = 214, sensors_id = 0, path = /sys/class/htc_sensorhub/sensor_hub/flush, err = 0
D/NvOsDebugPrintf(  204): NvPclHwCreateModuleListOne: WARNING: Could not map module to ISP config string
D/NvOsDebugPrintf(  204): NvPclHwCreateModuleListOne: WARNING: Could not map module to ISP config string
D/NvOsDebugPrintf(  204): SensorBayer_SetPowerLevel 3
D/NvOsDebugPrintf(  204): OV9760 Camera fd open as: 47
D/NvOsDebugPrintf(  204): AFConfigParamsSanityCheck: Warning: settle_time too large: 100, capped to 30
D/NvOsDebugPrintf(  204): NvIspSetStats: WARNING: FM can't be enabled because AP is not enabled!!
D/NvOsDebugPrintf(  204): SensorBayer_SetPowerLevel 3
E/CameraDeviceClient(  204): beginConfigure: Not implemented yet.
W/CameraDeviceClient(  204): createStream: Camera 1: Forcing asynchronous mode for stream
W/CameraDeviceClient(  204): createStream: Camera 1: Overriding format 0x1 to IMPLEMENTATION_DEFINED
D/Camera3-Stream(  204): registerBuffersLocked: Skipping NULL check for deprecated register_stream_buffers
D/Camera3-Stream(  204): registerBuffersLocked: Skipping NULL check for deprecated register_stream_buffers
D/Camera3-Stream(  204): registerBuffersLocked: Skipping NULL check for deprecated register_stream_buffers
I/chromium(23568): [INFO:CONSOLE(21)] "STARTME---1529245877094", source: http://localhost:8000/cameratest.js (21)
W/Wifi    ( 3847): Failed to read packet and byte counts from wifi interface
I/chromium(23568): [INFO:CONSOLE(27)] "STOPME---1529245877770", source: http://localhost:8000/cameratest.js (27)
W/Wifi    ( 3847): Failed to read packet and byte counts from wifi interface
D/ConnectivityService(  459): updateNetworkScore for NetworkAgentInfo [WIFI () - 103] to 56
D/ConnectivityService(  459): rematching NetworkAgentInfo [WIFI () - 103]
D/ConnectivityService(  459): Network NetworkAgentInfo [WIFI () - 103] was already satisfying request 1. No change.
D/ConnectivityService(  459): notifyType AVAILABLE for NetworkAgentInfo [WIFI () - 103]
D/ConnectivityManager.CallbackHandler(  663): CM callback handler got msg 524290
D/ConnectivityManager.CallbackHandler( 1010): CM callback handler got msg 524290
D/ConnectivityManager.CallbackHandler( 1010): CM callback handler got msg 524290
D/ConnectivityManager.CallbackHandler( 1010): CM callback handler got msg 524290
D/ConnectivityManager.CallbackHandler(23568): CM callback handler got msg 524290
D/ConnectivityManager.CallbackHandler(19655): CM callback handler got msg 524290
D/ConnectivityManager.CallbackHandler( 8196): CM callback handler got msg 524290
D/ConnectivityManager.CallbackHandler(23568): CM callback handler got msg 524290
D/ConnectivityManager.CallbackHandler(14723): CM callback handler got msg 524290
W/Wifi    ( 3847): Failed to read packet and byte counts from wifi interface
W/Wifi    ( 3847): Failed to read packet and byte counts from wifi interface
E/WifiStateMachine(  459): WifiStateMachine CMD_START_SCAN source -2 txSuccessRate=0.84 rxSuccessRate=2.23 targetRoamBSSID=f0:9f:c2:f4:b8:94 RSSI=-66
W/Wifi    ( 3847): Failed to read packet and byte counts from wifi interface
W/GmsLocationProvider( 8196): Error removing location updates: 16
W/Wifi    ( 3847): Failed to read packet and byte counts from wifi interface
I/ActivityManager(  459): Start proc 24183:com.android.chrome:sandboxed_process4/u0i87 for service com.android.chrome/org.chromium.content.app.SandboxedProcessService4
W/dboxed_process4(24183): type=1400 audit(0.0:92): avc: denied { search } for name="tmp" dev="dm-0" ino=49 scontext=u:r:isolated_app:s0 tcontext=u:object_r:shell_data_file:s0 tclass=dir permissive=0
I/cr_ChildProcessService(24183): Creating new ChildProcessService pid=24183
I/cr_LibraryLoader(24183): Using linker: org.chromium.base.library_loader.LegacyLinker
W/linker  (24183): libchromium_android_linker.so: unused DT entry: type 0x6ffffffe arg 0xce8
W/linker  (24183): libchromium_android_linker.so: unused DT entry: type 0x6fffffff arg 0x3
I/cr_LibraryLoader(24183): Loading chrome from within /data/app/com.android.chrome-2/base.apk
I/cr_LibraryLoader(24183): Time to load native libraries: 43 ms (timestamps 5793-5836)
I/chromium(24183): [INFO:library_loader_hooks.cc(136)] Chromium logging enabled: level = 0, default verbosity = 0
I/cr_LibraryLoader(24183): Expected native library version number "61.0.3163.98", actual native library version number "61.0.3163.98"
W/Wifi    ( 3847): Failed to read packet and byte counts from wifi interface
W/Wifi    ( 3847): Failed to read packet and byte counts from wifi interface
D/ConnectivityService(  459): updateNetworkScore for NetworkAgentInfo [WIFI () - 103] to 60
D/ConnectivityService(  459): rematching NetworkAgentInfo [WIFI () - 103]
D/ConnectivityService(  459): Network NetworkAgentInfo [WIFI () - 103] was already satisfying request 1. No change.
D/ConnectivityService(  459): notifyType AVAILABLE for NetworkAgentInfo [WIFI () - 103]
D/ConnectivityManager.CallbackHandler(  663): CM callback handler got msg 524290
D/ConnectivityManager.CallbackHandler( 1010): CM callback handler got msg 524290
D/ConnectivityManager.CallbackHandler(14723): CM callback handler got msg 524290
D/ConnectivityManager.CallbackHandler( 1010): CM callback handler got msg 524290
D/ConnectivityManager.CallbackHandler(23568): CM callback handler got msg 524290
D/ConnectivityManager.CallbackHandler( 1010): CM callback handler got msg 524290
D/ConnectivityManager.CallbackHandler(19655): CM callback handler got msg 524290
D/ConnectivityManager.CallbackHandler( 8196): CM callback handler got msg 524290
D/ConnectivityManager.CallbackHandler(23568): CM callback handler got msg 524290
W/Wifi    ( 3847): Failed to read packet and byte counts from wifi interface
I/Icing   ( 1010): IndexChimeraService.getServiceInterface callingPackage=com.android.chrome componentName=null serviceId=36
W/Wifi    ( 3847): Failed to read packet and byte counts from wifi interface
I/vgn     ( 1049): 19-GetFileDescriptorAndDelete -- metadata{ service_id: 0 }
I/Icing   ( 1010): IndexChimeraService.getServiceInterface callingPackage=com.google.android.inputmethod.latin componentName=null serviceId=66
I/Icing   ( 1010): Usage reports ok 0, Failed Usage reports 0, indexed 0, rejected 0, imm upload false
I/vgn     ( 1049): 19-GetFileDescriptorAndDelete -- metadata{ service_id: 0 }
I/Icing   ( 1010): Usage reports ok 0, Failed Usage reports 0, indexed 0, rejected 0, imm upload false
W/Wifi    ( 3847): Failed to read packet and byte counts from wifi interface
I/Icing   ( 1010): Indexing 94FBE96EEF13B8AC56FE8C01687FD8A6012559AC from com.android.chrome
I/Icing   ( 1010): Indexing done 94FBE96EEF13B8AC56FE8C01687FD8A6012559AC
I/chromium(24183): [INFO:child_process_service_impl.cc(70)] ChildProcessServiceImpl: Exiting child process.
W/libprocessgroup(  459): failed to open /acct/uid_10035/pid_24183/cgroup.procs: No such file or directory
I/ActivityManager(  459): Process com.android.chrome:sandboxed_process4 (pid 24183) has died
W/ActivityManager(  459): Scheduling restart of crashed service com.android.chrome/org.chromium.content.app.SandboxedProcessService4 in 1000ms
W/chromium(23568): [WARNING:compositor_view.cc(255)] Child process disconnected (type=6) pid=24183)
W/cr_ChildProcessConn(23568): onServiceDisconnected (crash or killed by oom): pid=24183
W/Wifi    ( 3847): Failed to read packet and byte counts from wifi interface
W/Wifi    ( 3847): Failed to read packet and byte counts from wifi interface
W/Wifi    ( 3847): Failed to read packet and byte counts from wifi interface
D/ConnectivityService(  459): updateNetworkScore for NetworkAgentInfo [WIFI () - 103] to 56
D/ConnectivityService(  459): rematching NetworkAgentInfo [WIFI () - 103]
D/ConnectivityService(  459): Network NetworkAgentInfo [WIFI () - 103] was already satisfying request 1. No change.
D/ConnectivityService(  459): notifyType AVAILABLE for NetworkAgentInfo [WIFI () - 103]
D/ConnectivityManager.CallbackHandler( 1010): CM callback handler got msg 524290
D/ConnectivityManager.CallbackHandler(  663): CM callback handler got msg 524290
D/ConnectivityManager.CallbackHandler( 1010): CM callback handler got msg 524290
D/ConnectivityManager.CallbackHandler(14723): CM callback handler got msg 524290
D/ConnectivityManager.CallbackHandler(23568): CM callback handler got msg 524290
D/ConnectivityManager.CallbackHandler( 1010): CM callback handler got msg 524290
D/ConnectivityManager.CallbackHandler(23568): CM callback handler got msg 524290
D/ConnectivityManager.CallbackHandler( 8196): CM callback handler got msg 524290
D/ConnectivityManager.CallbackHandler(19655): CM callback handler got msg 524290
W/Wifi    ( 3847): Failed to read packet and byte counts from wifi interface
W/Wifi    ( 3847): Failed to read packet and byte counts from wifi interface
W/Wifi    ( 3847): Failed to read packet and byte counts from wifi interface
I/vgn     ( 1049): 35-GetDeviceDataUploadOptInStatusOperation -- metadata{ service_id: 0 }
I/vgn     ( 1049): 35-GetDeviceDataUploadOptInStatusOperation -- metadata{ service_id: 0 }
D/ConnectivityService(  459): updateNetworkScore for NetworkAgentInfo [WIFI () - 103] to 60
D/ConnectivityService(  459): rematching NetworkAgentInfo [WIFI () - 103]
D/ConnectivityService(  459): Network NetworkAgentInfo [WIFI () - 103] was already satisfying request 1. No change.
D/ConnectivityService(  459): notifyType AVAILABLE for NetworkAgentInfo [WIFI () - 103]
D/ConnectivityManager.CallbackHandler( 1010): CM callback handler got msg 524290
D/ConnectivityManager.CallbackHandler( 1010): CM callback handler got msg 524290
D/ConnectivityManager.CallbackHandler(  663): CM callback handler got msg 524290
D/ConnectivityManager.CallbackHandler(14723): CM callback handler got msg 524290
D/ConnectivityManager.CallbackHandler( 1010): CM callback handler got msg 524290
D/ConnectivityManager.CallbackHandler(23568): CM callback handler got msg 524290
D/ConnectivityManager.CallbackHandler( 8196): CM callback handler got msg 524290
D/ConnectivityManager.CallbackHandler(19655): CM callback handler got msg 524290
D/ConnectivityManager.CallbackHandler(23568): CM callback handler got msg 524290
W/Wifi    ( 3847): Failed to read packet and byte counts from wifi interface
W/Wifi    ( 3847): Failed to read packet and byte counts from wifi interface
W/Wifi    ( 3847): Failed to read packet and byte counts from wifi interface
W/Wifi    ( 3847): Failed to read packet and byte counts from wifi interface
W/Wifi    ( 3847): Failed to read packet and byte counts from wifi interface
W/Wifi    ( 3847): Failed to read packet and byte counts from wifi interface
W/Wifi    ( 3847): Failed to read packet and byte counts from wifi interface
E/WifiStateMachine(  459): WifiStateMachine CMD_START_SCAN source -2 txSuccessRate=1.48 rxSuccessRate=2.78 targetRoamBSSID=f0:9f:c2:f4:b8:94 RSSI=-63
W/Wifi    ( 3847): Failed to read packet and byte counts from wifi interface
W/Wifi    ( 3847): Failed to read packet and byte counts from wifi interface
W/Wifi    ( 3847): Failed to read packet and byte counts from wifi interface
W/Wifi    ( 3847): Failed to read packet and byte counts from wifi interface
W/Wifi    ( 3847): Failed to read packet and byte counts from wifi interface
W/Wifi    ( 3847): Failed to read packet and byte counts from wifi interface
W/Wifi    ( 3847): Failed to read packet and byte counts from wifi interface
W/Wifi    ( 3847): Failed to read packet and byte counts from wifi interface
W/Wifi    ( 3847): Failed to read packet and byte counts from wifi interface
W/Wifi    ( 3847): Failed to read packet and byte counts from wifi interface
W/Wifi    ( 3847): Failed to read packet and byte counts from wifi interface
W/Wifi    ( 3847): Failed to read packet and byte counts from wifi interface
W/Wifi    ( 3847): Failed to read packet and byte counts from wifi interface
W/Wifi    ( 3847): Failed to read packet and byte counts from wifi interface
W/Wifi    ( 3847): Failed to read packet and byte counts from wifi interface
W/Wifi    ( 3847): Failed to read packet and byte counts from wifi interface
D/AndroidRuntime(24348): >>>>>> START com.android.internal.os.RuntimeInit uid 2000 <<<<<<
D/AndroidRuntime(24348): CheckJNI is OFF
W/Wifi    ( 3847): Failed to read packet and byte counts from wifi interface
D/AndroidRuntime(24348): Calling main entry com.android.commands.am.Am
I/Trepn   (23518): Trepn 6.2s: Received intent: com.quicinc.trepn.stop_profiling
I/Trepn   (23518): Trepn 6.2s: Trepn has Stopped Profiling.
D/AndroidRuntime(24348): Shutting down VM
D/AndroidRuntime(24380): >>>>>> START com.android.internal.os.RuntimeInit uid 2000 <<<<<<
D/AndroidRuntime(24380): CheckJNI is OFF
W/Wifi    ( 3847): Failed to read packet and byte counts from wifi interface
D/AndroidRuntime(24380): Calling main entry com.android.commands.am.Am
I/ActivityManager(  459): Force stopping com.android.chrome appid=10035 user=0: from pid 24380
I/ActivityManager(  459): Killing 23652:com.android.chrome:privileged_process0/u0a35 (adj 0): stop com.android.chrome
W/cr_ChildProcessConn(23568): onServiceDisconnected (crash or killed by oom): pid=23652
W/chromium(23568): [WARNING:compositor_view.cc(255)] Child process disconnected (type=9) pid=23652)
W/ActivityManager(  459): Scheduling restart of crashed service com.android.chrome/org.chromium.content.app.PrivilegedProcessService0 in 1000ms
I/ActivityManager(  459): Killing 23568:com.android.chrome/u0a35 (adj 0): stop com.android.chrome
E/Surface (  204): queueBuffer: error queuing buffer to SurfaceTexture, -32
E/Camera3-OutputStream(  204): returnBufferCheckedLocked: Stream 2: Error queueing buffer to native window: Broken pipe (-32)
E/Camera3-Device(  204): Can't return buffer to its stream: Broken pipe (-32)
E/Camera3-OutputStream(  204): getBufferLocked: Stream 2: Can't dequeue next output buffer: Broken pipe (-32)
E/Camera3-Device(  204): RequestThread: Can't get output buffer, skipping request: Broken pipe (-32)
E/Camera3-OutputStream(  204): getBufferLocked: Stream 2: Can't dequeue next output buffer: Broken pipe (-32)
E/Camera3-Device(  204): RequestThread: Can't get output buffer, skipping request: Broken pipe (-32)
E/Camera3-OutputStream(  204): getBufferLocked: Stream 2: Can't dequeue next output buffer: Broken pipe (-32)
E/Camera3-Device(  204): RequestThread: Can't get output buffer, skipping request: Broken pipe (-32)
E/Camera3-OutputStream(  204): getBufferLocked: Stream 2: Can't dequeue next output buffer: Broken pipe (-32)
E/Camera3-Device(  204): RequestThread: Can't get output buffer, skipping request: Broken pipe (-32)
E/Camera3-OutputStream(  204): getBufferLocked: Stream 2: Can't dequeue next output buffer: Broken pipe (-32)
E/Camera3-Device(  204): RequestThread: Can't get output buffer, skipping request: Broken pipe (-32)
E/Camera3-OutputStream(  204): getBufferLocked: Stream 2: Can't dequeue next output buffer: Broken pipe (-32)
E/Camera3-Device(  204): RequestThread: Can't get output buffer, skipping request: Broken pipe (-32)
E/Camera3-OutputStream(  204): getBufferLocked: Stream 2: Can't dequeue next output buffer: Broken pipe (-32)
E/Camera3-Device(  204): RequestThread: Can't get output buffer, skipping request: Broken pipe (-32)
E/Camera3-OutputStream(  204): getBufferLocked: Stream 2: Can't dequeue next output buffer: Broken pipe (-32)
E/Camera3-Device(  204): RequestThread: Can't get output buffer, skipping request: Broken pipe (-32)
E/Camera3-OutputStream(  204): getBufferLocked: Stream 2: Can't dequeue next output buffer: Broken pipe (-32)
E/Camera3-Device(  204): RequestThread: Can't get output buffer, skipping request: Broken pipe (-32)
E/Camera3-OutputStream(  204): getBufferLocked: Stream 2: Can't dequeue next output buffer: Broken pipe (-32)
E/Camera3-Device(  204): RequestThread: Can't get output buffer, skipping request: Broken pipe (-32)
E/Camera3-OutputStream(  204): getBufferLocked: Stream 2: Can't dequeue next output buffer: Broken pipe (-32)
E/Camera3-Device(  204): RequestThread: Can't get output buffer, skipping request: Broken pipe (-32)
E/Camera3-OutputStream(  204): getBufferLocked: Stream 2: Can't dequeue next output buffer: Broken pipe (-32)
E/Camera3-Device(  204): RequestThread: Can't get output buffer, skipping request: Broken pipe (-32)
E/Camera3-OutputStream(  204): getBufferLocked: Stream 2: Can't dequeue next output buffer: Broken pipe (-32)
E/Camera3-Device(  204): RequestThread: Can't get output buffer, skipping request: Broken pipe (-32)
E/Camera3-OutputStream(  204): getBufferLocked: Stream 2: Can't dequeue next output buffer: Broken pipe (-32)
E/Camera3-Device(  204): RequestThread: Can't get output buffer, skipping request: Broken pipe (-32)
E/Camera3-OutputStream(  204): getBufferLocked: Stream 2: Can't dequeue next output buffer: Broken pipe (-32)
E/Camera3-Device(  204): RequestThread: Can't get output buffer, skipping request: Broken pipe (-32)
E/Camera3-OutputStream(  204): getBufferLocked: Stream 2: Can't dequeue next output buffer: Broken pipe (-32)
E/Camera3-Device(  204): RequestThread: Can't get output buffer, skipping request: Broken pipe (-32)
E/Camera3-OutputStream(  204): getBufferLocked: Stream 2: Can't dequeue next output buffer: Broken pipe (-32)
E/Camera3-Device(  204): RequestThread: Can't get output buffer, skipping request: Broken pipe (-32)
E/Camera3-OutputStream(  204): getBufferLocked: Stream 2: Can't dequeue next output buffer: Broken pipe (-32)
E/Camera3-Device(  204): RequestThread: Can't get output buffer, skipping request: Broken pipe (-32)
E/Camera3-OutputStream(  204): getBufferLocked: Stream 2: Can't dequeue next output buffer: Broken pipe (-32)
E/Camera3-Device(  204): RequestThread: Can't get output buffer, skipping request: Broken pipe (-32)
E/Camera3-OutputStream(  204): getBufferLocked: Stream 2: Can't dequeue next output buffer: Broken pipe (-32)
E/Camera3-Device(  204): RequestThread: Can't get output buffer, skipping request: Broken pipe (-32)
E/Camera3-OutputStream(  204): getBufferLocked: Stream 2: Can't dequeue next output buffer: Broken pipe (-32)
E/Camera3-Device(  204): RequestThread: Can't get output buffer, skipping request: Broken pipe (-32)
E/Camera3-OutputStream(  204): getBufferLocked: Stream 2: Can't dequeue next output buffer: Broken pipe (-32)
E/Camera3-Device(  204): RequestThread: Can't get output buffer, skipping request: Broken pipe (-32)
E/Camera3-OutputStream(  204): getBufferLocked: Stream 2: Can't dequeue next output buffer: Broken pipe (-32)
E/Camera3-Device(  204): RequestThread: Can't get output buffer, skipping request: Broken pipe (-32)
E/Camera3-OutputStream(  204): getBufferLocked: Stream 2: Can't dequeue next output buffer: Broken pipe (-32)
E/Camera3-Device(  204): RequestThread: Can't get output buffer, skipping request: Broken pipe (-32)
E/Camera3-OutputStream(  204): getBufferLocked: Stream 2: Can't dequeue next output buffer: Broken pipe (-32)
E/Camera3-Device(  204): RequestThread: Can't get output buffer, skipping request: Broken pipe (-32)
E/Camera3-OutputStream(  204): getBufferLocked: Stream 2: Can't dequeue next output buffer: Broken pipe (-32)
E/Camera3-Device(  204): RequestThread: Can't get output buffer, skipping request: Broken pipe (-32)
E/Camera3-OutputStream(  204): getBufferLocked: Stream 2: Can't dequeue next output buffer: Broken pipe (-32)
E/Camera3-Device(  204): RequestThread: Can't get output buffer, skipping request: Broken pipe (-32)
E/Camera3-OutputStream(  204): getBufferLocked: Stream 2: Can't dequeue next output buffer: Broken pipe (-32)
E/Camera3-Device(  204): RequestThread: Can't get output buffer, skipping request: Broken pipe (-32)
E/Camera3-OutputStream(  204): getBufferLocked: Stream 2: Can't dequeue next output buffer: Broken pipe (-32)
E/Camera3-Device(  204): RequestThread: Can't get output buffer, skipping request: Broken pipe (-32)
E/Camera3-OutputStream(  204): getBufferLocked: Stream 2: Can't dequeue next output buffer: Broken pipe (-32)
E/Camera3-Device(  204): RequestThread: Can't get output buffer, skipping request: Broken pipe (-32)
E/Camera3-OutputStream(  204): getBufferLocked: Stream 2: Can't dequeue next output buffer: Broken pipe (-32)
E/Camera3-Device(  204): RequestThread: Can't get output buffer, skipping request: Broken pipe (-32)
E/Camera3-OutputStream(  204): getBufferLocked: Stream 2: Can't dequeue next output buffer: Broken pipe (-32)
E/Camera3-Device(  204): RequestThread: Can't get output buffer, skipping request: Broken pipe (-32)
E/Camera3-OutputStream(  204): getBufferLocked: Stream 2: Can't dequeue next output buffer: Broken pipe (-32)
E/Camera3-Device(  204): RequestThread: Can't get output buffer, skipping request: Broken pipe (-32)
E/Camera3-OutputStream(  204): getBufferLocked: Stream 2: Can't dequeue next output buffer: Broken pipe (-32)
E/Camera3-Device(  204): RequestThread: Can't get output buffer, skipping request: Broken pipe (-32)
E/Camera3-OutputStream(  204): getBufferLocked: Stream 2: Can't dequeue next output buffer: Broken pipe (-32)
E/Camera3-Device(  204): RequestThread: Can't get output buffer, skipping request: Broken pipe (-32)
E/Camera3-OutputStream(  204): getBufferLocked: Stream 2: Can't dequeue next output buffer: Broken pipe (-32)
E/Camera3-Device(  204): RequestThread: Can't get output buffer, skipping request: Broken pipe (-32)
E/Camera3-OutputStream(  204): getBufferLocked: Stream 2: Can't dequeue next output buffer: Broken pipe (-32)
E/Camera3-Device(  204): RequestThread: Can't get output buffer, skipping request: Broken pipe (-32)
E/Camera3-OutputStream(  204): getBufferLocked: Stream 2: Can't dequeue next output buffer: Broken pipe (-32)
E/Camera3-Device(  204): RequestThread: Can't get output buffer, skipping request: Broken pipe (-32)
E/Camera3-OutputStream(  204): getBufferLocked: Stream 2: Can't dequeue next output buffer: Broken pipe (-32)
E/Camera3-Device(  204): RequestThread: Can't get output buffer, skipping request: Broken pipe (-32)
E/Camera3-OutputStream(  204): getBufferLocked: Stream 2: Can't dequeue next output buffer: Broken pipe (-32)
E/Camera3-Device(  204): RequestThread: Can't get output buffer, skipping request: Broken pipe (-32)
E/Camera3-OutputStream(  204): getBufferLocked: Stream 2: Can't dequeue next output buffer: Broken pipe (-32)
E/Camera3-Device(  204): RequestThread: Can't get output buffer, skipping request: Broken pipe (-32)
E/Camera3-OutputStream(  204): getBufferLocked: Stream 2: Can't dequeue next output buffer: Broken pipe (-32)
E/Camera3-Device(  204): RequestThread: Can't get output buffer, skipping request: Broken pipe (-32)
E/Camera3-OutputStream(  204): getBufferLocked: Stream 2: Can't dequeue next output buffer: Broken pipe (-32)
E/Camera3-Device(  204): RequestThread: Can't get output buffer, skipping request: Broken pipe (-32)
E/Camera3-OutputStream(  204): getBufferLocked: Stream 2: Can't dequeue next output buffer: Broken pipe (-32)
E/Camera3-Device(  204): RequestThread: Can't get output buffer, skipping request: Broken pipe (-32)
E/Camera3-OutputStream(  204): getBufferLocked: Stream 2: Can't dequeue next output buffer: Broken pipe (-32)
E/Camera3-Device(  204): RequestThread: Can't get output buffer, skipping request: Broken pipe (-32)
E/Camera3-OutputStream(  204): getBufferLocked: Stream 2: Can't dequeue next output buffer: Broken pipe (-32)
E/Camera3-Device(  204): RequestThread: Can't get output buffer, skipping request: Broken pipe (-32)
E/Camera3-OutputStream(  204): getBufferLocked: Stream 2: Can't dequeue next output buffer: Broken pipe (-32)
E/Camera3-Device(  204): RequestThread: Can't get output buffer, skipping request: Broken pipe (-32)
E/Camera3-OutputStream(  204): getBufferLocked: Stream 2: Can't dequeue next output buffer: Broken pipe (-32)
E/Camera3-Device(  204): RequestThread: Can't get output buffer, skipping request: Broken pipe (-32)
E/Camera3-OutputStream(  204): getBufferLocked: Stream 2: Can't dequeue next output buffer: Broken pipe (-32)
E/Camera3-Device(  204): RequestThread: Can't get output buffer, skipping request: Broken pipe (-32)
E/Camera3-OutputStream(  204): getBufferLocked: Stream 2: Can't dequeue next output buffer: Broken pipe (-32)
E/Camera3-Device(  204): RequestThread: Can't get output buffer, skipping request: Broken pipe (-32)
E/Camera3-OutputStream(  204): getBufferLocked: Stream 2: Can't dequeue next output buffer: Broken pipe (-32)
E/Camera3-Device(  204): RequestThread: Can't get output buffer, skipping request: Broken pipe (-32)
E/Camera3-OutputStream(  204): getBufferLocked: Stream 2: Can't dequeue next output buffer: Broken pipe (-32)
E/Camera3-Device(  204): RequestThread: Can't get output buffer, skipping request: Broken pipe (-32)
E/Camera3-OutputStream(  204): getBufferLocked: Stream 2: Can't dequeue next output buffer: Broken pipe (-32)
E/Camera3-Device(  204): RequestThread: Can't get output buffer, skipping request: Broken pipe (-32)
E/Camera3-OutputStream(  204): getBufferLocked: Stream 2: Can't dequeue next output buffer: Broken pipe (-32)
E/Camera3-Device(  204): RequestThread: Can't get output buffer, skipping request: Broken pipe (-32)
E/Camera3-OutputStream(  204): getBufferLocked: Stream 2: Can't dequeue next output buffer: Broken pipe (-32)
E/Camera3-Device(  204): RequestThread: Can't get output buffer, skipping request: Broken pipe (-32)
E/Camera3-OutputStream(  204): getBufferLocked: Stream 2: Can't dequeue next output buffer: Broken pipe (-32)
E/Camera3-Device(  204): RequestThread: Can't get output buffer, skipping request: Broken pipe (-32)
E/Camera3-OutputStream(  204): getBufferLocked: Stream 2: Can't dequeue next output buffer: Broken pipe (-32)
E/Camera3-Device(  204): RequestThread: Can't get output buffer, skipping request: Broken pipe (-32)
E/Camera3-OutputStream(  204): getBufferLocked: Stream 2: Can't dequeue next output buffer: Broken pipe (-32)
E/Camera3-Device(  204): RequestThread: Can't get output buffer, skipping request: Broken pipe (-32)
E/Camera3-OutputStream(  204): getBufferLocked: Stream 2: Can't dequeue next output buffer: Broken pipe (-32)
E/Camera3-Device(  204): RequestThread: Can't get output buffer, skipping request: Broken pipe (-32)
E/Camera3-OutputStream(  204): getBufferLocked: Stream 2: Can't dequeue next output buffer: Broken pipe (-32)
E/Camera3-Device(  204): RequestThread: Can't get output buffer, skipping request: Broken pipe (-32)
E/Camera3-OutputStream(  204): getBufferLocked: Stream 2: Can't dequeue next output buffer: Broken pipe (-32)
E/Camera3-Device(  204): RequestThread: Can't get output buffer, skipping request: Broken pipe (-32)
E/Camera3-OutputStream(  204): getBufferLocked: Stream 2: Can't dequeue next output buffer: Broken pipe (-32)
E/Camera3-Device(  204): RequestThread: Can't get output buffer, skipping request: Broken pipe (-32)
E/Camera3-OutputStream(  204): getBufferLocked: Stream 2: Can't dequeue next output buffer: Broken pipe (-32)
