W/ResourcesManager( 3153): Asset path '/system/framework/com.google.android.media.effects.jar' does not exist or contains no resources.
I/ActivityManager(  455): Killing 2535:com.opera.browser:background_services/u0a85 (adj 15): empty #17
W/ResourcesManager( 2769): Asset path '/system/framework/com.android.media.remotedisplay.jar' does not exist or contains no resources.
W/ResourcesManager( 2769): Asset path '/system/framework/com.android.location.provider.jar' does not exist or contains no resources.
I/ActivityManager(  455): Start proc 3188:com.google.android.gm/u0a71 for broadcast com.google.android.gm/.GoogleMailDeviceStartupReceiver
W/ResourcesManager( 2769): Asset path '/system/framework/com.google.android.maps.jar' does not exist or contains no resources.
I/ActivityManager(  455): Killing 2346:com.opera.browser/u0a85 (adj 15): empty #17
D/VoldCmdListener(  153): cryptfs getpwtype
D/ActivityThread( 3188): Loading provider com.google.android.gmail.provider;com.android.mail.notifier;com.google.android.gm.email.provider;com.google.android.gm.tasks.provider;com.google.android.gm.email.notifier: com.android.email.provider.EmailProvider
W/ResourcesManager(  613): Asset path '/system/framework/com.google.android.media.effects.jar' does not exist or contains no resources.
I/ActivityManager(  455): Start proc 3244:com.android.vending:instant_app_installer/u0a18 for service com.android.vending/com.google.android.finsky.instantapps.statussync.StatusSyncService
W/ActivityManager(  455): Unable to start service Intent { cmp=com.google.android.gm/com.android.email.service.AttachmentService } U=0: not found
W/ActivityManager(  455): Unable to start service Intent { cmp=com.google.android.gm.exchange/com.android.exchange.service.EasService } U=0: not found
I/ActivityManager(  455): Start proc 3272:com.google.android.keep/u0a72 for broadcast com.google.android.keep/.notification.ReminderNotificationReceiver
I/ActivityManager(  455): Start proc 3288:com.android.defcontainer/u0a4 for service com.android.defcontainer/.DefaultContainerService
W/ActivityManager(  455): Unable to start service Intent { cmp=com.google.android.gm.exchange/com.android.exchange.service.EasService } U=0: not found
W/PackageManager(  455): Package named 'org.videolan.vlc' doesn't exist.
I/ActivityManager(  455): Killing 2583:com.google.android.onetimeinitializer/u0a11 (adj 15): empty #17
W/PackageManager(  455): Package named 'com.google.android.apps.travel.onthego' doesn't exist.
I/ActivityManager(  455): Killing 2625:com.android.hotwordenrollment/u0a14 (adj 15): empty #17
I/ActivityManager(  455): Killing 2644:com.android.managedprovisioning/u0a15 (adj 15): empty #17
W/BroadcastQueue(  455): Permission Denial: receiving Intent { act=android.intent.action.BOOT_COMPLETED flg=0x8000010 (has extras) } to com.google.android.apps.docs.editors.docs/com.google.android.apps.docs.notification.common.NotificationChannelReceiver requires android.permission.RECEIVE_BOOT_COMPLETED due to sender null (uid 1000)
W/BroadcastQueue(  455): Permission Denial: receiving Intent { act=android.intent.action.BOOT_COMPLETED flg=0x8000010 (has extras) } to com.google.android.apps.docs/.notification.common.NotificationChannelReceiver requires android.permission.RECEIVE_BOOT_COMPLETED due to sender null (uid 1000)
I/ActivityManager(  455): Start proc 3342:com.google.android.deskclock/u0a39 for broadcast com.google.android.deskclock/com.android.deskclock.AlarmInitReceiver
W/PackageManager(  455): Package named 'com.stainlessgames.carmageddon' doesn't exist.
I/ActivityManager(  455): Start proc 3372:com.google.android.apps.magazines/u0a62 for broadcast com.google.android.apps.magazines/com.google.apps.dots.android.newsstand.receivers.BootReceiver
I/ActivityManager(  455): Killing 2603:com.google.android.partnersetup/u0a12 (adj 15): empty #17
I/ActivityManager(  455): Killing 2665:com.google.android.nfcprovision/u0a17 (adj 15): empty #17
W/PackageManager(  455): Package named 'com.ulmon.android.citymaps2go' doesn't exist.
W/ResourcesManager( 3372): Asset path '/system/framework/com.android.media.remotedisplay.jar' does not exist or contains no resources.
W/ResourcesManager( 3372): Asset path '/system/framework/com.android.location.provider.jar' does not exist or contains no resources.
I/ActivityManager(  455): Killing 2681:com.android.settings/1000 (adj 15): empty #17
I/ActivityManager(  455): Start proc 3417:com.google.android.apps.plus/u0a68 for broadcast com.google.android.apps.plus/.notifications.channels.ChannelsUpdateReceiver
W/ResourcesManager( 3417): Asset path '/system/framework/com.google.android.maps.jar' does not exist or contains no resources.
I/ActivityManager(  455): Start proc 3442:com.google.android.contacts/u0a9 for broadcast com.google.android.contacts/com.google.android.apps.contacts.interactions.OnBootOrUpgradeReceiver
I/ActivityManager(  455): Killing 2702:com.google.android.configupdater/u0a37 (adj 15): empty #17
I/ActivityManager(  455): Start proc 3472:com.google.android.apps.maps/u0a60 for broadcast com.google.android.apps.maps/com.google.android.apps.gmm.navigation.service.detection.StartDetectionReceiver
I/ActivityManager(  455): Killing 2733:com.google.android.apps.inputmethod.zhuyin/u0a55 (adj 15): empty #17
W/ResourcesManager(  455): Asset path '/system/framework/com.google.widevine.software.drm.jar' does not exist or contains no resources.
W/ResourcesManager(  455): Asset path '/system/framework/com.google.android.maps.jar' does not exist or contains no resources.
D/BackupManagerService(  455): Received broadcast Intent { act=android.intent.action.PACKAGE_CHANGED dat=package:com.google.android.gms flg=0x4000010 (has extras) }
I/BackupManagerService(  455): Unbinding ComponentInfo{com.google.android.gms/com.google.android.gms.backup.BackupTransportService}
I/BackupManagerService(  455): Binding to transport host ComponentInfo{com.google.android.gms/com.google.android.gms.backup.BackupTransportService}
V/BackupManagerService(  455): Connected to transport ComponentInfo{com.google.android.gms/com.google.android.gms.backup.BackupTransportService}
V/BackupManagerService(  455): Registering transport com.google.android.gms/.backup.BackupTransportService::com.google.android.gms/.backup.BackupTransportService = com.android.internal.backup.IBackupTransport$Stub$Proxy@2bfdd4a7
W/PackageManager(  455): Package named 'com.navfree.android.OSM.ALL' doesn't exist.
W/PackageManager(  455): Package named 'stericson.busybox' doesn't exist.
I/ActivityManager(  455): Killing 1255:com.google.android.youtube/u0a81 (adj 15): empty #17
D/ConnectivityService(  455): ConnectivityService NetworkRequestInfo binderDied(NetworkRequest [ id=3, legacyType=-1, [ Capabilities: INTERNET&NOT_RESTRICTED&TRUSTED] ], android.os.BinderProxy@31048d69)
D/ConnectivityService(  455): releasing NetworkRequest NetworkRequest [ id=3, legacyType=-1, [ Capabilities: INTERNET&NOT_RESTRICTED&TRUSTED] ]
E/ConnectivityService(  455): RemoteException caught trying to send a callback msg for NetworkRequest [ id=3, legacyType=-1, [ Capabilities: INTERNET&NOT_RESTRICTED&TRUSTED] ]
I/ActivityManager(  455): Start proc 3512:com.google.android.apps.photos/u0a66 for broadcast com.google.android.apps.photos/.backup.freestorage.full.release.PixelOfferReceiver
I/ActivityManager(  455): Killing 2918:com.google.android.gms.ui/u0a8 (adj 15): empty #17
I/ActivityManager(  455): Killing 2558:com.android.providers.calendar/u0a2 (adj 15): empty #17
I/ActivityManager(  455): Start proc 3539:com.android.chrome/u0a35 for service com.android.chrome/org.chromium.chrome.browser.customtabs.CustomTabsConnectionService
W/BroadcastQueue(  455): Permission Denial: receiving Intent { act=android.intent.action.BOOT_COMPLETED flg=0x8000010 (has extras) } to com.google.android.apps.docs.editors.sheets/com.google.android.apps.docs.notification.common.NotificationChannelReceiver requires android.permission.RECEIVE_BOOT_COMPLETED due to sender null (uid 1000)
I/ActivityManager(  455): Start proc 3556:edu.umich.PowerTutor/u0a84 for broadcast edu.umich.PowerTutor/.ui.StartupReceiver
I/ActivityManager(  455): Start proc 3572:org.mozilla.firefox/u0a86 for broadcast org.mozilla.firefox/org.mozilla.gecko.BootReceiver
W/ResourcesManager( 3539): Asset path '/system/framework/com.android.media.remotedisplay.jar' does not exist or contains no resources.
W/ResourcesManager( 3539): Asset path '/system/framework/com.android.location.provider.jar' does not exist or contains no resources.
I/ActivityManager(  455): Killing 2996:com.google.android.videos/u0a77 (adj 15): empty #17
I/ActivityManager(  455): Start proc 3601:com.opera.browser:alarm_receiver/u0a85 for broadcast com.opera.browser/com.opera.android.phantom.receiver.AlarmReceiver
I/ActivityManager(  455): Killing 3084:com.google.android.gm.exchange/u0a70 (adj 15): empty #17
I/ActivityManager(  455): Start proc 3620:com.opera.browser/u0a85 for content provider com.opera.browser/com.opera.android.crashhandler.CrashExtrasProvider
I/ActivityManager(  455): Start proc 3663:com.google.android.instantapps.supervisor/u0a90 for broadcast com.google.android.instantapps.supervisor/.BootReceiver
I/ActivityManager(  455): Killing 3188:com.google.android.gm/u0a71 (adj 15): empty #17
I/ActivityManager(  455): Killing 3109:com.google.android.apps.gcs/u0a7 (adj 15): empty #18
I/ActivityManager(  455): Waited long enough for: ServiceRecord{2c0b0f52 u0 com.google.android.calendar/.alerts.InitAlarmsService}
I/ActivityManager(  455): Start proc 3695:com.opera.browser:background_services/u0a85 for service com.opera.browser/com.opera.android.dashboard.newsfeed.newsbar.NewsBarService
I/ActivityManager(  455): Start proc 3727:com.google.android.gm/u0a71 for broadcast com.google.android.gm/.widget.GmailWidgetProvider
I/ActivityManager(  455): Killing 3244:com.android.vending:instant_app_installer/u0a18 (adj 15): empty #17
W/PackageManager(  455): Package named 'com.rovio.angrybirdsstarwars.ads.iap' doesn't exist.
I/ActivityManager(  455): Killing 3272:com.google.android.keep/u0a72 (adj 15): empty #17
D/ActivityThread( 3727): Loading provider com.google.android.gmail.provider;com.android.mail.notifier;com.google.android.gm.email.provider;com.google.android.gm.tasks.provider;com.google.android.gm.email.notifier: com.android.email.provider.EmailProvider
W/ActivityManager(  455): Unable to start service Intent { cmp=com.google.android.gm.exchange/com.android.exchange.service.EasService } U=0: not found
W/ActivityManager(  455): Unable to start service Intent { cmp=com.google.android.gm/com.android.email.service.AttachmentService } U=0: not found
I/ActivityManager(  455): Killing 3342:com.google.android.deskclock/u0a39 (adj 15): empty #17
W/PackageManager(  455): Package named 'com.ea.gp.fifamobile' doesn't exist.
I/ActivityManager(  455): Start proc 3781:com.google.android.music:main/u0a61 for broadcast com.google.android.music/.autocache.AutoCacheSchedulingService$EnablingReceiver
W/ResourcesManager( 3781): Asset path '/system/framework/com.android.media.remotedisplay.jar' does not exist or contains no resources.
W/ResourcesManager( 3781): Asset path '/system/framework/com.android.location.provider.jar' does not exist or contains no resources.
I/ActivityManager(  455): Start proc 3806:com.android.providers.calendar/u0a2 for content provider com.android.providers.calendar/.CalendarProvider2
W/ResourcesManager( 3806): Asset path '/system/framework/android.test.runner.jar' does not exist or contains no resources.
I/ActivityManager(  455): Start proc 3843:com.google.android.deskclock/u0a39 for broadcast com.google.android.deskclock/com.android.alarmclock.DigitalAppWidgetProvider
I/ActivityManager(  455): Start proc 3864:com.google.android.apps.gcs/u0a7 for broadcast com.google.android.apps.gcs/.steen.receiver.ScoreNetworksReceiver
I/ActivityManager(  455): Killing 3372:com.google.android.apps.magazines/u0a62 (adj 15): empty #17
D/WifiService(  455): New client listening to asynchronous messages
I/ActivityManager(  455): Killing 2852:com.google.android.gms.unstable/u0a8 (adj 15): empty #17
I/ActivityManager(  455): Killing 3417:com.google.android.apps.plus/u0a68 (adj 15): empty #17
I/ActivityManager(  455): Start proc 3913:com.google.android.gms.ui/u0a8 for service com.google.android.gms/.chimera.UiIntentOperationService
W/ResourcesManager( 3913): Asset path '/system/framework/com.android.media.remotedisplay.jar' does not exist or contains no resources.
W/ResourcesManager( 3913): Asset path '/system/framework/com.android.location.provider.jar' does not exist or contains no resources.
I/ValidateNoPeople(  455): Validating: 0|com.google.android.gm|-1107457495|null|10071
I/ValidateNoPeople(  455): final affinity: 0.0
I/ActivityManager(  455): Killing 3442:com.google.android.contacts/u0a9 (adj 15): empty #17
D/WifiService(  455): acquireWifiLockLocked: WifiLock{NlpWifiLock type=2 binder=android.os.BinderProxy@fdbcbb1}
W/ResourcesManager( 3472): Asset path '/system/framework/com.android.media.remotedisplay.jar' does not exist or contains no resources.
W/ResourcesManager( 3472): Asset path '/system/framework/com.android.location.provider.jar' does not exist or contains no resources.
D/WifiService(  455): releaseWifiLockLocked: WifiLock{NlpWifiLock type=2 binder=android.os.BinderProxy@fdbcbb1}
D/ConnectivityService(  455): listenForNetwork for NetworkRequest [ id=10, legacyType=-1, [ Capabilities: INTERNET&NOT_RESTRICTED&TRUSTED] ]
D/ConnectivityService(  455): handleRegisterNetworkRequest checking NetworkAgentInfo [WIFI () - 100]
D/ConnectivityService(  455): apparently satisfied.  currentScore=60
I/ActivityManager(  455): Start proc 4045:com.google.android.gms.unstable/u0a8 for service com.google.android.gms/.droidguard.DroidGuardService
W/ResourcesManager( 4045): Asset path '/system/framework/com.android.media.remotedisplay.jar' does not exist or contains no resources.
W/ResourcesManager( 4045): Asset path '/system/framework/com.android.location.provider.jar' does not exist or contains no resources.
--------- beginning of main
D/oemcrypto_cenc(  208): >> OEMCrypto_GetDeviceID
D/oemcrypto_cenc(  208): << OEMCrypto_GetDeviceID
E/oemcrypto_cenc(  208): OEMCrypto_SecurityLevel
D/oemcrypto_cenc(  208): >> OEMCrypto_SupportsUsageTable
D/oemcrypto_cenc(  208): << OEMCrypto_SupportsUsageTable
D/oemcrypto_cenc(  208): OEMCrypto_GetHDCPCapability
E/oemcrypto_cenc(  208): OEMCrypto_SecurityLevel
E/oemcrypto_cenc(  208): OEMCrypto_APIVersion: 9
D/oemcrypto_cenc(  208): >> OEMCrypto_GenerateNonce
D/oemcrypto_cenc(  208): << OEMCrypto_GenerateNonce
D/WVCdm   (  208): PrepareKeyRequest: nonce=4222593477
D/oemcrypto_cenc(  208): >> OEMCrypto_GenerateRSASignature
D/oemcrypto_cenc(  208): << OEMCrypto_GenerateRSASignature
I/WVCdm   (  208): CdmEngine::CloseSession
D/oemcrypto_cenc(  208): >> OEMCrypto_CloseSession
D/oemcrypto_cenc(  208): bool RemoveSessionHandle(OEMCrypto_SESSION): session: 0xab5fa4e8, status: 1
D/oemcrypto_cenc(  208): << OEMCrypto_CloseSession
I/WVCdm   (  208): L3 Terminate.
D/oemcrypto_cenc(  208): >> OEMCrypto_Terminate
D/oemcrypto_cenc(  208): << OEMCrypto_Terminate
I/DynamiteModule( 4045): Considering local module com.google.android.gms.googlecertificates:4 and remote module com.google.android.gms.googlecertificates:4
I/DynamiteModule( 4045): Selected local version of com.google.android.gms.googlecertificates
W/linker  ( 4045): /data/data/com.google.android.gms/app_dg_cache/336440C632E393C16A237BFE79B08C34364235C7/libd4346AACAF712.so: unused DT entry: type 0x6ffffffe arg 0xc40
W/linker  ( 4045): /data/data/com.google.android.gms/app_dg_cache/336440C632E393C16A237BFE79B08C34364235C7/libd4346AACAF712.so: unused DT entry: type 0x6fffffff arg 0x3
W/Binder_2( 4059): type=1400 audit(0.0:7): avc: denied { read } for name="/" dev="tmpfs" ino=9932 scontext=u:r:untrusted_app:s0 tcontext=u:object_r:device:s0 tclass=dir permissive=0
E/ScorerSelector( 1014): Couldn't find a ranking descriptor in DataLayer__ranking_descriptor flag.
W/Wifi    ( 3556): Failed to read packet and byte counts from wifi interface
E/SQLiteLog( 2748): (284) automatic index on sqlite_sq_558F64E250(STAT_DATA_ID)
E/SQLiteLog( 2748): (284) automatic index on sqlite_sq_558F650BB0(STAT_DATA_ID)
E/SQLiteLog( 2748): (284) automatic index on sqlite_sq_558F64DBD0(STAT_DATA_ID)
E/SQLiteLog( 2748): (284) automatic index on sqlite_sq_558F64C600(STAT_DATA_ID)
E/SQLiteLog( 2748): (284) automatic index on sqlite_sq_558F6225D0(STAT_DATA_ID)
E/SQLiteLog( 2748): (284) automatic index on sqlite_sq_558F657670(STAT_DATA_ID)
E/SQLiteLog( 2748): (284) automatic index on sqlite_sq_558F6511B0(STAT_DATA_ID)
E/SQLiteLog( 2748): (284) automatic index on sqlite_sq_558F655EF0(STAT_DATA_ID)
E/SQLiteLog( 2748): (284) automatic index on sqlite_sq_558F5E7CB0(STAT_DATA_ID)
E/SQLiteLog( 2748): (284) automatic index on sqlite_sq_558F65A240(STAT_DATA_ID)
E/SQLiteLog( 2748): (284) automatic index on sqlite_sq_558F651260(STAT_DATA_ID)
E/SQLiteLog( 2748): (284) automatic index on sqlite_sq_558F650F50(STAT_DATA_ID)
E/SQLiteLog( 2748): (284) automatic index on sqlite_sq_558F650C20(STAT_DATA_ID)
E/SQLiteLog( 2748): (284) automatic index on sqlite_sq_558F650B80(STAT_DATA_ID)
E/SQLiteLog( 2748): (284) automatic index on sqlite_sq_558F6512B0(STAT_DATA_ID)
E/SQLiteLog( 2748): (284) automatic index on sqlite_sq_558F6277D0(STAT_DATA_ID)
E/SQLiteLog( 2748): (284) automatic index on sqlite_sq_558F57B580(STAT_DATA_ID)
E/SQLiteLog( 2748): (284) automatic index on sqlite_sq_558F62C300(STAT_DATA_ID)
E/SQLiteLog( 2748): (284) automatic index on sqlite_sq_558F66E680(STAT_DATA_ID)
W/Wifi    ( 3556): Failed to read packet and byte counts from wifi interface
W/art     (  855): Suspending all threads took: 185.706ms
W/Wifi    ( 3556): Failed to read packet and byte counts from wifi interface
I/art     ( 1014): Explicit concurrent mark sweep GC freed 394013(11MB) AllocSpace objects, 16(432KB) LOS objects, 39% free, 23MB/39MB, paused 1.182ms total 812.276ms
I/Icing   ( 1014): IndexChimeraService.getServiceInterface callingPackage=com.google.android.gms componentName=people serviceId=36
I/Icing   ( 1014): IndexChimeraService.getServiceInterface callingPackage=com.google.android.gms componentName=people serviceId=32
I/vgn     (  855): 19-GetFileDescriptorAndDelete -- metadata{ service_id: 0 }
I/Icing   ( 1014): Usage reports ok 0, Failed Usage reports 0, indexed 0, rejected 0, imm upload false
I/vgn     (  855): 19-GetFileDescriptorAndDelete -- metadata{ service_id: 0 }
I/Icing   ( 1014): Usage reports ok 0, Failed Usage reports 0, indexed 0, rejected 0, imm upload false
I/Icing   ( 1014): Query from package: com.google.android.gms, component: people, restrict package: com.google.android.gms, start: 0, num: 100
W/ctxmgr  (  855): [AclManager]No 2 for (accnt=account#-517948760#, com.google.android.gms(10008):PlacesProducer, vrsn=12685000, 0, 3pPkg = null ,  3pMdlId = null ,  pid = 855). Was: 3 for 18, account#-517948760#
I/Icing   ( 1014): Query from package: com.google.android.gms, component: people, restrict package: com.google.android.gms, start: 0, num: 100
I/art     (  855): Explicit concurrent mark sweep GC freed 157954(7MB) AllocSpace objects, 12(256KB) LOS objects, 36% free, 27MB/43MB, paused 236.392ms total 2.126s
I/orc     (  855): 51-GetConfigurationSnapshotOperationCall -- metadata{ service_id: 0 }
I/orc     (  855): 51-CommitToConfigurationOperationCall -- metadata{ service_id: 0 }
I/orc     (  855): 51-GetConfigurationSnapshotOperationCall -- metadata{ service_id: 0 }
I/orc     (  855): 51-GetExperimentTokensOperationCall -- metadata{ service_id: 0 }
I/orc     (  855): 51-CommitToConfigurationOperationCall -- metadata{ service_id: 0 }
W/ModuleInitIntentOp( 1014): Dropping unexpected action com.google.android.gms.phenotype.COMMITTED
I/TelephonySpam( 1014): SettingsChangedIntentOp - SettingsChangedIntentOperation.run: Got intent Intent { act=com.google.android.gms.phenotype.COMMITTED flg=0x10 pkg=com.google.android.gms cmp=com.google.android.gms/.chimera.GmsIntentOperationService (has extras) }
I/TelephonySpam( 1014): SettingsChangedIntentOp - SettingsChangedIntentOperation.run Intent extra com.google.android.gms.phenotype.PACKAGE_NAME: com.google.android.gms.auth_folsom
I/TelephonySpam( 1014): SettingsChangedIntentOp - Action: com.google.android.gms.phenotype.COMMITTED
I/TelephonySpam( 1014): SettingsChangedIntentOp - EXTRA_PACKAGE_NAME: com.google.android.gms.auth_folsom
I/orc     (  855): 51-GetConfigurationSnapshotOperationCall -- metadata{ service_id: 0 }
I/vgn     (  855): 35-GetDeviceDataUploadOptInStatusOperation -- metadata{ service_id: 0 }
I/art     (  455): Explicit concurrent mark sweep GC freed 23249(1051KB) AllocSpace objects, 5(340KB) LOS objects, 33% free, 21MB/31MB, paused 1.040ms total 124.766ms
W/Conscrypt( 1014): Could not set socket write timeout: java.lang.reflect.InvocationTargetException
I/orc     (  855): 51-CommitToConfigurationOperationCall -- metadata{ service_id: 0 }
W/Conscrypt( 1014): 	at java.lang.reflect.Method.invoke(Native Method)
W/Conscrypt( 1014): 	at java.lang.reflect.Method.invoke(Method.java:372)
W/Conscrypt( 1014): Caused by: android.system.ErrnoException: setsockopt failed: EBADF (Bad file number)
I/PTCommittedOperation(  855): Receive new configuration for com.google.android.gms.auth_folsom
W/Conscrypt( 1014): 	at libcore.io.Posix.setsockoptTimeval(Native Method)
W/Conscrypt( 1014): 	at libcore.io.ForwardingOs.setsockoptTimeval(ForwardingOs.java:147)
W/Conscrypt( 1014): Could not set socket write timeout: java.lang.reflect.InvocationTargetException
W/Conscrypt( 1014): 	at java.lang.reflect.Method.invoke(Native Method)
W/Conscrypt( 1014): 	at java.lang.reflect.Method.invoke(Method.java:372)
W/Conscrypt( 1014): Caused by: android.system.ErrnoException: setsockopt failed: EBADF (Bad file number)
W/Conscrypt( 1014): 	at libcore.io.Posix.setsockoptTimeval(Native Method)
W/Conscrypt( 1014): 	at libcore.io.ForwardingOs.setsockoptTimeval(ForwardingOs.java:147)
I/vgn     (  855): 35-GetDeviceDataUploadOptInStatusOperation -- metadata{ service_id: 0 }
I/NetRec  (  855): [244] adll.a: Running CleanupDatabaseTask GCM task
I/agji    (  855): Scheduling adaptive one off task with window [14400, 604800] in seconds -- metadata{ service_id: 51 }
I/NetRec  (  855): [244] adll.a: Removed 0 records from the database
I/ActivityManager(  455): Start proc 4104:com.google.android.videos/u0a77 for service com.google.android.videos/.service.drm.RefreshLicenseTaskService
W/ResourcesManager( 4104): Asset path '/system/framework/com.google.widevine.software.drm.jar' does not exist or contains no resources.
W/Wifi    ( 3556): Failed to read packet and byte counts from wifi interface
I/art     (  950): Explicit concurrent mark sweep GC freed 2906(114KB) AllocSpace objects, 0(0B) LOS objects, 39% free, 8MB/13MB, paused 695us total 19.713ms
I/WVCdm   (  208): CdmEngine::OpenSession
I/WVCdm   (  208): Level3 Library Dec 11 2014 16:13:16
W/WVCdm   (  208): Could not read /data/mediadrm/IDM1013/ay64.dat2: No such file or directory
D/oemcrypto_cenc(  208): >> OEMCrypto_Initialize: modular drm 4.02  Feb  9 2015  02:37:00
D/oemcrypto_cenc(  208): << OEMCrypto_Initialize
E/oemcrypto_cenc(  208): OEMCrypto_APIVersion: 9
D/oemcrypto_cenc(  208): >> OEMCrypto_IsKeyboxValid
D/oemcrypto_cenc(  208): << OEMCrypto_IsKeyboxValid
D/WVCdm   (  208): OEMCrypto_Initialize Level 1 success. I will use level 1.
E/oemcrypto_cenc(  208): OEMCrypto_SecurityLevel
D/oemcrypto_cenc(  208): >> OEMCrypto_OpenSession
D/oemcrypto_cenc(  208): bool AddSessionHandle(OEMCrypto_SESSION): session:0xab5fa758, status: 1
D/oemcrypto_cenc(  208): << OEMCrypto_OpenSession
D/oemcrypto_cenc(  208): >> OEMCrypto_GetRandom
D/oemcrypto_cenc(  208): << OEMCrypto_GetRandom
E/SQLiteLog( 4104): (283) recovered 69 frames from WAL file /data/data/com.google.android.videos/databases/purchase_store.db-wal
D/oemcrypto_cenc(  208): >> OEMCrypto_LoadDeviceRSAKey
D/oemcrypto_cenc(  208): << OEMCrypto_LoadDeviceRSAKey
I/WVCdm   (  208): CdmEngine::QueryKeyControlInfo
W/WVCdm   (  208): BufferReader::Read<T> : Failure during parse: Not enough bytes (4)
W/WVCdm   (  208): CdmEngine::ExtractWidevinePssh: Unable to read PSSH atom size
I/WVCdm   (  208): CdmEngine::GenerateKeyRequest
D/oemcrypto_cenc(  208): >> OEMCrypto_GetDeviceID
D/oemcrypto_cenc(  208): << OEMCrypto_GetDeviceID
E/oemcrypto_cenc(  208): OEMCrypto_SecurityLevel
D/oemcrypto_cenc(  208): >> OEMCrypto_SupportsUsageTable
D/oemcrypto_cenc(  208): << OEMCrypto_SupportsUsageTable
D/oemcrypto_cenc(  208): OEMCrypto_GetHDCPCapability
E/oemcrypto_cenc(  208): OEMCrypto_SecurityLevel
E/oemcrypto_cenc(  208): OEMCrypto_APIVersion: 9
D/oemcrypto_cenc(  208): >> OEMCrypto_GenerateNonce
D/oemcrypto_cenc(  208): << OEMCrypto_GenerateNonce
D/WVCdm   (  208): PrepareKeyRequest: nonce=3872750096
D/oemcrypto_cenc(  208): >> OEMCrypto_GenerateRSASignature
I/Auth    (  855): [ReflectiveChannelBinder] Successfully bound channel!
D/oemcrypto_cenc(  208): << OEMCrypto_GenerateRSASignature
I/WVCdm   (  208): CdmEngine::CloseSession
D/oemcrypto_cenc(  208): >> OEMCrypto_CloseSession
D/oemcrypto_cenc(  208): bool RemoveSessionHandle(OEMCrypto_SESSION): session: 0xab5fa758, status: 1
D/oemcrypto_cenc(  208): << OEMCrypto_CloseSession
I/WVCdm   (  208): L3 Terminate.
D/oemcrypto_cenc(  208): >> OEMCrypto_Terminate
D/oemcrypto_cenc(  208): << OEMCrypto_Terminate
I/WearableService(  855): Wearable Services stopping
W/Conscrypt(  855): Could not set socket write timeout: java.lang.reflect.InvocationTargetException
W/Conscrypt(  855): 	at java.lang.reflect.Method.invoke(Native Method)
W/Conscrypt(  855): 	at java.lang.reflect.Method.invoke(Method.java:372)
W/Conscrypt(  855): Caused by: android.system.ErrnoException: setsockopt failed: EBADF (Bad file number)
W/Conscrypt(  855): 	at libcore.io.Posix.setsockoptTimeval(Native Method)
W/Conscrypt(  855): 	at libcore.io.ForwardingOs.setsockoptTimeval(ForwardingOs.java:147)
W/Conscrypt(  855): Could not set socket write timeout: java.lang.reflect.InvocationTargetException
W/Conscrypt(  855): 	at java.lang.reflect.Method.invoke(Native Method)
W/Conscrypt(  855): 	at java.lang.reflect.Method.invoke(Method.java:372)
W/Conscrypt(  855): Caused by: android.system.ErrnoException: setsockopt failed: EBADF (Bad file number)
W/Conscrypt(  855): 	at libcore.io.Posix.setsockoptTimeval(Native Method)
W/Conscrypt(  855): 	at libcore.io.ForwardingOs.setsockoptTimeval(ForwardingOs.java:147)
I/Finsky  ( 2769): [55] com.google.android.finsky.contentfilterui.m.a(13): Received content filters request from com.google.android.videos
D/WifiService(  455): acquireWifiLockLocked: WifiLock{com.google.android.videos.service.drm.LicenseRefresher_tasks type=3 binder=android.os.BinderProxy@24a76525}
D/WifiService(  455): releaseWifiLockLocked: WifiLock{com.google.android.videos.service.drm.LicenseRefresher_tasks type=3 binder=android.os.BinderProxy@24a76525}
W/VideoCapabilities( 4104): Unsupported mime video/mpeg2
W/AudioCapabilities( 4104): Unsupported mime audio/mpeg-L2
W/VideoCapabilities( 4104): Unrecognized level 0 for video/x-vnd.on2.vp8
I/VideoCapabilities( 4104): Unsupported profile 4 for video/mp4v-es
W/linker  ( 3663): libsyscall.so: unused DT entry: type 0xf arg 0x1917
W/linker  ( 3663): libsyscall.so: unused DT entry: type 0x6ffffffe arg 0x4420
W/linker  ( 3663): libsyscall.so: unused DT entry: type 0x6fffffff arg 0x2
W/native  ( 3663): commandlineflags.cc:1512 Ignoring RegisterValidateFunction() for flag pointer 0xeff376f0: no flag found at that address
W/linker  ( 3663): libjni_stub.so: unused DT entry: type 0x6ffffffe arg 0xa9c
W/linker  ( 3663): libjni_stub.so: unused DT entry: type 0x6fffffff arg 0x3
I/orc     (  855): 51-GetConfigurationSnapshotOperationCall -- metadata{ service_id: 0 }
I/orc     (  855): 51-CommitToConfigurationOperationCall -- metadata{ service_id: 0 }
I/PhenotypeExpCommitSvc( 3864): [353] PhenotypeExperimentCommitService.a: Successfully committed experiments for user [bV0mn0Se6j8NQF4DT19QdaUy-_8]
I/Stn.AppLifecycle( 3864): [1] b.a: onConfigChanged()
I/GCM-GMS ( 1014): Registering GMS 745476177629
W/Conscrypt(  855): Could not set socket write timeout: java.lang.reflect.InvocationTargetException
W/Conscrypt(  855): 	at java.lang.reflect.Method.invoke(Native Method)
W/Conscrypt(  855): 	at java.lang.reflect.Method.invoke(Method.java:372)
W/Conscrypt(  855): Caused by: android.system.ErrnoException: setsockopt failed: EBADF (Bad file number)
W/Conscrypt(  855): 	at libcore.io.Posix.setsockoptTimeval(Native Method)
W/Conscrypt(  855): 	at libcore.io.ForwardingOs.setsockoptTimeval(ForwardingOs.java:147)
W/Conscrypt(  855): Could not set socket write timeout: java.lang.reflect.InvocationTargetException
W/Conscrypt(  855): 	at java.lang.reflect.Method.invoke(Native Method)
W/Conscrypt(  855): 	at java.lang.reflect.Method.invoke(Method.java:372)
W/Conscrypt(  855): Caused by: android.system.ErrnoException: setsockopt failed: EBADF (Bad file number)
W/Conscrypt(  855): 	at libcore.io.Posix.setsockoptTimeval(Native Method)
W/Conscrypt(  855): 	at libcore.io.ForwardingOs.setsockoptTimeval(ForwardingOs.java:147)
I/GCM-GMS ( 1014): Got GMS registration
W/Wifi    ( 3556): Failed to read packet and byte counts from wifi interface
E/WifiNetworkScoreCache(  455): updateScores list size=3
W/Wifi    ( 3556): Failed to read packet and byte counts from wifi interface
W/Wifi    ( 3556): Failed to read packet and byte counts from wifi interface
W/Wifi    ( 3556): Failed to read packet and byte counts from wifi interface
I/ActivityManager(  455): Waited long enough for: ServiceRecord{163d0f79 u0 com.google.android.calendar/.alerts.AlertService}
I/ActivityManager(  455): Killing 3539:com.android.chrome/u0a35 (adj 15): empty #17
W/Wifi    ( 3556): Failed to read packet and byte counts from wifi interface
I/ActivityManager(  455): Killing 3572:org.mozilla.firefox/u0a86 (adj 15): empty #17
E/WifiStateMachine(  455): WifiStateMachine CMD_START_SCAN source -2 txSuccessRate=25.14 rxSuccessRate=23.83 targetRoamBSSID=any RSSI=-42
E/WifiStateMachine(  455): WifiStateMachine starting scan for "YOU SHALL NOT PASS"WPA_PSK with 2437
W/Wifi    ( 3556): Failed to read packet and byte counts from wifi interface
I/ActivityManager(  455): Killing 3806:com.android.providers.calendar/u0a2 (adj 15): empty #17
W/Wifi    ( 3556): Failed to read packet and byte counts from wifi interface
W/Wifi    ( 3556): Failed to read packet and byte counts from wifi interface
I/ActivityManager(  455): Start proc 4191:com.android.providers.calendar/u0a2 for broadcast com.android.providers.calendar/.CalendarProviderBroadcastReceiver
W/ResourcesManager( 4191): Asset path '/system/framework/android.test.runner.jar' does not exist or contains no resources.
I/CalendarProvider2( 4191): Created com.android.providers.calendar.CalendarAlarmManager@21701e64(com.android.providers.calendar.CalendarProvider2@b5798cd)
E/SQLiteLog( 4191): (284) automatic index on view_events(_id)
W/Telecom (  455): TelecomServiceImpl: null is not visible for the calling user
I/Babel_telephony( 3153): TeleModule.unregisterConnectionManagerLMR1, not currently registered
I/ActivityManager(  455): Waited long enough for: ServiceRecord{1bd88736 u0 com.opera.browser/com.opera.android.analytics.AnalyticsService}
I/ActivityManager(  455): Waited long enough for: ServiceRecord{1fc5690d u0 com.opera.browser/com.opera.android.dashboard.newsfeed.statistic.NewsFeedService}
W/Wifi    ( 3556): Failed to read packet and byte counts from wifi interface
I/CalendarProvider2( 4191): Sending notification intent: Intent { act=android.intent.action.PROVIDER_CHANGED dat=content://com.android.calendar }
W/ContentResolver( 4191): Failed to get type for: content://com.android.calendar (Unknown URL content://com.android.calendar)
I/ActivityManager(  455): Killing 3843:com.google.android.deskclock/u0a39 (adj 15): empty #17
I/IcingInternalCorpora( 1014): Received calendar change notification.
W/Wifi    ( 3556): Failed to read packet and byte counts from wifi interface
W/Wifi    ( 3556): Failed to read packet and byte counts from wifi interface
W/ActivityManager(  455): Unable to start service Intent { act=com.google.android.gms.drive.ApiService.RESET_AFTER_BOOT flg=0x4 cmp=com.google.android.gms/.drive.api.ApiService (has extras) } U=0: not found
W/Wifi    ( 3556): Failed to read packet and byte counts from wifi interface
W/Wifi    ( 3556): Failed to read packet and byte counts from wifi interface
W/Wifi    ( 3556): Failed to read packet and byte counts from wifi interface
W/Wifi    ( 3556): Failed to read packet and byte counts from wifi interface
W/Wifi    ( 3556): Failed to read packet and byte counts from wifi interface
W/Wifi    ( 3556): Failed to read packet and byte counts from wifi interface
W/Wifi    ( 3556): Failed to read packet and byte counts from wifi interface
W/Wifi    ( 3556): Failed to read packet and byte counts from wifi interface
I/Finsky  ( 2769): [1] com.google.android.finsky.scheduler.JobSchedulerEngine$PhoneskyJobSchedulerJobService.onStartJob(11): onJobSchedulerWakeup with jobId 9001
I/Finsky  ( 2769): [1] com.google.android.finsky.scheduler.w.a(14): Scheduling fallback in 43199994 (absolute: 43328752)
I/Finsky  ( 2769): [1] com.google.android.finsky.scheduler.w.a(14): Scheduling fallback in 64799996 (absolute: 64928758)
I/Finsky  ( 2769): [1] com.google.android.finsky.scheduler.JobSchedulerEngine$PhoneskyJobSchedulerJobService.onStartJob(11): onJobSchedulerWakeup with jobId 9000
I/Finsky  ( 2769): [1] com.google.android.finsky.scheduler.w.a(14): Scheduling fallback in 43199998 (absolute: 43328769)
I/Finsky  ( 2769): [1] com.google.android.finsky.scheduler.w.a(14): Scheduling fallback in 64799998 (absolute: 64928771)
W/Finsky  ( 2769): [1] com.google.android.finsky.scheduler.JobSchedulerEngine$PhoneskyJobSchedulerJobService.onStartJob(23): onJobSchedulerWakeup while already running
I/Finsky  ( 2769): [1] com.google.android.finsky.scheduler.ad.handleMessage(39): DeviceState: DeviceState{currentTime=1529391358328, isCharging=true, isIdle=false, netAny=true, netNotRoaming=true, netUnmetered=true}
I/Finsky  ( 2769): [1] com.google.android.finsky.scheduler.ba.a(51): Jobs in database: 1-1337 12-1 
I/Finsky  ( 2769): [1] com.google.android.finsky.scheduler.y.a(138): Running job: 12-1
I/Finsky  ( 2769): [1] com.google.android.finsky.contentsync.ContentSyncJob.a(37): ContentSyncJob started
I/Finsky  ( 2769): [1] com.google.android.finsky.scheduler.y.a(196): RunningQueue size: 1, PendingQueue size: 0
I/Finsky  ( 2769): [1] com.google.android.finsky.scheduler.y.a(213): Running queue: 12-1 
I/Finsky  ( 2769): [65] com.google.android.finsky.l.c.a(21): Completed 0 account content syncs with 0 successful.
I/Finsky  ( 2769): [1] com.google.android.finsky.contentsync.ContentSyncJob.a(5): Installation state replication succeeded.
I/Finsky  ( 2769): [1] com.google.android.finsky.scheduler.ax.b(8): jobFinished: 12-1. TimeElapsed: 15ms
I/Finsky  ( 2769): [1] com.google.android.finsky.scheduler.y.b(38): Job 12-1 finished
I/Finsky  ( 2769): [1] com.google.android.finsky.scheduler.y.a(196): RunningQueue size: 0, PendingQueue size: 0
I/Finsky  ( 2769): [1] com.google.android.finsky.scheduler.ad.handleMessage(78): Executor finished
I/Finsky  ( 2769): [1] com.google.android.finsky.scheduler.ba.a(51): Jobs in database: 1-1337 
I/Finsky  ( 2769): [1] com.google.android.finsky.scheduler.h.a(309): ConstraintMapping: 1-1337,  -> L: 26365436ms, D: 112765436ms, C: false, I: false, N: 1
I/Finsky  ( 2769): [1] com.google.android.finsky.scheduler.JobSchedulerEngine.a(155): Scheduling job Id: 9000, L: 26365436, D: 112765436, C: false, I: false, N: 1
I/Finsky  ( 2769): [1] com.google.android.finsky.scheduler.JobSchedulerEngine.a(155): Scheduling job Id: 9002, L: 26365436, D: 112765436, C: false, I: false, N: 1
W/Wifi    ( 3556): Failed to read packet and byte counts from wifi interface
I/IcingInternalCorpora( 1014): EventIndexer: starting incremental update
I/IcingInternalCorpora( 1014): EventIndexer: 0 added, 0 removed, 0 changed, 0 unchanged, 0 errors.
I/IcingInternalCorpora( 1014): EventIndexer: finished after 2 ms.
W/Wifi    ( 3556): Failed to read packet and byte counts from wifi interface
W/Wifi    ( 3556): Failed to read packet and byte counts from wifi interface
W/Wifi    ( 3556): Failed to read packet and byte counts from wifi interface
W/art     ( 1858): No such thread id for suspend: 24
W/art     ( 1858): No such thread id for suspend: 24
W/Wifi    ( 3556): Failed to read packet and byte counts from wifi interface
W/Wifi    ( 3556): Failed to read packet and byte counts from wifi interface
I/Icing   ( 1014): IndexChimeraService.getServiceInterface callingPackage=com.google.android.music componentName=null serviceId=36
I/vgn     (  855): 19-GetFileDescriptorAndDelete -- metadata{ service_id: 0 }
I/Icing   ( 1014): Usage reports ok 0, Failed Usage reports 0, indexed 0, rejected 0, imm upload false
I/Icing   ( 1014): IndexChimeraService.getServiceInterface callingPackage=com.google.android.music componentName=null serviceId=36
I/vgn     (  855): 19-GetFileDescriptorAndDelete -- metadata{ service_id: 0 }
I/Icing   ( 1014): Usage reports ok 0, Failed Usage reports 0, indexed 0, rejected 0, imm upload false
I/Icing   ( 1014): IndexChimeraService.getServiceInterface callingPackage=com.google.android.music componentName=null serviceId=36
I/vgn     (  855): 19-GetFileDescriptorAndDelete -- metadata{ service_id: 0 }
I/Icing   ( 1014): Usage reports ok 0, Failed Usage reports 0, indexed 0, rejected 0, imm upload false
I/Icing   ( 1014): IndexChimeraService.getServiceInterface callingPackage=com.google.android.music componentName=null serviceId=36
I/vgn     (  855): 19-GetFileDescriptorAndDelete -- metadata{ service_id: 0 }
I/Icing   ( 1014): Usage reports ok 0, Failed Usage reports 0, indexed 0, rejected 0, imm upload false
I/Icing   ( 1014): IndexChimeraService.getServiceInterface callingPackage=com.google.android.music componentName=null serviceId=36
I/vgn     (  855): 19-GetFileDescriptorAndDelete -- metadata{ service_id: 0 }
I/Icing   ( 1014): Usage reports ok 0, Failed Usage reports 0, indexed 0, rejected 0, imm upload false
I/Icing   ( 1014): IndexChimeraService.getServiceInterface callingPackage=com.google.android.music componentName=null serviceId=36
I/vgn     (  855): 19-GetFileDescriptorAndDelete -- metadata{ service_id: 0 }
I/Icing   ( 1014): Usage reports ok 0, Failed Usage reports 0, indexed 0, rejected 0, imm upload false
I/Icing   ( 1014): IndexChimeraService.getServiceInterface callingPackage=com.google.android.music componentName=null serviceId=36
I/vgn     (  855): 19-GetFileDescriptorAndDelete -- metadata{ service_id: 0 }
I/Icing   ( 1014): Usage reports ok 0, Failed Usage reports 0, indexed 0, rejected 0, imm upload false
E/WifiStateMachine(  455): WifiStateMachine CMD_START_SCAN source -2 txSuccessRate=1.05 rxSuccessRate=1.55 targetRoamBSSID=any RSSI=-41
W/Wifi    ( 3556): Failed to read packet and byte counts from wifi interface
E/WifiNetworkScoreCache(  455): updateScores list size=1
I/art     (  455): Explicit concurrent mark sweep GC freed 43567(2MB) AllocSpace objects, 1(20KB) LOS objects, 33% free, 21MB/31MB, paused 670us total 100.888ms
W/ctxmgr  (  855): [AclManager]No 2 for (accnt=account#-517948760#, com.google.android.gms(10008):IndoorOutdoorProducer, vrsn=12685000, 0, 3pPkg = null ,  3pMdlId = null ,  pid = 855). Was: 3 for 57, account#-517948760#
I/Auth    (  855): [AccountStateSyncAdapter] performSync(account=<ELLIDED:1508495426>)
W/Wifi    ( 3556): Failed to read packet and byte counts from wifi interface
W/Wifi    ( 3556): Failed to read packet and byte counts from wifi interface
W/Wifi    ( 3556): Failed to read packet and byte counts from wifi interface
W/Wifi    ( 3556): Failed to read packet and byte counts from wifi interface
W/Wifi    ( 3556): Failed to read packet and byte counts from wifi interface
W/Wifi    ( 3556): Failed to read packet and byte counts from wifi interface
W/Wifi    ( 3556): Failed to read packet and byte counts from wifi interface
I/vgn     (  855): 35-GetDeviceDataUploadOptInStatusOperation -- metadata{ service_id: 0 }
I/vgn     (  855): 35-GetDeviceDataUploadOptInStatusOperation -- metadata{ service_id: 0 }
W/Wifi    ( 3556): Failed to read packet and byte counts from wifi interface
W/Wifi    ( 3556): Failed to read packet and byte counts from wifi interface
W/Wifi    ( 3556): Failed to read packet and byte counts from wifi interface
W/Wifi    ( 3556): Failed to read packet and byte counts from wifi interface
W/Wifi    ( 3556): Failed to read packet and byte counts from wifi interface
W/Wifi    ( 3556): Failed to read packet and byte counts from wifi interface
W/Wifi    ( 3556): Failed to read packet and byte counts from wifi interface
W/Wifi    ( 3556): Failed to read packet and byte counts from wifi interface
W/Wifi    ( 3556): Failed to read packet and byte counts from wifi interface
W/Wifi    ( 3556): Failed to read packet and byte counts from wifi interface
W/Wifi    ( 3556): Failed to read packet and byte counts from wifi interface
W/Wifi    ( 3556): Failed to read packet and byte counts from wifi interface
E/WifiStateMachine(  455): WifiStateMachine CMD_START_SCAN source -2 txSuccessRate=0.00 rxSuccessRate=0.07 targetRoamBSSID=any RSSI=-42
E/WifiStateMachine(  455): WifiStateMachine starting scan for "YOU SHALL NOT PASS"WPA_PSK with 2437
W/Wifi    ( 3556): Failed to read packet and byte counts from wifi interface
E/WifiNetworkScoreCache(  455): updateScores list size=1
W/Wifi    ( 3556): Failed to read packet and byte counts from wifi interface
W/Wifi    ( 3556): Failed to read packet and byte counts from wifi interface
W/Wifi    ( 3556): Failed to read packet and byte counts from wifi interface
W/Wifi    ( 3556): Failed to read packet and byte counts from wifi interface
W/Wifi    ( 3556): Failed to read packet and byte counts from wifi interface
W/Wifi    ( 3556): Failed to read packet and byte counts from wifi interface
W/Wifi    ( 3556): Failed to read packet and byte counts from wifi interface
W/Wifi    ( 3556): Failed to read packet and byte counts from wifi interface
D/WifiService(  455): acquireWifiLockLocked: WifiLock{NlpWifiLock type=2 binder=android.os.BinderProxy@24064aa4}
E/WifiStateMachine(  455): WifiStateMachine CMD_START_SCAN source 10008 txSuccessRate=0.00 rxSuccessRate=0.00 targetRoamBSSID=any RSSI=-43
E/ScorerSelector( 1014): Couldn't find a ranking descriptor in DataLayer__ranking_descriptor flag.
E/SQLiteLog( 2748): (284) automatic index on sqlite_sq_558F601460(STAT_DATA_ID)
E/SQLiteLog( 2748): (284) automatic index on sqlite_sq_558F557F20(STAT_DATA_ID)
E/SQLiteLog( 2748): (284) automatic index on sqlite_sq_558F56DA00(STAT_DATA_ID)
E/SQLiteLog( 2748): (284) automatic index on sqlite_sq_558F56DB40(STAT_DATA_ID)
E/SQLiteLog( 2748): (284) automatic index on sqlite_sq_558F572F00(STAT_DATA_ID)
E/SQLiteLog( 2748): (284) automatic index on sqlite_sq_558F2A4D40(STAT_DATA_ID)
E/SQLiteLog( 2748): (284) automatic index on sqlite_sq_558F55C0A0(STAT_DATA_ID)
I/Finsky  ( 2769): [54] com.google.android.finsky.contentfilterui.m.a(13): Received content filters request from sharedUserId=com.google.uid.shared:10008
E/SQLiteLog( 2748): (284) automatic index on sqlite_sq_558F55C100(STAT_DATA_ID)
E/SQLiteLog( 2748): (284) automatic index on sqlite_sq_558F573110(STAT_DATA_ID)
E/SQLiteLog( 2748): (284) automatic index on sqlite_sq_558F573110(STAT_DATA_ID)
E/SQLiteLog( 2748): (284) automatic index on sqlite_sq_558F6707F0(STAT_DATA_ID)
E/SQLiteLog( 2748): (284) automatic index on sqlite_sq_558F55BEB0(STAT_DATA_ID)
E/SQLiteLog( 2748): (284) automatic index on sqlite_sq_558F657DA0(STAT_DATA_ID)
E/SQLiteLog( 2748): (284) automatic index on sqlite_sq_558F64E7D0(STAT_DATA_ID)
E/SQLiteLog( 2748): (284) automatic index on sqlite_sq_558F655FE0(STAT_DATA_ID)
E/SQLiteLog( 2748): (284) automatic index on sqlite_sq_558F5716A0(STAT_DATA_ID)
E/SQLiteLog( 2748): (284) automatic index on sqlite_sq_558F56ACC0(STAT_DATA_ID)
I/art     (  855): Explicit concurrent mark sweep GC freed 192034(9MB) AllocSpace objects, 22(536KB) LOS objects, 37% free, 27MB/43MB, paused 841us total 120.309ms
I/orc     (  855): 51-GetConfigurationSnapshotOperationCall -- metadata{ service_id: 0 }
I/orc     (  855): 51-CommitToConfigurationOperationCall -- metadata{ service_id: 0 }
W/Wifi    ( 3556): Failed to read packet and byte counts from wifi interface
I/orc     (  855): 51-GetConfigurationSnapshotOperationCall -- metadata{ service_id: 0 }
I/orc     (  855): 51-CommitToConfigurationOperationCall -- metadata{ service_id: 0 }
E/WifiNetworkScoreCache(  455): updateScores list size=1
W/ctxmgr  (  855): [AclManager]No 2 for (accnt=account#-517948760#, com.google.android.gms(10008):IndoorOutdoorProducer, vrsn=12685000, 0, 3pPkg = null ,  3pMdlId = null ,  pid = 855). Was: 3 for 57, account#-517948760#
I/Places  (  855): Converted 17 out of 17 WiFi scans
I/GeofencerStateMachine(  855): sendNewTransitions called.
D/WifiService(  455): releaseWifiLockLocked: WifiLock{NlpWifiLock type=2 binder=android.os.BinderProxy@24064aa4}
I/PlaceInferenceEngine(  855): No beacon scan available - ignoring candidates.
I/GeofencerStateMachine(  855): sendNewTransitions called.
I/GeofencerStateMachine(  855): sendNewLocationAvailability: availability=LocationAvailability[isLocationAvailable: true]
W/ctxmgr  (  855): [AclManager]No 2 for (accnt=account#1813920180#, com.google.android.gms(10008):UserLocationProducer, vrsn=12685000, 0, 3pPkg = null ,  3pMdlId = null ,  pid = 855). Was: 2 for 1, account#1813920180#
D/libgps  (  455): proxy_gps_inject_location: called.
W/ctxmgr  (  855): [AclManager]No 2 for (accnt=account#1644684176#, com.google.android.gms(10008):UserLocationProducer, vrsn=12685000, 0, 3pPkg = null ,  3pMdlId = null ,  pid = 855). Was: 2 for 1, account#1644684176#
W/ctxmgr  (  855): [AclManager]No 2 for (accnt=account#-517948760#, com.google.android.gms(10008):UserLocationProducer, vrsn=12685000, 0, 3pPkg = null ,  3pMdlId = null ,  pid = 855). Was: 3 for 1, account#-517948760#
W/ctxmgr  (  855): [AclManager]No 2 for (accnt=account#-517948760#, com.google.android.gms(10008):UserVelocityProducer, vrsn=12685000, 0, 3pPkg = null ,  3pMdlId = null ,  pid = 855). Was: 3 for 48, account#-517948760#
I/InstantApps(  855): DomainFilterImpl: Domain filter response size: 225187
W/Conscrypt(  855): Could not set socket write timeout: java.lang.reflect.InvocationTargetException
W/Conscrypt(  855): 	at java.lang.reflect.Method.invoke(Native Method)
W/Conscrypt(  855): 	at java.lang.reflect.Method.invoke(Method.java:372)
W/Conscrypt(  855): Caused by: android.system.ErrnoException: setsockopt failed: EBADF (Bad file number)
W/Conscrypt(  855): 	at libcore.io.Posix.setsockoptTimeval(Native Method)
W/Conscrypt(  855): 	at libcore.io.ForwardingOs.setsockoptTimeval(ForwardingOs.java:147)
W/Conscrypt(  855): Could not set socket write timeout: java.lang.reflect.InvocationTargetException
W/Conscrypt(  855): 	at java.lang.reflect.Method.invoke(Native Method)
W/Conscrypt(  855): 	at java.lang.reflect.Method.invoke(Method.java:372)
W/Conscrypt(  855): Caused by: android.system.ErrnoException: setsockopt failed: EBADF (Bad file number)
W/Conscrypt(  855): 	at libcore.io.Posix.setsockoptTimeval(Native Method)
W/Conscrypt(  855): 	at libcore.io.ForwardingOs.setsockoptTimeval(ForwardingOs.java:147)
W/Wifi    ( 3556): Failed to read packet and byte counts from wifi interface
W/Conscrypt(  855): Could not set socket write timeout: java.lang.reflect.InvocationTargetException
W/Conscrypt(  855): 	at java.lang.reflect.Method.invoke(Native Method)
W/Conscrypt(  855): 	at java.lang.reflect.Method.invoke(Method.java:372)
W/Conscrypt(  855): Caused by: android.system.ErrnoException: setsockopt failed: EBADF (Bad file number)
W/Conscrypt(  855): 	at libcore.io.Posix.setsockoptTimeval(Native Method)
W/Conscrypt(  855): 	at libcore.io.ForwardingOs.setsockoptTimeval(ForwardingOs.java:147)
W/Conscrypt(  855): Could not set socket write timeout: java.lang.reflect.InvocationTargetException
W/Conscrypt(  855): 	at java.lang.reflect.Method.invoke(Native Method)
W/Conscrypt(  855): 	at java.lang.reflect.Method.invoke(Method.java:372)
W/Conscrypt(  855): Caused by: android.system.ErrnoException: setsockopt failed: EBADF (Bad file number)
W/Conscrypt(  855): 	at libcore.io.Posix.setsockoptTimeval(Native Method)
W/Conscrypt(  855): 	at libcore.io.ForwardingOs.setsockoptTimeval(ForwardingOs.java:147)
W/ctxmgr  (  855): [AclManager]No 2 for (accnt=account#-517948760#, com.google.android.gms(10008):PlacesProducer, vrsn=12685000, 0, 3pPkg = null ,  3pMdlId = null ,  pid = 855). Was: 3 for 18, account#-517948760#
W/Conscrypt(  855): Could not set socket write timeout: java.lang.reflect.InvocationTargetException
W/Conscrypt(  855): 	at java.lang.reflect.Method.invoke(Native Method)
W/Conscrypt(  855): 	at java.lang.reflect.Method.invoke(Method.java:372)
W/Conscrypt(  855): Caused by: android.system.ErrnoException: setsockopt failed: EBADF (Bad file number)
W/Conscrypt(  855): 	at libcore.io.Posix.setsockoptTimeval(Native Method)
W/Conscrypt(  855): 	at libcore.io.ForwardingOs.setsockoptTimeval(ForwardingOs.java:147)
W/Conscrypt(  855): Could not set socket write timeout: java.lang.reflect.InvocationTargetException
W/Conscrypt(  855): Could not set socket write timeout: java.lang.reflect.InvocationTargetException
W/Conscrypt(  855): 	at java.lang.reflect.Method.invoke(Native Method)
W/Conscrypt(  855): 	at java.lang.reflect.Method.invoke(Method.java:372)
W/Conscrypt(  855): Caused by: android.system.ErrnoException: setsockopt failed: EBADF (Bad file number)
W/Conscrypt(  855): 	at libcore.io.Posix.setsockoptTimeval(Native Method)
W/Conscrypt(  855): 	at libcore.io.ForwardingOs.setsockoptTimeval(ForwardingOs.java:147)
