E/tegra_memtrack_hal(  454): failed to read header for pid 454: Operation not permitted
E/tegra_memtrack_hal(  454): failed to read header for pid 454: Operation not permitted
E/tegra_memtrack_hal(  454): failed to read header for pid 454: Operation not permitted
E/tegra_memtrack_hal(  454): failed to read header for pid 454: Operation not permitted
I/vgn     (  977): 45-xlb -- metadata{ service_id: 0 }
I/vgn     (  977): 45-xlb -- metadata{ service_id: 0 }
I/vgn     (  977): 45-xlb -- metadata{ service_id: 0 }
W/Wifi    ( 3637): Failed to read packet and byte counts from wifi interface
I/vgn     (  977): 45-xlb -- metadata{ service_id: 0 }
I/vgn     (  977): 45-xlb -- metadata{ service_id: 0 }
D/audio_hw_primary(  208): out_set_parameters: enter: usecase(0: playback) kvpairs: routing=2 out->devices(2) adev->mode(0)
W/ResourceType(  613): No package identifier when getting value for resource number 0x00000000
W/PackageManager(  613): Failure retrieving resources for com.android.chrome: Resource ID #0x0
I/vgn     (  977): 45-xlb -- metadata{ service_id: 0 }
I/vgn     (  977): 45-xlb -- metadata{ service_id: 0 }
I/vgn     (  977): 45-xlb -- metadata{ service_id: 0 }
I/vgn     (  977): 45-xlb -- metadata{ service_id: 0 }
I/ActivityManager(  454): START u0 {act=com.android.systemui.recents.SHOW_RECENTS flg=0x10804000 cmp=com.android.systemui/.recents.RecentsActivity} from uid 10022 on display 0
I/vgn     (  977): 45-xlb -- metadata{ service_id: 0 }
I/vgn     (  977): 45-xlb -- metadata{ service_id: 0 }
I/vgn     (  977): 45-xlb -- metadata{ service_id: 0 }
I/vgn     (  977): 45-xlb -- metadata{ service_id: 0 }
I/art     (  454): Explicit concurrent mark sweep GC freed 65028(3MB) AllocSpace objects, 12(776KB) LOS objects, 33% free, 28MB/43MB, paused 1.995ms total 230.596ms
I/MediaFocusControl(  454):  AudioFocus  abandonAudioFocus() from android.media.AudioManager@78c979borg.chromium.content.browser.AudioFocusDelegate@29eff738
E/lowmemorykiller(  151): Error opening /proc/25043/oom_score_adj; errno=2
E/lowmemorykiller(  151): Error opening /proc/25043/oom_score_adj; errno=2
W/libprocessgroup(  454): failed to open /acct/uid_10035/pid_25043/cgroup.procs: No such file or directory
I/ActivityManager(  454): Process com.android.chrome:sandboxed_process2 (pid 25043) has died
W/ActivityManager(  454): Scheduling restart of crashed service com.android.chrome/org.chromium.content.app.SandboxedProcessService2 in 1000ms
I/MemoryTrimmer(  903): Trimming objects from memory, since app is in the background.
I/ActivityManager(  454): Start proc 25085:com.android.chrome:sandboxed_process2/u0i175 for service com.android.chrome/org.chromium.content.app.SandboxedProcessService2
W/libprocessgroup(  454): failed to open /acct/uid_10035/pid_24766/cgroup.procs: No such file or directory
I/ActivityManager(  454): Process com.android.chrome:sandboxed_process0 (pid 24766) has died
W/ActivityManager(  454): Scheduling restart of crashed service com.android.chrome/org.chromium.content.app.SandboxedProcessService0 in 1000ms
I/Finsky  (24299): [1] com.google.android.finsky.cc.a.onTrimMemory(7): Memory trim requested to level 60
I/MediaFocusControl(  454):  AudioFocus  abandonAudioFocus() from android.media.AudioManager@78c979borg.chromium.content.browser.AudioFocusDelegate@6494ee4
W/dboxed_process2(25085): type=1400 audit(0.0:187): avc: denied { search } for name="tmp" dev="dm-0" ino=49 scontext=u:r:isolated_app:s0 tcontext=u:object_r:shell_data_file:s0 tclass=dir permissive=0
W/libprocessgroup(  454): failed to open /acct/uid_10035/pid_24948/cgroup.procs: No such file or directory
I/ActivityManager(  454): Process com.android.chrome:sandboxed_process1 (pid 24948) has died
W/ActivityManager(  454): Scheduling restart of crashed service com.android.chrome/org.chromium.content.app.SandboxedProcessService1 in 10894ms
I/MediaFocusControl(  454):  AudioFocus  abandonAudioFocus() from android.media.AudioManager@78c979borg.chromium.content.browser.AudioFocusDelegate@2b983f4d
W/Wifi    ( 3637): Failed to read packet and byte counts from wifi interface
I/cr_ChildProcessService(25085): Creating new ChildProcessService pid=25085
D/ConnectivityService(  454): releasing NetworkRequest NetworkRequest [ id=175, legacyType=-1, [ Capabilities: INTERNET&NOT_RESTRICTED&TRUSTED] ]
D/ConnectivityManager.CallbackHandler(24741): CM callback handler got msg 524296
W/cr_ChildProcessConn(24741): onServiceDisconnected (crash or killed by oom): pid=25043
I/cr_ChildProcessService(25085): Destroying ChildProcessService pid=25085
W/cr_ChildProcessConn(24741): The connection is not bound for 25043
I/art     (25085): System.exit called, status: 0
I/AndroidRuntime(25085): VM exiting with result code 0, cleanup skipped.
W/libprocessgroup(  454): failed to open /acct/uid_10035/pid_25085/cgroup.procs: No such file or directory
I/ActivityManager(  454): Process com.android.chrome:sandboxed_process2 (pid 25085) has died
I/cr_BindingManager(24741): onTrimMemory: level=80, size=2
W/InputMethodManagerService(  454): Starting input on non-focused client com.android.internal.view.IInputMethodClient$Stub$Proxy@17a883c (uid=10035 pid=24741)
W/cr_ChildProcessConn(24741): onServiceDisconnected (crash or killed by oom): pid=24766
W/cr_Autocomplete(24741): stopping autocomplete.
W/cr_ChildProcessConn(24741): onServiceDisconnected (crash or killed by oom): pid=24948
I/Icing   (  977): IndexChimeraService.getServiceInterface callingPackage=com.android.chrome componentName=null serviceId=36
I/vgn     (  992): 19-GetFileDescriptorAndDelete -- metadata{ service_id: 0 }
I/Icing   (  977): Usage reports ok 0, Failed Usage reports 0, indexed 0, rejected 0, imm upload false
I/Icing   (  977): IndexChimeraService.getServiceInterface callingPackage=com.google.android.inputmethod.latin componentName=null serviceId=66
I/vgn     (  992): 19-GetFileDescriptorAndDelete -- metadata{ service_id: 0 }
I/Icing   (  977): Usage reports ok 0, Failed Usage reports 0, indexed 0, rejected 0, imm upload false
W/ResourceType(  613): No package identifier when getting value for resource number 0x00000000
W/PackageManager(  613): Failure retrieving resources for com.android.chrome: Resource ID #0x0
W/Wifi    ( 3637): Failed to read packet and byte counts from wifi interface
I/Icing   (  977): Indexing 94FBE96EEF13B8AC56FE8C01687FD8A6012559AC from com.android.chrome
I/ActivityManager(  454): Killing 24805:com.android.chrome:privileged_process0/u0a35 (adj 9): remove task
W/cr_ContextualSearch(24741): Warning, the UNDEFINED state was aborted.
W/cr_ChildProcessConn(24741): onServiceDisconnected (crash or killed by oom): pid=24805
I/ActivityManager(  454): Killing 24741:com.android.chrome/u0a35 (adj 11): remove task
D/ConnectivityService(  454): ConnectivityService NetworkRequestInfo binderDied(NetworkRequest [ id=173, legacyType=-1, [ Capabilities: INTERNET&NOT_RESTRICTED&TRUSTED] ], android.os.BinderProxy@100e0379)
D/ConnectivityService(  454): releasing NetworkRequest NetworkRequest [ id=173, legacyType=-1, [ Capabilities: INTERNET&NOT_RESTRICTED&TRUSTED] ]
E/ConnectivityService(  454): RemoteException caught trying to send a callback msg for NetworkRequest [ id=173, legacyType=-1, [ Capabilities: INTERNET&NOT_RESTRICTED&TRUSTED] ]
W/ActivityManager(  454): Scheduling restart of crashed service com.android.chrome/org.chromium.content.app.PrivilegedProcessService0 in 1000ms
E/lowmemorykiller(  151): Error opening /proc/24741/oom_score_adj; errno=2
I/ActivityThread(  977): Removing dead content provider:android.content.ContentProviderProxy@3ae73241
I/ActivityManager(  454): START u0 {act=android.intent.action.MAIN cat=[android.intent.category.LAUNCHER] flg=0x10300000 cmp=com.quicinc.trepn/.userinterface.main.TrepnActivity} from uid 2000 on display 0
D/audio_hw_primary(  208): out_set_parameters: enter: usecase(0: playback) kvpairs: routing=2 out->devices(2) adev->mode(0)
V/WindowManager(  454): addAppToken: AppWindowToken{3d8e786c token=Token{3c444d1f ActivityRecord{39c88be u0 com.quicinc.trepn/.userinterface.main.TrepnActivity t4969}}} to stack=1 task=4969 at 0
I/OpenGLRenderer(  903): Initialized EGL, version 1.4
E/Icing   (  977): Cursor call threw an exception: null
E/Icing   (  977): Indexing content provider failed; will retry 3 times
I/Icing   (  977): Indexing done 94FBE96EEF13B8AC56FE8C01687FD8A6012559AC
E/Icing   (  977): Aborting indexing of corpus omnibox
V/RenderScript(  903): Application requested CPU execution
V/RenderScript(  903): 0x55895054a0 Launching thread(s), CPUs 2
I/Icing   (  977): Retrying indexing in 300000ms
D/TaskPersister(  454): removeObsoleteFile: deleting file=4971_task.xml
D/TaskPersister(  454): removeObsoleteFile: deleting file=4971_task_thumbnail.png
W/Wifi    ( 3637): Failed to read packet and byte counts from wifi interface
W/TabTreeCopier(  903): Card found with UNKNOWN_TAB, Entry Type 155
W/AppFlowTracker(  903): Dropping App flow event "88" logged from process "com.google.android.googlequicksearchbox"
W/OpenGLRenderer(  903): Incorrectly called buildLayer on View: ShortcutAndWidgetContainer, destroying layer...
D/audio_hw_primary(  208): out_set_parameters: enter: usecase(0: playback) kvpairs: routing=2 out->devices(2) adev->mode(0)
I/ActivityManager(  454): START u0 {act=android.intent.action.MAIN cat=[android.intent.category.LAUNCHER] flg=0x10200000 cmp=com.android.chrome/com.google.android.apps.chrome.Main bnds=[464,1773][678,1941] (has extras)} from uid 10024 on display 0
V/WindowManager(  454): addAppToken: AppWindowToken{60a1170 token=Token{166257b3 ActivityRecord{22209122 u0 com.android.chrome/com.google.android.apps.chrome.Main t4973}}} to stack=1 task=4973 at 0
I/ActivityManager(  454): Start proc 25116:com.android.chrome/u0a35 for activity com.android.chrome/com.google.android.apps.chrome.Main
W/Wifi    ( 3637): Failed to read packet and byte counts from wifi interface
W/DynamiteModule(25116): Local module descriptor class for com.google.android.gms.googlecertificates not found.
I/DynamiteModule(25116): Considering local module com.google.android.gms.googlecertificates:0 and remote module com.google.android.gms.googlecertificates:4
I/DynamiteModule(25116): Selected remote version of com.google.android.gms.googlecertificates, version >= 4
D/WifiService(  454): acquireWifiLockLocked: WifiLock{NlpWifiLock type=2 binder=android.os.BinderProxy@1039bce9}
E/WifiStateMachine(  454): WifiStateMachine CMD_START_SCAN source 10008 txSuccessRate=87.81 rxSuccessRate=70.58 targetRoamBSSID=any RSSI=-54
I/vgn     (  992): 35-GetDeviceDataUploadOptInStatusOperation -- metadata{ service_id: 0 }
W/ResourcesManager(25116): Asset path '/system/framework/com.android.media.remotedisplay.jar' does not exist or contains no resources.
W/ResourcesManager(25116): Asset path '/system/framework/com.android.location.provider.jar' does not exist or contains no resources.
I/vgn     (  992): 35-GetDeviceDataUploadOptInStatusOperation -- metadata{ service_id: 0 }
I/cr_InstantAppsHandler(25116): Not handling with Instant Apps (other)
I/ActivityManager(  454): START u0 {act=android.intent.action.MAIN cat=[android.intent.category.LAUNCHER] flg=0x14002000 cmp=com.android.chrome/org.chromium.chrome.browser.ChromeTabbedActivity bnds=[464,1773][678,1941] (has extras)} from uid 10035 on display 0
V/WindowManager(  454): addAppToken: AppWindowToken{2ee6f2f6 token=Token{6635391 ActivityRecord{2126b9b8 u0 com.android.chrome/org.chromium.chrome.browser.ChromeTabbedActivity t4974}}} to stack=1 task=4974 at 0
V/WindowManager(  454): Based on layer: Adding window Window{78d6def u0 Starting com.android.chrome} at 3 of 18
W/ctxmgr  (  992): [AclManager]No 2 for (accnt=account#-517948760#, com.google.android.gms(10008):IndoorOutdoorProducer, vrsn=12685000, 0, 3pPkg = null ,  3pMdlId = null ,  pid = 992). Was: 3 for 57, account#-517948760#
I/InputDispatcher(  454): Dropping event because there is no touchable window at (549, 1828).
I/GeofencerStateMachine(  992): sendNewTransitions called.
W/cr_tabmodel(25116): Starting to fetch tab list.
I/cr_LibraryLoader(25116): Using linker: org.chromium.base.library_loader.LegacyLinker
W/cr_tabmodel(25116): Finished fetching tab list.
D/WifiService(  454): releaseWifiLockLocked: WifiLock{NlpWifiLock type=2 binder=android.os.BinderProxy@1039bce9}
W/ctxmgr  (  992): [AclManager]No 2 for (accnt=account#1644684176#, com.google.android.gms(10008):UserLocationProducer, vrsn=12685000, 0, 3pPkg = null ,  3pMdlId = null ,  pid = 992). Was: 2 for 1, account#1644684176#
W/linker  (25116): libchromium_android_linker.so: unused DT entry: type 0x6ffffffe arg 0xce8
W/linker  (25116): libchromium_android_linker.so: unused DT entry: type 0x6fffffff arg 0x3
D/OpenGLRenderer(25116): Use EGL_SWAP_BEHAVIOR_PRESERVED: true
V/WindowManager(  454): Adding window Window{dbbc7f5 u0 com.android.chrome/org.chromium.chrome.browser.ChromeTabbedActivity} at 3 of 19 (before Window{78d6def u0 Starting com.android.chrome})
D/libgps  (  454): proxy_gps_inject_location: called.
W/ctxmgr  (  992): [AclManager]No 2 for (accnt=account#1813920180#, com.google.android.gms(10008):UserLocationProducer, vrsn=12685000, 0, 3pPkg = null ,  3pMdlId = null ,  pid = 992). Was: 2 for 1, account#1813920180#
W/cr_ChildProcLH(25116): Create a new ChildConnectionAllocator with package name = com.android.chrome, sandboxed = true
W/art     (25116): Suspending all threads took: 9.071ms
I/cr_LibraryLoader(25116): Loading chrome from within /data/app/com.android.chrome-2/base.apk
I/OpenGLRenderer(25116): Initialized EGL, version 1.4
I/art     (25116): Background sticky concurrent mark sweep GC freed 13131(1226KB) AllocSpace objects, 4(68KB) LOS objects, 10% free, 10MB/11MB, paused 10.611ms total 85.313ms
I/ActivityManager(  454): Start proc 25145:com.android.chrome:sandboxed_process0/u0i176 for service com.android.chrome/org.chromium.content.app.SandboxedProcessService0
W/Wifi    ( 3637): Failed to read packet and byte counts from wifi interface
W/dboxed_process0(25145): type=1400 audit(0.0:188): avc: denied { search } for name="tmp" dev="dm-0" ino=49 scontext=u:r:isolated_app:s0 tcontext=u:object_r:shell_data_file:s0 tclass=dir permissive=0
I/cr_ChildProcessService(25145): Creating new ChildProcessService pid=25145
D/OpenGLRenderer(25116): Enabling debug mode 0
V/WindowManager(  454): Adding window Window{1f0200ad u0 SurfaceView} at 3 of 20 (before Window{dbbc7f5 u0 com.android.chrome/org.chromium.chrome.browser.ChromeTabbedActivity})
I/cr_LibraryLoader(25116): Time to load native libraries: 347 ms (timestamps 8567-8914)
I/chromium(25116): [INFO:library_loader_hooks.cc(136)] Chromium logging enabled: level = 0, default verbosity = 0
I/cr_LibraryLoader(25116): Expected native library version number "61.0.3163.98", actual native library version number "61.0.3163.98"
I/ActivityManager(  454): Displayed com.android.chrome/org.chromium.chrome.browser.ChromeTabbedActivity: +678ms (total +34s785ms)
I/cr_BrowserStartup(25116): Initializing chromium process, singleProcess=false
I/ActivityManager(  454): Start proc 25184:com.android.chrome:privileged_process0/u0a35 for service com.android.chrome/org.chromium.content.app.PrivilegedProcessService0
D/ConnectivityService(  454): listenForNetwork for NetworkRequest [ id=176, legacyType=-1, [ Capabilities: INTERNET&NOT_RESTRICTED&TRUSTED] ]
D/ConnectivityService(  454): handleRegisterNetworkRequest checking NetworkAgentInfo [WIFI () - 101]
D/ConnectivityService(  454): apparently satisfied.  currentScore=60
D/ConnectivityManager.CallbackHandler(25116): CM callback handler got msg 524290
D/ConnectivityService(  454): listenForNetwork for NetworkRequest [ id=177, legacyType=-1, [ Capabilities: INTERNET&NOT_RESTRICTED&TRUSTED] ]
D/ConnectivityService(  454): handleRegisterNetworkRequest checking NetworkAgentInfo [WIFI () - 101]
D/ConnectivityService(  454): apparently satisfied.  currentScore=60
D/ConnectivityManager.CallbackHandler(25116): CM callback handler got msg 524290
W/cr_KnoxSettingsProvider(25116): Permission to read device policy denied.
I/art     (25116): Background partial concurrent mark sweep GC freed 4473(325KB) AllocSpace objects, 2(570KB) LOS objects, 39% free, 10MB/18MB, paused 8.862ms total 86.243ms
I/orc     (  977): 28-GetActiveNetworkQuality -- metadata{ service_id: 0 }
I/cr_ChildProcessService(25184): Creating new ChildProcessService pid=25184
I/cr_LibraryLoader(25184): Using linker: org.chromium.base.library_loader.LegacyLinker
W/linker  (25184): libchromium_android_linker.so: unused DT entry: type 0x6ffffffe arg 0xce8
W/linker  (25184): libchromium_android_linker.so: unused DT entry: type 0x6fffffff arg 0x3
I/cr_LibraryLoader(25184): Loading chrome from within /data/app/com.android.chrome-2/base.apk
I/art     (25116): Rejecting re-init on previously-failed class java.lang.Class<org.chromium.content.browser.FloatingActionModeCallback>
I/art     (25116): Rejecting re-init on previously-failed class java.lang.Class<org.chromium.content.browser.FloatingActionModeCallback>
I/cr_LibraryLoader(25184): Time to load native libraries: 67 ms (timestamps 9509-9576)
I/chromium(25184): [INFO:library_loader_hooks.cc(136)] Chromium logging enabled: level = 0, default verbosity = 0
I/cr_LibraryLoader(25184): Expected native library version number "61.0.3163.98", actual native library version number "61.0.3163.98"
E/libEGL  (25184): validate_display:255 error 3008 (EGL_BAD_DISPLAY)
I/Finsky  (24299): [1] com.google.android.finsky.cc.a.onTrimMemory(7): Memory trim requested to level 80
W/cr_media(25116): Requires BLUETOOTH permission
I/cr_LibraryLoader(25145): Using linker: org.chromium.base.library_loader.LegacyLinker
W/linker  (25145): libchromium_android_linker.so: unused DT entry: type 0x6ffffffe arg 0xce8
W/linker  (25145): libchromium_android_linker.so: unused DT entry: type 0x6fffffff arg 0x3
I/cr_LibraryLoader(25145): Loading chrome from within /data/app/com.android.chrome-2/base.apk
W/Wifi    ( 3637): Failed to read packet and byte counts from wifi interface
I/cr_LibraryLoader(25145): Time to load native libraries: 147 ms (timestamps 9712-9859)
I/chromium(25145): [INFO:library_loader_hooks.cc(136)] Chromium logging enabled: level = 0, default verbosity = 0
I/cr_LibraryLoader(25145): Expected native library version number "61.0.3163.98", actual native library version number "61.0.3163.98"
W/VideoCapabilities(25184): Unsupported mime video/mpeg2
W/AudioCapabilities(25184): Unsupported mime audio/mpeg-L2
W/VideoCapabilities(25184): Unrecognized level 0 for video/x-vnd.on2.vp8
I/VideoCapabilities(25184): Unsupported profile 4 for video/mp4v-es
W/cr_MediaCodecUtil(25184): HW encoder for video/avc is not available on this device.
I/art     ( 3637): Background sticky concurrent mark sweep GC freed 87536(3MB) AllocSpace objects, 0(0B) LOS objects, 24% free, 11MB/14MB, paused 10.310ms total 136.715ms
D/BluetoothAdapter(24515): 231899235: getState() :  mService = null. Returning STATE_OFF
D/BluetoothAdapter(24515): 231899235: getState() :  mService = null. Returning STATE_OFF
I/VoiceSearchSettings(24515): Hotword upgrade key is null!
I/VISHotwordAdapter(24515): #initialize, locale=en-US, keyPhrase=Ok Google
I/GsaVoiceInteractionSrv(  796): initializeAlwaysOnHotwordDetector locale en-US hotwordPhrase Ok Google
W/Herrevad(  977): [611] wux.b: Invalid mccmnc 
I/ActivityManager(  454): Start proc 25221:com.android.chrome:sandboxed_process1/u0i177 for service com.android.chrome/org.chromium.content.app.SandboxedProcessService1
I/orc     (  992): 51-GetExperimentTokensOperationCall -- metadata{ service_id: 0 }
E/aght    (  992): Phenotype API error. Event a <
E/aght    (  992):   a: "LOCAL.com.google.android.agsa.QSB"
E/aght    (  992):   b: 0
E/aght    (  992):   e: ""
E/aght    (  992):   f: ""
E/aght    (  992):   g: 0
E/aght    (  992):   h: 0
E/aght    (  992):   i: ""
E/aght    (  992):   j: 0
E/aght    (  992): >
E/aght    (  992): e: # bjzl@f5130810
E/aght    (  992): , EventCode: 7 -- metadata{ service_id: 51 }
E/aght    (  992): aggm: 29505: No config packages for log source, or config package not registered
E/aght    (  992): 	at agif.b(:com.google.android.gms@12685011@12.6.85 (020406-197041431):4)
E/aght    (  992): 	at aght.a(:com.google.android.gms@12685011@12.6.85 (020406-197041431):40)
E/aght    (  992): 	at aght.a(:com.google.android.gms@12685011@12.6.85 (020406-197041431):108)
E/aght    (  992): 	at ord.run(:com.google.android.gms@12685011@12.6.85 (020406-197041431):40)
E/aght    (  992): 	at azvp.run(:com.google.android.gms@12685011@12.6.85 (020406-197041431):2)
E/aght    (  992): 	at ovl.run(:com.google.android.gms@12685011@12.6.85 (020406-197041431):27)
E/aght    (  992): 	at java.util.concurrent.ThreadPoolExecutor.runWorker(ThreadPoolExecutor.java:1112)
E/aght    (  992): 	at java.util.concurrent.ThreadPoolExecutor$Worker.run(ThreadPoolExecutor.java:587)
E/aght    (  992): 	at pbm.run(:com.google.android.gms@12685011@12.6.85 (020406-197041431))
E/aght    (  992): 	at java.lang.Thread.run(Thread.java:818)
E/AsyncOperation(  992): serviceID=51, operation=GetExperimentTokensOperationCall
E/AsyncOperation(  992): OperationException[Status{statusCode=No config packages for log source, or config package not registered, resolution=null}]
E/AsyncOperation(  992): 	at aght.a(:com.google.android.gms@12685011@12.6.85 (020406-197041431):53)
E/AsyncOperation(  992): 	at aght.a(:com.google.android.gms@12685011@12.6.85 (020406-197041431):108)
E/AsyncOperation(  992): 	at ord.run(:com.google.android.gms@12685011@12.6.85 (020406-197041431):40)
E/AsyncOperation(  992): 	at azvp.run(:com.google.android.gms@12685011@12.6.85 (020406-197041431):2)
E/AsyncOperation(  992): 	at ovl.run(:com.google.android.gms@12685011@12.6.85 (020406-197041431):27)
E/AsyncOperation(  992): 	at java.util.concurrent.ThreadPoolExecutor.runWorker(ThreadPoolExecutor.java:1112)
E/AsyncOperation(  992): 	at java.util.concurrent.ThreadPoolExecutor$Worker.run(ThreadPoolExecutor.java:587)
E/AsyncOperation(  992): 	at pbm.run(:com.google.android.gms@12685011@12.6.85 (020406-197041431))
E/AsyncOperation(  992): 	at java.lang.Thread.run(Thread.java:818)
I/MemoryTrimmer(  903): Trimming objects from memory, since app is in the background.
W/dboxed_process1(25221): type=1400 audit(0.0:189): avc: denied { search } for name="tmp" dev="dm-0" ino=49 scontext=u:r:isolated_app:s0 tcontext=u:object_r:shell_data_file:s0 tclass=dir permissive=0
I/cr_BindingManager(25116): Moderate binding enabled: maxSize=20
I/cr_ChildProcessService(25221): Creating new ChildProcessService pid=25221
W/Herrevad(  977): [611] wux.b: Invalid mccmnc 
W/View    (25116): requestLayout() improperly called by android.view.SurfaceView{1684c4fc V.ED.... ......ID 0,0-1536,1902} during layout: running second layout pass
W/View    (25116): requestLayout() improperly called by android.widget.LinearLayout{2174d785 V.E..... ......ID 0,1806-1536,1902 #7f100358 app:id/snackbar} during layout: running second layout pass
I/cr_LibraryLoader(25221): Using linker: org.chromium.base.library_loader.LegacyLinker
W/linker  (25221): libchromium_android_linker.so: unused DT entry: type 0x6ffffffe arg 0xce8
W/linker  (25221): libchromium_android_linker.so: unused DT entry: type 0x6fffffff arg 0x3
I/cr_LibraryLoader(25221): Loading chrome from within /data/app/com.android.chrome-2/base.apk
W/Wifi    ( 3637): Failed to read packet and byte counts from wifi interface
I/cr_LibraryLoader(25221): Time to load native libraries: 75 ms (timestamps 668-743)
I/chromium(25221): [INFO:library_loader_hooks.cc(136)] Chromium logging enabled: level = 0, default verbosity = 0
I/cr_LibraryLoader(25221): Expected native library version number "61.0.3163.98", actual native library version number "61.0.3163.98"
I/art     (  454): Explicit concurrent mark sweep GC freed 26907(1307KB) AllocSpace objects, 3(60KB) LOS objects, 32% free, 32MB/48MB, paused 2.120ms total 275.315ms
D/BluetoothAdapter(  992): 144537376: getState() :  mService = null. Returning STATE_OFF
I/BeaconBle(  992): Using BLE 'L' hardware layer
W/Nearby  (  992): Bind call too late - someone already tried to get: interface bghz -- metadata{ service_id: 0 }
E/PartnerBookmarksReader(25116): ATTENTION: not using partner bookmarks as none were provided
D/audio_hw_primary(  208): out_set_parameters: enter: usecase(0: playback) kvpairs: routing=2 out->devices(2) adev->mode(0)
W/ResourceType(  613): No package identifier when getting value for resource number 0x00000000
W/PackageManager(  613): Failure retrieving resources for com.android.chrome: Resource ID #0x0
I/ActivityManager(  454): START u0 {act=com.android.systemui.recents.SHOW_RECENTS flg=0x10804000 cmp=com.android.systemui/.recents.RecentsActivity} from uid 10022 on display 0
W/libprocessgroup(  454): failed to open /acct/uid_10035/pid_25145/cgroup.procs: No such file or directory
I/ActivityManager(  454): Process com.android.chrome:sandboxed_process0 (pid 25145) has died
W/ActivityManager(  454): Scheduling restart of crashed service com.android.chrome/org.chromium.content.app.SandboxedProcessService0 in 1000ms
W/Wifi    ( 3637): Failed to read packet and byte counts from wifi interface
I/MediaFocusControl(  454):  AudioFocus  abandonAudioFocus() from android.media.AudioManager@2d10a383org.chromium.content.browser.AudioFocusDelegate@3c39b900
D/ConnectivityService(  454): releasing NetworkRequest NetworkRequest [ id=177, legacyType=-1, [ Capabilities: INTERNET&NOT_RESTRICTED&TRUSTED] ]
D/ConnectivityManager.CallbackHandler(25116): CM callback handler got msg 524296
I/ActivityManager(  454): Start proc 25251:com.android.chrome:sandboxed_process0/u0i178 for service com.android.chrome/org.chromium.content.app.SandboxedProcessService0
I/cr_BindingManager(25116): onTrimMemory: level=80, size=0
W/cr_ChildProcessConn(25116): onServiceDisconnected (crash or killed by oom): pid=25145
W/InputMethodManagerService(  454): Starting input on non-focused client com.android.internal.view.IInputMethodClient$Stub$Proxy@266cad62 (uid=10035 pid=25116)
W/cr_Autocomplete(25116): stopping autocomplete.
W/dboxed_process0(25251): type=1400 audit(0.0:190): avc: denied { search } for name="tmp" dev="dm-0" ino=49 scontext=u:r:isolated_app:s0 tcontext=u:object_r:shell_data_file:s0 tclass=dir permissive=0
I/cr_ChildProcessService(25251): Creating new ChildProcessService pid=25251
I/cr_ChildProcessService(25251): Destroying ChildProcessService pid=25251
I/art     (25251): System.exit called, status: 0
I/AndroidRuntime(25251): VM exiting with result code 0, cleanup skipped.
W/libprocessgroup(  454): failed to open /acct/uid_10035/pid_25251/cgroup.procs: No such file or directory
I/ActivityManager(  454): Process com.android.chrome:sandboxed_process0 (pid 25251) has died
I/MemoryTrimmer(  903): Trimming objects from memory, since app is in the background.
I/Finsky  (24299): [1] com.google.android.finsky.cc.a.onTrimMemory(7): Memory trim requested to level 60
W/ResourceType(  613): No package identifier when getting value for resource number 0x00000000
W/PackageManager(  613): Failure retrieving resources for com.android.chrome: Resource ID #0x0
I/ActivityManager(  454): Killing 25184:com.android.chrome:privileged_process0/u0a35 (adj 11): remove task
W/cr_ContextualSearch(25116): Warning, the UNDEFINED state was aborted.
W/Wifi    ( 3637): Failed to read packet and byte counts from wifi interface
W/cr_ChildProcessConn(25116): onServiceDisconnected (crash or killed by oom): pid=25184
I/ActivityManager(  454): Killing 25116:com.android.chrome/u0a35 (adj 15): remove task
E/WifiStateMachine(  454): WifiStateMachine CMD_START_SCAN source -2 txSuccessRate=21.55 rxSuccessRate=17.97 targetRoamBSSID=any RSSI=-49
E/WifiStateMachine(  454): WifiStateMachine starting scan for "YOU SHALL NOT PASS"WPA_PSK with 2437
D/ConnectivityService(  454): ConnectivityService NetworkRequestInfo binderDied(NetworkRequest [ id=176, legacyType=-1, [ Capabilities: INTERNET&NOT_RESTRICTED&TRUSTED] ], android.os.BinderProxy@a08b629)
D/ConnectivityService(  454): releasing NetworkRequest NetworkRequest [ id=176, legacyType=-1, [ Capabilities: INTERNET&NOT_RESTRICTED&TRUSTED] ]
E/ConnectivityService(  454): RemoteException caught trying to send a callback msg for NetworkRequest [ id=176, legacyType=-1, [ Capabilities: INTERNET&NOT_RESTRICTED&TRUSTED] ]
I/ActivityManager(  454): Killing 25221:com.android.chrome:sandboxed_process1/u0a35i177 (adj 9): remove task
W/libprocessgroup(  454): failed to open /acct/uid_10035/pid_25221/cgroup.procs: No such file or directory
W/ActivityManager(  454): Scheduling restart of crashed service com.android.chrome/org.chromium.content.app.PrivilegedProcessService0 in 1000ms
E/lowmemorykiller(  151): Error opening /proc/25221/oom_score_adj; errno=2
W/ActivityManager(  454): Exception when unbinding service com.android.chrome/org.chromium.content.app.SandboxedProcessService1
W/ActivityManager(  454): android.os.DeadObjectException
W/ActivityManager(  454): 	at android.os.BinderProxy.transactNative(Native Method)
W/ActivityManager(  454): 	at android.os.BinderProxy.transact(Binder.java:496)
W/ActivityManager(  454): 	at android.app.ApplicationThreadProxy.scheduleUnbindService(ApplicationThreadNative.java:921)
W/ActivityManager(  454): 	at com.android.server.am.ActiveServices.removeConnectionLocked(ActiveServices.java:1795)
W/ActivityManager(  454): 	at com.android.server.am.ActiveServices.killServicesLocked(ActiveServices.java:2193)
W/ActivityManager(  454): 	at com.android.server.am.ActivityManagerService.cleanUpApplicationRecordLocked(ActivityManagerService.java:14895)
W/ActivityManager(  454): 	at com.android.server.am.ActivityManagerService.handleAppDiedLocked(ActivityManagerService.java:4552)
W/ActivityManager(  454): 	at com.android.server.am.ActivityManagerService.appDiedLocked(ActivityManagerService.java:4717)
W/ActivityManager(  454): 	at com.android.server.am.ActivityManagerService$AppDeathRecipient.binderDied(ActivityManagerService.java:1229)
W/ActivityManager(  454): 	at android.os.BinderProxy.sendDeathNotice(Binder.java:551)
D/TaskPersister(  454): removeObsoleteFile: deleting file=4974_task.xml
D/TaskPersister(  454): removeObsoleteFile: deleting file=4974_task_thumbnail.png
D/TaskPersister(  454): removeObsoleteFile: deleting file=4969_task.xml
I/ActivityManager(  454): START u0 {act=android.intent.action.MAIN cat=[android.intent.category.HOME] flg=0x10200000 cmp=com.google.android.googlequicksearchbox/com.google.android.launcher.GEL} from uid 10022 on display 0
E/LegacyNowServiceClient(  903): skipping logEndstates, service is null
I/Finsky  (24299): [1] com.google.android.finsky.cc.a.onTrimMemory(7): Memory trim requested to level 80
I/OpenGLRenderer(  903): Initialized EGL, version 1.4
V/RenderScript(  903): Application requested CPU execution
V/RenderScript(  903): 0x55895054a0 Launching thread(s), CPUs 2
W/SessionLifecycleManager(24515): Handover failed. Creating new session controller.
I/OptInState(24515): There is a new client and it does not support opt-in. Dropping request.
W/LocationOracle(24515): No location history returned by ContextManager
I/MicroDetectionWorker(24515): #updateMicroDetector [detectionMode: [mDetectionMode: [1]]]
I/MicroDetectionWorker(24515): #startMicroDetector [speakerMode: 0]
D/BluetoothAdapter(24515): 231899235: getState() :  mService = null. Returning STATE_OFF
D/BluetoothAdapter(24515): 231899235: getState() :  mService = null. Returning STATE_OFF
I/VoiceSearchSettings(24515): Hotword upgrade key is null!
I/MicroDetectionWorker(24515): onReady
D/BluetoothAdapter(24515): 231899235: getState() :  mService = null. Returning STATE_OFF
I/VoiceSearchSettings(24515): Hotword upgrade key is null!
D/BluetoothAdapter(24515): 231899235: getState() :  mService = null. Returning STATE_OFF
I/MicroRecognitionRunner(24515): Starting detection.
I/MicrophoneInputStream(24515): mic_starting com.google.android.apps.gsa.speech.audio.af@6503017
I/AudioFlinger(  208): AudioFlinger's thread 0xab7bd7e0 ready to run
I/SoundTriggerHwService::Module(  208): void android::SoundTriggerHwService::Module::onCallbackEvent(const android::sp<android::SoundTriggerHwService::CallbackEvent>&) mClient == 0
I/MicrophoneInputStream(24515): mic_started com.google.android.apps.gsa.speech.audio.af@6503017
W/ctxmgr  (  992): [AclManager]No 3 for (accnt=account#-517948760#, com.google.android.gms(10008):UserVelocityProducer, vrsn=12685011, 0, 3pPkg = null ,  3pMdlId = null ,  pid = 992). Was: 3 for 1, account#-517948760#
E/SQLiteLog(  992): (2067) abort at 35 in [INSERT INTO context(context_name,end_time,context_family,module_id,version,sync_state_mod_time_millis,start_time,sync_state,context_id,time_type,proto_blob) VALUES (?,?,?,?,?,?,?,?,?,?,?)]: UNI
E/SQLiteLog(  992): (2067) abort at 35 in [INSERT INTO context(context_name,end_time,context_family,module_id,version,sync_state_mod_time_millis,start_time,sync_state,context_id,time_type,proto_blob) VALUES (?,?,?,?,?,?,?,?,?,?,?)]: UNI
E/SQLiteLog(  992): (2067) abort at 35 in [INSERT INTO context(context_name,end_time,context_family,module_id,version,sync_state_mod_time_millis,start_time,sync_state,context_id,time_type,proto_blob) VALUES (?,?,?,?,?,?,?,?,?,?,?)]: UNI
I/vgn     (  992): 67-RequestPlaceUpdates -- metadata{ service_id: 0 }
I/GeofencerStateMachine(  992): removeGeofences: removeRequest=RemoveGeofencingRequest[REMOVE_BY_PENDING_INTENT pendingIntent=PendingIntent[creatorPackage=com.google.android.gms], packageName=null]
I/GeofencerStateMachine(  992): removeGeofences: removeRequest=RemoveGeofencingRequest[REMOVE_BY_PENDING_INTENT pendingIntent=PendingIntent[creatorPackage=com.google.android.gms], packageName=null]
I/PlaceInferenceEngine(  992): [anon] Changed inference mode: 0
E/tegra_memtrack_hal(  454): failed to read header for pid 454: Operation not permitted
E/tegra_memtrack_hal(  454): failed to read header for pid 454: Operation not permitted
E/tegra_memtrack_hal(  454): failed to read header for pid 454: Operation not permitted
E/tegra_memtrack_hal(  454): failed to read header for pid 454: Operation not permitted
E/tegra_memtrack_hal(  454): failed to read header for pid 454: Operation not permitted
I/MicroDetectionWorker(24515): onReady
W/Wifi    ( 3637): Failed to read packet and byte counts from wifi interface
I/vgn     (  992): 67-RequestPlaceUpdates -- metadata{ service_id: 0 }
I/Places  (  992): ?: PlacesBleScanner start() with priority 2
I/PlaceInferenceEngine(  992): [anon] Changed inference mode: 1
I/Places  (  992): Converted 9 out of 14 WiFi scans
I/BeaconBle(  992): Client requested scan, settings=BleSettings [scanMode=ZERO_POWER, callbackType=ALL_MATCHES, reportDelayMillis=0, 1 filters, 0 clients, callingClientName=Places]
E/BeaconBle(  992): Scan couldn't start for Places
W/Places  (  992): BLE failure while scanning - code 5
I/PlaceInferenceEngine(  992): [anon] Changed inference mode: 1
W/OpenGLRenderer(  903): Incorrectly called buildLayer on View: ShortcutAndWidgetContainer, destroying layer...
I/PlaceInferenceEngine(  992): No beacon scan available - ignoring candidates.
W/Wifi    ( 3637): Failed to read packet and byte counts from wifi interface
W/ctxmgr  (  992): [AclManager]No 2 for (accnt=account#-517948760#, com.google.android.gms(10008):PlacesProducer, vrsn=12685000, 0, 3pPkg = null ,  3pMdlId = null ,  pid = 992). Was: 3 for 18, account#-517948760#
W/Wifi    ( 3637): Failed to read packet and byte counts from wifi interface
W/Wifi    ( 3637): Failed to read packet and byte counts from wifi interface
W/Wifi    ( 3637): Failed to read packet and byte counts from wifi interface
W/Wifi    ( 3637): Failed to read packet and byte counts from wifi interface
W/Wifi    ( 3637): Failed to read packet and byte counts from wifi interface
W/Wifi    ( 3637): Failed to read packet and byte counts from wifi interface
W/Wifi    ( 3637): Failed to read packet and byte counts from wifi interface
W/Wifi    ( 3637): Failed to read packet and byte counts from wifi interface
W/Wifi    ( 3637): Failed to read packet and byte counts from wifi interface
W/Wifi    ( 3637): Failed to read packet and byte counts from wifi interface
W/Wifi    ( 3637): Failed to read packet and byte counts from wifi interface
W/Wifi    ( 3637): Failed to read packet and byte counts from wifi interface
W/Wifi    ( 3637): Failed to read packet and byte counts from wifi interface
W/Wifi    ( 3637): Failed to read packet and byte counts from wifi interface
W/Wifi    ( 3637): Failed to read packet and byte counts from wifi interface
W/Wifi    ( 3637): Failed to read packet and byte counts from wifi interface
W/Wifi    ( 3637): Failed to read packet and byte counts from wifi interface
W/Wifi    ( 3637): Failed to read packet and byte counts from wifi interface
E/WifiStateMachine(  454): WifiStateMachine CMD_START_SCAN source -2 txSuccessRate=0.09 rxSuccessRate=0.34 targetRoamBSSID=any RSSI=-56
E/WifiStateMachine(  454): WifiStateMachine starting scan for "YOU SHALL NOT PASS"WPA_PSK with 2437
D/AndroidRuntime(25345): >>>>>> START com.android.internal.os.RuntimeInit uid 2000 <<<<<<
D/AndroidRuntime(25345): CheckJNI is OFF
W/Wifi    ( 3637): Failed to read packet and byte counts from wifi interface
D/AndroidRuntime(25345): Calling main entry com.android.commands.pm.Pm
I/art     (25345): System.exit called, status: 0
I/AndroidRuntime(25345): VM exiting with result code 0.
D/AndroidRuntime(25364): >>>>>> START com.android.internal.os.RuntimeInit uid 2000 <<<<<<
D/AndroidRuntime(25364): CheckJNI is OFF
D/AndroidRuntime(25364): Calling main entry com.android.commands.pm.Pm
I/art     (25364): System.exit called, status: 0
I/AndroidRuntime(25364): VM exiting with result code 0.
W/Wifi    ( 3637): Failed to read packet and byte counts from wifi interface
D/AndroidRuntime(25403): >>>>>> START com.android.internal.os.RuntimeInit uid 2000 <<<<<<
D/AndroidRuntime(25403): CheckJNI is OFF
D/AndroidRuntime(25403): Calling main entry com.android.commands.monkey.Monkey
W/BroadcastQueue(  454): Skipping deliver [background] BroadcastRecord{3c3d0470 u-1 android.net.conn.CONNECTIVITY_CHANGE} to ReceiverList{1bf533e9 25403 (unknown name)/2000/u-1 remote:3ebf8c22}: process crashing
I/ActivityManager(  454): START u0 {act=android.intent.action.MAIN cat=[android.intent.category.LAUNCHER] flg=0x10200000 cmp=com.quicinc.trepn/.userinterface.main.TrepnActivity} from uid 2000 on display 0
V/WindowManager(  454): addAppToken: AppWindowToken{1645f79c token=Token{381a8b0f ActivityRecord{2c6e486e u0 com.quicinc.trepn/.userinterface.main.TrepnActivity t4975}}} to stack=1 task=4975 at 0
V/WindowManager(  454): Adding window Window{149ecd07 u0 Starting com.quicinc.trepn} at 3 of 18 (after Window{f84c8d0 u0 com.google.android.googlequicksearchbox/com.google.android.launcher.GEL})
I/CwMcuSensor(  454): CwMcuSensor::flush: fd = 251, sensors_id = 0, path = /sys/class/htc_sensorhub/sensor_hub/flush, err = 0
I/art     (25403): System.exit called, status: 0
I/AndroidRuntime(25403): VM exiting with result code 0.
I/ActivityManager(  454): START u0 {cmp=com.quicinc.trepn/.userinterface.advanced.ProfilingActivity} from uid 10091 on display 0
V/WindowManager(  454): addAppToken: AppWindowToken{11b3a91e token=Token{3f45e959 ActivityRecord{3f9269a0 u0 com.quicinc.trepn/.userinterface.advanced.ProfilingActivity t4975}}} to stack=1 task=4975 at 1
V/WindowManager(  454): Based on layer: Adding window Window{149ecd07 u0 Starting com.quicinc.trepn} at 3 of 18
V/WindowManager(  454): Adding window Window{2b447fcc u0 com.quicinc.trepn/com.quicinc.trepn.userinterface.main.TrepnActivity} at 3 of 19 (before Window{149ecd07 u0 Starting com.quicinc.trepn})
V/WindowManager(  454): Adding window Window{181fccb8 u0 com.quicinc.trepn/com.quicinc.trepn.userinterface.advanced.ProfilingActivity} at 4 of 20 (before Window{149ecd07 u0 Starting com.quicinc.trepn})
I/ActivityManager(  454): Displayed com.quicinc.trepn/.userinterface.advanced.ProfilingActivity: +167ms (total +319ms)
W/Wifi    ( 3637): Failed to read packet and byte counts from wifi interface
I/MemoryTrimmer(  903): Trimming objects from memory, since app is in the background.
I/PBSessionCacheImpl(24515): Deleted sessionId[15477175767481] from persistence.
I/MicroDetector(24515): Keeping mic open: false
I/DeviceStateChecker(24515): DeviceStateChecker cancelled
I/AudioController(24515): internalShutdown
I/MicrophoneInputStream(24515): mic_close com.google.android.apps.gsa.speech.audio.af@6503017
I/MicroRecognitionRunner(24515): Stopping hotword detection.
I/SoundTriggerHwService::Module(  208): void android::SoundTriggerHwService::Module::onCallbackEvent(const android::sp<android::SoundTriggerHwService::CallbackEvent>&) mClient == 0
I/MicroRecognitionRunner(24515): Detection finished
W/Wifi    ( 3637): Failed to read packet and byte counts from wifi interface
W/System.err( 2773): android.content.pm.PackageManager$NameNotFoundException
W/System.err( 2773): 	at android.app.ApplicationPackageManager.getPackageInfo(ApplicationPackageManager.java:114)
W/System.err( 2773): 	at com.estrongs.android.pop.app.c.ai.c(Unknown Source)
W/System.err( 2773): 	at com.estrongs.android.pop.app.c.ai.a(Unknown Source)
W/System.err( 2773): 	at com.estrongs.android.pop.app.scene.e.q.a(Unknown Source)
W/System.err( 2773): 	at com.estrongs.android.scanner.c.m.run(Unknown Source)
W/System.err( 2773): 	at java.util.concurrent.ThreadPoolExecutor.runWorker(ThreadPoolExecutor.java:1112)
W/System.err( 2773): 	at java.util.concurrent.ThreadPoolExecutor$Worker.run(ThreadPoolExecutor.java:587)
W/System.err( 2773): 	at java.lang.Thread.run(Thread.java:818)
W/System.err( 2773): android.content.pm.PackageManager$NameNotFoundException
W/System.err( 2773): 	at android.app.ApplicationPackageManager.getPackageInfo(ApplicationPackageManager.java:114)
W/System.err( 2773): 	at com.estrongs.android.pop.app.c.ai.c(Unknown Source)
W/System.err( 2773): 	at com.estrongs.android.pop.app.c.ai.a(Unknown Source)
W/System.err( 2773): 	at com.estrongs.android.pop.app.scene.e.q.a(Unknown Source)
W/System.err( 2773): 	at com.estrongs.android.scanner.c.m.run(Unknown Source)
W/System.err( 2773): 	at java.util.concurrent.ThreadPoolExecutor.runWorker(ThreadPoolExecutor.java:1112)
W/System.err( 2773): 	at java.util.concurrent.ThreadPoolExecutor$Worker.run(ThreadPoolExecutor.java:587)
W/System.err( 2773): 	at java.lang.Thread.run(Thread.java:818)
W/Wifi    ( 3637): Failed to read packet and byte counts from wifi interface
W/Wifi    ( 3637): Failed to read packet and byte counts from wifi interface
W/Wifi    ( 3637): Failed to read packet and byte counts from wifi interface
D/AndroidRuntime(25420): >>>>>> START com.android.internal.os.RuntimeInit uid 2000 <<<<<<
D/AndroidRuntime(25420): CheckJNI is OFF
W/Wifi    ( 3637): Failed to read packet and byte counts from wifi interface
I/vgn     (  992): 67-RequestPlaceUpdates -- metadata{ service_id: 0 }
I/vgn     (  992): 67-RemovePlaceUpdates -- metadata{ service_id: 0 }
I/Places  (  992): ?: PlacesBleScanner stop()
I/BeaconBle(  992): Scan canceled successfully.
I/PlaceInferenceEngine(  992): [anon] Changed inference mode: 0
I/GeofencerStateMachine(  992): removeGeofences: removeRequest=RemoveGeofencingRequest[REMOVE_BY_PENDING_INTENT pendingIntent=PendingIntent[creatorPackage=com.google.android.gms], packageName=null]
D/AndroidRuntime(25420): Calling main entry com.android.commands.am.Am
I/Trepn   (24696): Trepn 6.2s: Received intent: com.quicinc.trepn.load_preferences; filename: /sdcard/trepn/saved_preferences/trepn.pref
D/AndroidRuntime(25420): Shutting down VM
W/Wifi    ( 3637): Failed to read packet and byte counts from wifi interface
D/AndroidRuntime(25433): >>>>>> START com.android.internal.os.RuntimeInit uid 2000 <<<<<<
D/AndroidRuntime(25433): CheckJNI is OFF
W/Wifi    ( 3637): Failed to read packet and byte counts from wifi interface
D/AndroidRuntime(25433): Calling main entry com.android.commands.am.Am
I/ActivityManager(  454): Force stopping com.quicinc.trepn appid=10091 user=0: from pid 25433
I/ActivityManager(  454): Killing 24696:com.quicinc.trepn/u0a91 (adj 0): stop com.quicinc.trepn
I/WindowState(  454): WIN DEATH: Window{181fccb8 u0 com.quicinc.trepn/com.quicinc.trepn.userinterface.advanced.ProfilingActivity}
W/InputDispatcher(  454): channel '2b447fcc com.quicinc.trepn/com.quicinc.trepn.userinterface.main.TrepnActivity (server)' ~ Consumer closed input channel or an error occurred.  events=0x9
E/InputDispatcher(  454): channel '2b447fcc com.quicinc.trepn/com.quicinc.trepn.userinterface.main.TrepnActivity (server)' ~ Channel is unrecoverably broken and will be disposed!
W/InputDispatcher(  454): channel '13ba949b  (server)' ~ Consumer closed input channel or an error occurred.  events=0x9
E/InputDispatcher(  454): channel '13ba949b  (server)' ~ Channel is unrecoverably broken and will be disposed!
I/WindowState(  454): WIN DEATH: Window{13ba949b u0 com.quicinc.trepn}
W/InputDispatcher(  454): Attempted to unregister already unregistered input channel '13ba949b  (server)'
I/WindowState(  454): WIN DEATH: Window{2b447fcc u0 com.quicinc.trepn/com.quicinc.trepn.userinterface.main.TrepnActivity}
W/InputDispatcher(  454): Attempted to unregister already unregistered input channel '2b447fcc com.quicinc.trepn/com.quicinc.trepn.userinterface.main.TrepnActivity (server)'
W/ActivityManager(  454): Scheduling restart of crashed service com.quicinc.trepn/.TrepnService in 1000ms
W/ActivityManager(  454): Force removing ActivityRecord{3f9269a0 u0 com.quicinc.trepn/.userinterface.advanced.ProfilingActivity t4975}: app died, no saved state
I/ActivityManager(  454):   Force finishing activity 3 ActivityRecord{2c6e486e u0 com.quicinc.trepn/.userinterface.main.TrepnActivity t4975}
I/ActivityManager(  454):   Force stopping service ServiceRecord{bb02b2f u0 com.quicinc.trepn/.TrepnService}
I/Finsky  (24299): [1] com.google.android.finsky.cc.a.onTrimMemory(7): Memory trim requested to level 80
W/ActivityManager(  454): Spurious death for ProcessRecord{3980390b 24696:com.quicinc.trepn/u0a91}, curProc for 24696: null
D/AndroidRuntime(25433): Shutting down VM
I/OpenGLRenderer(  903): Initialized EGL, version 1.4
V/RenderScript(  903): Application requested CPU execution
V/RenderScript(  903): 0x55895054a0 Launching thread(s), CPUs 2
W/InputMethodManagerService(  454): Got RemoteException sending setActive(false) notification to pid 24696 uid 10091
W/SessionLifecycleManager(24515): Handover failed. Creating new session controller.
W/LocationOracle(24515): No location history returned by ContextManager
I/MicroDetectionWorker(24515): #updateMicroDetector [detectionMode: [mDetectionMode: [1]]]
I/MicroDetectionWorker(24515): #startMicroDetector [speakerMode: 0]
D/BluetoothAdapter(24515): 231899235: getState() :  mService = null. Returning STATE_OFF
D/BluetoothAdapter(24515): 231899235: getState() :  mService = null. Returning STATE_OFF
I/VoiceSearchSettings(24515): Hotword upgrade key is null!
I/MicroDetectionWorker(24515): onReady
D/BluetoothAdapter(24515): 231899235: getState() :  mService = null. Returning STATE_OFF
I/VoiceSearchSettings(24515): Hotword upgrade key is null!
D/BluetoothAdapter(24515): 231899235: getState() :  mService = null. Returning STATE_OFF
I/MicroRecognitionRunner(24515): Starting detection.
I/MicrophoneInputStream(24515): mic_starting com.google.android.apps.gsa.speech.audio.af@21d446aa
I/AudioFlinger(  208): AudioFlinger's thread 0xab7bd7e0 ready to run
I/SoundTriggerHwService::Module(  208): void android::SoundTriggerHwService::Module::onCallbackEvent(const android::sp<android::SoundTriggerHwService::CallbackEvent>&) mClient == 0
I/MicrophoneInputStream(24515): mic_started com.google.android.apps.gsa.speech.audio.af@21d446aa
W/ctxmgr  (  992): [AclManager]No 3 for (accnt=account#-517948760#, com.google.android.gms(10008):UserVelocityProducer, vrsn=12685011, 0, 3pPkg = null ,  3pMdlId = null ,  pid = 992). Was: 3 for 1, account#-517948760#
E/SQLiteLog(  992): (2067) abort at 35 in [INSERT INTO context(context_name,end_time,context_family,module_id,version,sync_state_mod_time_millis,start_time,sync_state,context_id,time_type,proto_blob) VALUES (?,?,?,?,?,?,?,?,?,?,?)]: UNI
E/SQLiteLog(  992): (2067) abort at 35 in [INSERT INTO context(context_name,end_time,context_family,module_id,version,sync_state_mod_time_millis,start_time,sync_state,context_id,time_type,proto_blob) VALUES (?,?,?,?,?,?,?,?,?,?,?)]: UNI
E/SQLiteLog(  992): (2067) abort at 35 in [INSERT INTO context(context_name,end_time,context_family,module_id,version,sync_state_mod_time_millis,start_time,sync_state,context_id,time_type,proto_blob) VALUES (?,?,?,?,?,?,?,?,?,?,?)]: UNI
I/art     (  992): Explicit concurrent mark sweep GC freed 125214(5MB) AllocSpace objects, 41(3MB) LOS objects, 36% free, 27MB/43MB, paused 730us total 173.220ms
I/MicroDetectionWorker(24515): onReady
I/vgn     (  992): 67-RequestPlaceUpdates -- metadata{ service_id: 0 }
W/Wifi    ( 3637): Failed to read packet and byte counts from wifi interface
I/GeofencerStateMachine(  992): removeGeofences: removeRequest=RemoveGeofencingRequest[REMOVE_BY_PENDING_INTENT pendingIntent=PendingIntent[creatorPackage=com.google.android.gms], packageName=null]
I/GeofencerStateMachine(  992): removeGeofences: removeRequest=RemoveGeofencingRequest[REMOVE_BY_PENDING_INTENT pendingIntent=PendingIntent[creatorPackage=com.google.android.gms], packageName=null]
I/PlaceInferenceEngine(  992): [anon] Changed inference mode: 0
I/vgn     (  992): 67-RequestPlaceUpdates -- metadata{ service_id: 0 }
I/Places  (  992): ?: PlacesBleScanner start() with priority 2
I/PlaceInferenceEngine(  992): [anon] Changed inference mode: 1
I/BeaconBle(  992): Client requested scan, settings=BleSettings [scanMode=ZERO_POWER, callbackType=ALL_MATCHES, reportDelayMillis=0, 1 filters, 0 clients, callingClientName=Places]
E/BeaconBle(  992): Scan couldn't start for Places
W/Places  (  992): BLE failure while scanning - code 5
