W/Conscrypt(  855): 	at java.lang.reflect.Method.invoke(Native Method)
W/Conscrypt(  855): 	at java.lang.reflect.Method.invoke(Method.java:372)
W/Conscrypt(  855): Caused by: android.system.ErrnoException: setsockopt failed: EBADF (Bad file number)
W/Conscrypt(  855): 	at libcore.io.Posix.setsockoptTimeval(Native Method)
W/Conscrypt(  855): 	at libcore.io.ForwardingOs.setsockoptTimeval(ForwardingOs.java:147)
W/Conscrypt(  855): Could not set socket write timeout: java.lang.reflect.InvocationTargetException
W/Conscrypt(  855): 	at java.lang.reflect.Method.invoke(Native Method)
W/Conscrypt(  855): 	at java.lang.reflect.Method.invoke(Method.java:372)
W/Conscrypt(  855): Caused by: android.system.ErrnoException: setsockopt failed: EBADF (Bad file number)
W/Conscrypt(  855): 	at libcore.io.Posix.setsockoptTimeval(Native Method)
W/Conscrypt(  855): 	at libcore.io.ForwardingOs.setsockoptTimeval(ForwardingOs.java:147)
W/Wifi    ( 3556): Failed to read packet and byte counts from wifi interface
I/art     (  455): Explicit concurrent mark sweep GC freed 54799(2MB) AllocSpace objects, 1(20KB) LOS objects, 33% free, 21MB/31MB, paused 627us total 100.333ms
W/Wifi    ( 3556): Failed to read packet and byte counts from wifi interface
W/Wifi    ( 3556): Failed to read packet and byte counts from wifi interface
W/Wifi    ( 3556): Failed to read packet and byte counts from wifi interface
W/Wifi    ( 3556): Failed to read packet and byte counts from wifi interface
W/Wifi    ( 3556): Failed to read packet and byte counts from wifi interface
W/Wifi    ( 3556): Failed to read packet and byte counts from wifi interface
W/Wifi    ( 3556): Failed to read packet and byte counts from wifi interface
W/Wifi    ( 3556): Failed to read packet and byte counts from wifi interface
E/WifiStateMachine(  455): WifiStateMachine CMD_START_SCAN source -2 txSuccessRate=11.63 rxSuccessRate=18.64 targetRoamBSSID=any RSSI=-45
E/WifiStateMachine(  455): WifiStateMachine starting scan for "YOU SHALL NOT PASS"WPA_PSK with 2437
W/Wifi    ( 3556): Failed to read packet and byte counts from wifi interface
E/WifiNetworkScoreCache(  455): updateScores list size=1
W/Wifi    ( 3556): Failed to read packet and byte counts from wifi interface
I/CastDatabase( 1014): Saving the database
I/SQLiteCastStore( 1014): [CastNetworkInfo] saved: 0, skipped: 0, [CastDeviceInfo]: saved 0, skipped 0, Paired Guest Mode DeviceInfo] saved: 0, skipped: 0. [ProbedNetworks]: save 0, skipped: 0
W/Wifi    ( 3556): Failed to read packet and byte counts from wifi interface
W/Wifi    ( 3556): Failed to read packet and byte counts from wifi interface
W/Wifi    ( 3556): Failed to read packet and byte counts from wifi interface
W/Wifi    ( 3556): Failed to read packet and byte counts from wifi interface
W/Wifi    ( 3556): Failed to read packet and byte counts from wifi interface
W/Wifi    ( 3556): Failed to read packet and byte counts from wifi interface
W/Wifi    ( 3556): Failed to read packet and byte counts from wifi interface
W/Wifi    ( 3556): Failed to read packet and byte counts from wifi interface
W/Wifi    ( 3556): Failed to read packet and byte counts from wifi interface
W/Wifi    ( 3556): Failed to read packet and byte counts from wifi interface
W/Wifi    ( 3556): Failed to read packet and byte counts from wifi interface
W/Wifi    ( 3556): Failed to read packet and byte counts from wifi interface
W/Wifi    ( 3556): Failed to read packet and byte counts from wifi interface
W/Wifi    ( 3556): Failed to read packet and byte counts from wifi interface
W/Wifi    ( 3556): Failed to read packet and byte counts from wifi interface
W/Wifi    ( 3556): Failed to read packet and byte counts from wifi interface
W/Wifi    ( 3556): Failed to read packet and byte counts from wifi interface
W/Wifi    ( 3556): Failed to read packet and byte counts from wifi interface
E/WifiStateMachine(  455): WifiStateMachine CMD_START_SCAN source -2 txSuccessRate=0.05 rxSuccessRate=0.07 targetRoamBSSID=any RSSI=-44
W/Wifi    ( 3556): Failed to read packet and byte counts from wifi interface
W/ctxmgr  (  855): [AclManager]No 2 for (accnt=account#-517948760#, com.google.android.gms(10008):IndoorOutdoorProducer, vrsn=12685000, 0, 3pPkg = null ,  3pMdlId = null ,  pid = 855). Was: 3 for 57, account#-517948760#
E/WifiNetworkScoreCache(  455): updateScores list size=2
W/Wifi    ( 3556): Failed to read packet and byte counts from wifi interface
W/Wifi    ( 3556): Failed to read packet and byte counts from wifi interface
W/Wifi    ( 3556): Failed to read packet and byte counts from wifi interface
W/Wifi    ( 3556): Failed to read packet and byte counts from wifi interface
W/Wifi    ( 3556): Failed to read packet and byte counts from wifi interface
W/Wifi    ( 3556): Failed to read packet and byte counts from wifi interface
W/Wifi    ( 3556): Failed to read packet and byte counts from wifi interface
W/Wifi    ( 3556): Failed to read packet and byte counts from wifi interface
I/vgn     (  855): 35-GetDeviceDataUploadOptInStatusOperation -- metadata{ service_id: 0 }
I/vgn     (  855): 35-GetDeviceDataUploadOptInStatusOperation -- metadata{ service_id: 0 }
W/Wifi    ( 3556): Failed to read packet and byte counts from wifi interface
W/Wifi    ( 3556): Failed to read packet and byte counts from wifi interface
W/Wifi    ( 3556): Failed to read packet and byte counts from wifi interface
W/Wifi    ( 3556): Failed to read packet and byte counts from wifi interface
W/Wifi    ( 3556): Failed to read packet and byte counts from wifi interface
W/Wifi    ( 3556): Failed to read packet and byte counts from wifi interface
W/Wifi    ( 3556): Failed to read packet and byte counts from wifi interface
I/Babel_ConcService( 3153): Acquired partial wake lock to keep ConcurrentService alive
I/Babel_ConcService( 3153): Released partial wake lock as ConcurrentService became idle
W/Wifi    ( 3556): Failed to read packet and byte counts from wifi interface
W/Wifi    ( 3556): Failed to read packet and byte counts from wifi interface
W/Wifi    ( 3556): Failed to read packet and byte counts from wifi interface
W/Wifi    ( 3556): Failed to read packet and byte counts from wifi interface
E/WifiStateMachine(  455): WifiStateMachine CMD_START_SCAN source -2 txSuccessRate=1.38 rxSuccessRate=1.33 targetRoamBSSID=any RSSI=-45
E/WifiStateMachine(  455): WifiStateMachine starting scan for "YOU SHALL NOT PASS"WPA_PSK with 2437
W/Wifi    ( 3556): Failed to read packet and byte counts from wifi interface
W/Wifi    ( 3556): Failed to read packet and byte counts from wifi interface
W/Wifi    ( 3556): Failed to read packet and byte counts from wifi interface
W/Wifi    ( 3556): Failed to read packet and byte counts from wifi interface
W/Wifi    ( 3556): Failed to read packet and byte counts from wifi interface
W/Wifi    ( 3556): Failed to read packet and byte counts from wifi interface
W/Wifi    ( 3556): Failed to read packet and byte counts from wifi interface
W/Wifi    ( 3556): Failed to read packet and byte counts from wifi interface
W/Wifi    ( 3556): Failed to read packet and byte counts from wifi interface
W/Wifi    ( 3556): Failed to read packet and byte counts from wifi interface
I/Places  (  855): Converted 14 out of 19 WiFi scans
I/GeofencerStateMachine(  855): sendNewTransitions called.
W/ctxmgr  (  855): [AclManager]No 2 for (accnt=account#1813920180#, com.google.android.gms(10008):UserLocationProducer, vrsn=12685000, 0, 3pPkg = null ,  3pMdlId = null ,  pid = 855). Was: 2 for 1, account#1813920180#
W/ctxmgr  (  855): [AclManager]No 2 for (accnt=account#1644684176#, com.google.android.gms(10008):UserLocationProducer, vrsn=12685000, 0, 3pPkg = null ,  3pMdlId = null ,  pid = 855). Was: 2 for 1, account#1644684176#
W/ctxmgr  (  855): [AclManager]No 2 for (accnt=account#-517948760#, com.google.android.gms(10008):UserLocationProducer, vrsn=12685000, 0, 3pPkg = null ,  3pMdlId = null ,  pid = 855). Was: 3 for 1, account#-517948760#
W/ctxmgr  (  855): [AclManager]No 2 for (accnt=account#-517948760#, com.google.android.gms(10008):UserVelocityProducer, vrsn=12685000, 0, 3pPkg = null ,  3pMdlId = null ,  pid = 855). Was: 3 for 48, account#-517948760#
I/PlaceInferenceEngine(  855): No beacon scan available - ignoring candidates.
W/Wifi    ( 3556): Failed to read packet and byte counts from wifi interface
W/ctxmgr  (  855): [AclManager]No 2 for (accnt=account#-517948760#, com.google.android.gms(10008):PlacesProducer, vrsn=12685000, 0, 3pPkg = null ,  3pMdlId = null ,  pid = 855). Was: 3 for 18, account#-517948760#
W/Wifi    ( 3556): Failed to read packet and byte counts from wifi interface
W/Wifi    ( 3556): Failed to read packet and byte counts from wifi interface
W/Wifi    ( 3556): Failed to read packet and byte counts from wifi interface
W/Wifi    ( 3556): Failed to read packet and byte counts from wifi interface
W/Wifi    ( 3556): Failed to read packet and byte counts from wifi interface
W/Wifi    ( 3556): Failed to read packet and byte counts from wifi interface
W/Wifi    ( 3556): Failed to read packet and byte counts from wifi interface
W/Wifi    ( 3556): Failed to read packet and byte counts from wifi interface
W/Wifi    ( 3556): Failed to read packet and byte counts from wifi interface
E/WifiStateMachine(  455): WifiStateMachine CMD_START_SCAN source -2 txSuccessRate=0.00 rxSuccessRate=0.57 targetRoamBSSID=any RSSI=-44
E/WifiStateMachine(  455): WifiStateMachine starting scan for "YOU SHALL NOT PASS"WPA_PSK with 2437
W/Wifi    ( 3556): Failed to read packet and byte counts from wifi interface
W/Wifi    ( 3556): Failed to read packet and byte counts from wifi interface
I/DeviceStateChecker( 1033): screenOn: true, isCharging: true
W/Wifi    ( 3556): Failed to read packet and byte counts from wifi interface
W/Wifi    ( 3556): Failed to read packet and byte counts from wifi interface
W/Wifi    ( 3556): Failed to read packet and byte counts from wifi interface
W/Wifi    ( 3556): Failed to read packet and byte counts from wifi interface
W/Wifi    ( 3556): Failed to read packet and byte counts from wifi interface
W/Wifi    ( 3556): Failed to read packet and byte counts from wifi interface
W/Wifi    ( 3556): Failed to read packet and byte counts from wifi interface
W/Wifi    ( 3556): Failed to read packet and byte counts from wifi interface
W/Wifi    ( 3556): Failed to read packet and byte counts from wifi interface
W/Wifi    ( 3556): Failed to read packet and byte counts from wifi interface
W/Wifi    ( 3556): Failed to read packet and byte counts from wifi interface
W/Wifi    ( 3556): Failed to read packet and byte counts from wifi interface
W/Wifi    ( 3556): Failed to read packet and byte counts from wifi interface
W/Wifi    ( 3556): Failed to read packet and byte counts from wifi interface
W/Wifi    ( 3556): Failed to read packet and byte counts from wifi interface
W/Wifi    ( 3556): Failed to read packet and byte counts from wifi interface
W/Wifi    ( 3556): Failed to read packet and byte counts from wifi interface
W/Wifi    ( 3556): Failed to read packet and byte counts from wifi interface
E/WifiStateMachine(  455): WifiStateMachine CMD_START_SCAN source -2 txSuccessRate=0.00 rxSuccessRate=0.00 targetRoamBSSID=any RSSI=-42
W/Wifi    ( 3556): Failed to read packet and byte counts from wifi interface
W/ctxmgr  (  855): [AclManager]No 2 for (accnt=account#-517948760#, com.google.android.gms(10008):IndoorOutdoorProducer, vrsn=12685000, 0, 3pPkg = null ,  3pMdlId = null ,  pid = 855). Was: 3 for 57, account#-517948760#
E/WifiNetworkScoreCache(  455): updateScores list size=2
W/Wifi    ( 3556): Failed to read packet and byte counts from wifi interface
W/Wifi    ( 3556): Failed to read packet and byte counts from wifi interface
W/Wifi    ( 3556): Failed to read packet and byte counts from wifi interface
W/Wifi    ( 3556): Failed to read packet and byte counts from wifi interface
W/Wifi    ( 3556): Failed to read packet and byte counts from wifi interface
W/Wifi    ( 3556): Failed to read packet and byte counts from wifi interface
W/Wifi    ( 3556): Failed to read packet and byte counts from wifi interface
W/Wifi    ( 3556): Failed to read packet and byte counts from wifi interface
I/vgn     (  855): 35-GetDeviceDataUploadOptInStatusOperation -- metadata{ service_id: 0 }
I/vgn     (  855): 35-GetDeviceDataUploadOptInStatusOperation -- metadata{ service_id: 0 }
I/art     (  855): Background sticky concurrent mark sweep GC freed 250723(12MB) AllocSpace objects, 25(1340KB) LOS objects, 21% free, 29MB/37MB, paused 1.015ms total 154.290ms
W/Wifi    ( 3556): Failed to read packet and byte counts from wifi interface
W/Wifi    ( 3556): Failed to read packet and byte counts from wifi interface
W/Wifi    ( 3556): Failed to read packet and byte counts from wifi interface
W/Wifi    ( 3556): Failed to read packet and byte counts from wifi interface
W/Wifi    ( 3556): Failed to read packet and byte counts from wifi interface
W/Wifi    ( 3556): Failed to read packet and byte counts from wifi interface
W/Wifi    ( 3556): Failed to read packet and byte counts from wifi interface
W/Wifi    ( 3556): Failed to read packet and byte counts from wifi interface
W/Wifi    ( 3556): Failed to read packet and byte counts from wifi interface
W/Wifi    ( 3556): Failed to read packet and byte counts from wifi interface
W/Wifi    ( 3556): Failed to read packet and byte counts from wifi interface
E/WifiStateMachine(  455): WifiStateMachine CMD_START_SCAN source -2 txSuccessRate=0.00 rxSuccessRate=0.06 targetRoamBSSID=any RSSI=-43
E/WifiStateMachine(  455): WifiStateMachine starting scan for "YOU SHALL NOT PASS"WPA_PSK with 2437
W/Wifi    ( 3556): Failed to read packet and byte counts from wifi interface
W/Wifi    ( 3556): Failed to read packet and byte counts from wifi interface
W/Wifi    ( 3556): Failed to read packet and byte counts from wifi interface
W/Wifi    ( 3556): Failed to read packet and byte counts from wifi interface
W/Wifi    ( 3556): Failed to read packet and byte counts from wifi interface
W/Wifi    ( 3556): Failed to read packet and byte counts from wifi interface
W/Wifi    ( 3556): Failed to read packet and byte counts from wifi interface
W/Wifi    ( 3556): Failed to read packet and byte counts from wifi interface
W/Wifi    ( 3556): Failed to read packet and byte counts from wifi interface
W/Wifi    ( 3556): Failed to read packet and byte counts from wifi interface
W/Wifi    ( 3556): Failed to read packet and byte counts from wifi interface
W/Wifi    ( 3556): Failed to read packet and byte counts from wifi interface
W/Wifi    ( 3556): Failed to read packet and byte counts from wifi interface
W/Wifi    ( 3556): Failed to read packet and byte counts from wifi interface
W/Wifi    ( 3556): Failed to read packet and byte counts from wifi interface
W/Wifi    ( 3556): Failed to read packet and byte counts from wifi interface
W/Wifi    ( 3556): Failed to read packet and byte counts from wifi interface
W/Wifi    ( 3556): Failed to read packet and byte counts from wifi interface
W/Wifi    ( 3556): Failed to read packet and byte counts from wifi interface
W/Wifi    ( 3556): Failed to read packet and byte counts from wifi interface
E/WifiStateMachine(  455): WifiStateMachine CMD_START_SCAN source -2 txSuccessRate=1.31 rxSuccessRate=2.16 targetRoamBSSID=any RSSI=-43
E/WifiStateMachine(  455): WifiStateMachine starting scan for "YOU SHALL NOT PASS"WPA_PSK with 2437
W/Wifi    ( 3556): Failed to read packet and byte counts from wifi interface
W/Wifi    ( 3556): Failed to read packet and byte counts from wifi interface
W/Wifi    ( 3556): Failed to read packet and byte counts from wifi interface
W/Wifi    ( 3556): Failed to read packet and byte counts from wifi interface
W/Wifi    ( 3556): Failed to read packet and byte counts from wifi interface
W/Wifi    ( 3556): Failed to read packet and byte counts from wifi interface
W/Wifi    ( 3556): Failed to read packet and byte counts from wifi interface
W/Wifi    ( 3556): Failed to read packet and byte counts from wifi interface
W/Wifi    ( 3556): Failed to read packet and byte counts from wifi interface
W/Wifi    ( 3556): Failed to read packet and byte counts from wifi interface
W/Wifi    ( 3556): Failed to read packet and byte counts from wifi interface
W/Wifi    ( 3556): Failed to read packet and byte counts from wifi interface
W/Wifi    ( 3556): Failed to read packet and byte counts from wifi interface
W/Wifi    ( 3556): Failed to read packet and byte counts from wifi interface
W/Wifi    ( 3556): Failed to read packet and byte counts from wifi interface
W/Wifi    ( 3556): Failed to read packet and byte counts from wifi interface
W/Wifi    ( 3556): Failed to read packet and byte counts from wifi interface
W/Wifi    ( 3556): Failed to read packet and byte counts from wifi interface
W/Wifi    ( 3556): Failed to read packet and byte counts from wifi interface
W/Wifi    ( 3556): Failed to read packet and byte counts from wifi interface
E/WifiStateMachine(  455): WifiStateMachine CMD_START_SCAN source -2 txSuccessRate=0.04 rxSuccessRate=0.04 targetRoamBSSID=any RSSI=-42
E/WifiStateMachine(  455): WifiStateMachine starting scan for "YOU SHALL NOT PASS"WPA_PSK with 2437
W/Wifi    ( 3556): Failed to read packet and byte counts from wifi interface
W/Wifi    ( 3556): Failed to read packet and byte counts from wifi interface
W/Wifi    ( 3556): Failed to read packet and byte counts from wifi interface
W/Wifi    ( 3556): Failed to read packet and byte counts from wifi interface
W/Wifi    ( 3556): Failed to read packet and byte counts from wifi interface
W/Wifi    ( 3556): Failed to read packet and byte counts from wifi interface
W/Wifi    ( 3556): Failed to read packet and byte counts from wifi interface
W/Wifi    ( 3556): Failed to read packet and byte counts from wifi interface
W/Wifi    ( 3556): Failed to read packet and byte counts from wifi interface
I/vgn     (  855): 35-GetDeviceDataUploadOptInStatusOperation -- metadata{ service_id: 0 }
I/vgn     (  855): 35-GetDeviceDataUploadOptInStatusOperation -- metadata{ service_id: 0 }
W/Wifi    ( 3556): Failed to read packet and byte counts from wifi interface
W/Wifi    ( 3556): Failed to read packet and byte counts from wifi interface
W/Wifi    ( 3556): Failed to read packet and byte counts from wifi interface
W/Wifi    ( 3556): Failed to read packet and byte counts from wifi interface
W/Wifi    ( 3556): Failed to read packet and byte counts from wifi interface
W/Wifi    ( 3556): Failed to read packet and byte counts from wifi interface
W/Wifi    ( 3556): Failed to read packet and byte counts from wifi interface
I/Babel_ConcService( 3153): Acquired partial wake lock to keep ConcurrentService alive
I/Babel_ConcService( 3153): Released partial wake lock as ConcurrentService became idle
W/Wifi    ( 3556): Failed to read packet and byte counts from wifi interface
W/Wifi    ( 3556): Failed to read packet and byte counts from wifi interface
W/Wifi    ( 3556): Failed to read packet and byte counts from wifi interface
W/Wifi    ( 3556): Failed to read packet and byte counts from wifi interface
E/WifiStateMachine(  455): WifiStateMachine CMD_START_SCAN source -2 txSuccessRate=1.83 rxSuccessRate=1.81 targetRoamBSSID=any RSSI=-42
W/Wifi    ( 3556): Failed to read packet and byte counts from wifi interface
W/ctxmgr  (  855): [AclManager]No 2 for (accnt=account#-517948760#, com.google.android.gms(10008):IndoorOutdoorProducer, vrsn=12685000, 0, 3pPkg = null ,  3pMdlId = null ,  pid = 855). Was: 3 for 57, account#-517948760#
E/WifiNetworkScoreCache(  455): updateScores list size=3
W/Wifi    ( 3556): Failed to read packet and byte counts from wifi interface
W/Wifi    ( 3556): Failed to read packet and byte counts from wifi interface
W/Wifi    ( 3556): Failed to read packet and byte counts from wifi interface
W/Wifi    ( 3556): Failed to read packet and byte counts from wifi interface
W/Wifi    ( 3556): Failed to read packet and byte counts from wifi interface
W/Wifi    ( 3556): Failed to read packet and byte counts from wifi interface
W/Wifi    ( 3556): Failed to read packet and byte counts from wifi interface
W/Wifi    ( 3556): Failed to read packet and byte counts from wifi interface
W/Wifi    ( 3556): Failed to read packet and byte counts from wifi interface
W/Wifi    ( 3556): Failed to read packet and byte counts from wifi interface
W/Wifi    ( 3556): Failed to read packet and byte counts from wifi interface
W/Wifi    ( 3556): Failed to read packet and byte counts from wifi interface
W/Wifi    ( 3556): Failed to read packet and byte counts from wifi interface
W/Wifi    ( 3556): Failed to read packet and byte counts from wifi interface
W/Wifi    ( 3556): Failed to read packet and byte counts from wifi interface
W/Wifi    ( 3556): Failed to read packet and byte counts from wifi interface
W/Wifi    ( 3556): Failed to read packet and byte counts from wifi interface
W/Wifi    ( 3556): Failed to read packet and byte counts from wifi interface
W/Wifi    ( 3556): Failed to read packet and byte counts from wifi interface
E/WifiStateMachine(  455): WifiStateMachine CMD_START_SCAN source -2 txSuccessRate=2.12 rxSuccessRate=2.80 targetRoamBSSID=any RSSI=-42
E/WifiStateMachine(  455): WifiStateMachine starting scan for "YOU SHALL NOT PASS"WPA_PSK with 2437
W/Wifi    ( 3556): Failed to read packet and byte counts from wifi interface
W/Wifi    ( 3556): Failed to read packet and byte counts from wifi interface
W/Wifi    ( 3556): Failed to read packet and byte counts from wifi interface
W/Wifi    ( 3556): Failed to read packet and byte counts from wifi interface
W/Wifi    ( 3556): Failed to read packet and byte counts from wifi interface
W/Wifi    ( 3556): Failed to read packet and byte counts from wifi interface
W/Wifi    ( 3556): Failed to read packet and byte counts from wifi interface
W/Wifi    ( 3556): Failed to read packet and byte counts from wifi interface
W/Wifi    ( 3556): Failed to read packet and byte counts from wifi interface
W/Wifi    ( 3556): Failed to read packet and byte counts from wifi interface
W/Wifi    ( 3556): Failed to read packet and byte counts from wifi interface
W/Wifi    ( 3556): Failed to read packet and byte counts from wifi interface
W/Wifi    ( 3556): Failed to read packet and byte counts from wifi interface
W/Wifi    ( 3556): Failed to read packet and byte counts from wifi interface
W/Wifi    ( 3556): Failed to read packet and byte counts from wifi interface
W/Wifi    ( 3556): Failed to read packet and byte counts from wifi interface
W/Wifi    ( 3556): Failed to read packet and byte counts from wifi interface
W/Wifi    ( 3556): Failed to read packet and byte counts from wifi interface
W/Wifi    ( 3556): Failed to read packet and byte counts from wifi interface
W/Wifi    ( 3556): Failed to read packet and byte counts from wifi interface
E/WifiStateMachine(  455): WifiStateMachine CMD_START_SCAN source -2 txSuccessRate=0.02 rxSuccessRate=0.02 targetRoamBSSID=any RSSI=-42
E/WifiStateMachine(  455): WifiStateMachine starting scan for "YOU SHALL NOT PASS"WPA_PSK with 2437
W/Wifi    ( 3556): Failed to read packet and byte counts from wifi interface
E/WifiNetworkScoreCache(  455): updateScores list size=1
W/Wifi    ( 3556): Failed to read packet and byte counts from wifi interface
W/Wifi    ( 3556): Failed to read packet and byte counts from wifi interface
W/Wifi    ( 3556): Failed to read packet and byte counts from wifi interface
W/Wifi    ( 3556): Failed to read packet and byte counts from wifi interface
W/Wifi    ( 3556): Failed to read packet and byte counts from wifi interface
W/Wifi    ( 3556): Failed to read packet and byte counts from wifi interface
W/Wifi    ( 3556): Failed to read packet and byte counts from wifi interface
W/Wifi    ( 3556): Failed to read packet and byte counts from wifi interface
W/Wifi    ( 3556): Failed to read packet and byte counts from wifi interface
W/Wifi    ( 3556): Failed to read packet and byte counts from wifi interface
W/Wifi    ( 3556): Failed to read packet and byte counts from wifi interface
W/Wifi    ( 3556): Failed to read packet and byte counts from wifi interface
W/Wifi    ( 3556): Failed to read packet and byte counts from wifi interface
W/Wifi    ( 3556): Failed to read packet and byte counts from wifi interface
W/Wifi    ( 3556): Failed to read packet and byte counts from wifi interface
W/Wifi    ( 3556): Failed to read packet and byte counts from wifi interface
W/Wifi    ( 3556): Failed to read packet and byte counts from wifi interface
W/Wifi    ( 3556): Failed to read packet and byte counts from wifi interface
W/Wifi    ( 3556): Failed to read packet and byte counts from wifi interface
E/WifiStateMachine(  455): WifiStateMachine CMD_START_SCAN source -2 txSuccessRate=0.00 rxSuccessRate=0.03 targetRoamBSSID=any RSSI=-41
E/WifiStateMachine(  455): WifiStateMachine starting scan for "YOU SHALL NOT PASS"WPA_PSK with 2437
W/Wifi    ( 3556): Failed to read packet and byte counts from wifi interface
E/WifiNetworkScoreCache(  455): updateScores list size=2
W/Wifi    ( 3556): Failed to read packet and byte counts from wifi interface
W/Wifi    ( 3556): Failed to read packet and byte counts from wifi interface
W/Wifi    ( 3556): Failed to read packet and byte counts from wifi interface
W/Wifi    ( 3556): Failed to read packet and byte counts from wifi interface
I/PlayCommon( 3781): [335] PlayEventLogger.uploadEventsImpl: Preparing logs for uploading
I/PlayCommon( 3781): [335] PlayEventLogger.uploadEventsImpl: No file ready to send
W/Wifi    ( 3556): Failed to read packet and byte counts from wifi interface
W/Wifi    ( 3556): Failed to read packet and byte counts from wifi interface
W/Wifi    ( 3556): Failed to read packet and byte counts from wifi interface
W/Wifi    ( 3556): Failed to read packet and byte counts from wifi interface
W/Wifi    ( 3556): Failed to read packet and byte counts from wifi interface
W/Wifi    ( 3556): Failed to read packet and byte counts from wifi interface
W/Wifi    ( 3556): Failed to read packet and byte counts from wifi interface
W/Wifi    ( 3556): Failed to read packet and byte counts from wifi interface
W/Wifi    ( 3556): Failed to read packet and byte counts from wifi interface
W/Wifi    ( 3556): Failed to read packet and byte counts from wifi interface
I/vgn     (  855): 35-GetDeviceDataUploadOptInStatusOperation -- metadata{ service_id: 0 }
I/vgn     (  855): 35-GetDeviceDataUploadOptInStatusOperation -- metadata{ service_id: 0 }
I/vgn     (  855): 35-GetDeviceDataUploadOptInStatusOperation -- metadata{ service_id: 0 }
I/vgn     (  855): 35-GetDeviceDataUploadOptInStatusOperation -- metadata{ service_id: 0 }
W/Wifi    ( 3556): Failed to read packet and byte counts from wifi interface
W/Wifi    ( 3556): Failed to read packet and byte counts from wifi interface
W/Wifi    ( 3556): Failed to read packet and byte counts from wifi interface
W/Wifi    ( 3556): Failed to read packet and byte counts from wifi interface
W/Wifi    ( 3556): Failed to read packet and byte counts from wifi interface
E/WifiStateMachine(  455): WifiStateMachine CMD_START_SCAN source -2 txSuccessRate=5.81 rxSuccessRate=6.38 targetRoamBSSID=any RSSI=-42
E/WifiStateMachine(  455): WifiStateMachine starting scan for "YOU SHALL NOT PASS"WPA_PSK with 2437
W/Wifi    ( 3556): Failed to read packet and byte counts from wifi interface
W/Wifi    ( 3556): Failed to read packet and byte counts from wifi interface
I/DeviceStateChecker( 1033): screenOn: true, isCharging: true
W/Wifi    ( 3556): Failed to read packet and byte counts from wifi interface
W/Wifi    ( 3556): Failed to read packet and byte counts from wifi interface
W/Wifi    ( 3556): Failed to read packet and byte counts from wifi interface
W/Wifi    ( 3556): Failed to read packet and byte counts from wifi interface
W/Wifi    ( 3556): Failed to read packet and byte counts from wifi interface
W/Wifi    ( 3556): Failed to read packet and byte counts from wifi interface
W/Wifi    ( 3556): Failed to read packet and byte counts from wifi interface
W/Wifi    ( 3556): Failed to read packet and byte counts from wifi interface
W/Wifi    ( 3556): Failed to read packet and byte counts from wifi interface
W/Wifi    ( 3556): Failed to read packet and byte counts from wifi interface
W/Wifi    ( 3556): Failed to read packet and byte counts from wifi interface
W/Wifi    ( 3556): Failed to read packet and byte counts from wifi interface
W/Wifi    ( 3556): Failed to read packet and byte counts from wifi interface
W/Wifi    ( 3556): Failed to read packet and byte counts from wifi interface
W/Wifi    ( 3556): Failed to read packet and byte counts from wifi interface
W/Wifi    ( 3556): Failed to read packet and byte counts from wifi interface
W/Wifi    ( 3556): Failed to read packet and byte counts from wifi interface
W/Wifi    ( 3556): Failed to read packet and byte counts from wifi interface
E/WifiStateMachine(  455): WifiStateMachine CMD_START_SCAN source -2 txSuccessRate=0.01 rxSuccessRate=0.01 targetRoamBSSID=any RSSI=-42
E/WifiStateMachine(  455): WifiStateMachine starting scan for "YOU SHALL NOT PASS"WPA_PSK with 2437
W/Wifi    ( 3556): Failed to read packet and byte counts from wifi interface
W/Wifi    ( 3556): Failed to read packet and byte counts from wifi interface
W/Wifi    ( 3556): Failed to read packet and byte counts from wifi interface
W/Wifi    ( 3556): Failed to read packet and byte counts from wifi interface
W/Wifi    ( 3556): Failed to read packet and byte counts from wifi interface
W/Wifi    ( 3556): Failed to read packet and byte counts from wifi interface
W/Wifi    ( 3556): Failed to read packet and byte counts from wifi interface
W/Wifi    ( 3556): Failed to read packet and byte counts from wifi interface
W/Wifi    ( 3556): Failed to read packet and byte counts from wifi interface
W/Wifi    ( 3556): Failed to read packet and byte counts from wifi interface
W/Wifi    ( 3556): Failed to read packet and byte counts from wifi interface
W/Wifi    ( 3556): Failed to read packet and byte counts from wifi interface
W/Wifi    ( 3556): Failed to read packet and byte counts from wifi interface
W/Wifi    ( 3556): Failed to read packet and byte counts from wifi interface
W/Wifi    ( 3556): Failed to read packet and byte counts from wifi interface
W/Wifi    ( 3556): Failed to read packet and byte counts from wifi interface
I/Babel_ConcService( 3153): Acquired partial wake lock to keep ConcurrentService alive
I/Babel_ConcService( 3153): Released partial wake lock as ConcurrentService became idle
W/Wifi    ( 3556): Failed to read packet and byte counts from wifi interface
W/Wifi    ( 3556): Failed to read packet and byte counts from wifi interface
W/Wifi    ( 3556): Failed to read packet and byte counts from wifi interface
W/Wifi    ( 3556): Failed to read packet and byte counts from wifi interface
E/WifiStateMachine(  455): WifiStateMachine CMD_START_SCAN source -2 txSuccessRate=0.88 rxSuccessRate=0.73 targetRoamBSSID=any RSSI=-42
W/Wifi    ( 3556): Failed to read packet and byte counts from wifi interface
E/WifiNetworkScoreCache(  455): updateScores list size=3
W/ctxmgr  (  855): [AclManager]No 2 for (accnt=account#-517948760#, com.google.android.gms(10008):IndoorOutdoorProducer, vrsn=12685000, 0, 3pPkg = null ,  3pMdlId = null ,  pid = 855). Was: 3 for 57, account#-517948760#
W/Wifi    ( 3556): Failed to read packet and byte counts from wifi interface
W/Wifi    ( 3556): Failed to read packet and byte counts from wifi interface
W/Wifi    ( 3556): Failed to read packet and byte counts from wifi interface
W/Wifi    ( 3556): Failed to read packet and byte counts from wifi interface
W/Wifi    ( 3556): Failed to read packet and byte counts from wifi interface
W/Wifi    ( 3556): Failed to read packet and byte counts from wifi interface
W/Wifi    ( 3556): Failed to read packet and byte counts from wifi interface
W/Wifi    ( 3556): Failed to read packet and byte counts from wifi interface
W/Wifi    ( 3556): Failed to read packet and byte counts from wifi interface
W/Wifi    ( 3556): Failed to read packet and byte counts from wifi interface
W/Wifi    ( 3556): Failed to read packet and byte counts from wifi interface
W/Wifi    ( 3556): Failed to read packet and byte counts from wifi interface
W/Wifi    ( 3556): Failed to read packet and byte counts from wifi interface
W/Wifi    ( 3556): Failed to read packet and byte counts from wifi interface
D/WifiService(  455): acquireWifiLockLocked: WifiLock{NlpWifiLock type=2 binder=android.os.BinderProxy@1d1964ee}
I/Places  (  855): Converted 19 out of 24 WiFi scans
I/GeofencerStateMachine(  855): sendNewTransitions called.
I/PlaceInferenceEngine(  855): [anon] Changed inference mode: 1
W/ctxmgr  (  855): [AclManager]No 2 for (accnt=account#1813920180#, com.google.android.gms(10008):UserLocationProducer, vrsn=12685000, 0, 3pPkg = null ,  3pMdlId = null ,  pid = 855). Was: 2 for 1, account#1813920180#
W/ctxmgr  (  855): [AclManager]No 2 for (accnt=account#1644684176#, com.google.android.gms(10008):UserLocationProducer, vrsn=12685000, 0, 3pPkg = null ,  3pMdlId = null ,  pid = 855). Was: 2 for 1, account#1644684176#
I/PlaceInferenceEngine(  855): No beacon scan available - ignoring candidates.
W/ctxmgr  (  855): [AclManager]No 2 for (accnt=account#-517948760#, com.google.android.gms(10008):UserLocationProducer, vrsn=12685000, 0, 3pPkg = null ,  3pMdlId = null ,  pid = 855). Was: 3 for 1, account#-517948760#
D/libgps  (  455): proxy_gps_inject_location: called.
I/vgn     (  855): 35-GetDeviceDataUploadOptInStatusOperation -- metadata{ service_id: 0 }
W/ctxmgr  (  855): [AclManager]No 2 for (accnt=account#-517948760#, com.google.android.gms(10008):UserVelocityProducer, vrsn=12685000, 0, 3pPkg = null ,  3pMdlId = null ,  pid = 855). Was: 3 for 48, account#-517948760#
I/vgn     (  855): 35-GetDeviceDataUploadOptInStatusOperation -- metadata{ service_id: 0 }
W/Wifi    ( 3556): Failed to read packet and byte counts from wifi interface
W/ctxmgr  (  855): [AclManager]No 2 for (accnt=account#-517948760#, com.google.android.gms(10008):PlacesProducer, vrsn=12685000, 0, 3pPkg = null ,  3pMdlId = null ,  pid = 855). Was: 3 for 18, account#-517948760#
W/Wifi    ( 3556): Failed to read packet and byte counts from wifi interface
W/Wifi    ( 3556): Failed to read packet and byte counts from wifi interface
W/Wifi    ( 3556): Failed to read packet and byte counts from wifi interface
W/Wifi    ( 3556): Failed to read packet and byte counts from wifi interface
D/WifiService(  455): releaseWifiLockLocked: WifiLock{NlpWifiLock type=2 binder=android.os.BinderProxy@1d1964ee}
E/WifiStateMachine(  455): WifiStateMachine CMD_START_SCAN source -2 txSuccessRate=0.00 rxSuccessRate=0.63 targetRoamBSSID=any RSSI=-42
E/WifiStateMachine(  455): WifiStateMachine starting scan for "YOU SHALL NOT PASS"WPA_PSK with 2437
W/Wifi    ( 3556): Failed to read packet and byte counts from wifi interface
W/Wifi    ( 3556): Failed to read packet and byte counts from wifi interface
W/Wifi    ( 3556): Failed to read packet and byte counts from wifi interface
W/Wifi    ( 3556): Failed to read packet and byte counts from wifi interface
W/Wifi    ( 3556): Failed to read packet and byte counts from wifi interface
W/Wifi    ( 3556): Failed to read packet and byte counts from wifi interface
W/Wifi    ( 3556): Failed to read packet and byte counts from wifi interface
W/Wifi    ( 3556): Failed to read packet and byte counts from wifi interface
W/Wifi    ( 3556): Failed to read packet and byte counts from wifi interface
W/Wifi    ( 3556): Failed to read packet and byte counts from wifi interface
W/Wifi    ( 3556): Failed to read packet and byte counts from wifi interface
W/Wifi    ( 3556): Failed to read packet and byte counts from wifi interface
W/Wifi    ( 3556): Failed to read packet and byte counts from wifi interface
W/Wifi    ( 3556): Failed to read packet and byte counts from wifi interface
W/Wifi    ( 3556): Failed to read packet and byte counts from wifi interface
W/Wifi    ( 3556): Failed to read packet and byte counts from wifi interface
W/Wifi    ( 3556): Failed to read packet and byte counts from wifi interface
W/Wifi    ( 3556): Failed to read packet and byte counts from wifi interface
W/Wifi    ( 3556): Failed to read packet and byte counts from wifi interface
W/Wifi    ( 3556): Failed to read packet and byte counts from wifi interface
E/WifiStateMachine(  455): WifiStateMachine CMD_START_SCAN source -2 txSuccessRate=0.00 rxSuccessRate=0.00 targetRoamBSSID=any RSSI=-48
E/WifiStateMachine(  455): WifiStateMachine starting scan for "YOU SHALL NOT PASS"WPA_PSK with 2437
W/Wifi    ( 3556): Failed to read packet and byte counts from wifi interface
W/Wifi    ( 3556): Failed to read packet and byte counts from wifi interface
W/Wifi    ( 3556): Failed to read packet and byte counts from wifi interface
W/Wifi    ( 3556): Failed to read packet and byte counts from wifi interface
W/Wifi    ( 3556): Failed to read packet and byte counts from wifi interface
W/Wifi    ( 3556): Failed to read packet and byte counts from wifi interface
W/Wifi    ( 3556): Failed to read packet and byte counts from wifi interface
W/Wifi    ( 3556): Failed to read packet and byte counts from wifi interface
W/Wifi    ( 3556): Failed to read packet and byte counts from wifi interface
W/Wifi    ( 3556): Failed to read packet and byte counts from wifi interface
W/Wifi    ( 3556): Failed to read packet and byte counts from wifi interface
W/Wifi    ( 3556): Failed to read packet and byte counts from wifi interface
W/Wifi    ( 3556): Failed to read packet and byte counts from wifi interface
W/Wifi    ( 3556): Failed to read packet and byte counts from wifi interface
W/Wifi    ( 3556): Failed to read packet and byte counts from wifi interface
W/Wifi    ( 3556): Failed to read packet and byte counts from wifi interface
W/Wifi    ( 3556): Failed to read packet and byte counts from wifi interface
W/Wifi    ( 3556): Failed to read packet and byte counts from wifi interface
W/Wifi    ( 3556): Failed to read packet and byte counts from wifi interface
W/Wifi    ( 3556): Failed to read packet and byte counts from wifi interface
E/WifiStateMachine(  455): WifiStateMachine CMD_START_SCAN source -2 txSuccessRate=0.00 rxSuccessRate=0.08 targetRoamBSSID=any RSSI=-42
E/WifiStateMachine(  455): WifiStateMachine starting scan for "YOU SHALL NOT PASS"WPA_PSK with 2437
W/Wifi    ( 3556): Failed to read packet and byte counts from wifi interface
W/Wifi    ( 3556): Failed to read packet and byte counts from wifi interface
W/Wifi    ( 3556): Failed to read packet and byte counts from wifi interface
W/Wifi    ( 3556): Failed to read packet and byte counts from wifi interface
W/Wifi    ( 3556): Failed to read packet and byte counts from wifi interface
W/Wifi    ( 3556): Failed to read packet and byte counts from wifi interface
W/Wifi    ( 3556): Failed to read packet and byte counts from wifi interface
W/Wifi    ( 3556): Failed to read packet and byte counts from wifi interface
W/Wifi    ( 3556): Failed to read packet and byte counts from wifi interface
W/Wifi    ( 3556): Failed to read packet and byte counts from wifi interface
W/Wifi    ( 3556): Failed to read packet and byte counts from wifi interface
W/Wifi    ( 3556): Failed to read packet and byte counts from wifi interface
W/Wifi    ( 3556): Failed to read packet and byte counts from wifi interface
W/Wifi    ( 3556): Failed to read packet and byte counts from wifi interface
W/Wifi    ( 3556): Failed to read packet and byte counts from wifi interface
I/vgn     (  855): 35-GetDeviceDataUploadOptInStatusOperation -- metadata{ service_id: 0 }
I/vgn     (  855): 35-GetDeviceDataUploadOptInStatusOperation -- metadata{ service_id: 0 }
W/Wifi    ( 3556): Failed to read packet and byte counts from wifi interface
W/Wifi    ( 3556): Failed to read packet and byte counts from wifi interface
W/Wifi    ( 3556): Failed to read packet and byte counts from wifi interface
W/Wifi    ( 3556): Failed to read packet and byte counts from wifi interface
W/Wifi    ( 3556): Failed to read packet and byte counts from wifi interface
E/WifiStateMachine(  455): WifiStateMachine CMD_START_SCAN source -2 txSuccessRate=0.00 rxSuccessRate=0.63 targetRoamBSSID=any RSSI=-42
E/WifiStateMachine(  455): WifiStateMachine starting scan for "YOU SHALL NOT PASS"WPA_PSK with 2437
W/Wifi    ( 3556): Failed to read packet and byte counts from wifi interface
W/Wifi    ( 3556): Failed to read packet and byte counts from wifi interface
W/Wifi    ( 3556): Failed to read packet and byte counts from wifi interface
W/Wifi    ( 3556): Failed to read packet and byte counts from wifi interface
W/Wifi    ( 3556): Failed to read packet and byte counts from wifi interface
W/Wifi    ( 3556): Failed to read packet and byte counts from wifi interface
W/Wifi    ( 3556): Failed to read packet and byte counts from wifi interface
W/Wifi    ( 3556): Failed to read packet and byte counts from wifi interface
W/Wifi    ( 3556): Failed to read packet and byte counts from wifi interface
W/Wifi    ( 3556): Failed to read packet and byte counts from wifi interface
W/Wifi    ( 3556): Failed to read packet and byte counts from wifi interface
W/Wifi    ( 3556): Failed to read packet and byte counts from wifi interface
W/Wifi    ( 3556): Failed to read packet and byte counts from wifi interface
W/Wifi    ( 3556): Failed to read packet and byte counts from wifi interface
W/Wifi    ( 3556): Failed to read packet and byte counts from wifi interface
W/Wifi    ( 3556): Failed to read packet and byte counts from wifi interface
W/Wifi    ( 3556): Failed to read packet and byte counts from wifi interface
W/Wifi    ( 3556): Failed to read packet and byte counts from wifi interface
W/Wifi    ( 3556): Failed to read packet and byte counts from wifi interface
W/Wifi    ( 3556): Failed to read packet and byte counts from wifi interface
E/WifiStateMachine(  455): WifiStateMachine CMD_START_SCAN source -2 txSuccessRate=0.00 rxSuccessRate=0.00 targetRoamBSSID=any RSSI=-42
E/WifiStateMachine(  455): WifiStateMachine starting scan for "YOU SHALL NOT PASS"WPA_PSK with 2437
W/Wifi    ( 3556): Failed to read packet and byte counts from wifi interface
W/Wifi    ( 3556): Failed to read packet and byte counts from wifi interface
W/Wifi    ( 3556): Failed to read packet and byte counts from wifi interface
W/Wifi    ( 3556): Failed to read packet and byte counts from wifi interface
W/Wifi    ( 3556): Failed to read packet and byte counts from wifi interface
W/Wifi    ( 3556): Failed to read packet and byte counts from wifi interface
W/Wifi    ( 3556): Failed to read packet and byte counts from wifi interface
W/Wifi    ( 3556): Failed to read packet and byte counts from wifi interface
W/Wifi    ( 3556): Failed to read packet and byte counts from wifi interface
W/Wifi    ( 3556): Failed to read packet and byte counts from wifi interface
W/Wifi    ( 3556): Failed to read packet and byte counts from wifi interface
W/Wifi    ( 3556): Failed to read packet and byte counts from wifi interface
W/Wifi    ( 3556): Failed to read packet and byte counts from wifi interface
W/Wifi    ( 3556): Failed to read packet and byte counts from wifi interface
W/Wifi    ( 3556): Failed to read packet and byte counts from wifi interface
W/Wifi    ( 3556): Failed to read packet and byte counts from wifi interface
I/Babel_ConcService( 3153): Acquired partial wake lock to keep ConcurrentService alive
I/Babel_ConcService( 3153): Released partial wake lock as ConcurrentService became idle
W/Wifi    ( 3556): Failed to read packet and byte counts from wifi interface
W/Wifi    ( 3556): Failed to read packet and byte counts from wifi interface
W/Wifi    ( 3556): Failed to read packet and byte counts from wifi interface
W/Wifi    ( 3556): Failed to read packet and byte counts from wifi interface
E/WifiStateMachine(  455): WifiStateMachine CMD_START_SCAN source -2 txSuccessRate=0.75 rxSuccessRate=0.70 targetRoamBSSID=any RSSI=-42
E/WifiStateMachine(  455): WifiStateMachine starting scan for "YOU SHALL NOT PASS"WPA_PSK with 2437
W/Wifi    ( 3556): Failed to read packet and byte counts from wifi interface
W/Wifi    ( 3556): Failed to read packet and byte counts from wifi interface
W/Wifi    ( 3556): Failed to read packet and byte counts from wifi interface
W/Wifi    ( 3556): Failed to read packet and byte counts from wifi interface
W/Wifi    ( 3556): Failed to read packet and byte counts from wifi interface
W/Wifi    ( 3556): Failed to read packet and byte counts from wifi interface
W/Wifi    ( 3556): Failed to read packet and byte counts from wifi interface
W/Wifi    ( 3556): Failed to read packet and byte counts from wifi interface
W/Wifi    ( 3556): Failed to read packet and byte counts from wifi interface
W/Wifi    ( 3556): Failed to read packet and byte counts from wifi interface
W/Wifi    ( 3556): Failed to read packet and byte counts from wifi interface
W/Wifi    ( 3556): Failed to read packet and byte counts from wifi interface
W/Wifi    ( 3556): Failed to read packet and byte counts from wifi interface
W/Wifi    ( 3556): Failed to read packet and byte counts from wifi interface
W/Wifi    ( 3556): Failed to read packet and byte counts from wifi interface
I/vgn     (  855): 35-GetDeviceDataUploadOptInStatusOperation -- metadata{ service_id: 0 }
I/vgn     (  855): 35-GetDeviceDataUploadOptInStatusOperation -- metadata{ service_id: 0 }
W/Wifi    ( 3556): Failed to read packet and byte counts from wifi interface
W/Wifi    ( 3556): Failed to read packet and byte counts from wifi interface
W/Wifi    ( 3556): Failed to read packet and byte counts from wifi interface
W/Wifi    ( 3556): Failed to read packet and byte counts from wifi interface
W/Wifi    ( 3556): Failed to read packet and byte counts from wifi interface
E/WifiStateMachine(  455): WifiStateMachine CMD_START_SCAN source -2 txSuccessRate=0.00 rxSuccessRate=0.63 targetRoamBSSID=any RSSI=-45
E/WifiStateMachine(  455): WifiStateMachine starting scan for "YOU SHALL NOT PASS"WPA_PSK with 2437
W/Wifi    ( 3556): Failed to read packet and byte counts from wifi interface
W/Wifi    ( 3556): Failed to read packet and byte counts from wifi interface
I/DeviceStateChecker( 1033): screenOn: true, isCharging: true
W/Wifi    ( 3556): Failed to read packet and byte counts from wifi interface
W/Wifi    ( 3556): Failed to read packet and byte counts from wifi interface
W/Wifi    ( 3556): Failed to read packet and byte counts from wifi interface
W/Wifi    ( 3556): Failed to read packet and byte counts from wifi interface
W/Wifi    ( 3556): Failed to read packet and byte counts from wifi interface
W/Wifi    ( 3556): Failed to read packet and byte counts from wifi interface
W/Wifi    ( 3556): Failed to read packet and byte counts from wifi interface
W/Wifi    ( 3556): Failed to read packet and byte counts from wifi interface
W/Wifi    ( 3556): Failed to read packet and byte counts from wifi interface
W/Wifi    ( 3556): Failed to read packet and byte counts from wifi interface
W/Wifi    ( 3556): Failed to read packet and byte counts from wifi interface
W/Wifi    ( 3556): Failed to read packet and byte counts from wifi interface
W/Wifi    ( 3556): Failed to read packet and byte counts from wifi interface
W/Wifi    ( 3556): Failed to read packet and byte counts from wifi interface
W/Wifi    ( 3556): Failed to read packet and byte counts from wifi interface
W/Wifi    ( 3556): Failed to read packet and byte counts from wifi interface
W/Wifi    ( 3556): Failed to read packet and byte counts from wifi interface
W/Wifi    ( 3556): Failed to read packet and byte counts from wifi interface
E/WifiStateMachine(  455): WifiStateMachine CMD_START_SCAN source -2 txSuccessRate=0.00 rxSuccessRate=0.03 targetRoamBSSID=any RSSI=-42
W/Wifi    ( 3556): Failed to read packet and byte counts from wifi interface
W/ctxmgr  (  855): [AclManager]No 2 for (accnt=account#-517948760#, com.google.android.gms(10008):IndoorOutdoorProducer, vrsn=12685000, 0, 3pPkg = null ,  3pMdlId = null ,  pid = 855). Was: 3 for 57, account#-517948760#
E/WifiNetworkScoreCache(  455): updateScores list size=5
W/Wifi    ( 3556): Failed to read packet and byte counts from wifi interface
W/Wifi    ( 3556): Failed to read packet and byte counts from wifi interface
W/Wifi    ( 3556): Failed to read packet and byte counts from wifi interface
W/Wifi    ( 3556): Failed to read packet and byte counts from wifi interface
W/Wifi    ( 3556): Failed to read packet and byte counts from wifi interface
D/AndroidRuntime( 4632): >>>>>> START com.android.internal.os.RuntimeInit uid 2000 <<<<<<
D/AndroidRuntime( 4632): CheckJNI is OFF
W/Wifi    ( 3556): Failed to read packet and byte counts from wifi interface
D/AndroidRuntime( 4632): Calling main entry com.android.commands.pm.Pm
I/art     ( 4632): System.exit called, status: 0
I/AndroidRuntime( 4632): VM exiting with result code 0.
D/AndroidRuntime( 4645): >>>>>> START com.android.internal.os.RuntimeInit uid 2000 <<<<<<
D/AndroidRuntime( 4645): CheckJNI is OFF
D/AndroidRuntime( 4645): Calling main entry com.android.commands.pm.Pm
I/art     ( 4645): System.exit called, status: 0
I/AndroidRuntime( 4645): VM exiting with result code 0.
W/Wifi    ( 3556): Failed to read packet and byte counts from wifi interface
D/AndroidRuntime( 4683): >>>>>> START com.android.internal.os.RuntimeInit uid 2000 <<<<<<
D/AndroidRuntime( 4683): CheckJNI is OFF
D/AndroidRuntime( 4683): Calling main entry com.android.commands.monkey.Monkey
W/BroadcastQueue(  455): Skipping deliver [background] BroadcastRecord{2902c9b0 u-1 android.net.conn.CONNECTIVITY_CHANGE} to ReceiverList{3dc3b029 4683 (unknown name)/2000/u-1 remote:531ff62}: process crashing
I/ActivityManager(  455): START u0 {act=android.intent.action.MAIN cat=[android.intent.category.LAUNCHER] flg=0x10200000 cmp=com.quicinc.trepn/.userinterface.main.TrepnActivity} from uid 2000 on display 0
