W/System.err( 2773): 	at java.lang.Thread.run(Thread.java:818)
W/System.err( 2773): android.content.pm.PackageManager$NameNotFoundException
W/System.err( 2773): 	at android.app.ApplicationPackageManager.getPackageInfo(ApplicationPackageManager.java:114)
W/System.err( 2773): 	at com.estrongs.android.pop.app.c.ai.c(Unknown Source)
W/System.err( 2773): 	at com.estrongs.android.pop.app.c.ai.a(Unknown Source)
W/System.err( 2773): 	at com.estrongs.android.pop.app.scene.e.q.a(Unknown Source)
W/System.err( 2773): 	at com.estrongs.android.scanner.c.m.run(Unknown Source)
W/System.err( 2773): 	at java.util.concurrent.ThreadPoolExecutor.runWorker(ThreadPoolExecutor.java:1112)
W/System.err( 2773): 	at java.util.concurrent.ThreadPoolExecutor$Worker.run(ThreadPoolExecutor.java:587)
W/System.err( 2773): 	at java.lang.Thread.run(Thread.java:818)
W/ctxmgr  (  992): [AclManager]No 2 for (accnt=account#-517948760#, com.google.android.gms(10008):UserVelocityProducer, vrsn=12685000, 0, 3pPkg = null ,  3pMdlId = null ,  pid = 992). Was: 3 for 48, account#-517948760#
I/PlaceInferenceEngine(  992): No beacon scan available - ignoring candidates.
W/Wifi    ( 3637): Failed to read packet and byte counts from wifi interface
D/AndroidRuntime(25906): Calling main entry com.android.commands.pm.Pm
I/ActivityManager(  454): Force stopping com.android.chrome appid=10035 user=0: clear data
D/TaskPersister(  454): removeObsoleteFile: deleting file=4977_task.xml
D/TaskPersister(  454): removeObsoleteFile: deleting file=4977_task_thumbnail.png
I/GeofencerStateMachine(  992): removeGeofences: removeRequest=RemoveGeofencingRequest[REMOVE_ALL packageName=com.android.chrome]
I/ActivityManager(  454): Start proc 25926:com.android.documentsui/u0a40 for broadcast com.android.documentsui/.PackageReceiver
I/ActivityManager(  454): Start proc 25941:com.android.defcontainer/u0a4 for service com.android.defcontainer/.DefaultContainerService
I/ActivityManager(  454): Start proc 25967:com.google.android.apps.photos/u0a66 for broadcast com.google.android.apps.photos/com.google.android.libraries.social.mediastoresync.reset.impl.MediaStoreClearedReceiver
I/LocationSettingsChecker(  977): Removing dialog suppression flag for package com.android.chrome
I/Icing   (  977): doRemovePackageData com.android.chrome
I/Icing   (  977): Removing corpus key 94FBE96EEF13B8AC56FE8C01687FD8A6012559AC for package com.android.chrome
I/art     (  454): Explicit concurrent mark sweep GC freed 95476(4MB) AllocSpace objects, 19(916KB) LOS objects, 33% free, 28MB/43MB, paused 1.307ms total 137.627ms
I/art     (25906): System.exit called, status: 0
I/AndroidRuntime(25906): VM exiting with result code 0.
I/ActivityManager(  454): Start proc 25986:com.android.externalstorage/u0a6 for content provider com.android.externalstorage/.ExternalStorageProvider
I/Icing   (  977): Flash index sort hb 85 prefix-hits 400 -> 325 at 56.040ms
D/ExternalStorage(25986): After updating volumes, found 1 active roots
I/ActivityManager(  454): Start proc 26002:com.google.android.apps.docs/u0a41 for content provider com.google.android.apps.docs/.storagebackend.StorageBackendContentProvider
W/Wifi    ( 3637): Failed to read packet and byte counts from wifi interface
I/Icing   (  977): updateResources: need to parse xax{com.android.chrome}
I/GAv4    (26002): Google Analytics 11.0.11 is starting up. To enable debug logging on a device run:
I/GAv4    (26002):   adb shell setprop log.tag.GAv4 DEBUG
I/GAv4    (26002):   adb logcat -s GAv4
W/CoreComponentFactoryImpl(26002): RetainedComponent will not be retained if  dhg does not inherit FragmentActivity and fulfill jkg contract.
W/ctxmgr  (  992): [AclManager]No 2 for (accnt=account#-517948760#, com.google.android.gms(10008):PlacesProducer, vrsn=12685000, 0, 3pPkg = null ,  3pMdlId = null ,  pid = 992). Was: 3 for 18, account#-517948760#
W/FieldDefinition(26002): Ignoring isIndexed constraint as field also has uniqueness constraint (on just this field, and therefore SQLite will have to create an index on that. For field: com.google.android.apps.docs.database.common.FieldDefinition$a@2c517bff
W/GAv4    (26002): AnalyticsReceiver is not registered or is disabled. Register the receiver for reliable dispatching on non-Google Play devices. See http://goo.gl/8Rd3yj for instructions.
W/GAv4    (26002): CampaignTrackingReceiver is not registered, not exported or is disabled. Installation campaign tracking is not possible. See http://goo.gl/8Rd3yj for instructions.
W/GAv4    (26002): AnalyticsService not registered in the app manifest. Hits might not be delivered reliably. See http://goo.gl/8Rd3yj for instructions.
I/Icing   (  977): Indexing 94FBE96EEF13B8AC56FE8C01687FD8A6012559AC from com.android.chrome
I/ActivityManager(  454): Start proc 26031:com.android.chrome/u0a35 for content provider com.android.chrome/com.google.android.apps.chrome.icing.IcingProvider
W/DynamiteModule(26031): Local module descriptor class for com.google.android.gms.googlecertificates not found.
I/art     (  992): Explicit concurrent mark sweep GC freed 130477(6MB) AllocSpace objects, 63(4MB) LOS objects, 35% free, 28MB/44MB, paused 831us total 127.006ms
I/DynamiteModule(26031): Considering local module com.google.android.gms.googlecertificates:0 and remote module com.google.android.gms.googlecertificates:4
I/DynamiteModule(26031): Selected remote version of com.google.android.gms.googlecertificates, version >= 4
W/ResourcesManager(26031): Asset path '/system/framework/com.android.media.remotedisplay.jar' does not exist or contains no resources.
W/ResourcesManager(26031): Asset path '/system/framework/com.android.location.provider.jar' does not exist or contains no resources.
W/Wifi    ( 3637): Failed to read packet and byte counts from wifi interface
D/Documents(25926): Update found 8 roots in 1743ms
I/orc     (  992): 51-RegisterSyncOperationCall -- metadata{ service_id: 0 }
D/Documents(25926): Update found 8 roots in 1403ms
I/Icing   (  977): Indexing done 94FBE96EEF13B8AC56FE8C01687FD8A6012559AC
D/Documents(25926): Update found 8 roots in 159ms
W/Wifi    ( 3637): Failed to read packet and byte counts from wifi interface
I/vgn     (  992): 35-GetDeviceDataUploadOptInStatusOperation -- metadata{ service_id: 0 }
I/vgn     (  992): 35-GetDeviceDataUploadOptInStatusOperation -- metadata{ service_id: 0 }
W/Wifi    ( 3637): Failed to read packet and byte counts from wifi interface
D/AndroidRuntime(26085): >>>>>> START com.android.internal.os.RuntimeInit uid 2000 <<<<<<
D/AndroidRuntime(26085): CheckJNI is OFF
W/Flag    (26002): Duration spec must be at least 2 characters long: 
W/Flag    (26002): Duration spec must be at least 2 characters long: 
E/SQLiteLog(26002): (284) automatic index on sqlite_sq_558958CA00(entryId)
D/AndroidRuntime(26085): Calling main entry com.android.commands.am.Am
I/Trepn   (25470): Trepn 6.2s: Received intent: com.quicinc.trepn.export_to_csv; filename: Trepn_2018.06.18_213110.db; filename: HT4AMJT02334_Trepn_2018.06.18_213110.csv
D/AndroidRuntime(26085): Shutting down VM
W/FileUtils(25470): Failed to chmod(/storage/emulated/0/trepn/Trepn_2018.06.18_213110.db): android.system.ErrnoException: chmod failed: EPERM (Operation not permitted)
W/ResourcesManager(26002): Asset path '/system/framework/com.android.media.remotedisplay.jar' does not exist or contains no resources.
W/ResourcesManager(26002): Asset path '/system/framework/com.android.location.provider.jar' does not exist or contains no resources.
W/linker  (26002): /data/app/com.google.android.gms-1/lib/arm64/libgmscore.so: unused DT entry: type 0x6ffffffe arg 0x1228
W/linker  (26002): /data/app/com.google.android.gms-1/lib/arm64/libgmscore.so: unused DT entry: type 0x6fffffff arg 0x2
W/linker  (26002): /data/app/com.google.android.gms-1/lib/arm64/libconscrypt_gmscore_jni.so: unused DT entry: type 0xf arg 0x8a
W/linker  (26002): /data/app/com.google.android.gms-1/lib/arm64/libconscrypt_gmscore_jni.so: unused DT entry: type 0x6ffffffe arg 0x468
W/linker  (26002): /data/app/com.google.android.gms-1/lib/arm64/libconscrypt_gmscore_jni.so: unused DT entry: type 0x6fffffff arg 0x1
V/NativeCrypto(26002): Registering com/google/android/gms/org/conscrypt/NativeCrypto's 280 native methods...
I/art     (26002): Rejecting re-init on previously-failed class java.lang.Class<com.google.android.gms.org.conscrypt.Java7ExtendedSSLSession>
I/art     (26002): Rejecting re-init on previously-failed class java.lang.Class<com.google.android.gms.org.conscrypt.Java7ExtendedSSLSession>
I/art     (26002): Rejecting re-init on previously-failed class java.lang.Class<com.google.android.gms.org.conscrypt.Java8ExtendedSSLSession>
I/art     (26002): Rejecting re-init on previously-failed class java.lang.Class<com.google.android.gms.org.conscrypt.Java8ExtendedSSLSession>
I/ProviderInstaller(26002): Installed default security provider GmsCore_OpenSSL
W/Wifi    ( 3637): Failed to read packet and byte counts from wifi interface
W/Wifi    ( 3637): Failed to read packet and byte counts from wifi interface
W/System.err( 2773): android.content.pm.PackageManager$NameNotFoundException
W/System.err( 2773): 	at android.app.ApplicationPackageManager.getPackageInfo(ApplicationPackageManager.java:114)
W/System.err( 2773): 	at com.estrongs.android.pop.app.c.ai.c(Unknown Source)
W/System.err( 2773): 	at com.estrongs.android.pop.app.c.ai.a(Unknown Source)
W/System.err( 2773): 	at com.estrongs.android.pop.app.scene.e.q.a(Unknown Source)
W/System.err( 2773): 	at com.estrongs.android.scanner.c.m.run(Unknown Source)
W/System.err( 2773): 	at java.util.concurrent.ThreadPoolExecutor.runWorker(ThreadPoolExecutor.java:1112)
W/System.err( 2773): 	at java.util.concurrent.ThreadPoolExecutor$Worker.run(ThreadPoolExecutor.java:587)
W/System.err( 2773): 	at java.lang.Thread.run(Thread.java:818)
W/System.err( 2773): android.content.pm.PackageManager$NameNotFoundException
W/System.err( 2773): 	at android.app.ApplicationPackageManager.getPackageInfo(ApplicationPackageManager.java:114)
W/System.err( 2773): 	at com.estrongs.android.pop.app.c.ai.c(Unknown Source)
W/System.err( 2773): 	at com.estrongs.android.pop.app.c.ai.a(Unknown Source)
W/System.err( 2773): 	at com.estrongs.android.pop.app.scene.e.q.a(Unknown Source)
W/System.err( 2773): 	at com.estrongs.android.scanner.c.m.run(Unknown Source)
W/System.err( 2773): 	at java.util.concurrent.ThreadPoolExecutor.runWorker(ThreadPoolExecutor.java:1112)
W/System.err( 2773): 	at java.util.concurrent.ThreadPoolExecutor$Worker.run(ThreadPoolExecutor.java:587)
W/System.err( 2773): 	at java.lang.Thread.run(Thread.java:818)
W/System.err( 2773): android.content.pm.PackageManager$NameNotFoundException
W/System.err( 2773): 	at android.app.ApplicationPackageManager.getPackageInfo(ApplicationPackageManager.java:114)
W/System.err( 2773): 	at com.estrongs.android.pop.app.c.ai.c(Unknown Source)
W/System.err( 2773): 	at com.estrongs.android.pop.app.c.ai.a(Unknown Source)
W/System.err( 2773): 	at com.estrongs.android.pop.app.scene.e.q.a(Unknown Source)
W/System.err( 2773): 	at com.estrongs.android.scanner.c.m.run(Unknown Source)
W/System.err( 2773): 	at java.util.concurrent.ThreadPoolExecutor.runWorker(ThreadPoolExecutor.java:1112)
W/System.err( 2773): 	at java.util.concurrent.ThreadPoolExecutor$Worker.run(ThreadPoolExecutor.java:587)
W/System.err( 2773): 	at java.lang.Thread.run(Thread.java:818)
W/System.err( 2773): android.content.pm.PackageManager$NameNotFoundException
W/System.err( 2773): 	at android.app.ApplicationPackageManager.getPackageInfo(ApplicationPackageManager.java:114)
W/System.err( 2773): 	at com.estrongs.android.pop.app.c.ai.c(Unknown Source)
W/System.err( 2773): 	at com.estrongs.android.pop.app.c.ai.a(Unknown Source)
W/System.err( 2773): 	at com.estrongs.android.pop.app.scene.e.q.a(Unknown Source)
W/System.err( 2773): 	at com.estrongs.android.scanner.c.m.run(Unknown Source)
W/System.err( 2773): 	at java.util.concurrent.ThreadPoolExecutor.runWorker(ThreadPoolExecutor.java:1112)
W/System.err( 2773): 	at java.util.concurrent.ThreadPoolExecutor$Worker.run(ThreadPoolExecutor.java:587)
W/System.err( 2773): 	at java.lang.Thread.run(Thread.java:818)
W/Wifi    ( 3637): Failed to read packet and byte counts from wifi interface
W/Process ( 3637): Unable to open /proc/26106/status
W/Wifi    ( 3637): Failed to read packet and byte counts from wifi interface
E/WifiStateMachine(  454): WifiStateMachine CMD_START_SCAN source -2 txSuccessRate=2.77 rxSuccessRate=1.90 targetRoamBSSID=any RSSI=-48
E/WifiStateMachine(  454): WifiStateMachine starting scan for "YOU SHALL NOT PASS"WPA_PSK with 2437
W/Wifi    ( 3637): Failed to read packet and byte counts from wifi interface
W/Wifi    ( 3637): Failed to read packet and byte counts from wifi interface
W/Wifi    ( 3637): Failed to read packet and byte counts from wifi interface
W/Wifi    ( 3637): Failed to read packet and byte counts from wifi interface
W/Wifi    ( 3637): Failed to read packet and byte counts from wifi interface
W/Wifi    ( 3637): Failed to read packet and byte counts from wifi interface
W/Wifi    ( 3637): Failed to read packet and byte counts from wifi interface
W/Wifi    ( 3637): Failed to read packet and byte counts from wifi interface
W/Wifi    ( 3637): Failed to read packet and byte counts from wifi interface
W/Wifi    ( 3637): Failed to read packet and byte counts from wifi interface
E/tegra_memtrack_hal(  454): failed to read header for pid 454: Operation not permitted
E/tegra_memtrack_hal(  454): failed to read header for pid 454: Operation not permitted
E/tegra_memtrack_hal(  454): failed to read header for pid 454: Operation not permitted
E/tegra_memtrack_hal(  454): failed to read header for pid 454: Operation not permitted
E/tegra_memtrack_hal(  454): failed to read header for pid 454: Operation not permitted
I/SystemUpdate(  977): [Control,ChimeraGcmTaskService] Task started with tag: DeviceCharging.
I/SystemUpdate(  977): [Control,ChimeraGcmTaskService] Scheduling task: DeviceCharging.
I/SystemUpdate(  977): [Execution,InstallationEventIntentOperation] Handling event of type 4.
W/ChimeraUtils(  977): Non Chimera context
I/SystemUpdate(  977): [Execution,InstallationIntentOperation] Received intent: Intent { act=com.google.android.gms.update.INSTALL_UPDATE cat=[targeted_intent_op_prefix:.update.execution.InstallationIntentOperation] cmp=com.google.android.gms/.chimera.GmsIntentOperationService }.
W/ChimeraUtils(  977): Non Chimera context
I/SystemUpdate(  977): [Control,InstallationControl] Installation progress updated to (0x410, -1.000).
E/AsyncOpDispatcher(  977): Unable to get current module info in ModuleManager created with non-module Context
I/vgn     (  977): 152-DownloadPendingGroupsOperation -- metadata{ service_id: 0 }
I/SystemUpdate(  977): [Control,ChimeraGcmTaskService] Scheduling task: DeviceCharging.
I/SystemUpdate(  977): [Execution,ExecutionManager] Action non-ab-reboot executed for 0.15 seconds.
I/orc     (  992): 51-RegisterOperationCall -- metadata{ service_id: 0 }
I/agji    (  992): Scheduling Phenotype for a PhenotypeSyncImmediately(8, com.google.android.gms.icing.mdd) one off with window [1, 2] in seconds -- metadata{ service_id: 51 }
I/SystemUpdate(  977): [Execution,ExecutionManager] Action fixed-delay-execution executed for 0.02 seconds.
I/SystemUpdate(  977): [Control,ChimeraGcmTaskService] Task started with tag: DeviceCharging.
I/SystemUpdate(  977): [Control,ChimeraGcmTaskService] Scheduling task: DeviceCharging.
I/SystemUpdate(  977): [Execution,InstallationEventIntentOperation] Handling event of type 4.
I/SystemUpdate(  977): [Execution,InstallationIntentOperation] Received intent: Intent { act=com.google.android.gms.update.INSTALL_UPDATE cat=[targeted_intent_op_prefix:.update.execution.InstallationIntentOperation] cmp=com.google.android.gms/.chimera.GmsIntentOperationService }.
I/SystemUpdate(  977): [Control,ChimeraGcmTaskService] Scheduling task: DeviceCharging.
I/SystemUpdate(  977): [Execution,ExecutionManager] Action non-ab-reboot executed for 0.03 seconds.
I/SystemUpdate(  977): [Execution,ExecutionManager] Action fixed-delay-execution executed for 0.01 seconds.
W/Wifi    ( 3637): Failed to read packet and byte counts from wifi interface
W/Wifi    ( 3637): Failed to read packet and byte counts from wifi interface
I/orc     (  992): 51-RegisterOperationCall -- metadata{ service_id: 0 }
I/orc     (  992): 51-RegisterOperationCall -- metadata{ service_id: 0 }
W/Conscrypt(  992): Could not set socket write timeout: java.lang.reflect.InvocationTargetException
W/Conscrypt(  992): 	at java.lang.reflect.Method.invoke(Native Method)
W/Conscrypt(  992): 	at java.lang.reflect.Method.invoke(Method.java:372)
W/Conscrypt(  992): Caused by: android.system.ErrnoException: setsockopt failed: EBADF (Bad file number)
W/Conscrypt(  992): 	at libcore.io.Posix.setsockoptTimeval(Native Method)
W/Conscrypt(  992): 	at libcore.io.ForwardingOs.setsockoptTimeval(ForwardingOs.java:147)
W/Conscrypt(  992): Could not set socket write timeout: java.lang.reflect.InvocationTargetException
W/Conscrypt(  992): 	at java.lang.reflect.Method.invoke(Native Method)
W/Conscrypt(  992): 	at java.lang.reflect.Method.invoke(Method.java:372)
W/Conscrypt(  992): Caused by: android.system.ErrnoException: setsockopt failed: EBADF (Bad file number)
W/Conscrypt(  992): 	at libcore.io.Posix.setsockoptTimeval(Native Method)
W/Conscrypt(  992): 	at libcore.io.ForwardingOs.setsockoptTimeval(ForwardingOs.java:147)
W/Wifi    ( 3637): Failed to read packet and byte counts from wifi interface
I/SystemUpdate(  977): [Control,ChimeraGcmTaskService] Task started with tag: DeviceCharging.
I/SystemUpdate(  977): [Control,ChimeraGcmTaskService] Scheduling task: DeviceCharging.
I/SystemUpdate(  977): [Execution,InstallationEventIntentOperation] Handling event of type 4.
I/SystemUpdate(  977): [Execution,InstallationIntentOperation] Received intent: Intent { act=com.google.android.gms.update.INSTALL_UPDATE cat=[targeted_intent_op_prefix:.update.execution.InstallationIntentOperation] cmp=com.google.android.gms/.chimera.GmsIntentOperationService }.
I/SystemUpdate(  977): [Control,InstallationControl] Installation progress updated to (0x410, -1.000).
I/SystemUpdate(  977): [Control,ChimeraGcmTaskService] Scheduling task: DeviceCharging.
I/SystemUpdate(  977): [Execution,ExecutionManager] Action non-ab-reboot executed for 0.14 seconds.
I/SystemUpdate(  977): [Execution,ExecutionManager] Action fixed-delay-execution executed for 0.01 seconds.
I/SystemUpdate(  977): [Control,ChimeraGcmTaskService] Task started with tag: DeviceCharging.
I/SystemUpdate(  977): [Control,ChimeraGcmTaskService] Scheduling task: DeviceCharging.
I/SystemUpdate(  977): [Execution,InstallationEventIntentOperation] Handling event of type 4.
I/SystemUpdate(  977): [Execution,InstallationIntentOperation] Received intent: Intent { act=com.google.android.gms.update.INSTALL_UPDATE cat=[targeted_intent_op_prefix:.update.execution.InstallationIntentOperation] cmp=com.google.android.gms/.chimera.GmsIntentOperationService }.
I/SystemUpdate(  977): [Control,ChimeraGcmTaskService] Scheduling task: DeviceCharging.
I/SystemUpdate(  977): [Execution,ExecutionManager] Action non-ab-reboot executed for 0.05 seconds.
I/SystemUpdate(  977): [Execution,ExecutionManager] Action fixed-delay-execution executed for 0.01 seconds.
W/Wifi    ( 3637): Failed to read packet and byte counts from wifi interface
I/SystemUpdate(  977): [Control,ChimeraGcmTaskService] Task started with tag: DeviceCharging.
I/SystemUpdate(  977): [Control,ChimeraGcmTaskService] Scheduling task: DeviceCharging.
I/SystemUpdate(  977): [Execution,InstallationEventIntentOperation] Handling event of type 4.
I/SystemUpdate(  977): [Execution,InstallationIntentOperation] Received intent: Intent { act=com.google.android.gms.update.INSTALL_UPDATE cat=[targeted_intent_op_prefix:.update.execution.InstallationIntentOperation] cmp=com.google.android.gms/.chimera.GmsIntentOperationService }.
I/orc     (  992): 51-GetConfigurationSnapshotOperationCall -- metadata{ service_id: 0 }
I/SystemUpdate(  977): [Control,InstallationControl] Installation progress updated to (0x410, -1.000).
I/orc     (  992): 51-CommitToConfigurationOperationCall -- metadata{ service_id: 0 }
I/orc     (  992): 51-GetExperimentTokensOperationCall -- metadata{ service_id: 0 }
I/SystemUpdate(  977): [Control,ChimeraGcmTaskService] Scheduling task: DeviceCharging.
I/SystemUpdate(  977): [Execution,ExecutionManager] Action non-ab-reboot executed for 0.19 seconds.
I/SystemUpdate(  977): [Execution,ExecutionManager] Action fixed-delay-execution executed for 0.01 seconds.
I/orc     (  992): 51-GetConfigurationSnapshotOperationCall -- metadata{ service_id: 0 }
I/orc     (  992): 51-CommitToConfigurationOperationCall -- metadata{ service_id: 0 }
I/vgn     (  992): 35-GetDeviceDataUploadOptInStatusOperation -- metadata{ service_id: 0 }
I/agji    (  992): Scheduling adaptive one off task with window [14400, 604800] in seconds -- metadata{ service_id: 51 }
I/vgn     (  992): 35-GetDeviceDataUploadOptInStatusOperation -- metadata{ service_id: 0 }
I/SystemUpdate(  977): [Control,ChimeraGcmTaskService] Task started with tag: DeviceCharging.
I/SystemUpdate(  977): [Control,ChimeraGcmTaskService] Scheduling task: DeviceCharging.
I/SystemUpdate(  977): [Execution,InstallationEventIntentOperation] Handling event of type 4.
I/SystemUpdate(  977): [Execution,InstallationIntentOperation] Received intent: Intent { act=com.google.android.gms.update.INSTALL_UPDATE cat=[targeted_intent_op_prefix:.update.execution.InstallationIntentOperation] cmp=com.google.android.gms/.chimera.GmsIntentOperationService }.
I/SystemUpdate(  977): [Control,ChimeraGcmTaskService] Scheduling task: DeviceCharging.
I/SystemUpdate(  977): [Execution,ExecutionManager] Action non-ab-reboot executed for 0.04 seconds.
I/SystemUpdate(  977): [Execution,ExecutionManager] Action fixed-delay-execution executed for 0.01 seconds.
W/Wifi    ( 3637): Failed to read packet and byte counts from wifi interface
W/Wifi    ( 3637): Failed to read packet and byte counts from wifi interface
W/Wifi    ( 3637): Failed to read packet and byte counts from wifi interface
W/Wifi    ( 3637): Failed to read packet and byte counts from wifi interface
W/Wifi    ( 3637): Failed to read packet and byte counts from wifi interface
W/Wifi    ( 3637): Failed to read packet and byte counts from wifi interface
E/WifiStateMachine(  454): WifiStateMachine CMD_START_SCAN source -2 txSuccessRate=13.76 rxSuccessRate=12.32 targetRoamBSSID=any RSSI=-50
E/WifiStateMachine(  454): WifiStateMachine starting scan for "YOU SHALL NOT PASS"WPA_PSK with 2437
W/Wifi    ( 3637): Failed to read packet and byte counts from wifi interface
W/Wifi    ( 3637): Failed to read packet and byte counts from wifi interface
W/Wifi    ( 3637): Failed to read packet and byte counts from wifi interface
W/Wifi    ( 3637): Failed to read packet and byte counts from wifi interface
W/Wifi    ( 3637): Failed to read packet and byte counts from wifi interface
W/Wifi    ( 3637): Failed to read packet and byte counts from wifi interface
W/Wifi    ( 3637): Failed to read packet and byte counts from wifi interface
W/Wifi    ( 3637): Failed to read packet and byte counts from wifi interface
W/Wifi    ( 3637): Failed to read packet and byte counts from wifi interface
W/Wifi    ( 3637): Failed to read packet and byte counts from wifi interface
W/Wifi    ( 3637): Failed to read packet and byte counts from wifi interface
W/Wifi    ( 3637): Failed to read packet and byte counts from wifi interface
W/Wifi    ( 3637): Failed to read packet and byte counts from wifi interface
I/CwMcuSensor(  454): CwMcuSensor::flush: fd = 168, sensors_id = 0, path = /sys/class/htc_sensorhub/sensor_hub/flush, err = 0
I/art     (  454): Explicit concurrent mark sweep GC freed 56424(2MB) AllocSpace objects, 11(3MB) LOS objects, 33% free, 26MB/39MB, paused 753us total 107.835ms
I/CwMcuSensor(  454): CwMcuSensor::flush: fd = 168, sensors_id = 0, path = /sys/class/htc_sensorhub/sensor_hub/flush, err = 0
W/Wifi    ( 3637): Failed to read packet and byte counts from wifi interface
W/Wifi    ( 3637): Failed to read packet and byte counts from wifi interface
W/Wifi    ( 3637): Failed to read packet and byte counts from wifi interface
W/Wifi    ( 3637): Failed to read packet and byte counts from wifi interface
W/Wifi    ( 3637): Failed to read packet and byte counts from wifi interface
W/Wifi    ( 3637): Failed to read packet and byte counts from wifi interface
W/Wifi    ( 3637): Failed to read packet and byte counts from wifi interface
E/WifiStateMachine(  454): WifiStateMachine CMD_START_SCAN source -2 txSuccessRate=0.03 rxSuccessRate=0.15 targetRoamBSSID=any RSSI=-49
W/ctxmgr  (  992): [AclManager]No 2 for (accnt=account#-517948760#, com.google.android.gms(10008):IndoorOutdoorProducer, vrsn=12685000, 0, 3pPkg = null ,  3pMdlId = null ,  pid = 992). Was: 3 for 57, account#-517948760#
W/Wifi    ( 3637): Failed to read packet and byte counts from wifi interface
W/Wifi    ( 3637): Failed to read packet and byte counts from wifi interface
W/Wifi    ( 3637): Failed to read packet and byte counts from wifi interface
W/Wifi    ( 3637): Failed to read packet and byte counts from wifi interface
W/Wifi    ( 3637): Failed to read packet and byte counts from wifi interface
W/Wifi    ( 3637): Failed to read packet and byte counts from wifi interface
W/Wifi    ( 3637): Failed to read packet and byte counts from wifi interface
I/chromium(  977): [INFO:CONSOLE(0)] "Application Cache Checking event", source: https://googleads.g.doubleclick.net/mads/static/mad/sdk/native/sdk-core-v40-loader.html (0)
I/chromium(  977): [INFO:CONSOLE(0)] "Application Cache NoUpdate event", source: https://googleads.g.doubleclick.net/mads/static/mad/sdk/native/sdk-core-v40-loader.html (0)
W/Wifi    ( 3637): Failed to read packet and byte counts from wifi interface
W/Wifi    ( 3637): Failed to read packet and byte counts from wifi interface
W/Wifi    ( 3637): Failed to read packet and byte counts from wifi interface
I/PlayCommon(24299): [1723] com.google.android.play.b.g.f(543): Preparing logs for uploading
I/PlayCommon(24299): [1723] com.google.android.play.b.x.a(45): Connecting to server for timestamp: https://play.googleapis.com/play/log/timestamp
I/PlayCommon(24299): [1723] com.google.android.play.b.g.a(792): Connecting to server: https://play.googleapis.com/play/log?format=raw&proto_v2=true
I/PlayCommon(24299): [1723] com.google.android.play.b.g.a(265): Successfully uploaded logs.
W/Wifi    ( 3637): Failed to read packet and byte counts from wifi interface
W/Wifi    ( 3637): Failed to read packet and byte counts from wifi interface
W/Wifi    ( 3637): Failed to read packet and byte counts from wifi interface
W/Wifi    ( 3637): Failed to read packet and byte counts from wifi interface
W/Wifi    ( 3637): Failed to read packet and byte counts from wifi interface
I/CwMcuSensor(  454): CwMcuSensor::flush: fd = 168, sensors_id = 0, path = /sys/class/htc_sensorhub/sensor_hub/flush, err = 0
I/CwMcuSensor(  454): CwMcuSensor::flush: fd = 168, sensors_id = 0, path = /sys/class/htc_sensorhub/sensor_hub/flush, err = 0
I/vgn     (  992): 35-GetDeviceDataUploadOptInStatusOperation -- metadata{ service_id: 0 }
I/vgn     (  992): 35-GetDeviceDataUploadOptInStatusOperation -- metadata{ service_id: 0 }
W/Wifi    ( 3637): Failed to read packet and byte counts from wifi interface
W/Wifi    ( 3637): Failed to read packet and byte counts from wifi interface
W/Wifi    ( 3637): Failed to read packet and byte counts from wifi interface
W/Wifi    ( 3637): Failed to read packet and byte counts from wifi interface
W/Wifi    ( 3637): Failed to read packet and byte counts from wifi interface
E/WifiStateMachine(  454): WifiStateMachine CMD_START_SCAN source -2 txSuccessRate=4.31 rxSuccessRate=3.84 targetRoamBSSID=any RSSI=-47
E/WifiStateMachine(  454): WifiStateMachine starting scan for "YOU SHALL NOT PASS"WPA_PSK with 2437
W/Wifi    ( 3637): Failed to read packet and byte counts from wifi interface
W/Wifi    ( 3637): Failed to read packet and byte counts from wifi interface
W/Wifi    ( 3637): Failed to read packet and byte counts from wifi interface
W/Wifi    ( 3637): Failed to read packet and byte counts from wifi interface
W/Wifi    ( 3637): Failed to read packet and byte counts from wifi interface
W/Wifi    ( 3637): Failed to read packet and byte counts from wifi interface
W/Wifi    ( 3637): Failed to read packet and byte counts from wifi interface
W/Wifi    ( 3637): Failed to read packet and byte counts from wifi interface
W/Wifi    ( 3637): Failed to read packet and byte counts from wifi interface
W/Wifi    ( 3637): Failed to read packet and byte counts from wifi interface
W/Wifi    ( 3637): Failed to read packet and byte counts from wifi interface
W/Wifi    ( 3637): Failed to read packet and byte counts from wifi interface
W/Wifi    ( 3637): Failed to read packet and byte counts from wifi interface
W/Wifi    ( 3637): Failed to read packet and byte counts from wifi interface
W/Wifi    ( 3637): Failed to read packet and byte counts from wifi interface
W/Wifi    ( 3637): Failed to read packet and byte counts from wifi interface
W/Wifi    ( 3637): Failed to read packet and byte counts from wifi interface
W/Wifi    ( 3637): Failed to read packet and byte counts from wifi interface
W/Wifi    ( 3637): Failed to read packet and byte counts from wifi interface
W/Wifi    ( 3637): Failed to read packet and byte counts from wifi interface
E/WifiStateMachine(  454): WifiStateMachine CMD_START_SCAN source -2 txSuccessRate=0.01 rxSuccessRate=0.01 targetRoamBSSID=any RSSI=-51
E/WifiStateMachine(  454): WifiStateMachine starting scan for "YOU SHALL NOT PASS"WPA_PSK with 2437
W/Wifi    ( 3637): Failed to read packet and byte counts from wifi interface
W/Wifi    ( 3637): Failed to read packet and byte counts from wifi interface
W/Wifi    ( 3637): Failed to read packet and byte counts from wifi interface
W/Wifi    ( 3637): Failed to read packet and byte counts from wifi interface
W/Wifi    ( 3637): Failed to read packet and byte counts from wifi interface
W/Wifi    ( 3637): Failed to read packet and byte counts from wifi interface
W/Wifi    ( 3637): Failed to read packet and byte counts from wifi interface
W/Wifi    ( 3637): Failed to read packet and byte counts from wifi interface
W/Wifi    ( 3637): Failed to read packet and byte counts from wifi interface
W/Wifi    ( 3637): Failed to read packet and byte counts from wifi interface
W/Wifi    ( 3637): Failed to read packet and byte counts from wifi interface
W/Wifi    ( 3637): Failed to read packet and byte counts from wifi interface
W/Wifi    ( 3637): Failed to read packet and byte counts from wifi interface
W/Wifi    ( 3637): Failed to read packet and byte counts from wifi interface
W/Wifi    ( 3637): Failed to read packet and byte counts from wifi interface
W/Wifi    ( 3637): Failed to read packet and byte counts from wifi interface
W/Wifi    ( 3637): Failed to read packet and byte counts from wifi interface
W/Wifi    ( 3637): Failed to read packet and byte counts from wifi interface
W/Wifi    ( 3637): Failed to read packet and byte counts from wifi interface
W/Wifi    ( 3637): Failed to read packet and byte counts from wifi interface
E/WifiStateMachine(  454): WifiStateMachine CMD_START_SCAN source -2 txSuccessRate=0.39 rxSuccessRate=0.41 targetRoamBSSID=any RSSI=-47
E/WifiStateMachine(  454): WifiStateMachine starting scan for "YOU SHALL NOT PASS"WPA_PSK with 2437
W/Wifi    ( 3637): Failed to read packet and byte counts from wifi interface
W/Wifi    ( 3637): Failed to read packet and byte counts from wifi interface
W/Wifi    ( 3637): Failed to read packet and byte counts from wifi interface
W/Wifi    ( 3637): Failed to read packet and byte counts from wifi interface
W/Wifi    ( 3637): Failed to read packet and byte counts from wifi interface
W/Wifi    ( 3637): Failed to read packet and byte counts from wifi interface
W/Wifi    ( 3637): Failed to read packet and byte counts from wifi interface
W/Wifi    ( 3637): Failed to read packet and byte counts from wifi interface
W/Wifi    ( 3637): Failed to read packet and byte counts from wifi interface
W/Wifi    ( 3637): Failed to read packet and byte counts from wifi interface
W/Wifi    ( 3637): Failed to read packet and byte counts from wifi interface
W/Wifi    ( 3637): Failed to read packet and byte counts from wifi interface
W/Wifi    ( 3637): Failed to read packet and byte counts from wifi interface
W/Wifi    ( 3637): Failed to read packet and byte counts from wifi interface
W/Wifi    ( 3637): Failed to read packet and byte counts from wifi interface
I/ProcessStatsService(  454): Prepared write state in 8ms
I/vgn     (  992): 35-GetDeviceDataUploadOptInStatusOperation -- metadata{ service_id: 0 }
I/vgn     (  992): 35-GetDeviceDataUploadOptInStatusOperation -- metadata{ service_id: 0 }
W/Wifi    ( 3637): Failed to read packet and byte counts from wifi interface
W/Wifi    ( 3637): Failed to read packet and byte counts from wifi interface
W/Wifi    ( 3637): Failed to read packet and byte counts from wifi interface
W/Wifi    ( 3637): Failed to read packet and byte counts from wifi interface
D/AndroidRuntime(26212): >>>>>> START com.android.internal.os.RuntimeInit uid 2000 <<<<<<
D/AndroidRuntime(26212): CheckJNI is OFF
D/AndroidRuntime(26212): Calling main entry com.android.commands.am.Am
I/ActivityManager(  454): Force stopping com.android.chrome appid=10035 user=0: from pid 26212
I/ActivityManager(  454): Killing 26031:com.android.chrome/u0a35 (adj 9): stop com.android.chrome
W/ActivityManager(  454): Spurious death for ProcessRecord{20a0c73 26031:com.android.chrome/u0a35}, curProc for 26031: null
I/ActivityManager(  454): START u0 {act=android.intent.action.VIEW flg=0x10008000 cmp=com.android.chrome/com.google.android.apps.chrome.Main} from uid 2000 on display 0
V/WindowManager(  454): addAppToken: AppWindowToken{d6a692e token=Token{3c3e5fa9 ActivityRecord{2048730 u0 com.android.chrome/com.google.android.apps.chrome.Main t4979}}} to stack=1 task=4979 at 0
D/AndroidRuntime(26212): Shutting down VM
I/ActivityManager(  454): Start proc 26224:com.android.chrome/u0a35 for activity com.android.chrome/com.google.android.apps.chrome.Main
W/Wifi    ( 3637): Failed to read packet and byte counts from wifi interface
W/DynamiteModule(26224): Local module descriptor class for com.google.android.gms.googlecertificates not found.
I/DynamiteModule(26224): Considering local module com.google.android.gms.googlecertificates:0 and remote module com.google.android.gms.googlecertificates:4
I/DynamiteModule(26224): Selected remote version of com.google.android.gms.googlecertificates, version >= 4
W/ResourcesManager(26224): Asset path '/system/framework/com.android.media.remotedisplay.jar' does not exist or contains no resources.
W/ResourcesManager(26224): Asset path '/system/framework/com.android.location.provider.jar' does not exist or contains no resources.
I/cr_InstantAppsHandler(26224): Not handling with Instant Apps (other)
I/ActivityManager(  454): START u0 {cmp=com.android.chrome/org.chromium.chrome.browser.firstrun.FirstRunActivity (has extras)} from uid 10035 on display 0
V/WindowManager(  454): addAppToken: AppWindowToken{2d7b6c7 token=Token{382a7006 ActivityRecord{22615ae1 u0 com.android.chrome/org.chromium.chrome.browser.firstrun.FirstRunActivity t4980}}} to stack=1 task=4980 at 0
E/WifiStateMachine(  454): WifiStateMachine CMD_START_SCAN source -2 txSuccessRate=1.13 rxSuccessRate=1.19 targetRoamBSSID=any RSSI=-46
E/WifiStateMachine(  454): WifiStateMachine starting scan for "YOU SHALL NOT PASS"WPA_PSK with 2437
I/cr_LibraryLoader(26224): Using linker: org.chromium.base.library_loader.LegacyLinker
W/linker  (26224): libchromium_android_linker.so: unused DT entry: type 0x6ffffffe arg 0xce8
W/linker  (26224): libchromium_android_linker.so: unused DT entry: type 0x6fffffff arg 0x3
D/OpenGLRenderer(26224): Use EGL_SWAP_BEHAVIOR_PRESERVED: true
V/WindowManager(  454): Based on layer: Adding window Window{5eeb7bf u0 com.android.chrome/org.chromium.chrome.browser.firstrun.FirstRunActivity} at 3 of 17
W/cr_ChildProcLH(26224): Create a new ChildConnectionAllocator with package name = com.android.chrome, sandboxed = true
I/cr_LibraryLoader(26224): Loading chrome from within /data/app/com.android.chrome-2/base.apk
I/ActivityManager(  454): Start proc 26254:com.android.chrome:sandboxed_process0/u0i182 for service com.android.chrome/org.chromium.content.app.SandboxedProcessService0
I/cr_base (26224): Extracting resource /data/data/com.android.chrome/app_chrome/paks/en-GB.pak@12da8129
I/cr_base (26224): Extracting resource /data/data/com.android.chrome/app_chrome/paks/en-US.pak@12da8129
W/dboxed_process0(26254): type=1400 audit(0.0:194): avc: denied { search } for name="tmp" dev="dm-0" ino=49 scontext=u:r:isolated_app:s0 tcontext=u:object_r:shell_data_file:s0 tclass=dir permissive=0
I/cr_ChildProcessService(26254): Creating new ChildProcessService pid=26254
I/OpenGLRenderer(26224): Initialized EGL, version 1.4
D/OpenGLRenderer(26224): Enabling debug mode 0
I/cr_LibraryLoader(26224): Time to load native libraries: 256 ms (timestamps 2898-3154)
I/chromium(26224): [INFO:library_loader_hooks.cc(136)] Chromium logging enabled: level = 0, default verbosity = 0
I/cr_LibraryLoader(26224): Expected native library version number "61.0.3163.98", actual native library version number "61.0.3163.98"
I/ActivityManager(  454): Displayed com.android.chrome/org.chromium.chrome.browser.firstrun.FirstRunActivity: +503ms (total +3m12s190ms)
I/cr_VariationsSeedFetch(26224): Fetched first run seed in 549 ms
I/cr_BrowserStartup(26224): Initializing chromium process, singleProcess=false
W/Wifi    ( 3637): Failed to read packet and byte counts from wifi interface
I/ActivityManager(  454): Start proc 26296:com.android.chrome:privileged_process0/u0a35 for service com.android.chrome/org.chromium.content.app.PrivilegedProcessService0
I/art     (26224): Background sticky concurrent mark sweep GC freed 19136(1483KB) AllocSpace objects, 18(716KB) LOS objects, 16% free, 9MB/11MB, paused 2.553ms total 140.522ms
I/cr_ChildProcessService(26296): Creating new ChildProcessService pid=26296
D/ConnectivityService(  454): listenForNetwork for NetworkRequest [ id=181, legacyType=-1, [ Capabilities: INTERNET&NOT_RESTRICTED&TRUSTED] ]
D/ConnectivityService(  454): handleRegisterNetworkRequest checking NetworkAgentInfo [WIFI () - 101]
D/ConnectivityService(  454): apparently satisfied.  currentScore=60
D/ConnectivityManager.CallbackHandler(26224): CM callback handler got msg 524290
I/cr_SnippetsLauncher(26224): Scheduling: 172800 172800
I/cr_LibraryLoader(26296): Using linker: org.chromium.base.library_loader.LegacyLinker
D/ConnectivityService(  454): listenForNetwork for NetworkRequest [ id=182, legacyType=-1, [ Capabilities: INTERNET&NOT_RESTRICTED&TRUSTED] ]
W/linker  (26296): libchromium_android_linker.so: unused DT entry: type 0x6ffffffe arg 0xce8
W/linker  (26296): libchromium_android_linker.so: unused DT entry: type 0x6fffffff arg 0x3
I/orc     (  977): 28-GetActiveNetworkQuality -- metadata{ service_id: 0 }
D/ConnectivityService(  454): handleRegisterNetworkRequest checking NetworkAgentInfo [WIFI () - 101]
D/ConnectivityService(  454): apparently satisfied.  currentScore=60
D/ConnectivityManager.CallbackHandler(26224): CM callback handler got msg 524290
I/cr_LibraryLoader(26296): Loading chrome from within /data/app/com.android.chrome-2/base.apk
I/orc     (  977): 28-GetActiveNetworkQuality -- metadata{ service_id: 0 }
W/cr_KnoxSettingsProvider(26224): Permission to read device policy denied.
I/cr_LibraryLoader(26296): Time to load native libraries: 72 ms (timestamps 3966-4038)
I/chromium(26296): [INFO:library_loader_hooks.cc(136)] Chromium logging enabled: level = 0, default verbosity = 0
I/cr_LibraryLoader(26296): Expected native library version number "61.0.3163.98", actual native library version number "61.0.3163.98"
E/libEGL  (26296): validate_display:255 error 3008 (EGL_BAD_DISPLAY)
W/Herrevad(  977): [1838] wux.b: Invalid mccmnc 
W/Herrevad(  977): [1838] wux.b: Invalid mccmnc 
W/VideoCapabilities(26296): Unsupported mime video/mpeg2
W/AudioCapabilities(26296): Unsupported mime audio/mpeg-L2
W/VideoCapabilities(26296): Unrecognized level 0 for video/x-vnd.on2.vp8
I/VideoCapabilities(26296): Unsupported profile 4 for video/mp4v-es
W/cr_MediaCodecUtil(26296): HW encoder for video/avc is not available on this device.
W/Herrevad(  977): [1838] wux.b: Invalid mccmnc 
W/Herrevad(  977): [1838] wux.b: Invalid mccmnc 
W/Wifi    ( 3637): Failed to read packet and byte counts from wifi interface
W/Wifi    ( 3637): Failed to read packet and byte counts from wifi interface
W/Wifi    ( 3637): Failed to read packet and byte counts from wifi interface
W/Wifi    ( 3637): Failed to read packet and byte counts from wifi interface
D/AndroidRuntime(26323): >>>>>> START com.android.internal.os.RuntimeInit uid 2000 <<<<<<
D/AndroidRuntime(26323): CheckJNI is OFF
D/AndroidRuntime(26323): Calling main entry com.android.commands.input.Input
I/Input   (26323): injectMotionEvent: MotionEvent { action=ACTION_DOWN, id[0]=0, x[0]=700.0, y[0]=1550.0, toolType[0]=TOOL_TYPE_UNKNOWN, buttonState=0, metaState=0, flags=0x0, edgeFlags=0x0, pointerCount=1, historySize=0, eventTime=14508655, downTime=14508655, deviceId=0, source=0x1002 }
I/Input   (26323): injectMotionEvent: MotionEvent { action=ACTION_UP, id[0]=0, x[0]=700.0, y[0]=1550.0, toolType[0]=TOOL_TYPE_UNKNOWN, buttonState=0, metaState=0, flags=0x0, edgeFlags=0x0, pointerCount=1, historySize=0, eventTime=14508655, downTime=14508655, deviceId=0, source=0x1002 }
D/AndroidRuntime(26323): Shutting down VM
D/audio_hw_primary(  208): out_set_parameters: enter: usecase(0: playback) kvpairs: routing=2 out->devices(2) adev->mode(0)
W/Wifi    ( 3637): Failed to read packet and byte counts from wifi interface
I/art     (26224): WaitForGcToComplete blocked for 48.639ms for cause HeapTrim
I/cr_LibraryLoader(26254): Using linker: org.chromium.base.library_loader.LegacyLinker
W/linker  (26254): libchromium_android_linker.so: unused DT entry: type 0x6ffffffe arg 0xce8
W/linker  (26254): libchromium_android_linker.so: unused DT entry: type 0x6fffffff arg 0x3
I/cr_LibraryLoader(26254): Loading chrome from within /data/app/com.android.chrome-2/base.apk
I/cr_LibraryLoader(26254): Time to load native libraries: 51 ms (timestamps 9581-9632)
I/chromium(26254): [INFO:library_loader_hooks.cc(136)] Chromium logging enabled: level = 0, default verbosity = 0
I/cr_LibraryLoader(26254): Expected native library version number "61.0.3163.98", actual native library version number "61.0.3163.98"
W/Wifi    ( 3637): Failed to read packet and byte counts from wifi interface
W/Wifi    ( 3637): Failed to read packet and byte counts from wifi interface
W/Wifi    ( 3637): Failed to read packet and byte counts from wifi interface
W/Wifi    ( 3637): Failed to read packet and byte counts from wifi interface
W/Wifi    ( 3637): Failed to read packet and byte counts from wifi interface
D/AndroidRuntime(26352): >>>>>> START com.android.internal.os.RuntimeInit uid 2000 <<<<<<
D/AndroidRuntime(26352): CheckJNI is OFF
D/AndroidRuntime(26352): Calling main entry com.android.commands.input.Input
I/Input   (26352): injectMotionEvent: MotionEvent { action=ACTION_DOWN, id[0]=0, x[0]=372.0, y[0]=1530.0, toolType[0]=TOOL_TYPE_UNKNOWN, buttonState=0, metaState=0, flags=0x0, edgeFlags=0x0, pointerCount=1, historySize=0, eventTime=14514577, downTime=14514577, deviceId=0, source=0x1002 }
I/Input   (26352): injectMotionEvent: MotionEvent { action=ACTION_UP, id[0]=0, x[0]=372.0, y[0]=1530.0, toolType[0]=TOOL_TYPE_UNKNOWN, buttonState=0, metaState=0, flags=0x0, edgeFlags=0x0, pointerCount=1, historySize=0, eventTime=14514577, downTime=14514577, deviceId=0, source=0x1002 }
D/AndroidRuntime(26352): Shutting down VM
D/audio_hw_primary(  208): out_set_parameters: enter: usecase(0: playback) kvpairs: routing=2 out->devices(2) adev->mode(0)
I/ActivityManager(  454): START u0 {act=android.intent.action.VIEW flg=0x10808000 cmp=com.android.chrome/com.google.android.apps.chrome.Main (has extras)} from uid 10035 on display 0
V/WindowManager(  454): addAppToken: AppWindowToken{24551552 token=Token{10dd55dd ActivityRecord{145165b4 u0 com.android.chrome/com.google.android.apps.chrome.Main t4981}}} to stack=1 task=4981 at 0
D/ConnectivityService(  454): releasing NetworkRequest NetworkRequest [ id=182, legacyType=-1, [ Capabilities: INTERNET&NOT_RESTRICTED&TRUSTED] ]
D/ConnectivityManager.CallbackHandler(26224): CM callback handler got msg 524296
I/chromium(26254): [INFO:child_process_service_impl.cc(70)] ChildProcessServiceImpl: Exiting child process.
W/libprocessgroup(  454): failed to open /acct/uid_10035/pid_26254/cgroup.procs: No such file or directory
I/ActivityManager(  454): Process com.android.chrome:sandboxed_process0 (pid 26254) has died
W/ActivityManager(  454): Scheduling restart of crashed service com.android.chrome/org.chromium.content.app.SandboxedProcessService0 in 1000ms
W/Wifi    ( 3637): Failed to read packet and byte counts from wifi interface
D/ConnectivityService(  454): listenForNetwork for NetworkRequest [ id=183, legacyType=-1, [ Capabilities: INTERNET&NOT_RESTRICTED&TRUSTED] ]
D/ConnectivityService(  454): handleRegisterNetworkRequest checking NetworkAgentInfo [WIFI () - 101]
D/ConnectivityService(  454): apparently satisfied.  currentScore=60
D/ConnectivityManager.CallbackHandler(26224): CM callback handler got msg 524290
I/cr_InstantAppsHandler(26224): Not handling with Instant Apps (other)
I/ActivityManager(  454): START u0 {act=android.intent.action.VIEW flg=0x14002000 cmp=com.android.chrome/org.chromium.chrome.browser.ChromeTabbedActivity (has extras)} from uid 10035 on display 0
V/WindowManager(  454): addAppToken: AppWindowToken{f71fcaa token=Token{1a3a6395 ActivityRecord{2b97b74c u0 com.android.chrome/org.chromium.chrome.browser.ChromeTabbedActivity t4982}}} to stack=1 task=4982 at 0
W/cr_ChildProcessConn(