V/RenderScript(  903): 0x55895054a0 Launching thread(s), CPUs 2
W/SessionLifecycleManager(24515): Handover failed. Creating new session controller.
I/MicroDetectionWorker(24515): #updateMicroDetector [detectionMode: [mDetectionMode: [1]]]
I/MicroDetectionWorker(24515): #startMicroDetector [speakerMode: 0]
D/BluetoothAdapter(24515): 231899235: getState() :  mService = null. Returning STATE_OFF
D/BluetoothAdapter(24515): 231899235: getState() :  mService = null. Returning STATE_OFF
I/VoiceSearchSettings(24515): Hotword upgrade key is null!
D/BluetoothAdapter(24515): 231899235: getState() :  mService = null. Returning STATE_OFF
I/VoiceSearchSettings(24515): Hotword upgrade key is null!
W/Wifi    ( 3637): Failed to read packet and byte counts from wifi interface
I/MicroDetectionWorker(24515): onReady
D/BluetoothAdapter(24515): 231899235: getState() :  mService = null. Returning STATE_OFF
I/MicroRecognitionRunner(24515): Starting detection.
I/MicrophoneInputStream(24515): mic_starting com.google.android.apps.gsa.speech.audio.af@24fabf41
I/AudioFlinger(  208): AudioFlinger's thread 0xab7bd7e0 ready to run
I/SoundTriggerHwService::Module(  208): void android::SoundTriggerHwService::Module::onCallbackEvent(const android::sp<android::SoundTriggerHwService::CallbackEvent>&) mClient == 0
I/MicrophoneInputStream(24515): mic_started com.google.android.apps.gsa.speech.audio.af@24fabf41
I/MicroDetectionWorker(24515): onReady
W/OpenGLRenderer(  903): Incorrectly called buildLayer on View: ShortcutAndWidgetContainer, destroying layer...
W/Wifi    ( 3637): Failed to read packet and byte counts from wifi interface
D/AndroidRuntime(24587): >>>>>> START com.android.internal.os.RuntimeInit uid 2000 <<<<<<
D/AndroidRuntime(24587): CheckJNI is OFF
W/Wifi    ( 3637): Failed to read packet and byte counts from wifi interface
D/AndroidRuntime(24587): Calling main entry com.android.commands.pm.Pm
I/art     (24587): System.exit called, status: 0
I/AndroidRuntime(24587): VM exiting with result code 0.
D/AndroidRuntime(24600): >>>>>> START com.android.internal.os.RuntimeInit uid 2000 <<<<<<
D/AndroidRuntime(24600): CheckJNI is OFF
D/AndroidRuntime(24600): Calling main entry com.android.commands.pm.Pm
I/art     (24600): System.exit called, status: 0
I/AndroidRuntime(24600): VM exiting with result code 0.
W/Wifi    ( 3637): Failed to read packet and byte counts from wifi interface
I/vgn     (  992): 35-GetDeviceDataUploadOptInStatusOperation -- metadata{ service_id: 0 }
I/vgn     (  992): 35-GetDeviceDataUploadOptInStatusOperation -- metadata{ service_id: 0 }
D/AndroidRuntime(24631): >>>>>> START com.android.internal.os.RuntimeInit uid 2000 <<<<<<
D/AndroidRuntime(24631): CheckJNI is OFF
D/AndroidRuntime(24631): Calling main entry com.android.commands.monkey.Monkey
W/BroadcastQueue(  454): Skipping deliver [background] BroadcastRecord{f8f159b u-1 android.net.conn.CONNECTIVITY_CHANGE} to ReceiverList{9639d38 24631 (unknown name)/2000/u-1 remote:15722095}: process crashing
I/ActivityManager(  454): START u0 {act=android.intent.action.MAIN cat=[android.intent.category.LAUNCHER] flg=0x10200000 cmp=com.quicinc.trepn/.userinterface.main.TrepnActivity} from uid 2000 on display 0
V/WindowManager(  454): addAppToken: AppWindowToken{363f7077 token=Token{7bb4276 ActivityRecord{2aa13111 u0 com.quicinc.trepn/.userinterface.main.TrepnActivity t4969}}} to stack=1 task=4969 at 0
V/WindowManager(  454): Adding window Window{35042a4e u0 Starting com.quicinc.trepn} at 3 of 17 (after Window{f84c8d0 u0 com.google.android.googlequicksearchbox/com.google.android.launcher.GEL})
I/CwMcuSensor(  454): CwMcuSensor::flush: fd = 251, sensors_id = 0, path = /sys/class/htc_sensorhub/sensor_hub/flush, err = 0
W/Wifi    ( 3637): Failed to read packet and byte counts from wifi interface
I/art     (24631): System.exit called, status: 0
I/AndroidRuntime(24631): VM exiting with result code 0.
V/WindowManager(  454): Adding window Window{1376567 u0 com.quicinc.trepn/com.quicinc.trepn.userinterface.main.TrepnActivity} at 3 of 18 (before Window{35042a4e u0 Starting com.quicinc.trepn})
I/ActivityManager(  454): Displayed com.quicinc.trepn/.userinterface.main.TrepnActivity: +183ms
I/MemoryTrimmer(  903): Trimming objects from memory, since app is in the background.
I/PBSessionCacheImpl(24515): Deleted sessionId[15477175767116] from persistence.
I/MicroDetector(24515): Keeping mic open: false
I/DeviceStateChecker(24515): DeviceStateChecker cancelled
I/AudioController(24515): internalShutdown
I/MicrophoneInputStream(24515): mic_close com.google.android.apps.gsa.speech.audio.af@24fabf41
I/SoundTriggerHwService::Module(  208): void android::SoundTriggerHwService::Module::onCallbackEvent(const android::sp<android::SoundTriggerHwService::CallbackEvent>&) mClient == 0
I/MicroRecognitionRunner(24515): Stopping hotword detection.
I/MicroRecognitionRunner(24515): Detection finished
W/Wifi    ( 3637): Failed to read packet and byte counts from wifi interface
W/System.err( 2773): android.content.pm.PackageManager$NameNotFoundException
W/System.err( 2773): 	at android.app.ApplicationPackageManager.getPackageInfo(ApplicationPackageManager.java:114)
W/System.err( 2773): 	at com.estrongs.android.pop.app.c.ai.c(Unknown Source)
W/System.err( 2773): 	at com.estrongs.android.pop.app.c.ai.a(Unknown Source)
W/System.err( 2773): 	at com.estrongs.android.pop.app.scene.e.q.a(Unknown Source)
W/System.err( 2773): 	at com.estrongs.android.scanner.c.m.run(Unknown Source)
W/System.err( 2773): 	at java.util.concurrent.ThreadPoolExecutor.runWorker(ThreadPoolExecutor.java:1112)
W/System.err( 2773): 	at java.util.concurrent.ThreadPoolExecutor$Worker.run(ThreadPoolExecutor.java:587)
W/System.err( 2773): 	at java.lang.Thread.run(Thread.java:818)
W/System.err( 2773): android.content.pm.PackageManager$NameNotFoundException
W/System.err( 2773): 	at android.app.ApplicationPackageManager.getPackageInfo(ApplicationPackageManager.java:114)
W/System.err( 2773): 	at com.estrongs.android.pop.app.c.ai.c(Unknown Source)
W/System.err( 2773): 	at com.estrongs.android.pop.app.c.ai.a(Unknown Source)
W/System.err( 2773): 	at com.estrongs.android.pop.app.scene.e.q.a(Unknown Source)
W/System.err( 2773): 	at com.estrongs.android.scanner.c.m.run(Unknown Source)
W/System.err( 2773): 	at java.util.concurrent.ThreadPoolExecutor.runWorker(ThreadPoolExecutor.java:1112)
W/System.err( 2773): 	at java.util.concurrent.ThreadPoolExecutor$Worker.run(ThreadPoolExecutor.java:587)
W/System.err( 2773): 	at java.lang.Thread.run(Thread.java:818)
W/Wifi    ( 3637): Failed to read packet and byte counts from wifi interface
W/Wifi    ( 3637): Failed to read packet and byte counts from wifi interface
W/Wifi    ( 3637): Failed to read packet and byte counts from wifi interface
E/WifiStateMachine(  454): WifiStateMachine CMD_START_SCAN source -2 txSuccessRate=2.46 rxSuccessRate=2.68 targetRoamBSSID=any RSSI=-60
E/WifiStateMachine(  454): WifiStateMachine starting scan for "YOU SHALL NOT PASS"WPA_PSK with 2437
W/Wifi    ( 3637): Failed to read packet and byte counts from wifi interface
D/AndroidRuntime(24651): >>>>>> START com.android.internal.os.RuntimeInit uid 2000 <<<<<<
D/AndroidRuntime(24651): CheckJNI is OFF
D/AndroidRuntime(24651): Calling main entry com.android.commands.am.Am
I/Trepn   (23752): Trepn 6.2s: Received intent: com.quicinc.trepn.load_preferences; filename: /sdcard/trepn/saved_preferences/trepn.pref
D/AndroidRuntime(24651): Shutting down VM
I/vgn     (  992): 67-RequestPlaceUpdates -- metadata{ service_id: 0 }
I/vgn     (  992): 67-RemovePlaceUpdates -- metadata{ service_id: 0 }
W/Wifi    ( 3637): Failed to read packet and byte counts from wifi interface
I/art     (  454): Explicit concurrent mark sweep GC freed 27340(1337KB) AllocSpace objects, 6(9MB) LOS objects, 33% free, 26MB/39MB, paused 620us total 92.775ms
I/Places  (  992): ?: PlacesBleScanner stop()
I/BeaconBle(  992): Scan canceled successfully.
I/PlaceInferenceEngine(  992): [anon] Changed inference mode: 0
I/GeofencerStateMachine(  992): removeGeofences: removeRequest=RemoveGeofencingRequest[REMOVE_BY_PENDING_INTENT pendingIntent=PendingIntent[creatorPackage=com.google.android.gms], packageName=null]
W/Wifi    ( 3637): Failed to read packet and byte counts from wifi interface
D/AndroidRuntime(24664): >>>>>> START com.android.internal.os.RuntimeInit uid 2000 <<<<<<
D/AndroidRuntime(24664): CheckJNI is OFF
D/AndroidRuntime(24664): Calling main entry com.android.commands.am.Am
I/ActivityManager(  454): Force stopping com.quicinc.trepn appid=10091 user=0: from pid 24664
I/ActivityManager(  454): Killing 23752:com.quicinc.trepn/u0a91 (adj 0): stop com.quicinc.trepn
W/InputDispatcher(  454): channel '1376567 com.quicinc.trepn/com.quicinc.trepn.userinterface.main.TrepnActivity (server)' ~ Consumer closed input channel or an error occurred.  events=0x9
E/InputDispatcher(  454): channel '1376567 com.quicinc.trepn/com.quicinc.trepn.userinterface.main.TrepnActivity (server)' ~ Channel is unrecoverably broken and will be disposed!
I/WindowState(  454): WIN DEATH: Window{1376567 u0 com.quicinc.trepn/com.quicinc.trepn.userinterface.main.TrepnActivity}
W/InputDispatcher(  454): Attempted to unregister already unregistered input channel '1376567 com.quicinc.trepn/com.quicinc.trepn.userinterface.main.TrepnActivity (server)'
W/ActivityManager(  454): Scheduling restart of crashed service com.quicinc.trepn/.TrepnService in 1000ms
W/ActivityManager(  454): Force removing ActivityRecord{2aa13111 u0 com.quicinc.trepn/.userinterface.main.TrepnActivity t4969}: app died, no saved state
I/ActivityManager(  454):   Force stopping service ServiceRecord{2222e78f u0 com.quicinc.trepn/.TrepnService}
W/ActivityManager(  454): Spurious death for ProcessRecord{1dfdf76f 23752:com.quicinc.trepn/u0a91}, curProc for 23752: null
D/AndroidRuntime(24664): Shutting down VM
I/OpenGLRenderer(  903): Initialized EGL, version 1.4
W/InputMethodManagerService(  454): Got RemoteException sending setActive(false) notification to pid 23752 uid 10091
V/RenderScript(  903): Application requested CPU execution
V/RenderScript(  903): 0x558b105f40 Launching thread(s), CPUs 2
W/SessionLifecycleManager(24515): Handover failed. Creating new session controller.
W/LocationOracle(24515): No location history returned by ContextManager
I/MicroDetectionWorker(24515): #updateMicroDetector [detectionMode: [mDetectionMode: [1]]]
I/MicroDetectionWorker(24515): #startMicroDetector [speakerMode: 0]
D/BluetoothAdapter(24515): 231899235: getState() :  mService = null. Returning STATE_OFF
D/BluetoothAdapter(24515): 231899235: getState() :  mService = null. Returning STATE_OFF
I/VoiceSearchSettings(24515): Hotword upgrade key is null!
D/BluetoothAdapter(24515): 231899235: getState() :  mService = null. Returning STATE_OFF
I/VoiceSearchSettings(24515): Hotword upgrade key is null!
I/MicroDetectionWorker(24515): onReady
D/BluetoothAdapter(24515): 231899235: getState() :  mService = null. Returning STATE_OFF
I/MicroRecognitionRunner(24515): Starting detection.
I/MicrophoneInputStream(24515): mic_starting com.google.android.apps.gsa.speech.audio.af@f2b6339
I/AudioFlinger(  208): AudioFlinger's thread 0xab7bd7e0 ready to run
I/SoundTriggerHwService::Module(  208): void android::SoundTriggerHwService::Module::onCallbackEvent(const android::sp<android::SoundTriggerHwService::CallbackEvent>&) mClient == 0
I/MicrophoneInputStream(24515): mic_started com.google.android.apps.gsa.speech.audio.af@f2b6339
W/ctxmgr  (  992): [AclManager]No 3 for (accnt=account#-517948760#, com.google.android.gms(10008):UserVelocityProducer, vrsn=12685011, 0, 3pPkg = null ,  3pMdlId = null ,  pid = 992). Was: 3 for 1, account#-517948760#
E/SQLiteLog(  992): (2067) abort at 35 in [INSERT INTO context(context_name,end_time,context_family,module_id,version,sync_state_mod_time_millis,start_time,sync_state,context_id,time_type,proto_blob) VALUES (?,?,?,?,?,?,?,?,?,?,?)]: UNI
E/SQLiteLog(  992): (2067) abort at 35 in [INSERT INTO context(context_name,end_time,context_family,module_id,version,sync_state_mod_time_millis,start_time,sync_state,context_id,time_type,proto_blob) VALUES (?,?,?,?,?,?,?,?,?,?,?)]: UNI
E/SQLiteLog(  992): (2067) abort at 35 in [INSERT INTO context(context_name,end_time,context_family,module_id,version,sync_state_mod_time_millis,start_time,sync_state,context_id,time_type,proto_blob) VALUES (?,?,?,?,?,?,?,?,?,?,?)]: UNI
I/vgn     (  992): 67-RequestPlaceUpdates -- metadata{ service_id: 0 }
I/GeofencerStateMachine(  992): removeGeofences: removeRequest=RemoveGeofencingRequest[REMOVE_BY_PENDING_INTENT pendingIntent=PendingIntent[creatorPackage=com.google.android.gms], packageName=null]
I/GeofencerStateMachine(  992): removeGeofences: removeRequest=RemoveGeofencingRequest[REMOVE_BY_PENDING_INTENT pendingIntent=PendingIntent[creatorPackage=com.google.android.gms], packageName=null]
I/PlaceInferenceEngine(  992): [anon] Changed inference mode: 0
W/Wifi    ( 3637): Failed to read packet and byte counts from wifi interface
I/vgn     (  992): 67-RequestPlaceUpdates -- metadata{ service_id: 0 }
I/Places  (  992): ?: PlacesBleScanner start() with priority 2
I/PlaceInferenceEngine(  992): [anon] Changed inference mode: 1
I/Places  (  992): Converted 14 out of 14 WiFi scans
I/PlaceInferenceEngine(  992): [anon] Changed inference mode: 1
I/MicroDetectionWorker(24515): onReady
I/BeaconBle(  992): Client requested scan, settings=BleSettings [scanMode=ZERO_POWER, callbackType=ALL_MATCHES, reportDelayMillis=0, 1 filters, 0 clients, callingClientName=Places]
E/BeaconBle(  992): Scan couldn't start for Places
W/Places  (  992): BLE failure while scanning - code 5
I/PlaceInferenceEngine(  992): No beacon scan available - ignoring candidates.
W/OpenGLRenderer(  903): Incorrectly called buildLayer on View: ShortcutAndWidgetContainer, destroying layer...
W/Wifi    ( 3637): Failed to read packet and byte counts from wifi interface
W/ctxmgr  (  992): [AclManager]No 2 for (accnt=account#-517948760#, com.google.android.gms(10008):PlacesProducer, vrsn=12685000, 0, 3pPkg = null ,  3pMdlId = null ,  pid = 992). Was: 3 for 18, account#-517948760#
W/Wifi    ( 3637): Failed to read packet and byte counts from wifi interface
D/AndroidRuntime(24684): >>>>>> START com.android.internal.os.RuntimeInit uid 2000 <<<<<<
D/AndroidRuntime(24684): CheckJNI is OFF
D/AndroidRuntime(24684): Calling main entry com.android.commands.am.Am
I/ActivityManager(  454): Start proc 24696:com.quicinc.trepn/u0a91 for service com.quicinc.trepn/.TrepnService
D/AndroidRuntime(24684): Shutting down VM
W/Wifi    ( 3637): Failed to read packet and byte counts from wifi interface
D/AndroidRuntime(24729): >>>>>> START com.android.internal.os.RuntimeInit uid 2000 <<<<<<
D/AndroidRuntime(24729): CheckJNI is OFF
D/AndroidRuntime(24729): Calling main entry com.android.commands.am.Am
I/ActivityManager(  454): Force stopping com.android.chrome appid=10035 user=0: from pid 24729
I/ActivityManager(  454): START u0 {act=android.intent.action.VIEW flg=0x10008000 cmp=com.android.chrome/com.google.android.apps.chrome.Main} from uid 2000 on display 0
V/WindowManager(  454): addAppToken: AppWindowToken{dad8c3 token=Token{26b52c72 ActivityRecord{2c20d57d u0 com.android.chrome/com.google.android.apps.chrome.Main t4970}}} to stack=1 task=4970 at 0
D/AndroidRuntime(24729): Shutting down VM
I/ActivityManager(  454): Start proc 24741:com.android.chrome/u0a35 for activity com.android.chrome/com.google.android.apps.chrome.Main
W/DynamiteModule(24741): Local module descriptor class for com.google.android.gms.googlecertificates not found.
I/DynamiteModule(24741): Considering local module com.google.android.gms.googlecertificates:0 and remote module com.google.android.gms.googlecertificates:4
I/DynamiteModule(24741): Selected remote version of com.google.android.gms.googlecertificates, version >= 4
W/ResourcesManager(24741): Asset path '/system/framework/com.android.media.remotedisplay.jar' does not exist or contains no resources.
W/ResourcesManager(24741): Asset path '/system/framework/com.android.location.provider.jar' does not exist or contains no resources.
W/Wifi    ( 3637): Failed to read packet and byte counts from wifi interface
I/cr_InstantAppsHandler(24741): Not handling with Instant Apps (other)
I/ActivityManager(  454): START u0 {act=android.intent.action.VIEW flg=0x14002000 cmp=com.android.chrome/org.chromium.chrome.browser.ChromeTabbedActivity (has extras)} from uid 10035 on display 0
V/WindowManager(  454): addAppToken: AppWindowToken{28991c58 token=Token{197c9d3b ActivityRecord{2899d7ca u0 com.android.chrome/org.chromium.chrome.browser.ChromeTabbedActivity t4971}}} to stack=1 task=4971 at 0
V/WindowManager(  454): Based on layer: Adding window Window{dba45e9 u0 Starting com.android.chrome} at 3 of 17
I/cr_LibraryLoader(24741): Using linker: org.chromium.base.library_loader.LegacyLinker
W/linker  (24741): libchromium_android_linker.so: unused DT entry: type 0x6ffffffe arg 0xce8
W/linker  (24741): libchromium_android_linker.so: unused DT entry: type 0x6fffffff arg 0x3
W/cr_ChildProcLH(24741): Create a new ChildConnectionAllocator with package name = com.android.chrome, sandboxed = true
I/cr_LibraryLoader(24741): Loading chrome from within /data/app/com.android.chrome-2/base.apk
W/cr_tabmodel(24741): Starting to fetch tab list.
I/ActivityManager(  454): Start proc 24766:com.android.chrome:sandboxed_process0/u0i172 for service com.android.chrome/org.chromium.content.app.SandboxedProcessService0
W/cr_tabmodel(24741): Finished fetching tab list.
D/OpenGLRenderer(24741): Use EGL_SWAP_BEHAVIOR_PRESERVED: true
I/art     (24741): Background sticky concurrent mark sweep GC freed 11138(1136KB) AllocSpace objects, 4(68KB) LOS objects, 10% free, 10MB/11MB, paused 7.395ms total 68.624ms
V/WindowManager(  454): Adding window Window{20bf37ff u0 com.android.chrome/org.chromium.chrome.browser.ChromeTabbedActivity} at 3 of 18 (before Window{dba45e9 u0 Starting com.android.chrome})
W/dboxed_process0(24766): type=1400 audit(0.0:184): avc: denied { search } for name="tmp" dev="dm-0" ino=49 scontext=u:r:isolated_app:s0 tcontext=u:object_r:shell_data_file:s0 tclass=dir permissive=0
I/cr_ChildProcessService(24766): Creating new ChildProcessService pid=24766
I/OpenGLRenderer(24741): Initialized EGL, version 1.4
I/cr_LibraryLoader(24741): Time to load native libraries: 218 ms (timestamps 1074-1292)
I/chromium(24741): [INFO:library_loader_hooks.cc(136)] Chromium logging enabled: level = 0, default verbosity = 0
I/cr_LibraryLoader(24741): Expected native library version number "61.0.3163.98", actual native library version number "61.0.3163.98"
D/OpenGLRenderer(24741): Enabling debug mode 0
V/WindowManager(  454): Adding window Window{37577415 u0 SurfaceView} at 3 of 19 (before Window{20bf37ff u0 com.android.chrome/org.chromium.chrome.browser.ChromeTabbedActivity})
W/Wifi    ( 3637): Failed to read packet and byte counts from wifi interface
I/ActivityManager(  454): Displayed com.android.chrome/org.chromium.chrome.browser.ChromeTabbedActivity: +934ms (total +1s307ms)
I/cr_BrowserStartup(24741): Initializing chromium process, singleProcess=false
W/ResourceType(  613): No package identifier when getting value for resource number 0x00000000
W/PackageManager(  613): Failure retrieving resources for com.quicinc.trepn: Resource ID #0x0
I/ActivityManager(  454): Start proc 24805:com.android.chrome:privileged_process0/u0a35 for service com.android.chrome/org.chromium.content.app.PrivilegedProcessService0
I/art     (24741): Background partial concurrent mark sweep GC freed 5089(320KB) AllocSpace objects, 1(554KB) LOS objects, 39% free, 10MB/17MB, paused 32.874ms total 143.518ms
D/ConnectivityService(  454): listenForNetwork for NetworkRequest [ id=173, legacyType=-1, [ Capabilities: INTERNET&NOT_RESTRICTED&TRUSTED] ]
D/ConnectivityService(  454): handleRegisterNetworkRequest checking NetworkAgentInfo [WIFI () - 101]
D/ConnectivityService(  454): apparently satisfied.  currentScore=60
D/ConnectivityManager.CallbackHandler(24741): CM callback handler got msg 524290
I/cr_ChildProcessService(24805): Creating new ChildProcessService pid=24805
D/ConnectivityService(  454): listenForNetwork for NetworkRequest [ id=174, legacyType=-1, [ Capabilities: INTERNET&NOT_RESTRICTED&TRUSTED] ]
D/ConnectivityService(  454): handleRegisterNetworkRequest checking NetworkAgentInfo [WIFI () - 101]
D/ConnectivityService(  454): apparently satisfied.  currentScore=60
D/ConnectivityManager.CallbackHandler(24741): CM callback handler got msg 524290
I/cr_LibraryLoader(24805): Using linker: org.chromium.base.library_loader.LegacyLinker
I/orc     (  977): 28-GetActiveNetworkQuality -- metadata{ service_id: 0 }
I/orc     (  977): 28-GetActiveNetworkQuality -- metadata{ service_id: 0 }
W/cr_KnoxSettingsProvider(24741): Permission to read device policy denied.
W/linker  (24805): libchromium_android_linker.so: unused DT entry: type 0x6ffffffe arg 0xce8
W/linker  (24805): libchromium_android_linker.so: unused DT entry: type 0x6fffffff arg 0x3
I/cr_LibraryLoader(24805): Loading chrome from within /data/app/com.android.chrome-2/base.apk
I/cr_LibraryLoader(24805): Time to load native libraries: 116 ms (timestamps 2277-2393)
I/art     (24741): Rejecting re-init on previously-failed class java.lang.Class<org.chromium.content.browser.FloatingActionModeCallback>
I/art     (24741): Rejecting re-init on previously-failed class java.lang.Class<org.chromium.content.browser.FloatingActionModeCallback>
I/chromium(24805): [INFO:library_loader_hooks.cc(136)] Chromium logging enabled: level = 0, default verbosity = 0
I/cr_LibraryLoader(24805): Expected native library version number "61.0.3163.98", actual native library version number "61.0.3163.98"
E/libEGL  (24805): validate_display:255 error 3008 (EGL_BAD_DISPLAY)
I/cr_LibraryLoader(24766): Using linker: org.chromium.base.library_loader.LegacyLinker
W/linker  (24766): libchromium_android_linker.so: unused DT entry: type 0x6ffffffe arg 0xce8
W/linker  (24766): libchromium_android_linker.so: unused DT entry: type 0x6fffffff arg 0x3
W/cr_media(24741): Requires BLUETOOTH permission
I/cr_LibraryLoader(24766): Loading chrome from within /data/app/com.android.chrome-2/base.apk
I/cr_LibraryLoader(24766): Time to load native libraries: 49 ms (timestamps 2506-2555)
I/chromium(24766): [INFO:library_loader_hooks.cc(136)] Chromium logging enabled: level = 0, default verbosity = 0
I/cr_LibraryLoader(24766): Expected native library version number "61.0.3163.98", actual native library version number "61.0.3163.98"
W/VideoCapabilities(24805): Unsupported mime video/mpeg2
W/AudioCapabilities(24805): Unsupported mime audio/mpeg-L2
W/VideoCapabilities(24805): Unrecognized level 0 for video/x-vnd.on2.vp8
I/VideoCapabilities(24805): Unsupported profile 4 for video/mp4v-es
W/cr_MediaCodecUtil(24805): HW encoder for video/avc is not available on this device.
W/Wifi    ( 3637): Failed to read packet and byte counts from wifi interface
I/art     (  454): Explicit concurrent mark sweep GC freed 19402(993KB) AllocSpace objects, 2(40KB) LOS objects, 33% free, 26MB/40MB, paused 865us total 138.733ms
D/BluetoothAdapter(24515): 231899235: getState() :  mService = null. Returning STATE_OFF
D/BluetoothAdapter(24515): 231899235: getState() :  mService = null. Returning STATE_OFF
I/VoiceSearchSettings(24515): Hotword upgrade key is null!
I/VISHotwordAdapter(24515): #initialize, locale=en-US, keyPhrase=Ok Google
I/GsaVoiceInteractionSrv(  796): initializeAlwaysOnHotwordDetector locale en-US hotwordPhrase Ok Google
I/vgn     (  977): 45-xlb -- metadata{ service_id: 0 }
W/DynamiteModule(24515): Local module descriptor class for com.google.android.gms.googlecertificates not found.
I/DynamiteModule(24515): Considering local module com.google.android.gms.googlecertificates:0 and remote module com.google.android.gms.googlecertificates:4
I/DynamiteModule(24515): Selected remote version of com.google.android.gms.googlecertificates, version >= 4
W/ResourcesManager(24515): Asset path '/system/framework/com.android.media.remotedisplay.jar' does not exist or contains no resources.
W/ResourcesManager(24515): Asset path '/system/framework/com.android.location.provider.jar' does not exist or contains no resources.
I/orc     (  992): 51-GetExperimentTokensOperationCall -- metadata{ service_id: 0 }
E/aght    (  992): Phenotype API error. Event a <
E/aght    (  992):   a: "LOCAL.com.google.android.agsa.QSB"
E/aght    (  992):   b: 0
E/aght    (  992):   e: ""
E/aght    (  992):   f: ""
E/aght    (  992):   g: 0
E/aght    (  992):   h: 0
E/aght    (  992):   i: ""
E/aght    (  992):   j: 3
E/aght    (  992): >
E/aght    (  992): e: # bjzl@f5130810
E/aght    (  992): , EventCode: 7 -- metadata{ service_id: 51 }
E/aght    (  992): aggm: 29505: No config packages for log source, or config package not registered
E/aght    (  992): 	at agif.b(:com.google.android.gms@12685011@12.6.85 (020406-197041431):4)
E/aght    (  992): 	at aght.a(:com.google.android.gms@12685011@12.6.85 (020406-197041431):40)
E/aght    (  992): 	at aght.a(:com.google.android.gms@12685011@12.6.85 (020406-197041431):108)
E/aght    (  992): 	at ord.run(:com.google.android.gms@12685011@12.6.85 (020406-197041431):40)
E/aght    (  992): 	at azvp.run(:com.google.android.gms@12685011@12.6.85 (020406-197041431):2)
E/aght    (  992): 	at ovl.run(:com.google.android.gms@12685011@12.6.85 (020406-197041431):27)
E/aght    (  992): 	at java.util.concurrent.ThreadPoolExecutor.runWorker(ThreadPoolExecutor.java:1112)
E/aght    (  992): 	at java.util.concurrent.ThreadPoolExecutor$Worker.run(ThreadPoolExecutor.java:587)
E/aght    (  992): 	at pbm.run(:com.google.android.gms@12685011@12.6.85 (020406-197041431))
E/aght    (  992): 	at java.lang.Thread.run(Thread.java:818)
E/AsyncOperation(  992): serviceID=51, operation=GetExperimentTokensOperationCall
E/AsyncOperation(  992): OperationException[Status{statusCode=No config packages for log source, or config package not registered, resolution=null}]
E/AsyncOperation(  992): 	at aght.a(:com.google.android.gms@12685011@12.6.85 (020406-197041431):53)
E/AsyncOperation(  992): 	at aght.a(:com.google.android.gms@12685011@12.6.85 (020406-197041431):108)
E/AsyncOperation(  992): 	at ord.run(:com.google.android.gms@12685011@12.6.85 (020406-197041431):40)
E/AsyncOperation(  992): 	at azvp.run(:com.google.android.gms@12685011@12.6.85 (020406-197041431):2)
E/AsyncOperation(  992): 	at ovl.run(:com.google.android.gms@12685011@12.6.85 (020406-197041431):27)
E/AsyncOperation(  992): 	at java.util.concurrent.ThreadPoolExecutor.runWorker(ThreadPoolExecutor.java:1112)
E/AsyncOperation(  992): 	at java.util.concurrent.ThreadPoolExecutor$Worker.run(ThreadPoolExecutor.java:587)
E/AsyncOperation(  992): 	at pbm.run(:com.google.android.gms@12685011@12.6.85 (020406-197041431))
E/AsyncOperation(  992): 	at java.lang.Thread.run(Thread.java:818)
I/vgn     (  977): 45-xlb -- metadata{ service_id: 0 }
I/chromium(24741): [INFO:CONSOLE(2)] "STARTME---1529350173988", source: http://localhost:8000/cputest_date.js (2)
W/Herrevad(  977): [1838] wux.b: Invalid mccmnc 
W/Herrevad(  977): [1838] wux.b: Invalid mccmnc 
I/chromium(24741): [INFO:CONSOLE(6)] "STOPME---1529350174156", source: http://localhost:8000/cputest_date.js (6)
I/PBSessionCacheImpl(24515): Deleted sessionId[15477175767117] from persistence.
I/MemoryTrimmer(  903): Trimming objects from memory, since app is in the background.
I/MicroDetector(24515): Keeping mic open: false
I/cr_BindingManager(24741): Moderate binding enabled: maxSize=20
I/DeviceStateChecker(24515): DeviceStateChecker cancelled
I/AudioController(24515): internalShutdown
I/MicrophoneInputStream(24515): mic_close com.google.android.apps.gsa.speech.audio.af@f2b6339
I/MicroRecognitionRunner(24515): Stopping hotword detection.
I/SoundTriggerHwService::Module(  208): void android::SoundTriggerHwService::Module::onCallbackEvent(const android::sp<android::SoundTriggerHwService::CallbackEvent>&) mClient == 0
I/MicroRecognitionRunner(24515): Detection finished
W/Nearby  (  992): Bind call too late - someone already tried to get: interface bghz -- metadata{ service_id: 0 }
W/Wifi    ( 3637): Failed to read packet and byte counts from wifi interface
E/PartnerBookmarksReader(24741): ATTENTION: not using partner bookmarks as none were provided
W/Herrevad(  977): [1838] wux.b: Invalid mccmnc 
W/Herrevad(  977): [1838] wux.b: Invalid mccmnc 
W/Wifi    ( 3637): Failed to read packet and byte counts from wifi interface
W/Wifi    ( 3637): Failed to read packet and byte counts from wifi interface
D/AndroidRuntime(24858): >>>>>> START com.android.internal.os.RuntimeInit uid 2000 <<<<<<
D/AndroidRuntime(24858): CheckJNI is OFF
D/AndroidRuntime(24858): Calling main entry com.android.commands.input.Input
I/Input   (24858): injectMotionEvent: MotionEvent { action=ACTION_DOWN, id[0]=0, x[0]=700.0, y[0]=1550.0, toolType[0]=TOOL_TYPE_UNKNOWN, buttonState=0, metaState=0, flags=0x0, edgeFlags=0x0, pointerCount=1, historySize=0, eventTime=14216354, downTime=14216354, deviceId=0, source=0x1002 }
I/Input   (24858): injectMotionEvent: MotionEvent { action=ACTION_UP, id[0]=0, x[0]=700.0, y[0]=1550.0, toolType[0]=TOOL_TYPE_UNKNOWN, buttonState=0, metaState=0, flags=0x0, edgeFlags=0x0, pointerCount=1, historySize=0, eventTime=14216354, downTime=14216354, deviceId=0, source=0x1002 }
D/AndroidRuntime(24858): Shutting down VM
W/Wifi    ( 3637): Failed to read packet and byte counts from wifi interface
I/cr_omaha(24741): Attempting to schedule next job for: Tue Jun 19 01:54:57 GMT+02:00 2018
I/cr_omaha(24741): Scheduled using AlarmManager and IntentService
W/Wifi    ( 3637): Failed to read packet and byte counts from wifi interface
I/art     (  992): Explicit concurrent mark sweep GC freed 130353(6MB) AllocSpace objects, 63(4MB) LOS objects, 36% free, 28MB/44MB, paused 615us total 139.135ms
I/vgn     (  992): 67-RequestPlaceUpdates -- metadata{ service_id: 0 }
I/vgn     (  992): 67-RemovePlaceUpdates -- metadata{ service_id: 0 }
I/Places  (  992): ?: PlacesBleScanner stop()
I/BeaconBle(  992): Scan canceled successfully.
I/PlaceInferenceEngine(  992): [anon] Changed inference mode: 0
I/GeofencerStateMachine(  992): removeGeofences: removeRequest=RemoveGeofencingRequest[REMOVE_BY_PENDING_INTENT pendingIntent=PendingIntent[creatorPackage=com.google.android.gms], packageName=null]
W/Wifi    ( 3637): Failed to read packet and byte counts from wifi interface
W/Wifi    ( 3637): Failed to read packet and byte counts from wifi interface
I/MemoryTrimmer(24515): Trimming objects from memory, since app is in the background.
W/Wifi    ( 3637): Failed to read packet and byte counts from wifi interface
W/Wifi    ( 3637): Failed to read packet and byte counts from wifi interface
D/AndroidRuntime(24877): >>>>>> START com.android.internal.os.RuntimeInit uid 2000 <<<<<<
D/AndroidRuntime(24877): CheckJNI is OFF
D/AndroidRuntime(24877): Calling main entry com.android.commands.input.Input
I/Input   (24877): injectMotionEvent: MotionEvent { action=ACTION_DOWN, id[0]=0, x[0]=372.0, y[0]=1530.0, toolType[0]=TOOL_TYPE_UNKNOWN, buttonState=0, metaState=0, flags=0x0, edgeFlags=0x0, pointerCount=1, historySize=0, eventTime=14222151, downTime=14222151, deviceId=0, source=0x1002 }
I/Input   (24877): injectMotionEvent: MotionEvent { action=ACTION_UP, id[0]=0, x[0]=372.0, y[0]=1530.0, toolType[0]=TOOL_TYPE_UNKNOWN, buttonState=0, metaState=0, flags=0x0, edgeFlags=0x0, pointerCount=1, historySize=0, eventTime=14222151, downTime=14222151, deviceId=0, source=0x1002 }
D/AndroidRuntime(24877): Shutting down VM
D/AndroidRuntime(24897): >>>>>> START com.android.internal.os.RuntimeInit uid 2000 <<<<<<
D/AndroidRuntime(24897): CheckJNI is OFF
W/Wifi    ( 3637): Failed to read packet and byte counts from wifi interface
E/WifiStateMachine(  454): WifiStateMachine CMD_START_SCAN source -2 txSuccessRate=12.88 rxSuccessRate=13.01 targetRoamBSSID=any RSSI=-49
E/WifiStateMachine(  454): WifiStateMachine starting scan for "YOU SHALL NOT PASS"WPA_PSK with 2437
D/AndroidRuntime(24897): Calling main entry com.android.commands.am.Am
I/Trepn   (24696): Trepn 6.2s: Received intent: com.quicinc.trepn.start_profiling
W/FileUtils(24696): Failed to chmod(/storage/emulated/0/trepn/Trepn_2018.06.18_212943.db): android.system.ErrnoException: chmod failed: EPERM (Operation not permitted)
D/OpenGLRenderer(24696): Use EGL_SWAP_BEHAVIOR_PRESERVED: true
I/Trepn   (24696): Trepn 6.2s: Trepn has Started Profiling.
D/AndroidRuntime(24897): Shutting down VM
I/OpenGLRenderer(24696): Initialized EGL, version 1.4
D/OpenGLRenderer(24696): Enabling debug mode 0
I/EventLogSendingHelper(24515): Sending log events.
I/Finsky  (24299): [1] com.google.android.finsky.cc.a.onTrimMemory(7): Memory trim requested to level 80
I/Finsky  (24299): [1] com.google.android.finsky.cc.a.onTrimMemory(7): Memory trim requested to level 80
I/MemoryTrimmer(24515): Trimming objects from memory, since app is in the background.
D/AndroidRuntime(24928): >>>>>> START com.android.internal.os.RuntimeInit uid 2000 <<<<<<
D/AndroidRuntime(24928): CheckJNI is OFF
W/Wifi    ( 3637): Failed to read packet and byte counts from wifi interface
D/AndroidRuntime(24928): Calling main entry com.android.commands.am.Am
I/ActivityManager(  454): START u0 {act=android.intent.action.VIEW dat=localhost:8000 flg=0x10000000 cmp=com.android.chrome/com.google.android.apps.chrome.Main} from uid 2000 on display 0
V/WindowManager(  454): addAppToken: AppWindowToken{114e544d token=Token{396697e4 ActivityRecord{b23df77 u0 com.android.chrome/com.google.android.apps.chrome.Main t4972}}} to stack=1 task=4972 at 0
D/AndroidRuntime(24928): Shutting down VM
D/ConnectivityService(  454): releasing NetworkRequest NetworkRequest [ id=174, legacyType=-1, [ Capabilities: INTERNET&NOT_RESTRICTED&TRUSTED] ]
D/ConnectivityManager.CallbackHandler(24741): CM callback handler got msg 524296
W/cr_Autocomplete(24741): stopping autocomplete.
D/ConnectivityService(  454): listenForNetwork for NetworkRequest [ id=175, legacyType=-1, [ Capabilities: INTERNET&NOT_RESTRICTED&TRUSTED] ]
D/ConnectivityService(  454): handleRegisterNetworkRequest checking NetworkAgentInfo [WIFI () - 101]
D/ConnectivityService(  454): apparently satisfied.  currentScore=60
I/cr_InstantAppsHandler(24741): Not handling with Instant Apps because Chrome is not default or there's a specialized handler
D/ConnectivityManager.CallbackHandler(24741): CM callback handler got msg 524290
I/ActivityManager(  454): START u0 {act=android.intent.action.VIEW dat=localhost:8000 flg=0x14002000 cmp=com.android.chrome/org.chromium.chrome.browser.ChromeTabbedActivity (has extras)} from uid 10035 on display 0
W/InputMethodManagerService(  454): Window already focused, ignoring focus gain of: com.android.internal.view.IInputMethodClient$Stub$Proxy@d7aff7c attribute=null, token = android.os.BinderProxy@3996d31e
I/vgn     (  977): 45-xlb -- metadata{ service_id: 0 }
I/ActivityManager(  454): Start proc 24948:com.android.chrome:sandboxed_process1/u0i173 for service com.android.chrome/org.chromium.content.app.SandboxedProcessService1
I/art     (  214): Explicit concurrent mark sweep GC freed 701(30KB) AllocSpace objects, 0(0B) LOS objects, 39% free, 7MB/11MB, paused 187us total 78.171ms
W/dboxed_process1(24948): type=1400 audit(0.0:185): avc: denied { search } for name="tmp" dev="dm-0" ino=49 scontext=u:r:isolated_app:s0 tcontext=u:object_r:shell_data_file:s0 tclass=dir permissive=0
I/cr_ChildProcessService(24948): Creating new ChildProcessService pid=24948
I/art     (  214): Explicit concurrent mark sweep GC freed 5(160B) AllocSpace objects, 0(0B) LOS objects, 39% free, 7MB/11MB, paused 656us total 21.643ms
I/cr_LibraryLoader(24948): Using linker: org.chromium.base.library_loader.LegacyLinker
W/linker  (24948): libchromium_android_linker.so: unused DT entry: type 0x6ffffffe arg 0xce8
W/linker  (24948): libchromium_android_linker.so: unused DT entry: type 0x6fffffff arg 0x3
I/cr_LibraryLoader(24948): Loading chrome from within /data/app/com.android.chrome-2/base.apk
I/art     (  214): Explicit concurrent mark sweep GC freed 5(160B) AllocSpace objects, 0(0B) LOS objects, 39% free, 7MB/11MB, paused 141us total 62.459ms
I/cr_LibraryLoader(24948): Time to load native libraries: 103 ms (timestamps 4437-4540)
I/chromium(24948): [INFO:library_loader_hooks.cc(136)] Chromium logging enabled: level = 0, default verbosity = 0
I/cr_LibraryLoader(24948): Expected native library version number "61.0.3163.98", actual native library version number "61.0.3163.98"
I/vgn     (  977): 45-xlb -- metadata{ service_id: 0 }
W/Wifi    ( 3637): Failed to read packet and byte counts from wifi interface
W/System.err( 2773): android.content.pm.PackageManager$NameNotFoundException
W/System.err( 2773): 	at android.app.ApplicationPackageManager.getPackageInfo(ApplicationPackageManager.java:114)
W/System.err( 2773): 	at com.estrongs.android.pop.app.c.ai.c(Unknown Source)
W/System.err( 2773): 	at com.estrongs.android.pop.app.c.ai.a(Unknown Source)
W/System.err( 2773): 	at com.estrongs.android.pop.app.scene.e.q.a(Unknown Source)
W/System.err( 2773): 	at com.estrongs.android.scanner.c.m.run(Unknown Source)
W/System.err( 2773): 	at java.util.concurrent.ThreadPoolExecutor.runWorker(ThreadPoolExecutor.java:1112)
W/System.err( 2773): 	at java.util.concurrent.ThreadPoolExecutor$Worker.run(ThreadPoolExecutor.java:587)
W/System.err( 2773): 	at java.lang.Thread.run(Thread.java:818)
W/System.err( 2773): android.content.pm.PackageManager$NameNotFoundException
W/System.err( 2773): 	at android.app.ApplicationPackageManager.getPackageInfo(ApplicationPackageManager.java:114)
W/System.err( 2773): 	at com.estrongs.android.pop.app.c.ai.c(Unknown Source)
W/System.err( 2773): 	at com.estrongs.android.pop.app.c.ai.a(Unknown Source)
W/System.err( 2773): 	at com.estrongs.android.pop.app.scene.e.q.a(Unknown Source)
W/System.err( 2773): 	at com.estrongs.android.scanner.c.m.run(Unknown Source)
W/System.err( 2773): 	at java.util.concurrent.ThreadPoolExecutor.runWorker(ThreadPoolExecutor.java:1112)
W/System.err( 2773): 	at java.util.concurrent.ThreadPoolExecutor$Worker.run(ThreadPoolExecutor.java:587)
W/System.err( 2773): 	at java.lang.Thread.run(Thread.java:818)
I/vgn     (  977): 45-xlb -- metadata{ service_id: 0 }
I/orc     (  992): 121-GetLaunchDataOperation -- metadata{ service_id: 0 }
W/Wifi    ( 3637): Failed to read packet and byte counts from wifi interface
W/Wifi    ( 3637): Failed to read packet and byte counts from wifi interface
E/WakeLock(  992): release without a matched acquire!
V/NativeCrypto(  992): Read error: ssl=0x5589c66ad8: I/O error during system call, Connection reset by peer
V/NativeCrypto(  992): SSL shutdown failed: ssl=0x5589c66ad8: I/O error during system call, Broken pipe
E/WakeLock(  992): release without a matched acquire!
W/GCM     (  992): Lowering heartbeat interval 1 notch to 840000, good=0 bad=2
D/ConnectivityService(  454): reportBadNetwork(NetworkAgentInfo [WIFI () - 101]) by 10008
D/NetworkMonitor/NetworkAgentInfo [WIFI () - 101](  454): ValidatedState{ when=0 what=532488 arg1=10008 target=com.android.internal.util.StateMachine$SmHandler }
D/NetworkMonitor/NetworkAgentInfo [WIFI () - 101](  454): DefaultState{ when=0 what=532488 arg1=10008 target=com.android.internal.util.StateMachine$SmHandler }
D/NetworkMonitor/NetworkAgentInfo [WIFI () - 101](  454): Forcing reevaluation
D/NetworkMonitor/NetworkAgentInfo [WIFI () - 101](  454): EvaluatingState{ when=0 what=532486 arg1=4 target=com.android.internal.util.StateMachine$SmHandler }
D/NetworkMonitor/NetworkAgentInfo [WIFI () - 101](  454): Checking http://connectivitycheck.android.com/generate_204 on "YOU SHALL NOT PASS"
I/SystemUpdate(  977): [Control,ChimeraGcmTaskService] Task started with tag: DeviceCharging.
I/SystemUpdate(  977): [Control,ChimeraGcmTaskService] Scheduling task: DeviceCharging.
I/EventLogChimeraService(  977): Aggregate from 1529348881956 (log), 1529348881956 (data)
I/SystemUpdate(  977): [Execution,InstallationEventIntentOperation] Handling event of type 4.
I/SystemUpdate(  977): [Execution,InstallationIntentOperation] Received intent: Intent { act=com.google.android.gms.update.INSTALL_UPDATE cat=[targeted_intent_op_prefix:.update.execution.InstallationIntentOperation] cmp=com.google.android.gms/.chimera.GmsIntentOperationService }.
W/ChimeraUtils(  977): Non Chimera context
W/ChimeraUtils(  977): Non Chimera context
D/NetworkMonitor/NetworkAgentInfo [WIFI () - 101](  454): isCaptivePortal: ret=204 headers={null=[HTTP/1.1 204 No Content], Content-Length=[0], Date=[Mon, 18 Jun 2018 19:29:47 GMT], X-Android-Received-Millis=[1529350187700], X-Android-Response-Source=[NETWORK 204], X-Android-Sent-Millis=[1529350187679]}
D/NetworkMonitor/NetworkAgentInfo [WIFI () - 101](  454): Don't send network conditions - lacking user consent.
D/NetworkMonitor/NetworkAgentInfo [WIFI () - 101](  454): Validated
D/ConnectivityService(  454): setProvNotificationVisibleIntent: E visible=false networkType=0 extraInfo=null
D/ConnectivityService(  454): Validated NetworkAgentInfo [WIFI () - 101]
I/SystemUpdate(  977): [Control,InstallationControl] Installation progress updated to (0x410, -1.000).
D/BluetoothAdapter(24515): 231899235: getState() :  mService = null. Returning STATE_OFF
D/BluetoothAdapter(24515): 231899235: getState() :  mService = null. Returning STATE_OFF
I/VoiceSearchSettings(24515): Hotword upgrade key is null!
I/SystemUpdate(  977): [Control,ChimeraGcmTaskService] Scheduling task: DeviceCharging.
I/SystemUpdate(  977): [Execution,ExecutionManager] Action non-ab-reboot executed for 0.17 seconds.
I/SystemUpdate(  977): [Execution,ExecutionManager] Action fixed-delay-execution executed for 0.01 seconds.
W/LocationOracle(24515): No location history returned by ContextManager
I/GeofencerStateMachine(  992): removeGeofences: removeRequest=RemoveGeofencingRequest[REMOVE_BY_PENDING_INTENT pendingIntent=PendingIntent[creatorPackage=com.google.android.googlequicksearchbox], packageName=null]
E/GeofenceHelper(24515): Failed: remove geofences by PendingIntent
W/GCM     (  992): broadcast intent callback: result=CANCELLED forIntent { act=com.google.android.c2dm.intent.RECEIVE pkg=com.google.android.googlequicksearchbox (has extras) }
W/Wifi    ( 3637): Failed to read packet and byte counts from wifi interface
W/Wifi    ( 3637): Failed to read packet and byte counts from wifi interface
W/cr_Autocomplete(24741): stopping autocomplete.
D/audio_hw_primary(  208): out_set_parameters: enter: usecase(0: playback) kvpairs: routing=2 out->devices(2) adev->mode(0)
I/vgn     (  977): 45-xlb -- metadata{ service_id: 0 }
W/Wifi    ( 3637): Failed to read packet and byte counts from wifi interface
I/vgn     (  977): 45-xlb -- metadata{ service_id: 0 }
W/Wifi    ( 3637): Failed to read packet and byte counts from wifi interface
W/cr_Autocomplete(24741): stopping autocomplete.
D/audio_hw_primary(  208): out_set_parameters: enter: usecase(0: playback) kvpairs: routing=2 out->devices(2) adev->mode(0)
I/vgn     (  977): 45-xlb -- metadata{ service_id: 0 }
I/vgn     (  977): 45-xlb -- metadata{ service_id: 0 }
W/cr_Autocomplete(24741): stopping autocomplete.
W/Wifi    ( 3637): Failed to read packet and byte counts from wifi interface
D/audio_hw_primary(  208): out_set_parameters: enter: usecase(0: playback) kvpairs: routing=2 out->devices(2) adev->mode(0)
I/vgn     (  977): 45-xlb -- metadata{ service_id: 0 }
I/vgn     (  977): 45-xlb -- metadata{ service_id: 0 }
W/cr_Autocomplete(24741): stopping autocomplete.
D/audio_hw_primary(  208): out_set_parameters: enter: usecase(0: playback) kvpairs: routing=2 out->devices(2) adev->mode(0)
I/vgn     (  977): 45-xlb -- metadata{ service_id: 0 }
I/vgn     (  977): 45-xlb -- metadata{ service_id: 0 }
W/Wifi    ( 3637): Failed to read packet and byte counts from wifi interface
W/cr_Autocomplete(24741): stopping autocomplete.
I/vgn     (  977): 45-xlb -- metadata{ service_id: 0 }
D/audio_hw_primary(  208): out_set_parameters: enter: usecase(0: playback) kvpairs: routing=2 out->devices(2) adev->mode(0)
I/vgn     (  977): 45-xlb -- metadata{ service_id: 0 }
W/Wifi    ( 3637): Failed to read packet and byte counts from wifi interface
W/cr_Autocomplete(24741): stopping autocomplete.
D/audio_hw_primary(  208): out_set_parameters: enter: usecase(0: playback) kvpairs: routing=2 out->devices(2) adev->mode(0)
I/vgn     (  977): 45-xlb -- metadata{ service_id: 0 }
I/vgn     (  977): 45-xlb -- metadata{ service_id: 0 }
W/Wifi    ( 3637): Failed to read packet and byte counts from wifi interface
W/cr_Autocomplete(24741): stopping autocomplete.
I/vgn     (  977): 45-xlb -- metadata{ service_id: 0 }
D/audio_hw_primary(  208): out_set_parameters: enter: usecase(0: playback) kvpairs: routing=2 out->devices(2) adev->mode(0)
I/vgn     (  977): 45-xlb -- metadata{ service_id: 0 }
W/Wifi    ( 3637): Failed to read packet and byte counts from wifi interface
W/cr_Autocomplete(24741): stopping autocomplete.
I/vgn     (  977): 45-xlb -- metadata{ service_id: 0 }
D/audio_hw_primary(  208): out_set_parameters: enter: usecase(0: playback) kvpairs: routing=2 out->devices(2) adev->mode(0)
I/vgn     (  977): 45-xlb -- metadata{ service_id: 0 }
I/art     (24741): Background sticky concurrent mark sweep GC freed 44021(2MB) AllocSpace objects, 16(319KB) LOS objects, 17% free, 14MB/17MB, paused 488us total 103.658ms
E/System  (24741): Uncaught exception thrown by finalizer
E/System  (24741): java.lang.IllegalStateException: Warning: Router objects should be explicitly closed when no longer required otherwise you may leak handles.
E/System  (24741): 	at org.chromium.mojo.bindings.AutoCloseableRouter.finalize(AutoCloseableRouter.java:18)
E/System  (24741): 	at java.lang.Daemons$FinalizerDaemon.doFinalize(Daemons.java:191)
E/System  (24741): 	at java.lang.Daemons$FinalizerDaemon.run(Daemons.java:174)
E/System  (24741): 	at java.lang.Thread.run(Thread.java:818)
W/Wifi    ( 3637): Failed to read packet and byte counts from wifi interface
W/cr_Autocomplete(24741): stopping autocomplete.
D/audio_hw_primary(  208): out_set_parameters: enter: usecase(0: playback) kvpairs: routing=2 out->devices(2) adev->mode(0)
I/vgn     (  977): 45-xlb -- metadata{ service_id: 0 }
I/vgn     (  977): 45-xlb -- metadata{ service_id: 0 }
W/cr_Autocomplete(24741): stopping autocomplete.
I/vgn     (  977): 45-xlb -- metadata{ service_id: 0 }
D/audio_hw_primary(  208): out_set_parameters: enter: usecase(0: playback) kvpairs: routing=2 out->devices(2) adev->mode(0)
I/vgn     (  977): 45-xlb -- metadata{ service_id: 0 }
I/chromium(24741): [INFO:CONSOLE(2)] "STARTME---1529350198374", source: http://localhost:8000/cputest_date.js (2)
I/chromium(24741): [INFO:CONSOLE(6)] "STOPME---1529350198534", source: http://localhost:8000/cputest_date.js (6)
W/Wifi    ( 3637): Failed to read packet and byte counts from wifi interface
W/Wifi    ( 3637): Failed to read packet and byte counts from wifi interface
W/Wifi    ( 3637): Failed to read packet and byte counts from wifi interface
W/Wifi    ( 3637): Failed to read packet and byte counts from wifi interface
W/Wifi    ( 3637): Failed to read packet and byte counts from wifi interface
W/Wifi    ( 3637): Failed to read packet and byte counts from wifi interface
E/WifiStateMachine(  454): WifiStateMachine CMD_START_SCAN source -2 txSuccessRate=6.93 rxSuccessRate=10.07 targetRoamBSSID=any RSSI=-49
E/WifiStateMachine(  454): WifiStateMachine starting scan for "YOU SHALL NOT PASS"WPA_PSK with 2437
W/Wifi    ( 3637): Failed to read packet and byte counts from wifi interface
W/Wifi    ( 3637): Failed to read packet and byte counts from wifi interface
W/Wifi    ( 3637): Failed to read packet and byte counts from wifi interface
W/Wifi    ( 3637): Failed to read packet and byte counts from wifi interface
W/Wifi    ( 3637): Failed to read packet and byte counts from wifi interface
W/Wifi    ( 3637): Failed to read packet and byte counts from wifi interface
W/Wifi    ( 3637): Failed to read packet and byte counts from wifi interface
W/Wifi    ( 3637): Failed to read packet and byte counts from wifi interface
W/Wifi    ( 3637): Failed to read packet and byte counts from wifi interface
W/View    (24741): requestLayout() improperly called by android.view.SurfaceView{3e9ba589 V.ED.... ......ID 0,0-1536,1902} during layout: running second layout pass
W/View    (24741): requestLayout() improperly called by android.widget.LinearLayout{25ab698e V.E..... ......ID 0,1806-1536,1902 #7f100358 app:id/snackbar} during layout: running second layout pass
I/vgn     (  977): 45-xlb -- metadata{ service_id: 0 }
I/ActivityManager(  454): Start proc 25043:com.android.chrome:sandboxed_process2/u0i174 for service com.android.chrome/org.chromium.content.app.SandboxedProcessService2
W/Wifi    ( 3637): Failed to read packet and byte counts from wifi interface
W/dboxed_process2(25043): type=1400 audit(0.0:186): avc: denied { search } for name="tmp" dev="dm-0" ino=49 scontext=u:r:isolated_app:s0 tcontext=u:object_r:shell_data_file:s0 tclass=dir permissive=0
I/cr_ChildProcessService(25043): Creating new ChildProcessService pid=25043
I/cr_LibraryLoader(25043): Using linker: org.chromium.base.library_loader.LegacyLinker
W/linker  (25043): libchromium_android_linker.so: unused DT entry: type 0x6ffffffe arg 0xce8
W/linker  (25043): libchromium_android_linker.so: unused DT entry: type 0x6fffffff arg 0x3
I/cr_LibraryLoader(25043): Loading chrome from within /data/app/com.android.chrome-2/base.apk
I/cr_LibraryLoader(25043): Time to load native libraries: 103 ms (timestamps 3028-3131)
I/chromium(25043): [INFO:library_loader_hooks.cc(136)] Chromium logging enabled: level = 0, default verbosity = 0
I/cr_LibraryLoader(25043): Expected native library version number "61.0.3163.98", actual native library version number "61.0.3163.98"
E/tegra_memtrack_hal(  454): failed to read header for pid 454: Operation not permitted
