I/ActivityManager(  455): Killing 3512:com.google.android.apps.photos/u0a66 (adj 15): empty #17
I/cr_LibraryLoader( 5286): Time to load native libraries: 101 ms (timestamps 9605-9706)
I/chromium( 5286): [INFO:library_loader_hooks.cc(136)] Chromium logging enabled: level = 0, default verbosity = 0
I/cr_LibraryLoader( 5286): Expected native library version number "61.0.3163.98", actual native library version number "61.0.3163.98"
W/FileUtils( 5007): Failed to chmod(/storage/emulated/0/trepn/Trepn_2018.06.19_090438.db): android.system.ErrnoException: chmod failed: EPERM (Operation not permitted)
W/ResourcesManager( 1033): Asset path '/system/framework/com.android.media.remotedisplay.jar' does not exist or contains no resources.
W/ResourcesManager( 1033): Asset path '/system/framework/com.android.location.provider.jar' does not exist or contains no resources.
W/Wifi    ( 3556): Failed to read packet and byte counts from wifi interface
I/ActivityManager(  455): Killing 3472:com.google.android.apps.maps/u0a60 (adj 15): empty #17
D/ConnectivityService(  455): ConnectivityService NetworkRequestInfo binderDied(NetworkRequest [ id=10, legacyType=-1, [ Capabilities: INTERNET&NOT_RESTRICTED&TRUSTED] ], android.os.BinderProxy@386bab7)
D/ConnectivityService(  455): releasing NetworkRequest NetworkRequest [ id=10, legacyType=-1, [ Capabilities: INTERNET&NOT_RESTRICTED&TRUSTED] ]
E/ConnectivityService(  455): RemoteException caught trying to send a callback msg for NetworkRequest [ id=10, legacyType=-1, [ Capabilities: INTERNET&NOT_RESTRICTED&TRUSTED] ]
I/ActivityManager(  455): Start proc 5334:com.android.providers.partnerbookmarks/u0a65 for content provider com.android.providers.partnerbookmarks/.PartnerBookmarksProvider
D/OpenGLRenderer( 5007): Use EGL_SWAP_BEHAVIOR_PRESERVED: true
D/TaskPersister(  455): removeObsoleteFile: deleting file=4988_task_thumbnail.png
E/PartnerBookmarksReader( 5051): ATTENTION: not using partner bookmarks as none were provided
W/Wifi    ( 3556): Failed to read packet and byte counts from wifi interface
I/Trepn   ( 5007): Trepn 6.2s: Trepn has Started Profiling.
D/AndroidRuntime( 5213): Shutting down VM
I/Choreographer( 5051): Skipped 31 frames!  The application may be doing too much work on its main thread.
I/ActivityManager(  455): Killing 3601:com.opera.browser:alarm_receiver/u0a85 (adj 15): empty #17
I/OpenGLRenderer( 5007): Initialized EGL, version 1.4
I/ActivityManager(  455): Activity reported stop, but no longer stopping: ActivityRecord{37a046d6 u0 com.android.chrome/org.chromium.chrome.browser.firstrun.FirstRunActivity t4988 f}
I/cr_BindingManager( 5051): Moderate binding enabled: maxSize=20
D/OpenGLRenderer( 5007): Enabling debug mode 0
W/Nearby  (  855): Bind call too late - someone already tried to get: interface bghz -- metadata{ service_id: 0 }
I/vgn     (  855): 35-GetDeviceDataUploadOptInStatusOperation -- metadata{ service_id: 0 }
I/vgn     (  855): 35-GetDeviceDataUploadOptInStatusOperation -- metadata{ service_id: 0 }
I/Icing   ( 1014): IndexChimeraService.getServiceInterface callingPackage=com.android.chrome componentName=null serviceId=36
I/vgn     (  855): 19-GetFileDescriptorAndDelete -- metadata{ service_id: 0 }
I/Icing   ( 1014): Usage reports ok 0, Failed Usage reports 0, indexed 0, rejected 0, imm upload false
I/Icing   ( 1014): IndexChimeraService.getServiceInterface callingPackage=com.android.chrome componentName=null serviceId=36
I/vgn     (  855): 19-GetFileDescriptorAndDelete -- metadata{ service_id: 0 }
D/AndroidRuntime( 5364): >>>>>> START com.android.internal.os.RuntimeInit uid 2000 <<<<<<
D/AndroidRuntime( 5364): CheckJNI is OFF
I/Icing   ( 1014): Usage reports ok 0, Failed Usage reports 0, indexed 0, rejected 0, imm upload false
I/Icing   ( 1014): Removing corpus key 94FBE96EEF13B8AC56FE8C01687FD8A6012559AC for package com.android.chrome
I/dex2oat ( 5354): /system/bin/dex2oat --runtime-arg -classpath --runtime-arg  --instruction-set=arm --instruction-set-features=default --runtime-arg -Xrelocate --boot-image=/system/framework/boot.art --dex-file=/data/data/com.android.chrome/app_dex/webapk1.dex --oat-fd=165 --oat-location=/data/data/com.android.chrome/app_dex/arm/webapk1.dex --runtime-arg -Xms64m --runtime-arg -Xmx512m
I/Icing   ( 1014): Flash index sort hb 75 prefix-hits 360 -> 356 at 112.071ms
W/Wifi    ( 3556): Failed to read packet and byte counts from wifi interface
I/dex2oat ( 5354): dex2oat took 223.501ms (threads: 2) arena alloc=56KB java alloc=6KB native alloc=618KB free=17KB
W/System.err( 1858): android.content.pm.PackageManager$NameNotFoundException
D/AndroidRuntime( 5364): Calling main entry com.android.commands.am.Am
W/System.err( 1858): 	at android.app.ApplicationPackageManager.getPackageInfo(ApplicationPackageManager.java:114)
W/System.err( 1858): 	at com.estrongs.android.pop.app.c.ai.c(Unknown Source)
W/System.err( 1858): 	at com.estrongs.android.pop.app.c.ai.a(Unknown Source)
W/System.err( 1858): 	at com.estrongs.android.pop.app.scene.e.q.a(Unknown Source)
W/System.err( 1858): 	at com.estrongs.android.scanner.c.m.run(Unknown Source)
W/System.err( 1858): 	at java.util.concurrent.ThreadPoolExecutor.runWorker(ThreadPoolExecutor.java:1112)
W/System.err( 1858): 	at java.util.concurrent.ThreadPoolExecutor$Worker.run(ThreadPoolExecutor.java:587)
W/System.err( 1858): 	at java.lang.Thread.run(Thread.java:818)
I/ActivityManager(  455): START u0 {act=android.intent.action.VIEW dat=localhost:8000 flg=0x10000000 cmp=com.android.chrome/com.google.android.apps.chrome.Main} from uid 2000 on display 0
V/WindowManager(  455): addAppToken: AppWindowToken{df1d695 token=Token{1489164c ActivityRecord{32f1367f u0 com.android.chrome/com.google.android.apps.chrome.Main t4991}}} to stack=1 task=4991 at 0
D/AndroidRuntime( 5364): Shutting down VM
D/ConnectivityService(  455): releasing NetworkRequest NetworkRequest [ id=17, legacyType=-1, [ Capabilities: INTERNET&NOT_RESTRICTED&TRUSTED] ]
D/ConnectivityManager.CallbackHandler( 5051): CM callback handler got msg 524296
W/cr_Autocomplete( 5051): stopping autocomplete.
D/ConnectivityService(  455): listenForNetwork for NetworkRequest [ id=18, legacyType=-1, [ Capabilities: INTERNET&NOT_RESTRICTED&TRUSTED] ]
D/ConnectivityService(  455): handleRegisterNetworkRequest checking NetworkAgentInfo [WIFI () - 100]
D/ConnectivityService(  455): apparently satisfied.  currentScore=60
D/ConnectivityManager.CallbackHandler( 5051): CM callback handler got msg 524290
I/cr_InstantAppsHandler( 5051): Not handling with Instant Apps because Chrome is not default or there's a specialized handler
I/ActivityManager(  455): START u0 {act=android.intent.action.VIEW dat=localhost:8000 flg=0x14002000 cmp=com.android.chrome/org.chromium.chrome.browser.ChromeTabbedActivity (has extras)} from uid 10035 on display 0
W/InputMethodManagerService(  455): Window already focused, ignoring focus gain of: com.android.internal.view.IInputMethodClient$Stub$Proxy@10d1e2e4 attribute=null, token = android.os.BinderProxy@3cfdbef7
I/ActivityManager(  455): Start proc 5383:com.android.chrome:sandboxed_process3/u0i3 for service com.android.chrome/org.chromium.content.app.SandboxedProcessService3
W/dboxed_process3( 5383): type=1400 audit(0.0:11): avc: denied { search } for name="tmp" dev="dm-0" ino=49 scontext=u:r:isolated_app:s0 tcontext=u:object_r:shell_data_file:s0 tclass=dir permissive=0
I/cr_ChildProcessService( 5383): Creating new ChildProcessService pid=5383
I/cr_LibraryLoader( 5383): Using linker: org.chromium.base.library_loader.LegacyLinker
I/vgn     ( 1014): 45-xlb -- metadata{ service_id: 0 }
W/linker  ( 5383): libchromium_android_linker.so: unused DT entry: type 0x6ffffffe arg 0xce8
W/linker  ( 5383): libchromium_android_linker.so: unused DT entry: type 0x6fffffff arg 0x3
I/cr_LibraryLoader( 5383): Loading chrome from within /data/app/com.android.chrome-2/base.apk
I/cr_LibraryLoader( 5383): Time to load native libraries: 132 ms (timestamps 2728-2860)
I/chromium( 5383): [INFO:library_loader_hooks.cc(136)] Chromium logging enabled: level = 0, default verbosity = 0
I/cr_LibraryLoader( 5383): Expected native library version number "61.0.3163.98", actual native library version number "61.0.3163.98"
W/Wifi    ( 3556): Failed to read packet and byte counts from wifi interface
I/vgn     ( 1014): 45-xlb -- metadata{ service_id: 0 }
I/vgn     ( 1014): 45-xlb -- metadata{ service_id: 0 }
I/orc     (  855): 121-GetLaunchDataOperation -- metadata{ service_id: 0 }
W/Wifi    ( 3556): Failed to read packet and byte counts from wifi interface
I/cr_omaha( 5051): Request to Server Successful. Timestamp for next request:1529395483768
I/cr_omaha( 5051): Request to Server Successful. Timestamp for next request:1529395483820
I/cr_omaha( 5051): Attempting to schedule next job for: Tue Jun 19 14:04:43 GMT+02:00 2018
I/cr_omaha( 5051): Scheduled using AlarmManager and IntentService
I/chromium( 5286): [INFO:child_process_service_impl.cc(70)] ChildProcessServiceImpl: Exiting child process.
W/libprocessgroup(  455): failed to open /acct/uid_10035/pid_5286/cgroup.procs: No such file or directory
I/ActivityManager(  455): Process com.android.chrome:sandboxed_process2 (pid 5286) has died
W/chromium( 5051): [WARNING:compositor_view.cc(255)] Child process disconnected (type=6) pid=5286)
W/ActivityManager(  455): Scheduling restart of crashed service com.android.chrome/org.chromium.content.app.SandboxedProcessService2 in 1000ms
W/cr_ChildProcessConn( 5051): onServiceDisconnected (crash or killed by oom): pid=5286
E/WifiStateMachine(  455): WifiStateMachine CMD_START_SCAN source -2 txSuccessRate=91.21 rxSuccessRate=85.39 targetRoamBSSID=any RSSI=-39
W/Wifi    ( 3556): Failed to read packet and byte counts from wifi interface
W/Wifi    ( 3556): Failed to read packet and byte counts from wifi interface
W/cr_Autocomplete( 5051): stopping autocomplete.
D/audio_hw_primary(  208): out_set_parameters: enter: usecase(0: playback) kvpairs: routing=2 out->devices(2) adev->mode(0)
I/vgn     ( 1014): 45-xlb -- metadata{ service_id: 0 }
I/vgn     ( 1014): 45-xlb -- metadata{ service_id: 0 }
I/Icing   ( 1014): Scored 174 usage reports, missing_corpora 2 update_failed 26
I/Icing   ( 1014): Indexing 94FBE96EEF13B8AC56FE8C01687FD8A6012559AC from com.android.chrome
I/Icing   ( 1014): Indexing done 94FBE96EEF13B8AC56FE8C01687FD8A6012559AC
W/Wifi    ( 3556): Failed to read packet and byte counts from wifi interface
W/cr_Autocomplete( 5051): stopping autocomplete.
D/audio_hw_primary(  208): out_set_parameters: enter: usecase(0: playback) kvpairs: routing=2 out->devices(2) adev->mode(0)
I/vgn     ( 1014): 45-xlb -- metadata{ service_id: 0 }
I/vgn     ( 1014): 45-xlb -- metadata{ service_id: 0 }
I/EventLogSendingHelper( 1033): Sending log events.
W/Wifi    ( 3556): Failed to read packet and byte counts from wifi interface
W/cr_Autocomplete( 5051): stopping autocomplete.
D/audio_hw_primary(  208): out_set_parameters: enter: usecase(0: playback) kvpairs: routing=2 out->devices(2) adev->mode(0)
I/vgn     ( 1014): 45-xlb -- metadata{ service_id: 0 }
I/vgn     ( 1014): 45-xlb -- metadata{ service_id: 0 }
W/Wifi    ( 3556): Failed to read packet and byte counts from wifi interface
W/cr_Autocomplete( 5051): stopping autocomplete.
D/audio_hw_primary(  208): out_set_parameters: enter: usecase(0: playback) kvpairs: routing=2 out->devices(2) adev->mode(0)
I/vgn     ( 1014): 45-xlb -- metadata{ service_id: 0 }
W/Wifi    ( 3556): Failed to read packet and byte counts from wifi interface
W/Wifi    ( 3556): Failed to read packet and byte counts from wifi interface
W/cr_Autocomplete( 5051): stopping autocomplete.
D/audio_hw_primary(  208): out_set_parameters: enter: usecase(0: playback) kvpairs: routing=2 out->devices(2) adev->mode(0)
E/System  ( 5051): Uncaught exception thrown by finalizer
E/System  ( 5051): java.lang.IllegalStateException: Warning: Router objects should be explicitly closed when no longer required otherwise you may leak handles.
E/System  ( 5051): 	at org.chromium.mojo.bindings.AutoCloseableRouter.finalize(AutoCloseableRouter.java:18)
E/System  ( 5051): 	at java.lang.Daemons$FinalizerDaemon.doFinalize(Daemons.java:191)
E/System  ( 5051): 	at java.lang.Daemons$FinalizerDaemon.run(Daemons.java:174)
E/System  ( 5051): 	at java.lang.Thread.run(Thread.java:818)
W/cr_Autocomplete( 5051): stopping autocomplete.
D/audio_hw_primary(  208): out_set_parameters: enter: usecase(0: playback) kvpairs: routing=2 out->devices(2) adev->mode(0)
I/vgn     ( 1014): 45-xlb -- metadata{ service_id: 0 }
W/Wifi    ( 3556): Failed to read packet and byte counts from wifi interface
W/Wifi    ( 3556): Failed to read packet and byte counts from wifi interface
W/cr_Autocomplete( 5051): stopping autocomplete.
D/audio_hw_primary(  208): out_set_parameters: enter: usecase(0: playback) kvpairs: routing=2 out->devices(2) adev->mode(0)
W/Wifi    ( 3556): Failed to read packet and byte counts from wifi interface
W/cr_Autocomplete( 5051): stopping autocomplete.
D/audio_hw_primary(  208): out_set_parameters: enter: usecase(0: playback) kvpairs: routing=2 out->devices(2) adev->mode(0)
I/vgn     ( 1014): 45-xlb -- metadata{ service_id: 0 }
W/cr_Autocomplete( 5051): stopping autocomplete.
D/audio_hw_primary(  208): out_set_parameters: enter: usecase(0: playback) kvpairs: routing=2 out->devices(2) adev->mode(0)
W/Wifi    ( 3556): Failed to read packet and byte counts from wifi interface
W/cr_Autocomplete( 5051): stopping autocomplete.
I/vgn     ( 1014): 45-xlb -- metadata{ service_id: 0 }
D/audio_hw_primary(  208): out_set_parameters: enter: usecase(0: playback) kvpairs: routing=2 out->devices(2) adev->mode(0)
W/Wifi    ( 3556): Failed to read packet and byte counts from wifi interface
W/Wifi    ( 3556): Failed to read packet and byte counts from wifi interface
D/NuPlayerDriver(  208): stop(0xab697d18)
D/PhoneStatusBar(  613): disable: < expand ICONS* alerts SYSTEM_INFO* back home recent clock search >
D/NuPlayerDriver(  208): reset(0xab697d18)
D/NuPlayerDriver(  208): notifyResetComplete(0xab697d18)
W/cr_Autocomplete( 5051): stopping autocomplete.
D/BluetoothAdapter(  613): 182392802: getState() :  mService = null. Returning STATE_OFF
D/BluetoothAdapter(  613): 182392802: getState() :  mService = null. Returning STATE_OFF
D/BluetoothAdapter(  613): 182392802: getState() :  mService = null. Returning STATE_OFF
D/BluetoothAdapter(  613): 182392802: getState() :  mService = null. Returning STATE_OFF
W/Wifi    ( 3556): Failed to read packet and byte counts from wifi interface
W/Wifi    ( 3556): Failed to read packet and byte counts from wifi interface
W/BackupManagerService(  455): dataChanged but no participant pkg='com.android.providers.settings' uid=10022
W/Wifi    ( 3556): Failed to read packet and byte counts from wifi interface
D/PhoneStatusBar(  613): disable: < expand icons* alerts system_info* back home recent clock search >
W/InputMethodManagerService(  455): Window already focused, ignoring focus gain of: com.android.internal.view.IInputMethodClient$Stub$Proxy@44a05ae attribute=null, token = android.os.BinderProxy@3cfdbef7
W/Wifi    ( 3556): Failed to read packet and byte counts from wifi interface
D/audio_hw_primary(  208): out_set_parameters: enter: usecase(0: playback) kvpairs: routing=2 out->devices(2) adev->mode(0)
W/ResourceType(  613): No package identifier when getting value for resource number 0x00000000
W/PackageManager(  613): Failure retrieving resources for com.android.chrome: Resource ID #0x0
I/ActivityManager(  455): START u0 {act=com.android.systemui.recents.SHOW_RECENTS flg=0x10804000 cmp=com.android.systemui/.recents.RecentsActivity} from uid 10022 on display 0
V/WindowManager(  455): addAppToken: AppWindowToken{117bf3e5 token=Token{11bf16dc ActivityRecord{33d39f4f u0 com.android.systemui/.recents.RecentsActivity t4992}}} to stack=0 task=4992 at 0
D/ConnectivityService(  455): releasing NetworkRequest NetworkRequest [ id=18, legacyType=-1, [ Capabilities: INTERNET&NOT_RESTRICTED&TRUSTED] ]
D/ConnectivityManager.CallbackHandler( 5051): CM callback handler got msg 524296
W/cr_Autocomplete( 5051): stopping autocomplete.
D/OpenGLRenderer(  613): setting property ambientRatio to 1.5
D/OpenGLRenderer(  613): ambientRatio = 1.50
V/WindowManager(  455): Adding window Window{3799365e u0 com.android.systemui/com.android.systemui.recents.RecentsActivity} at 4 of 18 (after Window{26ce2900 u0 com.google.android.googlequicksearchbox/com.google.android.launcher.GEL})
I/cr_BindingManager( 5051): onTrimMemory: level=20, size=1
I/ActivityManager(  455): Displayed com.android.systemui/.recents.RecentsActivity: +299ms
W/Wifi    ( 3556): Failed to read packet and byte counts from wifi interface
I/ActivityManager(  455): Killing 3288:com.android.defcontainer/u0a4 (adj 15): empty #17
I/ActivityManager(  455): Killing 3913:com.google.android.gms.ui/u0a8 (adj 15): empty #18
I/ActivityManager(  455): Killing 3781:com.google.android.music:main/u0a61 (adj 15): empty #19
I/ActivityManager(  455): Killing 3727:com.google.android.gm/u0a71 (adj 15): empty #20
I/ActivityManager(  455): Killing 5125:com.android.chrome:privileged_process0/u0a35 (adj 9): remove task
W/cr_ContextualSearch( 5051): Warning, the UNDEFINED state was aborted.
I/MediaFocusControl(  455):  AudioFocus  abandonAudioFocus() from android.media.AudioManager@d7d25f6org.chromium.content.browser.AudioFocusDelegate@321e4df7
I/MediaFocusControl(  455):  AudioFocus  abandonAudioFocus() from android.media.AudioManager@d7d25f6org.chromium.content.browser.AudioFocusDelegate@16b2a464
W/cr_ChildProcessConn( 5051): onServiceDisconnected (crash or killed by oom): pid=5125
I/ActivityManager(  455): Killing 5051:com.android.chrome/u0a35 (adj 9): remove task
D/ConnectivityService(  455): ConnectivityService NetworkRequestInfo binderDied(NetworkRequest [ id=15, legacyType=-1, [ Capabilities: INTERNET&NOT_RESTRICTED&TRUSTED] ], android.os.BinderProxy@62aa055)
D/ConnectivityService(  455): releasing NetworkRequest NetworkRequest [ id=15, legacyType=-1, [ Capabilities: INTERNET&NOT_RESTRICTED&TRUSTED] ]
E/ConnectivityService(  455): RemoteException caught trying to send a callback msg for NetworkRequest [ id=15, legacyType=-1, [ Capabilities: INTERNET&NOT_RESTRICTED&TRUSTED] ]
I/ActivityManager(  455): Killing 5215:com.android.chrome:sandboxed_process1/u0a35i1 (adj 9): remove task
W/libprocessgroup(  455): failed to open /acct/uid_10035/pid_5215/cgroup.procs: No such file or directory
I/ActivityManager(  455): Killing 5383:com.android.chrome:sandboxed_process3/u0a35i3 (adj 9): remove task
W/libprocessgroup(  455): failed to open /acct/uid_10035/pid_5383/cgroup.procs: No such file or directory
W/ActivityManager(  455): Scheduling restart of crashed service com.android.chrome/org.chromium.content.app.PrivilegedProcessService0 in 1000ms
I/Choreographer(  613): Skipped 38 frames!  The application may be doing too much work on its main thread.
W/ActivityManager(  455): Scheduling restart of crashed service com.android.chrome/org.chromium.content.app.SandboxedProcessService1 in 10994ms
W/ActivityManager(  455): Scheduling restart of crashed service com.android.chrome/org.chromium.content.app.SandboxedProcessService3 in 20993ms
W/Wifi    ( 3556): Failed to read packet and byte counts from wifi interface
D/TaskPersister(  455): removeObsoleteFile: deleting file=4990_task.xml
D/TaskPersister(  455): removeObsoleteFile: deleting file=4990_task_thumbnail.png
W/Wifi    ( 3556): Failed to read packet and byte counts from wifi interface
E/WifiStateMachine(  455): WifiStateMachine CMD_START_SCAN source -2 txSuccessRate=4.41 rxSuccessRate=2.90 targetRoamBSSID=any RSSI=-41
E/WifiStateMachine(  455): WifiStateMachine starting scan for "YOU SHALL NOT PASS"WPA_PSK with 2437
W/Wifi    ( 3556): Failed to read packet and byte counts from wifi interface
W/Wifi    ( 3556): Failed to read packet and byte counts from wifi interface
W/Wifi    ( 3556): Failed to read packet and byte counts from wifi interface
W/Wifi    ( 3556): Failed to read packet and byte counts from wifi interface
W/GmsLocationProvider( 1033): Error removing location updates: 16
W/Wifi    ( 3556): Failed to read packet and byte counts from wifi interface
W/Wifi    ( 3556): Failed to read packet and byte counts from wifi interface
D/TaskPersister(  455): removeObsoleteFile: deleting file=4986_task.xml
I/ActivityManager(  455): START u0 {act=android.intent.action.MAIN cat=[android.intent.category.HOME] flg=0x10200000 cmp=com.google.android.googlequicksearchbox/com.google.android.launcher.GEL} from uid 10022 on display 0
E/LegacyNowServiceClient(  933): skipping logEndstates, service is null
W/SessionLifecycleManager( 1033): Handover failed. Creating new session controller.
D/BluetoothAdapter( 1033): 982648545: getState() :  mService = null. Returning STATE_OFF
D/BluetoothAdapter( 1033): 982648545: getState() :  mService = null. Returning STATE_OFF
I/VoiceSearchSettings( 1033): Hotword upgrade key is null!
I/OptInState( 1033): There is a new client and it does not support opt-in. Dropping request.
W/OpenGLRenderer(  933): Incorrectly called buildLayer on View: ShortcutAndWidgetContainer, destroying layer...
I/MicroDetectionWorker( 1033): #updateMicroDetector [detectionMode: [mDetectionMode: [1]]]
I/MicroDetectionWorker( 1033): #startMicroDetector [speakerMode: 0]
D/BluetoothAdapter( 1033): 982648545: getState() :  mService = null. Returning STATE_OFF
D/BluetoothAdapter( 1033): 982648545: getState() :  mService = null. Returning STATE_OFF
I/VoiceSearchSettings( 1033): Hotword upgrade key is null!
D/BluetoothAdapter( 1033): 982648545: getState() :  mService = null. Returning STATE_OFF
I/VoiceSearchSettings( 1033): Hotword upgrade key is null!
D/BluetoothAdapter( 1033): 982648545: getState() :  mService = null. Returning STATE_OFF
I/MicroDetectionWorker( 1033): onReady
W/LocationOracle( 1033): No location history returned by ContextManager
I/MicroRecognitionRunner( 1033): Starting detection.
I/MicrophoneInputStream( 1033): mic_starting com.google.android.apps.gsa.speech.audio.af@2e8d39b
I/AudioFlinger(  208): AudioFlinger's thread 0xab655fe8 ready to run
I/SoundTriggerHwService::Module(  208): void android::SoundTriggerHwService::Module::onCallbackEvent(const android::sp<android::SoundTriggerHwService::CallbackEvent>&) mClient == 0
I/MicrophoneInputStream( 1033): mic_started com.google.android.apps.gsa.speech.audio.af@2e8d39b
W/ctxmgr  (  855): [AclManager]No 3 for (accnt=account#-517948760#, com.google.android.gms(10008):UserVelocityProducer, vrsn=12685011, 0, 3pPkg = null ,  3pMdlId = null ,  pid = 855). Was: 3 for 1, account#-517948760#
E/SQLiteLog(  855): (2067) abort at 35 in [INSERT INTO context(context_name,end_time,context_family,module_id,version,sync_state_mod_time_millis,start_time,sync_state,context_id,time_type,proto_blob) VALUES (?,?,?,?,?,?,?,?,?,?,?)]: UNI
E/SQLiteLog(  855): (2067) abort at 35 in [INSERT INTO context(context_name,end_time,context_family,module_id,version,sync_state_mod_time_millis,start_time,sync_state,context_id,time_type,proto_blob) VALUES (?,?,?,?,?,?,?,?,?,?,?)]: UNI
E/SQLiteLog(  855): (2067) abort at 35 in [INSERT INTO context(context_name,end_time,context_family,module_id,version,sync_state_mod_time_millis,start_time,sync_state,context_id,time_type,proto_blob) VALUES (?,?,?,?,?,?,?,?,?,?,?)]: UNI
W/Wifi    ( 3556): Failed to read packet and byte counts from wifi interface
I/MicroDetectionWorker( 1033): onReady
I/art     (  855): Background sticky concurrent mark sweep GC freed 92538(4MB) AllocSpace objects, 5(348KB) LOS objects, 13% free, 32MB/37MB, paused 24.647ms total 154.095ms
I/art     (  455): Explicit concurrent mark sweep GC freed 63916(3MB) AllocSpace objects, 17(876KB) LOS objects, 33% free, 30MB/45MB, paused 575us total 208.830ms
I/vgn     (  855): 67-RequestPlaceUpdates -- metadata{ service_id: 0 }
I/vgn     (  855): 67-RequestPlaceUpdates -- metadata{ service_id: 0 }
I/GeofencerStateMachine(  855): removeGeofences: removeRequest=RemoveGeofencingRequest[REMOVE_BY_PENDING_INTENT pendingIntent=PendingIntent[creatorPackage=com.google.android.gms], packageName=null]
I/GeofencerStateMachine(  855): removeGeofences: removeRequest=RemoveGeofencingRequest[REMOVE_BY_PENDING_INTENT pendingIntent=PendingIntent[creatorPackage=com.google.android.gms], packageName=null]
I/PlaceInferenceEngine(  855): [anon] Changed inference mode: 0
I/Places  (  855): ?: PlacesBleScanner start() with priority 2
I/PlaceInferenceEngine(  855): [anon] Changed inference mode: 1
I/Places  (  855): Converted 6 out of 17 WiFi scans
D/BluetoothAdapter(  855): 869888788: getState() :  mService = null. Returning STATE_OFF
I/PlaceInferenceEngine(  855): [anon] Changed inference mode: 1
I/BeaconBle(  855): Using BLE 'L' hardware layer
I/BeaconBle(  855): Client requested scan, settings=BleSettings [scanMode=ZERO_POWER, callbackType=ALL_MATCHES, reportDelayMillis=0, 1 filters, 0 clients, callingClientName=Places]
E/BeaconBle(  855): Scan couldn't start for Places
W/Places  (  855): BLE failure while scanning - code 5
I/PlaceInferenceEngine(  855): No beacon scan available - ignoring candidates.
W/Wifi    ( 3556): Failed to read packet and byte counts from wifi interface
W/ctxmgr  (  855): [AclManager]No 2 for (accnt=account#-517948760#, com.google.android.gms(10008):PlacesProducer, vrsn=12685000, 0, 3pPkg = null ,  3pMdlId = null ,  pid = 855). Was: 3 for 18, account#-517948760#
W/Wifi    ( 3556): Failed to read packet and byte counts from wifi interface
W/Wifi    ( 3556): Failed to read packet and byte counts from wifi interface
W/Wifi    ( 3556): Failed to read packet and byte counts from wifi interface
W/Wifi    ( 3556): Failed to read packet and byte counts from wifi interface
W/Wifi    ( 3556): Failed to read packet and byte counts from wifi interface
I/Babel_ConcService( 3153): Unbinding ConcurrentService
W/Wifi    ( 3556): Failed to read packet and byte counts from wifi interface
W/Wifi    ( 3556): Failed to read packet and byte counts from wifi interface
W/Wifi    ( 3556): Failed to read packet and byte counts from wifi interface
W/Wifi    ( 3556): Failed to read packet and byte counts from wifi interface
W/Wifi    ( 3556): Failed to read packet and byte counts from wifi interface
W/Wifi    ( 3556): Failed to read packet and byte counts from wifi interface
W/Wifi    ( 3556): Failed to read packet and byte counts from wifi interface
E/WifiStateMachine(  455): WifiStateMachine CMD_START_SCAN source -2 txSuccessRate=0.42 rxSuccessRate=0.28 targetRoamBSSID=any RSSI=-40
E/WifiStateMachine(  455): WifiStateMachine starting scan for "YOU SHALL NOT PASS"WPA_PSK with 2437
W/Wifi    ( 3556): Failed to read packet and byte counts from wifi interface
W/Wifi    ( 3556): Failed to read packet and byte counts from wifi interface
W/Wifi    ( 3556): Failed to read packet and byte counts from wifi interface
W/Wifi    ( 3556): Failed to read packet and byte counts from wifi interface
W/Wifi    ( 3556): Failed to read packet and byte counts from wifi interface
D/AndroidRuntime( 5542): >>>>>> START com.android.internal.os.RuntimeInit uid 2000 <<<<<<
D/AndroidRuntime( 5542): CheckJNI is OFF
D/AndroidRuntime( 5542): Calling main entry com.android.commands.pm.Pm
I/art     ( 5542): System.exit called, status: 0
I/AndroidRuntime( 5542): VM exiting with result code 0.
D/AndroidRuntime( 5555): >>>>>> START com.android.internal.os.RuntimeInit uid 2000 <<<<<<
D/AndroidRuntime( 5555): CheckJNI is OFF
W/Wifi    ( 3556): Failed to read packet and byte counts from wifi interface
D/AndroidRuntime( 5555): Calling main entry com.android.commands.pm.Pm
I/art     ( 5555): System.exit called, status: 0
I/AndroidRuntime( 5555): VM exiting with result code 0.
D/AndroidRuntime( 5588): >>>>>> START com.android.internal.os.RuntimeInit uid 2000 <<<<<<
D/AndroidRuntime( 5588): CheckJNI is OFF
W/Wifi    ( 3556): Failed to read packet and byte counts from wifi interface
D/AndroidRuntime( 5588): Calling main entry com.android.commands.monkey.Monkey
W/BroadcastQueue(  455): Skipping deliver [background] BroadcastRecord{2a335932 u-1 android.net.conn.CONNECTIVITY_CHANGE} to ReceiverList{bb66683 5588 (unknown name)/2000/u-1 remote:dba4e94}: process crashing
I/ActivityManager(  455): START u0 {act=android.intent.action.MAIN cat=[android.intent.category.LAUNCHER] flg=0x10200000 cmp=com.quicinc.trepn/.userinterface.main.TrepnActivity} from uid 2000 on display 0
V/WindowManager(  455): addAppToken: AppWindowToken{3039d67e token=Token{3cf039 ActivityRecord{1c37c000 u0 com.quicinc.trepn/.userinterface.main.TrepnActivity t4993}}} to stack=1 task=4993 at 0
V/WindowManager(  455): Adding window Window{226f6d71 u0 Starting com.quicinc.trepn} at 3 of 17 (after Window{26ce2900 u0 com.google.android.googlequicksearchbox/com.google.android.launcher.GEL})
I/CwMcuSensor(  455): CwMcuSensor::flush: fd = 178, sensors_id = 0, path = /sys/class/htc_sensorhub/sensor_hub/flush, err = 0
I/art     ( 5588): System.exit called, status: 0
I/AndroidRuntime( 5588): VM exiting with result code 0.
I/ActivityManager(  455): START u0 {cmp=com.quicinc.trepn/.userinterface.advanced.ProfilingActivity} from uid 10091 on display 0
V/WindowManager(  455): addAppToken: AppWindowToken{1ebb2930 token=Token{ecdf673 ActivityRecord{281072e2 u0 com.quicinc.trepn/.userinterface.advanced.ProfilingActivity t4993}}} to stack=1 task=4993 at 1
V/WindowManager(  455): Based on layer: Adding window Window{226f6d71 u0 Starting com.quicinc.trepn} at 3 of 17
V/WindowManager(  455): Adding window Window{35c6db2e u0 com.quicinc.trepn/com.quicinc.trepn.userinterface.main.TrepnActivity} at 3 of 18 (before Window{226f6d71 u0 Starting com.quicinc.trepn})
V/WindowManager(  455): Adding window Window{36697c3a u0 com.quicinc.trepn/com.quicinc.trepn.userinterface.advanced.ProfilingActivity} at 4 of 19 (before Window{226f6d71 u0 Starting com.quicinc.trepn})
I/ActivityManager(  455): Displayed com.quicinc.trepn/.userinterface.advanced.ProfilingActivity: +163ms (total +49s178ms)
I/PBSessionCacheImpl( 1033): Deleted sessionId[15545895661437] from persistence.
I/MicroDetector( 1033): Keeping mic open: false
I/DeviceStateChecker( 1033): DeviceStateChecker cancelled
I/AudioController( 1033): internalShutdown
I/MicrophoneInputStream( 1033): mic_close com.google.android.apps.gsa.speech.audio.af@2e8d39b
I/MicroRecognitionRunner( 1033): Stopping hotword detection.
I/SoundTriggerHwService::Module(  208): void android::SoundTriggerHwService::Module::onCallbackEvent(const android::sp<android::SoundTriggerHwService::CallbackEvent>&) mClient == 0
I/MicroRecognitionRunner( 1033): Detection finished
W/Wifi    ( 3556): Failed to read packet and byte counts from wifi interface
W/System.err( 1858): android.content.pm.PackageManager$NameNotFoundException
W/System.err( 1858): 	at android.app.ApplicationPackageManager.getPackageInfo(ApplicationPackageManager.java:114)
W/System.err( 1858): 	at com.estrongs.android.pop.app.c.ai.c(Unknown Source)
W/System.err( 1858): 	at com.estrongs.android.pop.app.c.ai.a(Unknown Source)
W/System.err( 1858): 	at com.estrongs.android.pop.app.scene.e.q.a(Unknown Source)
W/System.err( 1858): 	at com.estrongs.android.scanner.c.m.run(Unknown Source)
W/System.err( 1858): 	at java.util.concurrent.ThreadPoolExecutor.runWorker(ThreadPoolExecutor.java:1112)
W/System.err( 1858): 	at java.util.concurrent.ThreadPoolExecutor$Worker.run(ThreadPoolExecutor.java:587)
W/System.err( 1858): 	at java.lang.Thread.run(Thread.java:818)
W/System.err( 1858): android.content.pm.PackageManager$NameNotFoundException
W/System.err( 1858): 	at android.app.ApplicationPackageManager.getPackageInfo(ApplicationPackageManager.java:114)
W/System.err( 1858): 	at com.estrongs.android.pop.app.c.ai.c(Unknown Source)
W/System.err( 1858): 	at com.estrongs.android.pop.app.c.ai.a(Unknown Source)
W/System.err( 1858): 	at com.estrongs.android.pop.app.scene.e.q.a(Unknown Source)
W/System.err( 1858): 	at com.estrongs.android.scanner.c.m.run(Unknown Source)
W/System.err( 1858): 	at java.util.concurrent.ThreadPoolExecutor.runWorker(ThreadPoolExecutor.java:1112)
W/System.err( 1858): 	at java.util.concurrent.ThreadPoolExecutor$Worker.run(ThreadPoolExecutor.java:587)
W/System.err( 1858): 	at java.lang.Thread.run(Thread.java:818)
W/Wifi    ( 3556): Failed to read packet and byte counts from wifi interface
W/Wifi    ( 3556): Failed to read packet and byte counts from wifi interface
W/Wifi    ( 3556): Failed to read packet and byte counts from wifi interface
W/Wifi    ( 3556): Failed to read packet and byte counts from wifi interface
D/AndroidRuntime( 5605): >>>>>> START com.android.internal.os.RuntimeInit uid 2000 <<<<<<
D/AndroidRuntime( 5605): CheckJNI is OFF
I/vgn     (  855): 67-RequestPlaceUpdates -- metadata{ service_id: 0 }
I/vgn     (  855): 67-RemovePlaceUpdates -- metadata{ service_id: 0 }
I/Places  (  855): ?: PlacesBleScanner stop()
I/BeaconBle(  855): Scan canceled successfully.
I/PlaceInferenceEngine(  855): [anon] Changed inference mode: 0
I/GeofencerStateMachine(  855): removeGeofences: removeRequest=RemoveGeofencingRequest[REMOVE_BY_PENDING_INTENT pendingIntent=PendingIntent[creatorPackage=com.google.android.gms], packageName=null]
D/AndroidRuntime( 5605): Calling main entry com.android.commands.am.Am
I/Trepn   ( 5007): Trepn 6.2s: Received intent: com.quicinc.trepn.load_preferences; filename: /sdcard/trepn/saved_preferences/trepn.pref
D/AndroidRuntime( 5605): Shutting down VM
W/Wifi    ( 3556): Failed to read packet and byte counts from wifi interface
W/Wifi    ( 3556): Failed to read packet and byte counts from wifi interface
D/AndroidRuntime( 5617): >>>>>> START com.android.internal.os.RuntimeInit uid 2000 <<<<<<
D/AndroidRuntime( 5617): CheckJNI is OFF
D/AndroidRuntime( 5617): Calling main entry com.android.commands.am.Am
I/ActivityManager(  455): Force stopping com.quicinc.trepn appid=10091 user=0: from pid 5617
I/ActivityManager(  455): Killing 5007:com.quicinc.trepn/u0a91 (adj 0): stop com.quicinc.trepn
W/InputDispatcher(  455): channel '35c6db2e com.quicinc.trepn/com.quicinc.trepn.userinterface.main.TrepnActivity (server)' ~ Consumer closed input channel or an error occurred.  events=0x9
E/InputDispatcher(  455): channel '35c6db2e com.quicinc.trepn/com.quicinc.trepn.userinterface.main.TrepnActivity (server)' ~ Channel is unrecoverably broken and will be disposed!
W/InputDispatcher(  455): channel '2e93c49a  (server)' ~ Consumer closed input channel or an error occurred.  events=0x9
E/InputDispatcher(  455): channel '2e93c49a  (server)' ~ Channel is unrecoverably broken and will be disposed!
W/InputDispatcher(  455): channel '36697c3a com.quicinc.trepn/com.quicinc.trepn.userinterface.advanced.ProfilingActivity (server)' ~ Consumer closed input channel or an error occurred.  events=0x9
E/InputDispatcher(  455): channel '36697c3a com.quicinc.trepn/com.quicinc.trepn.userinterface.advanced.ProfilingActivity (server)' ~ Channel is unrecoverably broken and will be disposed!
I/WindowState(  455): WIN DEATH: Window{2e93c49a u0 com.quicinc.trepn}
W/InputDispatcher(  455): Attempted to unregister already unregistered input channel '2e93c49a  (server)'
I/WindowState(  455): WIN DEATH: Window{36697c3a u0 com.quicinc.trepn/com.quicinc.trepn.userinterface.advanced.ProfilingActivity}
W/InputDispatcher(  455): Attempted to unregister already unregistered input channel '36697c3a com.quicinc.trepn/com.quicinc.trepn.userinterface.advanced.ProfilingActivity (server)'
I/WindowState(  455): WIN DEATH: Window{35c6db2e u0 com.quicinc.trepn/com.quicinc.trepn.userinterface.main.TrepnActivity}
W/InputDispatcher(  455): Attempted to unregister already unregistered input channel '35c6db2e com.quicinc.trepn/com.quicinc.trepn.userinterface.main.TrepnActivity (server)'
W/ActivityManager(  455): Scheduling restart of crashed service com.quicinc.trepn/.TrepnService in 1000ms
W/ActivityManager(  455): Force removing ActivityRecord{281072e2 u0 com.quicinc.trepn/.userinterface.advanced.ProfilingActivity t4993}: app died, no saved state
I/ActivityManager(  455):   Force finishing activity 3 ActivityRecord{1c37c000 u0 com.quicinc.trepn/.userinterface.main.TrepnActivity t4993}
I/ActivityManager(  455):   Force stopping service ServiceRecord{2faa828b u0 com.quicinc.trepn/.TrepnService}
W/ActivityManager(  455): Spurious death for ProcessRecord{3c9b73d5 5007:com.quicinc.trepn/u0a91}, curProc for 5007: null
D/AndroidRuntime( 5617): Shutting down VM
W/InputMethodManagerService(  455): Got RemoteException sending setActive(false) notification to pid 5007 uid 10091
W/SessionLifecycleManager( 1033): Handover failed. Creating new session controller.
W/LocationOracle( 1033): No location history returned by ContextManager
I/MicroDetectionWorker( 1033): #updateMicroDetector [detectionMode: [mDetectionMode: [1]]]
I/MicroDetectionWorker( 1033): #startMicroDetector [speakerMode: 0]
D/BluetoothAdapter( 1033): 982648545: getState() :  mService = null. Returning STATE_OFF
D/BluetoothAdapter( 1033): 982648545: getState() :  mService = null. Returning STATE_OFF
I/VoiceSearchSettings( 1033): Hotword upgrade key is null!
D/BluetoothAdapter( 1033): 982648545: getState() :  mService = null. Returning STATE_OFF
I/VoiceSearchSettings( 1033): Hotword upgrade key is null!
W/Wifi    ( 3556): Failed to read packet and byte counts from wifi interface
D/BluetoothAdapter( 1033): 982648545: getState() :  mService = null. Returning STATE_OFF
I/MicroRecognitionRunner( 1033): Starting detection.
I/MicrophoneInputStream( 1033): mic_starting com.google.android.apps.gsa.speech.audio.af@15c14571
I/SoundTriggerHwService::Module(  208): void android::SoundTriggerHwService::Module::onCallbackEvent(const android::sp<android::SoundTriggerHwService::CallbackEvent>&) mClient == 0
I/AudioFlinger(  208): AudioFlinger's thread 0xab655fe8 ready to run
I/MicroDetectionWorker( 1033): onReady
I/MicrophoneInputStream( 1033): mic_started com.google.android.apps.gsa.speech.audio.af@15c14571
W/ctxmgr  (  855): [AclManager]No 3 for (accnt=account#-517948760#, com.google.android.gms(10008):UserVelocityProducer, vrsn=12685011, 0, 3pPkg = null ,  3pMdlId = null ,  pid = 855). Was: 3 for 1, account#-517948760#
E/SQLiteLog(  855): (2067) abort at 35 in [INSERT INTO context(context_name,end_time,context_family,module_id,version,sync_state_mod_time_millis,start_time,sync_state,context_id,time_type,proto_blob) VALUES (?,?,?,?,?,?,?,?,?,?,?)]: UNI
E/SQLiteLog(  855): (2067) abort at 35 in [INSERT INTO context(context_name,end_time,context_family,module_id,version,sync_state_mod_time_millis,start_time,sync_state,context_id,time_type,proto_blob) VALUES (?,?,?,?,?,?,?,?,?,?,?)]: UNI
E/SQLiteLog(  855): (2067) abort at 35 in [INSERT INTO context(context_name,end_time,context_family,module_id,version,sync_state_mod_time_millis,start_time,sync_state,context_id,time_type,proto_blob) VALUES (?,?,?,?,?,?,?,?,?,?,?)]: UNI
I/vgn     (  855): 67-RequestPlaceUpdates -- metadata{ service_id: 0 }
I/GeofencerStateMachine(  855): removeGeofences: removeRequest=RemoveGeofencingRequest[REMOVE_BY_PENDING_INTENT pendingIntent=PendingIntent[creatorPackage=com.google.android.gms], packageName=null]
I/GeofencerStateMachine(  855): removeGeofences: removeRequest=RemoveGeofencingRequest[REMOVE_BY_PENDING_INTENT pendingIntent=PendingIntent[creatorPackage=com.google.android.gms], packageName=null]
I/PlaceInferenceEngine(  855): [anon] Changed inference mode: 0
I/vgn     (  855): 35-GetDeviceDataUploadOptInStatusOperation -- metadata{ service_id: 0 }
I/MicroDetectionWorker( 1033): onReady
I/vgn     (  855): 35-GetDeviceDataUploadOptInStatusOperation -- metadata{ service_id: 0 }
I/vgn     (  855): 67-RequestPlaceUpdates -- metadata{ service_id: 0 }
I/Places  (  855): ?: PlacesBleScanner start() with priority 2
I/PlaceInferenceEngine(  855): [anon] Changed inference mode: 1
I/Places  (  855): Converted 7 out of 18 WiFi scans
I/PlaceInferenceEngine(  855): [anon] Changed inference mode: 1
I/BeaconBle(  855): Client requested scan, settings=BleSettings [scanMode=ZERO_POWER, callbackType=ALL_MATCHES, reportDelayMillis=0, 1 filters, 0 clients, callingClientName=Places]
E/BeaconBle(  855): Scan couldn't start for Places
W/Places  (  855): BLE failure while scanning - code 5
W/OpenGLRenderer(  933): Incorrectly called buildLayer on View: ShortcutAndWidgetContainer, destroying layer...
I/PlaceInferenceEngine(  855): No beacon scan available - ignoring candidates.
W/Wifi    ( 3556): Failed to read packet and byte counts from wifi interface
W/ctxmgr  (  855): [AclManager]No 2 for (accnt=account#-517948760#, com.google.android.gms(10008):PlacesProducer, vrsn=12685000, 0, 3pPkg = null ,  3pMdlId = null ,  pid = 855). Was: 3 for 18, account#-517948760#
W/System.err( 1858): android.content.pm.PackageManager$NameNotFoundException
W/System.err( 1858): 	at android.app.ApplicationPackageManager.getPackageInfo(ApplicationPackageManager.java:114)
W/System.err( 1858): 	at com.estrongs.android.pop.app.c.ai.c(Unknown Source)
W/System.err( 1858): 	at com.estrongs.android.pop.app.c.ai.a(Unknown Source)
W/System.err( 1858): 	at com.estrongs.android.pop.app.scene.e.q.a(Unknown Source)
W/System.err( 1858): 	at com.estrongs.android.scanner.c.m.run(Unknown Source)
W/System.err( 1858): 	at java.util.concurrent.ThreadPoolExecutor.runWorker(ThreadPoolExecutor.java:1112)
W/System.err( 1858): 	at java.util.concurrent.ThreadPoolExecutor$Worker.run(ThreadPoolExecutor.java:587)
W/System.err( 1858): 	at java.lang.Thread.run(Thread.java:818)
W/System.err( 1858): android.content.pm.PackageManager$NameNotFoundException
W/System.err( 1858): 	at android.app.ApplicationPackageManager.getPackageInfo(ApplicationPackageManager.java:114)
W/System.err( 1858): 	at com.estrongs.android.pop.app.c.ai.c(Unknown Source)
W/System.err( 1858): 	at com.estrongs.android.pop.app.c.ai.a(Unknown Source)
W/System.err( 1858): 	at com.estrongs.android.pop.app.scene.e.q.a(Unknown Source)
W/System.err( 1858): 	at com.estrongs.android.scanner.c.m.run(Unknown Source)
W/System.err( 1858): 	at java.util.concurrent.ThreadPoolExecutor.runWorker(ThreadPoolExecutor.java:1112)
W/System.err( 1858): 	at java.util.concurrent.ThreadPoolExecutor$Worker.run(ThreadPoolExecutor.java:587)
W/System.err( 1858): 	at java.lang.Thread.run(Thread.java:818)
W/System.err( 1858): android.content.pm.PackageManager$NameNotFoundException
W/System.err( 1858): 	at android.app.ApplicationPackageManager.getPackageInfo(ApplicationPackageManager.java:114)
W/System.err( 1858): 	at com.estrongs.android.pop.app.c.ai.c(Unknown Source)
W/System.err( 1858): 	at com.estrongs.android.pop.app.c.ai.a(Unknown Source)
W/System.err( 1858): 	at com.estrongs.android.pop.app.scene.e.q.a(Unknown Source)
W/System.err( 1858): 	at com.estrongs.android.scanner.c.m.run(Unknown Source)
W/System.err( 1858): 	at java.util.concurrent.ThreadPoolExecutor.runWorker(ThreadPoolExecutor.java:1112)
W/System.err( 1858): 	at java.util.concurrent.ThreadPoolExecutor$Worker.run(ThreadPoolExecutor.java:587)
W/System.err( 1858): 	at java.lang.Thread.run(Thread.java:818)
W/Wifi    ( 3556): Failed to read packet and byte counts from wifi interface
D/AndroidRuntime( 5642): >>>>>> START com.android.internal.os.RuntimeInit uid 2000 <<<<<<
D/AndroidRuntime( 5642): CheckJNI is OFF
I/vgn     (  855): 35-GetDeviceDataUploadOptInStatusOperation -- metadata{ service_id: 0 }
I/vgn     (  855): 35-GetDeviceDataUploadOptInStatusOperation -- metadata{ service_id: 0 }
D/AndroidRuntime( 5642): Calling main entry com.android.commands.am.Am
I/art     (  214): Explicit concurrent mark sweep GC freed 707(30KB) AllocSpace objects, 0(0B) LOS objects, 39% free, 7MB/11MB, paused 176us total 11.330ms
I/ActivityManager(  455): Start proc 5655:com.quicinc.trepn/u0a91 for service com.quicinc.trepn/.TrepnService
D/AndroidRuntime( 5642): Shutting down VM
I/art     (  214): Explicit concurrent mark sweep GC freed 7(240B) AllocSpace objects, 0(0B) LOS objects, 39% free, 7MB/11MB, paused 163us total 16.033ms
I/art     (  214): Explicit concurrent mark sweep GC freed 5(160B) AllocSpace objects, 0(0B) LOS objects, 39% free, 7MB/11MB, paused 186us total 9.817ms
I/art     (  455): Explicit concurrent mark sweep GC freed 52788(2MB) AllocSpace objects, 16(8MB) LOS objects, 33% free, 21MB/32MB, paused 566us total 107.513ms
W/Wifi    ( 3556): Failed to read packet and byte counts from wifi interface
D/AndroidRuntime( 5687): >>>>>> START com.android.internal.os.RuntimeInit uid 2000 <<<<<<
D/AndroidRuntime( 5687): CheckJNI is OFF
D/AndroidRuntime( 5687): Calling main entry com.android.commands.am.Am
I/ActivityManager(  455): Force stopping com.android.chrome appid=10035 user=0: from pid 5687
I/ActivityManager(  455): START u0 {act=android.intent.action.VIEW flg=0x10008000 cmp=com.android.chrome/com.google.android.apps.chrome.Main} from uid 2000 on display 0
V/WindowManager(  455): addAppToken: AppWindowToken{2f16213 token=Token{475c902 ActivityRecord{3ce6ca4d u0 com.android.chrome/com.google.android.apps.chrome.Main t4994}}} to stack=1 task=4994 at 0
D/AndroidRuntime( 5687): Shutting down VM
I/ActivityManager(  455): Start proc 5699:com.android.chrome/u0a35 for activity com.android.chrome/com.google.android.apps.chrome.Main
W/Wifi    ( 3556): Failed to read packet and byte counts from wifi interface
W/DynamiteModule( 5699): Local module descriptor class for com.google.android.gms.googlecertificates not found.
I/DynamiteModule( 5699): Considering local module com.google.android.gms.googlecertificates:0 and remote module com.google.android.gms.googlecertificates:4
I/DynamiteModule( 5699): Selected remote version of com.google.android.gms.googlecertificates, version >= 4
W/ResourcesManager( 5699): Asset path '/system/framework/com.android.media.remotedisplay.jar' does not exist or contains no resources.
W/ResourcesManager( 5699): Asset path '/system/framework/com.android.location.provider.jar' does not exist or contains no resources.
I/cr_InstantAppsHandler( 5699): Not handling with Instant Apps (other)
I/ActivityManager(  455): START u0 {act=android.intent.action.VIEW flg=0x14002000 cmp=com.android.chrome/org.chromium.chrome.browser.ChromeTabbedActivity (has extras)} from uid 10035 on display 0
V/WindowManager(  455): addAppToken: AppWindowToken{1de9c568 token=Token{3a11008b ActivityRecord{1f1f765a u0 com.android.chrome/org.chromium.chrome.browser.ChromeTabbedActivity t4995}}} to stack=1 task=4995 at 0
V/WindowManager(  455): Based on layer: Adding window Window{65acbb9 u0 Starting com.android.chrome} at 3 of 16
I/cr_LibraryLoader( 5699): Using linker: org.chromium.base.library_loader.LegacyLinker
W/linker  ( 5699): libchromium_android_linker.so: unused DT entry: type 0x6ffffffe arg 0xce8
W/linker  ( 5699): libchromium_android_linker.so: unused DT entry: type 0x6fffffff arg 0x3
W/cr_ChildProcLH( 5699): Create a new ChildConnectionAllocator with package name = com.android.chrome, sandboxed = true
I/cr_LibraryLoader( 5699): Loading chrome from within /data/app/com.android.chrome-2/base.apk
W/cr_tabmodel( 5699): Starting to fetch tab list.
W/cr_tabmodel( 5699): Finished fetching tab list.
I/ActivityManager(  455): Start proc 5724:com.android.chrome:sandboxed_process0/u0i4 for service com.android.chrome/org.chromium.content.app.SandboxedProcessService0
D/OpenGLRenderer( 5699): Use EGL_SWAP_BEHAVIOR_PRESERVED: true
V/WindowManager(  455): Adding window Window{1fa26e4f u0 com.android.chrome/org.chromium.chrome.browser.ChromeTabbedActivity} at 3 of 17 (before Window{65acbb9 u0 Starting com.android.chrome})
W/dboxed_process0( 5724): type=1400 audit(0.0:12): avc: denied { search } for name="tmp" dev="dm-0" ino=49 scontext=u:r:isolated_app:s0 tcontext=u:object_r:shell_data_file:s0 tclass=dir permissive=0
I/cr_ChildProcessService( 5724): Creating new ChildProcessService pid=5724
I/OpenGLRenderer( 5699): Initialized EGL, version 1.4
I/cr_LibraryLoader( 5699): Time to load native libraries: 192 ms (timestamps 3452-3644)
I/chromium( 5699): [INFO:library_loader_hooks.cc(136)] Chromium logging enabled: level = 0, default verbosity = 0
I/cr_LibraryLoader( 5699): Expected native library version number "61.0.3163.98", actual native library version number "61.0.3163.98"
D/OpenGLRenderer( 5699): Enabling debug mode 0
V/WindowManager(  455): Adding window Window{2fd4dae5 u0 SurfaceView} at 3 of 18 (before Window{1fa26e4f u0 com.android.chrome/org.chromium.chrome.browser.ChromeTabbedActivity})
W/Wifi    ( 3556): Failed to read packet and byte counts from wifi interface
I/ActivityManager(  455): Displayed com.android.chrome/org.chromium.chrome.browser.ChromeTabbedActivity: +794ms (total +1s115ms)
I/cr_BrowserStartup( 5699): Initializing chromium process, singleProcess=false
W/ResourceType(  613): No package identifier when getting value for resource number 0x00000000
W/PackageManager(  613): Failure retrieving resources for com.quicinc.trepn: Resource ID #0x0
I/ActivityManager(  455): Start proc 5763:com.android.chrome:privileged_process0/u0a35 for service com.android.chrome/org.chromium.content.app.PrivilegedProcessService0
I/cr_ChildProcessService( 5763): Creating new ChildProcessService pid=5763
D/ConnectivityService(  455): listenForNetwork for NetworkRequest [ id=19, legacyType=-1, [ Capabilities: INTERNET&NOT_RESTRICTED&TRUSTED] ]
D/ConnectivityService(  455): handleRegisterNetworkRequest checking NetworkAgentInfo [WIFI () - 100]
D/ConnectivityService(  455): apparently satisfied.  currentScore=60
D/ConnectivityManager.CallbackHandler( 5699): CM callback handler got msg 524290
I/art     ( 5699): Background partial concurrent mark sweep GC freed 4133(305KB) AllocSpace objects, 2(570KB) LOS objects, 40% free, 10MB/17MB, paused 12.125ms total 104.783ms
I/cr_LibraryLoader( 5763): Using linker: org.chromium.base.library_loader.LegacyLinker
W/linker  ( 5763): libchromium_android_linker.so: unused DT entry: type 0x6ffffffe arg 0xce8
W/linker  ( 5763): libchromium_android_linker.so: unused DT entry: type 0x6fffffff arg 0x3
