———— beginning of crash
F/libc    ( 3689): Fatal signal 11 (SIGSEGV), code 1, fault addr 0x7f84fdd2f4 in tid 3699 (Binder_1)
--------- beginning of system
W/ActivityManager(  454): Spurious death for ProcessRecord{3e007058 9154:com.android.chrome:privileged_process0/u0a35}, curProc for 9154: null
W/ActivityManager(  454): Spurious death for ProcessRecord{1608da57 9084:com.android.chrome/u0a35}, curProc for 9084: null
D/BackupManagerService(  454): Received broadcast Intent { act=android.intent.action.PACKAGE_CHANGED dat=package:com.android.vending flg=0x4000010 (has extras) }
W/InputMethodManagerService(  454): Got RemoteException sending setActive(false) notification to pid 9084 uid 10035
I/ActivityManager(  454): Force stopping com.android.chrome appid=10035 user=0: clear data
D/TaskPersister(  454): removeObsoleteFile: deleting file=4896_task.xml
D/TaskPersister(  454): removeObsoleteFile: deleting file=4896_task_thumbnail.png
I/ActivityManager(  454): Start proc 10277:com.android.chrome/u0a35 for content provider com.android.chrome/com.google.android.apps.chrome.icing.IcingProvider
W/ResourcesManager(10277): Asset path '/system/framework/com.android.media.remotedisplay.jar' does not exist or contains no resources.
W/ResourcesManager(10277): Asset path '/system/framework/com.android.location.provider.jar' does not exist or contains no resources.
W/FileUtils(31770): Failed to chmod(/storage/emulated/0/trepn/Trepn_2018.06.18_200959.db): android.system.ErrnoException: chmod failed: EPERM (Operation not permitted)
D/WifiService(  454): acquireWifiLockLocked: WifiLock{NlpWifiLock type=2 binder=android.os.BinderProxy@21efc0f5}
D/WifiService(  454): releaseWifiLockLocked: WifiLock{NlpWifiLock type=2 binder=android.os.BinderProxy@21efc0f5}
I/ActivityManager(  454): Force stopping com.android.chrome appid=10035 user=0: from pid 10531
I/ActivityManager(  454): Killing 10277:com.android.chrome/u0a35 (adj 9): stop com.android.chrome
W/ActivityManager(  454): Spurious death for ProcessRecord{18a33a92 10277:com.android.chrome/u0a35}, curProc for 10277: null
I/ActivityManager(  454): START u0 {act=android.intent.action.VIEW flg=0x10008000 cmp=com.android.chrome/com.google.android.apps.chrome.Main} from uid 2000 on display 0
V/WindowManager(  454): addAppToken: AppWindowToken{ab9c919 token=Token{146ef060 ActivityRecord{18449c63 u0 com.android.chrome/com.google.android.apps.chrome.Main t4899}}} to stack=1 task=4899 at 0
I/ActivityManager(  454): Start proc 10543:com.android.chrome/u0a35 for activity com.android.chrome/com.google.android.apps.chrome.Main
W/ResourcesManager(10543): Asset path '/system/framework/com.android.media.remotedisplay.jar' does not exist or contains no resources.
W/ResourcesManager(10543): Asset path '/system/framework/com.android.location.provider.jar' does not exist or contains no resources.
I/ActivityManager(  454): START u0 {cmp=com.android.chrome/org.chromium.chrome.browser.firstrun.FirstRunActivity (has extras)} from uid 10035 on display 0
V/WindowManager(  454): addAppToken: AppWindowToken{36fc5ab6 token=Token{16d28251 ActivityRecord{35ae6b78 u0 com.android.chrome/org.chromium.chrome.browser.firstrun.FirstRunActivity t4900}}} to stack=1 task=4900 at 0
I/ActivityManager(  454): Start proc 10570:com.android.chrome:sandboxed_process0/u0i106 for service com.android.chrome/org.chromium.content.app.SandboxedProcessService0
V/WindowManager(  454): Based on layer: Adding window Window{309b0acb u0 com.android.chrome/org.chromium.chrome.browser.firstrun.FirstRunActivity} at 3 of 16
I/ActivityManager(  454): Start proc 10614:com.android.chrome:privileged_process0/u0a35 for service com.android.chrome/org.chromium.content.app.PrivilegedProcessService0
D/ConnectivityService(  454): listenForNetwork for NetworkRequest [ id=118, legacyType=-1, [ Capabilities: INTERNET&NOT_RESTRICTED&TRUSTED] ]
D/ConnectivityService(  454): handleRegisterNetworkRequest checking NetworkAgentInfo [WIFI () - 101]
D/ConnectivityService(  454): apparently satisfied.  currentScore=60
D/ConnectivityService(  454): listenForNetwork for NetworkRequest [ id=119, legacyType=-1, [ Capabilities: INTERNET&NOT_RESTRICTED&TRUSTED] ]
D/ConnectivityService(  454): handleRegisterNetworkRequest checking NetworkAgentInfo [WIFI () - 101]
D/ConnectivityService(  454): apparently satisfied.  currentScore=60
I/ActivityManager(  454): START u0 {act=android.intent.action.VIEW flg=0x10808000 cmp=com.android.chrome/com.google.android.apps.chrome.Main (has extras)} from uid 10035 on display 0
V/WindowManager(  454): addAppToken: AppWindowToken{11211c13 token=Token{17082b02 ActivityRecord{29d744d u0 com.android.chrome/com.google.android.apps.chrome.Main t4901}}} to stack=1 task=4901 at 0
D/ConnectivityService(  454): releasing NetworkRequest NetworkRequest [ id=119, legacyType=-1, [ Capabilities: INTERNET&NOT_RESTRICTED&TRUSTED] ]
D/ConnectivityService(  454): listenForNetwork for NetworkRequest [ id=120, legacyType=-1, [ Capabilities: INTERNET&NOT_RESTRICTED&TRUSTED] ]
D/ConnectivityService(  454): handleRegisterNetworkRequest checking NetworkAgentInfo [WIFI () - 101]
D/ConnectivityService(  454): apparently satisfied.  currentScore=60
I/ActivityManager(  454): START u0 {act=android.intent.action.VIEW flg=0x14002000 cmp=com.android.chrome/org.chromium.chrome.browser.ChromeTabbedActivity (has extras)} from uid 10035 on display 0
V/WindowManager(  454): addAppToken: AppWindowToken{333dfa8b token=Token{215c185a ActivityRecord{3531e005 u0 com.android.chrome/org.chromium.chrome.browser.ChromeTabbedActivity t4902}}} to stack=1 task=4902 at 0
V/WindowManager(  454): Based on layer: Adding window Window{3bec8b80 u0 Starting com.android.chrome} at 4 of 17
W/libprocessgroup(  454): failed to open /acct/uid_10035/pid_10570/cgroup.procs: No such file or directory
I/ActivityManager(  454): Process com.android.chrome:sandboxed_process0 (pid 10570) has died
W/ActivityManager(  454): Scheduling restart of crashed service com.android.chrome/org.chromium.content.app.SandboxedProcessService0 in 1000ms
I/ActivityManager(  454): Start proc 10702:com.android.chrome:sandboxed_process1/u0i107 for service com.android.chrome/org.chromium.content.app.SandboxedProcessService1
V/WindowManager(  454): Adding window Window{faa1ed6 u0 com.android.chrome/org.chromium.chrome.browser.ChromeTabbedActivity} at 4 of 18 (before Window{3bec8b80 u0 Starting com.android.chrome})
V/WindowManager(  454): Adding window Window{376f1d2d u0 SurfaceView} at 4 of 19 (before Window{faa1ed6 u0 com.android.chrome/org.chromium.chrome.browser.ChromeTabbedActivity})
I/ActivityManager(  454): Start proc 10758:com.android.chrome:sandboxed_process2/u0i108 for service com.android.chrome/org.chromium.content.app.SandboxedProcessService2
W/FileUtils(31770): Failed to chmod(/storage/emulated/0/trepn/Trepn_2018.06.18_201328.db): android.system.ErrnoException: chmod failed: EPERM (Operation not permitted)
I/ActivityManager(  454): Activity reported stop, but no longer stopping: ActivityRecord{35ae6b78 u0 com.android.chrome/org.chromium.chrome.browser.firstrun.FirstRunActivity t4900 f}
D/TaskPersister(  454): removeObsoleteFile: deleting file=4900_task_thumbnail.png
I/ActivityManager(  454): START u0 {act=android.intent.action.VIEW dat=localhost:8000 flg=0x10000000 cmp=com.android.chrome/com.google.android.apps.chrome.Main} from uid 2000 on display 0
V/WindowManager(  454): addAppToken: AppWindowToken{186ca7d0 token=Token{2b1cb93 ActivityRecord{9b7e882 u0 com.android.chrome/com.google.android.apps.chrome.Main t4903}}} to stack=1 task=4903 at 0
D/ConnectivityService(  454): releasing NetworkRequest NetworkRequest [ id=120, legacyType=-1, [ Capabilities: INTERNET&NOT_RESTRICTED&TRUSTED] ]
D/ConnectivityService(  454): listenForNetwork for NetworkRequest [ id=121, legacyType=-1, [ Capabilities: INTERNET&NOT_RESTRICTED&TRUSTED] ]
D/ConnectivityService(  454): handleRegisterNetworkRequest checking NetworkAgentInfo [WIFI () - 101]
D/ConnectivityService(  454): apparently satisfied.  currentScore=60
I/ActivityManager(  454): START u0 {act=android.intent.action.VIEW dat=localhost:8000 flg=0x14002000 cmp=com.android.chrome/org.chromium.chrome.browser.ChromeTabbedActivity (has extras)} from uid 10035 on display 0
W/InputMethodManagerService(  454): Window already focused, ignoring focus gain of: com.android.internal.view.IInputMethodClient$Stub$Proxy@21451a0b attribute=null, token = android.os.BinderProxy@118a42f1
I/ActivityManager(  454): Start proc 10824:com.android.chrome:sandboxed_process3/u0i109 for service com.android.chrome/org.chromium.content.app.SandboxedProcessService3
W/libprocessgroup(  454): failed to open /acct/uid_10035/pid_10758/cgroup.procs: No such file or directory
I/ActivityManager(  454): Process com.android.chrome:sandboxed_process2 (pid 10758) has died
W/ActivityManager(  454): Scheduling restart of crashed service com.android.chrome/org.chromium.content.app.SandboxedProcessService2 in 1000ms
I/ActivityManager(  454): Start proc 10881:com.android.chrome:sandboxed_process4/u0i110 for service com.android.chrome/org.chromium.content.app.SandboxedProcessService4
W/libprocessgroup(  454): failed to open /acct/uid_10035/pid_10881/cgroup.procs: No such file or directory
I/ActivityManager(  454): Process com.android.chrome:sandboxed_process4 (pid 10881) has died
W/ActivityManager(  454): Scheduling restart of crashed service com.android.chrome/org.chromium.content.app.SandboxedProcessService4 in 1000ms
I/ActivityManager(  454): Force stopping com.android.chrome appid=10035 user=0: from pid 10965
I/ActivityManager(  454): Killing 10614:com.android.chrome:privileged_process0/u0a35 (adj 0): stop com.android.chrome
W/ActivityManager(  454): Scheduling restart of crashed service com.android.chrome/org.chromium.content.app.PrivilegedProcessService0 in 1000ms
I/ActivityManager(  454): Killing 10543:com.android.chrome/u0a35 (adj 0): stop com.android.chrome
D/ConnectivityService(  454): ConnectivityService NetworkRequestInfo binderDied(NetworkRequest [ id=118, legacyType=-1, [ Capabilities: INTERNET&NOT_RESTRICTED&TRUSTED] ], android.os.BinderProxy@2bbcc9ec)
D/ConnectivityService(  454): releasing NetworkRequest NetworkRequest [ id=118, legacyType=-1, [ Capabilities: INTERNET&NOT_RESTRICTED&TRUSTED] ]
I/WindowState(  454): WIN DEATH: Window{376f1d2d u0 SurfaceView}
E/ConnectivityService(  454): RemoteException caught trying to send a callback msg for NetworkRequest [ id=118, legacyType=-1, [ Capabilities: INTERNET&NOT_RESTRICTED&TRUSTED] ]
D/ConnectivityService(  454): ConnectivityService NetworkRequestInfo binderDied(NetworkRequest [ id=121, legacyType=-1, [ Capabilities: INTERNET&NOT_RESTRICTED&TRUSTED] ], android.os.BinderProxy@3d7011b5)
D/ConnectivityService(  454): releasing NetworkRequest NetworkRequest [ id=121, legacyType=-1, [ Capabilities: INTERNET&NOT_RESTRICTED&TRUSTED] ]
E/ConnectivityService(  454): RemoteException caught trying to send a callback msg for NetworkRequest [ id=121, legacyType=-1, [ Capabilities: INTERNET&NOT_RESTRICTED&TRUSTED] ]
I/WindowState(  454): WIN DEATH: Window{faa1ed6 u0 com.android.chrome/org.chromium.chrome.browser.ChromeTabbedActivity}
W/ActivityManager(  454): Exception when unbinding service com.android.chrome/org.chromium.content.app.SandboxedProcessService3
W/ActivityManager(  454): android.os.DeadObjectException
W/ActivityManager(  454): 	at android.os.BinderProxy.transactNative(Native Method)
W/ActivityManager(  454): 	at android.os.BinderProxy.transact(Binder.java:496)
W/ActivityManager(  454): 	at android.app.ApplicationThreadProxy.scheduleUnbindService(ApplicationThreadNative.java:921)
W/ActivityManager(  454): 	at com.android.server.am.ActiveServices.removeConnectionLocked(ActiveServices.java:1795)
W/ActivityManager(  454): 	at com.android.server.am.ActiveServices.killServicesLocked(ActiveServices.java:2193)
W/ActivityManager(  454): 	at com.android.server.am.ActivityManagerService.cleanUpApplicationRecordLocked(ActivityManagerService.java:14895)
W/ActivityManager(  454): 	at com.android.server.am.ActivityManagerService.handleAppDiedLocked(ActivityManagerService.java:4552)
W/ActivityManager(  454): 	at com.android.server.am.ActivityManagerService.removeProcessLocked(ActivityManagerService.java:5789)
W/ActivityManager(  454): 	at com.android.server.am.ActivityManagerService.killPackageProcessesLocked(ActivityManagerService.java:5594)
W/ActivityManager(  454): 	at com.android.server.am.ActivityManagerService.forceStopPackageLocked(ActivityManagerService.java:5655)
W/ActivityManager(  454): 	at com.android.server.am.ActivityManagerService.forceStopPackageLocked(ActivityManagerService.java:5499)
W/ActivityManager(  454): 	at com.android.server.am.ActivityManagerService.forceStopPackage(ActivityManagerService.java:5309)
W/ActivityManager(  454): 	at android.app.ActivityManagerNative.onTransact(ActivityManagerNative.java:1461)
W/ActivityManager(  454): 	at com.android.server.am.ActivityManagerService.onTransact(ActivityManagerService.java:2208)
W/ActivityManager(  454): 	at android.os.Binder.execTransact(Binder.java:446)
I/ActivityManager(  454): Killing 10824:com.android.chrome:sandboxed_process3/u0a35i109 (adj 9): isolated not needed
W/libprocessgroup(  454): failed to open /acct/uid_10035/pid_10824/cgroup.procs: No such file or directory
W/ActivityManager(  454): Exception when unbinding service com.android.chrome/org.chromium.content.app.SandboxedProcessService1
W/ActivityManager(  454): android.os.DeadObjectException
W/ActivityManager(  454): 	at android.os.BinderProxy.transactNative(Native Method)
W/ActivityManager(  454): 	at android.os.BinderProxy.transact(Binder.java:496)
W/ActivityManager(  454): 	at android.app.ApplicationThreadProxy.scheduleUnbindService(ApplicationThreadNative.java:921)
W/ActivityManager(  454): 	at com.android.server.am.ActiveServices.removeConnectionLocked(ActiveServices.java:1795)
W/ActivityManager(  454): 	at com.android.server.am.ActiveServices.killServicesLocked(ActiveServices.java:2193)
W/ActivityManager(  454): 	at com.android.server.am.ActivityManagerService.cleanUpApplicationRecordLocked(ActivityManagerService.java:14895)
W/ActivityManager(  454): 	at com.android.server.am.ActivityManagerService.handleAppDiedLocked(ActivityManagerService.java:4552)
W/ActivityManager(  454): 	at com.android.server.am.ActivityManagerService.removeProcessLocked(ActivityManagerService.java:5789)
W/ActivityManager(  454): 	at com.android.server.am.ActivityManagerService.killPackageProcessesLocked(ActivityManagerService.java:5594)
W/ActivityManager(  454): 	at com.android.server.am.ActivityManagerService.forceStopPackageLocked(ActivityManagerService.java:5655)
W/ActivityManager(  454): 	at com.android.server.am.ActivityManagerService.forceStopPackageLocked(ActivityManagerService.java:5499)
W/ActivityManager(  454): 	at com.android.server.am.ActivityManagerService.forceStopPackage(ActivityManagerService.java:5309)
W/ActivityManager(  454): 	at android.app.ActivityManagerNative.onTransact(ActivityManagerNative.java:1461)
W/ActivityManager(  454): 	at com.android.server.am.ActivityManagerService.onTransact(ActivityManagerService.java:2208)
W/ActivityManager(  454): 	at android.os.Binder.execTransact(Binder.java:446)
W/ActivityManager(  454): Force removing ActivityRecord{3531e005 u0 com.android.chrome/org.chromium.chrome.browser.ChromeTabbedActivity t4902}: app died, no saved state
I/ActivityManager(  454): Killing 10702:com.android.chrome:sandboxed_process1/u0a35i107 (adj 9): isolated not needed
W/libprocessgroup(  454): failed to open /acct/uid_10035/pid_10702/cgroup.procs: No such file or directory
W/ActivityManager(  454): Spurious death for ProcessRecord{2f5a0849 10614:com.android.chrome:privileged_process0/u0a35}, curProc for 10614: null
W/ActivityManager(  454): Unbind failed: could not find connection for android.os.BinderProxy@3bfb7d31
W/ActivityManager(  454): Spurious death for ProcessRecord{1cb22a89 10543:com.android.chrome/u0a35}, curProc for 10543: null
W/InputMethodManagerService(  454): Got RemoteException sending setActive(false) notification to pid 10543 uid 10035
I/ActivityManager(  454): Force stopping com.android.chrome appid=10035 user=0: clear data
D/TaskPersister(  454): removeObsoleteFile: deleting file=4902_task.xml
D/TaskPersister(  454): removeObsoleteFile: deleting file=4902_task_thumbnail.png
I/ActivityManager(  454): Start proc 11022:com.android.chrome/u0a35 for content provider com.android.chrome/com.google.android.apps.chrome.icing.IcingProvider
W/ResourcesManager(11022): Asset path '/system/framework/com.android.media.remotedisplay.jar' does not exist or contains no resources.
W/ResourcesManager(11022): Asset path '/system/framework/com.android.location.provider.jar' does not exist or contains no resources.
W/FileUtils(31770): Failed to chmod(/storage/emulated/0/trepn/Trepn_2018.06.18_201328.db): android.system.ErrnoException: chmod failed: EPERM (Operation not permitted)
I/ActivityManager(  454): Force stopping com.android.chrome appid=10035 user=0: from pid 11242
I/ActivityManager(  454): Killing 11022:com.android.chrome/u0a35 (adj 9): stop com.android.chrome
W/ActivityManager(  454): Spurious death for ProcessRecord{2587fac9 11022:com.android.chrome/u0a35}, curProc for 11022: null
I/ActivityManager(  454): START u0 {act=android.intent.action.VIEW flg=0x10008000 cmp=com.android.chrome/com.google.android.apps.chrome.Main} from uid 2000 on display 0
V/WindowManager(  454): addAppToken: AppWindowToken{7913fc token=Token{ab0dcef ActivityRecord{29c535ce u0 com.android.chrome/com.google.android.apps.chrome.Main t4904}}} to stack=1 task=4904 at 0
I/ActivityManager(  454): Start proc 11254:com.android.chrome/u0a35 for activity com.android.chrome/com.google.android.apps.chrome.Main
W/ResourcesManager(11254): Asset path '/system/framework/com.android.media.remotedisplay.jar' does not exist or contains no resources.
W/ResourcesManager(11254): Asset path '/system/framework/com.android.location.provider.jar' does not exist or contains no resources.
I/ActivityManager(  454): START u0 {cmp=com.android.chrome/org.chromium.chrome.browser.firstrun.FirstRunActivity (has extras)} from uid 10035 on display 0
V/WindowManager(  454): addAppToken: AppWindowToken{15c4753d token=Token{19ade694 ActivityRecord{39b17ae7 u0 com.android.chrome/org.chromium.chrome.browser.firstrun.FirstRunActivity t4905}}} to stack=1 task=4905 at 0
V/WindowManager(  454): Based on layer: Adding window Window{63a0ef5 u0 com.android.chrome/org.chromium.chrome.browser.firstrun.FirstRunActivity} at 3 of 16
I/ActivityManager(  454): Start proc 11284:com.android.chrome:sandboxed_process0/u0i111 for service com.android.chrome/org.chromium.content.app.SandboxedProcessService0
I/ActivityManager(  454): Start proc 11325:com.android.chrome:privileged_process0/u0a35 for service com.android.chrome/org.chromium.content.app.PrivilegedProcessService0
D/ConnectivityService(  454): listenForNetwork for NetworkRequest [ id=122, legacyType=-1, [ Capabilities: INTERNET&NOT_RESTRICTED&TRUSTED] ]
D/ConnectivityService(  454): handleRegisterNetworkRequest checking NetworkAgentInfo [WIFI () - 101]
D/ConnectivityService(  454): apparently satisfied.  currentScore=60
D/ConnectivityService(  454): listenForNetwork for NetworkRequest [ id=123, legacyType=-1, [ Capabilities: INTERNET&NOT_RESTRICTED&TRUSTED] ]
D/ConnectivityService(  454): handleRegisterNetworkRequest checking NetworkAgentInfo [WIFI () - 101]
D/ConnectivityService(  454): apparently satisfied.  currentScore=60
I/ActivityManager(  454): START u0 {act=android.intent.action.VIEW flg=0x10808000 cmp=com.android.chrome/com.google.android.apps.chrome.Main (has extras)} from uid 10035 on display 0
V/WindowManager(  454): addAppToken: AppWindowToken{2d9a84c0 token=Token{10a4643 ActivityRecord{246fdff2 u0 com.android.chrome/com.google.android.apps.chrome.Main t4906}}} to stack=1 task=4906 at 0
D/ConnectivityService(  454): releasing NetworkRequest NetworkRequest [ id=123, legacyType=-1, [ Capabilities: INTERNET&NOT_RESTRICTED&TRUSTED] ]
D/ConnectivityService(  454): listenForNetwork for NetworkRequest [ id=124, legacyType=-1, [ Capabilities: INTERNET&NOT_RESTRICTED&TRUSTED] ]
D/ConnectivityService(  454): handleRegisterNetworkRequest checking NetworkAgentInfo [WIFI () - 101]
D/ConnectivityService(  454): apparently satisfied.  currentScore=60
I/ActivityManager(  454): START u0 {act=android.intent.action.VIEW flg=0x14002000 cmp=com.android.chrome/org.chromium.chrome.browser.ChromeTabbedActivity (has extras)} from uid 10035 on display 0
V/WindowManager(  454): addAppToken: AppWindowToken{216c2bd8 token=Token{377c3abb ActivityRecord{35877b4a u0 com.android.chrome/org.chromium.chrome.browser.ChromeTabbedActivity t4907}}} to stack=1 task=4907 at 0
V/WindowManager(  454): Based on layer: Adding window Window{315a8f69 u0 Starting com.android.chrome} at 4 of 17
W/libprocessgroup(  454): failed to open /acct/uid_10035/pid_11284/cgroup.procs: No such file or directory
I/ActivityManager(  454): Process com.android.chrome:sandboxed_process0 (pid 11284) has died
W/ActivityManager(  454): Scheduling restart of crashed service com.android.chrome/org.chromium.content.app.SandboxedProcessService0 in 1000ms
I/ActivityManager(  454): Start proc 11408:com.android.chrome:sandboxed_process1/u0i112 for service com.android.chrome/org.chromium.content.app.SandboxedProcessService1
V/WindowManager(  454): Adding window Window{be76320 u0 com.android.chrome/org.chromium.chrome.browser.ChromeTabbedActivity} at 4 of 18 (before Window{315a8f69 u0 Starting com.android.chrome})
V/WindowManager(  454): Adding window Window{dfe57c u0 SurfaceView} at 4 of 19 (before Window{be76320 u0 com.android.chrome/org.chromium.chrome.browser.ChromeTabbedActivity})
I/ActivityManager(  454): Start proc 11451:com.android.chrome:sandboxed_process2/u0i113 for service com.android.chrome/org.chromium.content.app.SandboxedProcessService2
W/FileUtils(31770): Failed to chmod(/storage/emulated/0/trepn/Trepn_2018.06.18_201656.db): android.system.ErrnoException: chmod failed: EPERM (Operation not permitted)
I/ActivityManager(  454): Activity reported stop, but no longer stopping: ActivityRecord{39b17ae7 u0 com.android.chrome/org.chromium.chrome.browser.firstrun.FirstRunActivity t4905 f}
I/ActivityManager(  454): START u0 {act=android.intent.action.VIEW dat=localhost:8000 flg=0x10000000 cmp=com.android.chrome/com.google.android.apps.chrome.Main} from uid 2000 on display 0
V/WindowManager(  454): addAppToken: AppWindowToken{263dcae9 token=Token{c7d9770 ActivityRecord{3f835b3 u0 com.android.chrome/com.google.android.apps.chrome.Main t4908}}} to stack=1 task=4908 at 0
D/ConnectivityService(  454): releasing NetworkRequest NetworkRequest [ id=124, legacyType=-1, [ Capabilities: INTERNET&NOT_RESTRICTED&TRUSTED] ]
D/ConnectivityService(  454): listenForNetwork for NetworkRequest [ id=125, legacyType=-1, [ Capabilities: INTERNET&NOT_RESTRICTED&TRUSTED] ]
D/ConnectivityService(  454): handleRegisterNetworkRequest checking NetworkAgentInfo [WIFI () - 101]
D/ConnectivityService(  454): apparently satisfied.  currentScore=60
I/ActivityManager(  454): START u0 {act=android.intent.action.VIEW dat=localhost:8000 flg=0x14002000 cmp=com.android.chrome/org.chromium.chrome.browser.ChromeTabbedActivity (has extras)} from uid 10035 on display 0
W/InputMethodManagerService(  454): Window already focused, ignoring focus gain of: com.android.internal.view.IInputMethodClient$Stub$Proxy@1be8e488 attribute=null, token = android.os.BinderProxy@38e02223
I/ActivityManager(  454): Start proc 11541:com.android.chrome:sandboxed_process3/u0i114 for service com.android.chrome/org.chromium.content.app.SandboxedProcessService3
D/TaskPersister(  454): removeObsoleteFile: deleting file=4905_task_thumbnail.png
W/libprocessgroup(  454): failed to open /acct/uid_10035/pid_11451/cgroup.procs: No such file or directory
I/ActivityManager(  454): Process com.android.chrome:sandboxed_process2 (pid 11451) has died
W/ActivityManager(  454): Scheduling restart of crashed service com.android.chrome/org.chromium.content.app.SandboxedProcessService2 in 1000ms
I/ActivityManager(  454): Waited long enough for: ServiceRecord{1c9d4afa u0 com.google.android.googlequicksearchbox/com.google.android.apps.gsa.search.core.service.SearchService}
I/ActivityManager(  454): Start proc 11617:com.android.chrome:sandboxed_process4/u0i115 for service com.android.chrome/org.chromium.content.app.SandboxedProcessService4
W/libprocessgroup(  454): failed to open /acct/uid_10035/pid_11617/cgroup.procs: No such file or directory
I/ActivityManager(  454): Process com.android.chrome:sandboxed_process4 (pid 11617) has died
W/ActivityManager(  454): Scheduling restart of crashed service com.android.chrome/org.chromium.content.app.SandboxedProcessService4 in 1000ms
D/WifiService(  454): acquireWifiLockLocked: WifiLock{NlpWifiLock type=2 binder=android.os.BinderProxy@17065e2e}
D/WifiService(  454): releaseWifiLockLocked: WifiLock{NlpWifiLock type=2 binder=android.os.BinderProxy@17065e2e}
I/ActivityManager(  454): Force stopping com.android.chrome appid=10035 user=0: from pid 11686
I/ActivityManager(  454): Killing 11325:com.android.chrome:privileged_process0/u0a35 (adj 0): stop com.android.chrome
W/ActivityManager(  454): Scheduling restart of crashed service com.android.chrome/org.chromium.content.app.PrivilegedProcessService0 in 1000ms
I/ActivityManager(  454): Killing 11254:com.android.chrome/u0a35 (adj 0): stop com.android.chrome
I/WindowState(  454): WIN DEATH: Window{be76320 u0 com.android.chrome/org.chromium.chrome.browser.ChromeTabbedActivity}
W/WindowManager(  454): Force-removing child win Window{dfe57c u0 SurfaceView} from container Window{be76320 u0 com.android.chrome/org.chromium.chrome.browser.ChromeTabbedActivity}
D/ConnectivityService(  454): ConnectivityService NetworkRequestInfo binderDied(NetworkRequest [ id=122, legacyType=-1, [ Capabilities: INTERNET&NOT_RESTRICTED&TRUSTED] ], android.os.BinderProxy@11a90b7)
D/ConnectivityService(  454): releasing NetworkRequest NetworkRequest [ id=122, legacyType=-1, [ Capabilities: INTERNET&NOT_RESTRICTED&TRUSTED] ]
E/ConnectivityService(  454): RemoteException caught trying to send a callback msg for NetworkRequest [ id=122, legacyType=-1, [ Capabilities: INTERNET&NOT_RESTRICTED&TRUSTED] ]
D/ConnectivityService(  454): ConnectivityService NetworkRequestInfo binderDied(NetworkRequest [ id=125, legacyType=-1, [ Capabilities: INTERNET&NOT_RESTRICTED&TRUSTED] ], android.os.BinderProxy@34f19024)
D/ConnectivityService(  454): releasing NetworkRequest NetworkRequest [ id=125, legacyType=-1, [ Capabilities: INTERNET&NOT_RESTRICTED&TRUSTED] ]
E/ConnectivityService(  454): RemoteException caught trying to send a callback msg for NetworkRequest [ id=125, legacyType=-1, [ Capabilities: INTERNET&NOT_RESTRICTED&TRUSTED] ]
W/WindowManager(  454): Failed looking up window
W/WindowManager(  454): java.lang.IllegalArgumentException: Requested window android.os.BinderProxy@3b12046f does not exist
W/WindowManager(  454): 	at com.android.server.wm.WindowManagerService.windowForClientLocked(WindowManagerService.java:8539)
W/WindowManager(  454): 	at com.android.server.wm.WindowManagerService.windowForClientLocked(WindowManagerService.java:8530)
W/WindowManager(  454): 	at com.android.server.wm.WindowState$DeathRecipient.binderDied(WindowState.java:1142)
W/WindowManager(  454): 	at android.os.BinderProxy.sendDeathNotice(Binder.java:551)
I/WindowState(  454): WIN DEATH: null
W/ActivityManager(  454): Exception when unbinding service com.android.chrome/org.chromium.content.app.SandboxedProcessService1
W/ActivityManager(  454): android.os.DeadObjectException
W/ActivityManager(  454): 	at android.os.BinderProxy.transactNative(Native Method)
W/ActivityManager(  454): 	at android.os.BinderProxy.transact(Binder.java:496)
W/ActivityManager(  454): 	at android.app.ApplicationThreadProxy.scheduleUnbindService(ApplicationThreadNative.java:921)
W/ActivityManager(  454): 	at com.android.server.am.ActiveServices.removeConnectionLocked(ActiveServices.java:1795)
W/ActivityManager(  454): 	at com.android.server.am.ActiveServices.killServicesLocked(ActiveServices.java:2193)
W/ActivityManager(  454): 	at com.android.server.am.ActivityManagerService.cleanUpApplicationRecordLocked(ActivityManagerService.java:14895)
W/ActivityManager(  454): 	at com.android.server.am.ActivityManagerService.handleAppDiedLocked(ActivityManagerService.java:4552)
W/ActivityManager(  454): 	at com.android.server.am.ActivityManagerService.removeProcessLocked(ActivityManagerService.java:5789)
W/ActivityManager(  454): 	at com.android.server.am.ActivityManagerService.killPackageProcessesLocked(ActivityManagerService.java:5594)
W/ActivityManager(  454): 	at com.android.server.am.ActivityManagerService.forceStopPackageLocked(ActivityManagerService.java:5655)
W/ActivityManager(  454): 	at com.android.server.am.ActivityManagerService.forceStopPackageLocked(ActivityManagerService.java:5499)
W/ActivityManager(  454): 	at com.android.server.am.ActivityManagerService.forceStopPackage(ActivityManagerService.java:5309)
W/ActivityManager(  454): 	at android.app.ActivityManagerNative.onTransact(ActivityManagerNative.java:1461)
W/ActivityManager(  454): 	at com.android.server.am.ActivityManagerService.onTransact(ActivityManagerService.java:2208)
W/ActivityManager(  454): 	at android.os.Binder.execTransact(Binder.java:446)
I/ActivityManager(  454): Killing 11408:com.android.chrome:sandboxed_process1/u0a35i112 (adj 9): isolated not needed
W/libprocessgroup(  454): failed to open /acct/uid_10035/pid_11408/cgroup.procs: No such file or directory
W/ActivityManager(  454): Exception when unbinding service com.android.chrome/org.chromium.content.app.SandboxedProcessService3
W/ActivityManager(  454): android.os.DeadObjectException
W/ActivityManager(  454): 	at android.os.BinderProxy.transactNative(Native Method)
W/ActivityManager(  454): 	at android.os.BinderProxy.transact(Binder.java:496)
W/ActivityManager(  454): 	at android.app.ApplicationThreadProxy.scheduleUnbindService(ApplicationThreadNative.java:921)
W/ActivityManager(  454): 	at com.android.server.am.ActiveServices.removeConnectionLocked(ActiveServices.java:1795)
W/ActivityManager(  454): 	at com.android.server.am.ActiveServices.killServicesLocked(ActiveServices.java:2193)
W/ActivityManager(  454): 	at com.android.server.am.ActivityManagerService.cleanUpApplicationRecordLocked(ActivityManagerService.java:14895)
W/ActivityManager(  454): 	at com.android.server.am.ActivityManagerService.handleAppDiedLocked(ActivityManagerService.java:4552)
W/ActivityManager(  454): 	at com.android.server.am.ActivityManagerService.removeProcessLocked(ActivityManagerService.java:5789)
W/ActivityManager(  454): 	at com.android.server.am.ActivityManagerService.killPackageProcessesLocked(ActivityManagerService.java:5594)
W/ActivityManager(  454): 	at com.android.server.am.ActivityManagerService.forceStopPackageLocked(ActivityManagerService.java:5655)
W/ActivityManager(  454): 	at com.android.server.am.ActivityManagerService.forceStopPackageLocked(ActivityManagerService.java:5499)
W/ActivityManager(  454): 	at com.android.server.am.ActivityManagerService.forceStopPackage(ActivityManagerService.java:5309)
W/ActivityManager(  454): 	at android.app.ActivityManagerNative.onTransact(ActivityManagerNative.java:1461)
W/ActivityManager(  454): 	at com.android.server.am.ActivityManagerService.onTransact(ActivityManagerService.java:2208)
W/ActivityManager(  454): 	at android.os.Binder.execTransact(Binder.java:446)
W/ActivityManager(  454): Force removing ActivityRecord{35877b4a u0 com.android.chrome/org.chromium.chrome.browser.ChromeTabbedActivity t4907}: app died, no saved state
I/ActivityManager(  454): Killing 11541:com.android.chrome:sandboxed_process3/u0a35i114 (adj 9): isolated not needed
W/libprocessgroup(  454): failed to open /acct/uid_10035/pid_11541/cgroup.procs: No such file or directory
W/ActivityManager(  454): Spurious death for ProcessRecord{3d98093e 11325:com.android.chrome:privileged_process0/u0a35}, curProc for 11325: null
W/ActivityManager(  454): Unbind failed: could not find connection for android.os.BinderProxy@391dcce1
W/ActivityManager(  454): Spurious death for ProcessRecord{1dc5348a 11254:com.android.chrome/u0a35}, curProc for 11254: null
W/InputMethodManagerService(  454): Got RemoteException sending setActive(false) notification to pid 11254 uid 10035
I/ActivityManager(  454): Force stopping com.android.chrome appid=10035 user=0: clear data
D/TaskPersister(  454): removeObsoleteFile: deleting file=4907_task.xml
D/TaskPersister(  454): removeObsoleteFile: deleting file=4907_task_thumbnail.png
I/ActivityManager(  454): Start proc 11747:com.android.chrome/u0a35 for content provider com.android.chrome/com.google.android.apps.chrome.icing.IcingProvider
W/ResourcesManager(11747): Asset path '/system/framework/com.android.media.remotedisplay.jar' does not exist or contains no resources.
W/ResourcesManager(11747): Asset path '/system/framework/com.android.location.provider.jar' does not exist or contains no resources.
W/ProcessCpuTracker(  454): Skipping unknown process pid 11763
W/FileUtils(31770): Failed to chmod(/storage/emulated/0/trepn/Trepn_2018.06.18_201656.db): android.system.ErrnoException: chmod failed: EPERM (Operation not permitted)
I/ActivityManager(  454): Force stopping com.android.chrome appid=10035 user=0: from pid 11923
I/ActivityManager(  454): Killing 11747:com.android.chrome/u0a35 (adj 9): stop com.android.chrome
W/ActivityManager(  454): Spurious death for ProcessRecord{4d2e45e 11747:com.android.chrome/u0a35}, curProc for 11747: null
I/ActivityManager(  454): START u0 {act=android.intent.action.VIEW flg=0x10008000 cmp=com.android.chrome/com.google.android.apps.chrome.Main} from uid 2000 on display 0
V/WindowManager(  454): addAppToken: AppWindowToken{31baa655 token=Token{2b384d0c ActivityRecord{e14103f u0 com.android.chrome/com.google.android.apps.chrome.Main t4909}}} to stack=1 task=4909 at 0
I/ActivityManager(  454): Start proc 11935:com.android.chrome/u0a35 for activity com.android.chrome/com.google.android.apps.chrome.Main
W/ResourcesManager(11935): Asset path '/system/framework/com.android.media.remotedisplay.jar' does not exist or contains no resources.
W/ResourcesManager(11935): Asset path '/system/framework/com.android.location.provider.jar' does not exist or contains no resources.
I/ActivityManager(  454): START u0 {cmp=com.android.chrome/org.chromium.chrome.browser.firstrun.FirstRunActivity (has extras)} from uid 10035 on display 0
V/WindowManager(  454): addAppToken: AppWindowToken{f961ac2 token=Token{1f724b0d ActivityRecord{21d931a4 u0 com.android.chrome/org.chromium.chrome.browser.firstrun.FirstRunActivity t4910}}} to stack=1 task=4910 at 0
V/WindowManager(  454): Based on layer: Adding window Window{840401a u0 com.android.chrome/org.chromium.chrome.browser.firstrun.FirstRunActivity} at 3 of 16
I/ActivityManager(  454): Start proc 11961:com.android.chrome:sandboxed_process0/u0i116 for service com.android.chrome/org.chromium.content.app.SandboxedProcessService0
I/ActivityManager(  454): Start proc 12006:com.android.chrome:privileged_process0/u0a35 for service com.android.chrome/org.chromium.content.app.PrivilegedProcessService0
D/ConnectivityService(  454): listenForNetwork for NetworkRequest [ id=126, legacyType=-1, [ Capabilities: INTERNET&NOT_RESTRICTED&TRUSTED] ]
D/ConnectivityService(  454): handleRegisterNetworkRequest checking NetworkAgentInfo [WIFI () - 101]
D/ConnectivityService(  454): apparently satisfied.  currentScore=60
D/ConnectivityService(  454): listenForNetwork for NetworkRequest [ id=127, legacyType=-1, [ Capabilities: INTERNET&NOT_RESTRICTED&TRUSTED] ]
D/ConnectivityService(  454): handleRegisterNetworkRequest checking NetworkAgentInfo [WIFI () - 101]
D/ConnectivityService(  454): apparently satisfied.  currentScore=60
I/ActivityManager(  454): START u0 {act=android.intent.action.VIEW flg=0x10808000 cmp=com.android.chrome/com.google.android.apps.chrome.Main (has extras)} from uid 10035 on display 0
V/WindowManager(  454): addAppToken: AppWindowToken{35774885 token=Token{223659fc ActivityRecord{2f9f7aef u0 com.android.chrome/com.google.android.apps.chrome.Main t4911}}} to stack=1 task=4911 at 0
D/ConnectivityService(  454): releasing NetworkRequest NetworkRequest [ id=127, legacyType=-1, [ Capabilities: INTERNET&NOT_RESTRICTED&TRUSTED] ]
D/ConnectivityService(  454): listenForNetwork for NetworkRequest [ id=128, legacyType=-1, [ Capabilities: INTERNET&NOT_RESTRICTED&TRUSTED] ]
D/ConnectivityService(  454): handleRegisterNetworkRequest checking NetworkAgentInfo [WIFI () - 101]
D/ConnectivityService(  454): apparently satisfied.  currentScore=60
I/ActivityManager(  454): START u0 {act=android.intent.action.VIEW flg=0x14002000 cmp=com.android.chrome/org.chromium.chrome.browser.ChromeTabbedActivity (has extras)} from uid 10035 on display 0
V/WindowManager(  454): addAppToken: AppWindowToken{3f7b033d token=Token{10dec94 ActivityRecord{3e15d8e7 u0 com.android.chrome/org.chromium.chrome.browser.ChromeTabbedActivity t4912}}} to stack=1 task=4912 at 0
V/WindowManager(  454): Based on layer: Adding window Window{1a5c6a8a u0 Starting com.android.chrome} at 4 of 17
W/libprocessgroup(  454): failed to open /acct/uid_10035/pid_11961/cgroup.procs: No such file or directory
I/ActivityManager(  454): Process com.android.chrome:sandboxed_process0 (pid 11961) has died
W/ActivityManager(  454): Scheduling restart of crashed service com.android.chrome/org.chromium.content.app.SandboxedProcessService0 in 1000ms
I/ActivityManager(  454): Start proc 12100:com.android.chrome:sandboxed_process1/u0i117 for service com.android.chrome/org.chromium.content.app.SandboxedProcessService1
V/WindowManager(  454): Adding window Window{1fde865c u0 com.android.chrome/org.chromium.chrome.browser.ChromeTabbedActivity} at 4 of 18 (before Window{1a5c6a8a u0 Starting com.android.chrome})
V/WindowManager(  454): Adding window Window{2f567ae1 u0 SurfaceView} at 4 of 19 (before Window{1fde865c u0 com.android.chrome/org.chromium.chrome.browser.ChromeTabbedActivity})
I/ActivityManager(  454): Start proc 12143:com.android.chrome:sandboxed_process2/u0i118 for service com.android.chrome/org.chromium.content.app.SandboxedProcessService2
I/ActivityManager(  454): Activity reported stop, but no longer stopping: ActivityRecord{21d931a4 u0 com.android.chrome/org.chromium.chrome.browser.firstrun.FirstRunActivity t4910 f}
W/FileUtils(31770): Failed to chmod(/storage/emulated/0/trepn/Trepn_2018.06.18_202023.db): android.system.ErrnoException: chmod failed: EPERM (Operation not permitted)
D/TaskPersister(  454): removeObsoleteFile: deleting file=4910_task_thumbnail.png
I/ActivityManager(  454): START u0 {act=android.intent.action.VIEW dat=localhost:8000 flg=0x10000000 cmp=com.android.chrome/com.google.android.apps.chrome.Main} from uid 2000 on display 0
V/WindowManager(  454): addAppToken: AppWindowToken{90f7c05 token=Token{c092b7c ActivityRecord{1b9ca26f u0 com.android.chrome/com.google.android.apps.chrome.Main t4913}}} to stack=1 task=4913 at 0
D/ConnectivityService(  454): releasing NetworkRequest NetworkRequest [ id=128, legacyType=-1, [ Capabilities: INTERNET&NOT_RESTRICTED&TRUSTED] ]
D/ConnectivityService(  454): listenForNetwork for NetworkRequest [ id=129, legacyType=-1, [ Capabilities: INTERNET&NOT_RESTRICTED&TRUSTED] ]
D/ConnectivityService(  454): handleRegisterNetworkRequest checking NetworkAgentInfo [WIFI () - 101]
D/ConnectivityService(  454): apparently satisfied.  currentScore=60
I/ActivityManager(  454): START u0 {act=android.intent.action.VIEW dat=localhost:8000 flg=0x14002000 cmp=com.android.chrome/org.chromium.chrome.browser.ChromeTabbedActivity (has extras)} from uid 10035 on display 0
W/InputMethodManagerService(  454): Window already focused, ignoring focus gain of: com.android.internal.view.IInputMethodClient$Stub$Proxy@25396e14 attribute=null, token = android.os.BinderProxy@35151ccf
I/ActivityManager(  454): Start proc 12217:com.android.chrome:sandboxed_process3/u0i119 for service com.android.chrome/org.chromium.content.app.SandboxedProcessService3
W/libprocessgroup(  454): failed to open /acct/uid_10035/pid_12143/cgroup.procs: No such file or directory
I/ActivityManager(  454): Process com.android.chrome:sandboxed_process2 (pid 12143) has died
W/ActivityManager(  454): Scheduling restart of crashed service com.android.chrome/org.chromium.content.app.SandboxedProcessService2 in 1000ms
I/ActivityManager(  454): Start proc 12276:com.android.chrome:sandboxed_process4/u0i120 for service com.android.chrome/org.chromium.content.app.SandboxedProcessService4
W/libprocessgroup(  454): failed to open /acct/uid_10035/pid_12276/cgroup.procs: No such file or directory
I/ActivityManager(  454): Process com.android.chrome:sandboxed_process4 (pid 12276) has died
W/ActivityManager(  454): Scheduling restart of crashed service com.android.chrome/org.chromium.content.app.SandboxedProcessService4 in 1000ms
I/ActivityManager(  454): Force stopping com.android.chrome appid=10035 user=0: from pid 12372
I/ActivityManager(  454): Killing 12006:com.android.chrome:privileged_process0/u0a35 (adj 0): stop com.android.chrome
W/ActivityManager(  454): Scheduling restart of crashed service com.android.chrome/org.chromium.content.app.PrivilegedProcessService0 in 1000ms
I/ActivityManager(  454): Killing 11935:com.android.chrome/u0a35 (adj 0): stop com.android.chrome
I/WindowState(  454): WIN DEATH: Window{2f567ae1 u0 SurfaceView}
D/ConnectivityService(  454): ConnectivityService NetworkRequestInfo binderDied(NetworkRequest [ id=126, legacyType=-1, [ Capabilities: INTERNET&NOT_RESTRICTED&TRUSTED] ], android.os.BinderProxy@712cee6)
D/ConnectivityService(  454): ConnectivityService NetworkRequestInfo binderDied(NetworkRequest [ id=129, legacyType=-1, [ Capabilities: INTERNET&NOT_RESTRICTED&TRUSTED] ], android.os.BinderProxy@29f05c27)
D/ConnectivityService(  454): releasing NetworkRequest NetworkRequest [ id=126, legacyType=-1, [ Capabilities: INTERNET&NOT_RESTRICTED&TRUSTED] ]
E/ConnectivityService(  454): RemoteException caught trying to send a callback msg for NetworkRequest [ id=126, legacyType=-1, [ Capabilities: INTERNET&NOT_RESTRICTED&TRUSTED] ]
D/ConnectivityService(  454): releasing NetworkRequest NetworkRequest [ id=129, legacyType=-1, [ Capabilities: INTERNET&NOT_RESTRICTED&TRUSTED] ]
E/ConnectivityService(  454): RemoteException caught trying to send a callback msg for NetworkRequest [ id=129, legacyType=-1, [ Capabilities: INTERNET&NOT_RESTRICTED&TRUSTED] ]
I/WindowState(  454): WIN DEATH: Window{1fde865c u0 com.android.chrome/org.chromium.chrome.browser.ChromeTabbedActivity}
W/ActivityManager(  454): Exception when unbinding service com.android.chrome/org.chromium.content.app.SandboxedProcessService3
W/ActivityManager(  454): android.os.DeadObjectException
W/ActivityManager(  454): 	at android.os.BinderProxy.transactNative(Native Method)
W/ActivityManager(  454): 	at android.os.BinderProxy.transact(Binder.java:496)
W/ActivityManager(  454): 	at android.app.ApplicationThreadProxy.scheduleUnbindService(ApplicationThreadNative.java:921)
W/ActivityManager(  454): 	at com.android.server.am.ActiveServices.removeConnectionLocked(ActiveServices.java:1795)
W/ActivityManager(  454): 	at com.android.server.am.ActiveServices.killServicesLocked(ActiveServices.java:2193)
W/ActivityManager(  454): 	at com.android.server.am.ActivityManagerService.cleanUpApplicationRecordLocked(ActivityManagerService.java:14895)
W/ActivityManager(  454): 	at com.android.server.am.ActivityManagerService.handleAppDiedLocked(ActivityManagerService.java:4552)
W/ActivityManager(  454): 	at com.android.server.am.ActivityManagerService.removeProcessLocked(ActivityManagerService.java:5789)
W/ActivityManager(  454): 	at com.android.server.am.ActivityManagerService.killPackageProcessesLocked(ActivityManagerService.java:5594)
W/ActivityManager(  454): 	at com.android.server.am.ActivityManagerService.forceStopPackageLocked(ActivityManagerService.java:5655)
W/ActivityManager(  454): 	at com.android.server.am.ActivityManagerService.forceStopPackageLocked(ActivityManagerService.java:5499)
W/ActivityManager(  454): 	at com.android.server.am.ActivityManagerService.forceStopPackage(ActivityManagerService.java:5309)
W/ActivityManager(  454): 	at android.app.ActivityManagerNative.onTransact(ActivityManagerNative.java:1461)
W/ActivityManager(  454): 	at com.android.server.am.ActivityManagerService.onTransact(ActivityManagerService.java:2208)
W/ActivityManager(  454): 	at android.os.Binder.execTransact(Binder.java:446)
I/ActivityManager(  454): Killing 12217:com.android.chrome:sandboxed_process3/u0a35i119 (adj 9): isolated not needed
W/libprocessgroup(  454): failed to open /acct/uid_10035/pid_12217/cgroup.procs: No such file or directory
W/ActivityManager(  454): Exception when unbinding service com.android.chrome/org.chromium.content.app.SandboxedProcessService1
W/ActivityManager(  454): android.os.DeadObjectException
W/ActivityManager(  454): 	at android.os.BinderProxy.transactNative(Native Method)
W/ActivityManager(  454): 	at android.os.BinderProxy.transact(Binder.java:496)
W/ActivityManager(  454): 	at android.app.ApplicationThreadProxy.scheduleUnbindService(ApplicationThreadNative.java:921)
W/ActivityManager(  454): 	at com.android.server.am.ActiveServices.removeConnectionLocked(ActiveServices.java:1795)
W/ActivityManager(  454): 	at com.android.server.am.ActiveServices.killServicesLocked(ActiveServices.java:2193)
W/ActivityManager(  454): 	at com.android.server.am.ActivityManagerService.cleanUpApplicationRecordLocked(ActivityManagerService.java:14895)
W/ActivityManager(  454): 	at com.android.server.am.ActivityManagerService.handleAppDiedLocked(ActivityManagerService.java:4552)
W/ActivityManager(  454): 	at com.android.server.am.ActivityManagerService.removeProcessLocked(ActivityManagerService.java:5789)
W/ActivityManager(  454): 	at com.android.server.am.ActivityManagerService.killPackageProcessesLocked(ActivityManagerService.java:5594)
W/ActivityManager(  454): 	at com.android.server.am.ActivityManagerService.forceStopPackageLocked(ActivityManagerService.java:5655)
W/ActivityManager(  454): 	at com.android.server.am.ActivityManagerService.forceStopPackageLocked(ActivityManagerService.java:5499)
W/ActivityManager(  454): 	at com.android.server.am.ActivityManagerService.forceStopPackage(ActivityManagerService.java:5309)
W/ActivityManager(  454): 	at android.app.ActivityManagerNative.onTransact(ActivityManagerNative.java:1461)
W/ActivityManager(  454): 	at com.android.server.am.ActivityManagerService.onTransact(ActivityManagerService.java:2208)
W/ActivityManager(  454): 	at android.os.Binder.execTransact(Binder.java:446)
W/ActivityManager(  454): Force removing ActivityRecord{3e15d8e7 u0 com.android.chrome/org.chromium.chrome.browser.ChromeTabbedActivity t4912}: app died, no saved state
I/ActivityManager(  454): Killing 12100:com.android.chrome:sandboxed_process1/u0a35i117 (adj 9): isolated not needed
W/libprocessgroup(  454): failed to open /acct/uid_10035/pid_12100/cgroup.procs: No such file or directory
W/ActivityManager(  454): Spurious death for ProcessRecord{3192d70b 12006:com.android.chrome:privileged_process0/u0a35}, curProc for 12006: null
W/ActivityManager(  454): Unbind failed: could not find connection for android.os.BinderProxy@35f653ed
W/ActivityManager(  454): Spurious death for ProcessRecord{4ff674b 11935:com.android.chrome/u0a35}, curProc for 11935: null
W/InputMethodManagerService(  454): Got RemoteException sending setActive(false) notification to pid 11935 uid 10035
I/ActivityManager(  454): Force stopping com.android.chrome appid=10035 user=0: clear data
D/TaskPersister(  454): removeObsoleteFile: deleting file=4912_task.xml
D/TaskPersister(  454): removeObsoleteFile: deleting file=4912_task_thumbnail.png
I/ActivityManager(  454): Start proc 12430:com.android.chrome/u0a35 for content provider com.android.chrome/com.google.android.apps.chrome.icing.IcingProvider
W/ResourcesManager(12430): Asset path '/system/framework/com.android.media.remotedisplay.jar' does not exist or contains no resources.
W/ResourcesManager(12430): Asset path '/system/framework/com.android.location.provider.jar' does not exist or contains no resources.
W/FileUtils(31770): Failed to chmod(/storage/emulated/0/trepn/Trepn_2018.06.18_202023.db): android.system.ErrnoException: chmod failed: EPERM (Operation not permitted)
D/WifiService(  454): acquireWifiLockLocked: WifiLock{NlpWifiLock type=2 binder=android.os.BinderProxy@1e3005bc}
D/WifiService(  454): releaseWifiLockLocked: WifiLock{NlpWifiLock type=2 binder=android.os.BinderProxy@1e3005bc}
I/ActivityManager(  454): Force stopping com.android.chrome appid=10035 user=0: from pid 12758
I/ActivityManager(  454): Killing 12430:com.android.chrome/u0a35 (adj 9): stop com.android.chrome
W/ActivityManager(  454): Spurious death for ProcessRecord{f3c9497 12430:com.android.chrome/u0a35}, curProc for 12430: null
I/ActivityManager(  454): START u0 {act=android.intent.action.VIEW flg=0x10008000 cmp=com.android.chrome/com.google.android.apps.chrome.Main} from uid 2000 on display 0
V/WindowManager(  454): addAppToken: AppWindowToken{37b31aa2 token=Token{3aa5de6d ActivityRecord{35db7684 u0 com.android.chrome/com.google.android.apps.chrome.Main t4914}}} to stack=1 task=4914 at 0
I/ActivityManager(  454): Start proc 12770:com.android.chrome/u0a35 for activity com.android.chrome/com.google.android.apps.chrome.Main
W/ResourcesManager(12770): Asset path '/system/framework/com.android.media.remotedisplay.jar' does not exist or contains no resources.
W/ResourcesManager(12770): Asset path '/system/framework/com.android.location.provider.jar' does not exist or contains no resources.
