V/WindowManager(  455): addAppToken: AppWindowToken{bc2d0dc token=Token{2d0a014f ActivityRecord{14b4afae u0 com.quicinc.trepn/.userinterface.main.TrepnActivity t4986}}} to stack=1 task=4986 at 0
V/WindowManager(  455): Adding window Window{14becb47 u0 Starting com.quicinc.trepn} at 2 of 14 (after Window{26ce2900 u0 com.google.android.googlequicksearchbox/com.google.android.launcher.GEL})
I/ActivityManager(  455): Start proc 4695:com.quicinc.trepn/u0a91 for activity com.quicinc.trepn/.userinterface.main.TrepnActivity
I/CwMcuSensor(  455): CwMcuSensor::flush: fd = 219, sensors_id = 0, path = /sys/class/htc_sensorhub/sensor_hub/flush, err = 0
I/art     ( 4683): System.exit called, status: 0
I/AndroidRuntime( 4683): VM exiting with result code 0.
I/PBSessionCacheImpl( 1033): Deleted sessionId[15545895655183] from persistence.
I/MicroDetector( 1033): Keeping mic open: false
I/DeviceStateChecker( 1033): DeviceStateChecker cancelled
I/AudioController( 1033): internalShutdown
I/MicrophoneInputStream( 1033): mic_close com.google.android.apps.gsa.speech.audio.af@40dd5d9
I/SoundTriggerHwService::Module(  208): void android::SoundTriggerHwService::Module::onCallbackEvent(const android::sp<android::SoundTriggerHwService::CallbackEvent>&) mClient == 0
I/MicroRecognitionRunner( 1033): Stopping hotword detection.
I/MicroRecognitionRunner( 1033): Detection finished
D/OpenGLRenderer( 4695): Use EGL_SWAP_BEHAVIOR_PRESERVED: true
V/WindowManager(  455): Adding window Window{7841d36 u0 com.quicinc.trepn/com.quicinc.trepn.userinterface.main.TrepnActivity} at 2 of 15 (before Window{14becb47 u0 Starting com.quicinc.trepn})
W/Wifi    ( 3556): Failed to read packet and byte counts from wifi interface
I/OpenGLRenderer( 4695): Initialized EGL, version 1.4
D/OpenGLRenderer( 4695): Enabling debug mode 0
I/ActivityManager(  455): Displayed com.quicinc.trepn/.userinterface.main.TrepnActivity: +1s73ms
W/Wifi    ( 3556): Failed to read packet and byte counts from wifi interface
W/System.err( 1858): android.content.pm.PackageManager$NameNotFoundException
W/System.err( 1858): 	at android.app.ApplicationPackageManager.getPackageInfo(ApplicationPackageManager.java:114)
W/System.err( 1858): 	at com.estrongs.android.pop.app.c.ai.c(Unknown Source)
W/System.err( 1858): 	at com.estrongs.android.pop.app.c.ai.a(Unknown Source)
W/System.err( 1858): 	at com.estrongs.android.pop.app.scene.e.q.a(Unknown Source)
W/System.err( 1858): 	at com.estrongs.android.scanner.c.m.run(Unknown Source)
W/System.err( 1858): 	at java.util.concurrent.ThreadPoolExecutor.runWorker(ThreadPoolExecutor.java:1112)
W/System.err( 1858): 	at java.util.concurrent.ThreadPoolExecutor$Worker.run(ThreadPoolExecutor.java:587)
W/System.err( 1858): 	at java.lang.Thread.run(Thread.java:818)
W/System.err( 1858): android.content.pm.PackageManager$NameNotFoundException
W/System.err( 1858): 	at android.app.ApplicationPackageManager.getPackageInfo(ApplicationPackageManager.java:114)
W/System.err( 1858): 	at com.estrongs.android.pop.app.c.ai.c(Unknown Source)
W/System.err( 1858): 	at com.estrongs.android.pop.app.c.ai.a(Unknown Source)
W/System.err( 1858): 	at com.estrongs.android.pop.app.scene.e.q.a(Unknown Source)
W/System.err( 1858): 	at com.estrongs.android.scanner.c.m.run(Unknown Source)
W/System.err( 1858): 	at java.util.concurrent.ThreadPoolExecutor.runWorker(ThreadPoolExecutor.java:1112)
W/System.err( 1858): 	at java.util.concurrent.ThreadPoolExecutor$Worker.run(ThreadPoolExecutor.java:587)
W/System.err( 1858): 	at java.lang.Thread.run(Thread.java:818)
W/ResourcesManager( 1858): Asset path '/system/framework/com.android.media.remotedisplay.jar' does not exist or contains no resources.
W/ResourcesManager( 1858): Asset path '/system/framework/com.android.location.provider.jar' does not exist or contains no resources.
I/ProxyCache( 1858): Proxy cache server started. Ping it...
D/ProxyCache( 1858): Open connection  to http://127.0.0.1:37079/ping
D/ProxyCache( 1858): Accept new socket Socket[address=/127.0.0.1,port=41616,localPort=37079]
I/ProxyCache( 1858): Request to cache proxy:GetRequest{rangeOffset=0, partial=false, uri='ping'}
D/ProxyCache( 1858): Opened connections: 0
D/ProxyCache( 1858): Ping response: `ping ok`, pinged? true
W/linker  ( 1858): libwebviewchromium.so: unused DT entry: type 0x6ffffffe arg 0x12380
W/linker  ( 1858): libwebviewchromium.so: unused DT entry: type 0x6fffffff arg 0x3
I/WebViewFactory( 1858): Loading com.google.android.webview version 61.0.3163.98 (code 316309850)
I/art     ( 1858): Rejecting re-init on previously-failed class java.lang.Class<com.android.webview.chromium.TokenBindingManagerAdapter>
I/art     ( 1858): Rejecting re-init on previously-failed class java.lang.Class<com.android.webview.chromium.TokenBindingManagerAdapter>
I/art     ( 1858): Rejecting re-init on previously-failed class java.lang.Class<com.android.webview.chromium.ServiceWorkerControllerAdapter>
I/art     ( 1858): Rejecting re-init on previously-failed class java.lang.Class<com.android.webview.chromium.ServiceWorkerControllerAdapter>
I/cr_LibraryLoader( 1858): Time to load native libraries: 1 ms (timestamps 4362-4363)
I/chromium( 1858): [INFO:library_loader_hooks.cc(136)] Chromium logging enabled: level = 0, default verbosity = 0
I/cr_LibraryLoader( 1858): Expected native library version number "61.0.3163.98", actual native library version number "61.0.3163.98"
D/AdSettings( 1858): Test mode device hash: b92895963888fc13751df93b690f1ef6
D/AdSettings( 1858): When testing your app with Facebook's ad units you must specify the device hashed ID to ensure the delivery of test ads, add the following code before loading an ad: AdSettings.addTestDevice("b92895963888fc13751df93b690f1ef6");
I/CwMcuSensor(  455): CwMcuSensor::flush: fd = 213, sensors_id = 0, path = /sys/class/htc_sensorhub/sensor_hub/flush, err = 0
E/ActivityThread( 1858): Failed to find provider info for com.facebook.katana.provider.AttributionIdProvider
W/ActivityManager(  455): getTasks: caller 10089 does not hold GET_TASKS; limiting output
D/IS_UNITY( 1858): false
W/Wifi    ( 3556): Failed to read packet and byte counts from wifi interface
W/ResourcesManager( 1858): Asset path '/system/framework/com.android.media.remotedisplay.jar' does not exist or contains no resources.
W/ResourcesManager( 1858): Asset path '/system/framework/com.android.location.provider.jar' does not exist or contains no resources.
W/System.err( 1858): android.content.pm.PackageManager$NameNotFoundException
W/System.err( 1858): 	at android.app.ApplicationPackageManager.getPackageInfo(ApplicationPackageManager.java:114)
W/System.err( 1858): 	at com.estrongs.android.pop.app.c.ai.c(Unknown Source)
W/System.err( 1858): 	at com.estrongs.android.pop.app.c.ai.a(Unknown Source)
W/System.err( 1858): 	at com.estrongs.android.pop.app.scene.e.q.a(Unknown Source)
W/System.err( 1858): 	at com.estrongs.android.scanner.c.m.run(Unknown Source)
W/System.err( 1858): 	at java.util.concurrent.ThreadPoolExecutor.runWorker(ThreadPoolExecutor.java:1112)
W/System.err( 1858): 	at java.util.concurrent.ThreadPoolExecutor$Worker.run(ThreadPoolExecutor.java:587)
W/System.err( 1858): 	at java.lang.Thread.run(Thread.java:818)
D/DynamitePackage( 1858): Instantiated singleton DynamitePackage.
D/DynamitePackage( 1858): Instantiating com.google.android.gms.ads.ChimeraAdLoaderBuilderCreatorImpl
I/Ads     ( 1858): Updating ad debug logging enablement.
I/Ads     ( 1858): Starting ad request.
I/Ads     ( 1858): Use AdRequest.Builder.addTestDevice("E975D60B8B6136BB8437A20FB42B8437") to get test ads on this device.
I/Ads     ( 1858): Webview loading for native ads.
I/cr_BrowserStartup( 1858): Initializing chromium process, singleProcess=true
I/art     ( 1858): Rejecting re-init on previously-failed class java.lang.Class<com.android.webview.chromium.WebViewContentsClientAdapter$WebResourceErrorImpl>
I/art     ( 1858): Rejecting re-init on previously-failed class java.lang.Class<com.android.webview.chromium.WebViewContentsClientAdapter$WebResourceErrorImpl>
D/ConnectivityService(  455): listenForNetwork for NetworkRequest [ id=11, legacyType=-1, [ Capabilities: INTERNET&NOT_RESTRICTED&TRUSTED] ]
D/ConnectivityService(  455): handleRegisterNetworkRequest checking NetworkAgentInfo [WIFI () - 100]
D/ConnectivityService(  455): apparently satisfied.  currentScore=60
D/ConnectivityManager.CallbackHandler( 1858): CM callback handler got msg 524290
I/art     ( 1858): Rejecting re-init on previously-failed class java.lang.Class<org.chromium.content.browser.FloatingActionModeCallback>
I/art     ( 1858): Rejecting re-init on previously-failed class java.lang.Class<org.chromium.content.browser.FloatingActionModeCallback>
D/BluetoothAdapter( 1858): 688104257: getState() :  mService = null. Returning STATE_OFF
W/Wifi    ( 3556): Failed to read packet and byte counts from wifi interface
D/TaskPersister(  455): removeObsoleteFile: deleting file=4984_task.xml
D/ConnectivityService(  455): listenForNetwork for NetworkRequest [ id=12, legacyType=-1, [ Capabilities: INTERNET&NOT_RESTRICTED&TRUSTED] ]
D/ConnectivityService(  455): handleRegisterNetworkRequest checking NetworkAgentInfo [WIFI () - 100]
D/ConnectivityService(  455): apparently satisfied.  currentScore=60
D/ConnectivityManager.CallbackHandler( 1858): CM callback handler got msg 524290
I/vgn     ( 1014): 45-vappsprompt -- metadata{ service_id: 0 }
W/Ads     ( 1858): Update ad debug logging enablement as false
W/cr_CrashFileManager( 1858): /data/data/com.estrongs.android.pop/cache/WebView/Crash Reports does not exist or is not a directory
W/Ads     ( 1858): Invoke Firebase method getInstance error.
W/Ads     ( 1858): The Google Mobile Ads SDK will not integrate with Firebase. Admob/Firebase integration requires the latest Firebase SDK jar, but Firebase SDK is either missing or out of date
I/Ads     ( 1014): Updating ad debug logging enablement.
W/Ads     ( 1014): Update ad debug logging enablement as false
E/libEGL  ( 1858): validate_display:255 error 3008 (EGL_BAD_DISPLAY)
W/VideoCapabilities( 1858): Unsupported mime video/mpeg2
W/AudioCapabilities( 1858): Unsupported mime audio/mpeg-L2
W/VideoCapabilities( 1858): Unrecognized level 0 for video/x-vnd.on2.vp8
I/VideoCapabilities( 1858): Unsupported profile 4 for video/mp4v-es
W/cr_MediaCodecUtil( 1858): HW encoder for video/avc is not available on this device.
I/orc     ( 1014): 28-GetActiveNetworkQuality -- metadata{ service_id: 0 }
W/Ads     ( 1014): App does not have the required permissions to get location
W/Herrevad( 1014): [102] wux.b: Invalid mccmnc 
W/Herrevad( 1014): [102] wux.b: Invalid mccmnc 
I/vgn     (  855): 19-GetRecentContext -- metadata{ service_id: 0 }
W/linker  ( 1014): /data/app/com.google.android.webview-1/lib/arm64/libwebviewchromium.so: unused DT entry: type 0x6ffffffe arg 0x15518
W/linker  ( 1014): /data/app/com.google.android.webview-1/lib/arm64/libwebviewchromium.so: unused DT entry: type 0x6fffffff arg 0x3
I/Ads     ( 1858): Javascript has loaded for native ads.
I/WebViewFactory( 1014): Loading com.google.android.webview version 61.0.3163.98 (code 316309850)
W/Wifi    ( 3556): Failed to read packet and byte counts from wifi interface
I/art     ( 1014): Rejecting re-init on previously-failed class java.lang.Class<com.android.webview.chromium.TokenBindingManagerAdapter>
I/art     ( 1014): Rejecting re-init on previously-failed class java.lang.Class<com.android.webview.chromium.TokenBindingManagerAdapter>
I/art     ( 1014): Rejecting re-init on previously-failed class java.lang.Class<com.android.webview.chromium.ServiceWorkerControllerAdapter>
I/art     ( 1014): Rejecting re-init on previously-failed class java.lang.Class<com.android.webview.chromium.ServiceWorkerControllerAdapter>
I/cr_LibraryLoader( 1014): Time to load native libraries: 1 ms (timestamps 7060-7061)
I/chromium( 1014): [INFO:library_loader_hooks.cc(136)] Chromium logging enabled: level = 0, default verbosity = 0
I/cr_LibraryLoader( 1014): Expected native library version number "61.0.3163.98", actual native library version number "61.0.3163.98"
I/cr_BrowserStartup( 1014): Initializing chromium process, singleProcess=true
I/art     ( 1014): Rejecting re-init on previously-failed class java.lang.Class<com.android.webview.chromium.WebViewContentsClientAdapter$WebResourceErrorImpl>
I/art     ( 1014): Rejecting re-init on previously-failed class java.lang.Class<com.android.webview.chromium.WebViewContentsClientAdapter$WebResourceErrorImpl>
D/ConnectivityService(  455): listenForNetwork for NetworkRequest [ id=13, legacyType=-1, [ Capabilities: INTERNET&NOT_RESTRICTED&TRUSTED] ]
D/ConnectivityService(  455): handleRegisterNetworkRequest checking NetworkAgentInfo [WIFI () - 100]
D/ConnectivityService(  455): apparently satisfied.  currentScore=60
D/ConnectivityManager.CallbackHandler( 1014): CM callback handler got msg 524290
I/art     ( 1014): Rejecting re-init on previously-failed class java.lang.Class<org.chromium.content.browser.FloatingActionModeCallback>
I/art     ( 1014): Rejecting re-init on previously-failed class java.lang.Class<org.chromium.content.browser.FloatingActionModeCallback>
D/BluetoothManagerService(  455): Message: 20
D/BluetoothManagerService(  455): Added callback: android.bluetooth.IBluetoothManagerCallback$Stub$Proxy@297de292:true
D/BluetoothAdapter( 1014): 519586031: getState() :  mService = null. Returning STATE_OFF
I/vgn     ( 1014): 45-vappsprompt -- metadata{ service_id: 0 }
D/ConnectivityService(  455): listenForNetwork for NetworkRequest [ id=14, legacyType=-1, [ Capabilities: INTERNET&NOT_RESTRICTED&TRUSTED] ]
D/ConnectivityService(  455): handleRegisterNetworkRequest checking NetworkAgentInfo [WIFI () - 100]
D/ConnectivityService(  455): apparently satisfied.  currentScore=60
D/ConnectivityManager.CallbackHandler( 1014): CM callback handler got msg 524290
W/cr_CrashFileManager( 1014): /data/data/com.google.android.gms/cache/WebView/Crash Reports does not exist or is not a directory
D/AndroidRuntime( 4902): >>>>>> START com.android.internal.os.RuntimeInit uid 2000 <<<<<<
D/AndroidRuntime( 4902): CheckJNI is OFF
E/libEGL  ( 1014): validate_display:255 error 3008 (EGL_BAD_DISPLAY)
W/Wifi    ( 3556): Failed to read packet and byte counts from wifi interface
I/vgn     (  855): 67-RequestPlaceUpdates -- metadata{ service_id: 0 }
I/vgn     (  855): 67-RemovePlaceUpdates -- metadata{ service_id: 0 }
W/VideoCapabilities( 1014): Unsupported mime video/mpeg2
W/AudioCapabilities( 1014): Unsupported mime audio/mpeg-L2
I/Places  (  855): ?: PlacesBleScanner stop()
I/BeaconBle(  855): Scan canceled successfully.
W/VideoCapabilities( 1014): Unrecognized level 0 for video/x-vnd.on2.vp8
I/PlaceInferenceEngine(  855): [anon] Changed inference mode: 0
I/VideoCapabilities( 1014): Unsupported profile 4 for video/mp4v-es
W/cr_MediaCodecUtil( 1014): HW encoder for video/avc is not available on this device.
I/GeofencerStateMachine(  855): removeGeofences: removeRequest=RemoveGeofencingRequest[REMOVE_BY_PENDING_INTENT pendingIntent=PendingIntent[creatorPackage=com.google.android.gms], packageName=null]
I/CwMcuSensor(  455): CwMcuSensor::flush: fd = 213, sensors_id = 0, path = /sys/class/htc_sensorhub/sensor_hub/flush, err = 0
I/chromium( 1014): [INFO:CONSOLE(0)] "Document was loaded from Application Cache with manifest https://googleads.g.doubleclick.net/mads/static/mad/sdk/native/sdk-core-v40-loader.appcache", source: https://googleads.g.doubleclick.net/mads/static/mad/sdk/native/sdk-core-v40-loader.html (0)
I/chromium( 1014): [INFO:CONSOLE(0)] "Application Cache Checking event", source: https://googleads.g.doubleclick.net/mads/static/mad/sdk/native/sdk-core-v40-loader.html (0)
D/DynamitePackage( 1858): Instantiating com.google.android.gms.ads.ChimeraAdLoaderBuilderCreatorImpl
I/Ads     ( 1858): Starting ad request.
I/Ads     ( 1858): Use AdRequest.Builder.addTestDevice("E975D60B8B6136BB8437A20FB42B8437") to get test ads on this device.
I/Ads     ( 1858): Webview loading for native ads.
I/chromium( 1014): [INFO:CONSOLE(0)] "Application Cache NoUpdate event", source: https://googleads.g.doubleclick.net/mads/static/mad/sdk/native/sdk-core-v40-loader.html (0)
W/Ads     ( 1858): Not retrying to fetch app settings
I/Ads     ( 1858): Javascript has loaded for native ads.
W/Ads     ( 1014): App does not have the required permissions to get location
I/vgn     (  855): 19-GetRecentContext -- metadata{ service_id: 0 }
D/AndroidRuntime( 4902): Calling main entry com.android.commands.am.Am
I/Trepn   ( 4695): Trepn 6.2s: Received intent: com.quicinc.trepn.load_preferences; filename: /sdcard/trepn/saved_preferences/trepn.pref
I/orc     ( 1014): 28-GetActiveNetworkQuality -- metadata{ service_id: 0 }
W/Wifi    ( 3556): Failed to read packet and byte counts from wifi interface
D/AndroidRuntime( 4902): Shutting down VM
W/Herrevad( 1014): [102] wux.b: Invalid mccmnc 
W/Herrevad( 1014): [102] wux.b: Invalid mccmnc 
W/Wifi    ( 3556): Failed to read packet and byte counts from wifi interface
D/AndroidRuntime( 4965): >>>>>> START com.android.internal.os.RuntimeInit uid 2000 <<<<<<
D/AndroidRuntime( 4965): CheckJNI is OFF
I/Ads     ( 1858): Ad finished loading.
I/Ads     ( 1858): Ad finished loading.
D/AndroidRuntime( 4965): Calling main entry com.android.commands.am.Am
I/ActivityManager(  455): Force stopping com.quicinc.trepn appid=10091 user=0: from pid 4965
I/ActivityManager(  455): Killing 4695:com.quicinc.trepn/u0a91 (adj 0): stop com.quicinc.trepn
I/WindowState(  455): WIN DEATH: Window{7841d36 u0 com.quicinc.trepn/com.quicinc.trepn.userinterface.main.TrepnActivity}
W/InputDispatcher(  455): channel '7841d36 com.quicinc.trepn/com.quicinc.trepn.userinterface.main.TrepnActivity (server)' ~ Consumer closed input channel or an error occurred.  events=0x9
E/InputDispatcher(  455): channel '7841d36 com.quicinc.trepn/com.quicinc.trepn.userinterface.main.TrepnActivity (server)' ~ Channel is unrecoverably broken and will be disposed!
W/InputDispatcher(  455): Attempted to unregister already unregistered input channel '7841d36 com.quicinc.trepn/com.quicinc.trepn.userinterface.main.TrepnActivity (server)'
W/ActivityManager(  455): Force removing ActivityRecord{14b4afae u0 com.quicinc.trepn/.userinterface.main.TrepnActivity t4986}: app died, no saved state
W/ActivityManager(  455): Spurious death for ProcessRecord{1213dc3f 4695:com.quicinc.trepn/u0a91}, curProc for 4695: null
D/AndroidRuntime( 4965): Shutting down VM
W/InputMethodManagerService(  455): Got RemoteException sending setActive(false) notification to pid 4695 uid 10091
W/Wifi    ( 3556): Failed to read packet and byte counts from wifi interface
W/SessionLifecycleManager( 1033): Handover failed. Creating new session controller.
I/MicroDetectionWorker( 1033): #updateMicroDetector [detectionMode: [mDetectionMode: [1]]]
I/MicroDetectionWorker( 1033): #startMicroDetector [speakerMode: 0]
D/BluetoothAdapter( 1033): 982648545: getState() :  mService = null. Returning STATE_OFF
D/BluetoothAdapter( 1033): 982648545: getState() :  mService = null. Returning STATE_OFF
I/VoiceSearchSettings( 1033): Hotword upgrade key is null!
W/LocationOracle( 1033): No location history returned by ContextManager
I/MicroDetectionWorker( 1033): onReady
D/BluetoothAdapter( 1033): 982648545: getState() :  mService = null. Returning STATE_OFF
I/VoiceSearchSettings( 1033): Hotword upgrade key is null!
D/BluetoothAdapter( 1033): 982648545: getState() :  mService = null. Returning STATE_OFF
I/MicroRecognitionRunner( 1033): Starting detection.
I/MicrophoneInputStream( 1033): mic_starting com.google.android.apps.gsa.speech.audio.af@2eb97165
I/GeofencerStateMachine(  855): sendNewTransitions called.
I/AudioFlinger(  208): AudioFlinger's thread 0xab655fe8 ready to run
W/LocationOracle( 1033): getBestLocation(): no location is available
I/SoundTriggerHwService::Module(  208): void android::SoundTriggerHwService::Module::onCallbackEvent(const android::sp<android::SoundTriggerHwService::CallbackEvent>&) mClient == 0
I/MicrophoneInputStream( 1033): mic_started com.google.android.apps.gsa.speech.audio.af@2eb97165
W/ctxmgr  (  855): [AclManager]No 3 for (accnt=account#-517948760#, com.google.android.gms(10008):UserVelocityProducer, vrsn=12685011, 0, 3pPkg = null ,  3pMdlId = null ,  pid = 855). Was: 3 for 1, account#-517948760#
E/SQLiteLog(  855): (2067) abort at 35 in [INSERT INTO context(context_name,end_time,context_family,module_id,version,sync_state_mod_time_millis,start_time,sync_state,context_id,time_type,proto_blob) VALUES (?,?,?,?,?,?,?,?,?,?,?)]: UNI
W/TabTreeCopier(  933): Card found with UNKNOWN_TAB, Entry Type 155
E/SQLiteLog(  855): (2067) abort at 35 in [INSERT INTO context(context_name,end_time,context_family,module_id,version,sync_state_mod_time_millis,start_time,sync_state,context_id,time_type,proto_blob) VALUES (?,?,?,?,?,?,?,?,?,?,?)]: UNI
E/SQLiteLog(  855): (2067) abort at 35 in [INSERT INTO context(context_name,end_time,context_family,module_id,version,sync_state_mod_time_millis,start_time,sync_state,context_id,time_type,proto_blob) VALUES (?,?,?,?,?,?,?,?,?,?,?)]: UNI
E/SQLiteLog(  855): (2067) abort at 35 in [INSERT INTO context(context_name,end_time,context_family,module_id,version,sync_state_mod_time_millis,start_time,sync_state,context_id,time_type,proto_blob) VALUES (?,?,?,?,?,?,?,?,?,?,?)]: UNI
I/vgn     (  855): 67-RequestPlaceUpdates -- metadata{ service_id: 0 }
I/MicroDetectionWorker( 1033): onReady
I/GeofencerStateMachine(  855): removeGeofences: removeRequest=RemoveGeofencingRequest[REMOVE_BY_PENDING_INTENT pendingIntent=PendingIntent[creatorPackage=com.google.android.gms], packageName=null]
I/GeofencerStateMachine(  855): removeGeofences: removeRequest=RemoveGeofencingRequest[REMOVE_BY_PENDING_INTENT pendingIntent=PendingIntent[creatorPackage=com.google.android.gms], packageName=null]
I/PlaceInferenceEngine(  855): [anon] Changed inference mode: 0
I/art     (  455): Explicit concurrent mark sweep GC freed 59783(2MB) AllocSpace objects, 15(300KB) LOS objects, 33% free, 21MB/32MB, paused 571us total 110.574ms
W/OpenGLRenderer(  933): Incorrectly called buildLayer on View: ShortcutAndWidgetContainer, destroying layer...
W/ctxmgr  (  855): [AclManager]No 2 for (accnt=account#1813920180#, com.google.android.gms(10008):UserLocationProducer, vrsn=12685000, 0, 3pPkg = null ,  3pMdlId = null ,  pid = 855). Was: 2 for 1, account#1813920180#
W/ctxmgr  (  855): [AclManager]No 2 for (accnt=account#1644684176#, com.google.android.gms(10008):UserLocationProducer, vrsn=12685000, 0, 3pPkg = null ,  3pMdlId = null ,  pid = 855). Was: 2 for 1, account#1644684176#
W/ctxmgr  (  855): [AclManager]No 2 for (accnt=account#-517948760#, com.google.android.gms(10008):UserLocationProducer, vrsn=12685000, 0, 3pPkg = null ,  3pMdlId = null ,  pid = 855). Was: 3 for 1, account#-517948760#
I/vgn     (  855): 67-RequestPlaceUpdates -- metadata{ service_id: 0 }
I/Places  (  855): ?: PlacesBleScanner start() with priority 2
I/PlaceInferenceEngine(  855): [anon] Changed inference mode: 1
I/Places  (  855): Converted 16 out of 24 WiFi scans
I/PlaceInferenceEngine(  855): [anon] Changed inference mode: 1
I/BeaconBle(  855): Client requested scan, settings=BleSettings [scanMode=ZERO_POWER, callbackType=ALL_MATCHES, reportDelayMillis=0, 1 filters, 0 clients, callingClientName=Places]
E/BeaconBle(  855): Scan couldn't start for Places
W/Places  (  855): BLE failure while scanning - code 5
W/AppFlowTracker(  933): Dropping App flow event "88" logged from process "com.google.android.googlequicksearchbox"
I/PlaceInferenceEngine(  855): No beacon scan available - ignoring candidates.
W/Wifi    ( 3556): Failed to read packet and byte counts from wifi interface
W/Wifi    ( 3556): Failed to read packet and byte counts from wifi interface
W/ctxmgr  (  855): [AclManager]No 2 for (accnt=account#-517948760#, com.google.android.gms(10008):PlacesProducer, vrsn=12685000, 0, 3pPkg = null ,  3pMdlId = null ,  pid = 855). Was: 3 for 18, account#-517948760#
D/AndroidRuntime( 4995): >>>>>> START com.android.internal.os.RuntimeInit uid 2000 <<<<<<
D/AndroidRuntime( 4995): CheckJNI is OFF
D/AndroidRuntime( 4995): Calling main entry com.android.commands.am.Am
I/ActivityManager(  455): Start proc 5007:com.quicinc.trepn/u0a91 for service com.quicinc.trepn/.TrepnService
D/AndroidRuntime( 4995): Shutting down VM
W/Wifi    ( 3556): Failed to read packet and byte counts from wifi interface
D/AndroidRuntime( 5039): >>>>>> START com.android.internal.os.RuntimeInit uid 2000 <<<<<<
D/AndroidRuntime( 5039): CheckJNI is OFF
D/AndroidRuntime( 5039): Calling main entry com.android.commands.am.Am
I/ActivityManager(  455): Force stopping com.android.chrome appid=10035 user=0: from pid 5039
E/WifiStateMachine(  455): WifiStateMachine CMD_START_SCAN source -2 txSuccessRate=45.00 rxSuccessRate=42.83 targetRoamBSSID=any RSSI=-43
I/ActivityManager(  455): START u0 {act=android.intent.action.VIEW flg=0x10008000 cmp=com.android.chrome/com.google.android.apps.chrome.Main} from uid 2000 on display 0
V/WindowManager(  455): addAppToken: AppWindowToken{1b7ad15f token=Token{31c575fe ActivityRecord{b3d5db9 u0 com.android.chrome/com.google.android.apps.chrome.Main t4987}}} to stack=1 task=4987 at 0
D/AndroidRuntime( 5039): Shutting down VM
W/Wifi    ( 3556): Failed to read packet and byte counts from wifi interface
I/ActivityManager(  455): Start proc 5051:com.android.chrome/u0a35 for activity com.android.chrome/com.google.android.apps.chrome.Main
W/DynamiteModule( 5051): Local module descriptor class for com.google.android.gms.googlecertificates not found.
I/DynamiteModule( 5051): Considering local module com.google.android.gms.googlecertificates:0 and remote module com.google.android.gms.googlecertificates:4
I/DynamiteModule( 5051): Selected remote version of com.google.android.gms.googlecertificates, version >= 4
W/ResourcesManager( 5051): Asset path '/system/framework/com.android.media.remotedisplay.jar' does not exist or contains no resources.
W/ResourcesManager( 5051): Asset path '/system/framework/com.android.location.provider.jar' does not exist or contains no resources.
I/cr_InstantAppsHandler( 5051): Not handling with Instant Apps (other)
I/ActivityManager(  455): START u0 {cmp=com.android.chrome/org.chromium.chrome.browser.firstrun.FirstRunActivity (has extras)} from uid 10035 on display 0
V/WindowManager(  455): addAppToken: AppWindowToken{ea1e044 token=Token{24578d57 ActivityRecord{37a046d6 u0 com.android.chrome/org.chromium.chrome.browser.firstrun.FirstRunActivity t4988}}} to stack=1 task=4988 at 0
I/cr_LibraryLoader( 5051): Using linker: org.chromium.base.library_loader.LegacyLinker
I/cr_base ( 5051): Extracting resource /data/data/com.android.chrome/app_chrome/paks/en-GB.pak@12da8129
W/linker  ( 5051): libchromium_android_linker.so: unused DT entry: type 0x6ffffffe arg 0xce8
W/linker  ( 5051): libchromium_android_linker.so: unused DT entry: type 0x6fffffff arg 0x3
I/cr_base ( 5051): Extracting resource /data/data/com.android.chrome/app_chrome/paks/en-US.pak@12da8129
D/OpenGLRenderer( 5051): Use EGL_SWAP_BEHAVIOR_PRESERVED: true
W/cr_ChildProcLH( 5051): Create a new ChildConnectionAllocator with package name = com.android.chrome, sandboxed = true
I/cr_LibraryLoader( 5051): Loading chrome from within /data/app/com.android.chrome-2/base.apk
V/WindowManager(  455): Based on layer: Adding window Window{90af3dc u0 com.android.chrome/org.chromium.chrome.browser.firstrun.FirstRunActivity} at 2 of 15
I/ActivityManager(  455): Start proc 5078:com.android.chrome:sandboxed_process0/u0i0 for service com.android.chrome/org.chromium.content.app.SandboxedProcessService0
W/dboxed_process0( 5078): type=1400 audit(0.0:8): avc: denied { search } for name="tmp" dev="dm-0" ino=49 scontext=u:r:isolated_app:s0 tcontext=u:object_r:shell_data_file:s0 tclass=dir permissive=0
I/cr_ChildProcessService( 5078): Creating new ChildProcessService pid=5078
I/OpenGLRenderer( 5051): Initialized EGL, version 1.4
I/cr_VariationsSeedFetch( 5051): Fetched first run seed in 312 ms
D/OpenGLRenderer( 5051): Enabling debug mode 0
W/Wifi    ( 3556): Failed to read packet and byte counts from wifi interface
I/cr_LibraryLoader( 5051): Time to load native libraries: 648 ms (timestamps 5448-6096)
I/chromium( 5051): [INFO:library_loader_hooks.cc(136)] Chromium logging enabled: level = 0, default verbosity = 0
I/cr_LibraryLoader( 5051): Expected native library version number "61.0.3163.98", actual native library version number "61.0.3163.98"
I/ActivityManager(  455): Displayed com.android.chrome/org.chromium.chrome.browser.firstrun.FirstRunActivity: +836ms (total +1s251ms)
I/cr_BrowserStartup( 5051): Initializing chromium process, singleProcess=false
W/ResourceType(  613): No package identifier when getting value for resource number 0x00000000
W/PackageManager(  613): Failure retrieving resources for com.quicinc.trepn: Resource ID #0x0
I/art     ( 5051): Background sticky concurrent mark sweep GC freed 18735(1445KB) AllocSpace objects, 18(717KB) LOS objects, 17% free, 9MB/11MB, paused 5.465ms total 122.790ms
I/ActivityManager(  455): Start proc 5125:com.android.chrome:privileged_process0/u0a35 for service com.android.chrome/org.chromium.content.app.PrivilegedProcessService0
I/cr_ChildProcessService( 5125): Creating new ChildProcessService pid=5125
D/ConnectivityService(  455): listenForNetwork for NetworkRequest [ id=15, legacyType=-1, [ Capabilities: INTERNET&NOT_RESTRICTED&TRUSTED] ]
D/ConnectivityService(  455): handleRegisterNetworkRequest checking NetworkAgentInfo [WIFI () - 100]
D/ConnectivityService(  455): apparently satisfied.  currentScore=60
D/ConnectivityManager.CallbackHandler( 5051): CM callback handler got msg 524290
I/cr_LibraryLoader( 5125): Using linker: org.chromium.base.library_loader.LegacyLinker
W/linker  ( 5125): libchromium_android_linker.so: unused DT entry: type 0x6ffffffe arg 0xce8
W/linker  ( 5125): libchromium_android_linker.so: unused DT entry: type 0x6fffffff arg 0x3
I/cr_LibraryLoader( 5125): Loading chrome from within /data/app/com.android.chrome-2/base.apk
W/Wifi    ( 3556): Failed to read packet and byte counts from wifi interface
D/ConnectivityService(  455): listenForNetwork for NetworkRequest [ id=16, legacyType=-1, [ Capabilities: INTERNET&NOT_RESTRICTED&TRUSTED] ]
D/ConnectivityService(  455): handleRegisterNetworkRequest checking NetworkAgentInfo [WIFI () - 100]
D/ConnectivityService(  455): apparently satisfied.  currentScore=60
D/ConnectivityManager.CallbackHandler( 5051): CM callback handler got msg 524290
W/cr_KnoxSettingsProvider( 5051): Permission to read device policy denied.
I/cr_LibraryLoader( 5125): Time to load native libraries: 96 ms (timestamps 6956-7052)
I/chromium( 5125): [INFO:library_loader_hooks.cc(136)] Chromium logging enabled: level = 0, default verbosity = 0
I/cr_LibraryLoader( 5125): Expected native library version number "61.0.3163.98", actual native library version number "61.0.3163.98"
E/libEGL  ( 5125): validate_display:255 error 3008 (EGL_BAD_DISPLAY)
I/orc     ( 1014): 28-GetActiveNetworkQuality -- metadata{ service_id: 0 }
W/Herrevad( 1014): [102] wux.b: Invalid mccmnc 
W/Herrevad( 1014): [102] wux.b: Invalid mccmnc 
W/VideoCapabilities( 5125): Unsupported mime video/mpeg2
W/AudioCapabilities( 5125): Unsupported mime audio/mpeg-L2
W/VideoCapabilities( 5125): Unrecognized level 0 for video/x-vnd.on2.vp8
I/VideoCapabilities( 5125): Unsupported profile 4 for video/mp4v-es
W/cr_MediaCodecUtil( 5125): HW encoder for video/avc is not available on this device.
I/cr_SnippetsLauncher( 5051): Scheduling: 172800 172800
W/Wifi    ( 3556): Failed to read packet and byte counts from wifi interface
W/Wifi    ( 3556): Failed to read packet and byte counts from wifi interface
W/Wifi    ( 3556): Failed to read packet and byte counts from wifi interface
D/AndroidRuntime( 5155): >>>>>> START com.android.internal.os.RuntimeInit uid 2000 <<<<<<
D/AndroidRuntime( 5155): CheckJNI is OFF
D/AndroidRuntime( 5155): Calling main entry com.android.commands.input.Input
I/Input   ( 5155): injectMotionEvent: MotionEvent { action=ACTION_DOWN, id[0]=0, x[0]=700.0, y[0]=1550.0, toolType[0]=TOOL_TYPE_UNKNOWN, buttonState=0, metaState=0, flags=0x0, edgeFlags=0x0, pointerCount=1, historySize=0, eventTime=640932, downTime=640932, deviceId=0, source=0x1002 }
I/Input   ( 5155): injectMotionEvent: MotionEvent { action=ACTION_UP, id[0]=0, x[0]=700.0, y[0]=1550.0, toolType[0]=TOOL_TYPE_UNKNOWN, buttonState=0, metaState=0, flags=0x0, edgeFlags=0x0, pointerCount=1, historySize=0, eventTime=640932, downTime=640932, deviceId=0, source=0x1002 }
W/Wifi    ( 3556): Failed to read packet and byte counts from wifi interface
D/AndroidRuntime( 5155): Shutting down VM
D/audio_hw_primary(  208): out_set_parameters: enter: usecase(0: playback) kvpairs: routing=2 out->devices(2) adev->mode(0)
I/Auth    (  855): [ReflectiveChannelBinder] Successfully bound channel!
W/Conscrypt(  855): Could not set socket write timeout: java.lang.reflect.InvocationTargetException
W/Conscrypt(  855): Could not set socket write timeout: java.lang.reflect.InvocationTargetException
W/Conscrypt(  855): 	at java.lang.reflect.Method.invoke(Native Method)
W/Conscrypt(  855): 	at java.lang.reflect.Method.invoke(Method.java:372)
W/Conscrypt(  855): Caused by: android.system.ErrnoException: setsockopt failed: EBADF (Bad file number)
W/Conscrypt(  855): 	at java.lang.reflect.Method.invoke(Native Method)
W/Conscrypt(  855): 	at java.lang.reflect.Method.invoke(Method.java:372)
W/Conscrypt(  855): Caused by: android.system.ErrnoException: setsockopt failed: EBADF (Bad file number)
W/Conscrypt(  855): 	at libcore.io.Posix.setsockoptTimeval(Native Method)
W/Conscrypt(  855): 	at libcore.io.ForwardingOs.setsockoptTimeval(ForwardingOs.java:147)
W/Conscrypt(  855): 	at libcore.io.Posix.setsockoptTimeval(Native Method)
W/Conscrypt(  855): 	at libcore.io.ForwardingOs.setsockoptTimeval(ForwardingOs.java:147)
W/Conscrypt(  855): Could not set socket write timeout: java.lang.reflect.InvocationTargetException
W/Conscrypt(  855): 	at java.lang.reflect.Method.invoke(Native Method)
W/Conscrypt(  855): 	at java.lang.reflect.Method.invoke(Method.java:372)
W/Conscrypt(  855): Caused by: android.system.ErrnoException: setsockopt failed: EBADF (Bad file number)
W/Conscrypt(  855): 	at libcore.io.Posix.setsockoptTimeval(Native Method)
W/Conscrypt(  855): 	at libcore.io.ForwardingOs.setsockoptTimeval(ForwardingOs.java:147)
W/Conscrypt(  855): Could not set socket write timeout: java.lang.reflect.InvocationTargetException
W/Conscrypt(  855): 	at java.lang.reflect.Method.invoke(Native Method)
W/Conscrypt(  855): 	at java.lang.reflect.Method.invoke(Method.java:372)
W/Conscrypt(  855): Caused by: android.system.ErrnoException: setsockopt failed: EBADF (Bad file number)
W/Conscrypt(  855): 	at libcore.io.Posix.setsockoptTimeval(Native Method)
W/Conscrypt(  855): 	at libcore.io.ForwardingOs.setsockoptTimeval(ForwardingOs.java:147)
I/orc     (  855): 51-GetConfigurationSnapshotOperationCall -- metadata{ service_id: 0 }
I/orc     (  855): 51-CommitToConfigurationOperationCall -- metadata{ service_id: 0 }
I/EventLogChimeraService( 1014): Aggregate from 1529391310477 (log), 1529390088371 (data)
W/Wifi    ( 3556): Failed to read packet and byte counts from wifi interface
I/cr_LibraryLoader( 5078): Using linker: org.chromium.base.library_loader.LegacyLinker
W/linker  ( 5078): libchromium_android_linker.so: unused DT entry: type 0x6ffffffe arg 0xce8
W/linker  ( 5078): libchromium_android_linker.so: unused DT entry: type 0x6fffffff arg 0x3
I/cr_LibraryLoader( 5078): Loading chrome from within /data/app/com.android.chrome-2/base.apk
I/cr_LibraryLoader( 5078): Time to load native libraries: 51 ms (timestamps 2053-2104)
I/chromium( 5078): [INFO:library_loader_hooks.cc(136)] Chromium logging enabled: level = 0, default verbosity = 0
I/cr_LibraryLoader( 5078): Expected native library version number "61.0.3163.98", actual native library version number "61.0.3163.98"
W/Wifi    ( 3556): Failed to read packet and byte counts from wifi interface
W/Wifi    ( 3556): Failed to read packet and byte counts from wifi interface
W/Wifi    ( 3556): Failed to read packet and byte counts from wifi interface
W/Wifi    ( 3556): Failed to read packet and byte counts from wifi interface
D/AndroidRuntime( 5190): >>>>>> START com.android.internal.os.RuntimeInit uid 2000 <<<<<<
D/AndroidRuntime( 5190): CheckJNI is OFF
D/AndroidRuntime( 5190): Calling main entry com.android.commands.input.Input
I/Input   ( 5190): injectMotionEvent: MotionEvent { action=ACTION_DOWN, id[0]=0, x[0]=372.0, y[0]=1530.0, toolType[0]=TOOL_TYPE_UNKNOWN, buttonState=0, metaState=0, flags=0x0, edgeFlags=0x0, pointerCount=1, historySize=0, eventTime=646909, downTime=646909, deviceId=0, source=0x1002 }
I/Input   ( 5190): injectMotionEvent: MotionEvent { action=ACTION_UP, id[0]=0, x[0]=372.0, y[0]=1530.0, toolType[0]=TOOL_TYPE_UNKNOWN, buttonState=0, metaState=0, flags=0x0, edgeFlags=0x0, pointerCount=1, historySize=0, eventTime=646909, downTime=646909, deviceId=0, source=0x1002 }
D/AndroidRuntime( 5190): Shutting down VM
D/audio_hw_primary(  208): out_set_parameters: enter: usecase(0: playback) kvpairs: routing=2 out->devices(2) adev->mode(0)
I/ActivityManager(  455): START u0 {act=android.intent.action.VIEW flg=0x10808000 cmp=com.android.chrome/com.google.android.apps.chrome.Main (has extras)} from uid 10035 on display 0
V/WindowManager(  455): addAppToken: AppWindowToken{b59a4e9 token=Token{b989970 ActivityRecord{2675ffb3 u0 com.android.chrome/com.google.android.apps.chrome.Main t4989}}} to stack=1 task=4989 at 0
D/PermissionCache(  154): checking android.permission.READ_FRAME_BUFFER for uid=1000 => granted (157 us)
W/Wifi    ( 3556): Failed to read packet and byte counts from wifi interface
D/ConnectivityService(  455): releasing NetworkRequest NetworkRequest [ id=16, legacyType=-1, [ Capabilities: INTERNET&NOT_RESTRICTED&TRUSTED] ]
D/ConnectivityManager.CallbackHandler( 5051): CM callback handler got msg 524296
D/ConnectivityService(  455): listenForNetwork for NetworkRequest [ id=17, legacyType=-1, [ Capabilities: INTERNET&NOT_RESTRICTED&TRUSTED] ]
D/ConnectivityService(  455): handleRegisterNetworkRequest checking NetworkAgentInfo [WIFI () - 100]
D/ConnectivityService(  455): apparently satisfied.  currentScore=60
D/ConnectivityManager.CallbackHandler( 5051): CM callback handler got msg 524290
I/cr_InstantAppsHandler( 5051): Not handling with Instant Apps (other)
I/ActivityManager(  455): START u0 {act=android.intent.action.VIEW flg=0x14002000 cmp=com.android.chrome/org.chromium.chrome.browser.ChromeTabbedActivity (has extras)} from uid 10035 on display 0
V/WindowManager(  455): addAppToken: AppWindowToken{1e780821 token=Token{3f222688 ActivityRecord{697b22b u0 com.android.chrome/org.chromium.chrome.browser.ChromeTabbedActivity t4990}}} to stack=1 task=4990 at 0
V/WindowManager(  455): Based on layer: Adding window Window{2327061e u0 Starting com.android.chrome} at 3 of 16
I/chromium( 5078): [INFO:child_process_service_impl.cc(70)] ChildProcessServiceImpl: Exiting child process.
W/libprocessgroup(  455): failed to open /acct/uid_10035/pid_5078/cgroup.procs: No such file or directory
I/ActivityManager(  455): Process com.android.chrome:sandboxed_process0 (pid 5078) has died
W/ActivityManager(  455): Scheduling restart of crashed service com.android.chrome/org.chromium.content.app.SandboxedProcessService0 in 1000ms
I/PBSessionCacheImpl( 1033): Deleted sessionId[15545895655204] from persistence.
W/cr_tabmodel( 5051): Starting to perform legacy migration.
W/cr_tabmodel( 5051): Finished performing legacy migration.
W/cr_tabmodel( 5051): Starting to perform multi-instance migration.
W/cr_tabmodel( 5051): Finished performing multi-instance migration.
W/cr_tabmodel( 5051): Starting to fetch tab list.
E/cr_tabmodel( 5051): State file does not exist.
I/ActivityManager(  455): Start proc 5215:com.android.chrome:sandboxed_process1/u0i1 for service com.android.chrome/org.chromium.content.app.SandboxedProcessService1
V/WindowManager(  455): Adding window Window{3243c164 u0 com.android.chrome/org.chromium.chrome.browser.ChromeTabbedActivity} at 3 of 17 (before Window{2327061e u0 Starting com.android.chrome})
W/cr_ChildProcessConn( 5051): onServiceDisconnected (crash or killed by oom): pid=5078
D/AndroidRuntime( 5213): >>>>>> START com.android.internal.os.RuntimeInit uid 2000 <<<<<<
D/AndroidRuntime( 5213): CheckJNI is OFF
W/dboxed_process1( 5215): type=1400 audit(0.0:9): avc: denied { search } for name="tmp" dev="dm-0" ino=49 scontext=u:r:isolated_app:s0 tcontext=u:object_r:shell_data_file:s0 tclass=dir permissive=0
I/cr_ChildProcessService( 5215): Creating new ChildProcessService pid=5215
W/Wifi    ( 3556): Failed to read packet and byte counts from wifi interface
V/WindowManager(  455): Adding window Window{20c55393 u0 SurfaceView} at 3 of 18 (before Window{3243c164 u0 com.android.chrome/org.chromium.chrome.browser.ChromeTabbedActivity})
I/ActivityManager(  455): Displayed com.android.chrome/org.chromium.chrome.browser.ChromeTabbedActivity: +1s150ms (total +1s252ms)
D/AndroidRuntime( 5213): Calling main entry com.android.commands.am.Am
I/Trepn   ( 5007): Trepn 6.2s: Received intent: com.quicinc.trepn.start_profiling
I/art     ( 5051): Rejecting re-init on previously-failed class java.lang.Class<org.chromium.content.browser.FloatingActionModeCallback>
I/art     ( 5051): Rejecting re-init on previously-failed class java.lang.Class<org.chromium.content.browser.FloatingActionModeCallback>
I/MicroDetector( 1033): Keeping mic open: false
I/DeviceStateChecker( 1033): DeviceStateChecker cancelled
I/AudioController( 1033): internalShutdown
I/MicrophoneInputStream( 1033): mic_close com.google.android.apps.gsa.speech.audio.af@2eb97165
I/MicroRecognitionRunner( 1033): Stopping hotword detection.
I/SoundTriggerHwService::Module(  208): void android::SoundTriggerHwService::Module::onCallbackEvent(const android::sp<android::SoundTriggerHwService::CallbackEvent>&) mClient == 0
I/MicroRecognitionRunner( 1033): Detection finished
E/WorkerRegistryImpl( 1033): getWorker() is called after WorkerRegistry disposal.
E/WorkerRegistryImpl( 1033): getWorker() is called after WorkerRegistry disposal.
E/WorkerRegistryImpl( 1033): getWorker() is called after WorkerRegistry disposal.
E/WorkerRegistryImpl( 1033): getWorker() is called after WorkerRegistry disposal.
E/WorkerRegistryImpl( 1033): getWorker() is called after WorkerRegistry disposal.
E/WorkerRegistryImpl( 1033): getWorker() is called after WorkerRegistry disposal.
E/WorkerRegistryImpl( 1033): getWorker() is called after WorkerRegistry disposal.
E/WorkerRegistryImpl( 1033): getWorker() is called after WorkerRegistry disposal.
E/WorkerRegistryImpl( 1033): getWorker() is called after WorkerRegistry disposal.
E/WorkerRegistryImpl( 1033): getWorker() is called after WorkerRegistry disposal.
E/WorkerRegistryImpl( 1033): getWorker() is called after WorkerRegistry disposal.
E/WorkerRegistryImpl( 1033): getWorker() is called after WorkerRegistry disposal.
E/WorkerRegistryImpl( 1033): getWorker() is called after WorkerRegistry disposal.
W/cr_media( 5051): Requires BLUETOOTH permission
I/cr_LibraryLoader( 5215): Using linker: org.chromium.base.library_loader.LegacyLinker
W/linker  ( 5215): libchromium_android_linker.so: unused DT entry: type 0x6ffffffe arg 0xce8
W/linker  ( 5215): libchromium_android_linker.so: unused DT entry: type 0x6fffffff arg 0x3
E/WorkerRegistryImpl( 1033): getWorker() is called after WorkerRegistry disposal.
E/WorkerRegistryImpl( 1033): getWorker() is called after WorkerRegistry disposal.
E/WorkerRegistryImpl( 1033): getWorker() is called after WorkerRegistry disposal.
E/WorkerRegistryImpl( 1033): getWorker() is called after WorkerRegistry disposal.
E/WorkerRegistryImpl( 1033): getWorker() is called after WorkerRegistry disposal.
E/WorkerRegistryImpl( 1033): getWorker() is called after WorkerRegistry disposal.
E/WorkerRegistryImpl( 1033): getWorker() is called after WorkerRegistry disposal.
E/WorkerRegistryImpl( 1033): getWorker() is called after WorkerRegistry disposal.
I/cr_LibraryLoader( 5215): Loading chrome from within /data/app/com.android.chrome-2/base.apk
I/ActivityManager(  455): Start proc 5267:com.google.android.partnersetup/u0a12 for content provider com.google.android.partnersetup/.RlzAppProvider
I/cr_LibraryLoader( 5215): Time to load native libraries: 222 ms (timestamps 8675-8897)
I/chromium( 5215): [INFO:library_loader_hooks.cc(136)] Chromium logging enabled: level = 0, default verbosity = 0
I/cr_LibraryLoader( 5215): Expected native library version number "61.0.3163.98", actual native library version number "61.0.3163.98"
I/vgn     (  855): 67-RequestPlaceUpdates -- metadata{ service_id: 0 }
I/vgn     (  855): 67-RemovePlaceUpdates -- metadata{ service_id: 0 }
W/Wifi    ( 3556): Failed to read packet and byte counts from wifi interface
I/ActivityManager(  455): Start proc 5286:com.android.chrome:sandboxed_process2/u0i2 for service com.android.chrome/org.chromium.content.app.SandboxedProcessService2
I/art     ( 5051): Background sticky concurrent mark sweep GC freed 50169(3MB) AllocSpace objects, 19(304KB) LOS objects, 17% free, 14MB/17MB, paused 4.087ms total 182.140ms
I/art     (  455): Explicit concurrent mark sweep GC freed 31087(1667KB) AllocSpace objects, 7(140KB) LOS objects, 33% free, 24MB/37MB, paused 1.145ms total 258.297ms
I/Places  (  855): ?: PlacesBleScanner stop()
I/BeaconBle(  855): Scan canceled successfully.
D/BluetoothAdapter( 1033): 982648545: getState() :  mService = null. Returning STATE_OFF
D/BluetoothAdapter( 1033): 982648545: getState() :  mService = null. Returning STATE_OFF
I/VoiceSearchSettings( 1033): Hotword upgrade key is null!
I/VISHotwordAdapter( 1033): #initialize, locale=en-US, keyPhrase=Ok Google
I/GsaVoiceInteractionSrv(  799): initializeAlwaysOnHotwordDetector locale en-US hotwordPhrase Ok Google
W/dboxed_process2( 5286): type=1400 audit(0.0:10): avc: denied { search } for name="tmp" dev="dm-0" ino=49 scontext=u:r:isolated_app:s0 tcontext=u:object_r:shell_data_file:s0 tclass=dir permissive=0
I/cr_ChildProcessService( 5286): Creating new ChildProcessService pid=5286
I/PlaceInferenceEngine(  855): [anon] Changed inference mode: 0
I/cr_SnippetsLauncher( 5051): Scheduling: 172800 172800
I/orc     (  855): 51-GetExperimentTokensOperationCall -- metadata{ service_id: 0 }
I/GeofencerStateMachine(  855): removeGeofences: removeRequest=RemoveGeofencingRequest[REMOVE_BY_PENDING_INTENT pendingIntent=PendingIntent[creatorPackage=com.google.android.gms], packageName=null]
W/DynamiteModule( 1033): Local module descriptor class for com.google.android.gms.googlecertificates not found.
I/cr_LibraryLoader( 5286): Using linker: org.chromium.base.library_loader.LegacyLinker
W/linker  ( 5286): libchromium_android_linker.so: unused DT entry: type 0x6ffffffe arg 0xce8
W/linker  ( 5286): libchromium_android_linker.so: unused DT entry: type 0x6fffffff arg 0x3
I/DynamiteModule( 1033): Considering local module com.google.android.gms.googlecertificates:0 and remote module com.google.android.gms.googlecertificates:4
I/DynamiteModule( 1033): Selected remote version of com.google.android.gms.googlecertificates, version >= 4
I/cr_LibraryLoader( 5286): Loading chrome from within /data/app/com.android.chrome-2/base.apk
E/aght    (  855): Phenotype API error. Event a <
E/aght    (  855):   a: "LOCAL.com.google.android.agsa.QSB"
E/aght    (  855):   b: 0
E/aght    (  855):   e: ""
E/aght    (  855):   f: ""
E/aght    (  855):   g: 0
E/aght    (  855):   h: 0
E/aght    (  855):   i: ""
E/aght    (  855):   j: 5
E/aght    (  855): >
E/aght    (  855): e: # bjzl@f5130810
E/aght    (  855): , EventCode: 7 -- metadata{ service_id: 51 }
E/aght    (  855): aggm: 29505: No config packages for log source, or config package not registered
E/aght    (  855): 	at agif.b(:com.google.android.gms@12685011@12.6.85 (020406-197041431):4)
E/aght    (  855): 	at aght.a(:com.google.android.gms@12685011@12.6.85 (020406-197041431):40)
E/aght    (  855): 	at aght.a(:com.google.android.gms@12685011@12.6.85 (020406-197041431):108)
E/aght    (  855): 	at ord.run(:com.google.android.gms@12685011@12.6.85 (020406-197041431):40)
E/aght    (  855): 	at azvp.run(:com.google.android.gms@12685011@12.6.85 (020406-197041431):2)
E/aght    (  855): 	at ovl.run(:com.google.android.gms@12685011@12.6.85 (020406-197041431):27)
E/aght    (  855): 	at java.util.concurrent.ThreadPoolExecutor.runWorker(ThreadPoolExecutor.java:1112)
E/aght    (  855): 	at java.util.concurrent.ThreadPoolExecutor$Worker.run(ThreadPoolExecutor.java:587)
E/aght    (  855): 	at pbm.run(:com.google.android.gms@12685011@12.6.85 (020406-197041431))
E/aght    (  855): 	at java.lang.Thread.run(Thread.java:818)
E/AsyncOperation(  855): serviceID=51, operation=GetExperimentTokensOperationCall
E/AsyncOperation(  855): OperationException[Status{statusCode=No config packages for log source, or config package not registered, resolution=null}]
E/AsyncOperation(  855): 	at aght.a(:com.google.android.gms@12685011@12.6.85 (020406-197041431):53)
E/AsyncOperation(  855): 	at aght.a(:com.google.android.gms@12685011@12.6.85 (020406-197041431):108)
E/AsyncOperation(  855): 	at ord.run(:com.google.android.gms@12685011@12.6.85 (020406-197041431):40)
E/AsyncOperation(  855): 	at azvp.run(:com.google.android.gms@12685011@12.6.85 (020406-197041431):2)
E/AsyncOperation(  855): 	at ovl.run(:com.google.android.gms@12685011@12.6.85 (020406-197041431):27)
E/AsyncOperation(  855): 	at java.util.concurrent.ThreadPoolExecutor.runWorker(ThreadPoolExecutor.java:1112)
E/AsyncOperation(  855): 	at java.util.concurrent.ThreadPoolExecutor$Worker.run(ThreadPoolExecutor.java:587)
E/AsyncOperation(  855): 	at pbm.run(:com.google.android.gms@12685011@12.6.85 (020406-197041431))
E/AsyncOperation(  855): 	at java.lang.Thread.run(Thread.java:818)
