W/Wifi    ( 5337): Failed to read packet and byte counts from wifi interface
E/WifiStateMachine( 2186): WifiStateMachine CMD_START_SCAN source -2 txSuccessRate=0.00 rxSuccessRate=0.06 targetRoamBSSID=any RSSI=-52
E/WifiStateMachine( 2186): WifiStateMachine starting scan for "YOU SHALL NOT PASS"WPA_PSK with 2437
W/Wifi    ( 5337): Failed to read packet and byte counts from wifi interface
W/Wifi    ( 5337): Failed to read packet and byte counts from wifi interface
W/Wifi    ( 5337): Failed to read packet and byte counts from wifi interface
W/Wifi    ( 5337): Failed to read packet and byte counts from wifi interface
W/Wifi    ( 5337): Failed to read packet and byte counts from wifi interface
W/Wifi    ( 5337): Failed to read packet and byte counts from wifi interface
W/Wifi    ( 5337): Failed to read packet and byte counts from wifi interface
W/Wifi    ( 5337): Failed to read packet and byte counts from wifi interface
W/Wifi    ( 5337): Failed to read packet and byte counts from wifi interface
W/Wifi    ( 5337): Failed to read packet and byte counts from wifi interface
W/Wifi    ( 5337): Failed to read packet and byte counts from wifi interface
W/Wifi    ( 5337): Failed to read packet and byte counts from wifi interface
W/Wifi    ( 5337): Failed to read packet and byte counts from wifi interface
W/Wifi    ( 5337): Failed to read packet and byte counts from wifi interface
W/Wifi    ( 5337): Failed to read packet and byte counts from wifi interface
W/Wifi    ( 5337): Failed to read packet and byte counts from wifi interface
W/Wifi    ( 5337): Failed to read packet and byte counts from wifi interface
W/Wifi    ( 5337): Failed to read packet and byte counts from wifi interface
W/Wifi    ( 5337): Failed to read packet and byte counts from wifi interface
W/Wifi    ( 5337): Failed to read packet and byte counts from wifi interface
E/WifiStateMachine( 2186): WifiStateMachine CMD_START_SCAN source -2 txSuccessRate=0.00 rxSuccessRate=0.50 targetRoamBSSID=any RSSI=-55
E/WifiStateMachine( 2186): WifiStateMachine starting scan for "YOU SHALL NOT PASS"WPA_PSK with 2437
W/Wifi    ( 5337): Failed to read packet and byte counts from wifi interface
W/Wifi    ( 5337): Failed to read packet and byte counts from wifi interface
W/Wifi    ( 5337): Failed to read packet and byte counts from wifi interface
W/Wifi    ( 5337): Failed to read packet and byte counts from wifi interface
W/Wifi    ( 5337): Failed to read packet and byte counts from wifi interface
W/Wifi    ( 5337): Failed to read packet and byte counts from wifi interface
W/Wifi    ( 5337): Failed to read packet and byte counts from wifi interface
W/Wifi    ( 5337): Failed to read packet and byte counts from wifi interface
W/Wifi    ( 5337): Failed to read packet and byte counts from wifi interface
W/Wifi    ( 5337): Failed to read packet and byte counts from wifi interface
W/Wifi    ( 5337): Failed to read packet and byte counts from wifi interface
W/Wifi    ( 5337): Failed to read packet and byte counts from wifi interface
E/SQLiteLog( 2588): (2067) abort at 35 in [INSERT INTO context(context_name,end_time,context_family,module_id,version,sync_state_mod_time_millis,start_time,sync_state,context_id,time_type,proto_blob) VALUES (?,?,?,?,?,?,?,?,?,?,?)]: UNI
E/SQLiteLog( 2588): (2067) abort at 35 in [INSERT INTO context(context_name,end_time,context_family,module_id,version,sync_state_mod_time_millis,start_time,sync_state,context_id,time_type,proto_blob) VALUES (?,?,?,?,?,?,?,?,?,?,?)]: UNI
E/SQLiteLog( 2588): (2067) abort at 35 in [INSERT INTO context(context_name,end_time,context_family,module_id,version,sync_state_mod_time_millis,start_time,sync_state,context_id,time_type,proto_blob) VALUES (?,?,?,?,?,?,?,?,?,?,?)]: UNI
W/Wifi    ( 5337): Failed to read packet and byte counts from wifi interface
W/Wifi    ( 5337): Failed to read packet and byte counts from wifi interface
W/Wifi    ( 5337): Failed to read packet and byte counts from wifi interface
W/Wifi    ( 5337): Failed to read packet and byte counts from wifi interface
W/Wifi    ( 5337): Failed to read packet and byte counts from wifi interface
W/Wifi    ( 5337): Failed to read packet and byte counts from wifi interface
W/Wifi    ( 5337): Failed to read packet and byte counts from wifi interface
W/Wifi    ( 5337): Failed to read packet and byte counts from wifi interface
E/WifiStateMachine( 2186): WifiStateMachine CMD_START_SCAN source -2 txSuccessRate=0.00 rxSuccessRate=0.00 targetRoamBSSID=any RSSI=-56
E/WifiStateMachine( 2186): WifiStateMachine starting scan for "YOU SHALL NOT PASS"WPA_PSK with 2437
W/Wifi    ( 5337): Failed to read packet and byte counts from wifi interface
W/Wifi    ( 5337): Failed to read packet and byte counts from wifi interface
W/Wifi    ( 5337): Failed to read packet and byte counts from wifi interface
W/Wifi    ( 5337): Failed to read packet and byte counts from wifi interface
W/Wifi    ( 5337): Failed to read packet and byte counts from wifi interface
W/Wifi    ( 5337): Failed to read packet and byte counts from wifi interface
W/Wifi    ( 5337): Failed to read packet and byte counts from wifi interface
W/Wifi    ( 5337): Failed to read packet and byte counts from wifi interface
W/Wifi    ( 5337): Failed to read packet and byte counts from wifi interface
W/Wifi    ( 5337): Failed to read packet and byte counts from wifi interface
W/Wifi    ( 5337): Failed to read packet and byte counts from wifi interface
W/Wifi    ( 5337): Failed to read packet and byte counts from wifi interface
I/vgn     ( 2588): 35-GetDeviceDataUploadOptInStatusOperation -- metadata{ service_id: 0 }
I/vgn     ( 2588): 35-GetDeviceDataUploadOptInStatusOperation -- metadata{ service_id: 0 }
I/vgn     ( 2588): 35-GetDeviceDataUploadOptInStatusOperation -- metadata{ service_id: 0 }
I/vgn     ( 2588): 35-GetDeviceDataUploadOptInStatusOperation -- metadata{ service_id: 0 }
W/Wifi    ( 5337): Failed to read packet and byte counts from wifi interface
W/Wifi    ( 5337): Failed to read packet and byte counts from wifi interface
W/Wifi    ( 5337): Failed to read packet and byte counts from wifi interface
W/Wifi    ( 5337): Failed to read packet and byte counts from wifi interface
W/Wifi    ( 5337): Failed to read packet and byte counts from wifi interface
W/Wifi    ( 5337): Failed to read packet and byte counts from wifi interface
W/Wifi    ( 5337): Failed to read packet and byte counts from wifi interface
W/Wifi    ( 5337): Failed to read packet and byte counts from wifi interface
E/WifiStateMachine( 2186): WifiStateMachine CMD_START_SCAN source -2 txSuccessRate=0.00 rxSuccessRate=0.06 targetRoamBSSID=any RSSI=-57
E/WifiStateMachine( 2186): WifiStateMachine starting scan for "YOU SHALL NOT PASS"WPA_PSK with 2437
W/Wifi    ( 5337): Failed to read packet and byte counts from wifi interface
W/Wifi    ( 5337): Failed to read packet and byte counts from wifi interface
W/Wifi    ( 5337): Failed to read packet and byte counts from wifi interface
W/Wifi    ( 5337): Failed to read packet and byte counts from wifi interface
W/Wifi    ( 5337): Failed to read packet and byte counts from wifi interface
W/Wifi    ( 5337): Failed to read packet and byte counts from wifi interface
W/Wifi    ( 5337): Failed to read packet and byte counts from wifi interface
W/Wifi    ( 5337): Failed to read packet and byte counts from wifi interface
W/Wifi    ( 5337): Failed to read packet and byte counts from wifi interface
W/Wifi    ( 5337): Failed to read packet and byte counts from wifi interface
W/Wifi    ( 5337): Failed to read packet and byte counts from wifi interface
W/Settings( 5337): Setting http_proxy has moved from android.provider.Settings.Secure to android.provider.Settings.Global.
W/Wifi    ( 5337): Failed to read packet and byte counts from wifi interface
W/Wifi    ( 5337): Failed to read packet and byte counts from wifi interface
W/Wifi    ( 5337): Failed to read packet and byte counts from wifi interface
W/Wifi    ( 5337): Failed to read packet and byte counts from wifi interface
W/Wifi    ( 5337): Failed to read packet and byte counts from wifi interface
W/Wifi    ( 5337): Failed to read packet and byte counts from wifi interface
W/Wifi    ( 5337): Failed to read packet and byte counts from wifi interface
W/Wifi    ( 5337): Failed to read packet and byte counts from wifi interface
W/Wifi    ( 5337): Failed to read packet and byte counts from wifi interface
E/WifiStateMachine( 2186): WifiStateMachine CMD_START_SCAN source -2 txSuccessRate=0.00 rxSuccessRate=0.00 targetRoamBSSID=any RSSI=-58
E/WifiStateMachine( 2186): WifiStateMachine starting scan for "YOU SHALL NOT PASS"WPA_PSK with 2437
W/Wifi    ( 5337): Failed to read packet and byte counts from wifi interface
W/Wifi    ( 5337): Failed to read packet and byte counts from wifi interface
W/Wifi    ( 5337): Failed to read packet and byte counts from wifi interface
W/Wifi    ( 5337): Failed to read packet and byte counts from wifi interface
W/Wifi    ( 5337): Failed to read packet and byte counts from wifi interface
W/Wifi    ( 5337): Failed to read packet and byte counts from wifi interface
W/Wifi    ( 5337): Failed to read packet and byte counts from wifi interface
W/Wifi    ( 5337): Failed to read packet and byte counts from wifi interface
W/Wifi    ( 5337): Failed to read packet and byte counts from wifi interface
W/Wifi    ( 5337): Failed to read packet and byte counts from wifi interface
W/Wifi    ( 5337): Failed to read packet and byte counts from wifi interface
W/Wifi    ( 5337): Failed to read packet and byte counts from wifi interface
W/Wifi    ( 5337): Failed to read packet and byte counts from wifi interface
W/Wifi    ( 5337): Failed to read packet and byte counts from wifi interface
W/Wifi    ( 5337): Failed to read packet and byte counts from wifi interface
W/Wifi    ( 5337): Failed to read packet and byte counts from wifi interface
W/Wifi    ( 5337): Failed to read packet and byte counts from wifi interface
W/Wifi    ( 5337): Failed to read packet and byte counts from wifi interface
W/Wifi    ( 5337): Failed to read packet and byte counts from wifi interface
W/Wifi    ( 5337): Failed to read packet and byte counts from wifi interface
E/WifiStateMachine( 2186): WifiStateMachine CMD_START_SCAN source -2 txSuccessRate=0.00 rxSuccessRate=0.00 targetRoamBSSID=any RSSI=-58
E/WifiStateMachine( 2186): WifiStateMachine starting scan for "YOU SHALL NOT PASS"WPA_PSK with 2437
W/Wifi    ( 5337): Failed to read packet and byte counts from wifi interface
W/Wifi    ( 5337): Failed to read packet and byte counts from wifi interface
W/Wifi    ( 5337): Failed to read packet and byte counts from wifi interface
W/Wifi    ( 5337): Failed to read packet and byte counts from wifi interface
W/Wifi    ( 5337): Failed to read packet and byte counts from wifi interface
W/Wifi    ( 5337): Failed to read packet and byte counts from wifi interface
W/Wifi    ( 5337): Failed to read packet and byte counts from wifi interface
W/Wifi    ( 5337): Failed to read packet and byte counts from wifi interface
W/Wifi    ( 5337): Failed to read packet and byte counts from wifi interface
W/Wifi    ( 5337): Failed to read packet and byte counts from wifi interface
W/Wifi    ( 5337): Failed to read packet and byte counts from wifi interface
W/Wifi    ( 5337): Failed to read packet and byte counts from wifi interface
I/vgn     ( 2588): 35-GetDeviceDataUploadOptInStatusOperation -- metadata{ service_id: 0 }
I/vgn     ( 2588): 35-GetDeviceDataUploadOptInStatusOperation -- metadata{ service_id: 0 }
W/Wifi    ( 5337): Failed to read packet and byte counts from wifi interface
W/Wifi    ( 5337): Failed to read packet and byte counts from wifi interface
W/Wifi    ( 5337): Failed to read packet and byte counts from wifi interface
W/Wifi    ( 5337): Failed to read packet and byte counts from wifi interface
W/Wifi    ( 5337): Failed to read packet and byte counts from wifi interface
W/Wifi    ( 5337): Failed to read packet and byte counts from wifi interface
W/Wifi    ( 5337): Failed to read packet and byte counts from wifi interface
W/Wifi    ( 5337): Failed to read packet and byte counts from wifi interface
E/WifiStateMachine( 2186): WifiStateMachine CMD_START_SCAN source -2 txSuccessRate=0.69 rxSuccessRate=0.72 targetRoamBSSID=any RSSI=-58
E/WifiStateMachine( 2186): WifiStateMachine starting scan for "YOU SHALL NOT PASS"WPA_PSK with 2437
W/Wifi    ( 5337): Failed to read packet and byte counts from wifi interface
W/Wifi    ( 5337): Failed to read packet and byte counts from wifi interface
W/Wifi    ( 5337): Failed to read packet and byte counts from wifi interface
W/Wifi    ( 5337): Failed to read packet and byte counts from wifi interface
W/Wifi    ( 5337): Failed to read packet and byte counts from wifi interface
W/Wifi    ( 5337): Failed to read packet and byte counts from wifi interface
W/Wifi    ( 5337): Failed to read packet and byte counts from wifi interface
W/Wifi    ( 5337): Failed to read packet and byte counts from wifi interface
W/Wifi    ( 5337): Failed to read packet and byte counts from wifi interface
W/Wifi    ( 5337): Failed to read packet and byte counts from wifi interface
W/Wifi    ( 5337): Failed to read packet and byte counts from wifi interface
W/Wifi    ( 5337): Failed to read packet and byte counts from wifi interface
W/Wifi    ( 5337): Failed to read packet and byte counts from wifi interface
W/Wifi    ( 5337): Failed to read packet and byte counts from wifi interface
W/Wifi    ( 5337): Failed to read packet and byte counts from wifi interface
W/Wifi    ( 5337): Failed to read packet and byte counts from wifi interface
W/Wifi    ( 5337): Failed to read packet and byte counts from wifi interface
W/Wifi    ( 5337): Failed to read packet and byte counts from wifi interface
W/Wifi    ( 5337): Failed to read packet and byte counts from wifi interface
W/Wifi    ( 5337): Failed to read packet and byte counts from wifi interface
E/WifiStateMachine( 2186): WifiStateMachine CMD_START_SCAN source -2 txSuccessRate=0.02 rxSuccessRate=0.02 targetRoamBSSID=any RSSI=-59
E/WifiStateMachine( 2186): WifiStateMachine starting scan for "YOU SHALL NOT PASS"WPA_PSK with 2437
W/Wifi    ( 5337): Failed to read packet and byte counts from wifi interface
W/Wifi    ( 5337): Failed to read packet and byte counts from wifi interface
W/Wifi    ( 5337): Failed to read packet and byte counts from wifi interface
I/ActivityManager( 2186): Start proc 21962:com.google.android.apps.plus/u0a68 for broadcast com.google.android.apps.plus/com.google.android.libraries.social.autobackup.AutoBackupEnvironment$BatteryReceiver
W/ResourcesManager(21962): Asset path '/system/framework/com.google.android.maps.jar' does not exist or contains no resources.
I/ActivityManager( 2186): Process com.google.process.gapps (pid 21911) has died
I/ActivityManager( 2186): Start proc 21986:com.google.process.gapps/u0a8 for content provider com.google.android.gsf/.gservices.GservicesProvider
I/art     ( 1959): Explicit concurrent mark sweep GC freed 706(30KB) AllocSpace objects, 0(0B) LOS objects, 40% free, 7MB/12MB, paused 116us total 13.672ms
I/art     ( 1959): Explicit concurrent mark sweep GC freed 8(256B) AllocSpace objects, 0(0B) LOS objects, 40% free, 7MB/12MB, paused 128us total 13.251ms
I/art     ( 1959): Explicit concurrent mark sweep GC freed 5(160B) AllocSpace objects, 0(0B) LOS objects, 40% free, 7MB/12MB, paused 101us total 10.143ms
I/ActivityManager( 2186): Start proc 22001:com.google.android.apps.photos/u0a66 for broadcast com.google.android.apps.photos/.scheduler.PowerReceiver
I/GservicesProvider(21986): Gservices pushing to system: true; secure/global: true
I/ActivityManager( 2186): Process com.google.android.apps.plus (pid 21962) has died
I/GoogleHttpClient(21986): GMS http client unavailable, use old client
I/GoogleHttpClient(21986): GMS http client unavailable, use old client
E/lowmemorykiller(  151): Error writing /proc/21890/oom_score_adj; errno=22
I/ActivityManager( 2186): Process android.process.media (pid 21890) has died
W/Wifi    ( 5337): Failed to read packet and byte counts from wifi interface
I/ActivityManager( 2186): Process com.google.android.apps.photos (pid 22001) has died
W/Wifi    ( 5337): Failed to read packet and byte counts from wifi interface
W/Wifi    ( 5337): Failed to read packet and byte counts from wifi interface
W/Wifi    ( 5337): Failed to read packet and byte counts from wifi interface
W/Wifi    ( 5337): Failed to read packet and byte counts from wifi interface
W/Wifi    ( 5337): Failed to read packet and byte counts from wifi interface
W/Wifi    ( 5337): Failed to read packet and byte counts from wifi interface
W/Wifi    ( 5337): Failed to read packet and byte counts from wifi interface
W/Wifi    ( 5337): Failed to read packet and byte counts from wifi interface
W/Wifi    ( 5337): Failed to read packet and byte counts from wifi interface
W/Wifi    ( 5337): Failed to read packet and byte counts from wifi interface
W/Wifi    ( 5337): Failed to read packet and byte counts from wifi interface
W/Wifi    ( 5337): Failed to read packet and byte counts from wifi interface
W/Wifi    ( 5337): Failed to read packet and byte counts from wifi interface
W/Wifi    ( 5337): Failed to read packet and byte counts from wifi interface
W/Wifi    ( 5337): Failed to read packet and byte counts from wifi interface
W/Wifi    ( 5337): Failed to read packet and byte counts from wifi interface
E/WifiStateMachine( 2186): WifiStateMachine CMD_START_SCAN source -2 txSuccessRate=0.00 rxSuccessRate=0.00 targetRoamBSSID=any RSSI=-67
E/WifiStateMachine( 2186): WifiStateMachine starting scan for "YOU SHALL NOT PASS"WPA_PSK with 2437
W/Wifi    ( 5337): Failed to read packet and byte counts from wifi interface
W/Wifi    ( 5337): Failed to read packet and byte counts from wifi interface
W/Wifi    ( 5337): Failed to read packet and byte counts from wifi interface
W/Wifi    ( 5337): Failed to read packet and byte counts from wifi interface
I/art     ( 2186): Explicit concurrent mark sweep GC freed 14279(916KB) AllocSpace objects, 0(0B) LOS objects, 33% free, 28MB/43MB, paused 603us total 139.218ms
W/Wifi    ( 5337): Failed to read packet and byte counts from wifi interface
W/Wifi    ( 5337): Failed to read packet and byte counts from wifi interface
W/Wifi    ( 5337): Failed to read packet and byte counts from wifi interface
W/Wifi    ( 5337): Failed to read packet and byte counts from wifi interface
W/Wifi    ( 5337): Failed to read packet and byte counts from wifi interface
W/Wifi    ( 5337): Failed to read packet and byte counts from wifi interface
W/Wifi    ( 5337): Failed to read packet and byte counts from wifi interface
W/Wifi    ( 5337): Failed to read packet and byte counts from wifi interface
I/vgn     ( 2588): 35-GetDeviceDataUploadOptInStatusOperation -- metadata{ service_id: 0 }
I/vgn     ( 2588): 35-GetDeviceDataUploadOptInStatusOperation -- metadata{ service_id: 0 }
W/Wifi    ( 5337): Failed to read packet and byte counts from wifi interface
W/Wifi    ( 5337): Failed to read packet and byte counts from wifi interface
W/Wifi    ( 5337): Failed to read packet and byte counts from wifi interface
W/Wifi    ( 5337): Failed to read packet and byte counts from wifi interface
W/Wifi    ( 5337): Failed to read packet and byte counts from wifi interface
D/ConnectivityService( 2186): updateNetworkScore for NetworkAgentInfo [WIFI () - 104] to 56
D/ConnectivityService( 2186): rematching NetworkAgentInfo [WIFI () - 104]
D/ConnectivityService( 2186): Network NetworkAgentInfo [WIFI () - 104] was already satisfying request 1. No change.
D/ConnectivityService( 2186): notifyType AVAILABLE for NetworkAgentInfo [WIFI () - 104]
D/ConnectivityManager.CallbackHandler( 2363): CM callback handler got msg 524290
D/ConnectivityManager.CallbackHandler(22341): CM callback handler got msg 524290
D/ConnectivityManager.CallbackHandler(18961): CM callback handler got msg 524290
D/ConnectivityManager.CallbackHandler(22341): CM callback handler got msg 524290
D/ConnectivityManager.CallbackHandler(18961): CM callback handler got msg 524290
I/art     ( 2363): Explicit concurrent mark sweep GC freed 31752(1375KB) AllocSpace objects, 0(0B) LOS objects, 40% free, 16MB/27MB, paused 505us total 36.572ms
W/Wifi    ( 5337): Failed to read packet and byte counts from wifi interface
W/Wifi    ( 5337): Failed to read packet and byte counts from wifi interface
W/Wifi    ( 5337): Failed to read packet and byte counts from wifi interface
E/WifiStateMachine( 2186): WifiStateMachine CMD_START_SCAN source -2 txSuccessRate=0.00 rxSuccessRate=0.03 targetRoamBSSID=any RSSI=-72
E/WifiStateMachine( 2186): WifiStateMachine starting scan for "YOU SHALL NOT PASS"WPA_PSK with 2437
W/Wifi    ( 5337): Failed to read packet and byte counts from wifi interface
W/Wifi    ( 5337): Failed to read packet and byte counts from wifi interface
I/art     ( 2605): Explicit concurrent mark sweep GC freed 29(1216B) AllocSpace objects, 0(0B) LOS objects, 39% free, 7MB/12MB, paused 536us total 27.581ms
W/Wifi    ( 5337): Failed to read packet and byte counts from wifi interface
W/Wifi    ( 5337): Failed to read packet and byte counts from wifi interface
W/Wifi    ( 5337): Failed to read packet and byte counts from wifi interface
W/Wifi    ( 5337): Failed to read packet and byte counts from wifi interface
D/ConnectivityService( 2186): updateNetworkScore for NetworkAgentInfo [WIFI () - 104] to 60
D/ConnectivityService( 2186): rematching NetworkAgentInfo [WIFI () - 104]
D/ConnectivityService( 2186): Network NetworkAgentInfo [WIFI () - 104] was already satisfying request 1. No change.
D/ConnectivityService( 2186): notifyType AVAILABLE for NetworkAgentInfo [WIFI () - 104]
D/ConnectivityManager.CallbackHandler( 2363): CM callback handler got msg 524290
D/ConnectivityManager.CallbackHandler(22341): CM callback handler got msg 524290
D/ConnectivityManager.CallbackHandler(18961): CM callback handler got msg 524290
D/ConnectivityManager.CallbackHandler(22341): CM callback handler got msg 524290
D/ConnectivityManager.CallbackHandler(18961): CM callback handler got msg 524290
W/Wifi    ( 5337): Failed to read packet and byte counts from wifi interface
I/art     ( 2632): Explicit concurrent mark sweep GC freed 74626(3MB) AllocSpace objects, 0(0B) LOS objects, 40% free, 8MB/14MB, paused 536us total 53.335ms
W/Wifi    ( 5337): Failed to read packet and byte counts from wifi interface
W/Wifi    ( 5337): Failed to read packet and byte counts from wifi interface
W/Wifi    ( 5337): Failed to read packet and byte counts from wifi interface
W/Wifi    ( 5337): Failed to read packet and byte counts from wifi interface
W/Wifi    ( 5337): Failed to read packet and byte counts from wifi interface
W/Wifi    ( 5337): Failed to read packet and byte counts from wifi interface
W/Wifi    ( 5337): Failed to read packet and byte counts from wifi interface
W/Wifi    ( 5337): Failed to read packet and byte counts from wifi interface
W/Wifi    ( 5337): Failed to read packet and byte counts from wifi interface
W/Wifi    ( 5337): Failed to read packet and byte counts from wifi interface
W/Wifi    ( 5337): Failed to read packet and byte counts from wifi interface
W/Wifi    ( 5337): Failed to read packet and byte counts from wifi interface
W/Wifi    ( 5337): Failed to read packet and byte counts from wifi interface
I/art     ( 5337): Explicit concurrent mark sweep GC freed 50939(2MB) AllocSpace objects, 0(0B) LOS objects, 40% free, 10MB/17MB, paused 594us total 41.800ms
E/WifiStateMachine( 2186): WifiStateMachine CMD_START_SCAN source -2 txSuccessRate=0.00 rxSuccessRate=0.50 targetRoamBSSID=any RSSI=-67
E/WifiStateMachine( 2186): WifiStateMachine starting scan for "YOU SHALL NOT PASS"WPA_PSK with 2437
W/Wifi    ( 5337): Failed to read packet and byte counts from wifi interface
W/Wifi    ( 5337): Failed to read packet and byte counts from wifi interface
W/Wifi    ( 5337): Failed to read packet and byte counts from wifi interface
W/Wifi    ( 5337): Failed to read packet and byte counts from wifi interface
W/Wifi    ( 5337): Failed to read packet and byte counts from wifi interface
W/Wifi    ( 5337): Failed to read packet and byte counts from wifi interface
W/Wifi    ( 5337): Failed to read packet and byte counts from wifi interface
W/Wifi    ( 5337): Failed to read packet and byte counts from wifi interface
I/art     (26651): Explicit concurrent mark sweep GC freed 22530(1470KB) AllocSpace objects, 27(432KB) LOS objects, 40% free, 8MB/13MB, paused 622us total 50.355ms
W/Wifi    ( 5337): Failed to read packet and byte counts from wifi interface
W/Wifi    ( 5337): Failed to read packet and byte counts from wifi interface
W/Wifi    ( 5337): Failed to read packet and byte counts from wifi interface
W/Wifi    ( 5337): Failed to read packet and byte counts from wifi interface
W/Wifi    ( 5337): Failed to read packet and byte counts from wifi interface
W/Wifi    ( 5337): Failed to read packet and byte counts from wifi interface
W/Wifi    ( 5337): Failed to read packet and byte counts from wifi interface
W/Wifi    ( 5337): Failed to read packet and byte counts from wifi interface
W/Wifi    ( 5337): Failed to read packet and byte counts from wifi interface
W/Wifi    ( 5337): Failed to read packet and byte counts from wifi interface
W/Wifi    ( 5337): Failed to read packet and byte counts from wifi interface
I/art     ( 2538): Explicit concurrent mark sweep GC freed 14(432B) AllocSpace objects, 0(0B) LOS objects, 40% free, 10MB/17MB, paused 437us total 19.106ms
W/Wifi    ( 5337): Failed to read packet and byte counts from wifi interface
E/WifiStateMachine( 2186): WifiStateMachine CMD_START_SCAN source -2 txSuccessRate=0.00 rxSuccessRate=0.02 targetRoamBSSID=any RSSI=-69
E/WifiStateMachine( 2186): WifiStateMachine starting scan for "YOU SHALL NOT PASS"WPA_PSK with 2437
W/Wifi    ( 5337): Failed to read packet and byte counts from wifi interface
W/Wifi    ( 5337): Failed to read packet and byte counts from wifi interface
W/Wifi    ( 5337): Failed to read packet and byte counts from wifi interface
I/chromium(22341): [INFO:CONSOLE(0)] "Application Cache Checking event", source: https://googleads.g.doubleclick.net/mads/static/mad/sdk/native/sdk-core-v40-loader.html (0)
W/Wifi    ( 5337): Failed to read packet and byte counts from wifi interface
I/chromium(22341): [INFO:CONSOLE(0)] "Application Cache NoUpdate event", source: https://googleads.g.doubleclick.net/mads/static/mad/sdk/native/sdk-core-v40-loader.html (0)
I/art     ( 2588): Explicit concurrent mark sweep GC freed 74830(3MB) AllocSpace objects, 1(20KB) LOS objects, 35% free, 28MB/44MB, paused 937us total 176.127ms
W/Wifi    ( 5337): Failed to read packet and byte counts from wifi interface
W/Wifi    ( 5337): Failed to read packet and byte counts from wifi interface
W/Wifi    ( 5337): Failed to read packet and byte counts from wifi interface
W/Wifi    ( 5337): Failed to read packet and byte counts from wifi interface
W/Wifi    ( 5337): Failed to read packet and byte counts from wifi interface
I/art     ( 2566): Explicit concurrent mark sweep GC freed 4(112B) AllocSpace objects, 0(0B) LOS objects, 24% free, 13MB/18MB, paused 535us total 34.305ms
W/Wifi    ( 5337): Failed to read packet and byte counts from wifi interface
W/Wifi    ( 5337): Failed to read packet and byte counts from wifi interface
W/Wifi    ( 5337): Failed to read packet and byte counts from wifi interface
I/vgn     ( 2588): 35-GetDeviceDataUploadOptInStatusOperation -- metadata{ service_id: 0 }
I/vgn     ( 2588): 35-GetDeviceDataUploadOptInStatusOperation -- metadata{ service_id: 0 }
W/Wifi    ( 5337): Failed to read packet and byte counts from wifi interface
W/Wifi    ( 5337): Failed to read packet and byte counts from wifi interface
W/Wifi    ( 5337): Failed to read packet and byte counts from wifi interface
W/Wifi    ( 5337): Failed to read packet and byte counts from wifi interface
W/Wifi    ( 5337): Failed to read packet and byte counts from wifi interface
I/art     (19034): Explicit concurrent mark sweep GC freed 6(208B) AllocSpace objects, 0(0B) LOS objects, 40% free, 7MB/13MB, paused 629us total 27.895ms
W/Wifi    ( 5337): Failed to read packet and byte counts from wifi interface
W/Wifi    ( 5337): Failed to read packet and byte counts from wifi interface
W/Wifi    ( 5337): Failed to read packet and byte counts from wifi interface
E/WifiStateMachine( 2186): WifiStateMachine CMD_START_SCAN source -2 txSuccessRate=0.69 rxSuccessRate=0.63 targetRoamBSSID=any RSSI=-63
E/WifiStateMachine( 2186): WifiStateMachine starting scan for "YOU SHALL NOT PASS"WPA_PSK with 2437
W/Wifi    ( 5337): Failed to read packet and byte counts from wifi interface
W/Wifi    ( 5337): Failed to read packet and byte counts from wifi interface
I/art     (19265): Explicit concurrent mark sweep GC freed 6(208B) AllocSpace objects, 0(0B) LOS objects, 39% free, 7MB/13MB, paused 883us total 81.819ms
W/Wifi    ( 5337): Failed to read packet and byte counts from wifi interface
W/Wifi    ( 5337): Failed to read packet and byte counts from wifi interface
W/Wifi    ( 5337): Failed to read packet and byte counts from wifi interface
W/Wifi    ( 5337): Failed to read packet and byte counts from wifi interface
W/Wifi    ( 5337): Failed to read packet and byte counts from wifi interface
I/art     (22341): Explicit concurrent mark sweep GC freed 13207(754KB) AllocSpace objects, 4(80KB) LOS objects, 40% free, 23MB/38MB, paused 5.422ms total 80.515ms
W/Wifi    ( 5337): Failed to read packet and byte counts from wifi interface
W/Wifi    ( 5337): Failed to read packet and byte counts from wifi interface
W/Wifi    ( 5337): Failed to read packet and byte counts from wifi interface
W/Wifi    ( 5337): Failed to read packet and byte counts from wifi interface
W/Wifi    ( 5337): Failed to read packet and byte counts from wifi interface
W/Wifi    ( 5337): Failed to read packet and byte counts from wifi interface
W/Wifi    ( 5337): Failed to read packet and byte counts from wifi interface
W/Wifi    ( 5337): Failed to read packet and byte counts from wifi interface
W/Wifi    ( 5337): Failed to read packet and byte counts from wifi interface
W/Wifi    ( 5337): Failed to read packet and byte counts from wifi interface
I/cr_BindingManager(18961): onLowMemory: evict 0 bindings
W/Wifi    ( 5337): Failed to read packet and byte counts from wifi interface
I/art     (18961): Explicit concurrent mark sweep GC freed 5841(249KB) AllocSpace objects, 0(0B) LOS objects, 40% free, 15MB/26MB, paused 1.084ms total 102.094ms
W/Wifi    ( 5337): Failed to read packet and byte counts from wifi interface
W/Wifi    ( 5337): Failed to read packet and byte counts from wifi interface
E/WifiStateMachine( 2186): WifiStateMachine CMD_START_SCAN source -2 txSuccessRate=0.63 rxSuccessRate=0.06 targetRoamBSSID=any RSSI=-63
W/Wifi    ( 5337): Failed to read packet and byte counts from wifi interface
I/ActivityManager( 2186): Start proc 22033:com.google.android.apps.gcs/u0a7 for broadcast com.google.android.apps.gcs/.steen.receiver.ScoreNetworksReceiver
W/ctxmgr  ( 2588): [AclManager]No 2 for (accnt=account#-517948760#, com.google.android.gms(10008):IndoorOutdoorProducer, vrsn=12685000, 0, 3pPkg = null ,  3pMdlId = null ,  pid = 2588). Was: 3 for 57, account#-517948760#
I/ActivityManager( 2186): Process com.google.process.gapps (pid 21986) has died
I/Stn.AppLifecycle(22033): [1] b.a: onConfigChanged()
I/ActivityManager( 2186): Start proc 22052:com.google.process.gapps/u0a8 for content provider com.google.android.gsf/.gservices.GservicesProvider
I/GservicesProvider(22052): Gservices pushing to system: true; secure/global: true
I/GoogleHttpClient(22052): GMS http client unavailable, use old client
I/GoogleHttpClient(22052): GMS http client unavailable, use old client
I/GAv4    (22033): Google Analytics 10.9.00 is starting up. To enable debug logging on a device run:
I/GAv4    (22033):   adb shell setprop log.tag.GAv4 DEBUG
I/GAv4    (22033):   adb logcat -s GAv4
W/GAv4    (22033): AnalyticsReceiver is not registered or is disabled. Register the receiver for reliable dispatching on non-Google Play devices. See http://goo.gl/8Rd3yj for instructions.
W/GAv4    (22033): CampaignTrackingReceiver is not registered, not exported or is disabled. Installation campaign tracking is not possible. See http://goo.gl/8Rd3yj for instructions.
W/GAv4    (22033): AnalyticsService not registered in the app manifest. Hits might not be delivered reliably. See http://goo.gl/8Rd3yj for instructions.
D/CrashMetricService(22033): onPrimesInitialize
E/JavaBinder( 2186): !!! FAILED BINDER TRANSACTION !!!
E/lowmemorykiller(  151): Error writing /proc/22052/oom_score_adj; errno=22
E/JavaBinder(22033): !!! FAILED BINDER TRANSACTION !!!
E/JavaBinder(22033): !!! FAILED BINDER TRANSACTION !!!
E/JavaBinder( 2186): !!! FAILED BINDER TRANSACTION !!!
E/lowmemorykiller(  151): Error writing /proc/22052/oom_score_adj; errno=22
E/JavaBinder( 2186): !!! FAILED BINDER TRANSACTION !!!
E/lowmemorykiller(  151): Error writing /proc/22052/oom_score_adj; errno=22
E/JavaBinder( 2186): !!! FAILED BINDER TRANSACTION !!!
E/JavaBinder(22033): !!! FAILED BINDER TRANSACTION !!!
E/JavaBinder( 2186): !!! FAILED BINDER TRANSACTION !!!
E/lowmemorykiller(  151): Error writing /proc/22052/oom_score_adj; errno=22
E/JavaBinder( 2186): !!! FAILED BINDER TRANSACTION !!!
E/lowmemorykiller(  151): Error writing /proc/22052/oom_score_adj; errno=22
E/JavaBinder( 2186): !!! FAILED BINDER TRANSACTION !!!
E/JavaBinder(22033): !!! FAILED BINDER TRANSACTION !!!
E/JavaBinder( 2186): !!! FAILED BINDER TRANSACTION !!!
E/lowmemorykiller(  151): Error writing /proc/22052/oom_score_adj; errno=22
E/JavaBinder( 2186): !!! FAILED BINDER TRANSACTION !!!
E/JavaBinder( 2186): !!! FAILED BINDER TRANSACTION !!!
E/lowmemorykiller(  151): Error writing /proc/22052/oom_score_adj; errno=22
E/JavaBinder(22033): !!! FAILED BINDER TRANSACTION !!!
E/JavaBinder(22033): !!! FAILED BINDER TRANSACTION !!!
E/lowmemorykiller(  151): Error writing /proc/22052/oom_score_adj; errno=22
E/JavaBinder( 2186): !!! FAILED BINDER TRANSACTION !!!
E/JavaBinder( 2186): !!! FAILED BINDER TRANSACTION !!!
E/JavaBinder( 2186): !!! FAILED BINDER TRANSACTION !!!
E/lowmemorykiller(  151): Error writing /proc/22052/oom_score_adj; errno=22
I/ActivityThread(22033): Removing dead content provider:android.content.ContentProviderProxy@ec0cbef
I/ActivityManager( 2186): Process com.google.process.gapps (pid 22052) has died
I/ActivityManager( 2186): Start proc 22078:com.google.process.gapps/u0a8 for content provider com.google.android.gsf/.gservices.GservicesProvider
I/GservicesProvider(22078): Gservices pushing to system: true; secure/global: true
W/Wifi    ( 5337): Failed to read packet and byte counts from wifi interface
I/GoogleHttpClient(22078): GMS http client unavailable, use old client
I/GoogleHttpClient(22078): GMS http client unavailable, use old client
E/WifiNetworkScoreCache( 2186): updateScores list size=1
D/WifiService( 2186): New client listening to asynchronous messages
I/ActivityManager( 2186): Process com.google.process.gapps (pid 22078) has died
W/Wifi    ( 5337): Failed to read packet and byte counts from wifi interface
W/Wifi    ( 5337): Failed to read packet and byte counts from wifi interface
W/Wifi    ( 5337): Failed to read packet and byte counts from wifi interface
W/Wifi    ( 5337): Failed to read packet and byte counts from wifi interface
W/Wifi    ( 5337): Failed to read packet and byte counts from wifi interface
I/art     ( 2186): Explicit concurrent mark sweep GC freed 110772(4MB) AllocSpace objects, 0(0B) LOS objects, 33% free, 28MB/43MB, paused 1.088ms total 100.917ms
I/vgn     ( 2588): 35-GetDeviceDataUploadOptInStatusOperation -- metadata{ service_id: 0 }
I/vgn     ( 2588): 35-GetDeviceDataUploadOptInStatusOperation -- metadata{ service_id: 0 }
I/ActivityManager( 2186): Start proc 22106:com.opera.browser:alarm_receiver/u0a85 for broadcast com.opera.browser/com.opera.android.phantom.receiver.AlarmReceiver
I/ActivityManager( 2186): Start proc 22119:com.google.android.instantapps.supervisor/u0a90 for service com.google.android.instantapps.supervisor/.logging.LogFlushTaskService
I/ActivityManager( 2186): Process com.google.android.apps.gcs (pid 22033) has died
D/WifiService( 2186): Client connection lost with reason: 4
W/Wifi    ( 5337): Failed to read packet and byte counts from wifi interface
I/ActivityManager( 2186): Start proc 22142:com.google.process.gapps/u0a8 for content provider com.google.android.gsf/.gservices.GservicesProvider
I/GservicesProvider(22142): Gservices pushing to system: true; secure/global: true
I/GoogleHttpClient(22142): GMS http client unavailable, use old client
I/GoogleHttpClient(22142): GMS http client unavailable, use old client
E/lowmemorykiller(  151): Error writing /proc/22142/oom_score_adj; errno=22
I/orc     ( 2588): 51-RegisterOperationCall -- metadata{ service_id: 0 }
I/ActivityManager( 2186): Process com.google.process.gapps (pid 22142) has died
I/ActivityThread(22119): Removing dead content provider:android.content.ContentProviderProxy@292d40f4
I/ActivityManager( 2186): Start proc 22177:com.google.process.gapps/u0a8 for content provider com.google.android.gsf/.gservices.GservicesProvider
I/GservicesProvider(22177): Gservices pushing to system: true; secure/global: true
I/GoogleHttpClient(22177): GMS http client unavailable, use old client
I/GoogleHttpClient(22177): GMS http client unavailable, use old client
E/lowmemorykiller(  151): Error writing /proc/22106/oom_score_adj; errno=22
E/lowmemorykiller(  151): Error writing /proc/22106/oom_score_adj; errno=22
E/lowmemorykiller(  151): Error writing /proc/22106/oom_score_adj; errno=22
E/lowmemorykiller(  151): Error writing /proc/22106/oom_score_adj; errno=22
E/lowmemorykiller(  151): Error writing /proc/22106/oom_score_adj; errno=22
E/lowmemorykiller(  151): Error writing /proc/22106/oom_score_adj; errno=22
I/ActivityManager( 2186): Process com.opera.browser:alarm_receiver (pid 22106) has died
W/Conscrypt( 2588): Could not set socket write timeout: java.lang.reflect.InvocationTargetException
W/Conscrypt( 2588): 	at java.lang.reflect.Method.invoke(Native Method)
W/Conscrypt( 2588): 	at java.lang.reflect.Method.invoke(Method.java:372)
W/Conscrypt( 2588): Caused by: android.system.ErrnoException: setsockopt failed: EBADF (Bad file number)
W/Conscrypt( 2588): 	at libcore.io.Posix.setsockoptTimeval(Native Method)
W/Conscrypt( 2588): 	at libcore.io.ForwardingOs.setsockoptTimeval(ForwardingOs.java:147)
W/Conscrypt( 2588): Could not set socket write timeout: java.lang.reflect.InvocationTargetException
W/Conscrypt( 2588): 	at java.lang.reflect.Method.invoke(Native Method)
W/Conscrypt( 2588): 	at java.lang.reflect.Method.invoke(Method.java:372)
W/Conscrypt( 2588): Caused by: android.system.ErrnoException: setsockopt failed: EBADF (Bad file number)
W/Conscrypt( 2588): 	at libcore.io.Posix.setsockoptTimeval(Native Method)
W/Conscrypt( 2588): 	at libcore.io.ForwardingOs.setsockoptTimeval(ForwardingOs.java:147)
W/CPU     ( 5337): Failed to read cpu frequency
W/Wifi    ( 5337): Failed to read packet and byte counts from wifi interface
I/ActivityManager( 2186): Process com.google.android.instantapps.supervisor (pid 22119) has died
W/Wifi    ( 5337): Failed to read packet and byte counts from wifi interface
W/Wifi    ( 5337): Failed to read packet and byte counts from wifi interface
W/Wifi    ( 5337): Failed to read packet and byte counts from wifi interface
W/Wifi    ( 5337): Failed to read packet and byte counts from wifi interface
I/art     ( 2363): Explicit concurrent mark sweep GC freed 5684(254KB) AllocSpace objects, 0(0B) LOS objects, 40% free, 16MB/27MB, paused 587us total 77.168ms
W/Wifi    ( 5337): Failed to read packet and byte counts from wifi interface
W/Wifi    ( 5337): Failed to read packet and byte counts from wifi interface
W/Wifi    ( 5337): Failed to read packet and byte counts from wifi interface
W/Wifi    ( 5337): Failed to read packet and byte counts from wifi interface
W/Wifi    ( 5337): Failed to read packet and byte counts from wifi interface
W/Wifi    ( 5337): Failed to read packet and byte counts from wifi interface
I/art     ( 2605): Explicit concurrent mark sweep GC freed 26(1088B) AllocSpace objects, 0(0B) LOS objects, 39% free, 7MB/12MB, paused 525us total 19.273ms
W/Wifi    ( 5337): Failed to read packet and byte counts from wifi interface
E/WifiStateMachine( 2186): WifiStateMachine CMD_START_SCAN source -2 txSuccessRate=2.85 rxSuccessRate=2.41 targetRoamBSSID=any RSSI=-64
E/WifiStateMachine( 2186): WifiStateMachine starting scan for "YOU SHALL NOT PASS"WPA_PSK with 2437
W/Wifi    ( 5337): Failed to read packet and byte counts from wifi interface
W/Wifi    ( 5337): Failed to read packet and byte counts from wifi interface
W/Wifi    ( 5337): Failed to read packet and byte counts from wifi interface
W/Wifi    ( 5337): Failed to read packet and byte counts from wifi interface
I/art     ( 2632): Explicit concurrent mark sweep GC freed 11591(566KB) AllocSpace objects, 0(0B) LOS objects, 39% free, 8MB/14MB, paused 385us total 39.932ms
W/Wifi    ( 5337): Failed to read packet and byte counts from wifi interface
W/Wifi    ( 5337): Failed to read packet and byte counts from wifi interface
D/ConnectivityService( 2186): updateNetworkScore for NetworkAgentInfo [WIFI () - 104] to 56
D/ConnectivityService( 2186): rematching NetworkAgentInfo [WIFI () - 104]
D/ConnectivityService( 2186): Network NetworkAgentInfo [WIFI () - 104] was already satisfying request 1. No change.
D/ConnectivityService( 2186): notifyType AVAILABLE for NetworkAgentInfo [WIFI () - 104]
D/ConnectivityManager.CallbackHandler( 2363): CM callback handler got msg 524290
D/ConnectivityManager.CallbackHandler(22341): CM callback handler got msg 524290
D/ConnectivityManager.CallbackHandler(18961): CM callback handler got msg 524290
D/ConnectivityManager.CallbackHandler(22341): CM callback handler got msg 524290
D/ConnectivityManager.CallbackHandler(18961): CM callback handler got msg 524290
W/Wifi    ( 5337): Failed to read packet and byte counts from wifi interface
W/Wifi    ( 5337): Failed to read packet and byte counts from wifi interface
W/Wifi    ( 5337): Failed to read packet and byte counts from wifi interface
D/ConnectivityService( 2186): updateNetworkScore for NetworkAgentInfo [WIFI () - 104] to 60
D/ConnectivityService( 2186): rematching NetworkAgentInfo [WIFI () - 104]
D/ConnectivityService( 2186): Network NetworkAgentInfo [WIFI () - 104] was already satisfying request 1. No change.
D/ConnectivityService( 2186): notifyType AVAILABLE for NetworkAgentInfo [WIFI () - 104]
D/ConnectivityManager.CallbackHandler( 2363): CM callback handler got msg 524290
D/ConnectivityManager.CallbackHandler(18961): CM callback handler got msg 524290
D/ConnectivityManager.CallbackHandler(22341): CM callback handler got msg 524290
D/ConnectivityManager.CallbackHandler(22341): CM callback handler got msg 524290
D/ConnectivityManager.CallbackHandler(18961): CM callback handler got msg 524290
W/Wifi    ( 5337): Failed to read packet and byte counts from wifi interface
W/Wifi    ( 5337): Failed to read packet and byte counts from wifi interface
I/art     ( 5337): Explicit concurrent mark sweep GC freed 55691(2MB) AllocSpace objects, 0(0B) LOS objects, 40% free, 10MB/17MB, paused 500us total 61.362ms
W/Wifi    ( 5337): Failed to read packet and byte counts from wifi interface
D/ConnectivityService( 2186): updateNetworkScore for NetworkAgentInfo [WIFI () - 104] to 56
D/ConnectivityService( 2186): rematching NetworkAgentInfo [WIFI () - 104]
D/ConnectivityService( 2186): Network NetworkAgentInfo [WIFI () - 104] was already satisfying request 1. No change.
D/ConnectivityService( 2186): notifyType AVAILABLE for NetworkAgentInfo [WIFI () - 104]
D/ConnectivityManager.CallbackHandler( 2363): CM callback handler got msg 524290
D/ConnectivityManager.CallbackHandler(22341): CM callback handler got msg 524290
D/ConnectivityManager.CallbackHandler(22341): CM callback handler got msg 524290
D/ConnectivityManager.CallbackHandler(18961): CM callback handler got msg 524290
D/ConnectivityManager.CallbackHandler(18961): CM callback handler got msg 524290
W/Wifi    ( 5337): Failed to read packet and byte counts from wifi interface
W/Wifi    ( 5337): Failed to read packet and byte counts from wifi interface
W/Wifi    ( 5337): Failed to read packet and byte counts from wifi interface
W/Wifi    ( 5337): Failed to read packet and byte counts from wifi interface
I/art     (26651): Explicit concurrent mark sweep GC freed 25775(1696KB) AllocSpace objects, 32(512KB) LOS objects, 40% free, 8MB/13MB, paused 440us total 52.162ms
W/Wifi    ( 5337): Failed to read packet and byte counts from wifi interface
W/Wifi    ( 5337): Failed to read packet and byte counts from wifi interface
D/ConnectivityService( 2186): updateNetworkScore for NetworkAgentInfo [WIFI () - 104] to 60
D/ConnectivityService( 2186): rematching NetworkAgentInfo [WIFI () - 104]
D/ConnectivityService( 2186): Network NetworkAgentInfo [WIFI () - 104] was already satisfying request 1. No change.
D/ConnectivityService( 2186): notifyType AVAILABLE for NetworkAgentInfo [WIFI () - 104]
D/ConnectivityManager.CallbackHandler( 2363): CM callback handler got msg 524290
D/ConnectivityManager.CallbackHandler(22341): CM callback handler got msg 524290
D/ConnectivityManager.CallbackHandler(18961): CM callback handler got msg 524290
D/ConnectivityManager.CallbackHandler(22341): CM callback handler got msg 524290
D/ConnectivityManager.CallbackHandler(18961): CM callback handler got msg 524290
I/vgn     ( 2588): 35-GetDeviceDataUploadOptInStatusOperation -- metadata{ service_id: 0 }
I/ActivityManager( 2186): Start proc 22218:com.google.android.apps.gcs/u0a7 for service com.google.android.apps.gcs/.service.UtilUpdaterTaskService
I/vgn     ( 2588): 35-GetDeviceDataUploadOptInStatusOperation -- metadata{ service_id: 0 }
I/Stn.AppLifecycle(22218): [1] b.a: onConfigChanged()
I/GAv4    (22218): Google Analytics 10.9.00 is starting up. To enable debug logging on a device run:
I/GAv4    (22218):   adb shell setprop log.tag.GAv4 DEBUG
I/GAv4    (22218):   adb logcat -s GAv4
W/GAv4    (22218): AnalyticsReceiver is not registered or is disabled. Register the receiver for reliable dispatching on non-Google Play devices. See http://goo.gl/8Rd3yj for instructions.
W/GAv4    (22218): CampaignTrackingReceiver is not registered, not exported or is disabled. Installation campaign tracking is not possible. See http://goo.gl/8Rd3yj for instructions.
W/GAv4    (22218): AnalyticsService not registered in the app manifest. Hits might not be delivered reliably. See http://goo.gl/8Rd3yj for instructions.
D/CrashMetricService(22218): onPrimesInitialize
W/Wifi    ( 5337): Failed to read packet and byte counts from wifi interface
I/orc     ( 2588): 51-GetConfigurationSnapshotOperationCall -- metadata{ service_id: 0 }
I/orc     ( 2588): 51-CommitToConfigurationOperationCall -- metadata{ service_id: 0 }
E/lowmemorykiller(  151): Error writing /proc/22177/oom_score_adj; errno=22
E/JavaBinder( 2186): !!! FAILED BINDER TRANSACTION !!!
E/JavaBinder(22218): !!! FAILED BINDER TRANSACTION !!!
E/JavaBinder(22218): !!! FAILED BINDER TRANSACTION !!!
E/JavaBinder(22218): !!! FAILED BINDER TRANSACTION !!!
I/ActivityManager( 2186): Start proc 22249:com.google.android.instantapps.supervisor/u0a90 for service com.google.android.instantapps.supervisor/.hygiene.HygieneTaskService
E/JavaBinder( 2186): !!! FAILED BINDER TRANSACTION !!!
E/lowmemorykiller(  151): Error writing /proc/22177/oom_score_adj; errno=22
E/JavaBinder( 2186): !!! FAILED BINDER TRANSACTION !!!
I/ActivityManager( 2186): Process com.google.process.gapps (pid 22177) has died
I/art     (  214): Explicit concurrent mark sweep GC freed 706(30KB) AllocSpace objects, 0(0B) LOS objects, 39% free, 7MB/11MB, paused 195us total 34.010ms
I/art     (  214): Explicit concurrent mark sweep GC freed 8(256B) AllocSpace objects, 0(0B) LOS objects, 39% free, 7MB/11MB, paused 321us total 17.249ms
I/art     (  214): Explicit concurrent mark sweep GC freed 5(160B) AllocSpace objects, 0(0B) LOS objects, 39% free, 7MB/11MB, paused 151us total 10.600ms
I/ActivityManager( 2186): Start proc 22265:com.google.process.gapps/u0a8 for content provider com.google.android.gsf/.gservices.GservicesProvider
I/GservicesProvider(22265): Gservices pushing to system: true; secure/global: true
I/orc     ( 2588): 51-GetConfigurationSnapshotOperationCall -- metadata{ service_id: 0 }
I/orc     ( 2588): 51-CommitToConfigurationOperationCall -- metadata{ service_id: 0 }
I/GoogleHttpClient(22265): GMS http client unavailable, use old client
I/GoogleHttpClient(22265): GMS http client unavailable, use old client
I/PhenotypeExpCommitSvc(22218): [3510] PhenotypeExperimentCommitService.a: Successfully committed experiments for user [bV0mn0Se6j8NQF4DT19QdaUy-_8]
I/Stn.AppLifecycle(22218): [1] b.a: onConfigChanged()
E/NetworkScheduler.ATC( 2588): Received callback from client for task that is already complete. ComponentInfo{com.google.android.apps.gcs/com.google.android.flib.phenotype.services.PhenotypeExperimentCommitService} PhenotypeExpCommitSvc
E/NetworkScheduler.ATC( 2588): Received callback from client for task that is already complete. ComponentInfo{com.google.android.apps.gcs/com.google.android.apps.gcs.service.UtilUpdaterTaskService} UtilUpdTask
I/ActivityManager( 2186): Process com.google.android.apps.gcs (pid 22218) has died
W/linker  (22249): libsyscall.so: unused DT entry: type 0xf arg 0x1917
W/linker  (22249): libsyscall.so: unused DT entry: type 0x6ffffffe arg 0x4420
W/linker  (22249): libsyscall.so: unused DT entry: type 0x6fffffff arg 0x2
W/native  (22249): commandlineflags.cc:1512 Ignoring RegisterValidateFunction() for flag pointer 0xf45936f0: no flag found at that address
W/linker  (22249): libjni_stub.so: unused DT entry: type 0x6ffffffe arg 0xa9c
W/linker  (22249): libjni_stub.so: unused DT entry: type 0x6fffffff arg 0x3
