I/ActivityManager( 2186): Start proc 19736:com.google.android.instantapps.supervisor/u0a90 for service com.google.android.instantapps.supervisor/.logging.LogFlushTaskService
I/ActivityManager( 2186): Start proc 19755:com.google.process.gapps/u0a8 for content provider com.google.android.gsf/.gservices.GservicesProvider
I/ActivityManager( 2186): Process com.google.android.talk (pid 16493) has died
I/ActivityManager( 2186): Start proc 19849:com.google.android.googlequicksearchbox:search/u0a24 for service com.google.android.googlequicksearchbox/com.google.android.apps.gsa.tasks.BackgroundTasksGcmService
I/ActivityManager( 2186): Start proc 19881:com.google.android.partnersetup/u0a12 for content provider com.google.android.partnersetup/.RlzAppProvider
I/ActivityManager( 2186): Process com.google.android.instantapps.supervisor (pid 19736) has died
D/WifiService( 2186): New client listening to asynchronous messages
D/ConnectivityService( 2186): listenForNetwork for NetworkRequest [ id=550, legacyType=-1, [ Capabilities: INTERNET&NOT_RESTRICTED&TRUSTED] ]
D/ConnectivityService( 2186): handleRegisterNetworkRequest checking NetworkAgentInfo [WIFI () - 104]
D/ConnectivityService( 2186): apparently satisfied.  currentScore=60
I/ActivityManager( 2186): Process com.google.android.partnersetup (pid 19881) has died
I/ActivityManager( 2186): Process com.google.process.gapps (pid 19755) has died
I/ActivityManager( 2186): Start proc 19944:com.google.process.gapps/u0a8 for content provider com.google.android.gsf/.gservices.GservicesProvider
D/WifiService( 2186): Client connection lost with reason: 4
D/ConnectivityService( 2186): ConnectivityService NetworkRequestInfo binderDied(NetworkRequest [ id=550, legacyType=-1, [ Capabilities: INTERNET&NOT_RESTRICTED&TRUSTED] ], android.os.BinderProxy@163821df)
D/ConnectivityService( 2186): releasing NetworkRequest NetworkRequest [ id=550, legacyType=-1, [ Capabilities: INTERNET&NOT_RESTRICTED&TRUSTED] ]
I/ActivityManager( 2186): Process com.google.android.googlequicksearchbox:search (pid 19849) has died
E/ConnectivityService( 2186): RemoteException caught trying to send a callback msg for NetworkRequest [ id=550, legacyType=-1, [ Capabilities: INTERNET&NOT_RESTRICTED&TRUSTED] ]
I/ActivityManager( 2186): Start proc 20165:com.google.android.apps.photos/u0a66 for broadcast com.google.android.apps.photos/.scheduler.AlarmReceiver
I/ActivityManager( 2186): Process com.google.android.apps.photos (pid 20165) has died
I/ActivityManager( 2186): Start proc 20355:com.google.android.apps.gcs/u0a7 for service com.google.android.apps.gcs/.steen.service.ScoreRefreshService
I/ActivityManager( 2186): Start proc 20371:com.google.android.gm/u0a71 for service com.google.android.gm/.provider.MailSyncAdapterService
D/ActivityThread(20371): Loading provider com.google.android.gmail.provider;com.android.mail.notifier;com.google.android.gm.email.provider;com.google.android.gm.tasks.provider;com.google.android.gm.email.notifier: com.android.email.provider.EmailProvider
I/ActivityManager( 2186): Process com.google.process.gapps (pid 19944) has died
I/ActivityManager( 2186): Start proc 20410:com.google.process.gapps/u0a8 for content provider com.google.android.gsf/.gservices.GservicesProvider
W/ActivityManager( 2186): Unable to start service Intent { cmp=com.google.android.gm/com.android.email.service.AttachmentService } U=0: not found
I/ActivityManager( 2186): Process com.google.android.apps.gcs (pid 20355) has died
W/ActivityManager( 2186): Unable to start service Intent { cmp=com.google.android.gm.exchange/com.android.exchange.service.EasService } U=0: not found
W/ResourcesManager(20371): Asset path '/system/framework/com.android.media.remotedisplay.jar' does not exist or contains no resources.
W/ResourcesManager(20371): Asset path '/system/framework/com.android.location.provider.jar' does not exist or contains no resources.
I/ActivityManager( 2186): Process com.google.process.gapps (pid 20410) has died
I/ActivityManager( 2186): Start proc 20628:com.google.android.apps.gcs/u0a7 for service com.google.android.apps.gcs/.service.UtilUpdaterTaskService
I/ActivityManager( 2186): Process com.google.android.gm (pid 20371) has died
I/ActivityManager( 2186): Start proc 20646:com.google.process.gapps/u0a8 for content provider com.google.android.gsf/.gservices.GservicesProvider
I/ActivityManager( 2186): Start proc 20737:com.google.android.googlequicksearchbox:search/u0a24 for broadcast com.google.android.googlequicksearchbox/com.google.android.apps.gsa.gcm.GcmBroadcastReceiver
I/ActivityManager( 2186): Process com.google.process.gapps (pid 20646) has died
I/ActivityManager( 2186): Start proc 20763:com.google.process.gapps/u0a8 for content provider com.google.android.gsf/.gservices.GservicesProvider
I/ActivityManager( 2186): Start proc 20779:com.google.android.partnersetup/u0a12 for content provider com.google.android.partnersetup/.RlzAppProvider
I/ActivityManager( 2186): Process com.google.android.apps.gcs (pid 20628) has died
D/WifiService( 2186): New client listening to asynchronous messages
I/ActivityManager( 2186): Process com.google.process.gapps (pid 20763) has died
I/ActivityManager( 2186): Process com.google.android.partnersetup (pid 20779) has died
I/Nat464Xlat( 2186): Stopping clatd
E/Nat464Xlat( 2186): Error stopping clatd: java.lang.IllegalStateException: command '218 clatd stop wlan0' failed with '400 218 Clatd operation failed'
D/ConnectivityService( 2186): NetworkAgentInfo [WIFI () - 104] EVENT_NETWORK_INFO_CHANGED, going from CONNECTED to CONNECTING
D/ConnectivityService( 2186): NetworkAgentInfo [WIFI () - 104] EVENT_NETWORK_INFO_CHANGED, going from CONNECTING to CONNECTED
I/ActivityManager( 2186): Start proc 21118:com.google.android.apps.plus/u0a68 for broadcast com.google.android.apps.plus/com.google.android.libraries.social.autobackup.AutoBackupEnvironment$BatteryReceiver
W/ResourcesManager(21118): Asset path '/system/framework/com.google.android.maps.jar' does not exist or contains no resources.
I/ActivityManager( 2186): Start proc 21140:com.google.process.gapps/u0a8 for content provider com.google.android.gsf/.gservices.GservicesProvider
I/ActivityManager( 2186): Start proc 21155:com.google.android.apps.photos/u0a66 for broadcast com.google.android.apps.photos/.scheduler.PowerReceiver
I/ActivityManager( 2186): Process com.google.android.apps.plus (pid 21118) has died
I/EntropyMixer( 2186): Writing entropy...
I/ActivityManager( 2186): Start proc 21189:com.google.android.apps.plus/u0a68 for broadcast com.google.android.apps.plus/.service.BatteryReceiver
W/ResourcesManager(21189): Asset path '/system/framework/com.google.android.maps.jar' does not exist or contains no resources.
I/ActivityManager( 2186): Process com.google.android.apps.photos (pid 21155) has died
I/ActivityManager( 2186): Process com.google.process.gapps (pid 21140) has died
I/ActivityManager( 2186): Start proc 21218:com.google.process.gapps/u0a8 for content provider com.google.android.gsf/.gservices.GservicesProvider
I/ActivityManager( 2186): Start proc 21234:com.google.android.apps.photos/u0a66 for broadcast com.google.android.apps.photos/.scheduler.PowerReceiver
I/ActivityManager( 2186): Process android.process.media (pid 18567) has died
I/ActivityManager( 2186): Process com.google.android.apps.plus (pid 21189) has died
I/ActivityManager( 2186): Process com.google.android.apps.photos (pid 21234) has died
I/ActivityManager( 2186): Start proc 21292:com.android.vending/u0a18 for service com.android.vending/com.google.android.finsky.contentfilterui.ContentFiltersService
D/ConnectivityService( 2186): listenForNetwork for NetworkRequest [ id=551, legacyType=-1, [ Capabilities: INTERNET&NOT_RESTRICTED&TRUSTED] ]
D/ConnectivityService( 2186): handleRegisterNetworkRequest checking NetworkAgentInfo [WIFI () - 104]
D/ConnectivityService( 2186): apparently satisfied.  currentScore=60
I/ActivityManager( 2186): Start proc 21352:android.process.media/u0a5 for content provider com.android.providers.downloads/.DownloadProvider
I/ActivityManager( 2186): Process com.google.process.gapps (pid 21218) has died
I/ActivityManager( 2186): Process android.process.media (pid 21352) has died
I/ActivityManager( 2186): Start proc 21378:com.google.process.gapps/u0a8 for content provider com.google.android.gsf/.gservices.GservicesProvider
I/ActivityManager( 2186): Process com.android.vending (pid 21292) has died
D/ConnectivityService( 2186): ConnectivityService NetworkRequestInfo binderDied(NetworkRequest [ id=551, legacyType=-1, [ Capabilities: INTERNET&NOT_RESTRICTED&TRUSTED] ], android.os.BinderProxy@2a86dae7)
D/ConnectivityService( 2186): releasing NetworkRequest NetworkRequest [ id=551, legacyType=-1, [ Capabilities: INTERNET&NOT_RESTRICTED&TRUSTED] ]
E/ConnectivityService( 2186): RemoteException caught trying to send a callback msg for NetworkRequest [ id=551, legacyType=-1, [ Capabilities: INTERNET&NOT_RESTRICTED&TRUSTED] ]
D/ConnectivityService( 2186): updateNetworkScore for NetworkAgentInfo [WIFI () - 104] to 56
D/ConnectivityService( 2186): rematching NetworkAgentInfo [WIFI () - 104]
D/ConnectivityService( 2186): Network NetworkAgentInfo [WIFI () - 104] was already satisfying request 1. No change.
D/ConnectivityService( 2186): notifyType AVAILABLE for NetworkAgentInfo [WIFI () - 104]
D/ConnectivityService( 2186): updateNetworkScore for NetworkAgentInfo [WIFI () - 104] to 60
D/ConnectivityService( 2186): rematching NetworkAgentInfo [WIFI () - 104]
D/ConnectivityService( 2186): Network NetworkAgentInfo [WIFI () - 104] was already satisfying request 1. No change.
D/ConnectivityService( 2186): notifyType AVAILABLE for NetworkAgentInfo [WIFI () - 104]
V/ActivityManager( 2186): Display changed displayId=0
I/ActivityManager( 2186): Config changes=480 {1.0 ?mcc?mnc en_US ldltr sw768dp w1024dp h695dp 320dpi xlrg land finger -keyb/v/h -nav/h s.14}
I/ActivityManager( 2186): Start proc 21403:android.process.acore/u0a3 for content provider com.android.providers.contacts/.ContactsProvider2
I/WindowManager( 2186): Screen frozen for +818ms due to Window{334dacab u0 com.android.chrome/org.chromium.chrome.browser.ChromeTabbedActivity}
D/WifiService( 2186): acquireWifiLockLocked: WifiLock{NlpWifiLock type=2 binder=android.os.BinderProxy@15f21ef4}
D/WifiService( 2186): releaseWifiLockLocked: WifiLock{NlpWifiLock type=2 binder=android.os.BinderProxy@15f21ef4}
I/ActivityManager( 2186): Start proc 21424:com.google.android.apps.plus/u0a68 for broadcast com.google.android.apps.plus/com.google.android.libraries.social.autobackup.AutoBackupEnvironment$BatteryReceiver
W/ResourcesManager(21424): Asset path '/system/framework/com.google.android.maps.jar' does not exist or contains no resources.
I/ActivityManager( 2186): Start proc 21441:android.process.media/u0a5 for content provider com.android.providers.media/.MediaProvider
I/ActivityManager( 2186): Process com.google.process.gapps (pid 21378) has died
I/ActivityManager( 2186): Process android.process.acore (pid 21403) has died
I/ActivityManager( 2186): Start proc 21465:com.google.process.gapps/u0a8 for content provider com.google.android.gsf/.gservices.GservicesProvider
I/ActivityManager( 2186): Start proc 21473:com.google.android.apps.photos/u0a66 for broadcast com.google.android.apps.photos/.scheduler.PowerReceiver
I/ActivityManager( 2186): Process com.google.android.apps.plus (pid 21424) has died
I/ActivityManager( 2186): Process android.process.media (pid 21441) has died
I/EntropyMixer( 2186): Writing entropy...
I/ActivityManager( 2186): Start proc 21518:com.google.android.apps.plus/u0a68 for broadcast com.google.android.apps.plus/.service.BatteryReceiver
W/ResourcesManager(21518): Asset path '/system/framework/com.google.android.maps.jar' does not exist or contains no resources.
I/ActivityManager( 2186): Start proc 21539:android.process.media/u0a5 for content provider com.android.providers.media/.MediaProvider
I/ActivityManager( 2186): Process com.google.android.apps.photos (pid 21473) has died
I/ActivityManager( 2186): Process com.google.process.gapps (pid 21465) has died
I/ActivityManager( 2186): Start proc 21562:com.google.process.gapps/u0a8 for content provider com.google.android.gsf/.gservices.GservicesProvider
I/ActivityManager( 2186): Start proc 21578:com.google.android.apps.photos/u0a66 for broadcast com.google.android.apps.photos/.scheduler.PowerReceiver
I/ActivityManager( 2186): Process android.process.media (pid 21539) has died
I/ActivityManager( 2186): Process com.google.android.apps.plus (pid 21518) has died
I/ActivityManager( 2186): Start proc 21624:com.google.android.apps.plus/u0a68 for broadcast com.google.android.apps.plus/com.google.android.libraries.social.autobackup.AutoBackupEnvironment$BatteryReceiver
W/ResourcesManager(21624): Asset path '/system/framework/com.google.android.maps.jar' does not exist or contains no resources.
I/ActivityManager( 2186): Process com.google.android.apps.photos (pid 21578) has died
I/ActivityManager( 2186): Start proc 21644:android.process.media/u0a5 for content provider com.android.providers.media/.MediaProvider
I/ActivityManager( 2186): Process com.google.process.gapps (pid 21562) has died
I/ActivityManager( 2186): Start proc 21668:com.google.process.gapps/u0a8 for content provider com.google.android.gsf/.gservices.GservicesProvider
I/ActivityManager( 2186): Start proc 21682:com.google.android.apps.photos/u0a66 for broadcast com.google.android.apps.photos/.scheduler.PowerReceiver
I/ActivityManager( 2186): Process com.google.android.apps.plus (pid 21624) has died
I/ActivityManager( 2186): Process android.process.media (pid 21644) has died
I/ActivityManager( 2186): Process com.google.android.apps.photos (pid 21682) has died
I/EntropyMixer( 2186): Writing entropy...
I/ActivityManager( 2186): Start proc 21717:com.google.android.apps.plus/u0a68 for broadcast com.google.android.apps.plus/.service.BatteryReceiver
W/ResourcesManager(21717): Asset path '/system/framework/com.google.android.maps.jar' does not exist or contains no resources.
I/ActivityManager( 2186): Start proc 21738:android.process.media/u0a5 for content provider com.android.providers.media/.MediaProvider
I/ActivityManager( 2186): Process com.google.process.gapps (pid 21668) has died
I/ActivityManager( 2186): Start proc 21760:com.google.process.gapps/u0a8 for content provider com.google.android.gsf/.gservices.GservicesProvider
I/ActivityManager( 2186): Start proc 21777:com.google.android.apps.photos/u0a66 for broadcast com.google.android.apps.photos/.scheduler.PowerReceiver
I/ActivityManager( 2186): Process android.process.media (pid 21738) has died
I/ActivityManager( 2186): Process com.google.process.gapps (pid 21760) has died
D/WifiService( 2186): acquireWifiLockLocked: WifiLock{NlpWifiLock type=2 binder=android.os.BinderProxy@1247f8bd}
I/ActivityManager( 2186): Start proc 21810:com.android.vending/u0a18 for service com.android.vending/com.google.android.finsky.contentfilterui.ContentFiltersService
D/WifiService( 2186): releaseWifiLockLocked: WifiLock{NlpWifiLock type=2 binder=android.os.BinderProxy@1247f8bd}
I/ActivityManager( 2186): Start proc 21826:com.google.process.gapps/u0a8 for content provider com.google.android.gsf/.gservices.GservicesProvider
I/ActivityManager( 2186): Process com.google.android.apps.plus (pid 21717) has died
I/ActivityManager( 2186): Process com.google.android.apps.photos (pid 21777) has died
D/ConnectivityService( 2186): listenForNetwork for NetworkRequest [ id=552, legacyType=-1, [ Capabilities: INTERNET&NOT_RESTRICTED&TRUSTED] ]
D/ConnectivityService( 2186): handleRegisterNetworkRequest checking NetworkAgentInfo [WIFI () - 104]
D/ConnectivityService( 2186): apparently satisfied.  currentScore=60
I/ActivityManager( 2186): Start proc 21890:android.process.media/u0a5 for content provider com.android.providers.downloads/.DownloadProvider
I/ActivityManager( 2186): Process com.google.process.gapps (pid 21826) has died
I/ActivityManager( 2186): Start proc 21911:com.google.process.gapps/u0a8 for content provider com.google.android.gsf/.gservices.GservicesProvider
D/ConnectivityService( 2186): ConnectivityService NetworkRequestInfo binderDied(NetworkRequest [ id=552, legacyType=-1, [ Capabilities: INTERNET&NOT_RESTRICTED&TRUSTED] ], android.os.BinderProxy@27521a3b)
I/ActivityManager( 2186): Process com.android.vending (pid 21810) has died
D/ConnectivityService( 2186): releasing NetworkRequest NetworkRequest [ id=552, legacyType=-1, [ Capabilities: INTERNET&NOT_RESTRICTED&TRUSTED] ]
E/ConnectivityService( 2186): RemoteException caught trying to send a callback msg for NetworkRequest [ id=552, legacyType=-1, [ Capabilities: INTERNET&NOT_RESTRICTED&TRUSTED] ]
D/ConnectivityService( 2186): updateNetworkScore for NetworkAgentInfo [WIFI () - 104] to 56
D/ConnectivityService( 2186): rematching NetworkAgentInfo [WIFI () - 104]
D/ConnectivityService( 2186): Network NetworkAgentInfo [WIFI () - 104] was already satisfying request 1. No change.
D/ConnectivityService( 2186): notifyType AVAILABLE for NetworkAgentInfo [WIFI () - 104]
D/ConnectivityService( 2186): updateNetworkScore for NetworkAgentInfo [WIFI () - 104] to 60
D/ConnectivityService( 2186): rematching NetworkAgentInfo [WIFI () - 104]
D/ConnectivityService( 2186): Network NetworkAgentInfo [WIFI () - 104] was already satisfying request 1. No change.
D/ConnectivityService( 2186): notifyType AVAILABLE for NetworkAgentInfo [WIFI () - 104]
D/ConnectivityService( 2186): updateNetworkScore for NetworkAgentInfo [WIFI () - 104] to 56
D/ConnectivityService( 2186): rematching NetworkAgentInfo [WIFI () - 104]
D/ConnectivityService( 2186): Network NetworkAgentInfo [WIFI () - 104] was already satisfying request 1. No change.
D/ConnectivityService( 2186): notifyType AVAILABLE for NetworkAgentInfo [WIFI () - 104]
D/ConnectivityService( 2186): updateNetworkScore for NetworkAgentInfo [WIFI () - 104] to 60
D/ConnectivityService( 2186): rematching NetworkAgentInfo [WIFI () - 104]
D/ConnectivityService( 2186): Network NetworkAgentInfo [WIFI () - 104] was already satisfying request 1. No change.
D/ConnectivityService( 2186): notifyType AVAILABLE for NetworkAgentInfo [WIFI () - 104]
D/ConnectivityService( 2186): updateNetworkScore for NetworkAgentInfo [WIFI () - 104] to 56
D/ConnectivityService( 2186): rematching NetworkAgentInfo [WIFI () - 104]
D/ConnectivityService( 2186): Network NetworkAgentInfo [WIFI () - 104] was already satisfying request 1. No change.
D/ConnectivityService( 2186): notifyType AVAILABLE for NetworkAgentInfo [WIFI () - 104]
D/ConnectivityService( 2186): updateNetworkScore for NetworkAgentInfo [WIFI () - 104] to 60
D/ConnectivityService( 2186): rematching NetworkAgentInfo [WIFI () - 104]
D/ConnectivityService( 2186): Network NetworkAgentInfo [WIFI () - 104] was already satisfying request 1. No change.
D/ConnectivityService( 2186): notifyType AVAILABLE for NetworkAgentInfo [WIFI () - 104]
D/ConnectivityService( 2186): updateNetworkScore for NetworkAgentInfo [WIFI () - 104] to 56
D/ConnectivityService( 2186): rematching NetworkAgentInfo [WIFI () - 104]
D/ConnectivityService( 2186): Network NetworkAgentInfo [WIFI () - 104] was already satisfying request 1. No change.
D/ConnectivityService( 2186): notifyType AVAILABLE for NetworkAgentInfo [WIFI () - 104]
D/ConnectivityService( 2186): updateNetworkScore for NetworkAgentInfo [WIFI () - 104] to 60
D/ConnectivityService( 2186): rematching NetworkAgentInfo [WIFI () - 104]
D/ConnectivityService( 2186): Network NetworkAgentInfo [WIFI () - 104] was already satisfying request 1. No change.
D/ConnectivityService( 2186): notifyType AVAILABLE for NetworkAgentInfo [WIFI () - 104]
--------- beginning of main
E/WifiStateMachine( 2186): WifiStateMachine starting scan for "YOU SHALL NOT PASS"WPA_PSK with 2437
W/Wifi    ( 5337): Failed to read packet and byte counts from wifi interface
W/Wifi    ( 5337): Failed to read packet and byte counts from wifi interface
W/Wifi    ( 5337): Failed to read packet and byte counts from wifi interface
D/ConnectivityService( 2186): updateNetworkScore for NetworkAgentInfo [WIFI () - 104] to 56
D/ConnectivityService( 2186): rematching NetworkAgentInfo [WIFI () - 104]
D/ConnectivityService( 2186): Network NetworkAgentInfo [WIFI () - 104] was already satisfying request 1. No change.
D/ConnectivityService( 2186): notifyType AVAILABLE for NetworkAgentInfo [WIFI () - 104]
D/ConnectivityManager.CallbackHandler(22341): CM callback handler got msg 524290
D/ConnectivityManager.CallbackHandler( 2363): CM callback handler got msg 524290
D/ConnectivityManager.CallbackHandler(18961): CM callback handler got msg 524290
D/ConnectivityManager.CallbackHandler(22341): CM callback handler got msg 524290
D/ConnectivityManager.CallbackHandler(18961): CM callback handler got msg 524290
W/Wifi    ( 5337): Failed to read packet and byte counts from wifi interface
W/Wifi    ( 5337): Failed to read packet and byte counts from wifi interface
W/Wifi    ( 5337): Failed to read packet and byte counts from wifi interface
D/ConnectivityService( 2186): updateNetworkScore for NetworkAgentInfo [WIFI () - 104] to 60
D/ConnectivityService( 2186): rematching NetworkAgentInfo [WIFI () - 104]
D/ConnectivityService( 2186): Network NetworkAgentInfo [WIFI () - 104] was already satisfying request 1. No change.
D/ConnectivityService( 2186): notifyType AVAILABLE for NetworkAgentInfo [WIFI () - 104]
D/ConnectivityManager.CallbackHandler( 2363): CM callback handler got msg 524290
D/ConnectivityManager.CallbackHandler(22341): CM callback handler got msg 524290
D/ConnectivityManager.CallbackHandler(22341): CM callback handler got msg 524290
D/ConnectivityManager.CallbackHandler(18961): CM callback handler got msg 524290
D/ConnectivityManager.CallbackHandler(18961): CM callback handler got msg 524290
W/Wifi    ( 5337): Failed to read packet and byte counts from wifi interface
W/Wifi    ( 5337): Failed to read packet and byte counts from wifi interface
W/Wifi    ( 5337): Failed to read packet and byte counts from wifi interface
W/Wifi    ( 5337): Failed to read packet and byte counts from wifi interface
W/Wifi    ( 5337): Failed to read packet and byte counts from wifi interface
W/Wifi    ( 5337): Failed to read packet and byte counts from wifi interface
W/Wifi    ( 5337): Failed to read packet and byte counts from wifi interface
W/Wifi    ( 5337): Failed to read packet and byte counts from wifi interface
I/vgn     ( 2588): 35-GetDeviceDataUploadOptInStatusOperation -- metadata{ service_id: 0 }
I/vgn     ( 2588): 35-GetDeviceDataUploadOptInStatusOperation -- metadata{ service_id: 0 }
E/tegra_memtrack_hal( 2186): failed to read header for pid 2186: Operation not permitted
E/tegra_memtrack_hal( 2186): failed to read header for pid 2186: Operation not permitted
E/tegra_memtrack_hal( 2186): failed to read header for pid 2186: Operation not permitted
E/tegra_memtrack_hal( 2186): failed to read header for pid 2186: Operation not permitted
E/tegra_memtrack_hal( 2186): failed to read header for pid 2186: Operation not permitted
W/Wifi    ( 5337): Failed to read packet and byte counts from wifi interface
W/Wifi    ( 5337): Failed to read packet and byte counts from wifi interface
W/Wifi    ( 5337): Failed to read packet and byte counts from wifi interface
W/Wifi    ( 5337): Failed to read packet and byte counts from wifi interface
W/Wifi    ( 5337): Failed to read packet and byte counts from wifi interface
W/Wifi    ( 5337): Failed to read packet and byte counts from wifi interface
E/WifiStateMachine( 2186): WifiStateMachine CMD_START_SCAN source -2 txSuccessRate=0.00 rxSuccessRate=0.50 targetRoamBSSID=any RSSI=-67
E/WifiStateMachine( 2186): WifiStateMachine starting scan for "YOU SHALL NOT PASS"WPA_PSK with 2437
W/Wifi    ( 5337): Failed to read packet and byte counts from wifi interface
W/Wifi    ( 5337): Failed to read packet and byte counts from wifi interface
W/Wifi    ( 5337): Failed to read packet and byte counts from wifi interface
W/Wifi    ( 5337): Failed to read packet and byte counts from wifi interface
W/Wifi    ( 5337): Failed to read packet and byte counts from wifi interface
W/Wifi    ( 5337): Failed to read packet and byte counts from wifi interface
W/Wifi    ( 5337): Failed to read packet and byte counts from wifi interface
W/Wifi    ( 5337): Failed to read packet and byte counts from wifi interface
W/Wifi    ( 5337): Failed to read packet and byte counts from wifi interface
W/Wifi    ( 5337): Failed to read packet and byte counts from wifi interface
W/Wifi    ( 5337): Failed to read packet and byte counts from wifi interface
W/Wifi    ( 5337): Failed to read packet and byte counts from wifi interface
W/Wifi    ( 5337): Failed to read packet and byte counts from wifi interface
W/Wifi    ( 5337): Failed to read packet and byte counts from wifi interface
W/ProcessStats( 2186): Time val negative: -2104
I/ProcessStatsService( 2186): Prepared write state in 4ms
W/Wifi    ( 5337): Failed to read packet and byte counts from wifi interface
W/Wifi    ( 5337): Failed to read packet and byte counts from wifi interface
W/Wifi    ( 5337): Failed to read packet and byte counts from wifi interface
W/Wifi    ( 5337): Failed to read packet and byte counts from wifi interface
W/Wifi    ( 5337): Failed to read packet and byte counts from wifi interface
W/Wifi    ( 5337): Failed to read packet and byte counts from wifi interface
E/WifiStateMachine( 2186): WifiStateMachine CMD_START_SCAN source -2 txSuccessRate=3.00 rxSuccessRate=4.00 targetRoamBSSID=any RSSI=-59
E/WifiStateMachine( 2186): WifiStateMachine starting scan for "YOU SHALL NOT PASS"WPA_PSK with 2437
W/Wifi    ( 5337): Failed to read packet and byte counts from wifi interface
W/Wifi    ( 5337): Failed to read packet and byte counts from wifi interface
W/Wifi    ( 5337): Failed to read packet and byte counts from wifi interface
W/Wifi    ( 5337): Failed to read packet and byte counts from wifi interface
W/Wifi    ( 5337): Failed to read packet and byte counts from wifi interface
W/Wifi    ( 5337): Failed to read packet and byte counts from wifi interface
W/Wifi    ( 5337): Failed to read packet and byte counts from wifi interface
W/Wifi    ( 5337): Failed to read packet and byte counts from wifi interface
W/Wifi    ( 5337): Failed to read packet and byte counts from wifi interface
W/Wifi    ( 5337): Failed to read packet and byte counts from wifi interface
W/Wifi    ( 5337): Failed to read packet and byte counts from wifi interface
W/Wifi    ( 5337): Failed to read packet and byte counts from wifi interface
W/Wifi    ( 5337): Failed to read packet and byte counts from wifi interface
W/Wifi    ( 5337): Failed to read packet and byte counts from wifi interface
W/Wifi    ( 5337): Failed to read packet and byte counts from wifi interface
W/Wifi    ( 5337): Failed to read packet and byte counts from wifi interface
W/Wifi    ( 5337): Failed to read packet and byte counts from wifi interface
W/Wifi    ( 5337): Failed to read packet and byte counts from wifi interface
W/Wifi    ( 5337): Failed to read packet and byte counts from wifi interface
W/Wifi    ( 5337): Failed to read packet and byte counts from wifi interface
E/WifiStateMachine( 2186): WifiStateMachine CMD_START_SCAN source -2 txSuccessRate=0.20 rxSuccessRate=0.27 targetRoamBSSID=any RSSI=-62
E/WifiStateMachine( 2186): WifiStateMachine starting scan for "YOU SHALL NOT PASS"WPA_PSK with 2437
W/Wifi    ( 5337): Failed to read packet and byte counts from wifi interface
W/Wifi    ( 5337): Failed to read packet and byte counts from wifi interface
W/Wifi    ( 5337): Failed to read packet and byte counts from wifi interface
W/Wifi    ( 5337): Failed to read packet and byte counts from wifi interface
W/Wifi    ( 5337): Failed to read packet and byte counts from wifi interface
W/Wifi    ( 5337): Failed to read packet and byte counts from wifi interface
W/Wifi    ( 5337): Failed to read packet and byte counts from wifi interface
W/Wifi    ( 5337): Failed to read packet and byte counts from wifi interface
W/Wifi    ( 5337): Failed to read packet and byte counts from wifi interface
W/Wifi    ( 5337): Failed to read packet and byte counts from wifi interface
W/Wifi    ( 5337): Failed to read packet and byte counts from wifi interface
W/Wifi    ( 5337): Failed to read packet and byte counts from wifi interface
W/Wifi    ( 5337): Failed to read packet and byte counts from wifi interface
W/Wifi    ( 5337): Failed to read packet and byte counts from wifi interface
I/vgn     ( 2588): 35-GetDeviceDataUploadOptInStatusOperation -- metadata{ service_id: 0 }
I/vgn     ( 2588): 35-GetDeviceDataUploadOptInStatusOperation -- metadata{ service_id: 0 }
W/Wifi    ( 5337): Failed to read packet and byte counts from wifi interface
W/Wifi    ( 5337): Failed to read packet and byte counts from wifi interface
W/Wifi    ( 5337): Failed to read packet and byte counts from wifi interface
W/Wifi    ( 5337): Failed to read packet and byte counts from wifi interface
W/Wifi    ( 5337): Failed to read packet and byte counts from wifi interface
W/Wifi    ( 5337): Failed to read packet and byte counts from wifi interface
E/WifiStateMachine( 2186): WifiStateMachine CMD_START_SCAN source -2 txSuccessRate=0.00 rxSuccessRate=0.50 targetRoamBSSID=any RSSI=-63
E/WifiStateMachine( 2186): WifiStateMachine starting scan for "YOU SHALL NOT PASS"WPA_PSK with 2437
W/Wifi    ( 5337): Failed to read packet and byte counts from wifi interface
W/Wifi    ( 5337): Failed to read packet and byte counts from wifi interface
W/Wifi    ( 5337): Failed to read packet and byte counts from wifi interface
W/Wifi    ( 5337): Failed to read packet and byte counts from wifi interface
W/Wifi    ( 5337): Failed to read packet and byte counts from wifi interface
W/Wifi    ( 5337): Failed to read packet and byte counts from wifi interface
W/Wifi    ( 5337): Failed to read packet and byte counts from wifi interface
W/Wifi    ( 5337): Failed to read packet and byte counts from wifi interface
W/Wifi    ( 5337): Failed to read packet and byte counts from wifi interface
W/Wifi    ( 5337): Failed to read packet and byte counts from wifi interface
W/Wifi    ( 5337): Failed to read packet and byte counts from wifi interface
W/Wifi    ( 5337): Failed to read packet and byte counts from wifi interface
W/Wifi    ( 5337): Failed to read packet and byte counts from wifi interface
W/Wifi    ( 5337): Failed to read packet and byte counts from wifi interface
W/Wifi    ( 5337): Failed to read packet and byte counts from wifi interface
W/Wifi    ( 5337): Failed to read packet and byte counts from wifi interface
W/Wifi    ( 5337): Failed to read packet and byte counts from wifi interface
W/Wifi    ( 5337): Failed to read packet and byte counts from wifi interface
W/Wifi    ( 5337): Failed to read packet and byte counts from wifi interface
W/Wifi    ( 5337): Failed to read packet and byte counts from wifi interface
E/WifiStateMachine( 2186): WifiStateMachine CMD_START_SCAN source -2 txSuccessRate=0.00 rxSuccessRate=0.00 targetRoamBSSID=any RSSI=-65
E/WifiStateMachine( 2186): WifiStateMachine starting scan for "YOU SHALL NOT PASS"WPA_PSK with 2437
W/Wifi    ( 5337): Failed to read packet and byte counts from wifi interface
W/Wifi    ( 5337): Failed to read packet and byte counts from wifi interface
W/Wifi    ( 5337): Failed to read packet and byte counts from wifi interface
D/ConnectivityService( 2186): updateNetworkScore for NetworkAgentInfo [WIFI () - 104] to 56
D/ConnectivityService( 2186): rematching NetworkAgentInfo [WIFI () - 104]
D/ConnectivityService( 2186): Network NetworkAgentInfo [WIFI () - 104] was already satisfying request 1. No change.
D/ConnectivityService( 2186): notifyType AVAILABLE for NetworkAgentInfo [WIFI () - 104]
D/ConnectivityManager.CallbackHandler( 2363): CM callback handler got msg 524290
D/ConnectivityManager.CallbackHandler(22341): CM callback handler got msg 524290
D/ConnectivityManager.CallbackHandler(18961): CM callback handler got msg 524290
D/ConnectivityManager.CallbackHandler(22341): CM callback handler got msg 524290
D/ConnectivityManager.CallbackHandler(18961): CM callback handler got msg 524290
W/Wifi    ( 5337): Failed to read packet and byte counts from wifi interface
W/Wifi    ( 5337): Failed to read packet and byte counts from wifi interface
W/Wifi    ( 5337): Failed to read packet and byte counts from wifi interface
D/ConnectivityService( 2186): updateNetworkScore for NetworkAgentInfo [WIFI () - 104] to 60
D/ConnectivityService( 2186): rematching NetworkAgentInfo [WIFI () - 104]
D/ConnectivityService( 2186): Network NetworkAgentInfo [WIFI () - 104] was already satisfying request 1. No change.
D/ConnectivityService( 2186): notifyType AVAILABLE for NetworkAgentInfo [WIFI () - 104]
D/ConnectivityManager.CallbackHandler( 2363): CM callback handler got msg 524290
D/ConnectivityManager.CallbackHandler(22341): CM callback handler got msg 524290
D/ConnectivityManager.CallbackHandler(22341): CM callback handler got msg 524290
D/ConnectivityManager.CallbackHandler(18961): CM callback handler got msg 524290
D/ConnectivityManager.CallbackHandler(18961): CM callback handler got msg 524290
W/Wifi    ( 5337): Failed to read packet and byte counts from wifi interface
W/Wifi    ( 5337): Failed to read packet and byte counts from wifi interface
W/Wifi    ( 5337): Failed to read packet and byte counts from wifi interface
W/Wifi    ( 5337): Failed to read packet and byte counts from wifi interface
W/Wifi    ( 5337): Failed to read packet and byte counts from wifi interface
W/Wifi    ( 5337): Failed to read packet and byte counts from wifi interface
W/Wifi    ( 5337): Failed to read packet and byte counts from wifi interface
W/Wifi    ( 5337): Failed to read packet and byte counts from wifi interface
W/Wifi    ( 5337): Failed to read packet and byte counts from wifi interface
W/Wifi    ( 5337): Failed to read packet and byte counts from wifi interface
W/Wifi    ( 5337): Failed to read packet and byte counts from wifi interface
W/Wifi    ( 5337): Failed to read packet and byte counts from wifi interface
W/Wifi    ( 5337): Failed to read packet and byte counts from wifi interface
W/Wifi    ( 5337): Failed to read packet and byte counts from wifi interface
E/WifiStateMachine( 2186): WifiStateMachine CMD_START_SCAN source -2 txSuccessRate=4.94 rxSuccessRate=3.97 targetRoamBSSID=any RSSI=-69
E/WifiStateMachine( 2186): WifiStateMachine starting scan for "YOU SHALL NOT PASS"WPA_PSK with 2437
W/Wifi    ( 5337): Failed to read packet and byte counts from wifi interface
W/Wifi    ( 5337): Failed to read packet and byte counts from wifi interface
W/Wifi    ( 5337): Failed to read packet and byte counts from wifi interface
W/Wifi    ( 5337): Failed to read packet and byte counts from wifi interface
W/Wifi    ( 5337): Failed to read packet and byte counts from wifi interface
W/Wifi    ( 5337): Failed to read packet and byte counts from wifi interface
W/Wifi    ( 5337): Failed to read packet and byte counts from wifi interface
W/Wifi    ( 5337): Failed to read packet and byte counts from wifi interface
W/Wifi    ( 5337): Failed to read packet and byte counts from wifi interface
W/Wifi    ( 5337): Failed to read packet and byte counts from wifi interface
W/Wifi    ( 5337): Failed to read packet and byte counts from wifi interface
W/Wifi    ( 5337): Failed to read packet and byte counts from wifi interface
W/Wifi    ( 5337): Failed to read packet and byte counts from wifi interface
W/Wifi    ( 5337): Failed to read packet and byte counts from wifi interface
I/vgn     ( 2588): 35-GetDeviceDataUploadOptInStatusOperation -- metadata{ service_id: 0 }
I/vgn     ( 2588): 35-GetDeviceDataUploadOptInStatusOperation -- metadata{ service_id: 0 }
W/Wifi    ( 5337): Failed to read packet and byte counts from wifi interface
W/Wifi    ( 5337): Failed to read packet and byte counts from wifi interface
W/Wifi    ( 5337): Failed to read packet and byte counts from wifi interface
W/Wifi    ( 5337): Failed to read packet and byte counts from wifi interface
W/Wifi    ( 5337): Failed to read packet and byte counts from wifi interface
W/Wifi    ( 5337): Failed to read packet and byte counts from wifi interface
E/WifiStateMachine( 2186): WifiStateMachine CMD_START_SCAN source -2 txSuccessRate=0.03 rxSuccessRate=0.52 targetRoamBSSID=any RSSI=-69
W/Wifi    ( 5337): Failed to read packet and byte counts from wifi interface
W/ctxmgr  ( 2588): [AclManager]No 2 for (accnt=account#-517948760#, com.google.android.gms(10008):IndoorOutdoorProducer, vrsn=12685000, 0, 3pPkg = null ,  3pMdlId = null ,  pid = 2588). Was: 3 for 57, account#-517948760#
W/Wifi    ( 5337): Failed to read packet and byte counts from wifi interface
D/ConnectivityService( 2186): updateNetworkScore for NetworkAgentInfo [WIFI () - 104] to 56
D/ConnectivityService( 2186): rematching NetworkAgentInfo [WIFI () - 104]
D/ConnectivityService( 2186): Network NetworkAgentInfo [WIFI () - 104] was already satisfying request 1. No change.
D/ConnectivityService( 2186): notifyType AVAILABLE for NetworkAgentInfo [WIFI () - 104]
D/ConnectivityManager.CallbackHandler( 2363): CM callback handler got msg 524290
D/ConnectivityManager.CallbackHandler(22341): CM callback handler got msg 524290
D/ConnectivityManager.CallbackHandler(18961): CM callback handler got msg 524290
D/ConnectivityManager.CallbackHandler(22341): CM callback handler got msg 524290
D/ConnectivityManager.CallbackHandler(18961): CM callback handler got msg 524290
W/Wifi    ( 5337): Failed to read packet and byte counts from wifi interface
W/Wifi    ( 5337): Failed to read packet and byte counts from wifi interface
W/Wifi    ( 5337): Failed to read packet and byte counts from wifi interface
D/ConnectivityService( 2186): updateNetworkScore for NetworkAgentInfo [WIFI () - 104] to 60
D/ConnectivityService( 2186): rematching NetworkAgentInfo [WIFI () - 104]
D/ConnectivityService( 2186): Network NetworkAgentInfo [WIFI () - 104] was already satisfying request 1. No change.
D/ConnectivityService( 2186): notifyType AVAILABLE for NetworkAgentInfo [WIFI () - 104]
D/ConnectivityManager.CallbackHandler( 2363): CM callback handler got msg 524290
D/ConnectivityManager.CallbackHandler(22341): CM callback handler got msg 524290
D/ConnectivityManager.CallbackHandler(18961): CM callback handler got msg 524290
D/ConnectivityManager.CallbackHandler(22341): CM callback handler got msg 524290
D/ConnectivityManager.CallbackHandler(18961): CM callback handler got msg 524290
W/Wifi    ( 5337): Failed to read packet and byte counts from wifi interface
W/Wifi    ( 5337): Failed to read packet and byte counts from wifi interface
W/Wifi    ( 5337): Failed to read packet and byte counts from wifi interface
W/Wifi    ( 5337): Failed to read packet and byte counts from wifi interface
W/Wifi    ( 5337): Failed to read packet and byte counts from wifi interface
W/Wifi    ( 5337): Failed to read packet and byte counts from wifi interface
W/Wifi    ( 5337): Failed to read packet and byte counts from wifi interface
W/Wifi    ( 5337): Failed to read packet and byte counts from wifi interface
W/Wifi    ( 5337): Failed to read packet and byte counts from wifi interface
D/ConnectivityService( 2186): updateNetworkScore for NetworkAgentInfo [WIFI () - 104] to 56
D/ConnectivityService( 2186): rematching NetworkAgentInfo [WIFI () - 104]
D/ConnectivityService( 2186): Network NetworkAgentInfo [WIFI () - 104] was already satisfying request 1. No change.
D/ConnectivityService( 2186): notifyType AVAILABLE for NetworkAgentInfo [WIFI () - 104]
D/ConnectivityManager.CallbackHandler( 2363): CM callback handler got msg 524290
D/ConnectivityManager.CallbackHandler(22341): CM callback handler got msg 524290
D/ConnectivityManager.CallbackHandler(18961): CM callback handler got msg 524290
D/ConnectivityManager.CallbackHandler(22341): CM callback handler got msg 524290
D/ConnectivityManager.CallbackHandler(18961): CM callback handler got msg 524290
W/Wifi    ( 5337): Failed to read packet and byte counts from wifi interface
W/Wifi    ( 5337): Failed to read packet and byte counts from wifi interface
W/Wifi    ( 5337): Failed to read packet and byte counts from wifi interface
D/ConnectivityService( 2186): updateNetworkScore for NetworkAgentInfo [WIFI () - 104] to 60
D/ConnectivityService( 2186): rematching NetworkAgentInfo [WIFI () - 104]
D/ConnectivityService( 2186): Network NetworkAgentInfo [WIFI () - 104] was already satisfying request 1. No change.
D/ConnectivityService( 2186): notifyType AVAILABLE for NetworkAgentInfo [WIFI () - 104]
D/ConnectivityManager.CallbackHandler( 2363): CM callback handler got msg 524290
D/ConnectivityManager.CallbackHandler(22341): CM callback handler got msg 524290
D/ConnectivityManager.CallbackHandler(18961): CM callback handler got msg 524290
D/ConnectivityManager.CallbackHandler(22341): CM callback handler got msg 524290
D/ConnectivityManager.CallbackHandler(18961): CM callback handler got msg 524290
W/Wifi    ( 5337): Failed to read packet and byte counts from wifi interface
W/Wifi    ( 5337): Failed to read packet and byte counts from wifi interface
W/Wifi    ( 5337): Failed to read packet and byte counts from wifi interface
E/WifiStateMachine( 2186): WifiStateMachine CMD_START_SCAN source -2 txSuccessRate=0.00 rxSuccessRate=0.00 targetRoamBSSID=any RSSI=-66
E/WifiStateMachine( 2186): WifiStateMachine starting scan for "YOU SHALL NOT PASS"WPA_PSK with 2437
W/Wifi    ( 5337): Failed to read packet and byte counts from wifi interface
W/Wifi    ( 5337): Failed to read packet and byte counts from wifi interface
W/Wifi    ( 5337): Failed to read packet and byte counts from wifi interface
D/ConnectivityService( 2186): updateNetworkScore for NetworkAgentInfo [WIFI () - 104] to 56
D/ConnectivityService( 2186): rematching NetworkAgentInfo [WIFI () - 104]
D/ConnectivityService( 2186): Network NetworkAgentInfo [WIFI () - 104] was already satisfying request 1. No change.
D/ConnectivityService( 2186): notifyType AVAILABLE for NetworkAgentInfo [WIFI () - 104]
D/ConnectivityManager.CallbackHandler( 2363): CM callback handler got msg 524290
D/ConnectivityManager.CallbackHandler(22341): CM callback handler got msg 524290
D/ConnectivityManager.CallbackHandler(18961): CM callback handler got msg 524290
D/ConnectivityManager.CallbackHandler(18961): CM callback handler got msg 524290
D/ConnectivityManager.CallbackHandler(22341): CM callback handler got msg 524290
W/Wifi    ( 5337): Failed to read packet and byte counts from wifi interface
W/Wifi    ( 5337): Failed to read packet and byte counts from wifi interface
W/Wifi    ( 5337): Failed to read packet and byte counts from wifi interface
W/Wifi    ( 5337): Failed to read packet and byte counts from wifi interface
W/Wifi    ( 5337): Failed to read packet and byte counts from wifi interface
W/Wifi    ( 5337): Failed to read packet and byte counts from wifi interface
W/Wifi    ( 5337): Failed to read packet and byte counts from wifi interface
W/Wifi    ( 5337): Failed to read packet and byte counts from wifi interface
W/Wifi    ( 5337): Failed to read packet and byte counts from wifi interface
W/Wifi    ( 5337): Failed to read packet and byte counts from wifi interface
W/Wifi    ( 5337): Failed to read packet and byte counts from wifi interface
W/Wifi    ( 5337): Failed to read packet and byte counts from wifi interface
D/ConnectivityService( 2186): updateNetworkScore for NetworkAgentInfo [WIFI () - 104] to 60
D/ConnectivityService( 2186): rematching NetworkAgentInfo [WIFI () - 104]
D/ConnectivityService( 2186): Network NetworkAgentInfo [WIFI () - 104] was already satisfying request 1. No change.
D/ConnectivityService( 2186): notifyType AVAILABLE for NetworkAgentInfo [WIFI () - 104]
D/ConnectivityManager.CallbackHandler( 2363): CM callback handler got msg 524290
D/ConnectivityManager.CallbackHandler(22341): CM callback handler got msg 524290
D/ConnectivityManager.CallbackHandler(18961): CM callback handler got msg 524290
D/ConnectivityManager.CallbackHandler(18961): CM callback handler got msg 524290
D/ConnectivityManager.CallbackHandler(22341): CM callback handler got msg 524290
W/Wifi    ( 5337): Failed to read packet and byte counts from wifi interface
W/Wifi    ( 5337): Failed to read packet and byte counts from wifi interface
W/Wifi    ( 5337): Failed to read packet and byte counts from wifi interface
W/Wifi    ( 5337): Failed to read packet and byte counts from wifi interface
W/Wifi    ( 5337): Failed to read packet and byte counts from wifi interface
E/WifiStateMachine( 2186): WifiStateMachine CMD_START_SCAN source -2 txSuccessRate=0.00 rxSuccessRate=0.06 targetRoamBSSID=any RSSI=-67
E/WifiStateMachine( 2186): WifiStateMachine starting scan for "YOU SHALL NOT PASS"WPA_PSK with 2437
W/Wifi    ( 5337): Failed to read packet and byte counts from wifi interface
W/Wifi    ( 5337): Failed to read packet and byte counts from wifi interface
W/Wifi    ( 5337): Failed to read packet and byte counts from wifi interface
W/Wifi    ( 5337): Failed to read packet and byte counts from wifi interface
W/Wifi    ( 5337): Failed to read packet and byte counts from wifi interface
W/Wifi    ( 5337): Failed to read packet and byte counts from wifi interface
W/Wifi    ( 5337): Failed to read packet and byte counts from wifi interface
W/Wifi    ( 5337): Failed to read packet and byte counts from wifi interface
W/Wifi    ( 5337): Failed to read packet and byte counts from wifi interface
W/Wifi    ( 5337): Failed to read packet and byte counts from wifi interface
W/Wifi    ( 5337): Failed to read packet and byte counts from wifi interface
W/Wifi    ( 5337): Failed to read packet and byte counts from wifi interface
W/Wifi    ( 5337): Failed to read packet and byte counts from wifi interface
W/Wifi    ( 5337): Failed to read packet and byte counts from wifi interface
I/vgn     ( 2588): 35-GetDeviceDataUploadOptInStatusOperation -- metadata{ service_id: 0 }
I/vgn     ( 2588): 35-GetDeviceDataUploadOptInStatusOperation -- metadata{ service_id: 0 }
W/Wifi    ( 5337): Failed to read packet and byte counts from wifi interface
W/Wifi    ( 5337): Failed to read packet and byte counts from wifi interface
W/Wifi    ( 5337): Failed to read packet and byte counts from wifi interface
W/Wifi    ( 5337): Failed to read packet and byte counts from wifi interface
W/Wifi    ( 5337): Failed to read packet and byte counts from wifi interface
W/Wifi    ( 5337): Failed to read packet and byte counts from wifi interface
E/WifiStateMachine( 2186): WifiStateMachine CMD_START_SCAN source -2 txSuccessRate=0.00 rxSuccessRate=0.50 targetRoamBSSID=any RSSI=-64
E/WifiStateMachine( 2186): WifiStateMachine starting scan for "YOU SHALL NOT PASS"WPA_PSK with 2437
W/Wifi    ( 5337): Failed to read packet and byte counts from wifi interface
W/Wifi    ( 5337): Failed to read packet and byte counts from wifi interface
W/Wifi    ( 5337): Failed to read packet and byte counts from wifi interface
W/Wifi    ( 5337): Failed to read packet and byte counts from wifi interface
W/Wifi    ( 5337): Failed to read packet and byte counts from wifi interface
W/Wifi    ( 5337): Failed to read packet and byte counts from wifi interface
W/Wifi    ( 5337): Failed to read packet and byte counts from wifi interface
W/Wifi    ( 5337): Failed to read packet and byte counts from wifi interface
W/Wifi    ( 5337): Failed to read packet and byte counts from wifi interface
W/Wifi    ( 5337): Failed to read packet and byte counts from wifi interface
W/Wifi    ( 5337): Failed to read packet and byte counts from wifi interface
W/Wifi    ( 5337): Failed to read packet and byte counts from wifi interface
W/Wifi    ( 5337): Failed to read packet and byte counts from wifi interface
W/Wifi    ( 5337): Failed to read packet and byte counts from wifi interface
W/Wifi    ( 5337): Failed to read packet and byte counts from wifi interface
W/Wifi    ( 5337): Failed to read packet and byte counts from wifi interface
W/Wifi    ( 5337): Failed to read packet and byte counts from wifi interface
W/Wifi    ( 5337): Failed to read packet and byte counts from wifi interface
W/Wifi    ( 5337): Failed to read packet and byte counts from wifi interface
W/Wifi    ( 5337): Failed to read packet and byte counts from wifi interface
E/WifiStateMachine( 2186): WifiStateMachine CMD_START_SCAN source -2 txSuccessRate=0.00 rxSuccessRate=0.00 targetRoamBSSID=any RSSI=-62
E/WifiStateMachine( 2186): WifiStateMachine starting scan for "YOU SHALL NOT PASS"WPA_PSK with 2437
W/Wifi    ( 5337): Failed to read packet and byte counts from wifi interface
W/Wifi    ( 5337): Failed to read packet and byte counts from wifi interface
W/Wifi    ( 5337): Failed to read packet and byte counts from wifi interface
W/Wifi    ( 5337): Failed to read packet and byte counts from wifi interface
W/Wifi    ( 5337): Failed to read packet and byte counts from wifi interface
W/Wifi    ( 5337): Failed to read packet and byte counts from wifi interface
W/Wifi    ( 5337): Failed to read packet and byte counts from wifi interface
W/Wifi    ( 5337): Failed to read packet and byte counts from wifi interface
W/Wifi    ( 5337): Failed to read packet and byte counts from wifi interface
W/Wifi    ( 5337): Failed to read packet and byte counts from wifi interface
W/Wifi    ( 5337): Failed to read packet and byte counts from wifi interface
W/Wifi    ( 5337): Failed to read packet and byte counts from wifi interface
W/Wifi    ( 5337): Failed to read packet and byte counts from wifi interface
W/Wifi    ( 5337): Failed to read packet and byte counts from wifi interface
W/Wifi    ( 5337): Failed to read packet and byte counts from wifi interface
W/Wifi    ( 5337): Failed to read packet and byte counts from wifi interface
W/Wifi    ( 5337): Failed to read packet and byte counts from wifi interface
W/Wifi    ( 5337): Failed to read packet and byte counts from wifi interface
W/Wifi    ( 5337): Failed to read packet and byte counts from wifi interface
