I/ActivityManager( 2186): Process android.process.media (pid 23212) has died
I/cr_BindingManager(18961): onTrimMemory: level=15, size=0
I/Finsky  (23286): [7245] com.google.android.finsky.ct.a.l.b(25): Started reading experiment flags from file [SKocQA9EQQFTb-1gQsc5WsjVhGA].
I/Finsky  (23286): [7246] com.google.android.finsky.ct.a.l.b(25): Started reading experiment flags from file [0tTSdLVFE1O4zdWuuw7alCw90j4].
I/Finsky  (23286): [7246] com.google.android.finsky.ct.a.l.b(61): Finished reading experiment flags from file [0tTSdLVFE1O4zdWuuw7alCw90j4].
I/Finsky  (23286): [7245] com.google.android.finsky.ct.a.l.b(61): Finished reading experiment flags from file [SKocQA9EQQFTb-1gQsc5WsjVhGA].
I/Finsky  (23286): [7246] com.google.android.finsky.ct.a.l.b(25): Started reading experiment flags from file [CQmb9nNGNCYSxJ4fDqYP5KpbS7Q].
I/Finsky  (23286): [7246] com.google.android.finsky.ct.a.l.b(61): Finished reading experiment flags from file [CQmb9nNGNCYSxJ4fDqYP5KpbS7Q].
I/Finsky  (23286): [1] com.google.android.finsky.wear.bk.a(14): Component class com.google.android.finsky.wear.WearSupportService enabled via PackageManager.
I/Finsky  (23286): [1] com.google.android.finsky.wear.bk.a(14): Component class com.google.android.finsky.wear.WearChangeListenerService enabled via PackageManager.
I/Finsky  (23286): [1] com.google.android.finsky.application.impl.a.dh(2506): Not a unicorn device
W/linker  (23286): libcronet.68.0.3440.8.so: unused DT entry: type 0x6ffffef5 arg 0xa4dfc
W/linker  (23286): libcronet.68.0.3440.8.so: unused DT entry: type 0x6ffffffe arg 0xa4d9c
W/linker  (23286): libcronet.68.0.3440.8.so: unused DT entry: type 0x6fffffff arg 0x3
W/Settings(23286): Setting download_manager_max_bytes_over_mobile has moved from android.provider.Settings.Secure to android.provider.Settings.Global.
W/Settings(23286): Setting download_manager_recommended_max_bytes_over_mobile has moved from android.provider.Settings.Secure to android.provider.Settings.Global.
D/ConnectivityService( 2186): listenForNetwork for NetworkRequest [ id=554, legacyType=-1, [ Capabilities: INTERNET&NOT_RESTRICTED&TRUSTED] ]
D/ConnectivityService( 2186): handleRegisterNetworkRequest checking NetworkAgentInfo [WIFI () - 104]
D/ConnectivityService( 2186): apparently satisfied.  currentScore=60
E/WifiStateMachine( 2186): WifiStateMachine CMD_START_SCAN source -2 txSuccessRate=0.00 rxSuccessRate=0.00 targetRoamBSSID=any RSSI=-62
D/ConnectivityManager.CallbackHandler(23286): CM callback handler got msg 524290
I/cr_CronetLibraryLoader(23286): Cronet version: 68.0.3440.8, arch: aarch64
I/Finsky  (23286): [1] com.google.android.finsky.scheduler.ba.<init>(18): Resetting scheduler db
I/Finsky  (23286): [7270] com.google.android.finsky.library.a.f.k(147): Loaded library for account: [bV0mn0Se6j8NQF4DT19QdaUy-_8]
W/Wifi    ( 5337): Failed to read packet and byte counts from wifi interface
I/Finsky  (23286): [7270] com.google.android.finsky.library.a.f.k(147): Loaded library for account: [P5yunbb7TLwMuMmBSoXgSFeZhaI]
I/Finsky  (23286): [7270] com.google.android.finsky.library.a.f.k(181): Finished loading 2 libraries.
I/Finsky  (23286): [1] com.google.android.finsky.splitinstallservice.bw.a(25): Connecting InstallListener to SplitInstallService broadcaster...
I/Finsky  (23286): [1] com.google.android.finsky.cg.a.a(48): Enabling bucket experiment: factor=1.000, zeroDelta=0ms, forceNetwork=true
I/Finsky  (23286): [1] com.google.android.finsky.cc.a.onTrimMemory(7): Memory trim requested to level 10
I/Finsky  (23286): [1] com.google.android.finsky.cc.a.onTrimMemory(7): Memory trim requested to level 15
I/Finsky  (23286): [7239] com.google.android.finsky.contentfilterui.m.a(13): Received content filters request from sharedUserId=com.google.uid.shared:10008
I/Finsky  (23286): [1] com.google.android.finsky.installer.a.ai.a(238): Installer kick - no action, not running yet
E/lowmemorykiller(  151): Error writing /proc/23191/oom_score_adj; errno=22
I/ActivityManager( 2186): Start proc 23349:android.process.media/u0a5 for content provider com.android.providers.downloads/.DownloadProvider
I/ActivityManager( 2186): Process com.google.android.apps.plus (pid 23191) has died
W/art     (23286): Suspending all threads took: 14.314ms
I/art     (23286): Background partial concurrent mark sweep GC freed 5093(496KB) AllocSpace objects, 1(16KB) LOS objects, 40% free, 11MB/18MB, paused 19.825ms total 71.186ms
E/SQLiteLog(23349): (283) recovered 1 frames from WAL file /data/data/com.android.providers.media/databases/external.db-wal
I/Finsky  (23286): [1] com.google.android.finsky.installer.a.r.<init>(15): Not checking if recovering from paused session because experiment is off
I/Finsky  (23286): [1] com.google.android.finsky.cc.a.onTrimMemory(7): Memory trim requested to level 80
W/ctxmgr  ( 2588): [AclManager]No 2 for (accnt=account#-517948760#, com.google.android.gms(10008):IndoorOutdoorProducer, vrsn=12685000, 0, 3pPkg = null ,  3pMdlId = null ,  pid = 2588). Was: 3 for 57, account#-517948760#
W/Conscrypt( 2588): Could not set socket write timeout: java.lang.reflect.InvocationTargetException
W/Conscrypt( 2588): 	at java.lang.reflect.Method.invoke(Native Method)
W/Conscrypt( 2588): 	at java.lang.reflect.Method.invoke(Method.java:372)
W/Conscrypt( 2588): Caused by: android.system.ErrnoException: setsockopt failed: EBADF (Bad file number)
W/Conscrypt( 2588): 	at libcore.io.Posix.setsockoptTimeval(Native Method)
W/Conscrypt( 2588): 	at libcore.io.ForwardingOs.setsockoptTimeval(ForwardingOs.java:147)
W/Conscrypt( 2588): Could not set socket write timeout: java.lang.reflect.InvocationTargetException
W/Conscrypt( 2588): 	at java.lang.reflect.Method.invoke(Native Method)
W/Conscrypt( 2588): 	at java.lang.reflect.Method.invoke(Method.java:372)
W/Conscrypt( 2588): Caused by: android.system.ErrnoException: setsockopt failed: EBADF (Bad file number)
W/Conscrypt( 2588): 	at libcore.io.Posix.setsockoptTimeval(Native Method)
W/Conscrypt( 2588): 	at libcore.io.ForwardingOs.setsockoptTimeval(ForwardingOs.java:147)
W/Wifi    ( 5337): Failed to read packet and byte counts from wifi interface
I/InstantApps( 2588): DomainFilterImpl: Domain filter response size: 228586
I/ActivityManager( 2186): Start proc 23375:com.google.android.gms.unstable/u0a8 for service com.google.android.gms/.droidguard.DroidGuardService
I/ActivityManager( 2186): Process com.google.android.apps.photos (pid 23237) has died
I/cr_BindingManager(18961): onTrimMemory: level=15, size=0
W/ResourcesManager(23375): Asset path '/system/framework/com.android.media.remotedisplay.jar' does not exist or contains no resources.
W/ResourcesManager(23375): Asset path '/system/framework/com.android.location.provider.jar' does not exist or contains no resources.
I/art     ( 2186): Explicit concurrent mark sweep GC freed 58551(2MB) AllocSpace objects, 1(104KB) LOS objects, 33% free, 28MB/43MB, paused 1.124ms total 105.853ms
I/MultiDex(23375): VM with version 2.1.0 has multidex support
I/MultiDex(23375): install
I/MultiDex(23375): MultiDexExtractor.load(/data/app/com.google.android.gms-1/base.apk, false)
I/MultiDex(23375): Blocking on lock /data/data/com.google.android.gms/code_cache/secondary-dexes/MultiDex.lock
I/MultiDex(23375): /data/data/com.google.android.gms/code_cache/secondary-dexes/MultiDex.lock locked
I/MultiDex(23375): loading existing secondary dex files
I/MultiDex(23375): load found 4 secondary dex files
I/MultiDex(23375): install done
W/linker  (23375): /data/app/com.google.android.gms-1/lib/arm64/libgmscore.so: unused DT entry: type 0x6ffffffe arg 0x1228
W/linker  (23375): /data/app/com.google.android.gms-1/lib/arm64/libgmscore.so: unused DT entry: type 0x6fffffff arg 0x2
W/linker  (23375): /data/app/com.google.android.gms-1/lib/arm64/libconscrypt_gmscore_jni.so: unused DT entry: type 0xf arg 0x8a
W/linker  (23375): /data/app/com.google.android.gms-1/lib/arm64/libconscrypt_gmscore_jni.so: unused DT entry: type 0x6ffffffe arg 0x468
W/linker  (23375): /data/app/com.google.android.gms-1/lib/arm64/libconscrypt_gmscore_jni.so: unused DT entry: type 0x6fffffff arg 0x1
V/NativeCrypto(23375): Registering com/google/android/gms/org/conscrypt/NativeCrypto's 280 native methods...
I/art     (23375): Rejecting re-init on previously-failed class java.lang.Class<com.google.android.gms.org.conscrypt.Java7ExtendedSSLSession>
I/art     (23375): Rejecting re-init on previously-failed class java.lang.Class<com.google.android.gms.org.conscrypt.Java7ExtendedSSLSession>
I/art     (23375): Rejecting re-init on previously-failed class java.lang.Class<com.google.android.gms.org.conscrypt.Java8ExtendedSSLSession>
I/art     (23375): Rejecting re-init on previously-failed class java.lang.Class<com.google.android.gms.org.conscrypt.Java8ExtendedSSLSession>
I/ProviderInstaller(23375): Installed default security provider GmsCore_OpenSSL
W/Wifi    ( 5337): Failed to read packet and byte counts from wifi interface
W/ResourcesManager(22341): Asset path '/system/framework/com.google.widevine.software.drm.jar' does not exist or contains no resources.
W/ResourcesManager(22341): Asset path '/system/framework/com.google.android.media.effects.jar' does not exist or contains no resources.
I/DynamiteModule(23375): Considering local module com.google.android.gms.googlecertificates:4 and remote module com.google.android.gms.googlecertificates:4
I/DynamiteModule(23375): Selected local version of com.google.android.gms.googlecertificates
I/art     (22595): Explicit concurrent mark sweep GC freed 2781(110KB) AllocSpace objects, 0(0B) LOS objects, 24% free, 8MB/10MB, paused 263us total 20.084ms
W/linker  (23375): /data/data/com.google.android.gms/app_dg_cache/336440C632E393C16A237BFE79B08C34364235C7/libd4346AACAF712.so: unused DT entry: type 0x6ffffffe arg 0xc40
W/linker  (23375): /data/data/com.google.android.gms/app_dg_cache/336440C632E393C16A237BFE79B08C34364235C7/libd4346AACAF712.so: unused DT entry: type 0x6fffffff arg 0x3
W/Wifi    ( 5337): Failed to read packet and byte counts from wifi interface
I/ActivityManager( 2186): Process android.process.media (pid 23349) has died
I/ActivityManager( 2186): Process com.google.process.gapps (pid 22595) has died
E/lowmemorykiller(  151): Error writing /proc/23286/oom_score_adj; errno=22
D/ConnectivityService( 2186): ConnectivityService NetworkRequestInfo binderDied(NetworkRequest [ id=554, legacyType=-1, [ Capabilities: INTERNET&NOT_RESTRICTED&TRUSTED] ], android.os.BinderProxy@9e4ae9f)
D/ConnectivityService( 2186): releasing NetworkRequest NetworkRequest [ id=554, legacyType=-1, [ Capabilities: INTERNET&NOT_RESTRICTED&TRUSTED] ]
I/ActivityManager( 2186): Process com.android.vending (pid 23286) has died
E/ConnectivityService( 2186): RemoteException caught trying to send a callback msg for NetworkRequest [ id=554, legacyType=-1, [ Capabilities: INTERNET&NOT_RESTRICTED&TRUSTED] ]
W/ResourcesManager(22341): Asset path '/system/framework/com.google.android.maps.jar' does not exist or contains no resources.
W/Wifi    ( 5337): Failed to read packet and byte counts from wifi interface
W/Wifi    ( 5337): Failed to read packet and byte counts from wifi interface
I/Icing   (22341): IndexChimeraService.getServiceInterface callingPackage=com.google.android.gms componentName=AppsCorpus serviceId=32
I/Icing   (22341): IndexChimeraService.getServiceInterface callingPackage=com.google.android.gms componentName=AppsCorpus serviceId=36
I/Icing   (22341): Query from package: com.google.android.gms, component: AppsCorpus, restrict package: com.google.android.gms, start: 0, num: 100
I/vgn     ( 2588): 19-GetFileDescriptorAndDelete -- metadata{ service_id: 0 }
I/Icing   (22341): Usage reports ok 0, Failed Usage reports 0, indexed 0, rejected 0, imm upload false
I/vgn     ( 2588): 19-GetFileDescriptorAndDelete -- metadata{ service_id: 0 }
I/Icing   (22341): Usage reports ok 0, Failed Usage reports 0, indexed 0, rejected 0, imm upload false
I/Icing   (22341): IndexChimeraService.getServiceInterface callingPackage=com.google.android.gms componentName=AppsCorpus serviceId=32
I/Icing   (22341): IndexChimeraService.getServiceInterface callingPackage=com.google.android.gms componentName=AppsCorpus serviceId=36
I/vgn     ( 2588): 19-GetFileDescriptorAndDelete -- metadata{ service_id: 0 }
I/Icing   (22341): Usage reports ok 0, Failed Usage reports 0, indexed 0, rejected 0, imm upload false
I/vgn     ( 2588): 19-GetFileDescriptorAndDelete -- metadata{ service_id: 0 }
I/Icing   (22341): Usage reports ok 0, Failed Usage reports 0, indexed 0, rejected 0, imm upload false
W/Wifi    ( 5337): Failed to read packet and byte counts from wifi interface
I/ActivityManager( 2186): Start proc 23404:android.process.acore/u0a3 for content provider com.android.providers.contacts/.ContactsProvider2
I/Icing   (22341): Indexing 489592B6AE71CFD0A8D2E845E41019707DA2F936 from com.google.android.gms
W/Wifi    ( 5337): Failed to read packet and byte counts from wifi interface
I/ContactLocale(23404): AddressBook Labels [en-US]: [, A, B, C, D, E, F, G, H, I, J, K, L, M, N, O, P, Q, R, S, T, U, V, W, X, Y, Z, , , , , , , , , , , , , , , , , , , , , , , , , , , , , , , , , , , , , , , , , , , , , , , , , , , , , , , , , , , , , , , , , , , , , , , , , , , , , , , , , , , , , , , , , , , , , , , , , , , , , , , , , , , , , , , , , , , , , , , , , , , , , , , , , , , , , , , , , , , , , , , , , , , , , , , , , , , , , , , , , , , , , , , , , , , , , , , , , , , , , , , , , , , , #, ]
I/art     (26651): Background sticky concurrent mark sweep GC freed 55365(3MB) AllocSpace objects, 85(1360KB) LOS objects, 38% free, 8MB/13MB, paused 5.149ms total 136.771ms
E/SQLiteLog(23404): (284) automatic index on sqlite_sq_559DAC22E0(STAT_DATA_ID)
E/SQLiteLog(23404): (284) automatic index on sqlite_sq_559DAD56A0(STAT_DATA_ID)
E/SQLiteLog(23404): (284) automatic index on sqlite_sq_559DADA7F0(STAT_DATA_ID)
W/Wifi    ( 5337): Failed to read packet and byte counts from wifi interface
W/art     (22341): Suspending all threads took: 5.899ms
I/art     (22341): Background sticky concurrent mark sweep GC freed 251279(14MB) AllocSpace objects, 6(120KB) LOS objects, 24% free, 24MB/32MB, paused 7.398ms total 179.884ms
I/art     (22341): WaitForGcToComplete blocked for 83.794ms for cause Explicit
I/art     (22341): Explicit concurrent mark sweep GC freed 9503(499KB) AllocSpace objects, 0(0B) LOS objects, 40% free, 23MB/39MB, paused 3.006ms total 252.981ms
W/ResourcesManager(22341): Asset path '/system/framework/com.google.android.maps.jar' does not exist or contains no resources.
W/Wifi    ( 5337): Failed to read packet and byte counts from wifi interface
W/Wifi    ( 5337): Failed to read packet and byte counts from wifi interface
I/art     ( 2186): Explicit concurrent mark sweep GC freed 12469(584KB) AllocSpace objects, 0(0B) LOS objects, 33% free, 30MB/45MB, paused 1.688ms total 423.451ms
W/Wifi    ( 5337): Failed to read packet and byte counts from wifi interface
I/Icing   (22341): Indexing done 489592B6AE71CFD0A8D2E845E41019707DA2F936
W/IntentService[D(23399): type=1400 audit(0.0:787): avc: denied { read } for name="/" dev="tmpfs" ino=9932 scontext=u:r:untrusted_app:s0 tcontext=u:object_r:device:s0 tclass=dir permissive=0
W/Wifi    ( 5337): Failed to read packet and byte counts from wifi interface
I/ActivityManager( 2186): Start proc 23423:com.google.process.gapps/u0a8 for content provider com.google.android.gsf/.gservices.GservicesProvider
I/art     ( 1959): Explicit concurrent mark sweep GC freed 706(30KB) AllocSpace objects, 0(0B) LOS objects, 40% free, 7MB/12MB, paused 130us total 48.357ms
I/art     ( 1959): Explicit concurrent mark sweep GC freed 5(160B) AllocSpace objects, 0(0B) LOS objects, 40% free, 7MB/12MB, paused 146us total 16.892ms
I/art     ( 1959): Explicit concurrent mark sweep GC freed 5(160B) AllocSpace objects, 0(0B) LOS objects, 40% free, 7MB/12MB, paused 111us total 14.885ms
I/GservicesProvider(23423): Gservices pushing to system: true; secure/global: true
I/GoogleHttpClient(23423): GMS http client unavailable, use old client
I/GoogleHttpClient(23423): GMS http client unavailable, use old client
I/ActivityManager( 2186): Process com.google.android.gms.unstable (pid 23375) has died
W/Wifi    ( 5337): Failed to read packet and byte counts from wifi interface
W/Wifi    ( 5337): Failed to read packet and byte counts from wifi interface
W/Wifi    ( 5337): Failed to read packet and byte counts from wifi interface
W/Wifi    ( 5337): Failed to read packet and byte counts from wifi interface
W/Wifi    ( 5337): Failed to read packet and byte counts from wifi interface
W/Wifi    ( 5337): Failed to read packet and byte counts from wifi interface
I/art     ( 2363): Explicit concurrent mark sweep GC freed 45591(1920KB) AllocSpace objects, 1(40KB) LOS objects, 40% free, 16MB/27MB, paused 490us total 69.860ms
W/Wifi    ( 5337): Failed to read packet and byte counts from wifi interface
E/WifiStateMachine( 2186): WifiStateMachine CMD_START_SCAN source -2 txSuccessRate=16.42 rxSuccessRate=16.83 targetRoamBSSID=any RSSI=-63
E/WifiStateMachine( 2186): WifiStateMachine starting scan for "YOU SHALL NOT PASS"WPA_PSK with 2437
W/Wifi    ( 5337): Failed to read packet and byte counts from wifi interface
W/Wifi    ( 5337): Failed to read packet and byte counts from wifi interface
W/Wifi    ( 5337): Failed to read packet and byte counts from wifi interface
W/Wifi    ( 5337): Failed to read packet and byte counts from wifi interface
I/art     ( 2605): Explicit concurrent mark sweep GC freed 351(15KB) AllocSpace objects, 0(0B) LOS objects, 39% free, 7MB/12MB, paused 576us total 17.538ms
W/Wifi    ( 5337): Failed to read packet and byte counts from wifi interface
I/art     (26651): Background sticky concurrent mark sweep GC freed 54964(3MB) AllocSpace objects, 85(1360KB) LOS objects, 39% free, 8MB/13MB, paused 11.708ms total 58.716ms
W/Wifi    ( 5337): Failed to read packet and byte counts from wifi interface
W/Wifi    ( 5337): Failed to read packet and byte counts from wifi interface
W/Wifi    ( 5337): Failed to read packet and byte counts from wifi interface
E/native  ( 2186): do suspend false
E/WifiStateMachine( 2186): scanCount==0 - aborting
I/dhcpcd  (23443): sending signal 14 to pid 18661
I/dhcpcd  (18661): received SIGALRM, renewing
I/dhcpcd  (18661): wlan0: renewing lease of 192.168.178.45
I/dhcpcd  (18661): wlan0: acknowledged 192.168.178.45 from 192.168.178.1
I/dhcpcd  (18661): wlan0: leased 192.168.178.45 for 3600 seconds
W/Wifi    ( 5337): Failed to read packet and byte counts from wifi interface
I/Nat464Xlat( 2186): Stopping clatd
E/ClatdController( 1960): clatd already stopped
E/WifiStateMachine( 2186): WifiStateMachine: Leaving Connected state
I/GeofencerStateMachine( 2588): sendWifiConnectivityChanged: connectivity=false
E/Nat464Xlat( 2186): Error stopping clatd: java.lang.IllegalStateException: command '221 clatd stop wlan0' failed with '400 221 Clatd operation failed'
I/GeofencerStateMachine( 2588): sendWifiConnectivityChanged: connectivity=true
D/ConnectivityService( 2186): NetworkAgentInfo [WIFI () - 104] EVENT_NETWORK_INFO_CHANGED, going from CONNECTED to CONNECTING
D/ConnectivityService( 2186): NetworkAgentInfo [WIFI () - 104] EVENT_NETWORK_INFO_CHANGED, going from CONNECTING to CONNECTED
I/GeofencerStateMachine( 2588): sendNewTransitions called.
I/GeofencerStateMachine( 2588): sendNewLocationAvailability: availability=LocationAvailability[isLocationAvailable: true]
I/CwMcuSensor( 2186): CwMcuSensor::flush: fd = 161, sensors_id = 0, path = /sys/class/htc_sensorhub/sensor_hub/flush, err = 0
I/ActivityManager( 2186): Start proc 23465:com.google.android.googlequicksearchbox:search/u0a24 for broadcast com.google.android.googlequicksearchbox/com.google.android.apps.gsa.search.core.location.ActivityDetectionReceiver
W/Wifi    ( 5337): Failed to read packet and byte counts from wifi interface
I/art     (23465): Rejecting re-init on previously-failed class java.lang.Class<com.google.android.apps.gsa.shared.q.b>
I/art     (23465): Rejecting re-init on previously-failed class java.lang.Class<com.google.android.apps.gsa.shared.q.b>
I/art     (23465): Rejecting re-init on previously-failed class java.lang.Class<com.google.android.apps.gsa.shared.q.b>
I/art     (23465): Rejecting re-init on previously-failed class java.lang.Class<com.google.android.apps.gsa.shared.q.b>
I/art     (23465): Rejecting re-init on previously-failed class java.lang.Class<com.google.android.apps.gsa.shared.q.b>
I/art     (23465): Rejecting re-init on previously-failed class java.lang.Class<com.google.android.apps.gsa.shared.q.b>
I/art     (23465): Rejecting re-init on previously-failed class java.lang.Class<com.google.android.apps.gsa.shared.q.b>
I/art     (23465): Rejecting re-init on previously-failed class java.lang.Class<com.google.android.apps.gsa.shared.q.b>
D/BluetoothManagerService( 2186): Message: 20
D/BluetoothManagerService( 2186): Added callback: android.bluetooth.IBluetoothManagerCallback$Stub$Proxy@95c8f87:true
D/BluetoothAdapter(23465): 900586609: getState() :  mService = null. Returning STATE_OFF
I/OpaEligibilityChecker(23465): send OpaEligibilityChange broadcast to CommonBroadcastReceiver
D/BluetoothAdapter(23465): 900586609: getState() :  mService = null. Returning STATE_OFF
D/BluetoothAdapter(23465): 900586609: getState() :  mService = null. Returning STATE_OFF
D/BluetoothAdapter(23465): 900586609: getState() :  mService = null. Returning STATE_OFF
D/BluetoothAdapter(23465): 900586609: getState() :  mService = null. Returning STATE_OFF
I/ModelDownloadController(23465): Handle the downloaded hotword model
I/ModelDownloadController(23465): the model is already used
E/SQLiteLog(23465): (283) recovered 7 frames from WAL file /data/data/com.google.android.googlequicksearchbox/app_si/now_content_store/content_store.db-wal
I/ActivityManager( 2186): Start proc 23492:com.google.android.partnersetup/u0a12 for content provider com.google.android.partnersetup/.RlzAppProvider
D/BluetoothAdapter(23465): 900586609: getState() :  mService = null. Returning STATE_OFF
D/BluetoothAdapter(23465): 900586609: getState() :  mService = null. Returning STATE_OFF
I/VoiceSearchSettings(23465): Hotword upgrade key is null!
D/BluetoothAdapter(23465): 900586609: getState() :  mService = null. Returning STATE_OFF
D/BluetoothAdapter(23465): 900586609: getState() :  mService = null. Returning STATE_OFF
I/VoiceSearchSettings(23465): Hotword upgrade key is null!
D/BluetoothAdapter(23465): 900586609: getState() :  mService = null. Returning STATE_OFF
D/BluetoothAdapter(23465): 900586609: getState() :  mService = null. Returning STATE_OFF
D/BluetoothAdapter(23465): 900586609: getState() :  mService = null. Returning STATE_OFF
D/BluetoothAdapter(23465): 900586609: getState() :  mService = null. Returning STATE_OFF
I/VoiceSearchSettings(23465): Hotword upgrade key is null!
I/GsaVoiceInteractionSrv( 2538): sendInitializeMessageToHandler locale en-US hotwordPhrase Ok Google
D/BluetoothAdapter(23465): 900586609: getState() :  mService = null. Returning STATE_OFF
D/BluetoothAdapter(23465): 900586609: getState() :  mService = null. Returning STATE_OFF
I/VoiceSearchSettings(23465): Hotword upgrade key is null!
I/MicroDetectionWorker(23465): Initializing MicroDataManager InitializeType-1, isForced-false, isXGooglePhoneEnrollment-false isActiveXGoogleEnrollment-false
D/BluetoothAdapter(23465): 900586609: getState() :  mService = null. Returning STATE_OFF
D/BluetoothAdapter(23465): 900586609: getState() :  mService = null. Returning STATE_OFF
I/VoiceSearchSettings(23465): Hotword upgrade key is null!
W/SessionLifecycleManager(23465): Client : AttachedClient[103201690827831247, ClientConfig[mFlags=[default, headless, launch_external_voice_search_ui, support_transparent_background, legacy_leave_behind_dirty_session_fixme] mSuggestFlags=[0] mClientId=hotwordservice mSessionType=search]] has no associated SessionController
W/SearchService(23465): Abort, client detached.
I/BistoWorker(23465): handleCommonBroadcastIntent: com.google.android.apps.gsa.broadcastreceiver.ACTION_OPA_ELIGIBILITY_CHANGE
D/BluetoothAdapter(23465): 900586609: getState() :  mService = null. Returning STATE_OFF
I/BistoWorker(23465): com.google.android.apps.gsa.broadcastreceiver.ACTION_OPA_ELIGIBILITY_CHANGE : no Bisto paired devices
D/BluetoothAdapter(23465): 900586609: getState() :  mService = null. Returning STATE_OFF
D/BluetoothAdapter(23465): 900586609: getState() :  mService = null. Returning STATE_OFF
I/VoiceSearchSettings(23465): Hotword upgrade key is null!
W/Wifi    ( 5337): Failed to read packet and byte counts from wifi interface
W/Wifi    ( 5337): Failed to read packet and byte counts from wifi interface
W/Wifi    ( 5337): Failed to read packet and byte counts from wifi interface
W/Wifi    ( 5337): Failed to read packet and byte counts from wifi interface
W/Wifi    ( 5337): Failed to read packet and byte counts from wifi interface
W/Wifi    ( 5337): Failed to read packet and byte counts from wifi interface
I/art     ( 2632): Explicit concurrent mark sweep GC freed 89633(4MB) AllocSpace objects, 0(0B) LOS objects, 40% free, 8MB/14MB, paused 518us total 33.719ms
W/Wifi    ( 5337): Failed to read packet and byte counts from wifi interface
W/Wifi    ( 5337): Failed to read packet and byte counts from wifi interface
W/Wifi    ( 5337): Failed to read packet and byte counts from wifi interface
W/Wifi    ( 5337): Failed to read packet and byte counts from wifi interface
I/MemoryTrimmer(23465): Trimming objects from memory, since app is in the background.
E/WifiStateMachine( 2186): WifiStateMachine CMD_START_SCAN source -2 txSuccessRate=0.20 rxSuccessRate=0.20 targetRoamBSSID=any RSSI=-61
E/WifiStateMachine( 2186): WifiStateMachine L2Connected CMD_START_SCAN source -2 1781, 1782 -> obsolete
D/WifiService( 2186): New client listening to asynchronous messages
W/Wifi    ( 5337): Failed to read packet and byte counts from wifi interface
W/Wifi    ( 5337): Failed to read packet and byte counts from wifi interface
I/art     (26651): Background sticky concurrent mark sweep GC freed 56339(4MB) AllocSpace objects, 85(1360KB) LOS objects, 39% free, 8MB/13MB, paused 16.142ms total 61.682ms
W/Wifi    ( 5337): Failed to read packet and byte counts from wifi interface
I/art     ( 5337): Explicit concurrent mark sweep GC freed 130209(5MB) AllocSpace objects, 0(0B) LOS objects, 40% free, 10MB/17MB, paused 582us total 99.102ms
W/Wifi    ( 5337): Failed to read packet and byte counts from wifi interface
W/Wifi    ( 5337): Failed to read packet and byte counts from wifi interface
W/Wifi    ( 5337): Failed to read packet and byte counts from wifi interface
W/Wifi    ( 5337): Failed to read packet and byte counts from wifi interface
W/Wifi    ( 5337): Failed to read packet and byte counts from wifi interface
I/art     (26651): Explicit concurrent mark sweep GC freed 47371(3MB) AllocSpace objects, 64(1024KB) LOS objects, 39% free, 8MB/13MB, paused 794us total 46.988ms
W/Wifi    ( 5337): Failed to read packet and byte counts from wifi interface
E/WifiStateMachine( 2186): WifiStateMachine CMD_START_SCAN source -2 txSuccessRate=0.05 rxSuccessRate=0.05 targetRoamBSSID=any RSSI=-62
E/WifiStateMachine( 2186): WifiStateMachine starting scan for "YOU SHALL NOT PASS"WPA_PSK with 2437
W/Wifi    ( 5337): Failed to read packet and byte counts from wifi interface
W/Wifi    ( 5337): Failed to read packet and byte counts from wifi interface
W/Wifi    ( 5337): Failed to read packet and byte counts from wifi interface
W/Wifi    ( 5337): Failed to read packet and byte counts from wifi interface
W/Wifi    ( 5337): Failed to read packet and byte counts from wifi interface
I/vgn     ( 2588): 35-GetDeviceDataUploadOptInStatusOperation -- metadata{ service_id: 0 }
I/vgn     ( 2588): 35-GetDeviceDataUploadOptInStatusOperation -- metadata{ service_id: 0 }
W/Wifi    ( 5337): Failed to read packet and byte counts from wifi interface
W/Wifi    ( 5337): Failed to read packet and byte counts from wifi interface
W/Wifi    ( 5337): Failed to read packet and byte counts from wifi interface
W/Wifi    ( 5337): Failed to read packet and byte counts from wifi interface
W/Wifi    ( 5337): Failed to read packet and byte counts from wifi interface
W/Wifi    ( 5337): Failed to read packet and byte counts from wifi interface
I/art     ( 2538): Explicit concurrent mark sweep GC freed 336(15KB) AllocSpace objects, 0(0B) LOS objects, 39% free, 10MB/17MB, paused 499us total 60.188ms
W/Wifi    ( 5337): Failed to read packet and byte counts from wifi interface
W/Wifi    ( 5337): Failed to read packet and byte counts from wifi interface
W/Wifi    ( 5337): Failed to read packet and byte counts from wifi interface
W/Wifi    ( 5337): Failed to read packet and byte counts from wifi interface
W/Wifi    ( 5337): Failed to read packet and byte counts from wifi interface
I/art     ( 2588): Explicit concurrent mark sweep GC freed 152129(8MB) AllocSpace objects, 12(796KB) LOS objects, 35% free, 28MB/44MB, paused 794us total 170.698ms
W/Wifi    ( 5337): Failed to read packet and byte counts from wifi interface
W/Wifi    ( 5337): Failed to read packet and byte counts from wifi interface
W/Wifi    ( 5337): Failed to read packet and byte counts from wifi interface
W/Wifi    ( 5337): Failed to read packet and byte counts from wifi interface
E/WifiStateMachine( 2186): WifiStateMachine CMD_START_SCAN source -2 txSuccessRate=0.00 rxSuccessRate=0.13 targetRoamBSSID=any RSSI=-63
E/WifiStateMachine( 2186): WifiStateMachine starting scan for "YOU SHALL NOT PASS"WPA_PSK with 2437
W/Wifi    ( 5337): Failed to read packet and byte counts from wifi interface
I/art     ( 2566): Explicit concurrent mark sweep GC freed 93379(3MB) AllocSpace objects, 7(940KB) LOS objects, 25% free, 13MB/18MB, paused 801us total 81.161ms
W/Wifi    ( 5337): Failed to read packet and byte counts from wifi interface
W/Wifi    ( 5337): Failed to read packet and byte counts from wifi interface
W/Wifi    ( 5337): Failed to read packet and byte counts from wifi interface
W/Wifi    ( 5337): Failed to read packet and byte counts from wifi interface
E/tegra_memtrack_hal( 2186): failed to read header for pid 2186: Operation not permitted
E/tegra_memtrack_hal( 2186): failed to read header for pid 2186: Operation not permitted
E/tegra_memtrack_hal( 2186): failed to read header for pid 2186: Operation not permitted
E/tegra_memtrack_hal( 2186): failed to read header for pid 2186: Operation not permitted
E/tegra_memtrack_hal( 2186): failed to read header for pid 2186: Operation not permitted
W/Wifi    ( 5337): Failed to read packet and byte counts from wifi interface
W/Wifi    ( 5337): Failed to read packet and byte counts from wifi interface
W/Wifi    ( 5337): Failed to read packet and byte counts from wifi interface
W/Wifi    ( 5337): Failed to read packet and byte counts from wifi interface
W/Wifi    ( 5337): Failed to read packet and byte counts from wifi interface
I/art     (19034): Explicit concurrent mark sweep GC freed 272(11KB) AllocSpace objects, 0(0B) LOS objects, 40% free, 7MB/13MB, paused 518us total 117.668ms
W/Wifi    ( 5337): Failed to read packet and byte counts from wifi interface
W/Wifi    ( 5337): Failed to read packet and byte counts from wifi interface
W/Wifi    ( 5337): Failed to read packet and byte counts from wifi interface
W/Wifi    ( 5337): Failed to read packet and byte counts from wifi interface
W/Wifi    ( 5337): Failed to read packet and byte counts from wifi interface
I/art     (19265): Explicit concurrent mark sweep GC freed 272(11KB) AllocSpace objects, 0(0B) LOS objects, 39% free, 7MB/13MB, paused 861us total 28.855ms
W/Wifi    ( 5337): Failed to read packet and byte counts from wifi interface
W/Wifi    ( 5337): Failed to read packet and byte counts from wifi interface
W/Wifi    ( 5337): Failed to read packet and byte counts from wifi interface
W/Wifi    ( 5337): Failed to read packet and byte counts from wifi interface
W/Wifi    ( 5337): Failed to read packet and byte counts from wifi interface
E/WifiStateMachine( 2186): WifiStateMachine CMD_START_SCAN source -2 txSuccessRate=0.00 rxSuccessRate=0.50 targetRoamBSSID=any RSSI=-65
E/WifiStateMachine( 2186): WifiStateMachine starting scan for "YOU SHALL NOT PASS"WPA_PSK with 2437
W/Wifi    ( 5337): Failed to read packet and byte counts from wifi interface
W/Wifi    ( 5337): Failed to read packet and byte counts from wifi interface
W/Wifi    ( 5337): Failed to read packet and byte counts from wifi interface
W/Wifi    ( 5337): Failed to read packet and byte counts from wifi interface
W/Wifi    ( 5337): Failed to read packet and byte counts from wifi interface
W/Wifi    ( 5337): Failed to read packet and byte counts from wifi interface
W/Wifi    ( 5337): Failed to read packet and byte counts from wifi interface
W/Wifi    ( 5337): Failed to read packet and byte counts from wifi interface
W/Wifi    ( 5337): Failed to read packet and byte counts from wifi interface
W/Wifi    ( 5337): Failed to read packet and byte counts from wifi interface
W/Wifi    ( 5337): Failed to read packet and byte counts from wifi interface
I/GeofencerStateMachine( 2588): sendSignificantMotion
I/CwMcuSensor( 2186): CwMcuSensor::flush: fd = 161, sensors_id = 0, path = /sys/class/htc_sensorhub/sensor_hub/flush, err = 0
I/CwMcuSensor( 2186): CwMcuSensor::flush: fd = 161, sensors_id = 0, path = /sys/class/htc_sensorhub/sensor_hub/flush, err = 0
I/GeofencerStateMachine( 2588): sendNewLocationAvailability: availability=LocationAvailability[isLocationAvailable: true]
D/WifiService( 2186): acquireWifiLockLocked: WifiLock{NlpWifiLock type=2 binder=android.os.BinderProxy@38860f62}
E/WifiStateMachine( 2186): WifiStateMachine CMD_START_SCAN source 10008 txSuccessRate=0.00 rxSuccessRate=0.01 targetRoamBSSID=any RSSI=-63
W/Wifi    ( 5337): Failed to read packet and byte counts from wifi interface
W/ctxmgr  ( 2588): [AclManager]No 2 for (accnt=account#-517948760#, com.google.android.gms(10008):IndoorOutdoorProducer, vrsn=12685000, 0, 3pPkg = null ,  3pMdlId = null ,  pid = 2588). Was: 3 for 57, account#-517948760#
I/art     ( 2186): Explicit concurrent mark sweep GC freed 121482(6MB) AllocSpace objects, 2(40KB) LOS objects, 33% free, 29MB/43MB, paused 792us total 171.799ms
I/GeofencerStateMachine( 2588): sendNewLocationAvailability: availability=LocationAvailability[isLocationAvailable: false]
V/ActivityManager( 2186): Display changed displayId=0
I/ActivityManager( 2186): Config changes=480 {1.0 ?mcc?mnc en_US ldltr sw768dp w1024dp h695dp 320dpi xlrg land finger -keyb/v/h -nav/h s.20}
I/InputReader( 2186): Reconfiguring input devices.  changes=0x00000004
I/InputReader( 2186): Device reconfigured: id=1, name='synaptics_dsx', size 1536x2048, orientation 1, mode 1, display id 0
D/WifiService( 2186): releaseWifiLockLocked: WifiLock{NlpWifiLock type=2 binder=android.os.BinderProxy@38860f62}
W/ctxmgr  ( 2588): [AclManager]No 2 for (accnt=account#1813920180#, com.google.android.gms(10008):UserLocationProducer, vrsn=12685000, 0, 3pPkg = null ,  3pMdlId = null ,  pid = 2588). Was: 2 for 1, account#1813920180#
W/ctxmgr  ( 2588): [AclManager]No 2 for (accnt=account#1644684176#, com.google.android.gms(10008):UserLocationProducer, vrsn=12685000, 0, 3pPkg = null ,  3pMdlId = null ,  pid = 2588). Was: 2 for 1, account#1644684176#
D/libgps  ( 2186): proxy_gps_inject_location: called.
I/ActivityManager( 2186): Start proc 23519:com.google.android.apps.plus/u0a68 for broadcast com.google.android.apps.plus/com.google.android.libraries.social.autobackup.AutoBackupEnvironment$BatteryReceiver
W/ResourcesManager(23519): Asset path '/system/framework/com.google.android.maps.jar' does not exist or contains no resources.
W/Wifi    ( 5337): Failed to read packet and byte counts from wifi interface
I/WindowManager( 2186): Screen frozen for +615ms due to Window{334dacab u0 com.android.chrome/org.chromium.chrome.browser.ChromeTabbedActivity}
I/ActivityManager( 2186): Start proc 23537:android.process.media/u0a5 for content provider com.android.providers.media/.MediaProvider
E/SQLiteLog(23537): (283) recovered 1 frames from WAL file /data/user/0/com.android.providers.media/databases/external.db-wal
I/ActivityManager( 2186): Start proc 23560:com.google.android.apps.photos/u0a66 for broadcast com.google.android.apps.photos/.scheduler.PowerReceiver
V/ActivityManager( 2186): Display changed displayId=0
I/ActivityManager( 2186): Config changes=480 {1.0 ?mcc?mnc en_US ldltr sw768dp w768dp h951dp 320dpi xlrg port finger -keyb/v/h -nav/h s.21}
I/InputReader( 2186): Reconfiguring input devices.  changes=0x00000004
I/InputReader( 2186): Device reconfigured: id=1, name='synaptics_dsx', size 1536x2048, orientation 0, mode 1, display id 0
W/Wifi    ( 5337): Failed to read packet and byte counts from wifi interface
I/WindowManager( 2186): Screen frozen for +283ms due to Window{d62f269 u0 NavigationBar}
D/WifiService( 2186): Client connection lost with reason: 4
I/ActivityManager( 2186): Process com.google.android.googlequicksearchbox:search (pid 23465) has died
I/cr_BindingManager(18961): onTrimMemory: level=10, size=0
E/tegra_memtrack_hal( 2186): failed to read header for pid 2186: Operation not permitted
E/tegra_memtrack_hal( 2186): failed to read header for pid 2186: Operation not permitted
E/tegra_memtrack_hal( 2186): failed to read header for pid 2186: Operation not permitted
E/tegra_memtrack_hal( 2186): failed to read header for pid 2186: Operation not permitted
E/tegra_memtrack_hal( 2186): failed to read header for pid 2186: Operation not permitted
E/lowmemorykiller(  151): Error writing /proc/23492/oom_score_adj; errno=22
I/ActivityManager( 2186): Process com.google.android.partnersetup (pid 23492) has died
I/cr_BindingManager(18961): onTrimMemory: level=10, size=0
W/Wifi    ( 5337): Failed to read packet and byte counts from wifi interface
I/ActivityManager( 2186): Start proc 23582:com.google.android.googlequicksearchbox:search/u0a24 for broadcast com.google.android.googlequicksearchbox/com.google.android.apps.gsa.search.core.location.ActivityDetectionReceiver
E/lowmemorykiller(  151): Error writing /proc/23519/oom_score_adj; errno=22
I/ActivityManager( 2186): Process com.google.android.apps.plus (pid 23519) has died
I/art     (23582): Rejecting re-init on previously-failed class java.lang.Class<com.google.android.apps.gsa.shared.q.b>
I/art     (23582): Rejecting re-init on previously-failed class java.lang.Class<com.google.android.apps.gsa.shared.q.b>
I/art     (23582): Rejecting re-init on previously-failed class java.lang.Class<com.google.android.apps.gsa.shared.q.b>
I/art     (23582): Rejecting re-init on previously-failed class java.lang.Class<com.google.android.apps.gsa.shared.q.b>
I/art     (23582): Rejecting re-init on previously-failed class java.lang.Class<com.google.android.apps.gsa.shared.q.b>
I/art     (23582): Rejecting re-init on previously-failed class java.lang.Class<com.google.android.apps.gsa.shared.q.b>
I/art     (23582): Rejecting re-init on previously-failed class java.lang.Class<com.google.android.apps.gsa.shared.q.b>
I/art     (23582): Rejecting re-init on previously-failed class java.lang.Class<com.google.android.apps.gsa.shared.q.b>
D/BluetoothManagerService( 2186): Message: 20
D/BluetoothManagerService( 2186): Added callback: android.bluetooth.IBluetoothManagerCallback$Stub$Proxy@16a58cd3:true
D/BluetoothAdapter(23582): 900586609: getState() :  mService = null. Returning STATE_OFF
I/OpaEligibilityChecker(23582): send OpaEligibilityChange broadcast to CommonBroadcastReceiver
D/BluetoothAdapter(23582): 900586609: getState() :  mService = null. Returning STATE_OFF
D/BluetoothAdapter(23582): 900586609: getState() :  mService = null. Returning STATE_OFF
D/BluetoothAdapter(23582): 900586609: getState() :  mService = null. Returning STATE_OFF
D/BluetoothAdapter(23582): 900586609: getState() :  mService = null. Returning STATE_OFF
I/ModelDownloadController(23582): Handle the downloaded hotword model
I/ModelDownloadController(23582): the model is already used
E/SQLiteLog(23582): (283) recovered 7 frames from WAL file /data/data/com.google.android.googlequicksearchbox/app_si/now_content_store/content_store.db-wal
I/ActivityManager( 2186): Start proc 23610:com.google.android.partnersetup/u0a12 for content provider com.google.android.partnersetup/.RlzAppProvider
D/BluetoothAdapter(23582): 900586609: getState() :  mService = null. Returning STATE_OFF
D/BluetoothAdapter(23582): 900586609: getState() :  mService = null. Returning STATE_OFF
D/BluetoothAdapter(23582): 900586609: getState() :  mService = null. Returning STATE_OFF
D/BluetoothAdapter(23582): 900586609: getState() :  mService = null. Returning STATE_OFF
I/VoiceSearchSettings(23582): Hotword upgrade key is null!
D/BluetoothAdapter(23582): 900586609: getState() :  mService = null. Returning STATE_OFF
D/BluetoothAdapter(23582): 900586609: getState() :  mService = null. Returning STATE_OFF
I/VoiceSearchSettings(23582): Hotword upgrade key is null!
D/BluetoothAdapter(23582): 900586609: getState() :  mService = null. Returning STATE_OFF
I/VoiceSearchSettings(23582): Hotword upgrade key is null!
D/BluetoothAdapter(23582): 900586609: getState() :  mService = null. Returning STATE_OFF
D/BluetoothAdapter(23582): 900586609: getState() :  mService = null. Returning STATE_OFF
D/BluetoothAdapter(23582): 900586609: getState() :  mService = null. Returning STATE_OFF
I/VoiceSearchSettings(23582): Hotword upgrade key is null!
I/GsaVoiceInteractionSrv( 2538): sendInitializeMessageToHandler locale en-US hotwordPhrase Ok Google
I/ActivityManager( 2186): Process android.process.media (pid 23537) has died
I/cr_BindingManager(18961): onTrimMemory: level=15, size=0
I/MicroDetectionWorker(23582): Initializing MicroDataManager InitializeType-1, isForced-false, isXGooglePhoneEnrollment-false isActiveXGoogleEnrollment-false
D/BluetoothAdapter(23582): 900586609: getState() :  mService = null. Returning STATE_OFF
D/BluetoothAdapter(23582): 900586609: getState() :  mService = null. Returning STATE_OFF
I/VoiceSearchSettings(23582): Hotword upgrade key is null!
W/art     (23582): Suspending all threads took: 6.744ms
W/SessionLifecycleManager(23582): Client : AttachedClient[103716262269704547, ClientConfig[mFlags=[default, headless, launch_external_voice_search_ui, support_transparent_background, legacy_leave_behind_dirty_session_fixme] mSuggestFlags=[0] mClientId=hotwordservice mSessionType=search]] has no associated SessionController
W/SearchService(23582): Abort, client detached.
D/BluetoothAdapter(23582): 900586609: getState() :  mService = null. Returning STATE_OFF
D/BluetoothAdapter(23582): 900586609: getState() :  mService = null. Returning STATE_OFF
I/VoiceSearchSettings(23582): Hotword upgrade key is null!
I/BistoWorker(23582): handleCommonBroadcastIntent: com.google.android.apps.gsa.broadcastreceiver.ACTION_OPA_ELIGIBILITY_CHANGE
D/BluetoothAdapter(23582): 900586609: getState() :  mService = null. Returning STATE_OFF
I/BistoWorker(23582): com.google.android.apps.gsa.broadcastreceiver.ACTION_OPA_ELIGIBILITY_CHANGE : no Bisto paired devices
W/Wifi    ( 5337): Failed to read packet and byte counts from wifi interface
I/art     ( 2186): Explicit concurrent mark sweep GC freed 12884(658KB) AllocSpace objects, 1(104KB) LOS objects, 33% free, 29MB/43MB, paused 6.392ms total 107.847ms
W/Wifi    ( 5337): Failed to read packet and byte counts from wifi interface
I/EntropyMixer( 2186): Writing entropy...
I/ActivityManager( 2186): Start proc 23633:com.google.android.apps.plus/u0a68 for broadcast com.google.android.apps.plus/.service.BatteryReceiver
W/ResourcesManager(23633): Asset path '/system/framework/com.google.android.maps.jar' does not exist or contains no resources.
I/ActivityManager( 2186): Process com.google.android.apps.photos (pid 23560) has died
I/cr_BindingManager(18961): onTrimMemory: level=15, size=0
I/ValidateNoPeople( 2186): skipping global notification
I/ValidateNoPeople( 2186): skipping global notification
I/ActivityManager( 2186): Start proc 23657:android.process.media/u0a5 for content provider com.android.providers.media/.MediaProvider
E/SQLiteLog(23657): (283) recovered 1 frames from WAL file /data/user/0/com.android.providers.media/databases/external.db-wal
I/ActivityManager( 2186): Start proc 23685:com.google.android.apps.photos/u0a66 for broadcast com.google.android.apps.photos/.scheduler.PowerReceiver
E/lowmemorykiller(  151): Error writing /proc/23404/oom_score_adj; errno=22
E/lowmemorykiller(  151): Error writing /proc/23404/oom_score_adj; errno=22
I/ActivityManager( 2186): Process android.process.acore (pid 23404) has died
I/art     (23423): Explicit concurrent mark sweep GC freed 1497(66KB) AllocSpace objects, 0(0B) LOS objects, 25% free, 8MB/10MB, paused 477us total 32.096ms
W/Wifi    ( 5337): Failed to read packet and byte counts from wifi interface
I/ActivityManager( 2186): Process android.process.media (pid 23657) has died
I/ActivityManager( 2186): Start proc 23722:android.process.media/u0a5 for broadcast com.android.providers.media/.MtpReceiver
I/art     ( 1959): Explicit concurrent mark sweep GC freed 703(30KB) AllocSpace objects, 0(0B) LOS objects, 40% free, 7MB/12MB, paused 120us total 13.265ms
I/art     ( 1959): Explicit concurrent mark sweep GC freed 5(160B) AllocSpace objects, 0(0B) LOS objects, 40% free, 7MB/12MB, paused 151us total 13.887ms
I/art     ( 1959): Explicit concurrent mark sweep GC freed 5(160B) AllocSpace objects, 0(0B) LOS objects, 40% free, 7MB/12MB, paused 101us total 12.934ms
E/SQLiteLog(23722): (283) recovered 1 frames from WAL file /data/data/com.android.providers.media/databases/external.db-wal
D/MtpService(23722): up