D/ConnectivityManager.CallbackHandler(22341): CM callback handler got msg 524290
D/ConnectivityManager.CallbackHandler(18961): CM callback handler got msg 524290
W/Wifi    ( 5337): Failed to read packet and byte counts from wifi interface
W/Wifi    ( 5337): Failed to read packet and byte counts from wifi interface
W/Wifi    ( 5337): Failed to read packet and byte counts from wifi interface
W/Wifi    ( 5337): Failed to read packet and byte counts from wifi interface
W/Wifi    ( 5337): Failed to read packet and byte counts from wifi interface
W/Wifi    ( 5337): Failed to read packet and byte counts from wifi interface
W/Wifi    ( 5337): Failed to read packet and byte counts from wifi interface
W/Wifi    ( 5337): Failed to read packet and byte counts from wifi interface
W/Wifi    ( 5337): Failed to read packet and byte counts from wifi interface
D/ConnectivityService( 2186): updateNetworkScore for NetworkAgentInfo [WIFI () - 104] to 60
D/ConnectivityService( 2186): rematching NetworkAgentInfo [WIFI () - 104]
D/ConnectivityService( 2186): Network NetworkAgentInfo [WIFI () - 104] was already satisfying request 1. No change.
D/ConnectivityService( 2186): notifyType AVAILABLE for NetworkAgentInfo [WIFI () - 104]
D/ConnectivityManager.CallbackHandler( 2363): CM callback handler got msg 524290
D/ConnectivityManager.CallbackHandler(22341): CM callback handler got msg 524290
D/ConnectivityManager.CallbackHandler(18961): CM callback handler got msg 524290
D/ConnectivityManager.CallbackHandler(22341): CM callback handler got msg 524290
D/ConnectivityManager.CallbackHandler(18961): CM callback handler got msg 524290
W/Wifi    ( 5337): Failed to read packet and byte counts from wifi interface
W/Wifi    ( 5337): Failed to read packet and byte counts from wifi interface
W/Wifi    ( 5337): Failed to read packet and byte counts from wifi interface
W/Wifi    ( 5337): Failed to read packet and byte counts from wifi interface
W/Wifi    ( 5337): Failed to read packet and byte counts from wifi interface
W/Wifi    ( 5337): Failed to read packet and byte counts from wifi interface
E/WifiStateMachine( 2186): WifiStateMachine CMD_START_SCAN source -2 txSuccessRate=0.00 rxSuccessRate=0.00 targetRoamBSSID=any RSSI=-70
E/WifiStateMachine( 2186): WifiStateMachine starting scan for "YOU SHALL NOT PASS"WPA_PSK with 2437
W/Wifi    ( 5337): Failed to read packet and byte counts from wifi interface
W/Wifi    ( 5337): Failed to read packet and byte counts from wifi interface
W/Wifi    ( 5337): Failed to read packet and byte counts from wifi interface
W/Wifi    ( 5337): Failed to read packet and byte counts from wifi interface
W/Wifi    ( 5337): Failed to read packet and byte counts from wifi interface
W/Wifi    ( 5337): Failed to read packet and byte counts from wifi interface
W/Wifi    ( 5337): Failed to read packet and byte counts from wifi interface
W/Wifi    ( 5337): Failed to read packet and byte counts from wifi interface
W/Wifi    ( 5337): Failed to read packet and byte counts from wifi interface
W/Wifi    ( 5337): Failed to read packet and byte counts from wifi interface
W/Wifi    ( 5337): Failed to read packet and byte counts from wifi interface
W/Wifi    ( 5337): Failed to read packet and byte counts from wifi interface
W/Wifi    ( 5337): Failed to read packet and byte counts from wifi interface
W/Wifi    ( 5337): Failed to read packet and byte counts from wifi interface
E/tegra_memtrack_hal( 2186): failed to read header for pid 2186: Operation not permitted
E/tegra_memtrack_hal( 2186): failed to read header for pid 2186: Operation not permitted
E/tegra_memtrack_hal( 2186): failed to read header for pid 2186: Operation not permitted
E/tegra_memtrack_hal( 2186): failed to read header for pid 2186: Operation not permitted
E/tegra_memtrack_hal( 2186): failed to read header for pid 2186: Operation not permitted
W/Wifi    ( 5337): Failed to read packet and byte counts from wifi interface
W/Wifi    ( 5337): Failed to read packet and byte counts from wifi interface
W/Wifi    ( 5337): Failed to read packet and byte counts from wifi interface
W/Wifi    ( 5337): Failed to read packet and byte counts from wifi interface
W/Wifi    ( 5337): Failed to read packet and byte counts from wifi interface
W/Wifi    ( 5337): Failed to read packet and byte counts from wifi interface
E/WifiStateMachine( 2186): WifiStateMachine CMD_START_SCAN source -2 txSuccessRate=0.00 rxSuccessRate=0.00 targetRoamBSSID=any RSSI=-66
E/WifiStateMachine( 2186): WifiStateMachine starting scan for "YOU SHALL NOT PASS"WPA_PSK with 2437
W/Wifi    ( 5337): Failed to read packet and byte counts from wifi interface
W/Wifi    ( 5337): Failed to read packet and byte counts from wifi interface
W/Wifi    ( 5337): Failed to read packet and byte counts from wifi interface
W/Wifi    ( 5337): Failed to read packet and byte counts from wifi interface
W/Wifi    ( 5337): Failed to read packet and byte counts from wifi interface
W/Wifi    ( 5337): Failed to read packet and byte counts from wifi interface
W/Wifi    ( 5337): Failed to read packet and byte counts from wifi interface
W/Wifi    ( 5337): Failed to read packet and byte counts from wifi interface
W/Wifi    ( 5337): Failed to read packet and byte counts from wifi interface
W/Wifi    ( 5337): Failed to read packet and byte counts from wifi interface
W/Wifi    ( 5337): Failed to read packet and byte counts from wifi interface
W/Wifi    ( 5337): Failed to read packet and byte counts from wifi interface
W/Wifi    ( 5337): Failed to read packet and byte counts from wifi interface
W/Wifi    ( 5337): Failed to read packet and byte counts from wifi interface
W/Wifi    ( 5337): Failed to read packet and byte counts from wifi interface
W/Wifi    ( 5337): Failed to read packet and byte counts from wifi interface
W/Wifi    ( 5337): Failed to read packet and byte counts from wifi interface
W/Wifi    ( 5337): Failed to read packet and byte counts from wifi interface
W/Wifi    ( 5337): Failed to read packet and byte counts from wifi interface
I/vgn     ( 2588): 35-GetDeviceDataUploadOptInStatusOperation -- metadata{ service_id: 0 }
I/vgn     ( 2588): 35-GetDeviceDataUploadOptInStatusOperation -- metadata{ service_id: 0 }
W/Wifi    ( 5337): Failed to read packet and byte counts from wifi interface
E/WifiStateMachine( 2186): WifiStateMachine CMD_START_SCAN source -2 txSuccessRate=0.00 rxSuccessRate=0.06 targetRoamBSSID=any RSSI=-66
E/WifiStateMachine( 2186): WifiStateMachine starting scan for "YOU SHALL NOT PASS"WPA_PSK with 2437
W/Wifi    ( 5337): Failed to read packet and byte counts from wifi interface
W/Wifi    ( 5337): Failed to read packet and byte counts from wifi interface
W/Wifi    ( 5337): Failed to read packet and byte counts from wifi interface
W/Wifi    ( 5337): Failed to read packet and byte counts from wifi interface
W/Wifi    ( 5337): Failed to read packet and byte counts from wifi interface
W/Wifi    ( 5337): Failed to read packet and byte counts from wifi interface
W/Wifi    ( 5337): Failed to read packet and byte counts from wifi interface
W/Wifi    ( 5337): Failed to read packet and byte counts from wifi interface
W/Wifi    ( 5337): Failed to read packet and byte counts from wifi interface
W/Wifi    ( 5337): Failed to read packet and byte counts from wifi interface
W/Wifi    ( 5337): Failed to read packet and byte counts from wifi interface
W/Wifi    ( 5337): Failed to read packet and byte counts from wifi interface
W/Wifi    ( 5337): Failed to read packet and byte counts from wifi interface
W/Wifi    ( 5337): Failed to read packet and byte counts from wifi interface
W/Wifi    ( 5337): Failed to read packet and byte counts from wifi interface
W/Wifi    ( 5337): Failed to read packet and byte counts from wifi interface
W/Wifi    ( 5337): Failed to read packet and byte counts from wifi interface
W/Wifi    ( 5337): Failed to read packet and byte counts from wifi interface
W/Wifi    ( 5337): Failed to read packet and byte counts from wifi interface
W/Wifi    ( 5337): Failed to read packet and byte counts from wifi interface
E/WifiStateMachine( 2186): WifiStateMachine CMD_START_SCAN source -2 txSuccessRate=0.00 rxSuccessRate=0.56 targetRoamBSSID=any RSSI=-63
E/WifiStateMachine( 2186): WifiStateMachine starting scan for "YOU SHALL NOT PASS"WPA_PSK with 2437
W/Wifi    ( 5337): Failed to read packet and byte counts from wifi interface
W/Wifi    ( 5337): Failed to read packet and byte counts from wifi interface
W/Wifi    ( 5337): Failed to read packet and byte counts from wifi interface
W/Wifi    ( 5337): Failed to read packet and byte counts from wifi interface
W/Wifi    ( 5337): Failed to read packet and byte counts from wifi interface
W/Wifi    ( 5337): Failed to read packet and byte counts from wifi interface
W/Wifi    ( 5337): Failed to read packet and byte counts from wifi interface
W/Wifi    ( 5337): Failed to read packet and byte counts from wifi interface
W/Wifi    ( 5337): Failed to read packet and byte counts from wifi interface
W/Wifi    ( 5337): Failed to read packet and byte counts from wifi interface
W/Wifi    ( 5337): Failed to read packet and byte counts from wifi interface
W/Wifi    ( 5337): Failed to read packet and byte counts from wifi interface
W/Wifi    ( 5337): Failed to read packet and byte counts from wifi interface
W/Wifi    ( 5337): Failed to read packet and byte counts from wifi interface
I/EntropyMixer( 2186): Writing entropy...
I/ActivityManager( 2186): Start proc 22549:com.google.android.apps.plus/u0a68 for broadcast com.google.android.apps.plus/.service.BatteryReceiver
I/ActivityManager( 2186): Process com.google.process.gapps (pid 22425) has died
I/cr_BindingManager(18961): onTrimMemory: level=15, size=0
W/ResourcesManager(22549): Asset path '/system/framework/com.google.android.maps.jar' does not exist or contains no resources.
I/ActivityManager( 2186): Start proc 22573:android.process.media/u0a5 for content provider com.android.providers.media/.MediaProvider
E/SQLiteLog(22573): (283) recovered 1 frames from WAL file /data/user/0/com.android.providers.media/databases/external.db-wal
W/Wifi    ( 5337): Failed to read packet and byte counts from wifi interface
I/ActivityManager( 2186): Start proc 22595:com.google.process.gapps/u0a8 for content provider com.google.android.gsf/.gservices.GservicesProvider
E/lowmemorykiller(  151): Error writing /proc/22329/oom_score_adj; errno=22
I/GservicesProvider(22595): Gservices pushing to system: true; secure/global: true
I/ActivityManager( 2186): Start proc 22612:com.google.android.apps.photos/u0a66 for broadcast com.google.android.apps.photos/.scheduler.PowerReceiver
I/ActivityManager( 2186): Process com.google.android.gms.unstable (pid 22329) has died
I/cr_BindingManager(18961): onTrimMemory: level=10, size=0
I/GoogleHttpClient(22595): GMS http client unavailable, use old client
I/GoogleHttpClient(22595): GMS http client unavailable, use old client
I/art     ( 2186): Explicit concurrent mark sweep GC freed 257353(11MB) AllocSpace objects, 1(100KB) LOS objects, 33% free, 29MB/43MB, paused 972us total 131.693ms
E/tegra_memtrack_hal( 2186): failed to read header for pid 2186: Operation not permitted
E/tegra_memtrack_hal( 2186): failed to read header for pid 2186: Operation not permitted
E/tegra_memtrack_hal( 2186): failed to read header for pid 2186: Operation not permitted
E/tegra_memtrack_hal( 2186): failed to read header for pid 2186: Operation not permitted
E/tegra_memtrack_hal( 2186): failed to read header for pid 2186: Operation not permitted
W/Wifi    ( 5337): Failed to read packet and byte counts from wifi interface
W/Wifi    ( 5337): Failed to read packet and byte counts from wifi interface
W/Wifi    ( 5337): Failed to read packet and byte counts from wifi interface
W/Wifi    ( 5337): Failed to read packet and byte counts from wifi interface
W/Wifi    ( 5337): Failed to read packet and byte counts from wifi interface
E/WifiStateMachine( 2186): WifiStateMachine CMD_START_SCAN source -2 txSuccessRate=6.50 rxSuccessRate=5.88 targetRoamBSSID=any RSSI=-66
E/WifiStateMachine( 2186): WifiStateMachine starting scan for "YOU SHALL NOT PASS"WPA_PSK with 2437
W/Wifi    ( 5337): Failed to read packet and byte counts from wifi interface
W/Wifi    ( 5337): Failed to read packet and byte counts from wifi interface
W/Wifi    ( 5337): Failed to read packet and byte counts from wifi interface
W/Wifi    ( 5337): Failed to read packet and byte counts from wifi interface
I/MemoryTrimmer(20737): Trimming objects from memory, since app is in the background.
W/Wifi    ( 5337): Failed to read packet and byte counts from wifi interface
W/Wifi    ( 5337): Failed to read packet and byte counts from wifi interface
W/Wifi    ( 5337): Failed to read packet and byte counts from wifi interface
W/Wifi    ( 5337): Failed to read packet and byte counts from wifi interface
W/Wifi    ( 5337): Failed to read packet and byte counts from wifi interface
W/Wifi    ( 5337): Failed to read packet and byte counts from wifi interface
W/Wifi    ( 5337): Failed to read packet and byte counts from wifi interface
W/Wifi    ( 5337): Failed to read packet and byte counts from wifi interface
W/Wifi    ( 5337): Failed to read packet and byte counts from wifi interface
W/Wifi    ( 5337): Failed to read packet and byte counts from wifi interface
I/EntropyMixer( 2186): Writing entropy...
W/Wifi    ( 5337): Failed to read packet and byte counts from wifi interface
W/Wifi    ( 5337): Failed to read packet and byte counts from wifi interface
W/Wifi    ( 5337): Failed to read packet and byte counts from wifi interface
W/Wifi    ( 5337): Failed to read packet and byte counts from wifi interface
W/Wifi    ( 5337): Failed to read packet and byte counts from wifi interface
I/vgn     ( 2588): 35-GetDeviceDataUploadOptInStatusOperation -- metadata{ service_id: 0 }
I/vgn     ( 2588): 35-GetDeviceDataUploadOptInStatusOperation -- metadata{ service_id: 0 }
W/Wifi    ( 5337): Failed to read packet and byte counts from wifi interface
E/WifiStateMachine( 2186): WifiStateMachine CMD_START_SCAN source -2 txSuccessRate=0.03 rxSuccessRate=0.06 targetRoamBSSID=any RSSI=-59
E/WifiStateMachine( 2186): WifiStateMachine starting scan for "YOU SHALL NOT PASS"WPA_PSK with 2437
W/Wifi    ( 5337): Failed to read packet and byte counts from wifi interface
W/Wifi    ( 5337): Failed to read packet and byte counts from wifi interface
W/Wifi    ( 5337): Failed to read packet and byte counts from wifi interface
W/Wifi    ( 5337): Failed to read packet and byte counts from wifi interface
W/Wifi    ( 5337): Failed to read packet and byte counts from wifi interface
W/Wifi    ( 5337): Failed to read packet and byte counts from wifi interface
W/Wifi    ( 5337): Failed to read packet and byte counts from wifi interface
W/Wifi    ( 5337): Failed to read packet and byte counts from wifi interface
W/Wifi    ( 5337): Failed to read packet and byte counts from wifi interface
W/Wifi    ( 5337): Failed to read packet and byte counts from wifi interface
W/Wifi    ( 5337): Failed to read packet and byte counts from wifi interface
W/Wifi    ( 5337): Failed to read packet and byte counts from wifi interface
W/Wifi    ( 5337): Failed to read packet and byte counts from wifi interface
W/Wifi    ( 5337): Failed to read packet and byte counts from wifi interface
W/Wifi    ( 5337): Failed to read packet and byte counts from wifi interface
W/Wifi    ( 5337): Failed to read packet and byte counts from wifi interface
W/Wifi    ( 5337): Failed to read packet and byte counts from wifi interface
W/Wifi    ( 5337): Failed to read packet and byte counts from wifi interface
W/Wifi    ( 5337): Failed to read packet and byte counts from wifi interface
W/Wifi    ( 5337): Failed to read packet and byte counts from wifi interface
E/WifiStateMachine( 2186): WifiStateMachine CMD_START_SCAN source -2 txSuccessRate=0.31 rxSuccessRate=0.81 targetRoamBSSID=any RSSI=-60
E/WifiStateMachine( 2186): WifiStateMachine starting scan for "YOU SHALL NOT PASS"WPA_PSK with 2437
W/Wifi    ( 5337): Failed to read packet and byte counts from wifi interface
W/Wifi    ( 5337): Failed to read packet and byte counts from wifi interface
W/Wifi    ( 5337): Failed to read packet and byte counts from wifi interface
W/Wifi    ( 5337): Failed to read packet and byte counts from wifi interface
W/Wifi    ( 5337): Failed to read packet and byte counts from wifi interface
W/Wifi    ( 5337): Failed to read packet and byte counts from wifi interface
W/Wifi    ( 5337): Failed to read packet and byte counts from wifi interface
W/Wifi    ( 5337): Failed to read packet and byte counts from wifi interface
W/Wifi    ( 5337): Failed to read packet and byte counts from wifi interface
W/Wifi    ( 5337): Failed to read packet and byte counts from wifi interface
W/Wifi    ( 5337): Failed to read packet and byte counts from wifi interface
W/Wifi    ( 5337): Failed to read packet and byte counts from wifi interface
W/Wifi    ( 5337): Failed to read packet and byte counts from wifi interface
W/Wifi    ( 5337): Failed to read packet and byte counts from wifi interface
W/Wifi    ( 5337): Failed to read packet and byte counts from wifi interface
W/Wifi    ( 5337): Failed to read packet and byte counts from wifi interface
W/Wifi    ( 5337): Failed to read packet and byte counts from wifi interface
W/Wifi    ( 5337): Failed to read packet and byte counts from wifi interface
W/Wifi    ( 5337): Failed to read packet and byte counts from wifi interface
W/Wifi    ( 5337): Failed to read packet and byte counts from wifi interface
E/WifiStateMachine( 2186): WifiStateMachine CMD_START_SCAN source -2 txSuccessRate=0.00 rxSuccessRate=0.01 targetRoamBSSID=any RSSI=-63
E/WifiStateMachine( 2186): WifiStateMachine starting scan for "YOU SHALL NOT PASS"WPA_PSK with 2437
W/Wifi    ( 5337): Failed to read packet and byte counts from wifi interface
W/Wifi    ( 5337): Failed to read packet and byte counts from wifi interface
W/Wifi    ( 5337): Failed to read packet and byte counts from wifi interface
W/Wifi    ( 5337): Failed to read packet and byte counts from wifi interface
W/Wifi    ( 5337): Failed to read packet and byte counts from wifi interface
W/Wifi    ( 5337): Failed to read packet and byte counts from wifi interface
W/Wifi    ( 5337): Failed to read packet and byte counts from wifi interface
W/Wifi    ( 5337): Failed to read packet and byte counts from wifi interface
W/Wifi    ( 5337): Failed to read packet and byte counts from wifi interface
W/Wifi    ( 5337): Failed to read packet and byte counts from wifi interface
W/Wifi    ( 5337): Failed to read packet and byte counts from wifi interface
W/Wifi    ( 5337): Failed to read packet and byte counts from wifi interface
W/Wifi    ( 5337): Failed to read packet and byte counts from wifi interface
W/Wifi    ( 5337): Failed to read packet and byte counts from wifi interface
W/Wifi    ( 5337): Failed to read packet and byte counts from wifi interface
W/Wifi    ( 5337): Failed to read packet and byte counts from wifi interface
W/Wifi    ( 5337): Failed to read packet and byte counts from wifi interface
W/Wifi    ( 5337): Failed to read packet and byte counts from wifi interface
W/Wifi    ( 5337): Failed to read packet and byte counts from wifi interface
I/vgn     ( 2588): 35-GetDeviceDataUploadOptInStatusOperation -- metadata{ service_id: 0 }
I/vgn     ( 2588): 35-GetDeviceDataUploadOptInStatusOperation -- metadata{ service_id: 0 }
W/Wifi    ( 5337): Failed to read packet and byte counts from wifi interface
E/WifiStateMachine( 2186): WifiStateMachine CMD_START_SCAN source -2 txSuccessRate=0.00 rxSuccessRate=0.00 targetRoamBSSID=any RSSI=-61
E/WifiStateMachine( 2186): WifiStateMachine starting scan for "YOU SHALL NOT PASS"WPA_PSK with 2437
W/Wifi    ( 5337): Failed to read packet and byte counts from wifi interface
W/Wifi    ( 5337): Failed to read packet and byte counts from wifi interface
W/Wifi    ( 5337): Failed to read packet and byte counts from wifi interface
W/Wifi    ( 5337): Failed to read packet and byte counts from wifi interface
W/Wifi    ( 5337): Failed to read packet and byte counts from wifi interface
W/Wifi    ( 5337): Failed to read packet and byte counts from wifi interface
W/Wifi    ( 5337): Failed to read packet and byte counts from wifi interface
W/Wifi    ( 5337): Failed to read packet and byte counts from wifi interface
W/Wifi    ( 5337): Failed to read packet and byte counts from wifi interface
W/Wifi    ( 5337): Failed to read packet and byte counts from wifi interface
W/Wifi    ( 5337): Failed to read packet and byte counts from wifi interface
W/Wifi    ( 5337): Failed to read packet and byte counts from wifi interface
W/Wifi    ( 5337): Failed to read packet and byte counts from wifi interface
W/Wifi    ( 5337): Failed to read packet and byte counts from wifi interface
W/Wifi    ( 5337): Failed to read packet and byte counts from wifi interface
W/Wifi    ( 5337): Failed to read packet and byte counts from wifi interface
W/Wifi    ( 5337): Failed to read packet and byte counts from wifi interface
W/Wifi    ( 5337): Failed to read packet and byte counts from wifi interface
W/Wifi    ( 5337): Failed to read packet and byte counts from wifi interface
W/Wifi    ( 5337): Failed to read packet and byte counts from wifi interface
E/WifiStateMachine( 2186): WifiStateMachine CMD_START_SCAN source -2 txSuccessRate=0.00 rxSuccessRate=0.00 targetRoamBSSID=any RSSI=-61
W/Wifi    ( 5337): Failed to read packet and byte counts from wifi interface
W/ctxmgr  ( 2588): [AclManager]No 2 for (accnt=account#-517948760#, com.google.android.gms(10008):IndoorOutdoorProducer, vrsn=12685000, 0, 3pPkg = null ,  3pMdlId = null ,  pid = 2588). Was: 3 for 57, account#-517948760#
E/WifiNetworkScoreCache( 2186): updateScores list size=1
D/WifiService( 2186): New client listening to asynchronous messages
W/Wifi    ( 5337): Failed to read packet and byte counts from wifi interface
W/Wifi    ( 5337): Failed to read packet and byte counts from wifi interface
W/Wifi    ( 5337): Failed to read packet and byte counts from wifi interface
W/Wifi    ( 5337): Failed to read packet and byte counts from wifi interface
W/Wifi    ( 5337): Failed to read packet and byte counts from wifi interface
W/Wifi    ( 5337): Failed to read packet and byte counts from wifi interface
W/Wifi    ( 5337): Failed to read packet and byte counts from wifi interface
W/Wifi    ( 5337): Failed to read packet and byte counts from wifi interface
W/Wifi    ( 5337): Failed to read packet and byte counts from wifi interface
W/Wifi    ( 5337): Failed to read packet and byte counts from wifi interface
W/Wifi    ( 5337): Failed to read packet and byte counts from wifi interface
W/Wifi    ( 5337): Failed to read packet and byte counts from wifi interface
W/Wifi    ( 5337): Failed to read packet and byte counts from wifi interface
W/Wifi    ( 5337): Failed to read packet and byte counts from wifi interface
W/Wifi    ( 5337): Failed to read packet and byte counts from wifi interface
W/Wifi    ( 5337): Failed to read packet and byte counts from wifi interface
W/Wifi    ( 5337): Failed to read packet and byte counts from wifi interface
W/Wifi    ( 5337): Failed to read packet and byte counts from wifi interface
W/Wifi    ( 5337): Failed to read packet and byte counts from wifi interface
E/WifiStateMachine( 2186): WifiStateMachine CMD_START_SCAN source -2 txSuccessRate=0.69 rxSuccessRate=0.61 targetRoamBSSID=any RSSI=-62
E/WifiStateMachine( 2186): WifiStateMachine starting scan for "YOU SHALL NOT PASS"WPA_PSK with 2437
W/Wifi    ( 5337): Failed to read packet and byte counts from wifi interface
W/Wifi    ( 5337): Failed to read packet and byte counts from wifi interface
W/Wifi    ( 5337): Failed to read packet and byte counts from wifi interface
W/Wifi    ( 5337): Failed to read packet and byte counts from wifi interface
W/Wifi    ( 5337): Failed to read packet and byte counts from wifi interface
W/Wifi    ( 5337): Failed to read packet and byte counts from wifi interface
W/CPU     ( 5337): Failed to read cpu frequency
W/Wifi    ( 5337): Failed to read packet and byte counts from wifi interface
W/Wifi    ( 5337): Failed to read packet and byte counts from wifi interface
W/Wifi    ( 5337): Failed to read packet and byte counts from wifi interface
W/Wifi    ( 5337): Failed to read packet and byte counts from wifi interface
W/Wifi    ( 5337): Failed to read packet and byte counts from wifi interface
W/Wifi    ( 5337): Failed to read packet and byte counts from wifi interface
W/Wifi    ( 5337): Failed to read packet and byte counts from wifi interface
W/Wifi    ( 5337): Failed to read packet and byte counts from wifi interface
W/Wifi    ( 5337): Failed to read packet and byte counts from wifi interface
I/art     (26651): Background partial concurrent mark sweep GC freed 60810(4MB) AllocSpace objects, 83(1328KB) LOS objects, 40% free, 8MB/13MB, paused 7.014ms total 52.371ms
W/Wifi    ( 5337): Failed to read packet and byte counts from wifi interface
W/Wifi    ( 5337): Failed to read packet and byte counts from wifi interface
W/Wifi    ( 5337): Failed to read packet and byte counts from wifi interface
W/Wifi    ( 5337): Failed to read packet and byte counts from wifi interface
I/vgn     ( 2588): 35-GetDeviceDataUploadOptInStatusOperation -- metadata{ service_id: 0 }
I/vgn     ( 2588): 35-GetDeviceDataUploadOptInStatusOperation -- metadata{ service_id: 0 }
E/tegra_memtrack_hal( 2186): failed to read header for pid 2186: Operation not permitted
E/tegra_memtrack_hal( 2186): failed to read header for pid 2186: Operation not permitted
E/tegra_memtrack_hal( 2186): failed to read header for pid 2186: Operation not permitted
E/tegra_memtrack_hal( 2186): failed to read header for pid 2186: Operation not permitted
E/tegra_memtrack_hal( 2186): failed to read header for pid 2186: Operation not permitted
I/orc     ( 2588): 51-GetConfigurationSnapshotOperationCall -- metadata{ service_id: 0 }
I/ActivityManager( 2186): Start proc 22703:com.google.android.videos/u0a77 for service com.google.android.videos/.service.drm.RefreshLicenseTaskService
I/orc     ( 2588): 51-CommitToConfigurationOperationCall -- metadata{ service_id: 0 }
I/ActivityManager( 2186): Process com.google.android.googlequicksearchbox:search (pid 20737) has died
D/WifiService( 2186): Client connection lost with reason: 4
W/ResourcesManager(22703): Asset path '/system/framework/com.google.widevine.software.drm.jar' does not exist or contains no resources.
W/Wifi    ( 5337): Failed to read packet and byte counts from wifi interface
E/SQLiteLog(22703): (283) recovered 69 frames from WAL file /data/data/com.google.android.videos/databases/purchase_store.db-wal
I/ActivityManager( 2186): Start proc 22741:com.android.vending/u0a18 for service com.android.vending/com.google.android.finsky.contentfilterui.ContentFiltersService
W/Glide   (22703): Failed to find GeneratedAppGlideModule. You should include an annotationProcessor compile dependency on com.github.bumptech.glide:glide:compiler in your application and a @GlideModule annotated AppGlideModule implementation or LibraryGlideModules will be silently ignored
D/WifiService( 2186): acquireWifiLockLocked: WifiLock{com.google.android.videos.service.drm.LicenseRefresher_tasks type=3 binder=android.os.BinderProxy@1ef570f2}
I/ActivityManager( 2186): Process com.google.android.instantapps.supervisor (pid 22457) has died
I/cr_BindingManager(18961): onTrimMemory: level=10, size=0
D/WifiService( 2186): releaseWifiLockLocked: WifiLock{com.google.android.videos.service.drm.LicenseRefresher_tasks type=3 binder=android.os.BinderProxy@1ef570f2}
W/VideoCapabilities(22703): Unsupported mime video/mpeg2
W/AudioCapabilities(22703): Unsupported mime audio/mpeg-L2
W/VideoCapabilities(22703): Unrecognized level 0 for video/x-vnd.on2.vp8
I/VideoCapabilities(22703): Unsupported profile 4 for video/mp4v-es
E/WifiStateMachine( 2186): WifiStateMachine CMD_START_SCAN source -2 txSuccessRate=0.00 rxSuccessRate=0.03 targetRoamBSSID=any RSSI=-62
E/WifiStateMachine( 2186): WifiStateMachine starting scan for "YOU SHALL NOT PASS"WPA_PSK with 2437
I/art     ( 2186): Explicit concurrent mark sweep GC freed 185331(8MB) AllocSpace objects, 0(0B) LOS objects, 33% free, 28MB/43MB, paused 759us total 118.883ms
E/tegra_memtrack_hal( 2186): failed to read header for pid 2186: Operation not permitted
E/tegra_memtrack_hal( 2186): failed to read header for pid 2186: Operation not permitted
E/tegra_memtrack_hal( 2186): failed to read header for pid 2186: Operation not permitted
E/tegra_memtrack_hal( 2186): failed to read header for pid 2186: Operation not permitted
E/tegra_memtrack_hal( 2186): failed to read header for pid 2186: Operation not permitted
W/Wifi    ( 5337): Failed to read packet and byte counts from wifi interface
I/Finsky  (22741): [7231] com.google.android.finsky.ct.a.l.b(25): Started reading experiment flags from file [0tTSdLVFE1O4zdWuuw7alCw90j4].
I/Finsky  (22741): [7230] com.google.android.finsky.ct.a.l.b(25): Started reading experiment flags from file [SKocQA9EQQFTb-1gQsc5WsjVhGA].
I/Finsky  (22741): [7230] com.google.android.finsky.ct.a.l.b(61): Finished reading experiment flags from file [SKocQA9EQQFTb-1gQsc5WsjVhGA].
I/Finsky  (22741): [7231] com.google.android.finsky.ct.a.l.b(61): Finished reading experiment flags from file [0tTSdLVFE1O4zdWuuw7alCw90j4].
I/Finsky  (22741): [7231] com.google.android.finsky.ct.a.l.b(25): Started reading experiment flags from file [CQmb9nNGNCYSxJ4fDqYP5KpbS7Q].
I/Finsky  (22741): [7231] com.google.android.finsky.ct.a.l.b(61): Finished reading experiment flags from file [CQmb9nNGNCYSxJ4fDqYP5KpbS7Q].
I/ActivityManager( 2186): Process android.process.media (pid 22573) has died
I/cr_BindingManager(18961): onTrimMemory: level=10, size=0
I/ActivityManager( 2186): Process com.estrongs.android.pop:local (pid 19322) has died
W/ActivityManager( 2186): Scheduling restart of crashed service com.estrongs.android.pop/com.android.apps.pros.LocalCService in 1000ms
I/Finsky  (22741): [1] com.google.android.finsky.wear.bk.a(14): Component class com.google.android.finsky.wear.WearSupportService enabled via PackageManager.
I/Finsky  (22741): [1] com.google.android.finsky.wear.bk.a(14): Component class com.google.android.finsky.wear.WearChangeListenerService enabled via PackageManager.
I/Finsky  (22741): [1] com.google.android.finsky.application.impl.a.dh(2506): Not a unicorn device
W/Settings(22741): Setting download_manager_max_bytes_over_mobile has moved from android.provider.Settings.Secure to android.provider.Settings.Global.
W/Settings(22741): Setting download_manager_recommended_max_bytes_over_mobile has moved from android.provider.Settings.Secure to android.provider.Settings.Global.
W/linker  (22741): libcronet.68.0.3440.8.so: unused DT entry: type 0x6ffffef5 arg 0xa4dfc
W/linker  (22741): libcronet.68.0.3440.8.so: unused DT entry: type 0x6ffffffe arg 0xa4d9c
W/linker  (22741): libcronet.68.0.3440.8.so: unused DT entry: type 0x6fffffff arg 0x3
D/ConnectivityService( 2186): listenForNetwork for NetworkRequest [ id=553, legacyType=-1, [ Capabilities: INTERNET&NOT_RESTRICTED&TRUSTED] ]
D/ConnectivityService( 2186): handleRegisterNetworkRequest checking NetworkAgentInfo [WIFI () - 104]
D/ConnectivityService( 2186): apparently satisfied.  currentScore=60
D/ConnectivityManager.CallbackHandler(22741): CM callback handler got msg 524290
I/cr_CronetLibraryLoader(22741): Cronet version: 68.0.3440.8, arch: aarch64
I/Finsky  (22741): [1] com.google.android.finsky.scheduler.ba.<init>(18): Resetting scheduler db
I/Finsky  (22741): [7255] com.google.android.finsky.library.a.f.k(147): Loaded library for account: [bV0mn0Se6j8NQF4DT19QdaUy-_8]
I/Finsky  (22741): [7255] com.google.android.finsky.library.a.f.k(147): Loaded library for account: [P5yunbb7TLwMuMmBSoXgSFeZhaI]
I/Finsky  (22741): [7255] com.google.android.finsky.library.a.f.k(181): Finished loading 2 libraries.
I/Finsky  (22741): [1] com.google.android.finsky.splitinstallservice.bw.a(25): Connecting InstallListener to SplitInstallService broadcaster...
I/Finsky  (22741): [1] com.google.android.finsky.cg.a.a(48): Enabling bucket experiment: factor=1.000, zeroDelta=0ms, forceNetwork=true
I/Finsky  (22741): [1] com.google.android.finsky.cc.a.onTrimMemory(7): Memory trim requested to level 5
I/Finsky  (22741): [1] com.google.android.finsky.cc.a.onTrimMemory(7): Memory trim requested to level 10
I/Finsky  (22741): [1] com.google.android.finsky.cc.a.onTrimMemory(7): Memory trim requested to level 10
I/Finsky  (22741): [7224] com.google.android.finsky.dm.a.a(21): Will not allow first-party apps signed by test keys
I/Finsky  (22741): [7224] com.google.android.finsky.contentfilterui.m.a(13): Received content filters request from com.google.android.videos
I/ActivityManager( 2186): Process com.google.android.apps.photos (pid 22612) has died
I/cr_BindingManager(18961): onTrimMemory: level=10, size=0
I/Finsky  (22741): [1] com.google.android.finsky.installer.a.ai.a(238): Installer kick - no action, not running yet
I/Finsky  (22741): [1] com.google.android.finsky.cc.a.onTrimMemory(7): Memory trim requested to level 80
I/ActivityManager( 2186): Start proc 22821:android.process.media/u0a5 for content provider com.android.providers.downloads/.DownloadProvider
I/Finsky  (22741): [1] com.google.android.finsky.cc.a.onTrimMemory(7): Memory trim requested to level 80
F/PowerManager(19338): WakeLock finalized while still held: LockScreen ==KeepScreenOn==
F/PowerManager(19338): WakeLock finalized while still held: LockScreen ==KeepScreenOn==
I/Finsky  (22741): [1] com.google.android.finsky.cc.a.onTrimMemory(7): Memory trim requested to level 80
E/SQLiteLog(22821): (283) recovered 1 frames from WAL file /data/data/com.android.providers.media/databases/external.db-wal
I/Finsky  (22741): [1] com.google.android.finsky.installer.a.r.<init>(15): Not checking if recovering from paused session because experiment is off
W/Wifi    ( 5337): Failed to read packet and byte counts from wifi interface
I/ActivityManager( 2186): Start proc 22847:com.estrongs.android.pop:local/u0a89 for service com.estrongs.android.pop/com.android.apps.pros.LocalCService
I/ActivityManager( 2186): Process com.google.android.apps.plus (pid 22549) has died
D/WifiService( 2186): Client connection lost with reason: 4
I/cr_BindingManager(18961): onTrimMemory: level=10, size=0
I/ActivityManager( 2186): Process com.google.android.apps.gcs (pid 22468) has died
I/MultiDex(22847): VM with version 2.1.0 has multidex support
I/MultiDex(22847): install
I/MultiDex(22847): VM has multidex support, MultiDex support library is disabled.
I/MultiDex(22847): install
I/MultiDex(22847): VM has multidex support, MultiDex support library is disabled.
W/Wifi    ( 5337): Failed to read packet and byte counts from wifi interface
W/Wifi    ( 5337): Failed to read packet and byte counts from wifi interface
W/Wifi    ( 5337): Failed to read packet and byte counts from wifi interface
W/Wifi    ( 5337): Failed to read packet and byte counts from wifi interface
W/Wifi    ( 5337): Failed to read packet and byte counts from wifi interface
W/Wifi    ( 5337): Failed to read packet and byte counts from wifi interface
W/Wifi    ( 5337): Failed to read packet and byte counts from wifi interface
W/Wifi    ( 5337): Failed to read packet and byte counts from wifi interface
W/Wifi    ( 5337): Failed to read packet and byte counts from wifi interface
E/Finsky  (22741): [7232] com.google.android.finsky.am.c.a(34): Unable to build selector: /storage/emulated/0/Download/marketenvs.csv: open failed: ENOENT (No such file or directory)
I/Finsky  (22741): [7262] com.google.android.finsky.ct.a.a.a.b(90): Triggered update for experiment package com.google.android.finsky.stable.
I/Finsky  (22741): [7262] com.google.android.finsky.ct.a.a.a.b(111): Already at the latest configurations for experiment package com.google.android.finsky.stable.
I/Finsky  (22741): [7258] com.google.android.finsky.ct.a.a.a.b(90): Triggered update for experiment package com.google.android.finsky.regular.
I/Finsky  (22741): [7258] com.google.android.finsky.ct.a.a.a.b(111): Already at the latest configurations for experiment package com.google.android.finsky.regular.
I/Finsky  (22741): [7261] com.google.android.finsky.ct.a.a.a.b(90): Triggered update for experiment package com.google.android.finsky.regular.
I/Finsky  (22741): [7261] com.google.android.finsky.ct.a.a.a.b(111): Already at the latest configurations for experiment package com.google.android.finsky.regular.
I/Finsky  (22741): [7262] com.google.android.finsky.ct.a.a.a.b(90): Triggered update for experiment package com.google.android.finsky.regular.
I/Finsky  (22741): [7262] com.google.android.finsky.ct.a.l.b(25): Started reading experiment flags from file [v6B-2IolLQRBwrwPhscSaeg04As].
I/Finsky  (22741): [7262] com.google.android.finsky.ct.a.l.b(61): Finished reading experiment flags from file [v6B-2IolLQRBwrwPhscSaeg04As].
I/Finsky  (22741): [7262] com.google.android.finsky.ct.a.a.a.b(111): Already at the latest configurations for experiment package com.google.android.finsky.regular.
I/Finsky  (22741): [1] com.google.android.finsky.wear.WearSupportService.onStartCommand(26): Starting WearSupportService for send_installed_apps
I/Finsky  (22741): [1] com.google.android.finsky.wear.x.a(18): Connecting to wearable
I/WearableService( 2588): Wearable Services not starting - Wear is not available on this device.
W/WearableService( 2588): onGetService - Wear is not available on this device.
E/Finsky  (22741): [1] com.google.android.finsky.wear.y.a(3): onConnectionFailed: ConnectionResult{statusCode=API_UNAVAILABLE, resolution=null, message=null}
W/Finsky  (22741): [1] com.google.android.finsky.wear.x.b(31): GoogleApiClient instance is not connected when requested
W/Finsky  (22741): [1] com.google.android.finsky.wear.dq.run(16): Dropping command=send_installed_apps due to Gms not connected
I/Finsky  (22741): [1] com.google.android.finsky.wear.WearSupportService.b(65): Stopping WearSupportService
I/Finsky  (22741): [1] com.google.android.finsky.cc.a.onTrimMemory(7): Memory trim requested to level 80
I/ShortcutBadger(22741): Checking if platform supports badge counters, attempt 1/3.
I/ShortcutBadger(22741): Checking if platform supports badge counters, attempt 2/3.
I/ShortcutBadger(22741): Checking if platform supports badge counters, attempt 3/3.
W/ShortcutBadger(22741): Badge counter seems not supported in this platform: unable to resolve intent: Intent { act=android.intent.action.BADGE_COUNT_UPDATE (has extras) }
I/Finsky  (22741): [7258] com.google.android.finsky.verifier.impl.au.a(7): Restoring notifications
I/Finsky  (22741): [1] com.google.android.finsky.verifier.impl.au.c(24): Done restoring notifications
I/Finsky  (22741): [1] com.google.android.finsky.cc.a.onTrimMemory(7): Memory trim requested to level 80
I/Finsky  (22741): [1] com.google.android.finsky.setup.aw.run(25): Detected restoreservicev2://recovery not needed, will not run
W/Wifi    ( 5337): Failed to read packet and byte counts from wifi interface
W/Wifi    ( 5337): Failed to read packet and byte counts from wifi interface
W/Wifi    ( 5337): Failed to read packet and byte counts from wifi interface
W/Wifi    ( 5337): Failed to read packet and byte counts from wifi interface
W/Wifi    ( 5337): Failed to read packet and byte counts from wifi interface
I/WearableService( 2588): Wearable Services stopping
W/Wifi    ( 5337): Failed to read packet and byte counts from wifi interface
W/Wifi    ( 5337): Failed to read packet and byte counts from wifi interface
W/Wifi    ( 5337): Failed to read packet and byte counts from wifi interface
W/Wifi    ( 5337): Failed to read packet and byte counts from wifi interface
E/WifiStateMachine( 2186): WifiStateMachine CMD_START_SCAN source -2 txSuccessRate=0.00 rxSuccessRate=0.50 targetRoamBSSID=any RSSI=-62
E/WifiStateMachine( 2186): WifiStateMachine starting scan for "YOU SHALL NOT PASS"WPA_PSK with 2437
W/Wifi    ( 5337): Failed to read packet and byte counts from wifi interface
W/Wifi    ( 5337): Failed to read packet and byte counts from wifi interface
W/Wifi    ( 5337): Failed to read packet and byte counts from wifi interface
W/Wifi    ( 5337): Failed to read packet and byte counts from wifi interface
W/Wifi    ( 5337): Failed to read packet and byte counts from wifi interface
W/Wifi    ( 5337): Failed to read packet and byte counts from wifi interface
W/Wifi    ( 5337): Failed to read packet and byte counts from wifi interface
W/Wifi    ( 5337): Failed to read packet and byte counts from wifi interface
W/Wifi    ( 5337): Failed to read packet and byte counts from wifi interface
W/Wifi    ( 5337): Failed to read packet and byte counts from wifi interface
W/Wifi    ( 5337): Failed to read packet and byte counts from wifi interface
W/Wifi    ( 5337): Failed to read packet and byte counts from wifi interface
W/Wifi    ( 5337): Failed to read packet and byte counts from wifi interface
W/Wifi    ( 5337): Failed to read packet and byte counts from wifi interface
W/Wifi    ( 5337): Failed to read packet and byte counts from wifi interface
W/Wifi    ( 5337): Failed to read packet and byte counts from wifi interface
W/Wifi    ( 5337): Failed to read packet and byte counts from wifi interface
W/Wifi    ( 5337): Failed to read packet and byte counts from wifi interface
W/Wifi    ( 5337): Failed to read packet and byte counts from wifi interface
W/Wifi    ( 5337): Failed to read packet and byte counts from wifi interface
E/WifiStateMachine( 2186): WifiStateMachine CMD_START_SCAN source -2 txSuccessRate=0.00 rxSuccessRate=0.00 targetRoamBSSID=any RSSI=-62
E/WifiStateMachine( 2186): WifiStateMachine starting scan for "YOU SHALL NOT PASS"WPA_PSK with 2437
W/Wifi    ( 5337): Failed to read packet and byte counts from wifi interface
I/UsageStatsService( 2186): User[0] Flushing usage stats to disk
W/Wifi    ( 5337): Failed to read packet and byte counts from wifi interface
W/Wifi    ( 5337): Failed to read packet and byte counts from wifi interface
W/Wifi    ( 5337): Failed to read packet and byte counts from wifi interface
W/Wifi    ( 5337): Failed to read packet and byte counts from wifi interface
W/Wifi    ( 5337): Failed to read packet and byte counts from wifi interface
W/Wifi    ( 5337): Failed to read packet and byte counts from wifi interface
W/Wifi    ( 5337): Failed to read packet and byte counts from wifi interface
W/Wifi    ( 5337): Failed to read packet and byte counts from wifi interface
W/Wifi    ( 5337): Failed to read packet and byte counts from wifi interface
W/Wifi    ( 5337): Failed to read packet and byte counts from wifi interface
W/Wifi    ( 5337): Failed to read packet and byte counts from wifi interface
W/Wifi    ( 5337): Failed to read packet and byte counts from wifi interface
W/Wifi    ( 5337): Failed to read packet and byte counts from wifi interface
W/Wifi    ( 5337): Failed to read packet and byte counts from wifi interface
W/Wifi    ( 5337): Failed to read packet and byte counts from wifi interface
W/Wifi    ( 5337): Failed to read packet and byte counts from wifi interface
W/Wifi    ( 5337): Failed to read packet and byte counts from wifi interface
W/Wifi    ( 5337): Failed to read packet and byte counts from wifi interface
I/vgn     ( 2588): 35-GetDeviceDataUploadOptInStatusOperation -- metadata{ service_id: 0 }
I/vgn     ( 2588): 35-GetDeviceDataUploadOptInStatusOperation -- metadata{ service_id: 0 }
W/Wifi    ( 5337): Failed to read packet and byte counts from wifi interface
E/WifiStateMachine( 2186): WifiStateMachine CMD_START_SCAN source -2 txSuccessRate=0.00 rxSuccessRate=0.00 targetRoamBSSID=any RSSI=-62
E/WifiStateMachine( 2186): WifiStateMachine starting scan for "YOU SHALL NOT PASS"WPA_PSK with 2437
W/Wifi    ( 5337): Failed to read packet and byte counts from wifi interface
W/Wifi    ( 5337): Failed to read packet and byte counts from wifi interface
W/Wifi    ( 5337): Failed to read packet and byte counts from wifi interface
W/Wifi    ( 5337): Failed to read packet and byte counts from wifi interface
W/Wifi    ( 5337): Failed to read packet and byte counts from wifi interface
W/Wifi    ( 5337): Failed to read packet and byte counts from wifi interface
W/Wifi    ( 5337): Failed to read packet and byte counts from wifi interface
W/Wifi    ( 5337): Failed to read packet and byte counts from wifi interface
W/Wifi    ( 5337): Failed to read packet and byte counts from wifi interface
W/Wifi    ( 5337): Failed to read packet and byte counts from wifi interface
W/Wifi    ( 5337): Failed to read packet and byte counts from wifi interface
W/Wifi    ( 5337): Failed to read packet and byte counts from wifi interface
W/Wifi    ( 5337): Failed to read packet and byte counts from wifi interface
W/Wifi    ( 5337): Failed to read packet and byte counts from wifi interface
W/Wifi    ( 5337): Failed to read packet and byte counts from wifi interface
W/Wifi    ( 5337): Failed to read packet and byte counts from wifi interface
W/Wifi    ( 5337): Failed to read packet and byte counts from wifi interface
W/Wifi    ( 5337): Failed to read packet and byte counts from wifi interface
W/Wifi    ( 5337): Failed to read packet and byte counts from wifi interface
W/Wifi    ( 5337): Failed to read packet and byte counts from wifi interface
E/WifiStateMachine( 2186): WifiStateMachine CMD_START_SCAN source -2 txSuccessRate=0.00 rxSuccessRate=0.50 targetRoamBSSID=any RSSI=-62
E/WifiStateMachine( 2186): WifiStateMachine starting scan for "YOU SHALL NOT PASS"WPA_PSK with 2437
W/Wifi    ( 5337): Failed to read packet and byte counts from wifi interface
W/Wifi    ( 5337): Failed to read packet and byte counts from wifi interface
W/Wifi    ( 5337): Failed to read packet and byte counts from wifi interface
W/Wifi    ( 5337): Failed to read packet and byte counts from wifi interface
W/Wifi    ( 5337): Failed to read packet and byte counts from wifi interface
W/Wifi    ( 5337): Failed to read packet and byte counts from wifi interface
W/Wifi    ( 5337): Failed to read packet and byte counts from wifi interface
W/Wifi    ( 5337): Failed to read packet and byte counts from wifi interface
W/Wifi    ( 5337): Failed to read packet and byte counts from wifi interface
W/Wifi    ( 5337): Failed to read packet and byte counts from wifi interface
W/Wifi    ( 5337): Failed to read packet and byte counts from wifi interface
W/Wifi    ( 5337): Failed to read packet and byte counts from wifi interface
W/Wifi    ( 5337): Failed to read packet and byte counts from wifi interface
W/Wifi    ( 5337): Failed to read packet and byte counts from wifi interface
W/Wifi    ( 5337): Failed to read packet and byte counts from wifi interface
W/Wifi    ( 5337): Failed to read packet and byte counts from wifi interface
W/Wifi    ( 5337): Failed to read packet and byte counts from wifi interface
W/Wifi    ( 5337): Failed to read packet and byte counts from wifi interface
W/Wifi    ( 5337): Failed to read packet and byte counts from wifi interface
W/Wifi    ( 5337): Failed to read packet and byte counts from wifi interface
E/WifiStateMachine( 2186): WifiStateMachine CMD_START_SCAN source -2 txSuccessRate=0.00 rxSuccessRate=0.00 targetRoamBSSID=any RSSI=-62
E/WifiStateMachine( 2186): WifiStateMachine starting scan for "YOU SHALL NOT PASS"WPA_PSK with 2437
W/Wifi    ( 5337): Failed to read packet and byte counts from wifi interface
W/Wifi    ( 5337): Failed to read packet and byte counts from wifi interface
W/Wifi    ( 5337): Failed to read packet and byte counts from wifi interface
W/Wifi    ( 5337): Failed to read packet and byte counts from wifi interface
W/Wifi    ( 5337): Failed to read packet and byte counts from wifi interface
W/Wifi    ( 5337): Failed to read packet and byte counts from wifi interface
W/Wifi    ( 5337): Failed to read packet and byte counts from wifi interface
W/Wifi    ( 5337): Failed to read packet and byte counts from wifi interface
W/Wifi    ( 5337): Failed to read packet and byte counts from wifi interface
W/Wifi    ( 5337): Failed to read packet and byte counts from wifi interface
W/Wifi    ( 5337): Failed to read packet and byte counts from wifi interface
W/Wifi    ( 5337): Failed to read packet and byte counts from wifi interface
W/Wifi    ( 5337): Failed to read packet and byte counts from wifi interface
W/Wifi    ( 5337): Failed to read packet and byte counts from wifi interface
W/Wifi    ( 5337): Failed to read packet and byte counts from wifi interface
W/Wifi    ( 5337): Failed to read packet and byte counts from wifi interface
W/Wifi    ( 5337): Failed to read packet and byte counts from wifi interface
W/Wifi    ( 5337): Failed to read packet and byte counts from wifi interface
W/Wifi    ( 5337): Failed to read packet and byte counts from wifi interface
W/Wifi    ( 5337): Failed to read packet and byte counts from wifi interface
E/WifiStateMachine( 2186): WifiStateMachine CMD_START_SCAN source -2 txSuccessRate=0.00 rxSuccessRate=0.00 targetRoamBSSID=any RSSI=-62
E/WifiStateMachine( 2186): WifiStateMachine starting scan for "YOU SHALL NOT PASS"WPA_PSK with 2437
W/Wifi    ( 5337): Failed to read packet and byte counts from wifi interface
W/Wifi    ( 5337): Failed to read packet and byte counts from wifi interface
W/Wifi    ( 5337): Failed to read packet and byte counts from wifi interface
W/Wifi    ( 5337): Failed to read packet and byte counts from wifi interface
W/Wifi    ( 5337): Failed to read packet and byte counts from wifi interface
W/Wifi    ( 5337): Failed to read packet and byte counts from wifi interface
W/Wifi    ( 5337): Failed to read packet and byte counts from wifi interface
W/Wifi    ( 5337): Failed to read packet and byte counts from wifi interface
W/Wifi    ( 5337): Failed to read packet and byte counts from wifi interface
W/Wifi    ( 5337): Failed to read packet and byte counts from wifi interface
W/Wifi    ( 5337): Failed to read packet and byte counts from wifi interface
