I/MicrophoneInputStream( 1061): mic_starting com.google.android.apps.gsa.speech.audio.af@2f9be462
I/SoundTriggerHwService::Module(  204): void android::SoundTriggerHwService::Module::onCallbackEvent(const android::sp<android::SoundTriggerHwService::CallbackEvent>&) mClient == 0
I/AudioFlinger(  204): AudioFlinger's thread 0xab3475c0 ready to run
I/MicrophoneInputStream( 1061): mic_started com.google.android.apps.gsa.speech.audio.af@2f9be462
I/GeofencerStateMachine( 1173): sendNewTransitions called.
W/ctxmgr  ( 1173): [AclManager]No 3 for (accnt=account#-517948760#, com.google.android.gms(10008):UserVelocityProducer, vrsn=12685011, 0, 3pPkg = null ,  3pMdlId = null ,  pid = 1173). Was: 3 for 1, account#-517948760#
E/SQLiteLog( 1173): (2067) abort at 35 in [INSERT INTO context(context_name,end_time,context_family,module_id,version,sync_state_mod_time_millis,start_time,sync_state,context_id,time_type,proto_blob) VALUES (?,?,?,?,?,?,?,?,?,?,?)]: UNI
E/SQLiteLog( 1173): (2067) abort at 35 in [INSERT INTO context(context_name,end_time,context_family,module_id,version,sync_state_mod_time_millis,start_time,sync_state,context_id,time_type,proto_blob) VALUES (?,?,?,?,?,?,?,?,?,?,?)]: UNI
E/SQLiteLog( 1173): (2067) abort at 35 in [INSERT INTO context(context_name,end_time,context_family,module_id,version,sync_state_mod_time_millis,start_time,sync_state,context_id,time_type,proto_blob) VALUES (?,?,?,?,?,?,?,?,?,?,?)]: UNI
I/vgn     ( 1173): 67-RequestPlaceUpdates -- metadata{ service_id: 0 }
D/AndroidRuntime(15647): >>>>>> START com.android.internal.os.RuntimeInit uid 2000 <<<<<<
D/AndroidRuntime(15647): CheckJNI is OFF
I/MicroDetectionWorker( 1061): onReady
I/art     ( 1173): Explicit concurrent mark sweep GC freed 132341(6MB) AllocSpace objects, 39(2MB) LOS objects, 37% free, 26MB/42MB, paused 4.218ms total 161.423ms
I/GeofencerStateMachine( 1173): removeGeofences: removeRequest=RemoveGeofencingRequest[REMOVE_BY_PENDING_INTENT pendingIntent=PendingIntent[creatorPackage=com.google.android.gms], packageName=null]
W/OpenGLRenderer(  980): Incorrectly called buildLayer on View: ShortcutAndWidgetContainer, destroying layer...
I/GeofencerStateMachine( 1173): removeGeofences: removeRequest=RemoveGeofencingRequest[REMOVE_BY_PENDING_INTENT pendingIntent=PendingIntent[creatorPackage=com.google.android.gms], packageName=null]
I/PlaceInferenceEngine( 1173): [anon] Changed inference mode: 0
W/ctxmgr  ( 1173): [AclManager]No 2 for (accnt=account#-517948760#, com.google.android.gms(10008):UserLocationProducer, vrsn=12685000, 0, 3pPkg = null ,  3pMdlId = null ,  pid = 1173). Was: 3 for 1, account#-517948760#
W/ctxmgr  ( 1173): [AclManager]No 2 for (accnt=account#1644684176#, com.google.android.gms(10008):UserLocationProducer, vrsn=12685000, 0, 3pPkg = null ,  3pMdlId = null ,  pid = 1173). Was: 2 for 1, account#1644684176#
W/Wifi    ( 3495): Failed to read packet and byte counts from wifi interface
W/ctxmgr  ( 1173): [AclManager]No 2 for (accnt=account#1813920180#, com.google.android.gms(10008):UserLocationProducer, vrsn=12685000, 0, 3pPkg = null ,  3pMdlId = null ,  pid = 1173). Was: 2 for 1, account#1813920180#
I/vgn     ( 1173): 67-RequestPlaceUpdates -- metadata{ service_id: 0 }
I/Places  ( 1173): ?: PlacesBleScanner start() with priority 2
I/PlaceInferenceEngine( 1173): [anon] Changed inference mode: 1
I/Places  ( 1173): Converted 13 out of 13 WiFi scans
D/BluetoothAdapter( 1173): 1039998840: getState() :  mService = null. Returning STATE_OFF
I/BeaconBle( 1173): Using BLE 'L' hardware layer
I/PlaceInferenceEngine( 1173): [anon] Changed inference mode: 1
I/BeaconBle( 1173): Client requested scan, settings=BleSettings [scanMode=ZERO_POWER, callbackType=ALL_MATCHES, reportDelayMillis=0, 1 filters, 0 clients, callingClientName=Places]
E/BeaconBle( 1173): Scan couldn't start for Places
W/Places  ( 1173): BLE failure while scanning - code 5
W/System.err( 8190): android.content.pm.PackageManager$NameNotFoundException
W/System.err( 8190): 	at android.app.ApplicationPackageManager.getPackageInfo(ApplicationPackageManager.java:114)
W/System.err( 8190): 	at com.estrongs.android.pop.app.c.ai.c(Unknown Source)
W/System.err( 8190): 	at com.estrongs.android.pop.app.c.ai.a(Unknown Source)
W/System.err( 8190): 	at com.estrongs.android.pop.app.scene.e.q.a(Unknown Source)
W/System.err( 8190): 	at com.estrongs.android.scanner.c.m.run(Unknown Source)
W/System.err( 8190): 	at java.util.concurrent.ThreadPoolExecutor.runWorker(ThreadPoolExecutor.java:1112)
W/System.err( 8190): 	at java.util.concurrent.ThreadPoolExecutor$Worker.run(ThreadPoolExecutor.java:587)
W/System.err( 8190): 	at java.lang.Thread.run(Thread.java:818)
W/System.err( 8190): android.content.pm.PackageManager$NameNotFoundException
W/System.err( 8190): 	at android.app.ApplicationPackageManager.getPackageInfo(ApplicationPackageManager.java:114)
W/System.err( 8190): 	at com.estrongs.android.pop.app.c.ai.c(Unknown Source)
W/System.err( 8190): 	at com.estrongs.android.pop.app.c.ai.a(Unknown Source)
W/System.err( 8190): 	at com.estrongs.android.pop.app.scene.e.q.a(Unknown Source)
W/System.err( 8190): 	at com.estrongs.android.scanner.c.m.run(Unknown Source)
W/System.err( 8190): 	at java.util.concurrent.ThreadPoolExecutor.runWorker(ThreadPoolExecutor.java:1112)
W/System.err( 8190): 	at java.util.concurrent.ThreadPoolExecutor$Worker.run(ThreadPoolExecutor.java:587)
W/System.err( 8190): 	at java.lang.Thread.run(Thread.java:818)
I/PlaceInferenceEngine( 1173): No beacon scan available - ignoring candidates.
D/AndroidRuntime(15647): Calling main entry com.android.commands.pm.Pm
I/ActivityManager(  471): Force stopping com.android.chrome appid=10035 user=0: clear data
D/TaskPersister(  471): removeObsoleteFile: deleting file=4251_task.xml
D/TaskPersister(  471): removeObsoleteFile: deleting file=4251_task_thumbnail.png
I/GeofencerStateMachine( 1173): removeGeofences: removeRequest=RemoveGeofencingRequest[REMOVE_ALL packageName=com.android.chrome]
D/Documents( 9553): Update found 8 roots in 22ms
I/LocationSettingsChecker( 1040): Removing dialog suppression flag for package com.android.chrome
I/Icing   ( 1040): doRemovePackageData com.android.chrome
I/Icing   ( 1040): Removing corpus key 94FBE96EEF13B8AC56FE8C01687FD8A6012559AC for package com.android.chrome
I/art     (15647): System.exit called, status: 0
I/AndroidRuntime(15647): VM exiting with result code 0.
I/Icing   ( 1040): Flash index sort hb 5 prefix-hits 27 -> 20 at 7.969ms
I/Icing   ( 1040): updateResources: need to parse xax{com.android.chrome}
I/Icing   ( 1040): Indexing 94FBE96EEF13B8AC56FE8C01687FD8A6012559AC from com.android.chrome
I/ActivityManager(  471): Start proc 15690:com.android.chrome/u0a35 for content provider com.android.chrome/com.google.android.apps.chrome.icing.IcingProvider
I/art     (  471): Explicit concurrent mark sweep GC freed 109119(5MB) AllocSpace objects, 67(4MB) LOS objects, 33% free, 25MB/38MB, paused 539us total 108.133ms
W/Wifi    ( 3495): Failed to read packet and byte counts from wifi interface
W/DynamiteModule(15690): Local module descriptor class for com.google.android.gms.googlecertificates not found.
I/DynamiteModule(15690): Considering local module com.google.android.gms.googlecertificates:0 and remote module com.google.android.gms.googlecertificates:4
I/DynamiteModule(15690): Selected remote version of com.google.android.gms.googlecertificates, version >= 4
W/ResourcesManager(15690): Asset path '/system/framework/com.android.media.remotedisplay.jar' does not exist or contains no resources.
W/ResourcesManager(15690): Asset path '/system/framework/com.android.location.provider.jar' does not exist or contains no resources.
I/Icing   ( 1040): Indexing done 94FBE96EEF13B8AC56FE8C01687FD8A6012559AC
W/ctxmgr  ( 1173): [AclManager]No 2 for (accnt=account#-517948760#, com.google.android.gms(10008):PlacesProducer, vrsn=12685000, 0, 3pPkg = null ,  3pMdlId = null ,  pid = 1173). Was: 3 for 18, account#-517948760#
W/Wifi    ( 3495): Failed to read packet and byte counts from wifi interface
W/Wifi    ( 3495): Failed to read packet and byte counts from wifi interface
D/AndroidRuntime(15730): >>>>>> START com.android.internal.os.RuntimeInit uid 2000 <<<<<<
D/AndroidRuntime(15730): CheckJNI is OFF
W/Wifi    ( 3495): Failed to read packet and byte counts from wifi interface
D/AndroidRuntime(15730): Calling main entry com.android.commands.am.Am
I/Trepn   (14984): Trepn 6.2s: Received intent: com.quicinc.trepn.export_to_csv; filename: Trepn_2018.06.16_144445.db; filename: HT4AMJT02334_Trepn_2018.06.16_144445.csv
D/AndroidRuntime(15730): Shutting down VM
W/FileUtils(14984): Failed to chmod(/storage/emulated/0/trepn/Trepn_2018.06.16_144445.db): android.system.ErrnoException: chmod failed: EPERM (Operation not permitted)
W/Wifi    ( 3495): Failed to read packet and byte counts from wifi interface
W/Wifi    ( 3495): Failed to read packet and byte counts from wifi interface
W/System.err( 8190): android.content.pm.PackageManager$NameNotFoundException
W/System.err( 8190): 	at android.app.ApplicationPackageManager.getPackageInfo(ApplicationPackageManager.java:114)
W/System.err( 8190): 	at com.estrongs.android.pop.app.c.ai.c(Unknown Source)
W/System.err( 8190): 	at com.estrongs.android.pop.app.c.ai.a(Unknown Source)
W/System.err( 8190): 	at com.estrongs.android.pop.app.scene.e.q.a(Unknown Source)
W/System.err( 8190): 	at com.estrongs.android.scanner.c.m.run(Unknown Source)
W/System.err( 8190): 	at java.util.concurrent.ThreadPoolExecutor.runWorker(ThreadPoolExecutor.java:1112)
W/System.err( 8190): 	at java.util.concurrent.ThreadPoolExecutor$Worker.run(ThreadPoolExecutor.java:587)
W/System.err( 8190): 	at java.lang.Thread.run(Thread.java:818)
W/System.err( 8190): android.content.pm.PackageManager$NameNotFoundException
W/System.err( 8190): 	at android.app.ApplicationPackageManager.getPackageInfo(ApplicationPackageManager.java:114)
W/System.err( 8190): 	at com.estrongs.android.pop.app.c.ai.c(Unknown Source)
W/System.err( 8190): 	at com.estrongs.android.pop.app.c.ai.a(Unknown Source)
W/System.err( 8190): 	at com.estrongs.android.pop.app.scene.e.q.a(Unknown Source)
W/System.err( 8190): 	at com.estrongs.android.scanner.c.m.run(Unknown Source)
W/System.err( 8190): 	at java.util.concurrent.ThreadPoolExecutor.runWorker(ThreadPoolExecutor.java:1112)
W/System.err( 8190): 	at java.util.concurrent.ThreadPoolExecutor$Worker.run(ThreadPoolExecutor.java:587)
W/System.err( 8190): 	at java.lang.Thread.run(Thread.java:818)
W/System.err( 8190): android.content.pm.PackageManager$NameNotFoundException
W/System.err( 8190): 	at android.app.ApplicationPackageManager.getPackageInfo(ApplicationPackageManager.java:114)
W/System.err( 8190): 	at com.estrongs.android.pop.app.c.ai.c(Unknown Source)
W/System.err( 8190): 	at com.estrongs.android.pop.app.c.ai.a(Unknown Source)
W/System.err( 8190): 	at com.estrongs.android.pop.app.scene.e.q.a(Unknown Source)
W/System.err( 8190): 	at com.estrongs.android.scanner.c.m.run(Unknown Source)
W/System.err( 8190): 	at java.util.concurrent.ThreadPoolExecutor.runWorker(ThreadPoolExecutor.java:1112)
W/System.err( 8190): 	at java.util.concurrent.ThreadPoolExecutor$Worker.run(ThreadPoolExecutor.java:587)
W/System.err( 8190): 	at java.lang.Thread.run(Thread.java:818)
W/System.err( 8190): android.content.pm.PackageManager$NameNotFoundException
W/System.err( 8190): 	at android.app.ApplicationPackageManager.getPackageInfo(ApplicationPackageManager.java:114)
W/System.err( 8190): 	at com.estrongs.android.pop.app.c.ai.c(Unknown Source)
W/System.err( 8190): 	at com.estrongs.android.pop.app.c.ai.a(Unknown Source)
W/System.err( 8190): 	at com.estrongs.android.pop.app.scene.e.q.a(Unknown Source)
W/System.err( 8190): 	at com.estrongs.android.scanner.c.m.run(Unknown Source)
W/System.err( 8190): 	at java.util.concurrent.ThreadPoolExecutor.runWorker(ThreadPoolExecutor.java:1112)
W/System.err( 8190): 	at java.util.concurrent.ThreadPoolExecutor$Worker.run(ThreadPoolExecutor.java:587)
W/System.err( 8190): 	at java.lang.Thread.run(Thread.java:818)
W/Wifi    ( 3495): Failed to read packet and byte counts from wifi interface
W/Wifi    ( 3495): Failed to read packet and byte counts from wifi interface
W/Wifi    ( 3495): Failed to read packet and byte counts from wifi interface
W/Wifi    ( 3495): Failed to read packet and byte counts from wifi interface
E/WifiStateMachine(  471): WifiStateMachine CMD_START_SCAN source -2 txSuccessRate=2.97 rxSuccessRate=1.60 targetRoamBSSID=02:1d:aa:3c:3d:e8 RSSI=-55
E/WifiStateMachine(  471): WifiStateMachine starting scan for "BagelPeace"WPA_PSK with 2462,5180
W/Wifi    ( 3495): Failed to read packet and byte counts from wifi interface
W/Wifi    ( 3495): Failed to read packet and byte counts from wifi interface
W/Wifi    ( 3495): Failed to read packet and byte counts from wifi interface
W/Wifi    ( 3495): Failed to read packet and byte counts from wifi interface
W/Wifi    ( 3495): Failed to read packet and byte counts from wifi interface
I/ProcessStatsService(  471): Prepared write state in 4ms
I/ProcessStatsService(  471): Pruning old procstats: /data/system/procstats/state-2018-06-13-20-14-47.bin
W/Wifi    ( 3495): Failed to read packet and byte counts from wifi interface
W/Wifi    ( 3495): Failed to read packet and byte counts from wifi interface
W/Wifi    ( 3495): Failed to read packet and byte counts from wifi interface
W/Wifi    ( 3495): Failed to read packet and byte counts from wifi interface
W/Wifi    ( 3495): Failed to read packet and byte counts from wifi interface
W/Wifi    ( 3495): Failed to read packet and byte counts from wifi interface
W/Wifi    ( 3495): Failed to read packet and byte counts from wifi interface
W/Wifi    ( 3495): Failed to read packet and byte counts from wifi interface
W/Wifi    ( 3495): Failed to read packet and byte counts from wifi interface
W/Wifi    ( 3495): Failed to read packet and byte counts from wifi interface
I/vgn     ( 1173): 35-GetDeviceDataUploadOptInStatusOperation -- metadata{ service_id: 0 }
I/vgn     ( 1173): 35-GetDeviceDataUploadOptInStatusOperation -- metadata{ service_id: 0 }
W/Wifi    ( 3495): Failed to read packet and byte counts from wifi interface
W/Wifi    ( 3495): Failed to read packet and byte counts from wifi interface
W/Wifi    ( 3495): Failed to read packet and byte counts from wifi interface
W/Wifi    ( 3495): Failed to read packet and byte counts from wifi interface
W/Wifi    ( 3495): Failed to read packet and byte counts from wifi interface
E/WifiStateMachine(  471): WifiStateMachine CMD_START_SCAN source -2 txSuccessRate=0.01 rxSuccessRate=0.01 targetRoamBSSID=02:1d:aa:3c:3d:e8 RSSI=-55
E/WifiStateMachine(  471): WifiStateMachine starting scan for "BagelPeace"WPA_PSK with 2462,5180
W/Wifi    ( 3495): Failed to read packet and byte counts from wifi interface
W/Wifi    ( 3495): Failed to read packet and byte counts from wifi interface
W/Wifi    ( 3495): Failed to read packet and byte counts from wifi interface
W/Wifi    ( 3495): Failed to read packet and byte counts from wifi interface
W/Wifi    ( 3495): Failed to read packet and byte counts from wifi interface
W/Wifi    ( 3495): Failed to read packet and byte counts from wifi interface
W/Wifi    ( 3495): Failed to read packet and byte counts from wifi interface
W/Wifi    ( 3495): Failed to read packet and byte counts from wifi interface
W/Wifi    ( 3495): Failed to read packet and byte counts from wifi interface
W/Wifi    ( 3495): Failed to read packet and byte counts from wifi interface
W/Wifi    ( 3495): Failed to read packet and byte counts from wifi interface
W/Wifi    ( 3495): Failed to read packet and byte counts from wifi interface
W/Wifi    ( 3495): Failed to read packet and byte counts from wifi interface
W/Wifi    ( 3495): Failed to read packet and byte counts from wifi interface
W/Wifi    ( 3495): Failed to read packet and byte counts from wifi interface
W/Wifi    ( 3495): Failed to read packet and byte counts from wifi interface
W/Wifi    ( 3495): Failed to read packet and byte counts from wifi interface
W/Wifi    ( 3495): Failed to read packet and byte counts from wifi interface
W/Wifi    ( 3495): Failed to read packet and byte counts from wifi interface
W/Wifi    ( 3495): Failed to read packet and byte counts from wifi interface
I/vgn     ( 1173): 35-GetSettingsCacheOperation -- metadata{ service_id: 0 }
I/vgn     ( 1173): 35-GetSettingsCacheOperation -- metadata{ service_id: 0 }
I/Auth    ( 1173): [ReflectiveChannelBinder] Successfully bound channel!
W/Conscrypt( 1173): Could not set socket write timeout: java.lang.reflect.InvocationTargetException
W/Conscrypt( 1173): 	at java.lang.reflect.Method.invoke(Native Method)
W/Conscrypt( 1173): 	at java.lang.reflect.Method.invoke(Method.java:372)
W/Conscrypt( 1173): Caused by: android.system.ErrnoException: setsockopt failed: EBADF (Bad file number)
W/Conscrypt( 1173): 	at libcore.io.Posix.setsockoptTimeval(Native Method)
W/Conscrypt( 1173): 	at libcore.io.ForwardingOs.setsockoptTimeval(ForwardingOs.java:147)
E/WifiStateMachine(  471): WifiStateMachine CMD_START_SCAN source -2 txSuccessRate=0.00 rxSuccessRate=0.02 targetRoamBSSID=02:1d:aa:3c:3d:e8 RSSI=-54
E/WifiStateMachine(  471): WifiStateMachine starting scan for "BagelPeace"WPA_PSK with 2462,5180
W/Conscrypt( 1173): Could not set socket write timeout: java.lang.reflect.InvocationTargetException
W/Conscrypt( 1173): 	at java.lang.reflect.Method.invoke(Native Method)
W/Conscrypt( 1173): 	at java.lang.reflect.Method.invoke(Method.java:372)
W/Conscrypt( 1173): Caused by: android.system.ErrnoException: setsockopt failed: EBADF (Bad file number)
W/Conscrypt( 1173): 	at libcore.io.Posix.setsockoptTimeval(Native Method)
W/Conscrypt( 1173): 	at libcore.io.ForwardingOs.setsockoptTimeval(ForwardingOs.java:147)
W/Wifi    ( 3495): Failed to read packet and byte counts from wifi interface
W/Wifi    ( 3495): Failed to read packet and byte counts from wifi interface
W/Wifi    ( 3495): Failed to read packet and byte counts from wifi interface
W/Wifi    ( 3495): Failed to read packet and byte counts from wifi interface
W/Wifi    ( 3495): Failed to read packet and byte counts from wifi interface
W/Wifi    ( 3495): Failed to read packet and byte counts from wifi interface
W/Wifi    ( 3495): Failed to read packet and byte counts from wifi interface
W/Wifi    ( 3495): Failed to read packet and byte counts from wifi interface
W/Wifi    ( 3495): Failed to read packet and byte counts from wifi interface
W/Wifi    ( 3495): Failed to read packet and byte counts from wifi interface
W/Wifi    ( 3495): Failed to read packet and byte counts from wifi interface
W/Wifi    ( 3495): Failed to read packet and byte counts from wifi interface
W/Wifi    ( 3495): Failed to read packet and byte counts from wifi interface
W/Wifi    ( 3495): Failed to read packet and byte counts from wifi interface
W/Wifi    ( 3495): Failed to read packet and byte counts from wifi interface
W/Wifi    ( 3495): Failed to read packet and byte counts from wifi interface
W/Wifi    ( 3495): Failed to read packet and byte counts from wifi interface
W/Settings( 3495): Setting http_proxy has moved from android.provider.Settings.Secure to android.provider.Settings.Global.
W/Wifi    ( 3495): Failed to read packet and byte counts from wifi interface
W/Wifi    ( 3495): Failed to read packet and byte counts from wifi interface
W/Wifi    ( 3495): Failed to read packet and byte counts from wifi interface
E/WifiStateMachine(  471): WifiStateMachine CMD_START_SCAN source -2 txSuccessRate=0.13 rxSuccessRate=0.15 targetRoamBSSID=02:1d:aa:3c:3d:e8 RSSI=-54
E/WifiStateMachine(  471): WifiStateMachine starting scan for "BagelPeace"WPA_PSK with 2462,5180
W/Wifi    ( 3495): Failed to read packet and byte counts from wifi interface
W/Wifi    ( 3495): Failed to read packet and byte counts from wifi interface
W/Wifi    ( 3495): Failed to read packet and byte counts from wifi interface
W/Wifi    ( 3495): Failed to read packet and byte counts from wifi interface
W/Wifi    ( 3495): Failed to read packet and byte counts from wifi interface
W/Wifi    ( 3495): Failed to read packet and byte counts from wifi interface
W/Wifi    ( 3495): Failed to read packet and byte counts from wifi interface
W/Wifi    ( 3495): Failed to read packet and byte counts from wifi interface
W/Wifi    ( 3495): Failed to read packet and byte counts from wifi interface
W/Wifi    ( 3495): Failed to read packet and byte counts from wifi interface
W/Wifi    ( 3495): Failed to read packet and byte counts from wifi interface
W/Wifi    ( 3495): Failed to read packet and byte counts from wifi interface
W/Wifi    ( 3495): Failed to read packet and byte counts from wifi interface
W/Wifi    ( 3495): Failed to read packet and byte counts from wifi interface
W/Wifi    ( 3495): Failed to read packet and byte counts from wifi interface
D/WifiService(  471): acquireWifiLockLocked: WifiLock{NlpWifiLock type=2 binder=android.os.BinderProxy@22dab634}
E/WifiStateMachine(  471): WifiStateMachine CMD_START_SCAN source 10008 txSuccessRate=0.00 rxSuccessRate=0.16 targetRoamBSSID=02:1d:aa:3c:3d:e8 RSSI=-53
I/vgn     ( 1173): 35-GetDeviceDataUploadOptInStatusOperation -- metadata{ service_id: 0 }
I/vgn     ( 1173): 35-GetDeviceDataUploadOptInStatusOperation -- metadata{ service_id: 0 }
I/vgn     ( 1173): 35-GetDeviceDataUploadOptInStatusOperation -- metadata{ service_id: 0 }
W/Wifi    ( 3495): Failed to read packet and byte counts from wifi interface
I/vgn     ( 1173): 35-GetDeviceDataUploadOptInStatusOperation -- metadata{ service_id: 0 }
W/ctxmgr  ( 1173): [AclManager]No 2 for (accnt=account#-517948760#, com.google.android.gms(10008):IndoorOutdoorProducer, vrsn=12685000, 0, 3pPkg = null ,  3pMdlId = null ,  pid = 1173). Was: 3 for 57, account#-517948760#
D/WifiService(  471): releaseWifiLockLocked: WifiLock{NlpWifiLock type=2 binder=android.os.BinderProxy@22dab634}
D/libgps  (  471): proxy_gps_inject_location: called.
W/Wifi    ( 3495): Failed to read packet and byte counts from wifi interface
W/Wifi    ( 3495): Failed to read packet and byte counts from wifi interface
W/Wifi    ( 3495): Failed to read packet and byte counts from wifi interface
W/Wifi    ( 3495): Failed to read packet and byte counts from wifi interface
E/WifiStateMachine(  471): WifiStateMachine CMD_START_SCAN source -2 txSuccessRate=0.00 rxSuccessRate=0.02 targetRoamBSSID=02:1d:aa:3c:3d:e8 RSSI=-54
E/WifiStateMachine(  471): WifiStateMachine starting scan for "BagelPeace"WPA_PSK with 2462,5180
W/Wifi    ( 3495): Failed to read packet and byte counts from wifi interface
W/Wifi    ( 3495): Failed to read packet and byte counts from wifi interface
W/Wifi    ( 3495): Failed to read packet and byte counts from wifi interface
W/Wifi    ( 3495): Failed to read packet and byte counts from wifi interface
W/Wifi    ( 3495): Failed to read packet and byte counts from wifi interface
W/Wifi    ( 3495): Failed to read packet and byte counts from wifi interface
W/Wifi    ( 3495): Failed to read packet and byte counts from wifi interface
W/Wifi    ( 3495): Failed to read packet and byte counts from wifi interface
W/Wifi    ( 3495): Failed to read packet and byte counts from wifi interface
W/Wifi    ( 3495): Failed to read packet and byte counts from wifi interface
W/Wifi    ( 3495): Failed to read packet and byte counts from wifi interface
W/Wifi    ( 3495): Failed to read packet and byte counts from wifi interface
W/Wifi    ( 3495): Failed to read packet and byte counts from wifi interface
W/Wifi    ( 3495): Failed to read packet and byte counts from wifi interface
W/Wifi    ( 3495): Failed to read packet and byte counts from wifi interface
W/Wifi    ( 3495): Failed to read packet and byte counts from wifi interface
W/Wifi    ( 3495): Failed to read packet and byte counts from wifi interface
W/Wifi    ( 3495): Failed to read packet and byte counts from wifi interface
W/Wifi    ( 3495): Failed to read packet and byte counts from wifi interface
W/Wifi    ( 3495): Failed to read packet and byte counts from wifi interface
E/WifiStateMachine(  471): WifiStateMachine CMD_START_SCAN source -2 txSuccessRate=0.75 rxSuccessRate=0.75 targetRoamBSSID=02:1d:aa:3c:3d:e8 RSSI=-56
E/WifiStateMachine(  471): WifiStateMachine starting scan for "BagelPeace"WPA_PSK with 2462,5180
W/Wifi    ( 3495): Failed to read packet and byte counts from wifi interface
W/Wifi    ( 3495): Failed to read packet and byte counts from wifi interface
W/Wifi    ( 3495): Failed to read packet and byte counts from wifi interface
W/Wifi    ( 3495): Failed to read packet and byte counts from wifi interface
W/Wifi    ( 3495): Failed to read packet and byte counts from wifi interface
W/Wifi    ( 3495): Failed to read packet and byte counts from wifi interface
W/Wifi    ( 3495): Failed to read packet and byte counts from wifi interface
W/Wifi    ( 3495): Failed to read packet and byte counts from wifi interface
W/Wifi    ( 3495): Failed to read packet and byte counts from wifi interface
W/Wifi    ( 3495): Failed to read packet and byte counts from wifi interface
W/Wifi    ( 3495): Failed to read packet and byte counts from wifi interface
W/Wifi    ( 3495): Failed to read packet and byte counts from wifi interface
W/Wifi    ( 3495): Failed to read packet and byte counts from wifi interface
W/Wifi    ( 3495): Failed to read packet and byte counts from wifi interface
W/Process ( 3495): Unable to open /proc/16119/status
W/Wifi    ( 3495): Failed to read packet and byte counts from wifi interface
W/Wifi    ( 3495): Failed to read packet and byte counts from wifi interface
W/Wifi    ( 3495): Failed to read packet and byte counts from wifi interface
W/Wifi    ( 3495): Failed to read packet and byte counts from wifi interface
W/Wifi    ( 3495): Failed to read packet and byte counts from wifi interface
W/Wifi    ( 3495): Failed to read packet and byte counts from wifi interface
E/WifiStateMachine(  471): WifiStateMachine CMD_START_SCAN source -2 txSuccessRate=0.00 rxSuccessRate=0.10 targetRoamBSSID=02:1d:aa:3c:3d:e8 RSSI=-54
E/WifiStateMachine(  471): WifiStateMachine starting scan for "BagelPeace"WPA_PSK with 2462,5180
W/Wifi    ( 3495): Failed to read packet and byte counts from wifi interface
W/Wifi    ( 3495): Failed to read packet and byte counts from wifi interface
W/Wifi    ( 3495): Failed to read packet and byte counts from wifi interface
W/Wifi    ( 3495): Failed to read packet and byte counts from wifi interface
W/Wifi    ( 3495): Failed to read packet and byte counts from wifi interface
W/Wifi    ( 3495): Failed to read packet and byte counts from wifi interface
D/AndroidRuntime(16175): >>>>>> START com.android.internal.os.RuntimeInit uid 2000 <<<<<<
D/AndroidRuntime(16175): CheckJNI is OFF
W/Wifi    ( 3495): Failed to read packet and byte counts from wifi interface
D/AndroidRuntime(16175): Calling main entry com.android.commands.am.Am
I/Trepn   (14984): Trepn 6.2s: Received intent: com.quicinc.trepn.stop_profiling
D/AndroidRuntime(16175): Shutting down VM
D/AndroidRuntime(16195): >>>>>> START com.android.internal.os.RuntimeInit uid 2000 <<<<<<
D/AndroidRuntime(16195): CheckJNI is OFF
W/Wifi    ( 3495): Failed to read packet and byte counts from wifi interface
D/AndroidRuntime(16195): Calling main entry com.android.commands.am.Am
D/AndroidRuntime(16195): Shutting down VM
D/AndroidRuntime(16217): >>>>>> START com.android.internal.os.RuntimeInit uid 2000 <<<<<<
D/AndroidRuntime(16217): CheckJNI is OFF
W/Wifi    ( 3495): Failed to read packet and byte counts from wifi interface
D/AndroidRuntime(16217): Calling main entry com.android.commands.am.Am
I/ActivityManager(  471): Force stopping com.android.chrome appid=10035 user=0: from pid 16217
I/ActivityManager(  471): Killing 15690:com.android.chrome/u0a35 (adj 9): stop com.android.chrome
W/ActivityManager(  471): Spurious death for ProcessRecord{24298bfc 15690:com.android.chrome/u0a35}, curProc for 15690: null
D/AndroidRuntime(16217): Shutting down VM
D/AndroidRuntime(16229): >>>>>> START com.android.internal.os.RuntimeInit uid 2000 <<<<<<
D/AndroidRuntime(16229): CheckJNI is OFF
D/AndroidRuntime(16229): Calling main entry com.android.commands.pm.Pm
I/ActivityManager(  471): Force stopping com.android.chrome appid=10035 user=0: clear data
I/GeofencerStateMachine( 1173): removeGeofences: removeRequest=RemoveGeofencingRequest[REMOVE_ALL packageName=com.android.chrome]
D/Documents( 9553): Update found 8 roots in 2ms
I/art     (16229): System.exit called, status: 0
I/AndroidRuntime(16229): VM exiting with result code 0.
I/LocationSettingsChecker( 1040): Removing dialog suppression flag for package com.android.chrome
W/Wifi    ( 3495): Failed to read packet and byte counts from wifi interface
I/Icing   ( 1040): doRemovePackageData com.android.chrome
I/Icing   ( 1040): Removing corpus key 94FBE96EEF13B8AC56FE8C01687FD8A6012559AC for package com.android.chrome
I/Icing   ( 1040): updateResources: need to parse xax{com.android.chrome}
I/Icing   ( 1040): Indexing 94FBE96EEF13B8AC56FE8C01687FD8A6012559AC from com.android.chrome
I/ActivityManager(  471): Start proc 16263:com.android.chrome/u0a35 for content provider com.android.chrome/com.google.android.apps.chrome.icing.IcingProvider
W/DynamiteModule(16263): Local module descriptor class for com.google.android.gms.googlecertificates not found.
I/DynamiteModule(16263): Considering local module com.google.android.gms.googlecertificates:0 and remote module com.google.android.gms.googlecertificates:4
I/DynamiteModule(16263): Selected remote version of com.google.android.gms.googlecertificates, version >= 4
W/ResourcesManager(16263): Asset path '/system/framework/com.android.media.remotedisplay.jar' does not exist or contains no resources.
W/ResourcesManager(16263): Asset path '/system/framework/com.android.location.provider.jar' does not exist or contains no resources.
I/Icing   ( 1040): Indexing done 94FBE96EEF13B8AC56FE8C01687FD8A6012559AC
E/WakeLock( 1173): release without a matched acquire!
I/vgn     ( 1173): 35-GetDeviceDataUploadOptInStatusOperation -- metadata{ service_id: 0 }
I/Icing   ( 1040): App history upload skipped! enabled: true, opt-in: false, account updated timestamp: 1529151639
W/Wifi    ( 3495): Failed to read packet and byte counts from wifi interface
W/Wifi    ( 3495): Failed to read packet and byte counts from wifi interface
W/Wifi    ( 3495): Failed to read packet and byte counts from wifi interface
W/Wifi    ( 3495): Failed to read packet and byte counts from wifi interface
W/Wifi    ( 3495): Failed to read packet and byte counts from wifi interface
W/Wifi    ( 3495): Failed to read packet and byte counts from wifi interface
I/vgn     ( 1173): 35-GetDeviceDataUploadOptInStatusOperation -- metadata{ service_id: 0 }
I/vgn     ( 1173): 35-GetDeviceDataUploadOptInStatusOperation -- metadata{ service_id: 0 }
W/Wifi    ( 3495): Failed to read packet and byte counts from wifi interface
W/Wifi    ( 3495): Failed to read packet and byte counts from wifi interface
W/Wifi    ( 3495): Failed to read packet and byte counts from wifi interface
W/Wifi    ( 3495): Failed to read packet and byte counts from wifi interface
E/WifiStateMachine(  471): WifiStateMachine CMD_START_SCAN source -2 txSuccessRate=0.25 rxSuccessRate=0.13 targetRoamBSSID=02:1d:aa:3c:3d:e8 RSSI=-55
E/WifiStateMachine(  471): WifiStateMachine starting scan for "BagelPeace"WPA_PSK with 2462,5180
W/Wifi    ( 3495): Failed to read packet and byte counts from wifi interface
W/Wifi    ( 3495): Failed to read packet and byte counts from wifi interface
W/Wifi    ( 3495): Failed to read packet and byte counts from wifi interface
W/Wifi    ( 3495): Failed to read packet and byte counts from wifi interface
W/Wifi    ( 3495): Failed to read packet and byte counts from wifi interface
W/Wifi    ( 3495): Failed to read packet and byte counts from wifi interface
W/Wifi    ( 3495): Failed to read packet and byte counts from wifi interface
W/Wifi    ( 3495): Failed to read packet and byte counts from wifi interface
W/Wifi    ( 3495): Failed to read packet and byte counts from wifi interface
W/Wifi    ( 3495): Failed to read packet and byte counts from wifi interface
W/Wifi    ( 3495): Failed to read packet and byte counts from wifi interface
W/Wifi    ( 3495): Failed to read packet and byte counts from wifi interface
W/Wifi    ( 3495): Failed to read packet and byte counts from wifi interface
W/Wifi    ( 3495): Failed to read packet and byte counts from wifi interface
W/Wifi    ( 3495): Failed to read packet and byte counts from wifi interface
W/Wifi    ( 3495): Failed to read packet and byte counts from wifi interface
W/Wifi    ( 3495): Failed to read packet and byte counts from wifi interface
W/Wifi    ( 3495): Failed to read packet and byte counts from wifi interface
W/Wifi    ( 3495): Failed to read packet and byte counts from wifi interface
W/Wifi    ( 3495): Failed to read packet and byte counts from wifi interface
E/WifiStateMachine(  471): WifiStateMachine CMD_START_SCAN source -2 txSuccessRate=0.03 rxSuccessRate=0.03 targetRoamBSSID=02:1d:aa:3c:3d:e8 RSSI=-55
E/WifiStateMachine(  471): WifiStateMachine starting scan for "BagelPeace"WPA_PSK with 2462,5180
W/Wifi    ( 3495): Failed to read packet and byte counts from wifi interface
W/Wifi    ( 3495): Failed to read packet and byte counts from wifi interface
W/Wifi    ( 3495): Failed to read packet and byte counts from wifi interface
W/Wifi    ( 3495): Failed to read packet and byte counts from wifi interface
W/Wifi    ( 3495): Failed to read packet and byte counts from wifi interface
W/Wifi    ( 3495): Failed to read packet and byte counts from wifi interface
W/Wifi    ( 3495): Failed to read packet and byte counts from wifi interface
W/Wifi    ( 3495): Failed to read packet and byte counts from wifi interface
W/Wifi    ( 3495): Failed to read packet and byte counts from wifi interface
I/DeviceStateChecker( 1061): screenOn: true, isCharging: true
W/Wifi    ( 3495): Failed to read packet and byte counts from wifi interface
W/Wifi    ( 3495): Failed to read packet and byte counts from wifi interface
W/Wifi    ( 3495): Failed to read packet and byte counts from wifi interface
W/Wifi    ( 3495): Failed to read packet and byte counts from wifi interface
W/Wifi    ( 3495): Failed to read packet and byte counts from wifi interface
W/Wifi    ( 3495): Failed to read packet and byte counts from wifi interface
W/Wifi    ( 3495): Failed to read packet and byte counts from wifi interface
W/Wifi    ( 3495): Failed to read packet and byte counts from wifi interface
W/Wifi    ( 3495): Failed to read packet and byte counts from wifi interface
W/Wifi    ( 3495): Failed to read packet and byte counts from wifi interface
W/Wifi    ( 3495): Failed to read packet and byte counts from wifi interface
E/WifiStateMachine(  471): WifiStateMachine CMD_START_SCAN source -2 txSuccessRate=0.06 rxSuccessRate=0.06 targetRoamBSSID=02:1d:aa:3c:3d:e8 RSSI=-51
E/WifiStateMachine(  471): WifiStateMachine starting scan for "BagelPeace"WPA_PSK with 2462,5180
W/Wifi    ( 3495): Failed to read packet and byte counts from wifi interface
W/Wifi    ( 3495): Failed to read packet and byte counts from wifi interface
W/Wifi    ( 3495): Failed to read packet and byte counts from wifi interface
W/Wifi    ( 3495): Failed to read packet and byte counts from wifi interface
W/Wifi    ( 3495): Failed to read packet and byte counts from wifi interface
E/tegra_memtrack_hal(  471): failed to read header for pid 471: Operation not permitted
E/tegra_memtrack_hal(  471): failed to read header for pid 471: Operation not permitted
E/tegra_memtrack_hal(  471): failed to read header for pid 471: Operation not permitted
E/tegra_memtrack_hal(  471): failed to read header for pid 471: Operation not permitted
E/tegra_memtrack_hal(  471): failed to read header for pid 471: Operation not permitted
W/Wifi    ( 3495): Failed to read packet and byte counts from wifi interface
W/Wifi    ( 3495): Failed to read packet and byte counts from wifi interface
W/Wifi    ( 3495): Failed to read packet and byte counts from wifi interface
W/Wifi    ( 3495): Failed to read packet and byte counts from wifi interface
W/Wifi    ( 3495): Failed to read packet and byte counts from wifi interface
W/ProcessCpuTracker(  471): Skipping unknown process pid 16473
W/Wifi    ( 3495): Failed to read packet and byte counts from wifi interface
W/Wifi    ( 3495): Failed to read packet and byte counts from wifi interface
W/Wifi    ( 3495): Failed to read packet and byte counts from wifi interface
W/Wifi    ( 3495): Failed to read packet and byte counts from wifi interface
W/Wifi    ( 3495): Failed to read packet and byte counts from wifi interface
W/Wifi    ( 3495): Failed to read packet and byte counts from wifi interface
I/vgn     ( 1173): 35-GetDeviceDataUploadOptInStatusOperation -- metadata{ service_id: 0 }
I/vgn     ( 1173): 35-GetDeviceDataUploadOptInStatusOperation -- metadata{ service_id: 0 }
W/Wifi    ( 3495): Failed to read packet and byte counts from wifi interface
W/Wifi    ( 3495): Failed to read packet and byte counts from wifi interface
W/Wifi    ( 3495): Failed to read packet and byte counts from wifi interface
W/Wifi    ( 3495): Failed to read packet and byte counts from wifi interface
E/WifiStateMachine(  471): WifiStateMachine CMD_START_SCAN source -2 txSuccessRate=0.00 rxSuccessRate=0.00 targetRoamBSSID=02:1d:aa:3c:3d:e8 RSSI=-58
E/WifiStateMachine(  471): WifiStateMachine starting scan for "BagelPeace"WPA_PSK with 2462,5180
W/Wifi    ( 3495): Failed to read packet and byte counts from wifi interface
W/Wifi    ( 3495): Failed to read packet and byte counts from wifi interface
W/Wifi    ( 3495): Failed to read packet and byte counts from wifi interface
W/Wifi    ( 3495): Failed to read packet and byte counts from wifi interface
W/Wifi    ( 3495): Failed to read packet and byte counts from wifi interface
W/Wifi    ( 3495): Failed to read packet and byte counts from wifi interface
I/CwMcuSensor(  471): CwMcuSensor::flush: fd = 215, sensors_id = 0, path = /sys/class/htc_sensorhub/sensor_hub/flush, err = 0
E/ActivityThread( 8190): Failed to find provider info for com.facebook.katana.provider.AttributionIdProvider
W/ActivityManager(  471): getTasks: caller 10089 does not hold GET_TASKS; limiting output
D/IS_UNITY( 8190): false
W/Wifi    ( 3495): Failed to read packet and byte counts from wifi interface
W/Wifi    ( 3495): Failed to read packet and byte counts from wifi interface
E/native  (  471): do suspend false
E/WifiStateMachine(  471): scanCount==0 - aborting
I/dhcpcd  (16523): sending signal 14 to pid 4859
I/dhcpcd  ( 4859): received SIGALRM, renewing
I/dhcpcd  ( 4859): wlan0: renewing lease of 192.168.65.18
I/dhcpcd  ( 4859): wlan0: acknowledged 192.168.65.18 from 192.168.65.1
I/dhcpcd  ( 4859): wlan0: leased 192.168.65.18 for 3600 seconds
W/Wifi    ( 3495): Failed to read packet and byte counts from wifi interface
D/ConnectivityService(  471): NetworkAgentInfo [WIFI () - 100] EVENT_NETWORK_INFO_CHANGED, going from CONNECTED to CONNECTING
I/GeofencerStateMachine( 1173): sendWifiConnectivityChanged: connectivity=false
E/WifiStateMachine(  471): WifiStateMachine: Leaving Connected state
D/ConnectivityService(  471): NetworkAgentInfo [WIFI () - 100] EVENT_NETWORK_INFO_CHANGED, going from CONNECTING to CONNECTED
I/GeofencerStateMachine( 1173): sendWifiConnectivityChanged: connectivity=true
W/Wifi    ( 3495): Failed to read packet and byte counts from wifi interface
W/Wifi    ( 3495): Failed to read packet and byte counts from wifi interface
W/Wifi    ( 3495): Failed to read packet and byte counts from wifi interface
W/Wifi    ( 3495): Failed to read packet and byte counts from wifi interface
W/Wifi    ( 3495): Failed to read packet and byte counts from wifi interface
W/Wifi    ( 3495): Failed to read packet and byte counts from wifi interface
W/Wifi    ( 3495): Failed to read packet and byte counts from wifi interface
W/Wifi    ( 3495): Failed to read packet and byte counts from wifi interface
W/Wifi    ( 3495): Failed to read packet and byte counts from wifi interface
W/Wifi    ( 3495): Failed to read packet and byte counts from wifi interface
W/Wifi    ( 3495): Failed to read packet and byte counts from wifi interface
E/WifiStateMachine(  471): WifiStateMachine CMD_START_SCAN source -2 txSuccessRate=0.23 rxSuccessRate=0.22 targetRoamBSSID=02:1d:aa:3c:3d:e8 RSSI=-57
E/WifiStateMachine(  471): WifiStateMachine L2Connected CMD_START_SCAN source -2 126, 127 -> obsolete
W/Wifi    ( 3495): Failed to read packet and byte counts from wifi interface
W/Wifi    ( 3495): Failed to read packet and byte counts from wifi interface
W/Wifi    ( 3495): Failed to read packet and byte counts from wifi interface
W/Wifi    ( 3495): Failed to read packet and byte counts from wifi interface
W/Wifi    ( 3495): Failed to read packet and byte counts from wifi interface
W/Wifi    ( 3495): Failed to read packet and byte counts from wifi interface
W/Wifi    ( 3495): Failed to read packet and byte counts from wifi interface
W/Wifi    ( 3495): Failed to read packet and byte counts from wifi interface
W/Wifi    ( 3495): Failed to read packet and byte counts from wifi interface
E/WifiStateMachine(  471): WifiStateMachine CMD_START_SCAN source -2 txSuccessRate=0.06 rxSuccessRate=0.05 targetRoamBSSID=02:1d:aa:3c:3d:e8 RSSI=-55
E/WifiStateMachine(  471): WifiStateMachine starting scan for "BagelPeace"WPA_PSK with 2462,5180
W/Wifi    ( 3495): Failed to read packet and byte counts from wifi interface
W/Wifi    ( 3495): Failed to read packet and byte counts from wifi interface
W/Wifi    ( 3495): Failed to read packet and byte counts from wifi interface
W/Wifi    ( 3495): Failed to read packet and byte counts from wifi interface
W/Wifi    ( 3495): Failed to read packet and byte counts from wifi interface
W/Wifi    ( 3495): Failed to read packet and byte counts from wifi interface
W/Wifi    ( 3495): Failed to read packet and byte counts from wifi interface
W/Wifi    ( 3495): Failed to read packet and byte counts from wifi interface
W/Wifi    ( 3495): Failed to read packet and byte counts from wifi interface
W/Wifi    ( 3495): Failed to read packet and byte counts from wifi interface
W/Wifi    ( 3495): Failed to read packet and byte counts from wifi interface
W/Wifi    ( 3495): Failed to read packet and byte counts from wifi interface
W/Wifi    ( 3495): Failed to read packet and byte counts from wifi interface
W/Wifi    ( 3495): Failed to read packet and byte counts from wifi interface
W/Wifi    ( 3495): Failed to read packet and byte counts from wifi interface
W/Wifi    ( 3495): Failed to read packet and byte counts from wifi interface
W/Wifi    ( 3495): Failed to read packet and byte counts from wifi interface
W/Wifi    ( 3495): Failed to read packet and byte counts from wifi interface
W/Wifi    ( 3495): Failed to read packet and byte counts from wifi interface
W/Wifi    ( 3495): Failed to read packet and byte counts from wifi interface
E/WifiStateMachine(  471): WifiStateMachine CMD_START_SCAN source -2 txSuccessRate=0.00 rxSuccessRate=0.00 targetRoamBSSID=02:1d:aa:3c:3d:e8 RSSI=-54
E/WifiStateMachine(  471): WifiStateMachine starting scan for "BagelPeace"WPA_PSK with 2462,5180
W/Wifi    ( 3495): Failed to read packet and byte counts from wifi interface
W/Wifi    ( 3495): Failed to read packet and byte counts from wifi interface
W/Wifi    ( 3495): Failed to read packet and byte counts from wifi interface
W/Wifi    ( 3495): Failed to read packet and byte counts from wifi interface
W/Wifi    ( 3495): Failed to read packet and byte counts from wifi interface
W/Wifi    ( 3495): Failed to read packet and byte counts from wifi interface
W/Wifi    ( 3495): Failed to read packet and byte counts from wifi interface
I/vgn     ( 1173): 35-GetDeviceDataUploadOptInStatusOperation -- metadata{ service_id: 0 }
I/vgn     ( 1173): 35-GetDeviceDataUploadOptInStatusOperation -- metadata{ service_id: 0 }
W/Wifi    ( 3495): Failed to read packet and byte counts from wifi interface
W/Wifi    ( 3495): Failed to read packet and byte counts from wifi interface
W/Wifi    ( 3495): Failed to read packet and byte counts from wifi interface
W/Wifi    ( 3495): Failed to read packet and byte counts from wifi interface
W/Wifi    ( 3495): Failed to read packet and byte counts from wifi interface
W/Wifi    ( 3495): Failed to read packet and byte counts from wifi interface
W/Wifi    ( 3495): Failed to read packet and byte counts from wifi interface
W/Wifi    ( 3495): Failed to read packet and byte counts from wifi interface
W/Wifi    ( 3495): Failed to read packet and byte counts from wifi interface
W/Wifi    ( 3495): Failed to read packet and byte counts from wifi interface
W/Wifi    ( 3495): Failed to read packet and byte counts from wifi interface
W/Wifi    ( 3495): Failed to read packet and byte counts from wifi interface
W/Wifi    ( 3495): Failed to read packet and byte counts from wifi interface
E/WifiStateMachine(  471): WifiStateMachine CMD_START_SCAN source -2 txSuccessRate=0.50 rxSuccessRate=0.50 targetRoamBSSID=02:1d:aa:3c:3d:e8 RSSI=-54
E/WifiStateMachine(  471): WifiStateMachine starting scan for "BagelPeace"WPA_PSK with 2462,5180
W/Wifi    ( 3495): Failed to read packet and byte counts from wifi interface
W/Wifi    ( 3495): Failed to read packet and byte counts from wifi interface
W/Wifi    ( 3495): Failed to read packet and byte counts from wifi interface
W/Wifi    ( 3495): Failed to read packet and byte counts from wifi interface
W/Wifi    ( 3495): Failed to read packet and byte counts from wifi interface
W/Wifi    ( 3495): Failed to read packet and byte counts from wifi interface
W/Wifi    ( 3495): Failed to read packet and byte counts from wifi interface
W/Wifi    ( 3495): Failed to read packet and byte counts from wifi interface
W/Wifi    ( 3495): Failed to read packet and byte counts from wifi interface
W/Wifi    ( 3495): Failed to read packet and byte counts from wifi interface
W/Wifi    ( 3495): Failed to read packet and byte counts from wifi interface
W/Wifi    ( 3495): Failed to read packet and byte counts from wifi interface
W/Wifi    ( 3495): Failed to read packet and byte counts from wifi interface
W/Wifi    ( 3495): Failed to read packet and byte counts from wifi interface
W/Wifi    ( 3495): Failed to read packet and byte counts from wifi interface
W/Wifi    ( 3495): Failed to read packet and byte counts from wifi interface
W/Wifi    ( 3495): Failed to read packet and byte counts from wifi interface
W/Wifi    ( 3495): Failed to read packet and byte counts from wifi interface
W/Wifi    ( 3495): Failed to read packet and byte counts from wifi interface
W/Wifi    ( 3495): Failed to read packet and byte counts from wifi interface
E/WifiStateMachine(  471): WifiStateMachine CMD_START_SCAN source -2 txSuccessRate=0.75 rxSuccessRate=0.75 targetRoamBSSID=02:1d:aa:3c:3d:e8 RSSI=-57
E/WifiStateMachine(  471): WifiStateMachine starting scan for "BagelPeace"WPA_PSK with 2462,5180
W/Wifi    ( 3495): Failed to read packet and byte counts from wifi interface
W/Wifi    ( 3495): Failed to read packet and byte counts from wifi interface
W/Wifi    ( 3495): Failed to read packet and byte counts from wifi interface
W/Wifi    ( 3495): Failed to read packet and byte counts from wifi interface
W/Wifi    ( 3495): Failed to read packet and byte counts from wifi interface
W/Wifi    ( 3495): Failed to read packet and byte counts from wifi interface
W/Wifi    ( 3495): Failed to read packet and byte counts from wifi interface
W/Wifi    ( 3495): Failed to read packet and byte counts from wifi interface
W/Wifi    ( 3495): Failed to read packet and byte counts from wifi interface
W/Wifi    ( 3495): Failed to read packet and byte counts from wifi interface
W/Wifi    ( 3495): Failed to read packet and byte counts from wifi interface
W/Wifi    ( 3495): Failed to read packet and byte counts from wifi interface
W/Wifi    ( 3495): Failed to read packet and byte counts from wifi interface
W/Wifi    ( 3495): Failed to read packet and byte counts from wifi interface
W/Wifi    ( 3495): Failed to read packet and byte counts from wifi interface
W/Wifi    ( 3495): Failed to read packet and byte counts from wifi interface
W/Wifi    ( 3495): Failed to read packet and byte counts from wifi interface
W/Wifi    ( 3495): Failed to read packet and byte counts from wifi interface
W/Wifi    ( 3495): Failed to read packet and byte counts from wifi interface
W/Wifi    ( 3495): Failed to read packet and byte counts from wifi interface
E/WifiStateMachine(  471): WifiStateMachine CMD_START_SCAN source -2 txSuccessRate=0.00 rxSuccessRate=0.00 targetRoamBSSID=02:1d:aa:3c:3d:e8 RSSI=-56
W/ctxmgr  ( 1173): [AclManager]No 2 for (accnt=account#-517948760#, com.google.android.gms(10008):IndoorOutdoorProducer, vrsn=12685000, 0, 3pPkg = null ,  3pMdlId = null ,  pid = 1173). Was: 3 for 57, account#-517948760#
W/Wifi    ( 3495): Failed to read packet and byte counts from wifi interface
W/Wifi    ( 3495): Failed to read packet and byte counts from wifi interface
W/Wifi    ( 3495): Failed to read packet and byte counts from wifi interface
W/Wifi    ( 3495): Failed to read packet and byte counts from wifi interface
W/Wifi    ( 3495): Failed to read packet and byte counts from wifi interface
W/Wifi    ( 3495): Failed to read packet and byte counts from wifi interface
W/Wifi    ( 3495): Failed to read packet and byte counts from wifi interface
I/vgn     ( 1173): 35-GetDeviceDataUploadOptInStatusOperation -- metadata{ service_id: 0 }
I/vgn     ( 1173): 35-GetDeviceDataUploadOptInStatusOperation -- metadata{ service_id: 0 }
W/Wifi    ( 3495): Failed to read packet and byte counts from wifi interface
W/Wifi    ( 3495): Failed to read packet and byte counts from wifi interface
W/Wifi    ( 3495): Failed to read packet and byte counts from wifi interface
W/Wifi    ( 3495): Failed to read packet and byte counts from wifi interface
W/Wifi    ( 3495): Failed to read packet and byte counts from wifi interface
