W/linker  (13947): libjni_stub.so: unused DT entry: type 0x6fffffff arg 0x3
W/ctxmgr  ( 1173): [AclManager]No 2 for (accnt=account#-517948760#, com.google.android.gms(10008):IndoorOutdoorProducer, vrsn=12685000, 0, 3pPkg = null ,  3pMdlId = null ,  pid = 1173). Was: 3 for 57, account#-517948760#
D/libgps  (  471): proxy_gps_inject_location: called.
D/WifiService(  471): releaseWifiLockLocked: WifiLock{NlpWifiLock type=2 binder=android.os.BinderProxy@2a85003e}
W/Wifi    ( 3495): Failed to read packet and byte counts from wifi interface
W/Wifi    ( 3495): Failed to read packet and byte counts from wifi interface
W/Wifi    ( 3495): Failed to read packet and byte counts from wifi interface
W/Wifi    ( 3495): Failed to read packet and byte counts from wifi interface
W/Wifi    ( 3495): Failed to read packet and byte counts from wifi interface
E/WifiStateMachine(  471): WifiStateMachine CMD_START_SCAN source -2 txSuccessRate=0.06 rxSuccessRate=0.07 targetRoamBSSID=02:1d:aa:3c:3d:e8 RSSI=-49
E/WifiStateMachine(  471): WifiStateMachine starting scan for "BagelPeace"WPA_PSK with 2462,5180
W/Wifi    ( 3495): Failed to read packet and byte counts from wifi interface
W/Wifi    ( 3495): Failed to read packet and byte counts from wifi interface
W/Wifi    ( 3495): Failed to read packet and byte counts from wifi interface
D/AndroidRuntime(14137): >>>>>> START com.android.internal.os.RuntimeInit uid 2000 <<<<<<
D/AndroidRuntime(14137): CheckJNI is OFF
D/AndroidRuntime(14137): Calling main entry com.android.commands.am.Am
I/Trepn   ( 8910): Trepn 6.2s: Received intent: com.quicinc.trepn.stop_profiling
I/Trepn   ( 8910): Trepn 6.2s: Trepn has Stopped Profiling.
D/AndroidRuntime(14137): Shutting down VM
W/Wifi    ( 3495): Failed to read packet and byte counts from wifi interface
D/AndroidRuntime(14160): >>>>>> START com.android.internal.os.RuntimeInit uid 2000 <<<<<<
D/AndroidRuntime(14160): CheckJNI is OFF
D/AndroidRuntime(14160): Calling main entry com.android.commands.am.Am
I/ActivityManager(  471): Force stopping com.android.chrome appid=10035 user=0: from pid 14160
I/ActivityManager(  471): Killing 13613:com.android.chrome:privileged_process0/u0a35 (adj 0): stop com.android.chrome
W/cr_ChildProcessConn(13535): onServiceDisconnected (crash or killed by oom): pid=13613
W/chromium(13535): [WARNING:compositor_view.cc(255)] Child process disconnected (type=9) pid=13613)
W/ActivityManager(  471): Scheduling restart of crashed service com.android.chrome/org.chromium.content.app.PrivilegedProcessService0 in 1000ms
I/ActivityManager(  471): Killing 13535:com.android.chrome/u0a35 (adj 0): stop com.android.chrome
D/ConnectivityService(  471): ConnectivityService NetworkRequestInfo binderDied(NetworkRequest [ id=37, legacyType=-1, [ Capabilities: INTERNET&NOT_RESTRICTED&TRUSTED] ], android.os.BinderProxy@37ac55a1)
D/ConnectivityService(  471): releasing NetworkRequest NetworkRequest [ id=37, legacyType=-1, [ Capabilities: INTERNET&NOT_RESTRICTED&TRUSTED] ]
I/WindowState(  471): WIN DEATH: Window{306f46b u0 SurfaceView}
D/ConnectivityService(  471): ConnectivityService NetworkRequestInfo binderDied(NetworkRequest [ id=40, legacyType=-1, [ Capabilities: INTERNET&NOT_RESTRICTED&TRUSTED] ], android.os.BinderProxy@11fdb3c6)
E/ConnectivityService(  471): RemoteException caught trying to send a callback msg for NetworkRequest [ id=37, legacyType=-1, [ Capabilities: INTERNET&NOT_RESTRICTED&TRUSTED] ]
D/ConnectivityService(  471): releasing NetworkRequest NetworkRequest [ id=40, legacyType=-1, [ Capabilities: INTERNET&NOT_RESTRICTED&TRUSTED] ]
E/ConnectivityService(  471): RemoteException caught trying to send a callback msg for NetworkRequest [ id=40, legacyType=-1, [ Capabilities: INTERNET&NOT_RESTRICTED&TRUSTED] ]
I/WindowState(  471): WIN DEATH: Window{5f7bddc u0 com.android.chrome/org.chromium.chrome.browser.ChromeTabbedActivity}
E/lowmemorykiller(  148): Error opening /proc/13729/oom_score_adj; errno=2
W/ActivityManager(  471): Exception when unbinding service com.android.chrome/org.chromium.content.app.SandboxedProcessService0
W/ActivityManager(  471): android.os.DeadObjectException
W/ActivityManager(  471): 	at android.os.BinderProxy.transactNative(Native Method)
W/ActivityManager(  471): 	at android.os.BinderProxy.transact(Binder.java:496)
W/ActivityManager(  471): 	at android.app.ApplicationThreadProxy.scheduleUnbindService(ApplicationThreadNative.java:921)
W/ActivityManager(  471): 	at com.android.server.am.ActiveServices.removeConnectionLocked(ActiveServices.java:1795)
W/ActivityManager(  471): 	at com.android.server.am.ActiveServices.killServicesLocked(ActiveServices.java:2193)
W/ActivityManager(  471): 	at com.android.server.am.ActivityManagerService.cleanUpApplicationRecordLocked(ActivityManagerService.java:14895)
W/ActivityManager(  471): 	at com.android.server.am.ActivityManagerService.handleAppDiedLocked(ActivityManagerService.java:4552)
W/ActivityManager(  471): 	at com.android.server.am.ActivityManagerService.removeProcessLocked(ActivityManagerService.java:5789)
W/ActivityManager(  471): 	at com.android.server.am.ActivityManagerService.killPackageProcessesLocked(ActivityManagerService.java:5594)
W/ActivityManager(  471): 	at com.android.server.am.ActivityManagerService.forceStopPackageLocked(ActivityManagerService.java:5655)
W/ActivityManager(  471): 	at com.android.server.am.ActivityManagerService.forceStopPackageLocked(ActivityManagerService.java:5499)
W/ActivityManager(  471): 	at com.android.server.am.ActivityManagerService.forceStopPackage(ActivityManagerService.java:5309)
W/ActivityManager(  471): 	at android.app.ActivityManagerNative.onTransact(ActivityManagerNative.java:1461)
W/ActivityManager(  471): 	at com.android.server.am.ActivityManagerService.onTransact(ActivityManagerService.java:2208)
W/ActivityManager(  471): 	at android.os.Binder.execTransact(Binder.java:446)
E/lowmemorykiller(  148): Error opening /proc/13729/oom_score_adj; errno=2
E/lowmemorykiller(  148): Error opening /proc/13860/oom_score_adj; errno=2
E/lowmemorykiller(  148): Error opening /proc/13860/oom_score_adj; errno=2
W/ActivityManager(  471): Exception when unbinding service com.android.chrome/org.chromium.content.app.SandboxedProcessService2
W/ActivityManager(  471): android.os.DeadObjectException
W/ActivityManager(  471): 	at android.os.BinderProxy.transactNative(Native Method)
W/ActivityManager(  471): 	at android.os.BinderProxy.transact(Binder.java:496)
W/ActivityManager(  471): 	at android.app.ApplicationThreadProxy.scheduleUnbindService(ApplicationThreadNative.java:921)
W/ActivityManager(  471): 	at com.android.server.am.ActiveServices.removeConnectionLocked(ActiveServices.java:1795)
W/ActivityManager(  471): 	at com.android.server.am.ActiveServices.killServicesLocked(ActiveServices.java:2193)
W/ActivityManager(  471): 	at com.android.server.am.ActivityManagerService.cleanUpApplicationRecordLocked(ActivityManagerService.java:14895)
W/ActivityManager(  471): 	at com.android.server.am.ActivityManagerService.handleAppDiedLocked(ActivityManagerService.java:4552)
W/ActivityManager(  471): 	at com.android.server.am.ActivityManagerService.removeProcessLocked(ActivityManagerService.java:5789)
W/ActivityManager(  471): 	at com.android.server.am.ActivityManagerService.killPackageProcessesLocked(ActivityManagerService.java:5594)
W/ActivityManager(  471): 	at com.android.server.am.ActivityManagerService.forceStopPackageLocked(ActivityManagerService.java:5655)
W/ActivityManager(  471): 	at com.android.server.am.ActivityManagerService.forceStopPackageLocked(ActivityManagerService.java:5499)
W/ActivityManager(  471): 	at com.android.server.am.ActivityManagerService.forceStopPackage(ActivityManagerService.java:5309)
W/ActivityManager(  471): 	at android.app.ActivityManagerNative.onTransact(ActivityManagerNative.java:1461)
W/ActivityManager(  471): 	at com.android.server.am.ActivityManagerService.onTransact(ActivityManagerService.java:2208)
W/ActivityManager(  471): 	at android.os.Binder.execTransact(Binder.java:446)
I/ActivityManager(  471): Killing 13729:com.android.chrome:sandboxed_process0/u0a35i24 (adj 9): isolated not needed
W/libprocessgroup(  471): failed to open /acct/uid_10035/pid_13729/cgroup.procs: No such file or directory
E/lowmemorykiller(  148): Error opening /proc/13860/oom_score_adj; errno=2
W/ActivityManager(  471): Force removing ActivityRecord{1010226 u0 com.android.chrome/org.chromium.chrome.browser.ChromeTabbedActivity t4245}: app died, no saved state
E/lowmemorykiller(  148): Error opening /proc/13860/oom_score_adj; errno=2
I/ActivityManager(  471): Killing 13860:com.android.chrome:sandboxed_process2/u0a35i26 (adj 9): isolated not needed
W/libprocessgroup(  471): failed to open /acct/uid_10035/pid_13860/cgroup.procs: No such file or directory
W/ActivityManager(  471): Spurious death for ProcessRecord{bb39a5a 13613:com.android.chrome:privileged_process0/u0a35}, curProc for 13613: null
D/AndroidRuntime(14160): Shutting down VM
W/ActivityManager(  471): Unbind failed: could not find connection for android.os.BinderProxy@2be818ec
W/ActivityManager(  471): Spurious death for ProcessRecord{12c0ec51 13535:com.android.chrome/u0a35}, curProc for 13535: null
W/InputMethodManagerService(  471): Got RemoteException sending setActive(false) notification to pid 13535 uid 10035
W/SessionLifecycleManager( 1061): Handover failed. Creating new session controller.
I/OptInState( 1061): There is a new client and it does not support opt-in. Dropping request.
W/LocationOracle( 1061): No location history returned by ContextManager
I/MicroDetectionWorker( 1061): #updateMicroDetector [detectionMode: [mDetectionMode: [1]]]
I/MicroDetectionWorker( 1061): #startMicroDetector [speakerMode: 0]
D/BluetoothAdapter( 1061): 831459077: getState() :  mService = null. Returning STATE_OFF
D/BluetoothAdapter( 1061): 831459077: getState() :  mService = null. Returning STATE_OFF
I/VoiceSearchSettings( 1061): Hotword upgrade key is null!
D/BluetoothAdapter( 1061): 831459077: getState() :  mService = null. Returning STATE_OFF
I/VoiceSearchSettings( 1061): Hotword upgrade key is null!
D/BluetoothAdapter( 1061): 831459077: getState() :  mService = null. Returning STATE_OFF
I/MicroRecognitionRunner( 1061): Starting detection.
I/MicrophoneInputStream( 1061): mic_starting com.google.android.apps.gsa.speech.audio.af@224d70f8
I/MicroDetectionWorker( 1061): onReady
I/AudioFlinger(  204): AudioFlinger's thread 0xab3475c0 ready to run
I/SoundTriggerHwService::Module(  204): void android::SoundTriggerHwService::Module::onCallbackEvent(const android::sp<android::SoundTriggerHwService::CallbackEvent>&) mClient == 0
I/MicrophoneInputStream( 1061): mic_started com.google.android.apps.gsa.speech.audio.af@224d70f8
W/ctxmgr  ( 1173): [AclManager]No 3 for (accnt=account#-517948760#, com.google.android.gms(10008):UserVelocityProducer, vrsn=12685011, 0, 3pPkg = null ,  3pMdlId = null ,  pid = 1173). Was: 3 for 1, account#-517948760#
E/SQLiteLog( 1173): (2067) abort at 35 in [INSERT INTO context(context_name,end_time,context_family,module_id,version,sync_state_mod_time_millis,start_time,sync_state,context_id,time_type,proto_blob) VALUES (?,?,?,?,?,?,?,?,?,?,?)]: UNI
E/SQLiteLog( 1173): (2067) abort at 35 in [INSERT INTO context(context_name,end_time,context_family,module_id,version,sync_state_mod_time_millis,start_time,sync_state,context_id,time_type,proto_blob) VALUES (?,?,?,?,?,?,?,?,?,?,?)]: UNI
E/SQLiteLog( 1173): (2067) abort at 35 in [INSERT INTO context(context_name,end_time,context_family,module_id,version,sync_state_mod_time_millis,start_time,sync_state,context_id,time_type,proto_blob) VALUES (?,?,?,?,?,?,?,?,?,?,?)]: UNI
W/Wifi    ( 3495): Failed to read packet and byte counts from wifi interface
I/vgn     ( 1173): 67-RequestPlaceUpdates -- metadata{ service_id: 0 }
I/GeofencerStateMachine( 1173): removeGeofences: removeRequest=RemoveGeofencingRequest[REMOVE_BY_PENDING_INTENT pendingIntent=PendingIntent[creatorPackage=com.google.android.gms], packageName=null]
I/GeofencerStateMachine( 1173): removeGeofences: removeRequest=RemoveGeofencingRequest[REMOVE_BY_PENDING_INTENT pendingIntent=PendingIntent[creatorPackage=com.google.android.gms], packageName=null]
I/PlaceInferenceEngine( 1173): [anon] Changed inference mode: 0
I/MicroDetectionWorker( 1061): onReady
D/AndroidRuntime(14180): >>>>>> START com.android.internal.os.RuntimeInit uid 2000 <<<<<<
D/AndroidRuntime(14180): CheckJNI is OFF
I/vgn     ( 1173): 67-RequestPlaceUpdates -- metadata{ service_id: 0 }
I/Places  ( 1173): ?: PlacesBleScanner start() with priority 2
I/PlaceInferenceEngine( 1173): [anon] Changed inference mode: 1
D/BluetoothAdapter( 1173): 1039998840: getState() :  mService = null. Returning STATE_OFF
I/BeaconBle( 1173): Using BLE 'L' hardware layer
I/Places  ( 1173): Converted 17 out of 18 WiFi scans
I/PlaceInferenceEngine( 1173): [anon] Changed inference mode: 1
I/BeaconBle( 1173): Client requested scan, settings=BleSettings [scanMode=ZERO_POWER, callbackType=ALL_MATCHES, reportDelayMillis=0, 1 filters, 0 clients, callingClientName=Places]
E/BeaconBle( 1173): Scan couldn't start for Places
W/Places  ( 1173): BLE failure while scanning - code 5
W/OpenGLRenderer(  980): Incorrectly called buildLayer on View: ShortcutAndWidgetContainer, destroying layer...
I/PlaceInferenceEngine( 1173): No beacon scan available - ignoring candidates.
D/AndroidRuntime(14180): Calling main entry com.android.commands.pm.Pm
I/ActivityManager(  471): Force stopping com.android.chrome appid=10035 user=0: clear data
I/GeofencerStateMachine( 1173): removeGeofences: removeRequest=RemoveGeofencingRequest[REMOVE_ALL packageName=com.android.chrome]
D/TaskPersister(  471): removeObsoleteFile: deleting file=4245_task.xml
D/TaskPersister(  471): removeObsoleteFile: deleting file=4245_task_thumbnail.png
D/Documents( 9553): Update found 8 roots in 15ms
I/art     (14180): System.exit called, status: 0
I/AndroidRuntime(14180): VM exiting with result code 0.
I/LocationSettingsChecker( 1040): Removing dialog suppression flag for package com.android.chrome
W/System.err( 8190): android.content.pm.PackageManager$NameNotFoundException
W/System.err( 8190): 	at android.app.ApplicationPackageManager.getPackageInfo(ApplicationPackageManager.java:114)
W/System.err( 8190): 	at com.estrongs.android.pop.app.c.ai.c(Unknown Source)
W/System.err( 8190): 	at com.estrongs.android.pop.app.c.ai.a(Unknown Source)
W/System.err( 8190): 	at com.estrongs.android.pop.app.scene.e.q.a(Unknown Source)
W/System.err( 8190): 	at com.estrongs.android.scanner.c.m.run(Unknown Source)
W/System.err( 8190): 	at java.util.concurrent.ThreadPoolExecutor.runWorker(ThreadPoolExecutor.java:1112)
W/System.err( 8190): 	at java.util.concurrent.ThreadPoolExecutor$Worker.run(ThreadPoolExecutor.java:587)
W/System.err( 8190): 	at java.lang.Thread.run(Thread.java:818)
I/Icing   ( 1040): doRemovePackageData com.android.chrome
I/Icing   ( 1040): Removing corpus key 94FBE96EEF13B8AC56FE8C01687FD8A6012559AC for package com.android.chrome
I/Icing   ( 1040): Flash index sort hb 5 prefix-hits 27 -> 20 at 8.502ms
I/Icing   ( 1040): updateResources: need to parse xax{com.android.chrome}
I/Icing   ( 1040): Indexing 94FBE96EEF13B8AC56FE8C01687FD8A6012559AC from com.android.chrome
I/ActivityManager(  471): Start proc 14213:com.android.chrome/u0a35 for content provider com.android.chrome/com.google.android.apps.chrome.icing.IcingProvider
W/Wifi    ( 3495): Failed to read packet and byte counts from wifi interface
W/DynamiteModule(14213): Local module descriptor class for com.google.android.gms.googlecertificates not found.
I/DynamiteModule(14213): Considering local module com.google.android.gms.googlecertificates:0 and remote module com.google.android.gms.googlecertificates:4
I/DynamiteModule(14213): Selected remote version of com.google.android.gms.googlecertificates, version >= 4
W/ResourcesManager(14213): Asset path '/system/framework/com.android.media.remotedisplay.jar' does not exist or contains no resources.
W/ResourcesManager(14213): Asset path '/system/framework/com.android.location.provider.jar' does not exist or contains no resources.
I/art     (  471): Explicit concurrent mark sweep GC freed 73590(3MB) AllocSpace objects, 34(6MB) LOS objects, 33% free, 25MB/38MB, paused 1.006ms total 78.480ms
I/Icing   ( 1040): Indexing done 94FBE96EEF13B8AC56FE8C01687FD8A6012559AC
W/ctxmgr  ( 1173): [AclManager]No 2 for (accnt=account#-517948760#, com.google.android.gms(10008):PlacesProducer, vrsn=12685000, 0, 3pPkg = null ,  3pMdlId = null ,  pid = 1173). Was: 3 for 18, account#-517948760#
W/Wifi    ( 3495): Failed to read packet and byte counts from wifi interface
W/Wifi    ( 3495): Failed to read packet and byte counts from wifi interface
W/Wifi    ( 3495): Failed to read packet and byte counts from wifi interface
D/AndroidRuntime(14260): >>>>>> START com.android.internal.os.RuntimeInit uid 2000 <<<<<<
D/AndroidRuntime(14260): CheckJNI is OFF
D/AndroidRuntime(14260): Calling main entry com.android.commands.am.Am
I/Trepn   ( 8910): Trepn 6.2s: Received intent: com.quicinc.trepn.export_to_csv; filename: Trepn_2018.06.16_144120.db; filename: HT4AMJT02334_Trepn_2018.06.16_144120.csv
D/AndroidRuntime(14260): Shutting down VM
W/FileUtils( 8910): Failed to chmod(/storage/emulated/0/trepn/Trepn_2018.06.16_144120.db): android.system.ErrnoException: chmod failed: EPERM (Operation not permitted)
W/Wifi    ( 3495): Failed to read packet and byte counts from wifi interface
W/Wifi    ( 3495): Failed to read packet and byte counts from wifi interface
W/System.err( 8190): android.content.pm.PackageManager$NameNotFoundException
W/System.err( 8190): 	at android.app.ApplicationPackageManager.getPackageInfo(ApplicationPackageManager.java:114)
W/System.err( 8190): 	at com.estrongs.android.pop.app.c.ai.c(Unknown Source)
W/System.err( 8190): 	at com.estrongs.android.pop.app.c.ai.a(Unknown Source)
W/System.err( 8190): 	at com.estrongs.android.pop.app.scene.e.q.a(Unknown Source)
W/System.err( 8190): 	at com.estrongs.android.scanner.c.m.run(Unknown Source)
W/System.err( 8190): 	at java.util.concurrent.ThreadPoolExecutor.runWorker(ThreadPoolExecutor.java:1112)
W/System.err( 8190): 	at java.util.concurrent.ThreadPoolExecutor$Worker.run(ThreadPoolExecutor.java:587)
W/System.err( 8190): 	at java.lang.Thread.run(Thread.java:818)
W/System.err( 8190): android.content.pm.PackageManager$NameNotFoundException
W/System.err( 8190): 	at android.app.ApplicationPackageManager.getPackageInfo(ApplicationPackageManager.java:114)
W/System.err( 8190): 	at com.estrongs.android.pop.app.c.ai.c(Unknown Source)
W/System.err( 8190): 	at com.estrongs.android.pop.app.c.ai.a(Unknown Source)
W/System.err( 8190): 	at com.estrongs.android.pop.app.scene.e.q.a(Unknown Source)
W/System.err( 8190): 	at com.estrongs.android.scanner.c.m.run(Unknown Source)
W/System.err( 8190): 	at java.util.concurrent.ThreadPoolExecutor.runWorker(ThreadPoolExecutor.java:1112)
W/System.err( 8190): 	at java.util.concurrent.ThreadPoolExecutor$Worker.run(ThreadPoolExecutor.java:587)
W/System.err( 8190): 	at java.lang.Thread.run(Thread.java:818)
W/System.err( 8190): android.content.pm.PackageManager$NameNotFoundException
W/System.err( 8190): 	at android.app.ApplicationPackageManager.getPackageInfo(ApplicationPackageManager.java:114)
W/System.err( 8190): 	at com.estrongs.android.pop.app.c.ai.c(Unknown Source)
W/System.err( 8190): 	at com.estrongs.android.pop.app.c.ai.a(Unknown Source)
W/System.err( 8190): 	at com.estrongs.android.pop.app.scene.e.q.a(Unknown Source)
W/System.err( 8190): 	at com.estrongs.android.scanner.c.m.run(Unknown Source)
W/System.err( 8190): 	at java.util.concurrent.ThreadPoolExecutor.runWorker(ThreadPoolExecutor.java:1112)
W/System.err( 8190): 	at java.util.concurrent.ThreadPoolExecutor$Worker.run(ThreadPoolExecutor.java:587)
W/System.err( 8190): 	at java.lang.Thread.run(Thread.java:818)
W/System.err( 8190): android.content.pm.PackageManager$NameNotFoundException
W/System.err( 8190): 	at android.app.ApplicationPackageManager.getPackageInfo(ApplicationPackageManager.java:114)
W/System.err( 8190): 	at com.estrongs.android.pop.app.c.ai.c(Unknown Source)
W/System.err( 8190): 	at com.estrongs.android.pop.app.c.ai.a(Unknown Source)
W/System.err( 8190): 	at com.estrongs.android.pop.app.scene.e.q.a(Unknown Source)
W/System.err( 8190): 	at com.estrongs.android.scanner.c.m.run(Unknown Source)
W/System.err( 8190): 	at java.util.concurrent.ThreadPoolExecutor.runWorker(ThreadPoolExecutor.java:1112)
W/System.err( 8190): 	at java.util.concurrent.ThreadPoolExecutor$Worker.run(ThreadPoolExecutor.java:587)
W/System.err( 8190): 	at java.lang.Thread.run(Thread.java:818)
W/System.err( 8190): android.content.pm.PackageManager$NameNotFoundException
W/System.err( 8190): 	at android.app.ApplicationPackageManager.getPackageInfo(ApplicationPackageManager.java:114)
W/System.err( 8190): 	at com.estrongs.android.pop.app.c.ai.c(Unknown Source)
W/System.err( 8190): 	at com.estrongs.android.pop.app.c.ai.a(Unknown Source)
W/System.err( 8190): 	at com.estrongs.android.pop.app.scene.e.q.a(Unknown Source)
W/System.err( 8190): 	at com.estrongs.android.scanner.c.m.run(Unknown Source)
W/System.err( 8190): 	at java.util.concurrent.ThreadPoolExecutor.runWorker(ThreadPoolExecutor.java:1112)
W/System.err( 8190): 	at java.util.concurrent.ThreadPoolExecutor$Worker.run(ThreadPoolExecutor.java:587)
W/System.err( 8190): 	at java.lang.Thread.run(Thread.java:818)
W/Wifi    ( 3495): Failed to read packet and byte counts from wifi interface
W/Wifi    ( 3495): Failed to read packet and byte counts from wifi interface
W/Wifi    ( 3495): Failed to read packet and byte counts from wifi interface
W/Wifi    ( 3495): Failed to read packet and byte counts from wifi interface
W/Wifi    ( 3495): Failed to read packet and byte counts from wifi interface
W/Wifi    ( 3495): Failed to read packet and byte counts from wifi interface
W/Wifi    ( 3495): Failed to read packet and byte counts from wifi interface
W/Wifi    ( 3495): Failed to read packet and byte counts from wifi interface
W/Wifi    ( 3495): Failed to read packet and byte counts from wifi interface
E/WifiStateMachine(  471): WifiStateMachine CMD_START_SCAN source -2 txSuccessRate=1.47 rxSuccessRate=0.78 targetRoamBSSID=02:1d:aa:3c:3d:e8 RSSI=-48
E/WifiStateMachine(  471): WifiStateMachine starting scan for "BagelPeace"WPA_PSK with 2462,5180
W/Wifi    ( 3495): Failed to read packet and byte counts from wifi interface
W/Wifi    ( 3495): Failed to read packet and byte counts from wifi interface
W/Wifi    ( 3495): Failed to read packet and byte counts from wifi interface
W/Wifi    ( 3495): Failed to read packet and byte counts from wifi interface
W/Wifi    ( 3495): Failed to read packet and byte counts from wifi interface
W/Wifi    ( 3495): Failed to read packet and byte counts from wifi interface
W/Wifi    ( 3495): Failed to read packet and byte counts from wifi interface
W/Wifi    ( 3495): Failed to read packet and byte counts from wifi interface
W/Wifi    ( 3495): Failed to read packet and byte counts from wifi interface
W/Wifi    ( 3495): Failed to read packet and byte counts from wifi interface
W/Wifi    ( 3495): Failed to read packet and byte counts from wifi interface
W/Wifi    ( 3495): Failed to read packet and byte counts from wifi interface
W/Wifi    ( 3495): Failed to read packet and byte counts from wifi interface
W/Wifi    ( 3495): Failed to read packet and byte counts from wifi interface
W/Wifi    ( 3495): Failed to read packet and byte counts from wifi interface
W/Wifi    ( 3495): Failed to read packet and byte counts from wifi interface
W/Wifi    ( 3495): Failed to read packet and byte counts from wifi interface
W/Wifi    ( 3495): Failed to read packet and byte counts from wifi interface
W/Wifi    ( 3495): Failed to read packet and byte counts from wifi interface
W/Wifi    ( 3495): Failed to read packet and byte counts from wifi interface
E/WifiStateMachine(  471): WifiStateMachine CMD_START_SCAN source -2 txSuccessRate=0.03 rxSuccessRate=0.03 targetRoamBSSID=02:1d:aa:3c:3d:e8 RSSI=-57
E/WifiStateMachine(  471): WifiStateMachine starting scan for "BagelPeace"WPA_PSK with 2462,5180
W/Wifi    ( 3495): Failed to read packet and byte counts from wifi interface
W/Wifi    ( 3495): Failed to read packet and byte counts from wifi interface
W/Wifi    ( 3495): Failed to read packet and byte counts from wifi interface
W/Wifi    ( 3495): Failed to read packet and byte counts from wifi interface
W/Wifi    ( 3495): Failed to read packet and byte counts from wifi interface
W/Wifi    ( 3495): Failed to read packet and byte counts from wifi interface
W/Wifi    ( 3495): Failed to read packet and byte counts from wifi interface
W/Wifi    ( 3495): Failed to read packet and byte counts from wifi interface
W/Wifi    ( 3495): Failed to read packet and byte counts from wifi interface
W/Wifi    ( 3495): Failed to read packet and byte counts from wifi interface
W/Wifi    ( 3495): Failed to read packet and byte counts from wifi interface
W/Wifi    ( 3495): Failed to read packet and byte counts from wifi interface
W/Wifi    ( 3495): Failed to read packet and byte counts from wifi interface
W/Wifi    ( 3495): Failed to read packet and byte counts from wifi interface
W/Wifi    ( 3495): Failed to read packet and byte counts from wifi interface
I/vgn     ( 1173): 35-GetDeviceDataUploadOptInStatusOperation -- metadata{ service_id: 0 }
I/vgn     ( 1173): 35-GetDeviceDataUploadOptInStatusOperation -- metadata{ service_id: 0 }
W/Wifi    ( 3495): Failed to read packet and byte counts from wifi interface
W/Wifi    ( 3495): Failed to read packet and byte counts from wifi interface
W/Wifi    ( 3495): Failed to read packet and byte counts from wifi interface
W/Wifi    ( 3495): Failed to read packet and byte counts from wifi interface
W/Wifi    ( 3495): Failed to read packet and byte counts from wifi interface
E/WifiStateMachine(  471): WifiStateMachine CMD_START_SCAN source -2 txSuccessRate=0.00 rxSuccessRate=0.00 targetRoamBSSID=02:1d:aa:3c:3d:e8 RSSI=-58
E/WifiStateMachine(  471): WifiStateMachine starting scan for "BagelPeace"WPA_PSK with 2462,5180
W/Wifi    ( 3495): Failed to read packet and byte counts from wifi interface
W/Wifi    ( 3495): Failed to read packet and byte counts from wifi interface
W/Wifi    ( 3495): Failed to read packet and byte counts from wifi interface
W/Wifi    ( 3495): Failed to read packet and byte counts from wifi interface
W/Wifi    ( 3495): Failed to read packet and byte counts from wifi interface
W/Wifi    ( 3495): Failed to read packet and byte counts from wifi interface
W/Wifi    ( 3495): Failed to read packet and byte counts from wifi interface
W/Wifi    ( 3495): Failed to read packet and byte counts from wifi interface
W/Wifi    ( 3495): Failed to read packet and byte counts from wifi interface
W/Wifi    ( 3495): Failed to read packet and byte counts from wifi interface
W/Wifi    ( 3495): Failed to read packet and byte counts from wifi interface
W/Wifi    ( 3495): Failed to read packet and byte counts from wifi interface
W/Wifi    ( 3495): Failed to read packet and byte counts from wifi interface
W/Wifi    ( 3495): Failed to read packet and byte counts from wifi interface
W/Wifi    ( 3495): Failed to read packet and byte counts from wifi interface
W/Wifi    ( 3495): Failed to read packet and byte counts from wifi interface
W/Wifi    ( 3495): Failed to read packet and byte counts from wifi interface
W/Wifi    ( 3495): Failed to read packet and byte counts from wifi interface
W/Wifi    ( 3495): Failed to read packet and byte counts from wifi interface
W/Wifi    ( 3495): Failed to read packet and byte counts from wifi interface
E/WifiStateMachine(  471): WifiStateMachine CMD_START_SCAN source -2 txSuccessRate=0.00 rxSuccessRate=0.00 targetRoamBSSID=02:1d:aa:3c:3d:e8 RSSI=-56
E/WifiStateMachine(  471): WifiStateMachine starting scan for "BagelPeace"WPA_PSK with 2462,5180
W/Wifi    ( 3495): Failed to read packet and byte counts from wifi interface
W/Wifi    ( 3495): Failed to read packet and byte counts from wifi interface
W/Wifi    ( 3495): Failed to read packet and byte counts from wifi interface
W/Wifi    ( 3495): Failed to read packet and byte counts from wifi interface
W/Wifi    ( 3495): Failed to read packet and byte counts from wifi interface
W/Wifi    ( 3495): Failed to read packet and byte counts from wifi interface
W/Wifi    ( 3495): Failed to read packet and byte counts from wifi interface
W/Wifi    ( 3495): Failed to read packet and byte counts from wifi interface
W/Wifi    ( 3495): Failed to read packet and byte counts from wifi interface
W/Wifi    ( 3495): Failed to read packet and byte counts from wifi interface
W/Wifi    ( 3495): Failed to read packet and byte counts from wifi interface
W/Wifi    ( 3495): Failed to read packet and byte counts from wifi interface
W/Wifi    ( 3495): Failed to read packet and byte counts from wifi interface
D/ConnectivityService(  471): updateNetworkScore for NetworkAgentInfo [WIFI () - 100] to 56
D/ConnectivityService(  471): rematching NetworkAgentInfo [WIFI () - 100]
D/ConnectivityService(  471): Network NetworkAgentInfo [WIFI () - 100] was already satisfying request 1. No change.
D/ConnectivityService(  471): notifyType AVAILABLE for NetworkAgentInfo [WIFI () - 100]
D/ConnectivityManager.CallbackHandler( 1061): CM callback handler got msg 524290
D/ConnectivityManager.CallbackHandler(  692): CM callback handler got msg 524290
D/ConnectivityManager.CallbackHandler( 8190): CM callback handler got msg 524290
D/ConnectivityManager.CallbackHandler( 5400): CM callback handler got msg 524290
D/ConnectivityManager.CallbackHandler( 8190): CM callback handler got msg 524290
D/ConnectivityManager.CallbackHandler( 1040): CM callback handler got msg 524290
D/ConnectivityManager.CallbackHandler( 1040): CM callback handler got msg 524290
D/ConnectivityManager.CallbackHandler( 2666): CM callback handler got msg 524290
D/ConnectivityManager.CallbackHandler( 1040): CM callback handler got msg 524290
W/Wifi    ( 3495): Failed to read packet and byte counts from wifi interface
W/Wifi    ( 3495): Failed to read packet and byte counts from wifi interface
W/Wifi    ( 3495): Failed to read packet and byte counts from wifi interface
D/ConnectivityService(  471): updateNetworkScore for NetworkAgentInfo [WIFI () - 100] to 60
D/ConnectivityService(  471): rematching NetworkAgentInfo [WIFI () - 100]
D/ConnectivityService(  471): Network NetworkAgentInfo [WIFI () - 100] was already satisfying request 1. No change.
D/ConnectivityService(  471): notifyType AVAILABLE for NetworkAgentInfo [WIFI () - 100]
D/ConnectivityManager.CallbackHandler( 2666): CM callback handler got msg 524290
D/ConnectivityManager.CallbackHandler( 1061): CM callback handler got msg 524290
D/ConnectivityManager.CallbackHandler( 8190): CM callback handler got msg 524290
D/ConnectivityManager.CallbackHandler(  692): CM callback handler got msg 524290
D/ConnectivityManager.CallbackHandler( 1040): CM callback handler got msg 524290
D/ConnectivityManager.CallbackHandler( 5400): CM callback handler got msg 524290
D/ConnectivityManager.CallbackHandler( 8190): CM callback handler got msg 524290
D/ConnectivityManager.CallbackHandler( 1040): CM callback handler got msg 524290
D/ConnectivityManager.CallbackHandler( 1040): CM callback handler got msg 524290
W/Wifi    ( 3495): Failed to read packet and byte counts from wifi interface
W/Wifi    ( 3495): Failed to read packet and byte counts from wifi interface
W/Wifi    ( 3495): Failed to read packet and byte counts from wifi interface
D/ConnectivityService(  471): updateNetworkScore for NetworkAgentInfo [WIFI () - 100] to 56
D/ConnectivityService(  471): rematching NetworkAgentInfo [WIFI () - 100]
D/ConnectivityService(  471): Network NetworkAgentInfo [WIFI () - 100] was already satisfying request 1. No change.
D/ConnectivityService(  471): notifyType AVAILABLE for NetworkAgentInfo [WIFI () - 100]
D/ConnectivityManager.CallbackHandler( 1040): CM callback handler got msg 524290
D/ConnectivityManager.CallbackHandler( 8190): CM callback handler got msg 524290
D/ConnectivityManager.CallbackHandler( 8190): CM callback handler got msg 524290
D/ConnectivityManager.CallbackHandler( 1040): CM callback handler got msg 524290
D/ConnectivityManager.CallbackHandler(  692): CM callback handler got msg 524290
D/ConnectivityManager.CallbackHandler( 2666): CM callback handler got msg 524290
D/ConnectivityManager.CallbackHandler( 1061): CM callback handler got msg 524290
D/ConnectivityManager.CallbackHandler( 5400): CM callback handler got msg 524290
D/ConnectivityManager.CallbackHandler( 1040): CM callback handler got msg 524290
W/Wifi    ( 3495): Failed to read packet and byte counts from wifi interface
E/WifiStateMachine(  471): WifiStateMachine CMD_START_SCAN source -2 txSuccessRate=0.03 rxSuccessRate=0.03 targetRoamBSSID=02:1d:aa:3c:3d:e8 RSSI=-62
E/WifiStateMachine(  471): WifiStateMachine starting scan for "BagelPeace"WPA_PSK with 2462,5180
W/Wifi    ( 3495): Failed to read packet and byte counts from wifi interface
W/Wifi    ( 3495): Failed to read packet and byte counts from wifi interface
D/ConnectivityService(  471): updateNetworkScore for NetworkAgentInfo [WIFI () - 100] to 60
D/ConnectivityService(  471): rematching NetworkAgentInfo [WIFI () - 100]
D/ConnectivityService(  471): Network NetworkAgentInfo [WIFI () - 100] was already satisfying request 1. No change.
D/ConnectivityService(  471): notifyType AVAILABLE for NetworkAgentInfo [WIFI () - 100]
D/ConnectivityManager.CallbackHandler(  692): CM callback handler got msg 524290
D/ConnectivityManager.CallbackHandler( 2666): CM callback handler got msg 524290
D/ConnectivityManager.CallbackHandler( 1061): CM callback handler got msg 524290
D/ConnectivityManager.CallbackHandler( 8190): CM callback handler got msg 524290
D/ConnectivityManager.CallbackHandler( 5400): CM callback handler got msg 524290
D/ConnectivityManager.CallbackHandler( 1040): CM callback handler got msg 524290
D/ConnectivityManager.CallbackHandler( 1040): CM callback handler got msg 524290
D/ConnectivityManager.CallbackHandler( 8190): CM callback handler got msg 524290
D/ConnectivityManager.CallbackHandler( 1040): CM callback handler got msg 524290
W/Wifi    ( 3495): Failed to read packet and byte counts from wifi interface
W/Wifi    ( 3495): Failed to read packet and byte counts from wifi interface
W/Wifi    ( 3495): Failed to read packet and byte counts from wifi interface
W/Wifi    ( 3495): Failed to read packet and byte counts from wifi interface
W/Wifi    ( 3495): Failed to read packet and byte counts from wifi interface
W/Wifi    ( 3495): Failed to read packet and byte counts from wifi interface
W/Wifi    ( 3495): Failed to read packet and byte counts from wifi interface
W/Wifi    ( 3495): Failed to read packet and byte counts from wifi interface
W/Wifi    ( 3495): Failed to read packet and byte counts from wifi interface
W/Wifi    ( 3495): Failed to read packet and byte counts from wifi interface
W/Wifi    ( 3495): Failed to read packet and byte counts from wifi interface
W/Wifi    ( 3495): Failed to read packet and byte counts from wifi interface
W/Wifi    ( 3495): Failed to read packet and byte counts from wifi interface
I/art     ( 1173): Explicit concurrent mark sweep GC freed 139811(6MB) AllocSpace objects, 35(2MB) LOS objects, 36% free, 27MB/43MB, paused 711us total 120.610ms
I/vgn     ( 1173): 35-GetDeviceDataUploadOptInStatusOperation -- metadata{ service_id: 0 }
I/vgn     ( 1173): 35-GetDeviceDataUploadOptInStatusOperation -- metadata{ service_id: 0 }
W/Wifi    ( 3495): Failed to read packet and byte counts from wifi interface
W/Wifi    ( 3495): Failed to read packet and byte counts from wifi interface
W/Wifi    ( 3495): Failed to read packet and byte counts from wifi interface
W/Wifi    ( 3495): Failed to read packet and byte counts from wifi interface
W/Wifi    ( 3495): Failed to read packet and byte counts from wifi interface
E/WifiStateMachine(  471): WifiStateMachine CMD_START_SCAN source -2 txSuccessRate=0.00 rxSuccessRate=0.00 targetRoamBSSID=02:1d:aa:3c:3d:e8 RSSI=-60
E/WifiStateMachine(  471): WifiStateMachine starting scan for "BagelPeace"WPA_PSK with 2462,5180
D/ConnectivityService(  471): updateNetworkScore for NetworkAgentInfo [WIFI () - 100] to 56
D/ConnectivityService(  471): rematching NetworkAgentInfo [WIFI () - 100]
D/ConnectivityService(  471): Network NetworkAgentInfo [WIFI () - 100] was already satisfying request 1. No change.
D/ConnectivityService(  471): notifyType AVAILABLE for NetworkAgentInfo [WIFI () - 100]
D/ConnectivityManager.CallbackHandler(  692): CM callback handler got msg 524290
D/ConnectivityManager.CallbackHandler( 2666): CM callback handler got msg 524290
D/ConnectivityManager.CallbackHandler( 1061): CM callback handler got msg 524290
W/Wifi    ( 3495): Failed to read packet and byte counts from wifi interface
D/ConnectivityManager.CallbackHandler( 1040): CM callback handler got msg 524290
D/ConnectivityManager.CallbackHandler( 5400): CM callback handler got msg 524290
D/ConnectivityManager.CallbackHandler( 1040): CM callback handler got msg 524290
D/ConnectivityManager.CallbackHandler( 8190): CM callback handler got msg 524290
D/ConnectivityManager.CallbackHandler( 8190): CM callback handler got msg 524290
D/ConnectivityManager.CallbackHandler( 1040): CM callback handler got msg 524290
W/Wifi    ( 3495): Failed to read packet and byte counts from wifi interface
D/AndroidRuntime(14814): >>>>>> START com.android.internal.os.RuntimeInit uid 2000 <<<<<<
D/AndroidRuntime(14814): CheckJNI is OFF
W/Wifi    ( 3495): Failed to read packet and byte counts from wifi interface
D/AndroidRuntime(14814): Calling main entry com.android.commands.pm.Pm
I/art     (14814): System.exit called, status: 0
I/AndroidRuntime(14814): VM exiting with result code 0.
D/AndroidRuntime(14833): >>>>>> START com.android.internal.os.RuntimeInit uid 2000 <<<<<<
D/AndroidRuntime(14833): CheckJNI is OFF
D/AndroidRuntime(14833): Calling main entry com.android.commands.pm.Pm
I/art     (14833): System.exit called, status: 0
I/AndroidRuntime(14833): VM exiting with result code 0.
W/Wifi    ( 3495): Failed to read packet and byte counts from wifi interface
D/AndroidRuntime(14865): >>>>>> START com.android.internal.os.RuntimeInit uid 2000 <<<<<<
D/AndroidRuntime(14865): CheckJNI is OFF
D/AndroidRuntime(14865): Calling main entry com.android.commands.monkey.Monkey
W/BroadcastQueue(  471): Skipping deliver [background] BroadcastRecord{19e1b670 u-1 android.net.conn.CONNECTIVITY_CHANGE} to ReceiverList{1550fde9 14865 (unknown name)/2000/u-1 remote:12f46e22}: process crashing
I/ActivityManager(  471): START u0 {act=android.intent.action.MAIN cat=[android.intent.category.LAUNCHER] flg=0x10200000 cmp=com.quicinc.trepn/.userinterface.main.TrepnActivity} from uid 2000 on display 0
V/WindowManager(  471): addAppToken: AppWindowToken{2e83c99c token=Token{a44650f ActivityRecord{c0f4a6e u0 com.quicinc.trepn/.userinterface.main.TrepnActivity t4247}}} to stack=1 task=4247 at 0
V/WindowManager(  471): Adding window Window{12e9e707 u0 Starting com.quicinc.trepn} at 3 of 17 (after Window{9172ebb u0 com.google.android.googlequicksearchbox/com.google.android.launcher.GEL})
I/CwMcuSensor(  471): CwMcuSensor::flush: fd = 239, sensors_id = 0, path = /sys/class/htc_sensorhub/sensor_hub/flush, err = 0
I/art     (14865): System.exit called, status: 0
I/AndroidRuntime(14865): VM exiting with result code 0.
V/WindowManager(  471): Adding window Window{1f9ad1cc u0 com.quicinc.trepn/com.quicinc.trepn.userinterface.main.TrepnActivity} at 3 of 18 (before Window{12e9e707 u0 Starting com.quicinc.trepn})
W/Wifi    ( 3495): Failed to read packet and byte counts from wifi interface
I/ActivityManager(  471): Displayed com.quicinc.trepn/.userinterface.main.TrepnActivity: +334ms (total +2m57s397ms)
I/PBSessionCacheImpl( 1061): Deleted sessionId[14996137457844] from persistence.
I/DeviceStateChecker( 1061): DeviceStateChecker cancelled
I/MicroDetector( 1061): Keeping mic open: false
I/AudioController( 1061): internalShutdown
I/MicrophoneInputStream( 1061): mic_close com.google.android.apps.gsa.speech.audio.af@224d70f8
I/MicroRecognitionRunner( 1061): Stopping hotword detection.
I/SoundTriggerHwService::Module(  204): void android::SoundTriggerHwService::Module::onCallbackEvent(const android::sp<android::SoundTriggerHwService::CallbackEvent>&) mClient == 0
I/MicroRecognitionRunner( 1061): Detection finished
W/Wifi    ( 3495): Failed to read packet and byte counts from wifi interface
W/System.err( 8190): android.content.pm.PackageManager$NameNotFoundException
W/System.err( 8190): 	at android.app.ApplicationPackageManager.getPackageInfo(ApplicationPackageManager.java:114)
W/System.err( 8190): 	at com.estrongs.android.pop.app.c.ai.c(Unknown Source)
W/System.err( 8190): 	at com.estrongs.android.pop.app.c.ai.a(Unknown Source)
W/System.err( 8190): 	at com.estrongs.android.pop.app.scene.e.q.a(Unknown Source)
W/System.err( 8190): 	at com.estrongs.android.scanner.c.m.run(Unknown Source)
W/System.err( 8190): 	at java.util.concurrent.ThreadPoolExecutor.runWorker(ThreadPoolExecutor.java:1112)
W/System.err( 8190): 	at java.util.concurrent.ThreadPoolExecutor$Worker.run(ThreadPoolExecutor.java:587)
W/System.err( 8190): 	at java.lang.Thread.run(Thread.java:818)
W/System.err( 8190): android.content.pm.PackageManager$NameNotFoundException
W/System.err( 8190): 	at android.app.ApplicationPackageManager.getPackageInfo(ApplicationPackageManager.java:114)
W/System.err( 8190): 	at com.estrongs.android.pop.app.c.ai.c(Unknown Source)
W/System.err( 8190): 	at com.estrongs.android.pop.app.c.ai.a(Unknown Source)
W/System.err( 8190): 	at com.estrongs.android.pop.app.scene.e.q.a(Unknown Source)
W/System.err( 8190): 	at com.estrongs.android.scanner.c.m.run(Unknown Source)
W/System.err( 8190): 	at java.util.concurrent.ThreadPoolExecutor.runWorker(ThreadPoolExecutor.java:1112)
W/System.err( 8190): 	at java.util.concurrent.ThreadPoolExecutor$Worker.run(ThreadPoolExecutor.java:587)
W/System.err( 8190): 	at java.lang.Thread.run(Thread.java:818)
I/CwMcuSensor(  471): CwMcuSensor::flush: fd = 233, sensors_id = 0, path = /sys/class/htc_sensorhub/sensor_hub/flush, err = 0
E/ActivityThread( 8190): Failed to find provider info for com.facebook.katana.provider.AttributionIdProvider
W/ActivityManager(  471): getTasks: caller 10089 does not hold GET_TASKS; limiting output
D/IS_UNITY( 8190): false
W/Wifi    ( 3495): Failed to read packet and byte counts from wifi interface
D/ConnectivityService(  471): updateNetworkScore for NetworkAgentInfo [WIFI () - 100] to 60
D/ConnectivityService(  471): rematching NetworkAgentInfo [WIFI () - 100]
D/ConnectivityService(  471): Network NetworkAgentInfo [WIFI () - 100] was already satisfying request 1. No change.
D/ConnectivityService(  471): notifyType AVAILABLE for NetworkAgentInfo [WIFI () - 100]
D/ConnectivityManager.CallbackHandler(  692): CM callback handler got msg 524290
D/ConnectivityManager.CallbackHandler( 2666): CM callback handler got msg 524290
D/ConnectivityManager.CallbackHandler( 1061): CM callback handler got msg 524290
D/ConnectivityManager.CallbackHandler( 1040): CM callback handler got msg 524290
D/ConnectivityManager.CallbackHandler( 5400): CM callback handler got msg 524290
D/ConnectivityManager.CallbackHandler( 1040): CM callback handler got msg 524290
D/ConnectivityManager.CallbackHandler( 8190): CM callback handler got msg 524290
D/ConnectivityManager.CallbackHandler( 8190): CM callback handler got msg 524290
D/ConnectivityManager.CallbackHandler( 1040): CM callback handler got msg 524290
W/Wifi    ( 3495): Failed to read packet and byte counts from wifi interface
D/TaskPersister(  471): removeObsoleteFile: deleting file=4224_task.xml
W/Wifi    ( 3495): Failed to read packet and byte counts from wifi interface
W/Wifi    ( 3495): Failed to read packet and byte counts from wifi interface
D/AndroidRuntime(14921): >>>>>> START com.android.internal.os.RuntimeInit uid 2000 <<<<<<
D/AndroidRuntime(14921): CheckJNI is OFF
D/AndroidRuntime(14921): Calling main entry com.android.commands.am.Am
I/Trepn   ( 8910): Trepn 6.2s: Received intent: com.quicinc.trepn.load_preferences; filename: /sdcard/trepn/saved_preferences/trepn.pref
D/AndroidRuntime(14921): Shutting down VM
I/vgn     ( 1173): 67-RequestPlaceUpdates -- metadata{ service_id: 0 }
I/vgn     ( 1173): 67-RemovePlaceUpdates -- metadata{ service_id: 0 }
I/Places  ( 1173): ?: PlacesBleScanner stop()
I/BeaconBle( 1173): Scan canceled successfully.
I/PlaceInferenceEngine( 1173): [anon] Changed inference mode: 0
I/GeofencerStateMachine( 1173): removeGeofences: removeRequest=RemoveGeofencingRequest[REMOVE_BY_PENDING_INTENT pendingIntent=PendingIntent[creatorPackage=com.google.android.gms], packageName=null]
W/Wifi    ( 3495): Failed to read packet and byte counts from wifi interface
D/AndroidRuntime(14938): >>>>>> START com.android.internal.os.RuntimeInit uid 2000 <<<<<<
D/AndroidRuntime(14938): CheckJNI is OFF
W/Wifi    ( 3495): Failed to read packet and byte counts from wifi interface
D/AndroidRuntime(14938): Calling main entry com.android.commands.am.Am
I/ActivityManager(  471): Force stopping com.quicinc.trepn appid=10091 user=0: from pid 14938
I/ActivityManager(  471): Killing 8910:com.quicinc.trepn/u0a91 (adj 0): stop com.quicinc.trepn
W/InputDispatcher(  471): channel '1f9ad1cc com.quicinc.trepn/com.quicinc.trepn.userinterface.main.TrepnActivity (server)' ~ Consumer closed input channel or an error occurred.  events=0x9
E/InputDispatcher(  471): channel '1f9ad1cc com.quicinc.trepn/com.quicinc.trepn.userinterface.main.TrepnActivity (server)' ~ Channel is unrecoverably broken and will be disposed!
I/WindowState(  471): WIN DEATH: Window{1f9ad1cc u0 com.quicinc.trepn/com.quicinc.trepn.userinterface.main.TrepnActivity}
W/InputDispatcher(  471): Attempted to unregister already unregistered input channel '1f9ad1cc com.quicinc.trepn/com.quicinc.trepn.userinterface.main.TrepnActivity (server)'
W/ActivityManager(  471): Scheduling restart of crashed service com.quicinc.trepn/.TrepnService in 1000ms
W/ActivityManager(  471): Force removing ActivityRecord{c0f4a6e u0 com.quicinc.trepn/.userinterface.main.TrepnActivity t4247}: app died, no saved state
I/ActivityManager(  471):   Force stopping service ServiceRecord{295c5060 u0 com.quicinc.trepn/.TrepnService}
W/ActivityManager(  471): Spurious death for ProcessRecord{10c79ba0 8910:com.quicinc.trepn/u0a91}, curProc for 8910: null
D/AndroidRuntime(14938): Shutting down VM
W/InputMethodManagerService(  471): Got RemoteException sending setActive(false) notification to pid 8910 uid 10091
W/SessionLifecycleManager( 1061): Handover failed. Creating new session controller.
W/LocationOracle( 1061): No location history returned by ContextManager
I/MicroDetectionWorker( 1061): #updateMicroDetector [detectionMode: [mDetectionMode: [1]]]
I/MicroDetectionWorker( 1061): #startMicroDetector [speakerMode: 0]
D/BluetoothAdapter( 1061): 831459077: getState() :  mService = null. Returning STATE_OFF
D/BluetoothAdapter( 1061): 831459077: getState() :  mService = null. Returning STATE_OFF
I/VoiceSearchSettings( 1061): Hotword upgrade key is null!
D/BluetoothAdapter( 1061): 831459077: getState() :  mService = null. Returning STATE_OFF
I/VoiceSearchSettings( 1061): Hotword upgrade key is null!
I/MicroDetectionWorker( 1061): onReady
D/BluetoothAdapter( 1061): 831459077: getState() :  mService = null. Returning STATE_OFF
I/MicroRecognitionRunner( 1061): Starting detection.
I/MicrophoneInputStream( 1061): mic_starting com.google.android.apps.gsa.speech.audio.af@70e8497
I/AudioFlinger(  204): AudioFlinger's thread 0xab3475c0 ready to run
I/SoundTriggerHwService::Module(  204): void android::SoundTriggerHwService::Module::onCallbackEvent(const android::sp<android::SoundTriggerHwService::CallbackEvent>&) mClient == 0
I/MicrophoneInputStream( 1061): mic_started com.google.android.apps.gsa.speech.audio.af@70e8497
W/ctxmgr  ( 1173): [AclManager]No 3 for (accnt=account#-517948760#, com.google.android.gms(10008):UserVelocityProducer, vrsn=12685011, 0, 3pPkg = null ,  3pMdlId = null ,  pid = 1173). Was: 3 for 1, account#-517948760#
E/SQLiteLog( 1173): (2067) abort at 35 in [INSERT INTO context(context_name,end_time,context_family,module_id,version,sync_state_mod_time_millis,start_time,sync_state,context_id,time_type,proto_blob) VALUES (?,?,?,?,?,?,?,?,?,?,?)]: UNI
E/SQLiteLog( 1173): (2067) abort at 35 in [INSERT INTO context(context_name,end_time,context_family,module_id,version,sync_state_mod_time_millis,start_time,sync_state,context_id,time_type,proto_blob) VALUES (?,?,?,?,?,?,?,?,?,?,?)]: UNI
E/SQLiteLog( 1173): (2067) abort at 35 in [INSERT INTO context(context_name,end_time,context_family,module_id,version,sync_state_mod_time_millis,start_time,sync_state,context_id,time_type,proto_blob) VALUES (?,?,?,?,?,?,?,?,?,?,?)]: UNI
I/vgn     ( 1173): 67-RequestPlaceUpdates -- metadata{ service_id: 0 }
I/MicroDetectionWorker( 1061): onReady
I/GeofencerStateMachine( 1173): removeGeofences: removeRequest=RemoveGeofencingRequest[REMOVE_BY_PENDING_INTENT pendingIntent=PendingIntent[creatorPackage=com.google.android.gms], packageName=null]
I/GeofencerStateMachine( 1173): removeGeofences: removeRequest=RemoveGeofencingRequest[REMOVE_BY_PENDING_INTENT pendingIntent=PendingIntent[creatorPackage=com.google.android.gms], packageName=null]
I/PlaceInferenceEngine( 1173): [anon] Changed inference mode: 0
I/vgn     ( 1173): 67-RequestPlaceUpdates -- metadata{ service_id: 0 }
I/Places  ( 1173): ?: PlacesBleScanner start() with priority 2
I/PlaceInferenceEngine( 1173): [anon] Changed inference mode: 1
I/Places  ( 1173): Converted 5 out of 16 WiFi scans
I/PlaceInferenceEngine( 1173): [anon] Changed inference mode: 1
