V/BackupManagerService(  471): Registering transport com.google.android.gms/.backup.BackupTransportService::com.google.android.gms/.backup.BackupTransportService = com.android.internal.backup.IBackupTransport$Stub$Proxy@3912bd39
W/ResourcesManager(  980): Asset path '/system/framework/com.google.android.maps.jar' does not exist or contains no resources.
I/ActivityManager(  471): Start proc 3457:com.google.android.apps.photos/u0a66 for broadcast com.google.android.apps.photos/.backup.freestorage.full.release.PixelOfferReceiver
I/ActivityManager(  471): Killing 2571:com.google.android.youtube/u0a81 (adj 15): empty #17
D/ConnectivityService(  471): ConnectivityService NetworkRequestInfo binderDied(NetworkRequest [ id=6, legacyType=-1, [ Capabilities: INTERNET&NOT_RESTRICTED&TRUSTED] ], android.os.BinderProxy@d826d89)
D/ConnectivityService(  471): releasing NetworkRequest NetworkRequest [ id=6, legacyType=-1, [ Capabilities: INTERNET&NOT_RESTRICTED&TRUSTED] ]
E/ConnectivityService(  471): RemoteException caught trying to send a callback msg for NetworkRequest [ id=6, legacyType=-1, [ Capabilities: INTERNET&NOT_RESTRICTED&TRUSTED] ]
W/ResourcesManager( 3412): Asset path '/system/framework/com.android.media.remotedisplay.jar' does not exist or contains no resources.
W/ResourcesManager( 3412): Asset path '/system/framework/com.android.location.provider.jar' does not exist or contains no resources.
D/ConnectivityService(  471): listenForNetwork for NetworkRequest [ id=8, legacyType=-1, [ Capabilities: INTERNET&NOT_RESTRICTED&TRUSTED] ]
W/BroadcastQueue(  471): Permission Denial: receiving Intent { act=android.intent.action.BOOT_COMPLETED flg=0x8000010 (has extras) } to com.google.android.apps.docs.editors.sheets/com.google.android.apps.docs.notification.common.NotificationChannelReceiver requires android.permission.RECEIVE_BOOT_COMPLETED due to sender null (uid 1000)
I/ActivityManager(  471): Start proc 3495:edu.umich.PowerTutor/u0a84 for broadcast edu.umich.PowerTutor/.ui.StartupReceiver
I/ActivityManager(  471): Killing 1715:com.android.providers.calendar/u0a2 (adj 15): empty #17
I/ActivityManager(  471): Start proc 3511:org.mozilla.firefox/u0a86 for broadcast org.mozilla.firefox/org.mozilla.gecko.BootReceiver
I/ActivityManager(  471): Start proc 3537:com.opera.browser:alarm_receiver/u0a85 for broadcast com.opera.browser/com.opera.android.phantom.receiver.AlarmReceiver
I/ActivityManager(  471): Killing 2947:com.google.android.videos/u0a77 (adj 15): empty #17
I/ActivityManager(  471): Start proc 3560:com.opera.browser/u0a85 for content provider com.opera.browser/com.opera.android.crashhandler.CrashExtrasProvider
I/ActivityManager(  471): Start proc 3613:com.google.android.instantapps.supervisor/u0a90 for broadcast com.google.android.instantapps.supervisor/.BootReceiver
I/ActivityManager(  471): Killing 3062:com.google.android.apps.gcs/u0a7 (adj 15): empty #17
I/ActivityManager(  471): Killing 3040:com.google.android.gm.exchange/u0a70 (adj 15): empty #18
I/ActivityManager(  471): Start proc 3636:com.opera.browser:background_services/u0a85 for service com.opera.browser/com.opera.android.dashboard.newsfeed.newsbar.NewsBarService
I/ActivityManager(  471): Killing 3164:com.google.android.gm/u0a71 (adj 15): empty #17
I/ActivityManager(  471): Killing 1788:com.google.android.gms.unstable/u0a8 (adj 15): empty #17
I/ActivityManager(  471): Start proc 3712:com.google.android.apps.gcs/u0a7 for broadcast com.google.android.apps.gcs/.steen.receiver.ScoreNetworksReceiver
I/ActivityManager(  471): Waited long enough for: ServiceRecord{10a697 u0 com.google.android.calendar/.alerts.InitAlarmsService}
D/WifiService(  471): New client listening to asynchronous messages
I/ActivityManager(  471): Killing 3230:com.google.android.keep/u0a72 (adj 15): empty #17
I/ActivityManager(  471): Start proc 3739:com.google.android.gm/u0a71 for broadcast com.google.android.gm/.widget.GmailWidgetProvider
D/ActivityThread( 3739): Loading provider com.google.android.gmail.provider;com.android.mail.notifier;com.google.android.gm.email.provider;com.google.android.gm.tasks.provider;com.google.android.gm.email.notifier: com.android.email.provider.EmailProvider
W/ActivityManager(  471): Unable to start service Intent { cmp=com.google.android.gm/com.android.email.service.AttachmentService } U=0: not found
W/ActivityManager(  471): Unable to start service Intent { cmp=com.google.android.gm.exchange/com.android.exchange.service.EasService } U=0: not found
I/ActivityManager(  471): Killing 3291:com.google.android.deskclock/u0a39 (adj 15): empty #17
I/ActivityManager(  471): Start proc 3785:com.android.providers.calendar/u0a2 for broadcast com.android.providers.calendar/.CalendarProviderBroadcastReceiver
W/ResourcesManager( 3785): Asset path '/system/framework/android.test.runner.jar' does not exist or contains no resources.
I/ActivityManager(  471): Start proc 3803:com.google.android.gms.ui/u0a8 for service com.google.android.gms/.chimera.UiIntentOperationService
W/ResourcesManager( 3803): Asset path '/system/framework/com.android.media.remotedisplay.jar' does not exist or contains no resources.
W/ResourcesManager( 3803): Asset path '/system/framework/com.android.location.provider.jar' does not exist or contains no resources.
I/ActivityManager(  471): Start proc 3841:com.google.android.deskclock/u0a39 for broadcast com.google.android.deskclock/com.android.alarmclock.DigitalAppWidgetProvider
I/ActivityManager(  471): START u0 {flg=0x10800000 cmp=com.estrongs.android.pop/.app.RemainTransitionActivity} from uid 10089 on display 0
V/WindowManager(  471): addAppToken: AppWindowToken{3c2ffc5c token=Token{2e8aaacf ActivityRecord{5900f2e u0 com.estrongs.android.pop/.app.RemainTransitionActivity t4215}}} to stack=1 task=4215 at 0
W/InputMethodManagerService(  471): Window already focused, ignoring focus gain of: com.android.internal.view.IInputMethodClient$Stub$Proxy@15ee8248 attribute=null, token = android.os.BinderProxy@39a5bf4a
W/ResourcesManager( 1040): Asset path '/system/framework/com.google.android.maps.jar' does not exist or contains no resources.
I/ActivityManager(  471): Killing 3319:com.google.android.apps.magazines/u0a62 (adj 15): empty #17
I/ValidateNoPeople(  471): Validating: 0|com.google.android.gm|-1107457495|null|10071
I/ValidateNoPeople(  471): final affinity: 0.0
I/ActivityManager(  471): Killing 2217:com.google.android.apps.plus/u0a68 (adj 15): empty #17
D/WifiService(  471): acquireWifiLockLocked: WifiLock{NlpWifiLock type=2 binder=android.os.BinderProxy@ae6da03}
D/WifiService(  471): releaseWifiLockLocked: WifiLock{NlpWifiLock type=2 binder=android.os.BinderProxy@ae6da03}
W/Telecom (  471): TelecomServiceImpl: null is not visible for the calling user
I/ActivityManager(  471): Waited long enough for: ServiceRecord{34c68977 u0 com.opera.browser/com.opera.android.analytics.AnalyticsService}
I/ActivityManager(  471): Waited long enough for: ServiceRecord{3f74f9e4 u0 com.opera.browser/com.opera.android.dashboard.newsfeed.statistic.NewsFeedService}
W/ActivityManager(  471): Unable to start service Intent { act=com.google.android.gms.drive.ApiService.RESET_AFTER_BOOT flg=0x4 cmp=com.google.android.gms/.drive.api.ApiService (has extras) } U=0: not found
I/ValidateNoPeople(  471): skipping global notification
D/WifiService(  471): acquireWifiLockLocked: WifiLock{NlpWifiLock type=2 binder=android.os.BinderProxy@25252a3c}
D/WifiService(  471): releaseWifiLockLocked: WifiLock{NlpWifiLock type=2 binder=android.os.BinderProxy@25252a3c}
D/WifiService(  471): acquireWifiLockLocked: WifiLock{NlpWifiLock type=2 binder=android.os.BinderProxy@25252a3c}
D/WifiService(  471): releaseWifiLockLocked: WifiLock{NlpWifiLock type=2 binder=android.os.BinderProxy@25252a3c}
I/PowerManagerService(  471): Going to sleep due to power button (uid 1000)...
I/PowerManagerService(  471): Sleeping (uid 1000)...
I/DisplayManagerService(  471): Display device changed: DisplayDeviceInfo{"Built-in Screen": uniqueId="local:0", 1536 x 2048, 59.0 fps, supportedRefreshRates [59.0], density 320, 288.995 x 288.995 dpi, appVsyncOff 0, presDeadline 17949152, touch INTERNAL, rotation 0, type BUILT_IN, state OFF, FLAG_DEFAULT_DISPLAY, FLAG_ROTATES_WITH_CONTENT, FLAG_SECURE, FLAG_SUPPORTS_PROTECTED_BUFFERS}
V/ActivityManager(  471): Display changed displayId=0
I/PowerManagerService(  471): Waking up from sleep (uid 1000)...
I/DisplayPowerController(  471): Blocking screen on until initial contents have been drawn.
I/DisplayManagerService(  471): Display device changed: DisplayDeviceInfo{"Built-in Screen": uniqueId="local:0", 1536 x 2048, 59.0 fps, supportedRefreshRates [59.0], density 320, 288.995 x 288.995 dpi, appVsyncOff 0, presDeadline 17949152, touch INTERNAL, rotation 0, type BUILT_IN, state ON, FLAG_DEFAULT_DISPLAY, FLAG_ROTATES_WITH_CONTENT, FLAG_SECURE, FLAG_SUPPORTS_PROTECTED_BUFFERS}
V/ActivityManager(  471): Display changed displayId=0
V/ActivityManager(  471): Display changed displayId=0
I/DisplayPowerController(  471): Unblocked screen on after 189 ms
W/BackupManagerService(  471): dataChanged but no participant pkg='com.android.providers.settings' uid=10022
D/WifiService(  471): setWifiEnabled: false pid=692, uid=10022
E/WifiService(  471): Invoking mWifiStateMachine.setWifiEnabled
W/BackupManagerService(  471): dataChanged but no participant pkg='com.android.providers.settings' uid=10022
D/WifiService(  471): setWifiEnabled: true pid=692, uid=10022
E/WifiService(  471): Invoking mWifiStateMachine.setWifiEnabled
D/WifiService(  471): acquireWifiLockLocked: WifiLock{NlpWifiLock type=2 binder=android.os.BinderProxy@262f2594}
E/WifiP2pService(  471): Unable to change interface settings: java.lang.IllegalStateException: command '36 interface setcfg p2p0 0.0.0.0 0 up' failed with '400 36 Failed to set address (No such device)'
D/WifiService(  471): releaseWifiLockLocked: WifiLock{NlpWifiLock type=2 binder=android.os.BinderProxy@262f2594}
I/ActivityManager(  471): START u0 {act=android.settings.WIFI_SETTINGS flg=0x14000000 cmp=com.android.settings/.Settings$WifiSettingsActivity (has extras)} from uid 10022 on display 0
W/InputMethodManagerService(  471): Window already focused, ignoring focus gain of: com.android.internal.view.IInputMethodClient$Stub$Proxy@3fe483d attribute=android.view.inputmethod.EditorInfo@9758832, token = android.os.BinderProxy@39a5bf4a
V/WindowManager(  471): addAppToken: AppWindowToken{278c2b39 token=Token{3ca30700 ActivityRecord{1f366983 u0 com.android.settings/.Settings$WifiSettingsActivity t4216}}} to stack=1 task=4216 at 0
V/WindowManager(  471): Adding window Window{34ab3656 u0 Starting com.android.settings} at 2 of 14 (after Window{9172ebb u0 com.google.android.googlequicksearchbox/com.google.android.launcher.GEL})
I/ActivityManager(  471): Start proc 4711:com.android.settings/1000 for activity com.android.settings/.Settings$WifiSettingsActivity
V/ActivityManager(  471): Display changed displayId=0
D/WifiService(  471): New client listening to asynchronous messages
V/WindowManager(  471): Adding window Window{1bc44b3a u0 BagelPeace} at 2 of 15 (before Window{34ab3656 u0 Starting com.android.settings})
V/WindowManager(  471): Adding window Window{2574ded5 u0 com.android.settings/com.android.settings.Settings$WifiSettingsActivity} at 2 of 16 (before Window{1bc44b3a u0 BagelPeace})
I/ValidateNoPeople(  471): skipping global notification
I/ActivityManager(  471): Killing 3380:com.google.android.contacts/u0a9 (adj 15): empty #17
E/WiFiServiceImpl (  471): CONNECT  nid=-1 uid=1000
D/WifiService(  471): Connect with config* ID: -1 SSID: "BagelPeace" BSSID: null FQDN: null REALM: null PRIO: 0
D/WifiService(  471):  KeyMgmt: WPA_PSK Protocols:
D/WifiService(  471):  AuthAlgorithms:
D/WifiService(  471):  PairwiseCiphers:
D/WifiService(  471):  GroupCiphers:
D/WifiService(  471):  PSK: *
D/WifiService(  471): Enterprise config:
D/WifiService(  471): IP config:
D/WifiService(  471): IP assignment: DHCP
D/WifiService(  471): Proxy settings: NONE
D/WifiService(  471):  uid=1000roamingFailureBlackListTimeMilli: 1000
D/WifiService(  471): triggeredLow: 0 triggeredBad: 0 triggeredNotHigh: 0
D/WifiService(  471): ticksLow: 0 ticksBad: 0 ticksNotHigh: 0
D/WifiService(  471): triggeredJoin: 0
D/WifiService(  471): autoJoinBailedDueToLowRssi: false
D/WifiService(  471): autoJoinUseAggressiveJoinAttemptThreshold: 0
D/ConnectivityService(  471): registerNetworkAgent NetworkAgentInfo{ ni{[type: WIFI[], state: CONNECTING/CONNECTING, reason: (unspecified), extra: "BagelPeace", roaming: false, failover: false, isAvailable: true, isConnectedToProvisioningNetwork: false]}  network{null}  lp{{LinkAddresses: []  Routes: [] DnsAddresses: [] Domains: null MTU: 0 TcpBufferSizes: 524288,1048576,2097152,262144,524288,1048576}}  nc{[ Transports: WIFI Capabilities: INTERNET&NOT_RESTRICTED&TRUSTED&NOT_VPN LinkUpBandwidth>=1048576Kbps LinkDnBandwidth>=1048576Kbps]}  Score{20}  everValidated{false}  lastValidated{false}  created{false}  explicitlySelected{false} }
D/ConnectivityService(  471): NetworkAgentInfo [WIFI () - 100] EVENT_NETWORK_INFO_CHANGED, going from null to CONNECTING
D/ConnectivityService(  471): updateNetworkScore for NetworkAgentInfo [WIFI () - 100] to 60
D/ConnectivityService(  471): NetworkAgentInfo [WIFI () - 100] EVENT_NETWORK_INFO_CHANGED, going from CONNECTING to CONNECTED
D/ConnectivityService(  471): Adding iface wlan0 to network 100
E/ConnectivityService(  471): Unexpected mtu value: 0, wlan0
D/ConnectivityService(  471): Adding Route [fe80::/64 -> :: wlan0] to network 100
D/ConnectivityService(  471): Adding Route [192.168.65.0/24 -> 0.0.0.0 wlan0] to network 100
D/ConnectivityService(  471): Adding Route [0.0.0.0/0 -> 192.168.65.1 wlan0] to network 100
D/ConnectivityService(  471): Setting Dns servers for network 100 to [/62.212.131.101, /62.212.128.130]
D/ConnectivityService(  471): notifyType IP_CHANGED for NetworkAgentInfo [WIFI () - 100]
D/ConnectivityService(  471): notifyType PRECHECK for NetworkAgentInfo [WIFI () - 100]
D/ConnectivityService(  471): rematching NetworkAgentInfo [WIFI () - 100]
D/ConnectivityService(  471):    accepting network in place of null
D/ConnectivityService(  471): Switching to new default network: NetworkAgentInfo{ ni{[type: WIFI[], state: CONNECTED/CONNECTED, reason: (unspecified), extra: "BagelPeace", roaming: false, failover: false, isAvailable: true, isConnectedToProvisioningNetwork: false]}  network{100}  lp{{InterfaceName: wlan0 LinkAddresses: [fe80::522e:5cff:fee5:38b1/64,192.168.65.18/24,]  Routes: [fe80::/64 -> :: wlan0,192.168.65.0/24 -> 0.0.0.0 wlan0,0.0.0.0/0 -> 192.168.65.1 wlan0,] DnsAddresses: [62.212.131.101,62.212.128.130,] Domains:  MTU: 0 TcpBufferSizes: 524288,1048576,2097152,262144,524288,1048576}}  nc{[ Transports: WIFI Capabilities: INTERNET&NOT_RESTRICTED&TRUSTED&NOT_VPN LinkUpBandwidth>=1048576Kbps LinkDnBandwidth>=1048576Kbps]}  Score{100}  everValidated{false}  lastValidated{false}  created{true}  explicitlySelected{true} }
D/ConnectivityService(  471): Setting tx/rx TCP buffers to 524288,1048576,2097152,262144,524288,1048576
D/ConnectivityService(  471): notifyType AVAILABLE for NetworkAgentInfo [WIFI () - 100]
D/CSLegacyTypeTracker(  471): Sending connected broadcast for type 1 NetworkAgentInfo [WIFI () - 100] isDefaultNetwork=true
D/ConnectivityService(  471): sendStickyBroadcast: action=android.net.conn.CONNECTIVITY_CHANGE_IMMEDIATE
D/ConnectivityService(  471): sendStickyBroadcast: action=android.net.conn.CONNECTIVITY_CHANGE
D/ConnectivityService(  471): setProvNotificationVisibleIntent: E visible=false networkType=0 extraInfo=null
D/ConnectivityService(  471): Validated NetworkAgentInfo [WIFI () - 100]
D/ConnectivityService(  471): rematching NetworkAgentInfo [WIFI () - 100]
D/ConnectivityService(  471): Network NetworkAgentInfo [WIFI () - 100] was already satisfying request 1. No change.
D/ConnectivityService(  471): notifyType AVAILABLE for NetworkAgentInfo [WIFI () - 100]
D/ConnectivityService(  471): sendStickyBroadcast: action=android.net.conn.INET_CONDITION_ACTION
I/ActivityManager(  471): Start proc 4912:com.google.android.apps.plus/u0a68 for broadcast com.google.android.apps.plus/com.google.android.libraries.social.autobackup.AutoBackupEnvironment$ConnectivityReceiver
W/ResourcesManager( 4912): Asset path '/system/framework/com.google.android.maps.jar' does not exist or contains no resources.
W/ResourcesManager( 1691): Asset path '/system/framework/com.android.media.remotedisplay.jar' does not exist or contains no resources.
W/ResourcesManager( 1691): Asset path '/system/framework/com.android.location.provider.jar' does not exist or contains no resources.
I/ActivityManager(  471): Start proc 4977:com.google.android.play.games.ui/u0a8 for content provider com.google.android.gms/.games.provider.NotificationStubContentProvider
W/ResourcesManager( 4977): Asset path '/system/framework/com.android.media.remotedisplay.jar' does not exist or contains no resources.
W/ResourcesManager( 4977): Asset path '/system/framework/com.android.location.provider.jar' does not exist or contains no resources.
D/ConnectivityService(  471): listenForNetwork for NetworkRequest [ id=9, legacyType=-1, [ Capabilities: INTERNET&NOT_RESTRICTED&TRUSTED] ]
D/ConnectivityService(  471): handleRegisterNetworkRequest checking NetworkAgentInfo [WIFI () - 100]
D/ConnectivityService(  471): apparently satisfied.  currentScore=100
I/ActivityManager(  471): Start proc 5037:com.google.android.keep/u0a72 for broadcast com.google.android.keep/.notification.ReminderNotificationReceiver
D/ConnectivityService(  471): listenForNetwork for NetworkRequest [ id=10, legacyType=-1, [ Capabilities: INTERNET&NOT_RESTRICTED&TRUSTED&NOT_VPN] ]
D/ConnectivityService(  471): handleRegisterNetworkRequest checking NetworkAgentInfo [WIFI () - 100]
D/ConnectivityService(  471): apparently satisfied.  currentScore=100
I/ActivityManager(  471): Killing 3247:com.android.chrome/u0a35 (adj 15): empty #17
W/ResourcesManager( 2666): Asset path '/system/framework/com.android.media.remotedisplay.jar' does not exist or contains no resources.
W/ResourcesManager( 2666): Asset path '/system/framework/com.android.location.provider.jar' does not exist or contains no resources.
W/ResourcesManager( 2666): Asset path '/system/framework/com.google.android.maps.jar' does not exist or contains no resources.
I/ActivityManager(  471): Start proc 5165:com.android.vending:instant_app_installer/u0a18 for service com.android.vending/com.google.android.finsky.instantapps.statussync.StatusSyncService
W/ResourcesManager( 2666): Asset path '/system/framework/com.android.media.remotedisplay.jar' does not exist or contains no resources.
W/ResourcesManager( 2666): Asset path '/system/framework/com.android.location.provider.jar' does not exist or contains no resources.
I/ActivityManager(  471): Start proc 5194:com.android.defcontainer/u0a4 for service com.android.defcontainer/.DefaultContainerService
W/PackageManager(  471): Package named 'org.videolan.vlc' doesn't exist.
W/PackageManager(  471): Package named 'com.google.android.apps.travel.onthego' doesn't exist.
I/ActivityManager(  471): Killing 3511:org.mozilla.firefox/u0a86 (adj 15): empty #17
W/PackageManager(  471): Package named 'com.stainlessgames.carmageddon' doesn't exist.
W/PackageManager(  471): Package named 'com.ulmon.android.citymaps2go' doesn't exist.
I/ActivityManager(  471): Start proc 5263:com.google.android.gms.unstable/u0a8 for service com.google.android.gms/.droidguard.DroidGuardService
W/ResourcesManager( 5263): Asset path '/system/framework/com.android.media.remotedisplay.jar' does not exist or contains no resources.
W/ResourcesManager( 5263): Asset path '/system/framework/com.android.location.provider.jar' does not exist or contains no resources.
W/PackageManager(  471): Package named 'com.navfree.android.OSM.ALL' doesn't exist.
W/PackageManager(  471): Package named 'stericson.busybox' doesn't exist.
I/ActivityManager(  471): Start proc 5319:com.google.android.contacts/u0a9 for broadcast com.google.android.contacts/com.google.android.apps.contacts.phenotype.ConfigUpdateBroadcastReceiver
W/ResourcesManager( 2666): Asset path '/system/framework/com.google.android.maps.jar' does not exist or contains no resources.
I/ActivityManager(  471): Start proc 5400:com.google.android.youtube/u0a81 for service com.google.android.youtube/com.google.android.libraries.youtube.common.gcore.gcoreclient.gcm.impl.GcmTaskServiceDelegator
W/ResourcesManager( 5400): Asset path '/system/framework/com.android.media.remotedisplay.jar' does not exist or contains no resources.
W/ResourcesManager( 5400): Asset path '/system/framework/com.android.location.provider.jar' does not exist or contains no resources.
I/CertBlacklister(  471): Certificate blacklist changed, updating...
I/CertBlacklister(  471): Certificate blacklist updated
I/ActivityManager(  471): Start proc 5434:com.google.android.partnersetup/u0a12 for broadcast com.google.android.partnersetup/.GservicesChangedReceiver
I/ActivityManager(  471): Start proc 5522:com.google.android.configupdater/u0a37 for broadcast com.google.android.configupdater/.CertPin.CertPinUpdateRequestReceiver
D/ConnectivityService(  471): listenForNetwork for NetworkRequest [ id=11, legacyType=-1, [ Capabilities: INTERNET&NOT_RESTRICTED&TRUSTED] ]
D/ConnectivityService(  471): handleRegisterNetworkRequest checking NetworkAgentInfo [WIFI () - 100]
D/ConnectivityService(  471): apparently satisfied.  currentScore=100
W/ActivityManager(  471): Unable to start service Intent { cmp=com.google.android.gms/.analytics.service.RefreshEnabledStateService } U=0: not found
D/VoldCmdListener(  150): cryptfs getpwtype
I/ActivityManager(  471): Killing 3613:com.google.android.instantapps.supervisor/u0a90 (adj 15): empty #17
W/PackageManager(  471): Package named 'com.rovio.angrybirdsstarwars.ads.iap' doesn't exist.
I/ActivityManager(  471): Killing 3412:com.google.android.apps.maps/u0a60 (adj 15): empty #17
D/ConnectivityService(  471): ConnectivityService NetworkRequestInfo binderDied(NetworkRequest [ id=8, legacyType=-1, [ Capabilities: INTERNET&NOT_RESTRICTED&TRUSTED] ], android.os.BinderProxy@2dda53d7)
D/ConnectivityService(  471): releasing NetworkRequest NetworkRequest [ id=8, legacyType=-1, [ Capabilities: INTERNET&NOT_RESTRICTED&TRUSTED] ]
E/ConnectivityService(  471): RemoteException caught trying to send a callback msg for NetworkRequest [ id=8, legacyType=-1, [ Capabilities: INTERNET&NOT_RESTRICTED&TRUSTED] ]
I/ActivityManager(  471): Killing 3537:com.opera.browser:alarm_receiver/u0a85 (adj 15): empty #17
I/ActivityManager(  471): Killing 3739:com.google.android.gm/u0a71 (adj 15): empty #17
W/PackageManager(  471): Package named 'com.ea.gp.fifamobile' doesn't exist.
I/ActivityManager(  471): Start proc 5620:com.google.android.apps.maps/u0a60 for service com.google.android.apps.maps/com.google.android.apps.gmm.shared.cache.glide.GlideDiskCacheExpirationService
W/ResourcesManager( 2666): Asset path '/system/framework/com.google.widevine.software.drm.jar' does not exist or contains no resources.
I/ActivityManager(  471): Killing 4912:com.google.android.apps.plus/u0a68 (adj 15): empty #17
I/ActivityManager(  471): Start proc 5638:com.google.android.music:main/u0a61 for service com.google.android.music/.sync.google.MusicGcmTaskService
W/ResourcesManager( 5638): Asset path '/system/framework/com.android.media.remotedisplay.jar' does not exist or contains no resources.
W/ResourcesManager( 5638): Asset path '/system/framework/com.android.location.provider.jar' does not exist or contains no resources.
I/ActivityManager(  471): Killing 4977:com.google.android.play.games.ui/u0a8 (adj 15): empty #17
I/ActivityManager(  471): Start proc 5712:com.google.android.instantapps.supervisor/u0a90 for service com.google.android.instantapps.supervisor/.hygiene.HygieneTaskService
W/ResourcesManager( 2666): Asset path '/system/framework/com.google.android.media.effects.jar' does not exist or contains no resources.
I/ActivityManager(  471): Killing 2858:com.google.android.calendar/u0a32 (adj 15): empty #17
I/ActivityManager(  471): Killing 5037:com.google.android.keep/u0a72 (adj 15): empty #17
I/ActivityManager(  471): Killing 3841:com.google.android.deskclock/u0a39 (adj 15): empty #17
D/WifiService(  471): acquireWifiLockLocked: WifiLock{NlpWifiLock type=2 binder=android.os.BinderProxy@178a3ae5}
D/WifiService(  471): releaseWifiLockLocked: WifiLock{NlpWifiLock type=2 binder=android.os.BinderProxy@178a3ae5}
I/ActivityManager(  471): Killing 3785:com.android.providers.calendar/u0a2 (adj 15): empty #17
W/ResourcesManager( 5620): Asset path '/system/framework/com.android.media.remotedisplay.jar' does not exist or contains no resources.
W/ResourcesManager( 5620): Asset path '/system/framework/com.android.location.provider.jar' does not exist or contains no resources.
D/ConnectivityService(  471): listenForNetwork for NetworkRequest [ id=12, legacyType=-1, [ Capabilities: INTERNET&NOT_RESTRICTED&TRUSTED] ]
D/ConnectivityService(  471): handleRegisterNetworkRequest checking NetworkAgentInfo [WIFI () - 100]
D/ConnectivityService(  471): apparently satisfied.  currentScore=100
I/ActivityManager(  471): Start proc 5867:com.google.android.videos/u0a77 for service com.google.android.videos/.service.drm.RefreshLicenseTaskService
W/ResourcesManager( 5867): Asset path '/system/framework/com.google.widevine.software.drm.jar' does not exist or contains no resources.
D/WifiService(  471): acquireWifiLockLocked: WifiLock{com.google.android.videos.service.drm.LicenseRefresher_tasks type=3 binder=android.os.BinderProxy@1d612764}
D/WifiService(  471): releaseWifiLockLocked: WifiLock{com.google.android.videos.service.drm.LicenseRefresher_tasks type=3 binder=android.os.BinderProxy@1d612764}
I/ActivityManager(  471): Killing 5165:com.android.vending:instant_app_installer/u0a18 (adj 15): empty #17
I/ActivityManager(  471): START u0 {act=android.intent.action.MAIN cat=[android.intent.category.HOME] flg=0x10200000 cmp=com.google.android.googlequicksearchbox/com.google.android.launcher.GEL} from uid 1000 on display 0
D/WifiService(  471): acquireWifiLockLocked: WifiLock{NlpWifiLock type=2 binder=android.os.BinderProxy@175bfbff}
D/WifiService(  471): releaseWifiLockLocked: WifiLock{NlpWifiLock type=2 binder=android.os.BinderProxy@175bfbff}
W/BackupManagerService(  471): dataChanged but no participant pkg='com.android.providers.settings' uid=10022
W/InputMethodManagerService(  471): Window already focused, ignoring focus gain of: com.android.internal.view.IInputMethodClient$Stub$Proxy@54b04f5 attribute=null, token = android.os.BinderProxy@39a5bf4a
W/BroadcastQueue(  471): Skipping deliver [background] BroadcastRecord{29365cfd u-1 android.net.conn.CONNECTIVITY_CHANGE} to ReceiverList{528ddf2 7152 (unknown name)/2000/u-1 remote:621aca7}: process crashing
I/ActivityManager(  471): START u0 {act=android.intent.action.MAIN cat=[android.intent.category.LAUNCHER] flg=0x10200000 cmp=com.quicinc.trepn/.userinterface.main.TrepnActivity} from uid 2000 on display 0
V/WindowManager(  471): addAppToken: AppWindowToken{2f10cbf9 token=Token{1e46b2c0 ActivityRecord{1326c43 u0 com.quicinc.trepn/.userinterface.main.TrepnActivity t4217}}} to stack=1 task=4217 at 0
V/WindowManager(  471): Adding window Window{19b019d8 u0 Starting com.quicinc.trepn} at 3 of 16 (after Window{2574ded5 u0 com.android.settings/com.android.settings.Settings$WifiSettingsActivity})
I/ActivityManager(  471): Start proc 7170:com.quicinc.trepn/u0a91 for activity com.quicinc.trepn/.userinterface.main.TrepnActivity
V/WindowManager(  471): Adding window Window{17a42f25 u0 com.quicinc.trepn/com.quicinc.trepn.userinterface.main.TrepnActivity} at 3 of 17 (before Window{19b019d8 u0 Starting com.quicinc.trepn})
W/ResourcesManager( 1691): Asset path '/system/framework/com.android.media.remotedisplay.jar' does not exist or contains no resources.
W/ResourcesManager( 1691): Asset path '/system/framework/com.android.location.provider.jar' does not exist or contains no resources.
E/ActivityThread( 1691): Failed to find provider info for com.facebook.katana.provider.AttributionIdProvider
W/ResourcesManager( 1691): Asset path '/system/framework/com.android.media.remotedisplay.jar' does not exist or contains no resources.
W/ResourcesManager( 1691): Asset path '/system/framework/com.android.location.provider.jar' does not exist or contains no resources.
W/ActivityManager(  471): getTasks: caller 10089 does not hold GET_TASKS; limiting output
W/ResourcesManager( 1691): Asset path '/system/framework/com.android.media.remotedisplay.jar' does not exist or contains no resources.
W/ResourcesManager( 1691): Asset path '/system/framework/com.android.location.provider.jar' does not exist or contains no resources.
D/TaskPersister(  471): removeObsoleteFile: deleting file=4187_task.xml
D/ConnectivityService(  471): listenForNetwork for NetworkRequest [ id=13, legacyType=-1, [ Capabilities: INTERNET&NOT_RESTRICTED&TRUSTED] ]
D/ConnectivityService(  471): handleRegisterNetworkRequest checking NetworkAgentInfo [WIFI () - 100]
D/ConnectivityService(  471): apparently satisfied.  currentScore=100
D/ConnectivityService(  471): listenForNetwork for NetworkRequest [ id=14, legacyType=-1, [ Capabilities: INTERNET&NOT_RESTRICTED&TRUSTED] ]
D/ConnectivityService(  471): handleRegisterNetworkRequest checking NetworkAgentInfo [WIFI () - 100]
D/ConnectivityService(  471): apparently satisfied.  currentScore=100
D/ConnectivityService(  471): listenForNetwork for NetworkRequest [ id=15, legacyType=-1, [ Capabilities: INTERNET&NOT_RESTRICTED&TRUSTED] ]
D/ConnectivityService(  471): handleRegisterNetworkRequest checking NetworkAgentInfo [WIFI () - 100]
D/ConnectivityService(  471): apparently satisfied.  currentScore=100
D/ConnectivityService(  471): listenForNetwork for NetworkRequest [ id=16, legacyType=-1, [ Capabilities: INTERNET&NOT_RESTRICTED&TRUSTED] ]
D/ConnectivityService(  471): handleRegisterNetworkRequest checking NetworkAgentInfo [WIFI () - 100]
D/ConnectivityService(  471): apparently satisfied.  currentScore=100
I/ActivityManager(  471): Force stopping com.quicinc.trepn appid=10091 user=0: from pid 7470
I/ActivityManager(  471): Killing 7170:com.quicinc.trepn/u0a91 (adj 0): stop com.quicinc.trepn
I/WindowState(  471): WIN DEATH: Window{17a42f25 u0 com.quicinc.trepn/com.quicinc.trepn.userinterface.main.TrepnActivity}
W/ActivityManager(  471): Force removing ActivityRecord{1326c43 u0 com.quicinc.trepn/.userinterface.main.TrepnActivity t4217}: app died, no saved state
W/ActivityManager(  471): Spurious death for ProcessRecord{14d0a7a2 7170:com.quicinc.trepn/u0a91}, curProc for 7170: null
W/InputMethodManagerService(  471): Got RemoteException sending setActive(false) notification to pid 7170 uid 10091
I/ActivityManager(  471): Start proc 7534:com.quicinc.trepn/u0a91 for service com.quicinc.trepn/.TrepnService
I/ActivityManager(  471): Force stopping com.android.chrome appid=10035 user=0: from pid 7572
I/ActivityManager(  471): START u0 {act=android.intent.action.VIEW flg=0x10008000 cmp=com.android.chrome/com.google.android.apps.chrome.Main} from uid 2000 on display 0
V/WindowManager(  471): addAppToken: AppWindowToken{209e4dbc token=Token{2123e5af ActivityRecord{30efe98e u0 com.android.chrome/com.google.android.apps.chrome.Main t4218}}} to stack=1 task=4218 at 0
I/ActivityManager(  471): Start proc 7588:com.android.chrome/u0a35 for activity com.android.chrome/com.google.android.apps.chrome.Main
W/ResourcesManager( 7588): Asset path '/system/framework/com.android.media.remotedisplay.jar' does not exist or contains no resources.
W/ResourcesManager( 7588): Asset path '/system/framework/com.android.location.provider.jar' does not exist or contains no resources.
I/ActivityManager(  471): START u0 {cmp=com.android.chrome/org.chromium.chrome.browser.firstrun.FirstRunActivity (has extras)} from uid 10035 on display 0
V/WindowManager(  471): addAppToken: AppWindowToken{b8aa3fd token=Token{6889854 ActivityRecord{20e4dba7 u0 com.android.chrome/org.chromium.chrome.browser.firstrun.FirstRunActivity t4219}}} to stack=1 task=4219 at 0
V/WindowManager(  471): Based on layer: Adding window Window{333f55b5 u0 com.android.chrome/org.chromium.chrome.browser.firstrun.FirstRunActivity} at 3 of 17
I/ActivityManager(  471): Start proc 7617:com.android.chrome:sandboxed_process0/u0i0 for service com.android.chrome/org.chromium.content.app.SandboxedProcessService0
I/ActivityManager(  471): Start proc 7667:com.android.chrome:privileged_process0/u0a35 for service com.android.chrome/org.chromium.content.app.PrivilegedProcessService0
D/ConnectivityService(  471): listenForNetwork for NetworkRequest [ id=17, legacyType=-1, [ Capabilities: INTERNET&NOT_RESTRICTED&TRUSTED] ]
D/ConnectivityService(  471): handleRegisterNetworkRequest checking NetworkAgentInfo [WIFI () - 100]
D/ConnectivityService(  471): apparently satisfied.  currentScore=100
D/ConnectivityService(  471): listenForNetwork for NetworkRequest [ id=18, legacyType=-1, [ Capabilities: INTERNET&NOT_RESTRICTED&TRUSTED] ]
D/ConnectivityService(  471): handleRegisterNetworkRequest checking NetworkAgentInfo [WIFI () - 100]
D/ConnectivityService(  471): apparently satisfied.  currentScore=100
I/ActivityManager(  471): START u0 {act=android.intent.action.VIEW flg=0x10808000 cmp=com.android.chrome/com.google.android.apps.chrome.Main (has extras)} from uid 10035 on display 0
V/WindowManager(  471): addAppToken: AppWindowToken{1bff5bb0 token=Token{139162f3 ActivityRecord{1643c162 u0 com.android.chrome/com.google.android.apps.chrome.Main t4220}}} to stack=1 task=4220 at 0
D/ConnectivityService(  471): releasing NetworkRequest NetworkRequest [ id=18, legacyType=-1, [ Capabilities: INTERNET&NOT_RESTRICTED&TRUSTED] ]
D/ConnectivityService(  471): listenForNetwork for NetworkRequest [ id=19, legacyType=-1, [ Capabilities: INTERNET&NOT_RESTRICTED&TRUSTED] ]
D/ConnectivityService(  471): handleRegisterNetworkRequest checking NetworkAgentInfo [WIFI () - 100]
D/ConnectivityService(  471): apparently satisfied.  currentScore=100
I/ActivityManager(  471): START u0 {act=android.intent.action.VIEW flg=0x14002000 cmp=com.android.chrome/org.chromium.chrome.browser.ChromeTabbedActivity (has extras)} from uid 10035 on display 0
V/WindowManager(  471): addAppToken: AppWindowToken{10d6f0c8 token=Token{20d43d6b ActivityRecord{20e81aba u0 com.android.chrome/org.chromium.chrome.browser.ChromeTabbedActivity t4221}}} to stack=1 task=4221 at 0
V/WindowManager(  471): Based on layer: Adding window Window{3db09f99 u0 Starting com.android.chrome} at 4 of 18
W/libprocessgroup(  471): failed to open /acct/uid_10035/pid_7617/cgroup.procs: No such file or directory
I/ActivityManager(  471): Process com.android.chrome:sandboxed_process0 (pid 7617) has died
W/ActivityManager(  471): Scheduling restart of crashed service com.android.chrome/org.chromium.content.app.SandboxedProcessService0 in 1000ms
I/ActivityManager(  471): Start proc 7809:com.android.chrome:sandboxed_process1/u0i1 for service com.android.chrome/org.chromium.content.app.SandboxedProcessService1
V/WindowManager(  471): Adding window Window{ab60e37 u0 com.android.chrome/org.chromium.chrome.browser.ChromeTabbedActivity} at 4 of 19 (before Window{3db09f99 u0 Starting com.android.chrome})
V/WindowManager(  471): Adding window Window{1d0798c2 u0 SurfaceView} at 4 of 20 (before Window{ab60e37 u0 com.android.chrome/org.chromium.chrome.browser.ChromeTabbedActivity})
I/ActivityManager(  471): Killing 3803:com.google.android.gms.ui/u0a8 (adj 15): empty #17
I/ActivityManager(  471): Start proc 7857:com.android.chrome:sandboxed_process2/u0i2 for service com.android.chrome/org.chromium.content.app.SandboxedProcessService2
W/ResourcesManager( 1061): Asset path '/system/framework/com.android.media.remotedisplay.jar' does not exist or contains no resources.
W/ResourcesManager( 1061): Asset path '/system/framework/com.android.location.provider.jar' does not exist or contains no resources.
I/ActivityManager(  471): Activity reported stop, but no longer stopping: ActivityRecord{20e4dba7 u0 com.android.chrome/org.chromium.chrome.browser.firstrun.FirstRunActivity t4219 f}
I/ActivityManager(  471): Start proc 7930:com.android.providers.partnerbookmarks/u0a65 for content provider com.android.providers.partnerbookmarks/.PartnerBookmarksProvider
I/ActivityManager(  471): Killing 1007:android.process.acore/u0a3 (adj 15): empty #17
W/FileUtils( 7534): Failed to chmod(/storage/emulated/0/trepn/Trepn_2018.06.16_142617.db): android.system.ErrnoException: chmod failed: EPERM (Operation not permitted)
D/TaskPersister(  471): removeObsoleteFile: deleting file=4219_task_thumbnail.png
I/ActivityManager(  471): START u0 {act=android.intent.action.VIEW dat=localhost:8000 flg=0x10000000 cmp=com.android.chrome/com.google.android.apps.chrome.Main} from uid 2000 on display 0
V/WindowManager(  471): addAppToken: AppWindowToken{e75672e token=Token{abe95a9 ActivityRecord{322bd530 u0 com.android.chrome/com.google.android.apps.chrome.Main t4222}}} to stack=1 task=4222 at 0
D/ConnectivityService(  471): releasing NetworkRequest NetworkRequest [ id=19, legacyType=-1, [ Capabilities: INTERNET&NOT_RESTRICTED&TRUSTED] ]
D/ConnectivityService(  471): listenForNetwork for NetworkRequest [ id=20, legacyType=-1, [ Capabilities: INTERNET&NOT_RESTRICTED&TRUSTED] ]
D/ConnectivityService(  471): handleRegisterNetworkRequest checking NetworkAgentInfo [WIFI () - 100]
D/ConnectivityService(  471): apparently satisfied.  currentScore=100
I/ActivityManager(  471): START u0 {act=android.intent.action.VIEW dat=localhost:8000 flg=0x14002000 cmp=com.android.chrome/org.chromium.chrome.browser.ChromeTabbedActivity (has extras)} from uid 10035 on display 0
W/InputMethodManagerService(  471): Window already focused, ignoring focus gain of: com.android.internal.view.IInputMethodClient$Stub$Proxy@df250e1 attribute=null, token = android.os.BinderProxy@3d16bf36
I/ActivityManager(  471): Start proc 7979:com.android.chrome:sandboxed_process3/u0i3 for service com.android.chrome/org.chromium.content.app.SandboxedProcessService3
W/libprocessgroup(  471): failed to open /acct/uid_10035/pid_7857/cgroup.procs: No such file or directory
I/ActivityManager(  471): Process com.android.chrome:sandboxed_process2 (pid 7857) has died
W/ActivityManager(  471): Scheduling restart of crashed service com.android.chrome/org.chromium.content.app.SandboxedProcessService2 in 1000ms
W/InputMethodManagerService(  471): Window already focused, ignoring focus gain of: com.android.internal.view.IInputMethodClient$Stub$Proxy@8e19b54 attribute=null, token = android.os.BinderProxy@3d16bf36
I/ActivityManager(  471): Start proc 8160:com.android.chrome:sandboxed_process4/u0i4 for service com.android.chrome/org.chromium.content.app.SandboxedProcessService4
I/libprocessgroup(  471): Killing pid 3695 in uid 10089 as part of process group 1691
E/WifiService(  471): Multicaster binderDied
I/WindowState(  471): WIN DEATH: Window{22972bbb u0 com.estrongs.android.pop}
I/libprocessgroup(  471): Killing pid 3695 in uid 10089 as part of process group 1691
I/libprocessgroup(  471): Killing pid 3695 in uid 10089 as part of process group 1691
I/libprocessgroup(  471): Killing pid 3695 in uid 10089 as part of process group 1691
I/libprocessgroup(  471): Killing pid 3695 in uid 10089 as part of process group 1691
D/ConnectivityService(  471): ConnectivityService NetworkRequestInfo binderDied(NetworkRequest [ id=14, legacyType=-1, [ Capabilities: INTERNET&NOT_RESTRICTED&TRUSTED] ], android.os.BinderProxy@1218d6d)
D/ConnectivityService(  471): releasing NetworkRequest NetworkRequest [ id=14, legacyType=-1, [ Capabilities: INTERNET&NOT_RESTRICTED&TRUSTED] ]
D/ConnectivityService(  471): ConnectivityService NetworkRequestInfo binderDied(NetworkRequest [ id=13, legacyType=-1, [ Capabilities: INTERNET&NOT_RESTRICTED&TRUSTED] ], android.os.BinderProxy@3ae9da2)
I/libprocessgroup(  471): Killing pid 3695 in uid 10089 as part of process group 1691
I/libprocessgroup(  471): Killing pid 3695 in uid 10089 as part of process group 1691
D/WifiService(  471): Client connection lost with reason: 4
I/WindowState(  471): WIN DEATH: Window{391ee49f u0 com.estrongs.android.pop}
I/WindowState(  471): WIN DEATH: Window{1ad81b5 u0 com.estrongs.android.pop}
I/libprocessgroup(  471): Killing pid 3695 in uid 10089 as part of process group 1691
I/WindowState(  471): WIN DEATH: Window{985eef9 u0 com.estrongs.android.pop}
I/WindowState(  471): WIN DEATH: Window{16818431 u0 com.estrongs.android.pop}
I/WindowState(  471): WIN DEATH: Window{1e447454 u0 com.estrongs.android.pop}
I/WindowState(  471): WIN DEATH: Window{f5d1866 u0 com.estrongs.android.pop}
E/ConnectivityService(  471): RemoteException caught trying to send a callback msg for NetworkRequest [ id=14, legacyType=-1, [ Capabilities: INTERNET&NOT_RESTRICTED&TRUSTED] ]
D/ConnectivityService(  471): releasing NetworkRequest NetworkRequest [ id=13, legacyType=-1, [ Capabilities: INTERNET&NOT_RESTRICTED&TRUSTED] ]
E/ConnectivityService(  471): RemoteException caught trying to send a callback msg for NetworkRequest [ id=13, legacyType=-1, [ Capabilities: INTERNET&NOT_RESTRICTED&TRUSTED] ]
I/libprocessgroup(  471): Killing pid 3695 in uid 10089 as part of process group 1691
I/WindowState(  471): WIN DEATH: Window{245ba522 u0 com.estrongs.android.pop}
E/libprocessgroup(  471): failed to kill 1 processes for processgroup 1691
I/ActivityManager(  471): Process com.estrongs.android.pop (pid 1691) has died
W/ActivityManager(  471): Scheduling restart of crashed service com.estrongs.android.pop/com.android.apps.pros.LocalMService in 1000ms
W/ActivityManager(  471): Scheduling restart of crashed service com.estrongs.android.pop/com.estrongs.android.scanner.service.FileScannerService in 11000ms
I/ActivityManager(  471): Start proc 8190:com.estrongs.android.pop/u0a89 for service com.estrongs.android.pop/com.android.apps.pros.LocalMService
D/WifiService(  471): New client listening to asynchronous messages
W/ResourcesManager( 8190): Asset path '/system/framework/com.android.media.remotedisplay.jar' does not exist or contains no resources.
W/ResourcesManager( 8190): Asset path '/system/framework/com.android.location.provider.jar' does not exist or contains no resources.
E/ActivityThread( 8190): Failed to find provider info for com.facebook.katana.provider.AttributionIdProvider
W/ResourcesManager( 8190): Asset path '/system/framework/com.android.media.remotedisplay.jar' does not exist or contains no resources.
W/ResourcesManager( 8190): Asset path '/system/framework/com.android.location.provider.jar' does not exist or contains no resources.
W/ResourcesManager( 8190): Asset path '/system/framework/com.android.media.remotedisplay.jar' does not exist or contains no resources.
W/ResourcesManager( 8190): Asset path '/system/framework/com.android.location.provider.jar' does not exist or contains no resources.
W/ResourcesManager( 8190): Asset path '/system/framework/com.android.media.remotedisplay.jar' does not exist or contains no resources.
W/ResourcesManager( 8190): Asset path '/system/framework/com.android.location.provider.jar' does not exist or contains no resources.
W/libprocessgroup(  471): failed to open /acct/uid_10035/pid_8160/cgroup.procs: No such file or directory
I/ActivityManager(  471): Process com.android.chrome:sandboxed_process4 (pid 8160) has died
W/ActivityManager(  471): Scheduling restart of crashed service com.android.chrome/org.chromium.content.app.SandboxedProcessService4 in 1000ms
W/ResourcesManager( 8190): Asset path '/system/framework/com.google.android.maps.jar' does not exist or contains no resources.
W/ResourcesManager( 8190): Asset path '/system/framework/com.google.android.maps.jar' does not exist or contains no resources.
W/ResourcesManager( 8190): Asset path '/system/framework/com.google.android.maps.jar' does not exist or contains no resources.
W/ResourcesManager( 8190): Asset path '/system/framework/com.google.widevine.software.drm.jar' does not exist or contains no resources.
W/ResourcesManager( 8190): Asset path '/system/framework/com.google.widevine.software.drm.jar' does not exist or contains no resources.
W/ResourcesManager( 8190): Asset path '/system/framework/com.google.widevine.software.drm.jar' does not exist or contains no resources.
W/ResourcesManager( 8190): Asset path '/system/framework/com.google.android.media.effects.jar' does not exist or contains no resources.
W/ResourcesManager( 8190): Asset path '/system/framework/com.google.android.media.effects.jar' does not exist or contains no resources.
W/ResourcesManager( 8190): Asset path '/system/framework/com.google.android.media.effects.jar' does not exist or contains no resources.
W/ResourcesManager( 8190): Asset path '/system/framework/com.android.media.remotedisplay.jar' does not exist or contains no resources.
W/ResourcesManager( 8190): Asset path '/system/framework/com.android.location.provider.jar' does not exist or contains no resources.
D/WifiService(  471): acquireWifiLockLocked: WifiLock{NlpWifiLock type=2 binder=android.os.BinderProxy@1c9bd646}
D/WifiService(  471): releaseWifiLockLocked: WifiLock{NlpWifiLock type=2 binder=android.os.BinderProxy@1c9bd646}
W/BackupManagerService(  471): dataChanged but no participant pkg='com.android.providers.settings' uid=10022
W/InputMethodManagerService(  471): Window already focused, ignoring focus gain of: com.android.internal.view.IInputMethodClient$Stub$Proxy@1d2c5cf6 attribute=null, token = android.os.BinderProxy@3d16bf36
I/ActivityManager(  471): Start proc 8474:com.android.chrome:sandboxed_process5/u0i5 for service com.android.chrome/org.chromium.content.app.SandboxedProcessService5
V/DeadZone(  692): consuming errant click: (961.1871,22.254272)
I/ActivityManager(  471): START u0 {act=com.android.systemui.recents.SHOW_RECENTS flg=0x10804000 cmp=com.android.systemui/.recents.RecentsActivity} from uid 10022 on display 0
V/WindowManager(  471): addAppToken: AppWindowToken{14af3d94 token=Token{1b15cde7 ActivityRecord{3e03efa6 u0 com.android.systemui/.recents.RecentsActivity t4223}}} to stack=0 task=4223 at 0
W/libprocessgroup(  471): failed to open /acct/uid_10035/pid_7809/cgroup.procs: No such file or directory
I/ActivityManager(  471): Process com.android.chrome:sandboxed_process1 (pid 7809) has died
W/ActivityManager(  471): Scheduling restart of crashed service com.android.chrome/org.chromium.content.app.SandboxedProcessService1 in 1000ms
V/WindowManager(  471): Adding window Window{164fc071 u0 com.android.systemui/com.android.systemui.recents.RecentsActivity} at 5 of 19 (after Window{9172ebb u0 com.google.android.googlequicksearchbox/com.google.android.launcher.GEL})
W/libprocessgroup(  471): failed to open /acct/uid_10035/pid_7979/cgroup.procs: No such file or directory
I/ActivityManager(  471): Process com.android.chrome:sandboxed_process3 (pid 7979) has died
W/ActivityManager(  471): Scheduling restart of crashed service com.android.chrome/org.chromium.content.app.SandboxedProcessService3 in 10827ms
D/ConnectivityService(  471): releasing NetworkRequest NetworkRequest [ id=20, legacyType=-1, [ Capabilities: INTERNET&NOT_RESTRICTED&TRUSTED] ]
I/ActivityManager(  471): Start proc 8510:com.android.chrome:sandboxed_process1/u0i6 for service com.android.chrome/org.chromium.content.app.SandboxedProcessService1
W/libprocessgroup(  471): failed to open /acct/uid_10035/pid_8510/cgroup.procs: No such file or directory
I/ActivityManager(  471): Process com.android.chrome:sandboxed_process1 (pid 8510) has died
I/ActivityManager(  471): Killing 5620:com.google.android.apps.maps/u0a60 (adj 15): empty #17
D/ConnectivityService(  471): ConnectivityService NetworkRequestInfo binderDied(NetworkRequest [ id=12, legacyType=-1, [ Capabilities: INTERNET&NOT_RESTRICTED&TRUSTED] ], android.os.BinderProxy@edc39e2)
D/ConnectivityService(  471): releasing NetworkRequest NetworkRequest [ id=12, legacyType=-1, [ Capabilities: INTERNET&NOT_RESTRICTED&TRUSTED] ]
E/ConnectivityService(  471): RemoteException caught trying to send a callback msg for NetworkRequest [ id=12, legacyType=-1, [ Capabilities: INTERNET&NOT_RESTRICTED&TRUSTED] ]
I/ActivityManager(  471): Killing 3457:com.google.android.apps.photos/u0a66 (adj 15): empty #18
I/ActivityManager(  471): Killing 5522:com.google.android.configupdater/u0a37 (adj 15): empty #19
I/ActivityManager(  471): Killing 7667:com.android.chrome:privileged_process0/u0a35 (adj 9): remove task
I/ActivityManager(  471): Killing 7588:com.android.chrome/u0a35 (adj 9): remove task
D/ConnectivityService(  471): ConnectivityService NetworkRequestInfo binderDied(NetworkRequest [ id=17, legacyType=-1, [ Capabilities: INTERNET&NOT_RESTRICTED&TRUSTED] ], android.os.BinderProxy@1433b173)
D/ConnectivityService(  471): releasing NetworkRequest NetworkRequest [ id=17, legacyType=-1, [ Capabilities: INTERNET&NOT_RESTRICTED&TRUSTED] ]
E/ConnectivityService(  471): RemoteException caught trying to send a callback msg for NetworkRequest [ id=17, legacyType=-1, [ Capabilities: INTERNET&NOT_RESTRICTED&TRUSTED] ]
I/ActivityManager(  471): Killing 8474:com.android.chrome:sandboxed_process5/u0a35i5 (adj 9): remove task
W/libprocessgroup(  471): failed to open /acct/uid_10035/pid_8474/cgroup.procs: No such file or directory
W/ActivityManager(  471): Scheduling restart of crashed service com.android.chrome/org.chromium.content.app.PrivilegedProcessService0 in 1000ms
W/ActivityManager(  471): Exception when unbinding service com.android.chrome/org.chromium.content.app.SandboxedProcessService5
W/ActivityManager(  471): android.os.DeadObjectException
W/ActivityManager(  471): 	at android.os.BinderProxy.transactNative(Native Method)
W/ActivityManager(  471): 	at android.os.BinderProxy.transact(Binder.java:496)
