I/ActivityManager(  471): Start proc 12468:com.android.chrome:sandboxed_process0/u0i18 for service com.android.chrome/org.chromium.content.app.SandboxedProcessService0
I/ActivityManager(  471): Start proc 12515:com.android.chrome:privileged_process0/u0a35 for service com.android.chrome/org.chromium.content.app.PrivilegedProcessService0
D/ConnectivityService(  471): listenForNetwork for NetworkRequest [ id=33, legacyType=-1, [ Capabilities: INTERNET&NOT_RESTRICTED&TRUSTED] ]
D/ConnectivityService(  471): handleRegisterNetworkRequest checking NetworkAgentInfo [WIFI () - 100]
D/ConnectivityService(  471): apparently satisfied.  currentScore=100
D/ConnectivityService(  471): listenForNetwork for NetworkRequest [ id=34, legacyType=-1, [ Capabilities: INTERNET&NOT_RESTRICTED&TRUSTED] ]
D/ConnectivityService(  471): handleRegisterNetworkRequest checking NetworkAgentInfo [WIFI () - 100]
D/ConnectivityService(  471): apparently satisfied.  currentScore=100
W/libprocessgroup(  471): failed to open /acct/uid_10035/pid_12468/cgroup.procs: No such file or directory
I/ActivityManager(  471): Process com.android.chrome:sandboxed_process0 (pid 12468) has died
W/ActivityManager(  471): Scheduling restart of crashed service com.android.chrome/org.chromium.content.app.SandboxedProcessService0 in 1000ms
I/ActivityManager(  471): START u0 {act=android.intent.action.VIEW flg=0x10808000 cmp=com.android.chrome/com.google.android.apps.chrome.Main (has extras)} from uid 10035 on display 0
V/WindowManager(  471): addAppToken: AppWindowToken{3388d3b3 token=Token{12237d22 ActivityRecord{1e83aed u0 com.android.chrome/com.google.android.apps.chrome.Main t4239}}} to stack=1 task=4239 at 0
D/ConnectivityService(  471): releasing NetworkRequest NetworkRequest [ id=34, legacyType=-1, [ Capabilities: INTERNET&NOT_RESTRICTED&TRUSTED] ]
D/ConnectivityService(  471): listenForNetwork for NetworkRequest [ id=35, legacyType=-1, [ Capabilities: INTERNET&NOT_RESTRICTED&TRUSTED] ]
D/ConnectivityService(  471): handleRegisterNetworkRequest checking NetworkAgentInfo [WIFI () - 100]
D/ConnectivityService(  471): apparently satisfied.  currentScore=100
I/ActivityManager(  471): START u0 {act=android.intent.action.VIEW flg=0x14002000 cmp=com.android.chrome/org.chromium.chrome.browser.ChromeTabbedActivity (has extras)} from uid 10035 on display 0
V/WindowManager(  471): addAppToken: AppWindowToken{120b8e7a token=Token{18fadaa5 ActivityRecord{562609c u0 com.android.chrome/org.chromium.chrome.browser.ChromeTabbedActivity t4240}}} to stack=1 task=4240 at 0
V/WindowManager(  471): Based on layer: Adding window Window{106e0fa3 u0 Starting com.android.chrome} at 4 of 18
V/WindowManager(  471): Adding window Window{272552f7 u0 com.android.chrome/org.chromium.chrome.browser.ChromeTabbedActivity} at 4 of 19 (before Window{106e0fa3 u0 Starting com.android.chrome})
I/ActivityManager(  471): Start proc 12631:com.android.chrome:sandboxed_process0/u0i19 for service com.android.chrome/org.chromium.content.app.SandboxedProcessService0
V/WindowManager(  471): Adding window Window{b3bd3d0 u0 SurfaceView} at 4 of 20 (before Window{272552f7 u0 com.android.chrome/org.chromium.chrome.browser.ChromeTabbedActivity})
I/ActivityManager(  471): Start proc 12683:com.android.chrome:sandboxed_process1/u0i20 for service com.android.chrome/org.chromium.content.app.SandboxedProcessService1
I/ActivityManager(  471): Activity reported stop, but no longer stopping: ActivityRecord{693aad6 u0 com.android.chrome/org.chromium.chrome.browser.firstrun.FirstRunActivity t4238 f}
W/FileUtils( 8910): Failed to chmod(/storage/emulated/0/trepn/Trepn_2018.06.16_143759.db): android.system.ErrnoException: chmod failed: EPERM (Operation not permitted)
D/TaskPersister(  471): removeObsoleteFile: deleting file=4238_task_thumbnail.png
I/ActivityManager(  471): START u0 {act=android.intent.action.VIEW dat=localhost:8000 flg=0x10000000 cmp=com.android.chrome/com.google.android.apps.chrome.Main} from uid 2000 on display 0
V/WindowManager(  471): addAppToken: AppWindowToken{2517aa2 token=Token{2d41be6d ActivityRecord{23fad684 u0 com.android.chrome/com.google.android.apps.chrome.Main t4241}}} to stack=1 task=4241 at 0
D/ConnectivityService(  471): releasing NetworkRequest NetworkRequest [ id=35, legacyType=-1, [ Capabilities: INTERNET&NOT_RESTRICTED&TRUSTED] ]
D/ConnectivityService(  471): listenForNetwork for NetworkRequest [ id=36, legacyType=-1, [ Capabilities: INTERNET&NOT_RESTRICTED&TRUSTED] ]
D/ConnectivityService(  471): handleRegisterNetworkRequest checking NetworkAgentInfo [WIFI () - 100]
D/ConnectivityService(  471): apparently satisfied.  currentScore=100
I/ActivityManager(  471): START u0 {act=android.intent.action.VIEW dat=localhost:8000 flg=0x14002000 cmp=com.android.chrome/org.chromium.chrome.browser.ChromeTabbedActivity (has extras)} from uid 10035 on display 0
W/InputMethodManagerService(  471): Window already focused, ignoring focus gain of: com.android.internal.view.IInputMethodClient$Stub$Proxy@2e914e25 attribute=null, token = android.os.BinderProxy@7d91ef6
I/ActivityManager(  471): Start proc 12756:com.android.chrome:sandboxed_process2/u0i21 for service com.android.chrome/org.chromium.content.app.SandboxedProcessService2
W/libprocessgroup(  471): failed to open /acct/uid_10035/pid_12683/cgroup.procs: No such file or directory
I/ActivityManager(  471): Process com.android.chrome:sandboxed_process1 (pid 12683) has died
W/ActivityManager(  471): Scheduling restart of crashed service com.android.chrome/org.chromium.content.app.SandboxedProcessService1 in 1000ms
I/ActivityManager(  471): Start proc 12883:com.android.chrome:sandboxed_process3/u0i22 for service com.android.chrome/org.chromium.content.app.SandboxedProcessService3
W/libprocessgroup(  471): failed to open /acct/uid_10035/pid_12883/cgroup.procs: No such file or directory
I/ActivityManager(  471): Process com.android.chrome:sandboxed_process3 (pid 12883) has died
W/ActivityManager(  471): Scheduling restart of crashed service com.android.chrome/org.chromium.content.app.SandboxedProcessService3 in 1000ms
I/ActivityManager(  471): Force stopping com.android.chrome appid=10035 user=0: from pid 13024
I/ActivityManager(  471): Killing 12515:com.android.chrome:privileged_process0/u0a35 (adj 0): stop com.android.chrome
W/ActivityManager(  471): Scheduling restart of crashed service com.android.chrome/org.chromium.content.app.PrivilegedProcessService0 in 1000ms
I/ActivityManager(  471): Killing 12441:com.android.chrome/u0a35 (adj 0): stop com.android.chrome
I/WindowState(  471): WIN DEATH: Window{b3bd3d0 u0 SurfaceView}
D/ConnectivityService(  471): ConnectivityService NetworkRequestInfo binderDied(NetworkRequest [ id=33, legacyType=-1, [ Capabilities: INTERNET&NOT_RESTRICTED&TRUSTED] ], android.os.BinderProxy@19dbb34f)
D/ConnectivityService(  471): releasing NetworkRequest NetworkRequest [ id=33, legacyType=-1, [ Capabilities: INTERNET&NOT_RESTRICTED&TRUSTED] ]
D/ConnectivityService(  471): ConnectivityService NetworkRequestInfo binderDied(NetworkRequest [ id=36, legacyType=-1, [ Capabilities: INTERNET&NOT_RESTRICTED&TRUSTED] ], android.os.BinderProxy@31479adc)
E/ConnectivityService(  471): RemoteException caught trying to send a callback msg for NetworkRequest [ id=33, legacyType=-1, [ Capabilities: INTERNET&NOT_RESTRICTED&TRUSTED] ]
D/ConnectivityService(  471): releasing NetworkRequest NetworkRequest [ id=36, legacyType=-1, [ Capabilities: INTERNET&NOT_RESTRICTED&TRUSTED] ]
E/ConnectivityService(  471): RemoteException caught trying to send a callback msg for NetworkRequest [ id=36, legacyType=-1, [ Capabilities: INTERNET&NOT_RESTRICTED&TRUSTED] ]
I/WindowState(  471): WIN DEATH: Window{272552f7 u0 com.android.chrome/org.chromium.chrome.browser.ChromeTabbedActivity}
W/ActivityManager(  471): Exception when unbinding service com.android.chrome/org.chromium.content.app.SandboxedProcessService2
W/ActivityManager(  471): android.os.DeadObjectException
W/ActivityManager(  471): 	at android.os.BinderProxy.transactNative(Native Method)
W/ActivityManager(  471): 	at android.os.BinderProxy.transact(Binder.java:496)
W/ActivityManager(  471): 	at android.app.ApplicationThreadProxy.scheduleUnbindService(ApplicationThreadNative.java:921)
W/ActivityManager(  471): 	at com.android.server.am.ActiveServices.removeConnectionLocked(ActiveServices.java:1795)
W/ActivityManager(  471): 	at com.android.server.am.ActiveServices.killServicesLocked(ActiveServices.java:2193)
W/ActivityManager(  471): 	at com.android.server.am.ActivityManagerService.cleanUpApplicationRecordLocked(ActivityManagerService.java:14895)
W/ActivityManager(  471): 	at com.android.server.am.ActivityManagerService.handleAppDiedLocked(ActivityManagerService.java:4552)
W/ActivityManager(  471): 	at com.android.server.am.ActivityManagerService.removeProcessLocked(ActivityManagerService.java:5789)
W/ActivityManager(  471): 	at com.android.server.am.ActivityManagerService.killPackageProcessesLocked(ActivityManagerService.java:5594)
W/ActivityManager(  471): 	at com.android.server.am.ActivityManagerService.forceStopPackageLocked(ActivityManagerService.java:5655)
W/ActivityManager(  471): 	at com.android.server.am.ActivityManagerService.forceStopPackageLocked(ActivityManagerService.java:5499)
W/ActivityManager(  471): 	at com.android.server.am.ActivityManagerService.forceStopPackage(ActivityManagerService.java:5309)
W/ActivityManager(  471): 	at android.app.ActivityManagerNative.onTransact(ActivityManagerNative.java:1461)
W/ActivityManager(  471): 	at com.android.server.am.ActivityManagerService.onTransact(ActivityManagerService.java:2208)
W/ActivityManager(  471): 	at android.os.Binder.execTransact(Binder.java:446)
I/ActivityManager(  471): Killing 12756:com.android.chrome:sandboxed_process2/u0a35i21 (adj 9): isolated not needed
W/libprocessgroup(  471): failed to open /acct/uid_10035/pid_12756/cgroup.procs: No such file or directory
W/ActivityManager(  471): Exception when unbinding service com.android.chrome/org.chromium.content.app.SandboxedProcessService0
W/ActivityManager(  471): android.os.DeadObjectException
W/ActivityManager(  471): 	at android.os.BinderProxy.transactNative(Native Method)
W/ActivityManager(  471): 	at android.os.BinderProxy.transact(Binder.java:496)
W/ActivityManager(  471): 	at android.app.ApplicationThreadProxy.scheduleUnbindService(ApplicationThreadNative.java:921)
W/ActivityManager(  471): 	at com.android.server.am.ActiveServices.removeConnectionLocked(ActiveServices.java:1795)
W/ActivityManager(  471): 	at com.android.server.am.ActiveServices.killServicesLocked(ActiveServices.java:2193)
W/ActivityManager(  471): 	at com.android.server.am.ActivityManagerService.cleanUpApplicationRecordLocked(ActivityManagerService.java:14895)
W/ActivityManager(  471): 	at com.android.server.am.ActivityManagerService.handleAppDiedLocked(ActivityManagerService.java:4552)
W/ActivityManager(  471): 	at com.android.server.am.ActivityManagerService.removeProcessLocked(ActivityManagerService.java:5789)
W/ActivityManager(  471): 	at com.android.server.am.ActivityManagerService.killPackageProcessesLocked(ActivityManagerService.java:5594)
W/ActivityManager(  471): 	at com.android.server.am.ActivityManagerService.forceStopPackageLocked(ActivityManagerService.java:5655)
W/ActivityManager(  471): 	at com.android.server.am.ActivityManagerService.forceStopPackageLocked(ActivityManagerService.java:5499)
W/ActivityManager(  471): 	at com.android.server.am.ActivityManagerService.forceStopPackage(ActivityManagerService.java:5309)
W/ActivityManager(  471): 	at android.app.ActivityManagerNative.onTransact(ActivityManagerNative.java:1461)
W/ActivityManager(  471): 	at com.android.server.am.ActivityManagerService.onTransact(ActivityManagerService.java:2208)
W/ActivityManager(  471): 	at android.os.Binder.execTransact(Binder.java:446)
W/ActivityManager(  471): Force removing ActivityRecord{562609c u0 com.android.chrome/org.chromium.chrome.browser.ChromeTabbedActivity t4240}: app died, no saved state
I/ActivityManager(  471): Killing 12631:com.android.chrome:sandboxed_process0/u0a35i19 (adj 9): isolated not needed
W/libprocessgroup(  471): failed to open /acct/uid_10035/pid_12631/cgroup.procs: No such file or directory
W/ActivityManager(  471): Spurious death for ProcessRecord{1134dd70 12515:com.android.chrome:privileged_process0/u0a35}, curProc for 12515: null
W/ActivityManager(  471): Unbind failed: could not find connection for android.os.BinderProxy@3afa2099
W/ActivityManager(  471): Spurious death for ProcessRecord{ad8e44f 12441:com.android.chrome/u0a35}, curProc for 12441: null
W/InputMethodManagerService(  471): Got RemoteException sending setActive(false) notification to pid 12441 uid 10035
I/ActivityManager(  471): Force stopping com.android.chrome appid=10035 user=0: clear data
D/TaskPersister(  471): removeObsoleteFile: deleting file=4240_task.xml
D/TaskPersister(  471): removeObsoleteFile: deleting file=4240_task_thumbnail.png
I/ActivityManager(  471): Start proc 13088:com.android.chrome/u0a35 for content provider com.android.chrome/com.google.android.apps.chrome.icing.IcingProvider
W/ResourcesManager(13088): Asset path '/system/framework/com.android.media.remotedisplay.jar' does not exist or contains no resources.
W/ResourcesManager(13088): Asset path '/system/framework/com.android.location.provider.jar' does not exist or contains no resources.
W/FileUtils( 8910): Failed to chmod(/storage/emulated/0/trepn/Trepn_2018.06.16_143759.db): android.system.ErrnoException: chmod failed: EPERM (Operation not permitted)
I/ActivityManager(  471): Force stopping com.android.chrome appid=10035 user=0: from pid 13523
I/ActivityManager(  471): Killing 13088:com.android.chrome/u0a35 (adj 9): stop com.android.chrome
W/ActivityManager(  471): Spurious death for ProcessRecord{3a57a03a 13088:com.android.chrome/u0a35}, curProc for 13088: null
I/ActivityManager(  471): START u0 {act=android.intent.action.VIEW flg=0x10008000 cmp=com.android.chrome/com.google.android.apps.chrome.Main} from uid 2000 on display 0
V/WindowManager(  471): addAppToken: AppWindowToken{3cf508e1 token=Token{10e3b248 ActivityRecord{30fd14eb u0 com.android.chrome/com.google.android.apps.chrome.Main t4242}}} to stack=1 task=4242 at 0
I/ActivityManager(  471): Start proc 13535:com.android.chrome/u0a35 for activity com.android.chrome/com.google.android.apps.chrome.Main
W/ResourcesManager(13535): Asset path '/system/framework/com.android.media.remotedisplay.jar' does not exist or contains no resources.
W/ResourcesManager(13535): Asset path '/system/framework/com.android.location.provider.jar' does not exist or contains no resources.
I/ActivityManager(  471): START u0 {cmp=com.android.chrome/org.chromium.chrome.browser.firstrun.FirstRunActivity (has extras)} from uid 10035 on display 0
V/WindowManager(  471): addAppToken: AppWindowToken{3e0b4fde token=Token{34acf319 ActivityRecord{32ec8260 u0 com.android.chrome/org.chromium.chrome.browser.firstrun.FirstRunActivity t4243}}} to stack=1 task=4243 at 0
V/WindowManager(  471): Based on layer: Adding window Window{2256fc8d u0 com.android.chrome/org.chromium.chrome.browser.firstrun.FirstRunActivity} at 3 of 17
I/ActivityManager(  471): Start proc 13563:com.android.chrome:sandboxed_process0/u0i23 for service com.android.chrome/org.chromium.content.app.SandboxedProcessService0
--------- beginning of main
I/cr_BrowserStartup(13535): Initializing chromium process, singleProcess=false
I/ActivityManager(  471): Start proc 13613:com.android.chrome:privileged_process0/u0a35 for service com.android.chrome/org.chromium.content.app.PrivilegedProcessService0
I/art     (  210): Explicit concurrent mark sweep GC freed 706(30KB) AllocSpace objects, 0(0B) LOS objects, 39% free, 7MB/11MB, paused 133us total 42.326ms
D/ConnectivityService(  471): listenForNetwork for NetworkRequest [ id=37, legacyType=-1, [ Capabilities: INTERNET&NOT_RESTRICTED&TRUSTED] ]
D/ConnectivityService(  471): handleRegisterNetworkRequest checking NetworkAgentInfo [WIFI () - 100]
D/ConnectivityService(  471): apparently satisfied.  currentScore=100
I/art     (  210): Explicit concurrent mark sweep GC freed 5(160B) AllocSpace objects, 0(0B) LOS objects, 39% free, 7MB/11MB, paused 190us total 37.366ms
D/ConnectivityManager.CallbackHandler(13535): CM callback handler got msg 524290
I/art     (  210): Explicit concurrent mark sweep GC freed 5(160B) AllocSpace objects, 0(0B) LOS objects, 39% free, 7MB/11MB, paused 151us total 28.844ms
D/ConnectivityService(  471): listenForNetwork for NetworkRequest [ id=38, legacyType=-1, [ Capabilities: INTERNET&NOT_RESTRICTED&TRUSTED] ]
D/ConnectivityService(  471): handleRegisterNetworkRequest checking NetworkAgentInfo [WIFI () - 100]
D/ConnectivityService(  471): apparently satisfied.  currentScore=100
D/ConnectivityManager.CallbackHandler(13535): CM callback handler got msg 524290
W/cr_KnoxSettingsProvider(13535): Permission to read device policy denied.
I/orc     ( 1040): 28-GetActiveNetworkQuality -- metadata{ service_id: 0 }
I/orc     ( 1040): 28-GetActiveNetworkQuality -- metadata{ service_id: 0 }
I/cr_ChildProcessService(13613): Creating new ChildProcessService pid=13613
I/cr_LibraryLoader(13613): Using linker: org.chromium.base.library_loader.LegacyLinker
W/linker  (13613): libchromium_android_linker.so: unused DT entry: type 0x6ffffffe arg 0xce8
W/linker  (13613): libchromium_android_linker.so: unused DT entry: type 0x6fffffff arg 0x3
I/cr_LibraryLoader(13613): Loading chrome from within /data/app/com.android.chrome-2/base.apk
I/cr_SnippetsLauncher(13535): Scheduling: 172800 172800
I/cr_LibraryLoader(13613): Time to load native libraries: 68 ms (timestamps 9822-9890)
I/chromium(13613): [INFO:library_loader_hooks.cc(136)] Chromium logging enabled: level = 0, default verbosity = 0
I/cr_LibraryLoader(13613): Expected native library version number "61.0.3163.98", actual native library version number "61.0.3163.98"
E/libEGL  (13613): validate_display:255 error 3008 (EGL_BAD_DISPLAY)
W/Herrevad( 1040): [91] wux.b: Invalid mccmnc 
W/VideoCapabilities(13613): Unsupported mime video/mpeg2
W/AudioCapabilities(13613): Unsupported mime audio/mpeg-L2
I/vgn     ( 1173): 35-GetDeviceDataUploadOptInStatusOperation -- metadata{ service_id: 0 }
W/VideoCapabilities(13613): Unrecognized level 0 for video/x-vnd.on2.vp8
I/art     ( 1173): Explicit concurrent mark sweep GC freed 138107(6MB) AllocSpace objects, 34(2MB) LOS objects, 36% free, 27MB/43MB, paused 55.104ms total 513.279ms
W/Wifi    ( 3495): Failed to read packet and byte counts from wifi interface
I/VideoCapabilities(13613): Unsupported profile 4 for video/mp4v-es
W/cr_MediaCodecUtil(13613): HW encoder for video/avc is not available on this device.
I/vgn     ( 1173): 35-GetDeviceDataUploadOptInStatusOperation -- metadata{ service_id: 0 }
W/Herrevad( 1040): [91] wux.b: Invalid mccmnc 
W/Herrevad( 1040): [91] wux.b: Invalid mccmnc 
W/Herrevad( 1040): [91] wux.b: Invalid mccmnc 
W/Wifi    ( 3495): Failed to read packet and byte counts from wifi interface
W/Wifi    ( 3495): Failed to read packet and byte counts from wifi interface
W/Wifi    ( 3495): Failed to read packet and byte counts from wifi interface
D/AndroidRuntime(13658): >>>>>> START com.android.internal.os.RuntimeInit uid 2000 <<<<<<
D/AndroidRuntime(13658): CheckJNI is OFF
W/Wifi    ( 3495): Failed to read packet and byte counts from wifi interface
D/AndroidRuntime(13658): Calling main entry com.android.commands.input.Input
I/Input   (13658): injectMotionEvent: MotionEvent { action=ACTION_DOWN, id[0]=0, x[0]=700.0, y[0]=1550.0, toolType[0]=TOOL_TYPE_UNKNOWN, buttonState=0, metaState=0, flags=0x0, edgeFlags=0x0, pointerCount=1, historySize=0, eventTime=1554306, downTime=1554306, deviceId=0, source=0x1002 }
I/Input   (13658): injectMotionEvent: MotionEvent { action=ACTION_UP, id[0]=0, x[0]=700.0, y[0]=1550.0, toolType[0]=TOOL_TYPE_UNKNOWN, buttonState=0, metaState=0, flags=0x0, edgeFlags=0x0, pointerCount=1, historySize=0, eventTime=1554306, downTime=1554306, deviceId=0, source=0x1002 }
D/AndroidRuntime(13658): Shutting down VM
D/audio_hw_primary(  204): out_set_parameters: enter: usecase(0: playback) kvpairs: routing=2 out->devices(2) adev->mode(0)
I/cr_LibraryLoader(13563): Using linker: org.chromium.base.library_loader.LegacyLinker
W/linker  (13563): libchromium_android_linker.so: unused DT entry: type 0x6ffffffe arg 0xce8
W/linker  (13563): libchromium_android_linker.so: unused DT entry: type 0x6fffffff arg 0x3
I/cr_LibraryLoader(13563): Loading chrome from within /data/app/com.android.chrome-2/base.apk
I/cr_LibraryLoader(13563): Time to load native libraries: 58 ms (timestamps 4911-4969)
I/chromium(13563): [INFO:library_loader_hooks.cc(136)] Chromium logging enabled: level = 0, default verbosity = 0
I/cr_LibraryLoader(13563): Expected native library version number "61.0.3163.98", actual native library version number "61.0.3163.98"
W/Wifi    ( 3495): Failed to read packet and byte counts from wifi interface
W/Wifi    ( 3495): Failed to read packet and byte counts from wifi interface
E/WifiStateMachine(  471): WifiStateMachine CMD_START_SCAN source -2 txSuccessRate=42.63 rxSuccessRate=45.38 targetRoamBSSID=02:1d:aa:3c:3d:e8 RSSI=-49
W/Wifi    ( 3495): Failed to read packet and byte counts from wifi interface
W/Wifi    ( 3495): Failed to read packet and byte counts from wifi interface
W/Wifi    ( 3495): Failed to read packet and byte counts from wifi interface
D/AndroidRuntime(13705): >>>>>> START com.android.internal.os.RuntimeInit uid 2000 <<<<<<
D/AndroidRuntime(13705): CheckJNI is OFF
D/AndroidRuntime(13705): Calling main entry com.android.commands.input.Input
I/Input   (13705): injectMotionEvent: MotionEvent { action=ACTION_DOWN, id[0]=0, x[0]=372.0, y[0]=1530.0, toolType[0]=TOOL_TYPE_UNKNOWN, buttonState=0, metaState=0, flags=0x0, edgeFlags=0x0, pointerCount=1, historySize=0, eventTime=1559999, downTime=1559999, deviceId=0, source=0x1002 }
I/Input   (13705): injectMotionEvent: MotionEvent { action=ACTION_UP, id[0]=0, x[0]=372.0, y[0]=1530.0, toolType[0]=TOOL_TYPE_UNKNOWN, buttonState=0, metaState=0, flags=0x0, edgeFlags=0x0, pointerCount=1, historySize=0, eventTime=1559999, downTime=1559999, deviceId=0, source=0x1002 }
D/AndroidRuntime(13705): Shutting down VM
I/chromium(13563): [INFO:child_process_service_impl.cc(70)] ChildProcessServiceImpl: Exiting child process.
I/ActivityManager(  471): START u0 {act=android.intent.action.VIEW flg=0x10808000 cmp=com.android.chrome/com.google.android.apps.chrome.Main (has extras)} from uid 10035 on display 0
D/audio_hw_primary(  204): out_set_parameters: enter: usecase(0: playback) kvpairs: routing=2 out->devices(2) adev->mode(0)
V/WindowManager(  471): addAppToken: AppWindowToken{300e2a05 token=Token{363dd17c ActivityRecord{cc4206f u0 com.android.chrome/com.google.android.apps.chrome.Main t4244}}} to stack=1 task=4244 at 0
W/libprocessgroup(  471): failed to open /acct/uid_10035/pid_13563/cgroup.procs: No such file or directory
I/ActivityManager(  471): Process com.android.chrome:sandboxed_process0 (pid 13563) has died
W/ActivityManager(  471): Scheduling restart of crashed service com.android.chrome/org.chromium.content.app.SandboxedProcessService0 in 1000ms
W/cr_ChildProcessConn(13535): onServiceDisconnected (crash or killed by oom): pid=13563
W/Wifi    ( 3495): Failed to read packet and byte counts from wifi interface
D/ConnectivityService(  471): releasing NetworkRequest NetworkRequest [ id=38, legacyType=-1, [ Capabilities: INTERNET&NOT_RESTRICTED&TRUSTED] ]
D/ConnectivityManager.CallbackHandler(13535): CM callback handler got msg 524296
D/ConnectivityService(  471): listenForNetwork for NetworkRequest [ id=39, legacyType=-1, [ Capabilities: INTERNET&NOT_RESTRICTED&TRUSTED] ]
D/ConnectivityService(  471): handleRegisterNetworkRequest checking NetworkAgentInfo [WIFI () - 100]
D/ConnectivityService(  471): apparently satisfied.  currentScore=100
D/ConnectivityManager.CallbackHandler(13535): CM callback handler got msg 524290
I/cr_InstantAppsHandler(13535): Not handling with Instant Apps (other)
I/ActivityManager(  471): START u0 {act=android.intent.action.VIEW flg=0x14002000 cmp=com.android.chrome/org.chromium.chrome.browser.ChromeTabbedActivity (has extras)} from uid 10035 on display 0
V/WindowManager(  471): addAppToken: AppWindowToken{9cd414 token=Token{b79ae67 ActivityRecord{1010226 u0 com.android.chrome/org.chromium.chrome.browser.ChromeTabbedActivity t4245}}} to stack=1 task=4245 at 0
V/WindowManager(  471): Based on layer: Adding window Window{2f469e75 u0 Starting com.android.chrome} at 4 of 18
I/art     (  471): Background sticky concurrent mark sweep GC freed 116426(6MB) AllocSpace objects, 141(2MB) LOS objects, 21% free, 29MB/37MB, paused 1.354ms total 114.085ms
I/PBSessionCacheImpl( 1061): Deleted sessionId[14996137455839] from persistence.
I/MicroDetector( 1061): Keeping mic open: false
I/DeviceStateChecker( 1061): DeviceStateChecker cancelled
I/AudioController( 1061): internalShutdown
I/MicrophoneInputStream( 1061): mic_close com.google.android.apps.gsa.speech.audio.af@3875406d
I/MicroRecognitionRunner( 1061): Stopping hotword detection.
I/SoundTriggerHwService::Module(  204): void android::SoundTriggerHwService::Module::onCallbackEvent(const android::sp<android::SoundTriggerHwService::CallbackEvent>&) mClient == 0
I/MicroRecognitionRunner( 1061): Detection finished
W/cr_ChildProcLH(13535): Create a new ChildConnectionAllocator with package name = com.android.chrome, sandboxed = true
I/ActivityManager(  471): Start proc 13729:com.android.chrome:sandboxed_process0/u0i24 for service com.android.chrome/org.chromium.content.app.SandboxedProcessService0
V/WindowManager(  471): Adding window Window{5f7bddc u0 com.android.chrome/org.chromium.chrome.browser.ChromeTabbedActivity} at 4 of 19 (before Window{2f469e75 u0 Starting com.android.chrome})
D/AndroidRuntime(13727): >>>>>> START com.android.internal.os.RuntimeInit uid 2000 <<<<<<
D/AndroidRuntime(13727): CheckJNI is OFF
W/cr_tabmodel(13535): Starting to perform legacy migration.
W/dboxed_process0(13729): type=1400 audit(0.0:31): avc: denied { search } for name="tmp" dev="dm-0" ino=49 scontext=u:r:isolated_app:s0 tcontext=u:object_r:shell_data_file:s0 tclass=dir permissive=0
I/cr_ChildProcessService(13729): Creating new ChildProcessService pid=13729
W/cr_tabmodel(13535): Finished performing legacy migration.
W/cr_tabmodel(13535): Starting to perform multi-instance migration.
W/cr_tabmodel(13535): Finished performing multi-instance migration.
W/cr_tabmodel(13535): Starting to fetch tab list.
E/cr_tabmodel(13535): State file does not exist.
V/WindowManager(  471): Adding window Window{306f46b u0 SurfaceView} at 4 of 20 (before Window{5f7bddc u0 com.android.chrome/org.chromium.chrome.browser.ChromeTabbedActivity})
D/BluetoothAdapter( 1061): 831459077: getState() :  mService = null. Returning STATE_OFF
D/BluetoothAdapter( 1061): 831459077: getState() :  mService = null. Returning STATE_OFF
I/VoiceSearchSettings( 1061): Hotword upgrade key is null!
I/ActivityManager(  471): Displayed com.android.chrome/org.chromium.chrome.browser.ChromeTabbedActivity: +796ms (total +888ms)
I/vgn     ( 1173): 67-RequestPlaceUpdates -- metadata{ service_id: 0 }
W/Wifi    ( 3495): Failed to read packet and byte counts from wifi interface
I/Places  ( 1173): ?: PlacesBleScanner stop()
I/BeaconBle( 1173): Scan canceled successfully.
I/art     (13535): Rejecting re-init on previously-failed class java.lang.Class<org.chromium.content.browser.FloatingActionModeCallback>
I/art     (13535): Rejecting re-init on previously-failed class java.lang.Class<org.chromium.content.browser.FloatingActionModeCallback>
I/PlaceInferenceEngine( 1173): [anon] Changed inference mode: 0
I/vgn     ( 1173): 67-RemovePlaceUpdates -- metadata{ service_id: 0 }
I/cr_LibraryLoader(13729): Using linker: org.chromium.base.library_loader.LegacyLinker
W/linker  (13729): libchromium_android_linker.so: unused DT entry: type 0x6ffffffe arg 0xce8
W/linker  (13729): libchromium_android_linker.so: unused DT entry: type 0x6fffffff arg 0x3
W/cr_media(13535): Requires BLUETOOTH permission
D/AndroidRuntime(13727): Calling main entry com.android.commands.am.Am
I/Trepn   ( 8910): Trepn 6.2s: Received intent: com.quicinc.trepn.start_profiling
I/cr_LibraryLoader(13729): Loading chrome from within /data/app/com.android.chrome-2/base.apk
I/cr_LibraryLoader(13729): Time to load native libraries: 75 ms (timestamps 1373-1448)
I/chromium(13729): [INFO:library_loader_hooks.cc(136)] Chromium logging enabled: level = 0, default verbosity = 0
I/cr_LibraryLoader(13729): Expected native library version number "61.0.3163.98", actual native library version number "61.0.3163.98"
D/BluetoothAdapter( 1061): 831459077: getState() :  mService = null. Returning STATE_OFF
D/BluetoothAdapter( 1061): 831459077: getState() :  mService = null. Returning STATE_OFF
I/VoiceSearchSettings( 1061): Hotword upgrade key is null!
I/VISHotwordAdapter( 1061): #initialize, locale=en-US, keyPhrase=Ok Google
I/GsaVoiceInteractionSrv(  889): initializeAlwaysOnHotwordDetector locale en-US hotwordPhrase Ok Google
I/GeofencerStateMachine( 1173): removeGeofences: removeRequest=RemoveGeofencingRequest[REMOVE_BY_PENDING_INTENT pendingIntent=PendingIntent[creatorPackage=com.google.android.gms], packageName=null]
I/orc     ( 1173): 51-GetExperimentTokensOperationCall -- metadata{ service_id: 0 }
I/cr_SnippetsLauncher(13535): Scheduling: 172800 172800
E/aght    ( 1173): Phenotype API error. Event a <
E/aght    ( 1173):   a: "LOCAL.com.google.android.agsa.QSB"
E/aght    ( 1173):   b: 0
E/aght    ( 1173):   e: ""
E/aght    ( 1173):   f: ""
E/aght    ( 1173):   g: 0
E/aght    ( 1173):   h: 0
E/aght    ( 1173):   i: ""
E/aght    ( 1173):   j: 0
E/aght    ( 1173): >
E/aght    ( 1173): e: # bjzl@f5130810
E/aght    ( 1173): , EventCode: 7 -- metadata{ service_id: 51 }
E/aght    ( 1173): aggm: 29505: No config packages for log source, or config package not registered
E/aght    ( 1173): 	at agif.b(:com.google.android.gms@12685011@12.6.85 (020406-197041431):4)
E/aght    ( 1173): 	at aght.a(:com.google.android.gms@12685011@12.6.85 (020406-197041431):40)
E/aght    ( 1173): 	at aght.a(:com.google.android.gms@12685011@12.6.85 (020406-197041431):108)
E/aght    ( 1173): 	at ord.run(:com.google.android.gms@12685011@12.6.85 (020406-197041431):40)
E/aght    ( 1173): 	at azvp.run(:com.google.android.gms@12685011@12.6.85 (020406-197041431):2)
E/aght    ( 1173): 	at ovl.run(:com.google.android.gms@12685011@12.6.85 (020406-197041431):27)
E/aght    ( 1173): 	at java.util.concurrent.ThreadPoolExecutor.runWorker(ThreadPoolExecutor.java:1112)
E/aght    ( 1173): 	at java.util.concurrent.ThreadPoolExecutor$Worker.run(ThreadPoolExecutor.java:587)
E/aght    ( 1173): 	at pbm.run(:com.google.android.gms@12685011@12.6.85 (020406-197041431))
E/aght    ( 1173): 	at java.lang.Thread.run(Thread.java:818)
E/AsyncOperation( 1173): serviceID=51, operation=GetExperimentTokensOperationCall
E/AsyncOperation( 1173): OperationException[Status{statusCode=No config packages for log source, or config package not registered, resolution=null}]
E/AsyncOperation( 1173): 	at aght.a(:com.google.android.gms@12685011@12.6.85 (020406-197041431):53)
E/AsyncOperation( 1173): 	at aght.a(:com.google.android.gms@12685011@12.6.85 (020406-197041431):108)
E/AsyncOperation( 1173): 	at ord.run(:com.google.android.gms@12685011@12.6.85 (020406-197041431):40)
E/AsyncOperation( 1173): 	at azvp.run(:com.google.android.gms@12685011@12.6.85 (020406-197041431):2)
E/AsyncOperation( 1173): 	at ovl.run(:com.google.android.gms@12685011@12.6.85 (020406-197041431):27)
E/AsyncOperation( 1173): 	at java.util.concurrent.ThreadPoolExecutor.runWorker(ThreadPoolExecutor.java:1112)
E/AsyncOperation( 1173): 	at java.util.concurrent.ThreadPoolExecutor$Worker.run(ThreadPoolExecutor.java:587)
E/AsyncOperation( 1173): 	at pbm.run(:com.google.android.gms@12685011@12.6.85 (020406-197041431))
E/AsyncOperation( 1173): 	at java.lang.Thread.run(Thread.java:818)
I/ActivityManager(  471): Start proc 13800:com.android.chrome:sandboxed_process1/u0i25 for service com.android.chrome/org.chromium.content.app.SandboxedProcessService1
W/dboxed_process1(13800): type=1400 audit(0.0:32): avc: denied { search } for name="tmp" dev="dm-0" ino=49 scontext=u:r:isolated_app:s0 tcontext=u:object_r:shell_data_file:s0 tclass=dir permissive=0
I/cr_ChildProcessService(13800): Creating new ChildProcessService pid=13800
W/art     (13535): Suspending all threads took: 15.685ms
I/cr_LibraryLoader(13800): Using linker: org.chromium.base.library_loader.LegacyLinker
W/linker  (13800): libchromium_android_linker.so: unused DT entry: type 0x6ffffffe arg 0xce8
W/linker  (13800): libchromium_android_linker.so: unused DT entry: type 0x6fffffff arg 0x3
W/Wifi    ( 3495): Failed to read packet and byte counts from wifi interface
I/cr_LibraryLoader(13800): Loading chrome from within /data/app/com.android.chrome-2/base.apk
I/art     (13535): Background sticky concurrent mark sweep GC freed 71957(3MB) AllocSpace objects, 19(354KB) LOS objects, 7% free, 16MB/18MB, paused 26.823ms total 341.735ms
I/cr_LibraryLoader(13800): Time to load native libraries: 161 ms (timestamps 2127-2288)
I/chromium(13800): [INFO:library_loader_hooks.cc(136)] Chromium logging enabled: level = 0, default verbosity = 0
I/cr_LibraryLoader(13800): Expected native library version number "61.0.3163.98", actual native library version number "61.0.3163.98"
I/ActivityManager(  471): Activity reported stop, but no longer stopping: ActivityRecord{32ec8260 u0 com.android.chrome/org.chromium.chrome.browser.firstrun.FirstRunActivity t4243 f}
I/cr_BindingManager(13535): Moderate binding enabled: maxSize=20
I/Icing   ( 1040): IndexChimeraService.getServiceInterface callingPackage=com.android.chrome componentName=null serviceId=36
I/Icing   ( 1040): IndexChimeraService.getServiceInterface callingPackage=com.android.chrome componentName=null serviceId=36
I/vgn     ( 1173): 19-GetFileDescriptorAndDelete -- metadata{ service_id: 0 }
I/art     (13535): Background partial concurrent mark sweep GC freed 39917(2MB) AllocSpace objects, 14(809KB) LOS objects, 40% free, 16MB/27MB, paused 10.504ms total 270.403ms
I/Icing   ( 1040): Usage reports ok 0, Failed Usage reports 0, indexed 0, rejected 0, imm upload false
I/Icing   ( 1040): Removing corpus key 94FBE96EEF13B8AC56FE8C01687FD8A6012559AC for package com.android.chrome
W/Nearby  ( 1173): Bind call too late - someone already tried to get: interface bghz -- metadata{ service_id: 0 }
W/FileUtils( 8910): Failed to chmod(/storage/emulated/0/trepn/Trepn_2018.06.16_144120.db): android.system.ErrnoException: chmod failed: EPERM (Operation not permitted)
E/PartnerBookmarksReader(13535): ATTENTION: not using partner bookmarks as none were provided
I/dex2oat (13830): /system/bin/dex2oat --runtime-arg -classpath --runtime-arg  --instruction-set=arm --instruction-set-features=default --runtime-arg -Xrelocate --boot-image=/system/framework/boot.art --dex-file=/data/data/com.android.chrome/app_dex/webapk1.dex --oat-fd=147 --oat-location=/data/data/com.android.chrome/app_dex/arm/webapk1.dex --runtime-arg -Xms64m --runtime-arg -Xmx512m
I/dex2oat (13830): dex2oat took 79.413ms (threads: 2) arena alloc=48KB java alloc=6KB native alloc=618KB free=17KB
I/Trepn   ( 8910): Trepn 6.2s: Trepn has Started Profiling.
D/AndroidRuntime(13727): Shutting down VM
W/Wifi    ( 3495): Failed to read packet and byte counts from wifi interface
D/AndroidRuntime(13847): >>>>>> START com.android.internal.os.RuntimeInit uid 2000 <<<<<<
D/AndroidRuntime(13847): CheckJNI is OFF
W/System.err( 8190): android.content.pm.PackageManager$NameNotFoundException
W/System.err( 8190): 	at android.app.ApplicationPackageManager.getPackageInfo(ApplicationPackageManager.java:114)
W/System.err( 8190): 	at com.estrongs.android.pop.app.c.ai.c(Unknown Source)
W/System.err( 8190): 	at com.estrongs.android.pop.app.c.ai.a(Unknown Source)
W/System.err( 8190): 	at com.estrongs.android.pop.app.scene.e.q.a(Unknown Source)
W/System.err( 8190): 	at com.estrongs.android.scanner.c.m.run(Unknown Source)
W/System.err( 8190): 	at java.util.concurrent.ThreadPoolExecutor.runWorker(ThreadPoolExecutor.java:1112)
W/System.err( 8190): 	at java.util.concurrent.ThreadPoolExecutor$Worker.run(ThreadPoolExecutor.java:587)
W/System.err( 8190): 	at java.lang.Thread.run(Thread.java:818)
D/AndroidRuntime(13847): Calling main entry com.android.commands.am.Am
I/ActivityManager(  471): START u0 {act=android.intent.action.VIEW dat=localhost:8000 flg=0x10000000 cmp=com.android.chrome/com.google.android.apps.chrome.Main} from uid 2000 on display 0
V/WindowManager(  471): addAppToken: AppWindowToken{2a985983 token=Token{1e693832 ActivityRecord{2ab2b83d u0 com.android.chrome/com.google.android.apps.chrome.Main t4246}}} to stack=1 task=4246 at 0
D/AndroidRuntime(13847): Shutting down VM
D/ConnectivityService(  471): releasing NetworkRequest NetworkRequest [ id=39, legacyType=-1, [ Capabilities: INTERNET&NOT_RESTRICTED&TRUSTED] ]
D/ConnectivityManager.CallbackHandler(13535): CM callback handler got msg 524296
W/cr_Autocomplete(13535): stopping autocomplete.
D/ConnectivityService(  471): listenForNetwork for NetworkRequest [ id=40, legacyType=-1, [ Capabilities: INTERNET&NOT_RESTRICTED&TRUSTED] ]
D/ConnectivityService(  471): handleRegisterNetworkRequest checking NetworkAgentInfo [WIFI () - 100]
D/ConnectivityService(  471): apparently satisfied.  currentScore=100
D/ConnectivityManager.CallbackHandler(13535): CM callback handler got msg 524290
I/cr_InstantAppsHandler(13535): Not handling with Instant Apps because Chrome is not default or there's a specialized handler
I/ActivityManager(  471): START u0 {act=android.intent.action.VIEW dat=localhost:8000 flg=0x14002000 cmp=com.android.chrome/org.chromium.chrome.browser.ChromeTabbedActivity (has extras)} from uid 10035 on display 0
W/InputMethodManagerService(  471): Window already focused, ignoring focus gain of: com.android.internal.view.IInputMethodClient$Stub$Proxy@11cb9b8a attribute=null, token = android.os.BinderProxy@3e7a824f
I/ActivityManager(  471): Start proc 13860:com.android.chrome:sandboxed_process2/u0i26 for service com.android.chrome/org.chromium.content.app.SandboxedProcessService2
W/dboxed_process2(13860): type=1400 audit(0.0:33): avc: denied { search } for name="tmp" dev="dm-0" ino=49 scontext=u:r:isolated_app:s0 tcontext=u:object_r:shell_data_file:s0 tclass=dir permissive=0
I/cr_ChildProcessService(13860): Creating new ChildProcessService pid=13860
I/vgn     ( 1040): 45-xlb -- metadata{ service_id: 0 }
I/cr_LibraryLoader(13860): Using linker: org.chromium.base.library_loader.LegacyLinker
W/linker  (13860): libchromium_android_linker.so: unused DT entry: type 0x6ffffffe arg 0xce8
W/linker  (13860): libchromium_android_linker.so: unused DT entry: type 0x6fffffff arg 0x3
W/Wifi    ( 3495): Failed to read packet and byte counts from wifi interface
I/cr_LibraryLoader(13860): Loading chrome from within /data/app/com.android.chrome-2/base.apk
I/cr_LibraryLoader(13860): Time to load native libraries: 88 ms (timestamps 4108-4196)
I/chromium(13860): [INFO:library_loader_hooks.cc(136)] Chromium logging enabled: level = 0, default verbosity = 0
I/cr_LibraryLoader(13860): Expected native library version number "61.0.3163.98", actual native library version number "61.0.3163.98"
I/vgn     ( 1040): 45-xlb -- metadata{ service_id: 0 }
I/vgn     ( 1040): 45-xlb -- metadata{ service_id: 0 }
I/chromium(13535): [INFO:CONSOLE(2)] "STARTME---1529152883323", source: http://localhost:8000/cputest_matrixmult.js (2)
I/chromium(13535): [INFO:CONSOLE(3)] "Uncaught ReferenceError: matrix200x200 is not defined", source: http://localhost:8000/cputest_matrixmult.js (3)
W/Wifi    ( 3495): Failed to read packet and byte counts from wifi interface
D/TaskPersister(  471): removeObsoleteFile: deleting file=4243_task_thumbnail.png
W/Wifi    ( 3495): Failed to read packet and byte counts from wifi interface
I/Icing   ( 1040): Scored 160 usage reports, missing_corpora 2 update_failed 25
I/cr_omaha(13535): Request to Server Successful. Timestamp for next request:1529156485396
I/cr_omaha(13535): Request to Server Successful. Timestamp for next request:1529156485443
I/cr_omaha(13535): Attempting to schedule next job for: Sat Jun 16 19:41:25 GMT+02:00 2018
I/cr_omaha(13535): Scheduled using AlarmManager and IntentService
I/vgn     ( 1173): 19-GetFileDescriptorAndDelete -- metadata{ service_id: 0 }
I/Icing   ( 1040): Usage reports ok 0, Failed Usage reports 0, indexed 0, rejected 0, imm upload false
I/Icing   ( 1040): Indexing 94FBE96EEF13B8AC56FE8C01687FD8A6012559AC from com.android.chrome
W/Wifi    ( 3495): Failed to read packet and byte counts from wifi interface
I/Icing   ( 1040): Indexing done 94FBE96EEF13B8AC56FE8C01687FD8A6012559AC
I/chromium(13800): [INFO:child_process_service_impl.cc(70)] ChildProcessServiceImpl: Exiting child process.
W/libprocessgroup(  471): failed to open /acct/uid_10035/pid_13800/cgroup.procs: No such file or directory
I/ActivityManager(  471): Process com.android.chrome:sandboxed_process1 (pid 13800) has died
W/ActivityManager(  471): Scheduling restart of crashed service com.android.chrome/org.chromium.content.app.SandboxedProcessService1 in 1000ms
W/chromium(13535): [WARNING:compositor_view.cc(255)] Child process disconnected (type=6) pid=13800)
W/cr_ChildProcessConn(13535): onServiceDisconnected (crash or killed by oom): pid=13800
W/Wifi    ( 3495): Failed to read packet and byte counts from wifi interface
W/Wifi    ( 3495): Failed to read packet and byte counts from wifi interface
W/Wifi    ( 3495): Failed to read packet and byte counts from wifi interface
I/EventLogSendingHelper( 1061): Sending log events.
W/Wifi    ( 3495): Failed to read packet and byte counts from wifi interface
W/Wifi    ( 3495): Failed to read packet and byte counts from wifi interface
W/Wifi    ( 3495): Failed to read packet and byte counts from wifi interface
W/Wifi    ( 3495): Failed to read packet and byte counts from wifi interface
W/Wifi    ( 3495): Failed to read packet and byte counts from wifi interface
I/ActivityManager(  471): Waited long enough for: ServiceRecord{3ca440d6 u0 com.google.android.googlequicksearchbox/com.google.android.apps.gsa.search.core.service.SearchService}
W/Wifi    ( 3495): Failed to read packet and byte counts from wifi interface
E/WifiStateMachine(  471): WifiStateMachine CMD_START_SCAN source -2 txSuccessRate=11.09 rxSuccessRate=10.97 targetRoamBSSID=02:1d:aa:3c:3d:e8 RSSI=-49
E/WifiStateMachine(  471): WifiStateMachine starting scan for "BagelPeace"WPA_PSK with 2462,5180
W/Wifi    ( 3495): Failed to read packet and byte counts from wifi interface
W/Wifi    ( 3495): Failed to read packet and byte counts from wifi interface
W/Wifi    ( 3495): Failed to read packet and byte counts from wifi interface
W/Wifi    ( 3495): Failed to read packet and byte counts from wifi interface
W/Wifi    ( 3495): Failed to read packet and byte counts from wifi interface
I/ActivityManager(  471): Start proc 13947:com.google.android.instantapps.supervisor/u0a90 for service com.google.android.instantapps.supervisor/.logging.LogFlushTaskService
I/orc     ( 1173): 51-RegisterOperationCall -- metadata{ service_id: 0 }
W/Wifi    ( 3495): Failed to read packet and byte counts from wifi interface
W/Wifi    ( 3495): Failed to read packet and byte counts from wifi interface
W/Wifi    ( 3495): Failed to read packet and byte counts from wifi interface
W/Wifi    ( 3495): Failed to read packet and byte counts from wifi interface
W/Wifi    ( 3495): Failed to read packet and byte counts from wifi interface
W/Wifi    ( 3495): Failed to read packet and byte counts from wifi interface
W/Wifi    ( 3495): Failed to read packet and byte counts from wifi interface
W/Wifi    ( 3495): Failed to read packet and byte counts from wifi interface
W/Wifi    ( 3495): Failed to read packet and byte counts from wifi interface
W/GmsLocationProvider( 1061): Error removing location updates: 16
W/Wifi    ( 3495): Failed to read packet and byte counts from wifi interface
I/ActivityManager(  471): Start proc 14012:com.android.chrome:sandboxed_process3/u0i27 for service com.android.chrome/org.chromium.content.app.SandboxedProcessService3
I/art     (  471): Explicit concurrent mark sweep GC freed 65664(3MB) AllocSpace objects, 34(680KB) LOS objects, 33% free, 31MB/47MB, paused 699us total 83.391ms
W/dboxed_process3(14012): type=1400 audit(0.0:34): avc: denied { search } for name="tmp" dev="dm-0" ino=49 scontext=u:r:isolated_app:s0 tcontext=u:object_r:shell_data_file:s0 tclass=dir permissive=0
I/cr_ChildProcessService(14012): Creating new ChildProcessService pid=14012
I/cr_LibraryLoader(14012): Using linker: org.chromium.base.library_loader.LegacyLinker
W/linker  (14012): libchromium_android_linker.so: unused DT entry: type 0x6ffffffe arg 0xce8
W/linker  (14012): libchromium_android_linker.so: unused DT entry: type 0x6fffffff arg 0x3
I/cr_LibraryLoader(14012): Loading chrome from within /data/app/com.android.chrome-2/base.apk
I/cr_LibraryLoader(14012): Time to load native libraries: 36 ms (timestamps 1635-1671)
I/chromium(14012): [INFO:library_loader_hooks.cc(136)] Chromium logging enabled: level = 0, default verbosity = 0
I/cr_LibraryLoader(14012): Expected native library version number "61.0.3163.98", actual native library version number "61.0.3163.98"
W/Wifi    ( 3495): Failed to read packet and byte counts from wifi interface
W/Wifi    ( 3495): Failed to read packet and byte counts from wifi interface
W/Wifi    ( 3495): Failed to read packet and byte counts from wifi interface
I/Icing   ( 1040): IndexChimeraService.getServiceInterface callingPackage=com.android.chrome componentName=null serviceId=36
I/vgn     ( 1173): 19-GetFileDescriptorAndDelete -- metadata{ service_id: 0 }
I/Icing   ( 1040): Usage reports ok 0, Failed Usage reports 0, indexed 0, rejected 0, imm upload false
W/Wifi    ( 3495): Failed to read packet and byte counts from wifi interface
I/Icing   ( 1040): Indexing 94FBE96EEF13B8AC56FE8C01687FD8A6012559AC from com.android.chrome
I/Icing   ( 1040): Indexing done 94FBE96EEF13B8AC56FE8C01687FD8A6012559AC
W/Wifi    ( 3495): Failed to read packet and byte counts from wifi interface
I/chromium(14012): [INFO:child_process_service_impl.cc(70)] ChildProcessServiceImpl: Exiting child process.
W/libprocessgroup(  471): failed to open /acct/uid_10035/pid_14012/cgroup.procs: No such file or directory
I/ActivityManager(  471): Process com.android.chrome:sandboxed_process3 (pid 14012) has died
W/ActivityManager(  471): Scheduling restart of crashed service com.android.chrome/org.chromium.content.app.SandboxedProcessService3 in 1000ms
W/chromium(13535): [WARNING:compositor_view.cc(255)] Child process disconnected (type=6) pid=14012)
W/cr_ChildProcessConn(13535): onServiceDisconnected (crash or killed by oom): pid=14012
E/WifiStateMachine(  471): WifiStateMachine CMD_START_SCAN source -2 txSuccessRate=2.13 rxSuccessRate=1.39 targetRoamBSSID=02:1d:aa:3c:3d:e8 RSSI=-48
E/WifiStateMachine(  471): WifiStateMachine starting scan for "BagelPeace"WPA_PSK with 2462,5180
W/Wifi    ( 3495): Failed to read packet and byte counts from wifi interface
W/Wifi    ( 3495): Failed to read packet and byte counts from wifi interface
W/Wifi    ( 3495): Failed to read packet and byte counts from wifi interface
W/Wifi    ( 3495): Failed to read packet and byte counts from wifi interface
W/Wifi    ( 3495): Failed to read packet and byte counts from wifi interface
W/Wifi    ( 3495): Failed to read packet and byte counts from wifi interface
W/Wifi    ( 3495): Failed to read packet and byte counts from wifi interface
I/GeofencerStateMachine( 1173): sendNewTransitions called.
W/ctxmgr  ( 1173): [AclManager]No 2 for (accnt=account#1813920180#, com.google.android.gms(10008):UserLocationProducer, vrsn=12685000, 0, 3pPkg = null ,  3pMdlId = null ,  pid = 1173). Was: 2 for 1, account#1813920180#
W/ctxmgr  ( 1173): [AclManager]No 2 for (accnt=account#1644684176#, com.google.android.gms(10008):UserLocationProducer, vrsn=12685000, 0, 3pPkg = null ,  3pMdlId = null ,  pid = 1173). Was: 2 for 1, account#1644684176#
W/Wifi    ( 3495): Failed to read packet and byte counts from wifi interface
W/Wifi    ( 3495): Failed to read packet and byte counts from wifi interface
W/Wifi    ( 3495): Failed to read packet and byte counts from wifi interface
W/Wifi    ( 3495): Failed to read packet and byte counts from wifi interface
W/Wifi    ( 3495): Failed to read packet and byte counts from wifi interface
W/Wifi    ( 3495): Failed to read packet and byte counts from wifi interface
W/Wifi    ( 3495): Failed to read packet and byte counts from wifi interface
W/Wifi    ( 3495): Failed to read packet and byte counts from wifi interface
D/WifiService(  471): acquireWifiLockLocked: WifiLock{NlpWifiLock type=2 binder=android.os.BinderProxy@2a85003e}
E/WifiStateMachine(  471): WifiStateMachine CMD_START_SCAN source 10008 txSuccessRate=0.89 rxSuccessRate=1.14 targetRoamBSSID=02:1d:aa:3c:3d:e8 RSSI=-49
I/vgn     ( 1173): 35-GetDeviceDataUploadOptInStatusOperation -- metadata{ service_id: 0 }
I/vgn     ( 1173): 35-GetDeviceDataUploadOptInStatusOperation -- metadata{ service_id: 0 }
I/vgn     ( 1173): 35-GetDeviceDataUploadOptInStatusOperation -- metadata{ service_id: 0 }
I/vgn     ( 1173): 35-GetDeviceDataUploadOptInStatusOperation -- metadata{ service_id: 0 }
W/linker  (13947): libsyscall.so: unused DT entry: type 0xf arg 0x1917
W/linker  (13947): libsyscall.so: unused DT entry: type 0x6ffffffe arg 0x4420
W/linker  (13947): libsyscall.so: unused DT entry: type 0x6fffffff arg 0x2
W/native  (13947): commandlineflags.cc:1512 Ignoring RegisterValidateFunction() for flag pointer 0xefb5f6f0: no flag found at that address
W/linker  (13947): libjni_stub.so: unused DT entry: type 0x6ffffffe arg 0xa9c
