W/linker  ( 9221): libchromium_android_linker.so: unused DT entry: type 0x6fffffff arg 0x3
I/cr_LibraryLoader( 9221): Loading chrome from within /data/app/com.android.chrome-2/base.apk
I/cr_LibraryLoader( 9221): Time to load native libraries: 67 ms (timestamps 6513-6580)
I/chromium( 9221): [INFO:library_loader_hooks.cc(136)] Chromium logging enabled: level = 0, default verbosity = 0
I/cr_LibraryLoader( 9221): Expected native library version number "61.0.3163.98", actual native library version number "61.0.3163.98"
W/Wifi    ( 5337): Failed to read packet and byte counts from wifi interface
W/Wifi    ( 5337): Failed to read packet and byte counts from wifi interface
W/Wifi    ( 5337): Failed to read packet and byte counts from wifi interface
W/Wifi    ( 5337): Failed to read packet and byte counts from wifi interface
W/Wifi    ( 5337): Failed to read packet and byte counts from wifi interface
W/Settings( 5337): Setting http_proxy has moved from android.provider.Settings.Secure to android.provider.Settings.Global.
I/chromium( 9221): [INFO:child_process_service_impl.cc(70)] ChildProcessServiceImpl: Exiting child process.
W/libprocessgroup( 2186): failed to open /acct/uid_10035/pid_9221/cgroup.procs: No such file or directory
I/ActivityManager( 2186): Process com.android.chrome:sandboxed_process4 (pid 9221) has died
W/ActivityManager( 2186): Scheduling restart of crashed service com.android.chrome/org.chromium.content.app.SandboxedProcessService4 in 1000ms
W/chromium( 8887): [WARNING:compositor_view.cc(255)] Child process disconnected (type=6) pid=9221)
W/cr_ChildProcessConn( 8887): onServiceDisconnected (crash or killed by oom): pid=9221
W/Wifi    ( 5337): Failed to read packet and byte counts from wifi interface
W/Wifi    ( 5337): Failed to read packet and byte counts from wifi interface
W/Wifi    ( 5337): Failed to read packet and byte counts from wifi interface
W/Wifi    ( 5337): Failed to read packet and byte counts from wifi interface
W/Wifi    ( 5337): Failed to read packet and byte counts from wifi interface
W/Wifi    ( 5337): Failed to read packet and byte counts from wifi interface
W/Wifi    ( 5337): Failed to read packet and byte counts from wifi interface
D/AndroidRuntime( 9247): >>>>>> START com.android.internal.os.RuntimeInit uid 2000 <<<<<<
D/AndroidRuntime( 9247): CheckJNI is OFF
W/Wifi    ( 5337): Failed to read packet and byte counts from wifi interface
D/AndroidRuntime( 9247): Calling main entry com.android.commands.am.Am
I/Trepn   (25520): Trepn 6.2s: Received intent: com.quicinc.trepn.stop_profiling
I/Trepn   (25520): Trepn 6.2s: Trepn has Stopped Profiling.
D/AndroidRuntime( 9247): Shutting down VM
D/AndroidRuntime( 9270): >>>>>> START com.android.internal.os.RuntimeInit uid 2000 <<<<<<
D/AndroidRuntime( 9270): CheckJNI is OFF
W/Wifi    ( 5337): Failed to read packet and byte counts from wifi interface
D/AndroidRuntime( 9270): Calling main entry com.android.commands.am.Am
I/ActivityManager( 2186): Force stopping com.android.chrome appid=10035 user=0: from pid 9270
I/ActivityManager( 2186): Killing 8959:com.android.chrome:privileged_process0/u0a35 (adj 0): stop com.android.chrome
W/cr_ChildProcessConn( 8887): onServiceDisconnected (crash or killed by oom): pid=8959
W/chromium( 8887): [WARNING:compositor_view.cc(255)] Child process disconnected (type=9) pid=8959)
W/ActivityManager( 2186): Scheduling restart of crashed service com.android.chrome/org.chromium.content.app.PrivilegedProcessService0 in 1000ms
I/ActivityManager( 2186): Killing 8887:com.android.chrome/u0a35 (adj 0): stop com.android.chrome
I/WindowState( 2186): WIN DEATH: Window{29f2911d u0 com.android.chrome/org.chromium.chrome.browser.ChromeTabbedActivity}
W/WindowManager( 2186): Force-removing child win Window{d3f0d60 u0 SurfaceView} from container Window{29f2911d u0 com.android.chrome/org.chromium.chrome.browser.ChromeTabbedActivity}
D/ConnectivityService( 2186): ConnectivityService NetworkRequestInfo binderDied(NetworkRequest [ id=2156, legacyType=-1, [ Capabilities: INTERNET&NOT_RESTRICTED&TRUSTED] ], android.os.BinderProxy@3281219c)
D/ConnectivityService( 2186): releasing NetworkRequest NetworkRequest [ id=2156, legacyType=-1, [ Capabilities: INTERNET&NOT_RESTRICTED&TRUSTED] ]
D/ConnectivityService( 2186): ConnectivityService NetworkRequestInfo binderDied(NetworkRequest [ id=2159, legacyType=-1, [ Capabilities: INTERNET&NOT_RESTRICTED&TRUSTED] ], android.os.BinderProxy@33e107a5)
E/ConnectivityService( 2186): RemoteException caught trying to send a callback msg for NetworkRequest [ id=2156, legacyType=-1, [ Capabilities: INTERNET&NOT_RESTRICTED&TRUSTED] ]
D/ConnectivityService( 2186): releasing NetworkRequest NetworkRequest [ id=2159, legacyType=-1, [ Capabilities: INTERNET&NOT_RESTRICTED&TRUSTED] ]
E/ConnectivityService( 2186): RemoteException caught trying to send a callback msg for NetworkRequest [ id=2159, legacyType=-1, [ Capabilities: INTERNET&NOT_RESTRICTED&TRUSTED] ]
W/WindowManager( 2186): Failed looking up window
W/WindowManager( 2186): java.lang.IllegalArgumentException: Requested window android.os.BinderProxy@1ff0d63 does not exist
W/WindowManager( 2186): 	at com.android.server.wm.WindowManagerService.windowForClientLocked(WindowManagerService.java:8539)
W/WindowManager( 2186): 	at com.android.server.wm.WindowManagerService.windowForClientLocked(WindowManagerService.java:8530)
W/WindowManager( 2186): 	at com.android.server.wm.WindowState$DeathRecipient.binderDied(WindowState.java:1142)
W/WindowManager( 2186): 	at android.os.BinderProxy.sendDeathNotice(Binder.java:551)
I/WindowState( 2186): WIN DEATH: null
E/lowmemorykiller(  151): Error opening /proc/9042/oom_score_adj; errno=2
W/ActivityManager( 2186): Exception when unbinding service com.android.chrome/org.chromium.content.app.SandboxedProcessService0
W/ActivityManager( 2186): android.os.DeadObjectException
W/ActivityManager( 2186): 	at android.os.BinderProxy.transactNative(Native Method)
W/ActivityManager( 2186): 	at android.os.BinderProxy.transact(Binder.java:496)
W/ActivityManager( 2186): 	at android.app.ApplicationThreadProxy.scheduleUnbindService(ApplicationThreadNative.java:921)
W/ActivityManager( 2186): 	at com.android.server.am.ActiveServices.removeConnectionLocked(ActiveServices.java:1795)
W/ActivityManager( 2186): 	at com.android.server.am.ActiveServices.killServicesLocked(ActiveServices.java:2193)
W/ActivityManager( 2186): 	at com.android.server.am.ActivityManagerService.cleanUpApplicationRecordLocked(ActivityManagerService.java:14895)
W/ActivityManager( 2186): 	at com.android.server.am.ActivityManagerService.handleAppDiedLocked(ActivityManagerService.java:4552)
W/ActivityManager( 2186): 	at com.android.server.am.ActivityManagerService.removeProcessLocked(ActivityManagerService.java:5789)
W/ActivityManager( 2186): 	at com.android.server.am.ActivityManagerService.killPackageProcessesLocked(ActivityManagerService.java:5594)
W/ActivityManager( 2186): 	at com.android.server.am.ActivityManagerService.forceStopPackageLocked(ActivityManagerService.java:5655)
W/ActivityManager( 2186): 	at com.android.server.am.ActivityManagerService.forceStopPackageLocked(ActivityManagerService.java:5499)
W/ActivityManager( 2186): 	at com.android.server.am.ActivityManagerService.forceStopPackage(ActivityManagerService.java:5309)
W/ActivityManager( 2186): 	at android.app.ActivityManagerNative.onTransact(ActivityManagerNative.java:1461)
W/ActivityManager( 2186): 	at com.android.server.am.ActivityManagerService.onTransact(ActivityManagerService.java:2208)
W/ActivityManager( 2186): 	at android.os.Binder.execTransact(Binder.java:446)
E/lowmemorykiller(  151): Error opening /proc/9042/oom_score_adj; errno=2
E/lowmemorykiller(  151): Error opening /proc/9167/oom_score_adj; errno=2
E/lowmemorykiller(  151): Error opening /proc/9167/oom_score_adj; errno=2
I/ActivityManager( 2186): Killing 9042:com.android.chrome:sandboxed_process0/u0a35i841 (adj 9): isolated not needed
W/libprocessgroup( 2186): failed to open /acct/uid_10035/pid_9042/cgroup.procs: No such file or directory
W/ActivityManager( 2186): Exception when unbinding service com.android.chrome/org.chromium.content.app.SandboxedProcessService2
W/ActivityManager( 2186): android.os.DeadObjectException
W/ActivityManager( 2186): 	at android.os.BinderProxy.transactNative(Native Method)
W/ActivityManager( 2186): 	at android.os.BinderProxy.transact(Binder.java:496)
W/ActivityManager( 2186): 	at android.app.ApplicationThreadProxy.scheduleUnbindService(ApplicationThreadNative.java:921)
W/ActivityManager( 2186): 	at com.android.server.am.ActiveServices.removeConnectionLocked(ActiveServices.java:1795)
W/ActivityManager( 2186): 	at com.android.server.am.ActiveServices.killServicesLocked(ActiveServices.java:2193)
W/ActivityManager( 2186): 	at com.android.server.am.ActivityManagerService.cleanUpApplicationRecordLocked(ActivityManagerService.java:14895)
W/ActivityManager( 2186): 	at com.android.server.am.ActivityManagerService.handleAppDiedLocked(ActivityManagerService.java:4552)
W/ActivityManager( 2186): 	at com.android.server.am.ActivityManagerService.removeProcessLocked(ActivityManagerService.java:5789)
W/ActivityManager( 2186): 	at com.android.server.am.ActivityManagerService.killPackageProcessesLocked(ActivityManagerService.java:5594)
W/ActivityManager( 2186): 	at com.android.server.am.ActivityManagerService.forceStopPackageLocked(ActivityManagerService.java:5655)
W/ActivityManager( 2186): 	at com.android.server.am.ActivityManagerService.forceStopPackageLocked(ActivityManagerService.java:5499)
W/ActivityManager( 2186): 	at com.android.server.am.ActivityManagerService.forceStopPackage(ActivityManagerService.java:5309)
W/ActivityManager( 2186): 	at android.app.ActivityManagerNative.onTransact(ActivityManagerNative.java:1461)
W/ActivityManager( 2186): 	at com.android.server.am.ActivityManagerService.onTransact(ActivityManagerService.java:2208)
W/ActivityManager( 2186): 	at android.os.Binder.execTransact(Binder.java:446)
E/lowmemorykiller(  151): Error opening /proc/9167/oom_score_adj; errno=2
W/ActivityManager( 2186): Force removing ActivityRecord{182bad94 u0 com.android.chrome/org.chromium.chrome.browser.ChromeTabbedActivity t7685}: app died, no saved state
I/ActivityManager( 2186): Killing 9167:com.android.chrome:sandboxed_process2/u0a35i843 (adj 9): isolated not needed
W/libprocessgroup( 2186): failed to open /acct/uid_10035/pid_9167/cgroup.procs: No such file or directory
W/ActivityManager( 2186): Spurious death for ProcessRecord{31a0cae8 8959:com.android.chrome:privileged_process0/u0a35}, curProc for 8959: null
D/AndroidRuntime( 9270): Shutting down VM
W/ActivityManager( 2186): Unbind failed: could not find connection for android.os.BinderProxy@381d3e7d
W/ActivityManager( 2186): Spurious death for ProcessRecord{194cf355 8887:com.android.chrome/u0a35}, curProc for 8887: null
I/OpenGLRenderer(25846): Initialized EGL, version 1.4
V/RenderScript(25846): Application requested CPU execution
V/RenderScript(25846): 0x559e4b4620 Launching thread(s), CPUs 2
W/InputMethodManagerService( 2186): Got RemoteException sending setActive(false) notification to pid 8887 uid 10035
W/SessionLifecycleManager(11510): Handover failed. Creating new session controller.
I/OptInState(11510): There is a new client and it does not support opt-in. Dropping request.
W/LocationOracle(11510): No location history returned by ContextManager
I/MicroDetectionWorker(11510): #updateMicroDetector [detectionMode: [mDetectionMode: [1]]]
I/MicroDetectionWorker(11510): #startMicroDetector [speakerMode: 0]
D/BluetoothAdapter(11510): 221441487: getState() :  mService = null. Returning STATE_OFF
D/BluetoothAdapter(11510): 221441487: getState() :  mService = null. Returning STATE_OFF
I/VoiceSearchSettings(11510): Hotword upgrade key is null!
I/MicroDetectionWorker(11510): onReady
D/BluetoothAdapter(11510): 221441487: getState() :  mService = null. Returning STATE_OFF
I/VoiceSearchSettings(11510): Hotword upgrade key is null!
D/BluetoothAdapter(11510): 221441487: getState() :  mService = null. Returning STATE_OFF
I/MicroRecognitionRunner(11510): Starting detection.
I/MicrophoneInputStream(11510): mic_starting com.google.android.apps.gsa.speech.audio.af@1303dc51
I/AudioFlinger( 1962): AudioFlinger's thread 0xaaefc270 ready to run
I/SoundTriggerHwService::Module( 1962): void android::SoundTriggerHwService::Module::onCallbackEvent(const android::sp<android::SoundTriggerHwService::CallbackEvent>&) mClient == 0
I/MicrophoneInputStream(11510): mic_started com.google.android.apps.gsa.speech.audio.af@1303dc51
W/ctxmgr  ( 2588): [AclManager]No 3 for (accnt=account#-517948760#, com.google.android.gms(10008):UserVelocityProducer, vrsn=12685011, 0, 3pPkg = null ,  3pMdlId = null ,  pid = 2588). Was: 3 for 1, account#-517948760#
I/art     ( 2186): Explicit concurrent mark sweep GC freed 111403(5MB) AllocSpace objects, 4(616KB) LOS objects, 32% free, 32MB/48MB, paused 944us total 94.099ms
D/AndroidRuntime( 9286): >>>>>> START com.android.internal.os.RuntimeInit uid 2000 <<<<<<
D/AndroidRuntime( 9286): CheckJNI is OFF
I/MicroDetectionWorker(11510): onReady
I/vgn     ( 2588): 67-RequestPlaceUpdates -- metadata{ service_id: 0 }
I/GeofencerStateMachine( 2588): removeGeofences: removeRequest=RemoveGeofencingRequest[REMOVE_BY_PENDING_INTENT pendingIntent=PendingIntent[creatorPackage=com.google.android.gms], packageName=null]
I/GeofencerStateMachine( 2588): removeGeofences: removeRequest=RemoveGeofencingRequest[REMOVE_BY_PENDING_INTENT pendingIntent=PendingIntent[creatorPackage=com.google.android.gms], packageName=null]
I/PlaceInferenceEngine( 2588): [anon] Changed inference mode: 0
I/vgn     ( 2588): 67-RequestPlaceUpdates -- metadata{ service_id: 0 }
W/Wifi    ( 5337): Failed to read packet and byte counts from wifi interface
I/Places  ( 2588): ?: PlacesBleScanner start() with priority 2
I/PlaceInferenceEngine( 2588): [anon] Changed inference mode: 1
D/BluetoothAdapter( 2588): 243064808: getState() :  mService = null. Returning STATE_OFF
I/BeaconBle( 2588): Using BLE 'L' hardware layer
I/Places  ( 2588): Converted 6 out of 6 WiFi scans
I/PlaceInferenceEngine( 2588): [anon] Changed inference mode: 1
I/BeaconBle( 2588): Client requested scan, settings=BleSettings [scanMode=ZERO_POWER, callbackType=ALL_MATCHES, reportDelayMillis=0, 1 filters, 0 clients, callingClientName=Places]
E/BeaconBle( 2588): Scan couldn't start for Places
W/Places  ( 2588): BLE failure while scanning - code 5
W/OpenGLRenderer(25846): Incorrectly called buildLayer on View: ShortcutAndWidgetContainer, destroying layer...
I/art     ( 2588): Explicit concurrent mark sweep GC freed 105597(5MB) AllocSpace objects, 10(696KB) LOS objects, 32% free, 33MB/49MB, paused 968us total 206.645ms
I/PlaceInferenceEngine( 2588): No beacon scan available - ignoring candidates.
D/AndroidRuntime( 9286): Calling main entry com.android.commands.pm.Pm
I/ActivityManager( 2186): Force stopping com.android.chrome appid=10035 user=0: clear data
D/TaskPersister( 2186): removeObsoleteFile: deleting file=7685_task.xml
D/TaskPersister( 2186): removeObsoleteFile: deleting file=7685_task_thumbnail.png
I/GeofencerStateMachine( 2588): removeGeofences: removeRequest=RemoveGeofencingRequest[REMOVE_ALL packageName=com.android.chrome]
D/Documents( 1786): Update found 8 roots in 19ms
I/LocationSettingsChecker(  936): Removing dialog suppression flag for package com.android.chrome
I/art     ( 9286): System.exit called, status: 0
I/AndroidRuntime( 9286): VM exiting with result code 0.
I/Icing   (  936): doRemovePackageData com.android.chrome
I/Icing   (  936): Removing corpus key 94FBE96EEF13B8AC56FE8C01687FD8A6012559AC for package com.android.chrome
I/Icing   (  936): Flash index sort hb 12 prefix-hits 44 -> 39 at 10.458ms
I/art     ( 2566): Explicit concurrent mark sweep GC freed 43638(2MB) AllocSpace objects, 30(600KB) LOS objects, 25% free, 13MB/18MB, paused 1.007ms total 119.723ms
I/Icing   (  936): IndexChimeraService.getServiceInterface callingPackage=com.google.android.inputmethod.latin componentName=null serviceId=66
I/Icing   (  936): updateResources: need to parse xax{com.android.chrome}
I/vgn     ( 2588): 19-GetFileDescriptorAndDelete -- metadata{ service_id: 0 }
I/Icing   (  936): Usage reports ok 0, Failed Usage reports 0, indexed 0, rejected 0, imm upload false
I/Icing   (  936): Indexing 94FBE96EEF13B8AC56FE8C01687FD8A6012559AC from com.android.chrome
I/ActivityManager( 2186): Start proc 9322:com.android.chrome/u0a35 for content provider com.android.chrome/com.google.android.apps.chrome.icing.IcingProvider
W/Wifi    ( 5337): Failed to read packet and byte counts from wifi interface
W/DynamiteModule( 9322): Local module descriptor class for com.google.android.gms.googlecertificates not found.
I/DynamiteModule( 9322): Considering local module com.google.android.gms.googlecertificates:0 and remote module com.google.android.gms.googlecertificates:4
I/DynamiteModule( 9322): Selected remote version of com.google.android.gms.googlecertificates, version >= 4
W/ResourcesManager( 9322): Asset path '/system/framework/com.android.media.remotedisplay.jar' does not exist or contains no resources.
W/ResourcesManager( 9322): Asset path '/system/framework/com.android.location.provider.jar' does not exist or contains no resources.
I/Icing   (  936): Indexing done 94FBE96EEF13B8AC56FE8C01687FD8A6012559AC
W/ctxmgr  ( 2588): [AclManager]No 2 for (accnt=account#-517948760#, com.google.android.gms(10008):PlacesProducer, vrsn=12685000, 0, 3pPkg = null ,  3pMdlId = null ,  pid = 2588). Was: 3 for 18, account#-517948760#
W/Wifi    ( 5337): Failed to read packet and byte counts from wifi interface
E/WifiStateMachine( 2186): WifiStateMachine CMD_START_SCAN source -2 txSuccessRate=30.60 rxSuccessRate=15.75 targetRoamBSSID=any RSSI=-43
E/WifiStateMachine( 2186): WifiStateMachine starting scan for "YOU SHALL NOT PASS"WPA_PSK with 2437
W/Wifi    ( 5337): Failed to read packet and byte counts from wifi interface
D/AndroidRuntime( 9357): >>>>>> START com.android.internal.os.RuntimeInit uid 2000 <<<<<<
D/AndroidRuntime( 9357): CheckJNI is OFF
W/Wifi    ( 5337): Failed to read packet and byte counts from wifi interface
D/AndroidRuntime( 9357): Calling main entry com.android.commands.am.Am
I/Trepn   (25520): Trepn 6.2s: Received intent: com.quicinc.trepn.export_to_csv; filename: Trepn_2018.06.21_192942.db; filename: HT4AMJT02334_Trepn_2018.06.21_192942.csv
D/AndroidRuntime( 9357): Shutting down VM
W/FileUtils(25520): Failed to chmod(/storage/emulated/0/trepn/Trepn_2018.06.21_192942.db): android.system.ErrnoException: chmod failed: EPERM (Operation not permitted)
W/Wifi    ( 5337): Failed to read packet and byte counts from wifi interface
W/Wifi    ( 5337): Failed to read packet and byte counts from wifi interface
W/Wifi    ( 5337): Failed to read packet and byte counts from wifi interface
W/Wifi    ( 5337): Failed to read packet and byte counts from wifi interface
W/Wifi    ( 5337): Failed to read packet and byte counts from wifi interface
W/Wifi    ( 5337): Failed to read packet and byte counts from wifi interface
W/Wifi    ( 5337): Failed to read packet and byte counts from wifi interface
W/Wifi    ( 5337): Failed to read packet and byte counts from wifi interface
W/Wifi    ( 5337): Failed to read packet and byte counts from wifi interface
W/Wifi    ( 5337): Failed to read packet and byte counts from wifi interface
W/Wifi    ( 5337): Failed to read packet and byte counts from wifi interface
W/Wifi    ( 5337): Failed to read packet and byte counts from wifi interface
W/Wifi    ( 5337): Failed to read packet and byte counts from wifi interface
W/Wifi    ( 5337): Failed to read packet and byte counts from wifi interface
W/Wifi    ( 5337): Failed to read packet and byte counts from wifi interface
W/Wifi    ( 5337): Failed to read packet and byte counts from wifi interface
W/Wifi    ( 5337): Failed to read packet and byte counts from wifi interface
W/Wifi    ( 5337): Failed to read packet and byte counts from wifi interface
E/WifiStateMachine( 2186): WifiStateMachine CMD_START_SCAN source -2 txSuccessRate=0.31 rxSuccessRate=0.55 targetRoamBSSID=any RSSI=-50
E/WifiStateMachine( 2186): WifiStateMachine starting scan for "YOU SHALL NOT PASS"WPA_PSK with 2437
W/Wifi    ( 5337): Failed to read packet and byte counts from wifi interface
W/Wifi    ( 5337): Failed to read packet and byte counts from wifi interface
W/Wifi    ( 5337): Failed to read packet and byte counts from wifi interface
W/Wifi    ( 5337): Failed to read packet and byte counts from wifi interface
W/Wifi    ( 5337): Failed to read packet and byte counts from wifi interface
W/Wifi    ( 5337): Failed to read packet and byte counts from wifi interface
W/Wifi    ( 5337): Failed to read packet and byte counts from wifi interface
W/Wifi    ( 5337): Failed to read packet and byte counts from wifi interface
W/Wifi    ( 5337): Failed to read packet and byte counts from wifi interface
W/Wifi    ( 5337): Failed to read packet and byte counts from wifi interface
W/Wifi    ( 5337): Failed to read packet and byte counts from wifi interface
I/PeopleSync(  936): Sync start: cannotHavePeople=true isPageExistenceCheckOnly=false
I/Auth    ( 2588): [ReflectiveChannelBinder] Successfully bound channel!
W/Conscrypt( 2588): Could not set socket write timeout: java.lang.reflect.InvocationTargetException
W/Conscrypt( 2588): 	at java.lang.reflect.Method.invoke(Native Method)
W/Conscrypt( 2588): 	at java.lang.reflect.Method.invoke(Method.java:372)
W/Conscrypt( 2588): Caused by: android.system.ErrnoException: setsockopt failed: EBADF (Bad file number)
W/Conscrypt( 2588): 	at libcore.io.Posix.setsockoptTimeval(Native Method)
W/Conscrypt( 2588): 	at libcore.io.ForwardingOs.setsockoptTimeval(ForwardingOs.java:147)
W/Conscrypt( 2588): Could not set socket write timeout: java.lang.reflect.InvocationTargetException
W/Conscrypt( 2588): 	at java.lang.reflect.Method.invoke(Native Method)
W/Conscrypt( 2588): 	at java.lang.reflect.Method.invoke(Method.java:372)
W/Conscrypt( 2588): Caused by: android.system.ErrnoException: setsockopt failed: EBADF (Bad file number)
W/Conscrypt( 2588): 	at libcore.io.Posix.setsockoptTimeval(Native Method)
W/Conscrypt( 2588): 	at libcore.io.ForwardingOs.setsockoptTimeval(ForwardingOs.java:147)
W/Wifi    ( 5337): Failed to read packet and byte counts from wifi interface
I/vgn     ( 2588): 35-GetDeviceDataUploadOptInStatusOperation -- metadata{ service_id: 0 }
I/art     ( 2186): Explicit concurrent mark sweep GC freed 50027(2MB) AllocSpace objects, 10(2MB) LOS objects, 33% free, 29MB/44MB, paused 781us total 120.243ms
I/vgn     ( 2588): 35-GetDeviceDataUploadOptInStatusOperation -- metadata{ service_id: 0 }
I/ActivityManager( 2186): Start proc 9381:com.google.android.videos/u0a77 for service com.google.android.videos/.service.logging.FlushLogsTaskService
W/ResourcesManager( 9381): Asset path '/system/framework/com.google.widevine.software.drm.jar' does not exist or contains no resources.
E/SQLiteLog( 9381): (283) recovered 69 frames from WAL file /data/data/com.google.android.videos/databases/purchase_store.db-wal
I/ActivityManager( 2186): Start proc 9419:com.android.vending/u0a18 for service com.android.vending/com.google.android.finsky.contentfilterui.ContentFiltersService
W/Glide   ( 9381): Failed to find GeneratedAppGlideModule. You should include an annotationProcessor compile dependency on com.github.bumptech.glide:glide:compiler in your application and a @GlideModule annotated AppGlideModule implementation or LibraryGlideModules will be silently ignored
D/WifiService( 2186): acquireWifiLockLocked: WifiLock{com.google.android.videos.service.drm.LicenseRefresher_tasks type=3 binder=android.os.BinderProxy@32809abd}
D/WifiService( 2186): releaseWifiLockLocked: WifiLock{com.google.android.videos.service.drm.LicenseRefresher_tasks type=3 binder=android.os.BinderProxy@32809abd}
W/Wifi    ( 5337): Failed to read packet and byte counts from wifi interface
W/VideoCapabilities( 9381): Unsupported mime video/mpeg2
W/AudioCapabilities( 9381): Unsupported mime audio/mpeg-L2
W/VideoCapabilities( 9381): Unrecognized level 0 for video/x-vnd.on2.vp8
I/VideoCapabilities( 9381): Unsupported profile 4 for video/mp4v-es
I/Finsky  ( 9419): [25691] com.google.android.finsky.ct.a.l.b(25): Started reading experiment flags from file [0tTSdLVFE1O4zdWuuw7alCw90j4].
I/Finsky  ( 9419): [25690] com.google.android.finsky.ct.a.l.b(25): Started reading experiment flags from file [SKocQA9EQQFTb-1gQsc5WsjVhGA].
I/Finsky  ( 9419): [25691] com.google.android.finsky.ct.a.l.b(61): Finished reading experiment flags from file [0tTSdLVFE1O4zdWuuw7alCw90j4].
I/Finsky  ( 9419): [25690] com.google.android.finsky.ct.a.l.b(61): Finished reading experiment flags from file [SKocQA9EQQFTb-1gQsc5WsjVhGA].
I/Finsky  ( 9419): [25691] com.google.android.finsky.ct.a.l.b(25): Started reading experiment flags from file [CQmb9nNGNCYSxJ4fDqYP5KpbS7Q].
I/Finsky  ( 9419): [25691] com.google.android.finsky.ct.a.l.b(61): Finished reading experiment flags from file [CQmb9nNGNCYSxJ4fDqYP5KpbS7Q].
I/Finsky  ( 9419): [1] com.google.android.finsky.wear.bk.a(14): Component class com.google.android.finsky.wear.WearSupportService enabled via PackageManager.
I/Finsky  ( 9419): [1] com.google.android.finsky.wear.bk.a(14): Component class com.google.android.finsky.wear.WearChangeListenerService enabled via PackageManager.
I/Finsky  ( 9419): [1] com.google.android.finsky.application.impl.a.dh(2506): Not a unicorn device
W/Settings( 9419): Setting download_manager_max_bytes_over_mobile has moved from android.provider.Settings.Secure to android.provider.Settings.Global.
W/Settings( 9419): Setting download_manager_recommended_max_bytes_over_mobile has moved from android.provider.Settings.Secure to android.provider.Settings.Global.
W/linker  ( 9419): libcronet.68.0.3440.8.so: unused DT entry: type 0x6ffffef5 arg 0xa4dfc
W/linker  ( 9419): libcronet.68.0.3440.8.so: unused DT entry: type 0x6ffffffe arg 0xa4d9c
W/linker  ( 9419): libcronet.68.0.3440.8.so: unused DT entry: type 0x6fffffff arg 0x3
D/ConnectivityService( 2186): listenForNetwork for NetworkRequest [ id=2160, legacyType=-1, [ Capabilities: INTERNET&NOT_RESTRICTED&TRUSTED] ]
D/ConnectivityService( 2186): handleRegisterNetworkRequest checking NetworkAgentInfo [WIFI () - 110]
D/ConnectivityService( 2186): apparently satisfied.  currentScore=60
D/ConnectivityManager.CallbackHandler( 9419): CM callback handler got msg 524290
I/cr_CronetLibraryLoader( 9419): Cronet version: 68.0.3440.8, arch: aarch64
I/Finsky  ( 9419): [1] com.google.android.finsky.scheduler.ba.<init>(18): Resetting scheduler db
I/Finsky  ( 9419): [25715] com.google.android.finsky.library.a.f.k(147): Loaded library for account: [bV0mn0Se6j8NQF4DT19QdaUy-_8]
I/Finsky  ( 9419): [25715] com.google.android.finsky.library.a.f.k(147): Loaded library for account: [P5yunbb7TLwMuMmBSoXgSFeZhaI]
I/Finsky  ( 9419): [25715] com.google.android.finsky.library.a.f.k(181): Finished loading 2 libraries.
I/Finsky  ( 9419): [1] com.google.android.finsky.splitinstallservice.bw.a(25): Connecting InstallListener to SplitInstallService broadcaster...
I/Finsky  ( 9419): [1] com.google.android.finsky.cg.a.a(48): Enabling bucket experiment: factor=1.000, zeroDelta=0ms, forceNetwork=true
I/Finsky  ( 9419): [1] com.google.android.finsky.cc.a.onTrimMemory(7): Memory trim requested to level 5
I/ActivityManager( 2186): Killing 4418:com.opera.browser:alarm_receiver/u0a85 (adj 15): empty for 2049s
I/Finsky  ( 9419): [25685] com.google.android.finsky.dm.a.a(21): Will not allow first-party apps signed by test keys
I/Finsky  ( 9419): [25685] com.google.android.finsky.contentfilterui.m.a(13): Received content filters request from com.google.android.videos
I/Finsky  ( 9419): [1] com.google.android.finsky.installer.a.ai.a(238): Installer kick - no action, not running yet
I/Finsky  ( 9419): [1] com.google.android.finsky.installer.a.r.<init>(15): Not checking if recovering from paused session because experiment is off
W/Wifi    ( 5337): Failed to read packet and byte counts from wifi interface
E/tegra_memtrack_hal( 2186): failed to read header for pid 2186: Operation not permitted
E/tegra_memtrack_hal( 2186): failed to read header for pid 2186: Operation not permitted
E/tegra_memtrack_hal( 2186): failed to read header for pid 2186: Operation not permitted
E/tegra_memtrack_hal( 2186): failed to read header for pid 2186: Operation not permitted
E/tegra_memtrack_hal( 2186): failed to read header for pid 2186: Operation not permitted
W/Wifi    ( 5337): Failed to read packet and byte counts from wifi interface
W/Wifi    ( 5337): Failed to read packet and byte counts from wifi interface
W/Wifi    ( 5337): Failed to read packet and byte counts from wifi interface
W/Conscrypt(  936): Could not set socket write timeout: java.lang.reflect.InvocationTargetException
W/Conscrypt(  936): 	at java.lang.reflect.Method.invoke(Native Method)
W/Conscrypt(  936): 	at java.lang.reflect.Method.invoke(Method.java:372)
W/Conscrypt(  936): Caused by: android.system.ErrnoException: setsockopt failed: EBADF (Bad file number)
W/Conscrypt(  936): 	at libcore.io.Posix.setsockoptTimeval(Native Method)
W/Conscrypt(  936): 	at libcore.io.ForwardingOs.setsockoptTimeval(ForwardingOs.java:147)
W/Conscrypt(  936): Could not set socket write timeout: java.lang.reflect.InvocationTargetException
W/Conscrypt(  936): 	at java.lang.reflect.Method.invoke(Native Method)
W/Conscrypt(  936): 	at java.lang.reflect.Method.invoke(Method.java:372)
W/Conscrypt(  936): Caused by: android.system.ErrnoException: setsockopt failed: EBADF (Bad file number)
W/Conscrypt(  936): 	at libcore.io.Posix.setsockoptTimeval(Native Method)
W/Conscrypt(  936): 	at libcore.io.ForwardingOs.setsockoptTimeval(ForwardingOs.java:147)
W/Wifi    ( 5337): Failed to read packet and byte counts from wifi interface
I/PeopleSync(  936): Sync finished, successful=true, took 6330 ms
I/ActivityManager( 2186): Start proc 9502:android.process.acore/u0a3 for content provider com.android.providers.contacts/.ContactsProvider2
I/ContactLocale( 9502): AddressBook Labels [en-US]: [, A, B, C, D, E, F, G, H, I, J, K, L, M, N, O, P, Q, R, S, T, U, V, W, X, Y, Z, , , , , , , , , , , , , , , , , , , , , , , , , , , , , , , , , , , , , , , , , , , , , , , , , , , , , , , , , , , , , , , , , , , , , , , , , , , , , , , , , , , , , , , , , , , , , , , , , , , , , , , , , , , , , , , , , , , , , , , , , , , , , , , , , , , , , , , , , , , , , , , , , , , , , , , , , , , , , , , , , , , , , , , , , , , , , , , , , , , , , , , , , , , , #, ]
I/PeopleContactsSync(  936): CP2 cleanup done, kept= duration=294 ms
I/PeopleSync(  936): Sync start: cannotHavePeople=false isPageExistenceCheckOnly=false
W/Wifi    ( 5337): Failed to read packet and byte counts from wifi interface
W/Wifi    ( 5337): Failed to read packet and byte counts from wifi interface
I/PeopleSync(  936): Sync finished, successful=true, took 1671 ms
I/PeopleContactsSync(  936): CP2 cleanup done, kept= duration=17 ms
E/WifiStateMachine( 2186): WifiStateMachine CMD_START_SCAN source -2 txSuccessRate=25.63 rxSuccessRate=26.44 targetRoamBSSID=any RSSI=-53
E/WifiStateMachine( 2186): WifiStateMachine starting scan for "YOU SHALL NOT PASS"WPA_PSK with 2437
W/Wifi    ( 5337): Failed to read packet and byte counts from wifi interface
W/Wifi    ( 5337): Failed to read packet and byte counts from wifi interface
W/Wifi    ( 5337): Failed to read packet and byte counts from wifi interface
E/Finsky  ( 9419): [25692] com.google.android.finsky.am.c.a(34): Unable to build selector: /storage/emulated/0/Download/marketenvs.csv: open failed: ENOENT (No such file or directory)
I/Finsky  ( 9419): [25722] com.google.android.finsky.ct.a.a.a.b(90): Triggered update for experiment package com.google.android.finsky.stable.
I/Finsky  ( 9419): [1] com.google.android.finsky.wear.WearSupportService.onStartCommand(26): Starting WearSupportService for send_installed_apps
I/Finsky  ( 9419): [1] com.google.android.finsky.wear.x.a(18): Connecting to wearable
I/Finsky  ( 9419): [25722] com.google.android.finsky.ct.a.a.a.b(111): Already at the latest configurations for experiment package com.google.android.finsky.stable.
I/Finsky  ( 9419): [25722] com.google.android.finsky.ct.a.a.a.b(90): Triggered update for experiment package com.google.android.finsky.regular.
I/WearableService( 2588): Wearable Services not starting - Wear is not available on this device.
I/Finsky  ( 9419): [25722] com.google.android.finsky.ct.a.l.b(25): Started reading experiment flags from file [v6B-2IolLQRBwrwPhscSaeg04As].
I/Finsky  ( 9419): [25722] com.google.android.finsky.ct.a.l.b(61): Finished reading experiment flags from file [v6B-2IolLQRBwrwPhscSaeg04As].
I/Finsky  ( 9419): [25722] com.google.android.finsky.ct.a.a.a.b(111): Already at the latest configurations for experiment package com.google.android.finsky.regular.
I/Finsky  ( 9419): [25718] com.google.android.finsky.ct.a.a.a.b(90): Triggered update for experiment package com.google.android.finsky.regular.
W/WearableService( 2588): onGetService - Wear is not available on this device.
E/Finsky  ( 9419): [1] com.google.android.finsky.wear.y.a(3): onConnectionFailed: ConnectionResult{statusCode=API_UNAVAILABLE, resolution=null, message=null}
W/Finsky  ( 9419): [1] com.google.android.finsky.wear.x.b(31): GoogleApiClient instance is not connected when requested
W/Finsky  ( 9419): [1] com.google.android.finsky.wear.dq.run(16): Dropping command=send_installed_apps due to Gms not connected
I/Finsky  ( 9419): [1] com.google.android.finsky.wear.WearSupportService.b(65): Stopping WearSupportService
I/Finsky  ( 9419): [25718] com.google.android.finsky.ct.a.a.a.b(111): Already at the latest configurations for experiment package com.google.android.finsky.regular.
I/Finsky  ( 9419): [25721] com.google.android.finsky.ct.a.a.a.b(90): Triggered update for experiment package com.google.android.finsky.regular.
I/Finsky  ( 9419): [25721] com.google.android.finsky.ct.a.a.a.b(111): Already at the latest configurations for experiment package com.google.android.finsky.regular.
I/ShortcutBadger( 9419): Checking if platform supports badge counters, attempt 1/3.
I/Finsky  ( 9419): [25722] com.google.android.finsky.verifier.impl.au.a(7): Restoring notifications
I/ShortcutBadger( 9419): Checking if platform supports badge counters, attempt 2/3.
I/ShortcutBadger( 9419): Checking if platform supports badge counters, attempt 3/3.
W/ShortcutBadger( 9419): Badge counter seems not supported in this platform: unable to resolve intent: Intent { act=android.intent.action.BADGE_COUNT_UPDATE (has extras) }
I/Finsky  ( 9419): [1] com.google.android.finsky.verifier.impl.au.c(24): Done restoring notifications
I/Finsky  ( 9419): [1] com.google.android.finsky.setup.aw.run(25): Detected restoreservicev2://recovery not needed, will not run
W/Wifi    ( 5337): Failed to read packet and byte counts from wifi interface
W/Wifi    ( 5337): Failed to read packet and byte counts from wifi interface
W/Wifi    ( 5337): Failed to read packet and byte counts from wifi interface
W/Wifi    ( 5337): Failed to read packet and byte counts from wifi interface
W/Wifi    ( 5337): Failed to read packet and byte counts from wifi interface
I/WearableService( 2588): Wearable Services stopping
W/Wifi    ( 5337): Failed to read packet and byte counts from wifi interface
W/Wifi    ( 5337): Failed to read packet and byte counts from wifi interface
W/Wifi    ( 5337): Failed to read packet and byte counts from wifi interface
W/Wifi    ( 5337): Failed to read packet and byte counts from wifi interface
W/Wifi    ( 5337): Failed to read packet and byte counts from wifi interface
W/Wifi    ( 5337): Failed to read packet and byte counts from wifi interface
W/Wifi    ( 5337): Failed to read packet and byte counts from wifi interface
W/Wifi    ( 5337): Failed to read packet and byte counts from wifi interface
W/Wifi    ( 5337): Failed to read packet and byte counts from wifi interface
W/Wifi    ( 5337): Failed to read packet and byte counts from wifi interface
W/Wifi    ( 5337): Failed to read packet and byte counts from wifi interface
E/WakeLock( 2588): release without a matched acquire!
W/Wifi    ( 5337): Failed to read packet and byte counts from wifi interface
E/WifiStateMachine( 2186): WifiStateMachine CMD_START_SCAN source -2 txSuccessRate=0.13 rxSuccessRate=0.12 targetRoamBSSID=any RSSI=-53
E/WifiStateMachine( 2186): WifiStateMachine starting scan for "YOU SHALL NOT PASS"WPA_PSK with 2437
W/Wifi    ( 5337): Failed to read packet and byte counts from wifi interface
W/Wifi    ( 5337): Failed to read packet and byte counts from wifi interface
W/Wifi    ( 5337): Failed to read packet and byte counts from wifi interface
W/Wifi    ( 5337): Failed to read packet and byte counts from wifi interface
W/Wifi    ( 5337): Failed to read packet and byte counts from wifi interface
W/Wifi    ( 5337): Failed to read packet and byte counts from wifi interface
W/Wifi    ( 5337): Failed to read packet and byte counts from wifi interface
W/Wifi    ( 5337): Failed to read packet and byte counts from wifi interface
W/Wifi    ( 5337): Failed to read packet and byte counts from wifi interface
W/Wifi    ( 5337): Failed to read packet and byte counts from wifi interface
W/Wifi    ( 5337): Failed to read packet and byte counts from wifi interface
W/Wifi    ( 5337): Failed to read packet and byte counts from wifi interface
W/Wifi    ( 5337): Failed to read packet and byte counts from wifi interface
W/Wifi    ( 5337): Failed to read packet and byte counts from wifi interface
W/Wifi    ( 5337): Failed to read packet and byte counts from wifi interface
W/Wifi    ( 5337): Failed to read packet and byte counts from wifi interface
W/Wifi    ( 5337): Failed to read packet and byte counts from wifi interface
W/Wifi    ( 5337): Failed to read packet and byte counts from wifi interface
W/Wifi    ( 5337): Failed to read packet and byte counts from wifi interface
W/Wifi    ( 5337): Failed to read packet and byte counts from wifi interface
E/WifiStateMachine( 2186): WifiStateMachine CMD_START_SCAN source -2 txSuccessRate=0.04 rxSuccessRate=0.10 targetRoamBSSID=any RSSI=-54
E/WifiStateMachine( 2186): WifiStateMachine starting scan for "YOU SHALL NOT PASS"WPA_PSK with 2437
W/Wifi    ( 5337): Failed to read packet and byte counts from wifi interface
W/Wifi    ( 5337): Failed to read packet and byte counts from wifi interface
W/Wifi    ( 5337): Failed to read packet and byte counts from wifi interface
W/Wifi    ( 5337): Failed to read packet and byte counts from wifi interface
W/Wifi    ( 5337): Failed to read packet and byte counts from wifi interface
W/Wifi    ( 5337): Failed to read packet and byte counts from wifi interface
W/Wifi    ( 5337): Failed to read packet and byte counts from wifi interface
W/Wifi    ( 5337): Failed to read packet and byte counts from wifi interface
W/Wifi    ( 5337): Failed to read packet and byte counts from wifi interface
W/Wifi    ( 5337): Failed to read packet and byte counts from wifi interface
W/Wifi    ( 5337): Failed to read packet and byte counts from wifi interface
W/Wifi    ( 5337): Failed to read packet and byte counts from wifi interface
I/art     ( 2186): Explicit concurrent mark sweep GC freed 56651(2MB) AllocSpace objects, 4(2MB) LOS objects, 33% free, 27MB/40MB, paused 1.575ms total 147.295ms
I/vgn     ( 2588): 35-GetDeviceDataUploadOptInStatusOperation -- metadata{ service_id: 0 }
I/vgn     ( 2588): 35-GetDeviceDataUploadOptInStatusOperation -- metadata{ service_id: 0 }
W/Wifi    ( 5337): Failed to read packet and byte counts from wifi interface
W/Wifi    ( 5337): Failed to read packet and byte counts from wifi interface
W/Wifi    ( 5337): Failed to read packet and byte counts from wifi interface
W/Wifi    ( 5337): Failed to read packet and byte counts from wifi interface
W/Wifi    ( 5337): Failed to read packet and byte counts from wifi interface
W/Wifi    ( 5337): Failed to read packet and byte counts from wifi interface
W/Wifi    ( 5337): Failed to read packet and byte counts from wifi interface
W/Wifi    ( 5337): Failed to read packet and byte counts from wifi interface
E/WifiStateMachine( 2186): WifiStateMachine CMD_START_SCAN source -2 txSuccessRate=0.00 rxSuccessRate=0.50 targetRoamBSSID=any RSSI=-61
W/Wifi    ( 5337): Failed to read packet and byte counts from wifi interface
W/ctxmgr  ( 2588): [AclManager]No 2 for (accnt=account#-517948760#, com.google.android.gms(10008):IndoorOutdoorProducer, vrsn=12685000, 0, 3pPkg = null ,  3pMdlId = null ,  pid = 2588). Was: 3 for 57, account#-517948760#
W/Wifi    ( 5337): Failed to read packet and byte counts from wifi interface
W/Wifi    ( 5337): Failed to read packet and byte counts from wifi interface
W/Wifi    ( 5337): Failed to read packet and byte counts from wifi interface
W/Wifi    ( 5337): Failed to read packet and byte counts from wifi interface
W/Wifi    ( 5337): Failed to read packet and byte counts from wifi interface
W/Wifi    ( 5337): Failed to read packet and byte counts from wifi interface
W/Wifi    ( 5337): Failed to read packet and byte counts from wifi interface
W/Wifi    ( 5337): Failed to read packet and byte counts from wifi interface
W/Wifi    ( 5337): Failed to read packet and byte counts from wifi interface
W/Wifi    ( 5337): Failed to read packet and byte counts from wifi interface
W/Wifi    ( 5337): Failed to read packet and byte counts from wifi interface
W/Wifi    ( 5337): Failed to read packet and byte counts from wifi interface
W/Wifi    ( 5337): Failed to read packet and byte counts from wifi interface
W/Wifi    ( 5337): Failed to read packet and byte counts from wifi interface
W/Wifi    ( 5337): Failed to read packet and byte counts from wifi interface
W/Wifi    ( 5337): Failed to read packet and byte counts from wifi interface
W/Wifi    ( 5337): Failed to read packet and byte counts from wifi interface
W/Wifi    ( 5337): Failed to read packet and byte counts from wifi interface
W/Wifi    ( 5337): Failed to read packet and byte counts from wifi interface
E/WifiStateMachine( 2186): WifiStateMachine CMD_START_SCAN source -2 txSuccessRate=0.00 rxSuccessRate=0.56 targetRoamBSSID=any RSSI=-53
E/WifiStateMachine( 2186): WifiStateMachine starting scan for "YOU SHALL NOT PASS"WPA_PSK with 2437
W/Wifi    ( 5337): Failed to read packet and byte counts from wifi interface
W/Wifi    ( 5337): Failed to read packet and byte counts from wifi interface
W/Wifi    ( 5337): Failed to read packet and byte counts from wifi interface
W/Wifi    ( 5337): Failed to read packet and byte counts from wifi interface
W/Wifi    ( 5337): Failed to read packet and byte counts from wifi interface
W/Wifi    ( 5337): Failed to read packet and byte counts from wifi interface
W/Wifi    ( 5337): Failed to read packet and byte counts from wifi interface
W/Wifi    ( 5337): Failed to read packet and byte counts from wifi interface
W/Wifi    ( 5337): Failed to read packet and byte counts from wifi interface
W/Wifi    ( 5337): Failed to read packet and byte counts from wifi interface
W/Wifi    ( 5337): Failed to read packet and byte counts from wifi interface
W/Wifi    ( 5337): Failed to read packet and byte counts from wifi interface
W/Wifi    ( 5337): Failed to read packet and byte counts from wifi interface
W/Wifi    ( 5337): Failed to read packet and byte counts from wifi interface
W/Wifi    ( 5337): Failed to read packet and byte counts from wifi interface
D/AndroidRuntime( 9550): >>>>>> START com.android.internal.os.RuntimeInit uid 2000 <<<<<<
D/AndroidRuntime( 9550): CheckJNI is OFF
D/AndroidRuntime( 9550): Calling main entry com.android.commands.am.Am
I/Trepn   (25520): Trepn 6.2s: Received intent: com.quicinc.trepn.stop_profiling
D/AndroidRuntime( 9550): Shutting down VM
W/Wifi    ( 5337): Failed to read packet and byte counts from wifi interface
D/AndroidRuntime( 9570): >>>>>> START com.android.internal.os.RuntimeInit uid 2000 <<<<<<
D/AndroidRuntime( 9570): CheckJNI is OFF
D/AndroidRuntime( 9570): Calling main entry com.android.commands.am.Am
D/AndroidRuntime( 9570): Shutting down VM
I/ActivityManager( 2186): Killing 25520:com.quicinc.trepn/u0a91 (adj 15): empty for 6450s
W/Wifi    ( 5337): Failed to read packet and byte counts from wifi interface
D/AndroidRuntime( 9584): >>>>>> START com.android.internal.os.RuntimeInit uid 2000 <<<<<<
D/AndroidRuntime( 9584): CheckJNI is OFF
D/AndroidRuntime( 9584): Calling main entry com.android.commands.am.Am
I/ActivityManager( 2186): Force stopping com.android.chrome appid=10035 user=0: from pid 9584
I/ActivityManager( 2186): Killing 9322:com.android.chrome/u0a35 (adj 11): stop com.android.chrome
W/ActivityManager( 2186): Spurious death for ProcessRecord{4986259 9322:com.android.chrome/u0a35}, curProc for 9322: null
D/AndroidRuntime( 9584): Shutting down VM
W/Wifi    ( 5337): Failed to read packet and byte counts from wifi interface
D/AndroidRuntime( 9596): >>>>>> START com.android.internal.os.RuntimeInit uid 2000 <<<<<<
D/AndroidRuntime( 9596): CheckJNI is OFF
D/AndroidRuntime( 9596): Calling main entry com.android.commands.pm.Pm
I/ActivityManager( 2186): Force stopping com.android.chrome appid=10035 user=0: clear data
I/GeofencerStateMachine( 2588): removeGeofences: removeRequest=RemoveGeofencingRequest[REMOVE_ALL packageName=com.android.chrome]
D/Documents( 1786): Update found 8 roots in 19ms
I/LocationSettingsChecker(  936): Removing dialog suppression flag for package com.android.chrome
I/Icing   (  936): doRemovePackageData com.android.chrome
I/Icing   (  936): Removing corpus key 94FBE96EEF13B8AC56FE8C01687FD8A6012559AC for package com.android.chrome
I/art     ( 9596): System.exit called, status: 0
I/AndroidRuntime( 9596): VM exiting with result code 0.
I/Icing   (  936): updateResources: need to parse xax{com.android.chrome}
I/Icing   (  936): Indexing 94FBE96EEF13B8AC56FE8C01687FD8A6012559AC from com.android.chrome
I/ActivityManager( 2186): Start proc 9624:com.android.chrome/u0a35 for content provider com.android.chrome/com.google.android.apps.chrome.icing.IcingProvider
I/art     (  214): Explicit concurrent mark sweep GC freed 706(30KB) AllocSpace objects, 0(0B) LOS objects, 39% free, 7MB/11MB, paused 151us total 9.832ms
I/art     (  214): Explicit concurrent mark sweep GC freed 5(160B) AllocSpace objects, 0(0B) LOS objects, 39% free, 7MB/11MB, paused 158us total 11.617ms
I/art     (  214): Explicit concurrent mark sweep GC freed 5(160B) AllocSpace objects, 0(0B) LOS objects, 39% free, 7MB/11MB, paused 150us total 8.892ms
W/DynamiteModule( 9624): Local module descriptor class for com.google.android.gms.googlecertificates not found.
I/DynamiteModule( 9624): Considering local module com.google.android.gms.googlecertificates:0 and remote module com.google.android.gms.googlecertificates:4
I/DynamiteModule( 9624): Selected remote version of com.google.android.gms.googlecertificates, version >= 4
W/ResourcesManager( 9624): Asset path '/system/framework/com.android.media.remotedisplay.jar' does not exist or contains no resources.
W/ResourcesManager( 9624): Asset path '/system/framework/com.android.location.provider.jar' does not exist or contains no resources.
W/Wifi    ( 5337): Failed to read packet and byte counts from wifi interface
I/Icing   (  936): Indexing done 94FBE96EEF13B8AC56FE8C01687FD8A6012559AC
W/Wifi    ( 5337): Failed to read packet and byte counts from wifi interface
E/WifiStateMachine( 2186): WifiStateMachine CMD_START_SCAN source -2 txSuccessRate=0.00 rxSuccessRate=0.00 targetRoamBSSID=any RSSI=-57
E/WifiStateMachine( 2186): WifiStateMachine starting scan for "YOU SHALL NOT PASS"WPA_PSK with 2437
W/Wifi    ( 5337): Failed to read packet and byte counts from wifi interface
W/Wifi    ( 5337): Failed to read packet and byte counts from wifi interface
W/Wifi    ( 5337): Failed to read packet and byte counts from wifi interface
W/Wifi    ( 5337): Failed to read packet and byte counts from wifi interface
W/Wifi    ( 5337): Failed to read packet and byte counts from wifi interface
W/Wifi    ( 5337): Failed to read packet and byte counts from wifi interface
W/Wifi    ( 5337): Failed to read packet and byte counts from wifi interface
W/Wifi    ( 5337): Failed to read packet and byte counts from wifi interface
W/Wifi    ( 5337): Failed to read packet and byte counts from wifi interface
W/Wifi    ( 5337): Failed to read packet and byte counts from wifi interface
W/Wifi    ( 5337): Failed to read packet and byte counts from wifi interface
W/Wifi    ( 5337): Failed to read packet and byte counts from wifi interface
W/Wifi    ( 5337): Failed to read packet and byte counts from wifi interface
W/Wifi    ( 5337): Failed to read packet and byte counts from wifi interface
W/Wifi    ( 5337): Failed to read packet and byte counts from wifi interface
W/Wifi    ( 5337): Failed to read packet and byte counts from wifi interface
W/Wifi    ( 5337): Failed to read packet and byte counts from wifi interface
W/Wifi    ( 5337): Failed to read packet and byte counts from wifi interface
W/Wifi    ( 5337): Failed to read packet and byte counts from wifi interface
W/Wifi    ( 5337): Failed to read packet and byte counts from wifi interface
E/WifiStateMachine( 2186): WifiStateMachine CMD_START_SCAN source -2 txSuccessRate=0.00 rxSuccessRate=0.53 targetRoamBSSID=any RSSI=-53
E/WifiStateMachine( 2186): WifiStateMachine starting scan for "YOU SHALL NOT PASS"WPA_PSK with 2437
W/Wifi    ( 5337): Failed to read packet and byte counts from wifi interface
W/Wifi    ( 5337): Failed to read packet and byte counts from wifi interface
W/Wifi    ( 5337): Failed to read packet and byte counts from wifi interface
W/Wifi    ( 5337): Failed to read packet and byte counts from wifi interface
W/Wifi    ( 5337): Failed to read packet and byte counts from wifi interface
W/Wifi    ( 5337): Failed to read packet and byte counts from wifi interface
W/Wifi    ( 5337): Failed to read packet and byte counts from wifi interface
