W/ActivityManager( 2186): 	at com.android.server.am.ActivityManagerService.forceStopPackageLocked(ActivityManagerService.java:5499)
W/ActivityManager( 2186): 	at com.android.server.am.ActivityManagerService.forceStopPackage(ActivityManagerService.java:5309)
W/ActivityManager( 2186): 	at android.app.ActivityManagerNative.onTransact(ActivityManagerNative.java:1461)
W/ActivityManager( 2186): 	at com.android.server.am.ActivityManagerService.onTransact(ActivityManagerService.java:2208)
W/ActivityManager( 2186): 	at android.os.Binder.execTransact(Binder.java:446)
I/ActivityManager( 2186): Killing 5523:com.android.chrome:sandboxed_process0/u0a35i799 (adj 9): isolated not needed
W/libprocessgroup( 2186): failed to open /acct/uid_10035/pid_5523/cgroup.procs: No such file or directory
W/ActivityManager( 2186): Force removing ActivityRecord{1b7ae6e8 u0 com.android.chrome/org.chromium.chrome.browser.ChromeTabbedActivity t7650}: app died, no saved state
I/ActivityManager( 2186): Killing 5650:com.android.chrome:sandboxed_process2/u0a35i801 (adj 9): isolated not needed
W/libprocessgroup( 2186): failed to open /acct/uid_10035/pid_5650/cgroup.procs: No such file or directory
W/ActivityManager( 2186): Spurious death for ProcessRecord{19f156fc 5452:com.android.chrome:privileged_process0/u0a35}, curProc for 5452: null
W/ActivityManager( 2186): Spurious death for ProcessRecord{1a12d228 5381:com.android.chrome/u0a35}, curProc for 5381: null
W/InputMethodManagerService( 2186): Got RemoteException sending setActive(false) notification to pid 5381 uid 10035
I/ActivityManager( 2186): Force stopping com.android.chrome appid=10035 user=0: clear data
D/TaskPersister( 2186): removeObsoleteFile: deleting file=7650_task.xml
D/TaskPersister( 2186): removeObsoleteFile: deleting file=7650_task_thumbnail.png
I/ActivityManager( 2186): Start proc 5798:com.android.chrome/u0a35 for content provider com.android.chrome/com.google.android.apps.chrome.icing.IcingProvider
W/ResourcesManager( 5798): Asset path '/system/framework/com.android.media.remotedisplay.jar' does not exist or contains no resources.
W/ResourcesManager( 5798): Asset path '/system/framework/com.android.location.provider.jar' does not exist or contains no resources.
W/FileUtils(25520): Failed to chmod(/storage/emulated/0/trepn/Trepn_2018.06.21_190441.db): android.system.ErrnoException: chmod failed: EPERM (Operation not permitted)
I/ActivityManager( 2186): Force stopping com.android.chrome appid=10035 user=0: from pid 5856
I/ActivityManager( 2186): Killing 5798:com.android.chrome/u0a35 (adj 9): stop com.android.chrome
W/ActivityManager( 2186): Spurious death for ProcessRecord{339b90a1 5798:com.android.chrome/u0a35}, curProc for 5798: null
I/ActivityManager( 2186): START u0 {act=android.intent.action.VIEW flg=0x10008000 cmp=com.android.chrome/com.google.android.apps.chrome.Main} from uid 2000 on display 0
V/WindowManager( 2186): addAppToken: AppWindowToken{d4a5b4 token=Token{1b8d4287 ActivityRecord{1cd3d2c6 u0 com.android.chrome/com.google.android.apps.chrome.Main t7652}}} to stack=1 task=7652 at 0
I/ActivityManager( 2186): Start proc 5868:com.android.chrome/u0a35 for activity com.android.chrome/com.google.android.apps.chrome.Main
W/ResourcesManager( 5868): Asset path '/system/framework/com.android.media.remotedisplay.jar' does not exist or contains no resources.
W/ResourcesManager( 5868): Asset path '/system/framework/com.android.location.provider.jar' does not exist or contains no resources.
I/ActivityManager( 2186): START u0 {cmp=com.android.chrome/org.chromium.chrome.browser.firstrun.FirstRunActivity (has extras)} from uid 10035 on display 0
V/WindowManager( 2186): addAppToken: AppWindowToken{da4a395 token=Token{3d42f74c ActivityRecord{3ed1fb7f u0 com.android.chrome/org.chromium.chrome.browser.firstrun.FirstRunActivity t7653}}} to stack=1 task=7653 at 0
V/WindowManager( 2186): Based on layer: Adding window Window{2c76b04d u0 com.android.chrome/org.chromium.chrome.browser.firstrun.FirstRunActivity} at 3 of 16
I/ActivityManager( 2186): Start proc 5895:com.android.chrome:sandboxed_process0/u0i804 for service com.android.chrome/org.chromium.content.app.SandboxedProcessService0
I/ActivityManager( 2186): Start proc 5939:com.android.chrome:privileged_process0/u0a35 for service com.android.chrome/org.chromium.content.app.PrivilegedProcessService0
D/ConnectivityService( 2186): listenForNetwork for NetworkRequest [ id=2132, legacyType=-1, [ Capabilities: INTERNET&NOT_RESTRICTED&TRUSTED] ]
D/ConnectivityService( 2186): handleRegisterNetworkRequest checking NetworkAgentInfo [WIFI () - 110]
D/ConnectivityService( 2186): apparently satisfied.  currentScore=60
D/ConnectivityService( 2186): listenForNetwork for NetworkRequest [ id=2133, legacyType=-1, [ Capabilities: INTERNET&NOT_RESTRICTED&TRUSTED] ]
D/ConnectivityService( 2186): handleRegisterNetworkRequest checking NetworkAgentInfo [WIFI () - 110]
D/ConnectivityService( 2186): apparently satisfied.  currentScore=60
W/libprocessgroup( 2186): failed to open /acct/uid_10035/pid_5895/cgroup.procs: No such file or directory
I/ActivityManager( 2186): Process com.android.chrome:sandboxed_process0 (pid 5895) has died
W/ActivityManager( 2186): Scheduling restart of crashed service com.android.chrome/org.chromium.content.app.SandboxedProcessService0 in 1000ms
I/ActivityManager( 2186): START u0 {act=android.intent.action.VIEW flg=0x10808000 cmp=com.android.chrome/com.google.android.apps.chrome.Main (has extras)} from uid 10035 on display 0
V/WindowManager( 2186): addAppToken: AppWindowToken{39da105b token=Token{2846a36a ActivityRecord{1bf26d55 u0 com.android.chrome/com.google.android.apps.chrome.Main t7654}}} to stack=1 task=7654 at 0
D/ConnectivityService( 2186): releasing NetworkRequest NetworkRequest [ id=2133, legacyType=-1, [ Capabilities: INTERNET&NOT_RESTRICTED&TRUSTED] ]
D/ConnectivityService( 2186): listenForNetwork for NetworkRequest [ id=2134, legacyType=-1, [ Capabilities: INTERNET&NOT_RESTRICTED&TRUSTED] ]
D/ConnectivityService( 2186): handleRegisterNetworkRequest checking NetworkAgentInfo [WIFI () - 110]
D/ConnectivityService( 2186): apparently satisfied.  currentScore=60
I/ActivityManager( 2186): START u0 {act=android.intent.action.VIEW flg=0x14002000 cmp=com.android.chrome/org.chromium.chrome.browser.ChromeTabbedActivity (has extras)} from uid 10035 on display 0
V/WindowManager( 2186): addAppToken: AppWindowToken{f1435c2 token=Token{31fbf20d ActivityRecord{3d7514a4 u0 com.android.chrome/org.chromium.chrome.browser.ChromeTabbedActivity t7655}}} to stack=1 task=7655 at 0
V/WindowManager( 2186): Based on layer: Adding window Window{3ffbc64b u0 Starting com.android.chrome} at 4 of 17
I/ActivityManager( 2186): Start proc 6011:com.android.chrome:sandboxed_process0/u0i805 for service com.android.chrome/org.chromium.content.app.SandboxedProcessService0
V/WindowManager( 2186): Adding window Window{69b1f79 u0 com.android.chrome/org.chromium.chrome.browser.ChromeTabbedActivity} at 4 of 18 (before Window{3ffbc64b u0 Starting com.android.chrome})
V/WindowManager( 2186): Adding window Window{1be3446c u0 SurfaceView} at 4 of 19 (before Window{69b1f79 u0 com.android.chrome/org.chromium.chrome.browser.ChromeTabbedActivity})
I/ActivityManager( 2186): Start proc 6055:com.android.chrome:sandboxed_process1/u0i806 for service com.android.chrome/org.chromium.content.app.SandboxedProcessService1
I/ActivityManager( 2186): Activity reported stop, but no longer stopping: ActivityRecord{3ed1fb7f u0 com.android.chrome/org.chromium.chrome.browser.firstrun.FirstRunActivity t7653 f}
D/TaskPersister( 2186): removeObsoleteFile: deleting file=7653_task_thumbnail.png
W/libprocessgroup( 2186): failed to open /acct/uid_10035/pid_6055/cgroup.procs: No such file or directory
I/ActivityManager( 2186): Process com.android.chrome:sandboxed_process1 (pid 6055) has died
W/ActivityManager( 2186): Scheduling restart of crashed service com.android.chrome/org.chromium.content.app.SandboxedProcessService1 in 1000ms
W/FileUtils(25520): Failed to chmod(/storage/emulated/0/trepn/Trepn_2018.06.21_190816.db): android.system.ErrnoException: chmod failed: EPERM (Operation not permitted)
I/ActivityManager( 2186): START u0 {act=android.intent.action.VIEW dat=https://few.vu.nl/~ktn470/android/index.11.html flg=0x10000000 cmp=com.android.chrome/com.google.android.apps.chrome.Main} from uid 2000 on display 0
V/WindowManager( 2186): addAppToken: AppWindowToken{184d1d89 token=Token{13021090 ActivityRecord{398c5f53 u0 com.android.chrome/com.google.android.apps.chrome.Main t7656}}} to stack=1 task=7656 at 0
D/ConnectivityService( 2186): releasing NetworkRequest NetworkRequest [ id=2134, legacyType=-1, [ Capabilities: INTERNET&NOT_RESTRICTED&TRUSTED] ]
D/ConnectivityService( 2186): listenForNetwork for NetworkRequest [ id=2135, legacyType=-1, [ Capabilities: INTERNET&NOT_RESTRICTED&TRUSTED] ]
D/ConnectivityService( 2186): handleRegisterNetworkRequest checking NetworkAgentInfo [WIFI () - 110]
D/ConnectivityService( 2186): apparently satisfied.  currentScore=60
I/ActivityManager( 2186): START u0 {act=android.intent.action.VIEW dat=https://few.vu.nl/~ktn470/android/index.11.html flg=0x14002000 cmp=com.android.chrome/org.chromium.chrome.browser.ChromeTabbedActivity (has extras)} from uid 10035 on display 0
W/InputMethodManagerService( 2186): Window already focused, ignoring focus gain of: com.android.internal.view.IInputMethodClient$Stub$Proxy@26e665cb attribute=null, token = android.os.BinderProxy@3a002440
I/ActivityManager( 2186): Start proc 6138:com.android.chrome:sandboxed_process2/u0i807 for service com.android.chrome/org.chromium.content.app.SandboxedProcessService2
I/ActivityManager( 2186): Start proc 6168:com.android.chrome:sandboxed_process3/u0i808 for service com.android.chrome/org.chromium.content.app.SandboxedProcessService3
W/libprocessgroup( 2186): failed to open /acct/uid_10035/pid_6168/cgroup.procs: No such file or directory
I/ActivityManager( 2186): Process com.android.chrome:sandboxed_process3 (pid 6168) has died
W/ActivityManager( 2186): Scheduling restart of crashed service com.android.chrome/org.chromium.content.app.SandboxedProcessService3 in 1000ms
I/ActivityManager( 2186): Start proc 6188:com.android.chrome:sandboxed_process4/u0i809 for service com.android.chrome/org.chromium.content.app.SandboxedProcessService4
W/libprocessgroup( 2186): failed to open /acct/uid_10035/pid_6188/cgroup.procs: No such file or directory
I/ActivityManager( 2186): Process com.android.chrome:sandboxed_process4 (pid 6188) has died
W/ActivityManager( 2186): Scheduling restart of crashed service com.android.chrome/org.chromium.content.app.SandboxedProcessService4 in 1000ms
I/ActivityManager( 2186): Force stopping com.android.chrome appid=10035 user=0: from pid 6237
I/ActivityManager( 2186): Killing 5939:com.android.chrome:privileged_process0/u0a35 (adj 0): stop com.android.chrome
W/ActivityManager( 2186): Scheduling restart of crashed service com.android.chrome/org.chromium.content.app.PrivilegedProcessService0 in 1000ms
I/ActivityManager( 2186): Killing 5868:com.android.chrome/u0a35 (adj 0): stop com.android.chrome
I/WindowState( 2186): WIN DEATH: Window{1be3446c u0 SurfaceView}
D/ConnectivityService( 2186): ConnectivityService NetworkRequestInfo binderDied(NetworkRequest [ id=2132, legacyType=-1, [ Capabilities: INTERNET&NOT_RESTRICTED&TRUSTED] ], android.os.BinderProxy@2aa6ca81)
D/ConnectivityService( 2186): releasing NetworkRequest NetworkRequest [ id=2132, legacyType=-1, [ Capabilities: INTERNET&NOT_RESTRICTED&TRUSTED] ]
D/ConnectivityService( 2186): ConnectivityService NetworkRequestInfo binderDied(NetworkRequest [ id=2135, legacyType=-1, [ Capabilities: INTERNET&NOT_RESTRICTED&TRUSTED] ], android.os.BinderProxy@1b7db726)
E/ConnectivityService( 2186): RemoteException caught trying to send a callback msg for NetworkRequest [ id=2132, legacyType=-1, [ Capabilities: INTERNET&NOT_RESTRICTED&TRUSTED] ]
D/ConnectivityService( 2186): releasing NetworkRequest NetworkRequest [ id=2135, legacyType=-1, [ Capabilities: INTERNET&NOT_RESTRICTED&TRUSTED] ]
E/ConnectivityService( 2186): RemoteException caught trying to send a callback msg for NetworkRequest [ id=2135, legacyType=-1, [ Capabilities: INTERNET&NOT_RESTRICTED&TRUSTED] ]
I/WindowState( 2186): WIN DEATH: Window{69b1f79 u0 com.android.chrome/org.chromium.chrome.browser.ChromeTabbedActivity}
W/ActivityManager( 2186): Exception when unbinding service com.android.chrome/org.chromium.content.app.SandboxedProcessService0
W/ActivityManager( 2186): android.os.DeadObjectException
W/ActivityManager( 2186): 	at android.os.BinderProxy.transactNative(Native Method)
W/ActivityManager( 2186): 	at android.os.BinderProxy.transact(Binder.java:496)
W/ActivityManager( 2186): 	at android.app.ApplicationThreadProxy.scheduleUnbindService(ApplicationThreadNative.java:921)
W/ActivityManager( 2186): 	at com.android.server.am.ActiveServices.removeConnectionLocked(ActiveServices.java:1795)
W/ActivityManager( 2186): 	at com.android.server.am.ActiveServices.killServicesLocked(ActiveServices.java:2193)
W/ActivityManager( 2186): 	at com.android.server.am.ActivityManagerService.cleanUpApplicationRecordLocked(ActivityManagerService.java:14895)
W/ActivityManager( 2186): 	at com.android.server.am.ActivityManagerService.handleAppDiedLocked(ActivityManagerService.java:4552)
W/ActivityManager( 2186): 	at com.android.server.am.ActivityManagerService.removeProcessLocked(ActivityManagerService.java:5789)
W/ActivityManager( 2186): 	at com.android.server.am.ActivityManagerService.killPackageProcessesLocked(ActivityManagerService.java:5594)
W/ActivityManager( 2186): 	at com.android.server.am.ActivityManagerService.forceStopPackageLocked(ActivityManagerService.java:5655)
W/ActivityManager( 2186): 	at com.android.server.am.ActivityManagerService.forceStopPackageLocked(ActivityManagerService.java:5499)
W/ActivityManager( 2186): 	at com.android.server.am.ActivityManagerService.forceStopPackage(ActivityManagerService.java:5309)
W/ActivityManager( 2186): 	at android.app.ActivityManagerNative.onTransact(ActivityManagerNative.java:1461)
W/ActivityManager( 2186): 	at com.android.server.am.ActivityManagerService.onTransact(ActivityManagerService.java:2208)
W/ActivityManager( 2186): 	at android.os.Binder.execTransact(Binder.java:446)
I/ActivityManager( 2186): Killing 6138:com.android.chrome:sandboxed_process2/u0a35i807 (adj 0): isolated not needed
W/libprocessgroup( 2186): failed to open /acct/uid_10035/pid_6138/cgroup.procs: No such file or directory
W/ActivityManager( 2186): Force removing ActivityRecord{3d7514a4 u0 com.android.chrome/org.chromium.chrome.browser.ChromeTabbedActivity t7655}: app died, no saved state
I/ActivityManager( 2186): Killing 6011:com.android.chrome:sandboxed_process0/u0a35i805 (adj 9): isolated not needed
W/libprocessgroup( 2186): failed to open /acct/uid_10035/pid_6011/cgroup.procs: No such file or directory
W/ActivityManager( 2186): Spurious death for ProcessRecord{1436e0f8 5939:com.android.chrome:privileged_process0/u0a35}, curProc for 5939: null
W/ActivityManager( 2186): Unbind failed: could not find connection for android.os.BinderProxy@1973255f
W/ActivityManager( 2186): Spurious death for ProcessRecord{ceb702 5868:com.android.chrome/u0a35}, curProc for 5868: null
W/InputMethodManagerService( 2186): Got RemoteException sending setActive(false) notification to pid 5868 uid 10035
I/ActivityManager( 2186): Force stopping com.android.chrome appid=10035 user=0: clear data
D/TaskPersister( 2186): removeObsoleteFile: deleting file=7655_task.xml
D/TaskPersister( 2186): removeObsoleteFile: deleting file=7655_task_thumbnail.png
I/ActivityManager( 2186): Start proc 6287:com.android.chrome/u0a35 for content provider com.android.chrome/com.google.android.apps.chrome.icing.IcingProvider
W/ResourcesManager( 6287): Asset path '/system/framework/com.android.media.remotedisplay.jar' does not exist or contains no resources.
W/ResourcesManager( 6287): Asset path '/system/framework/com.android.location.provider.jar' does not exist or contains no resources.
W/FileUtils(25520): Failed to chmod(/storage/emulated/0/trepn/Trepn_2018.06.21_190816.db): android.system.ErrnoException: chmod failed: EPERM (Operation not permitted)
I/ActivityManager( 2186): Killing 1804:com.android.externalstorage/u0a6 (adj 15): empty for 1805s
I/ActivityManager( 2186): Force stopping com.android.chrome appid=10035 user=0: from pid 6350
I/ActivityManager( 2186): Killing 6287:com.android.chrome/u0a35 (adj 9): stop com.android.chrome
W/ActivityManager( 2186): Spurious death for ProcessRecord{3e319318 6287:com.android.chrome/u0a35}, curProc for 6287: null
I/ActivityManager( 2186): START u0 {act=android.intent.action.VIEW flg=0x10008000 cmp=com.android.chrome/com.google.android.apps.chrome.Main} from uid 2000 on display 0
V/WindowManager( 2186): addAppToken: AppWindowToken{1acec7d7 token=Token{2ddddb56 ActivityRecord{327d2171 u0 com.android.chrome/com.google.android.apps.chrome.Main t7657}}} to stack=1 task=7657 at 0
I/ActivityManager( 2186): Start proc 6362:com.android.chrome/u0a35 for activity com.android.chrome/com.google.android.apps.chrome.Main
W/ResourcesManager( 6362): Asset path '/system/framework/com.android.media.remotedisplay.jar' does not exist or contains no resources.
W/ResourcesManager( 6362): Asset path '/system/framework/com.android.location.provider.jar' does not exist or contains no resources.
I/ActivityManager( 2186): START u0 {cmp=com.android.chrome/org.chromium.chrome.browser.firstrun.FirstRunActivity (has extras)} from uid 10035 on display 0
V/WindowManager( 2186): addAppToken: AppWindowToken{2a866c5c token=Token{3f74dacf ActivityRecord{1c04ff2e u0 com.android.chrome/org.chromium.chrome.browser.firstrun.FirstRunActivity t7658}}} to stack=1 task=7658 at 0
V/WindowManager( 2186): Based on layer: Adding window Window{1041eaf4 u0 com.android.chrome/org.chromium.chrome.browser.firstrun.FirstRunActivity} at 3 of 16
I/ActivityManager( 2186): Start proc 6389:com.android.chrome:sandboxed_process0/u0i810 for service com.android.chrome/org.chromium.content.app.SandboxedProcessService0
I/ActivityManager( 2186): Start proc 6431:com.android.chrome:privileged_process0/u0a35 for service com.android.chrome/org.chromium.content.app.PrivilegedProcessService0
D/ConnectivityService( 2186): listenForNetwork for NetworkRequest [ id=2136, legacyType=-1, [ Capabilities: INTERNET&NOT_RESTRICTED&TRUSTED] ]
D/ConnectivityService( 2186): handleRegisterNetworkRequest checking NetworkAgentInfo [WIFI () - 110]
D/ConnectivityService( 2186): apparently satisfied.  currentScore=60
D/ConnectivityService( 2186): listenForNetwork for NetworkRequest [ id=2137, legacyType=-1, [ Capabilities: INTERNET&NOT_RESTRICTED&TRUSTED] ]
D/ConnectivityService( 2186): handleRegisterNetworkRequest checking NetworkAgentInfo [WIFI () - 110]
D/ConnectivityService( 2186): apparently satisfied.  currentScore=60
W/libprocessgroup( 2186): failed to open /acct/uid_10035/pid_6389/cgroup.procs: No such file or directory
I/ActivityManager( 2186): Process com.android.chrome:sandboxed_process0 (pid 6389) has died
W/ActivityManager( 2186): Scheduling restart of crashed service com.android.chrome/org.chromium.content.app.SandboxedProcessService0 in 1000ms
I/ActivityManager( 2186): START u0 {act=android.intent.action.VIEW flg=0x10808000 cmp=com.android.chrome/com.google.android.apps.chrome.Main (has extras)} from uid 10035 on display 0
V/WindowManager( 2186): addAppToken: AppWindowToken{23c9197f token=Token{33fd4a9e ActivityRecord{131320d9 u0 com.android.chrome/com.google.android.apps.chrome.Main t7659}}} to stack=1 task=7659 at 0
D/ConnectivityService( 2186): releasing NetworkRequest NetworkRequest [ id=2137, legacyType=-1, [ Capabilities: INTERNET&NOT_RESTRICTED&TRUSTED] ]
D/ConnectivityService( 2186): listenForNetwork for NetworkRequest [ id=2138, legacyType=-1, [ Capabilities: INTERNET&NOT_RESTRICTED&TRUSTED] ]
D/ConnectivityService( 2186): handleRegisterNetworkRequest checking NetworkAgentInfo [WIFI () - 110]
D/ConnectivityService( 2186): apparently satisfied.  currentScore=60
I/ActivityManager( 2186): START u0 {act=android.intent.action.VIEW flg=0x14002000 cmp=com.android.chrome/org.chromium.chrome.browser.ChromeTabbedActivity (has extras)} from uid 10035 on display 0
V/WindowManager( 2186): addAppToken: AppWindowToken{112a0f76 token=Token{3e871211 ActivityRecord{1a06238 u0 com.android.chrome/org.chromium.chrome.browser.ChromeTabbedActivity t7660}}} to stack=1 task=7660 at 0
V/WindowManager( 2186): Based on layer: Adding window Window{8a1606f u0 Starting com.android.chrome} at 4 of 17
I/ActivityManager( 2186): Start proc 6510:com.android.chrome:sandboxed_process0/u0i811 for service com.android.chrome/org.chromium.content.app.SandboxedProcessService0
V/WindowManager( 2186): Adding window Window{2dc3d4bd u0 com.android.chrome/org.chromium.chrome.browser.ChromeTabbedActivity} at 4 of 18 (before Window{8a1606f u0 Starting com.android.chrome})
V/WindowManager( 2186): Adding window Window{395dffb9 u0 SurfaceView} at 4 of 19 (before Window{2dc3d4bd u0 com.android.chrome/org.chromium.chrome.browser.ChromeTabbedActivity})
I/ActivityManager( 2186): Start proc 6555:com.android.chrome:sandboxed_process1/u0i812 for service com.android.chrome/org.chromium.content.app.SandboxedProcessService1
I/ActivityManager( 2186): Activity reported stop, but no longer stopping: ActivityRecord{1c04ff2e u0 com.android.chrome/org.chromium.chrome.browser.firstrun.FirstRunActivity t7658 f}
D/TaskPersister( 2186): removeObsoleteFile: deleting file=7658_task_thumbnail.png
W/libprocessgroup( 2186): failed to open /acct/uid_10035/pid_6555/cgroup.procs: No such file or directory
I/ActivityManager( 2186): Process com.android.chrome:sandboxed_process1 (pid 6555) has died
W/ActivityManager( 2186): Scheduling restart of crashed service com.android.chrome/org.chromium.content.app.SandboxedProcessService1 in 1000ms
W/ProcessCpuTracker( 2186): Skipping unknown process pid 6600
D/WifiService( 2186): acquireWifiLockLocked: WifiLock{NlpWifiLock type=2 binder=android.os.BinderProxy@32cbe2fc}
D/WifiService( 2186): releaseWifiLockLocked: WifiLock{NlpWifiLock type=2 binder=android.os.BinderProxy@32cbe2fc}
W/FileUtils(25520): Failed to chmod(/storage/emulated/0/trepn/Trepn_2018.06.21_191150.db): android.system.ErrnoException: chmod failed: EPERM (Operation not permitted)
I/ActivityManager( 2186): START u0 {act=android.intent.action.VIEW dat=https://few.vu.nl/~ktn470/android/index.11.html flg=0x10000000 cmp=com.android.chrome/com.google.android.apps.chrome.Main} from uid 2000 on display 0
V/WindowManager( 2186): addAppToken: AppWindowToken{1592b5fb token=Token{8c9db8a ActivityRecord{335cf1f5 u0 com.android.chrome/com.google.android.apps.chrome.Main t7661}}} to stack=1 task=7661 at 0
D/ConnectivityService( 2186): releasing NetworkRequest NetworkRequest [ id=2138, legacyType=-1, [ Capabilities: INTERNET&NOT_RESTRICTED&TRUSTED] ]
D/ConnectivityService( 2186): listenForNetwork for NetworkRequest [ id=2139, legacyType=-1, [ Capabilities: INTERNET&NOT_RESTRICTED&TRUSTED] ]
D/ConnectivityService( 2186): handleRegisterNetworkRequest checking NetworkAgentInfo [WIFI () - 110]
D/ConnectivityService( 2186): apparently satisfied.  currentScore=60
I/ActivityManager( 2186): START u0 {act=android.intent.action.VIEW dat=https://few.vu.nl/~ktn470/android/index.11.html flg=0x14002000 cmp=com.android.chrome/org.chromium.chrome.browser.ChromeTabbedActivity (has extras)} from uid 10035 on display 0
W/InputMethodManagerService( 2186): Window already focused, ignoring focus gain of: com.android.internal.view.IInputMethodClient$Stub$Proxy@1e5e6aad attribute=null, token = android.os.BinderProxy@1991414
I/ActivityManager( 2186): Start proc 6644:com.android.chrome:sandboxed_process2/u0i813 for service com.android.chrome/org.chromium.content.app.SandboxedProcessService2
I/ActivityManager( 2186): Waited long enough for: ServiceRecord{c20a03 u0 com.google.android.googlequicksearchbox/com.google.android.apps.gsa.search.core.service.SearchService}
I/ActivityManager( 2186): Start proc 6676:com.android.chrome:sandboxed_process3/u0i814 for service com.android.chrome/org.chromium.content.app.SandboxedProcessService3
W/libprocessgroup( 2186): failed to open /acct/uid_10035/pid_6676/cgroup.procs: No such file or directory
I/ActivityManager( 2186): Process com.android.chrome:sandboxed_process3 (pid 6676) has died
W/ActivityManager( 2186): Scheduling restart of crashed service com.android.chrome/org.chromium.content.app.SandboxedProcessService3 in 1000ms
I/ActivityManager( 2186): Start proc 6694:com.android.chrome:sandboxed_process4/u0i815 for service com.android.chrome/org.chromium.content.app.SandboxedProcessService4
W/libprocessgroup( 2186): failed to open /acct/uid_10035/pid_6694/cgroup.procs: No such file or directory
I/ActivityManager( 2186): Process com.android.chrome:sandboxed_process4 (pid 6694) has died
W/ActivityManager( 2186): Scheduling restart of crashed service com.android.chrome/org.chromium.content.app.SandboxedProcessService4 in 1000ms
I/ActivityManager( 2186): Force stopping com.android.chrome appid=10035 user=0: from pid 6744
I/ActivityManager( 2186): Killing 6431:com.android.chrome:privileged_process0/u0a35 (adj 0): stop com.android.chrome
W/ActivityManager( 2186): Scheduling restart of crashed service com.android.chrome/org.chromium.content.app.PrivilegedProcessService0 in 1000ms
I/ActivityManager( 2186): Killing 6362:com.android.chrome/u0a35 (adj 0): stop com.android.chrome
D/ConnectivityService( 2186): ConnectivityService NetworkRequestInfo binderDied(NetworkRequest [ id=2136, legacyType=-1, [ Capabilities: INTERNET&NOT_RESTRICTED&TRUSTED] ], android.os.BinderProxy@1e31c133)
D/ConnectivityService( 2186): releasing NetworkRequest NetworkRequest [ id=2136, legacyType=-1, [ Capabilities: INTERNET&NOT_RESTRICTED&TRUSTED] ]
I/WindowState( 2186): WIN DEATH: Window{395dffb9 u0 SurfaceView}
E/ConnectivityService( 2186): RemoteException caught trying to send a callback msg for NetworkRequest [ id=2136, legacyType=-1, [ Capabilities: INTERNET&NOT_RESTRICTED&TRUSTED] ]
D/ConnectivityService( 2186): ConnectivityService NetworkRequestInfo binderDied(NetworkRequest [ id=2139, legacyType=-1, [ Capabilities: INTERNET&NOT_RESTRICTED&TRUSTED] ], android.os.BinderProxy@247efcf0)
D/ConnectivityService( 2186): releasing NetworkRequest NetworkRequest [ id=2139, legacyType=-1, [ Capabilities: INTERNET&NOT_RESTRICTED&TRUSTED] ]
E/ConnectivityService( 2186): RemoteException caught trying to send a callback msg for NetworkRequest [ id=2139, legacyType=-1, [ Capabilities: INTERNET&NOT_RESTRICTED&TRUSTED] ]
I/WindowState( 2186): WIN DEATH: Window{2dc3d4bd u0 com.android.chrome/org.chromium.chrome.browser.ChromeTabbedActivity}
W/ActivityManager( 2186): Exception when unbinding service com.android.chrome/org.chromium.content.app.SandboxedProcessService0
W/ActivityManager( 2186): android.os.DeadObjectException
W/ActivityManager( 2186): 	at android.os.BinderProxy.transactNative(Native Method)
W/ActivityManager( 2186): 	at android.os.BinderProxy.transact(Binder.java:496)
W/ActivityManager( 2186): 	at android.app.ApplicationThreadProxy.scheduleUnbindService(ApplicationThreadNative.java:921)
W/ActivityManager( 2186): 	at com.android.server.am.ActiveServices.removeConnectionLocked(ActiveServices.java:1795)
W/ActivityManager( 2186): 	at com.android.server.am.ActiveServices.killServicesLocked(ActiveServices.java:2193)
W/ActivityManager( 2186): 	at com.android.server.am.ActivityManagerService.cleanUpApplicationRecordLocked(ActivityManagerService.java:14895)
W/ActivityManager( 2186): 	at com.android.server.am.ActivityManagerService.handleAppDiedLocked(ActivityManagerService.java:4552)
W/ActivityManager( 2186): 	at com.android.server.am.ActivityManagerService.removeProcessLocked(ActivityManagerService.java:5789)
W/ActivityManager( 2186): 	at com.android.server.am.ActivityManagerService.killPackageProcessesLocked(ActivityManagerService.java:5594)
W/ActivityManager( 2186): 	at com.android.server.am.ActivityManagerService.forceStopPackageLocked(ActivityManagerService.java:5655)
W/ActivityManager( 2186): 	at com.android.server.am.ActivityManagerService.forceStopPackageLocked(ActivityManagerService.java:5499)
W/ActivityManager( 2186): 	at com.android.server.am.ActivityManagerService.forceStopPackage(ActivityManagerService.java:5309)
W/ActivityManager( 2186): 	at android.app.ActivityManagerNative.onTransact(ActivityManagerNative.java:1461)
W/ActivityManager( 2186): 	at com.android.server.am.ActivityManagerService.onTransact(ActivityManagerService.java:2208)
W/ActivityManager( 2186): 	at android.os.Binder.execTransact(Binder.java:446)
W/ActivityManager( 2186): Exception when unbinding service com.android.chrome/org.chromium.content.app.SandboxedProcessService2
W/ActivityManager( 2186): android.os.DeadObjectException
W/ActivityManager( 2186): 	at android.os.BinderProxy.transactNative(Native Method)
W/ActivityManager( 2186): 	at android.os.BinderProxy.transact(Binder.java:496)
W/ActivityManager( 2186): 	at android.app.ApplicationThreadProxy.scheduleUnbindService(ApplicationThreadNative.java:921)
W/ActivityManager( 2186): 	at com.android.server.am.ActiveServices.removeConnectionLocked(ActiveServices.java:1795)
W/ActivityManager( 2186): 	at com.android.server.am.ActiveServices.killServicesLocked(ActiveServices.java:2193)
W/ActivityManager( 2186): 	at com.android.server.am.ActivityManagerService.cleanUpApplicationRecordLocked(ActivityManagerService.java:14895)
W/ActivityManager( 2186): 	at com.android.server.am.ActivityManagerService.handleAppDiedLocked(ActivityManagerService.java:4552)
W/ActivityManager( 2186): 	at com.android.server.am.ActivityManagerService.removeProcessLocked(ActivityManagerService.java:5789)
W/ActivityManager( 2186): 	at com.android.server.am.ActivityManagerService.killPackageProcessesLocked(ActivityManagerService.java:5594)
W/ActivityManager( 2186): 	at com.android.server.am.ActivityManagerService.forceStopPackageLocked(ActivityManagerService.java:5655)
W/ActivityManager( 2186): 	at com.android.server.am.ActivityManagerService.forceStopPackageLocked(ActivityManagerService.java:5499)
W/ActivityManager( 2186): 	at com.android.server.am.ActivityManagerService.forceStopPackage(ActivityManagerService.java:5309)
W/ActivityManager( 2186): 	at android.app.ActivityManagerNative.onTransact(ActivityManagerNative.java:1461)
W/ActivityManager( 2186): 	at com.android.server.am.ActivityManagerService.onTransact(ActivityManagerService.java:2208)
W/ActivityManager( 2186): 	at android.os.Binder.execTransact(Binder.java:446)
I/ActivityManager( 2186): Killing 6510:com.android.chrome:sandboxed_process0/u0a35i811 (adj 9): isolated not needed
W/libprocessgroup( 2186): failed to open /acct/uid_10035/pid_6510/cgroup.procs: No such file or directory
W/ActivityManager( 2186): Force removing ActivityRecord{1a06238 u0 com.android.chrome/org.chromium.chrome.browser.ChromeTabbedActivity t7660}: app died, no saved state
I/ActivityManager( 2186): Killing 6644:com.android.chrome:sandboxed_process2/u0a35i813 (adj 9): isolated not needed
W/libprocessgroup( 2186): failed to open /acct/uid_10035/pid_6644/cgroup.procs: No such file or directory
W/ActivityManager( 2186): Spurious death for ProcessRecord{399ebd4c 6431:com.android.chrome:privileged_process0/u0a35}, curProc for 6431: null
W/ActivityManager( 2186): Spurious death for ProcessRecord{2e5f921d 6362:com.android.chrome/u0a35}, curProc for 6362: null
W/InputMethodManagerService( 2186): Got RemoteException sending setActive(false) notification to pid 6362 uid 10035
I/ActivityManager( 2186): Force stopping com.android.chrome appid=10035 user=0: clear data
D/TaskPersister( 2186): removeObsoleteFile: deleting file=7660_task.xml
D/TaskPersister( 2186): removeObsoleteFile: deleting file=7660_task_thumbnail.png
I/ActivityManager( 2186): Start proc 6794:com.android.chrome/u0a35 for content provider com.android.chrome/com.google.android.apps.chrome.icing.IcingProvider
W/ResourcesManager( 6794): Asset path '/system/framework/com.android.media.remotedisplay.jar' does not exist or contains no resources.
W/ResourcesManager( 6794): Asset path '/system/framework/com.android.location.provider.jar' does not exist or contains no resources.
W/FileUtils(25520): Failed to chmod(/storage/emulated/0/trepn/Trepn_2018.06.21_191150.db): android.system.ErrnoException: chmod failed: EPERM (Operation not permitted)
I/ProcessStatsService( 2186): Prepared write state in 8ms
I/ProcessStatsService( 2186): Prepared write state in 13ms
I/ActivityManager( 2186): Force stopping com.android.chrome appid=10035 user=0: from pid 6853
I/ActivityManager( 2186): Killing 6794:com.android.chrome/u0a35 (adj 9): stop com.android.chrome
W/ActivityManager( 2186): Spurious death for ProcessRecord{3be86d6c 6794:com.android.chrome/u0a35}, curProc for 6794: null
I/ActivityManager( 2186): START u0 {act=android.intent.action.VIEW flg=0x10008000 cmp=com.android.chrome/com.google.android.apps.chrome.Main} from uid 2000 on display 0
V/WindowManager( 2186): addAppToken: AppWindowToken{2070d53b token=Token{e5befca ActivityRecord{20d5af35 u0 com.android.chrome/com.google.android.apps.chrome.Main t7662}}} to stack=1 task=7662 at 0
I/ActivityManager( 2186): Start proc 6865:com.android.chrome/u0a35 for activity com.android.chrome/com.google.android.apps.chrome.Main
W/ResourcesManager( 6865): Asset path '/system/framework/com.android.media.remotedisplay.jar' does not exist or contains no resources.
W/ResourcesManager( 6865): Asset path '/system/framework/com.android.location.provider.jar' does not exist or contains no resources.
I/ActivityManager( 2186): START u0 {cmp=com.android.chrome/org.chromium.chrome.browser.firstrun.FirstRunActivity (has extras)} from uid 10035 on display 0
V/WindowManager( 2186): addAppToken: AppWindowToken{2231f670 token=Token{e56b0b3 ActivityRecord{143aae22 u0 com.android.chrome/org.chromium.chrome.browser.firstrun.FirstRunActivity t7663}}} to stack=1 task=7663 at 0
V/WindowManager( 2186): Based on layer: Adding window Window{350f2707 u0 com.android.chrome/org.chromium.chrome.browser.firstrun.FirstRunActivity} at 3 of 16
I/ActivityManager( 2186): Start proc 6893:com.android.chrome:sandboxed_process0/u0i816 for service com.android.chrome/org.chromium.content.app.SandboxedProcessService0
I/ActivityManager( 2186): Start proc 6936:com.android.chrome:privileged_process0/u0a35 for service com.android.chrome/org.chromium.content.app.PrivilegedProcessService0
D/ConnectivityService( 2186): listenForNetwork for NetworkRequest [ id=2140, legacyType=-1, [ Capabilities: INTERNET&NOT_RESTRICTED&TRUSTED] ]
D/ConnectivityService( 2186): handleRegisterNetworkRequest checking NetworkAgentInfo [WIFI () - 110]
D/ConnectivityService( 2186): apparently satisfied.  currentScore=60
D/ConnectivityService( 2186): listenForNetwork for NetworkRequest [ id=2141, legacyType=-1, [ Capabilities: INTERNET&NOT_RESTRICTED&TRUSTED] ]
D/ConnectivityService( 2186): handleRegisterNetworkRequest checking NetworkAgentInfo [WIFI () - 110]
D/ConnectivityService( 2186): apparently satisfied.  currentScore=60
W/libprocessgroup( 2186): failed to open /acct/uid_10035/pid_6893/cgroup.procs: No such file or directory
I/ActivityManager( 2186): Process com.android.chrome:sandboxed_process0 (pid 6893) has died
W/ActivityManager( 2186): Scheduling restart of crashed service com.android.chrome/org.chromium.content.app.SandboxedProcessService0 in 1000ms
I/ActivityManager( 2186): START u0 {act=android.intent.action.VIEW flg=0x10808000 cmp=com.android.chrome/com.google.android.apps.chrome.Main (has extras)} from uid 10035 on display 0
V/WindowManager( 2186): addAppToken: AppWindowToken{2b22965 token=Token{28beb25c ActivityRecord{9ea78cf u0 com.android.chrome/com.google.android.apps.chrome.Main t7664}}} to stack=1 task=7664 at 0
D/ConnectivityService( 2186): releasing NetworkRequest NetworkRequest [ id=2141, legacyType=-1, [ Capabilities: INTERNET&NOT_RESTRICTED&TRUSTED] ]
D/ConnectivityService( 2186): listenForNetwork for NetworkRequest [ id=2142, legacyType=-1, [ Capabilities: INTERNET&NOT_RESTRICTED&TRUSTED] ]
D/ConnectivityService( 2186): handleRegisterNetworkRequest checking NetworkAgentInfo [WIFI () - 110]
D/ConnectivityService( 2186): apparently satisfied.  currentScore=60
I/ActivityManager( 2186): START u0 {act=android.intent.action.VIEW flg=0x14002000 cmp=com.android.chrome/org.chromium.chrome.browser.ChromeTabbedActivity (has extras)} from uid 10035 on display 0
V/WindowManager( 2186): addAppToken: AppWindowToken{87cf0f4 token=Token{3f46b2c7 ActivityRecord{d47dc06 u0 com.android.chrome/org.chromium.chrome.browser.ChromeTabbedActivity t7665}}} to stack=1 task=7665 at 0
V/WindowManager( 2186): Based on layer: Adding window Window{a1935d5 u0 Starting com.android.chrome} at 4 of 17
I/ActivityManager( 2186): Start proc 7009:com.android.chrome:sandboxed_process0/u0i817 for service com.android.chrome/org.chromium.content.app.SandboxedProcessService0
V/WindowManager( 2186): Adding window Window{27389ff9 u0 com.android.chrome/org.chromium.chrome.browser.ChromeTabbedActivity} at 4 of 18 (before Window{a1935d5 u0 Starting com.android.chrome})
V/WindowManager( 2186): Adding window Window{141d1eec u0 SurfaceView} at 4 of 19 (before Window{27389ff9 u0 com.android.chrome/org.chromium.chrome.browser.ChromeTabbedActivity})
I/ActivityManager( 2186): Start proc 7061:com.android.chrome:sandboxed_process1/u0i818 for service com.android.chrome/org.chromium.content.app.SandboxedProcessService1
I/ActivityManager( 2186): Activity reported stop, but no longer stopping: ActivityRecord{143aae22 u0 com.android.chrome/org.chromium.chrome.browser.firstrun.FirstRunActivity t7663 f}
D/TaskPersister( 2186): removeObsoleteFile: deleting file=7663_task_thumbnail.png
W/libprocessgroup( 2186): failed to open /acct/uid_10035/pid_7061/cgroup.procs: No such file or directory
I/ActivityManager( 2186): Process com.android.chrome:sandboxed_process1 (pid 7061) has died
W/ActivityManager( 2186): Scheduling restart of crashed service com.android.chrome/org.chromium.content.app.SandboxedProcessService1 in 1000ms
W/FileUtils(25520): Failed to chmod(/storage/emulated/0/trepn/Trepn_2018.06.21_191525.db): android.system.ErrnoException: chmod failed: EPERM (Operation not permitted)
I/ActivityManager( 2186): START u0 {act=android.intent.action.VIEW dat=https://few.vu.nl/~ktn470/android/index.11.html flg=0x10000000 cmp=com.android.chrome/com.google.android.apps.chrome.Main} from uid 2000 on display 0
V/WindowManager( 2186): addAppToken: AppWindowToken{2b2dabd3 token=Token{7b221c2 ActivityRecord{bee0e0d u0 com.android.chrome/com.google.android.apps.chrome.Main t7666}}} to stack=1 task=7666 at 0
D/ConnectivityService( 2186): releasing NetworkRequest NetworkRequest [ id=2142, legacyType=-1, [ Capabilities: INTERNET&NOT_RESTRICTED&TRUSTED] ]
D/ConnectivityService( 2186): listenForNetwork for NetworkRequest [ id=2143, legacyType=-1, [ Capabilities: INTERNET&NOT_RESTRICTED&TRUSTED] ]
D/ConnectivityService( 2186): handleRegisterNetworkRequest checking NetworkAgentInfo [WIFI () - 110]
D/ConnectivityService( 2186): apparently satisfied.  currentScore=60
I/ActivityManager( 2186): START u0 {act=android.intent.action.VIEW dat=https://few.vu.nl/~ktn470/android/index.11.html flg=0x14002000 cmp=com.android.chrome/org.chromium.chrome.browser.ChromeTabbedActivity (has extras)} from uid 10035 on display 0
W/InputMethodManagerService( 2186): Window already focused, ignoring focus gain of: com.android.internal.view.IInputMethodClient$Stub$Proxy@1943f1c5 attribute=null, token = android.os.BinderProxy@99956c0
I/ActivityManager( 2186): Start proc 7145:com.android.chrome:sandboxed_process2/u0i819 for service com.android.chrome/org.chromium.content.app.SandboxedProcessService2
I/ActivityManager( 2186): Waited long enough for: ServiceRecord{2ec552b6 u0 com.google.android.googlequicksearchbox/com.google.android.apps.gsa.search.core.service.SearchService}
I/ActivityManager( 2186): Start proc 7177:com.android.chrome:sandboxed_process3/u0i820 for service com.android.chrome/org.chromium.content.app.SandboxedProcessService3
I/ActivityManager( 2186): Process com.google.android.apps.docs (pid 1859) has died
W/libprocessgroup( 2186): failed to open /acct/uid_10035/pid_7177/cgroup.procs: No such file or directory
I/ActivityManager( 2186): Process com.android.chrome:sandboxed_process3 (pid 7177) has died
W/ActivityManager( 2186): Scheduling restart of crashed service com.android.chrome/org.chromium.content.app.SandboxedProcessService3 in 1000ms
I/ActivityManager( 2186): Start proc 7197:com.android.chrome:sandboxed_process4/u0i821 for service com.android.chrome/org.chromium.content.app.SandboxedProcessService4
W/libprocessgroup( 2186): failed to open /acct/uid_10035/pid_7197/cgroup.procs: No such file or directory
I/ActivityManager( 2186): Process com.android.chrome:sandboxed_process4 (pid 7197) has died
W/ActivityManager( 2186): Scheduling restart of crashed service com.android.chrome/org.chromium.content.app.SandboxedProcessService4 in 1000ms
I/ActivityManager( 2186): Force stopping com.android.chrome appid=10035 user=0: from pid 7247
I/ActivityManager( 2186): Killing 6936:com.android.chrome:privileged_process0/u0a35 (adj 0): stop com.android.chrome
W/ActivityManager( 2186): Scheduling restart of crashed service com.android.chrome/org.chromium.content.app.PrivilegedProcessService0 in 1000ms
I/ActivityManager( 2186): Killing 6865:com.android.chrome/u0a35 (adj 0): stop com.android.chrome
I/WindowState( 2186): WIN DEATH: Window{141d1eec u0 SurfaceView}
D/ConnectivityService( 2186): ConnectivityService NetworkRequestInfo binderDied(NetworkRequest [ id=2140, legacyType=-1, [ Capabilities: INTERNET&NOT_RESTRICTED&TRUSTED] ], android.os.BinderProxy@1ea36b85)
D/ConnectivityService( 2186): releasing NetworkRequest NetworkRequest [ id=2140, legacyType=-1, [ Capabilities: INTERNET&NOT_RESTRICTED&TRUSTED] ]
D/ConnectivityService( 2186): ConnectivityService NetworkRequestInfo binderDied(NetworkRequest [ id=2143, legacyType=-1, [ Capabilities: INTERNET&NOT_RESTRICTED&TRUSTED] ], android.os.BinderProxy@4357dda)
E/ConnectivityService( 2186): RemoteException caught trying to send a callback msg for NetworkRequest [ id=2140, legacyType=-1, [ Capabilities: INTERNET&NOT_RESTRICTED&TRUSTED] ]
D/ConnectivityService( 2186): releasing NetworkRequest NetworkRequest [ id=2143, legacyType=-1, [ Capabilities: INTERNET&NOT_RESTRICTED&TRUSTED] ]
E/ConnectivityService( 2186): RemoteException caught trying to send a callback msg for NetworkRequest [ id=2143, legacyType=-1, [ Capabilities: INTERNET&NOT_RESTRICTED&TRUSTED] ]
I/WindowState( 2186): WIN DEATH: Window{27389ff9 u0 com.android.chrome/org.chromium.chrome.browser.ChromeTabbedActivity}
W/ActivityManager( 2186): Exception when unbinding service com.android.chrome/org.chromium.content.app.SandboxedProcessService0
W/ActivityManager( 2186): android.os.DeadObjectException
W/ActivityManager( 2186): 	at android.os.BinderProxy.transactNative(Native Method)
W/ActivityManager( 2186): 	at android.os.BinderProxy.transact(Binder.java:496)
W/ActivityManager( 2186): 	at android.app.ApplicationThreadProxy.scheduleUnbindService(ApplicationThreadNative.java:921)
W/ActivityManager( 2186): 	at com.android.server.am.ActiveServices.removeConnectionLocked(ActiveServices.java:1795)
W/ActivityManager( 2186): 	at com.android.server.am.ActiveServices.killServicesLocked(ActiveServices.java:2193)
W/ActivityManager( 2186): 	at com.android.server.am.ActivityManagerService.cleanUpApplicationRecordLocked(ActivityManagerService.java:14895)
W/ActivityManager( 2186): 	at com.android.server.am.ActivityManagerService.handleAppDiedLocked(ActivityManagerService.java:4552)
W/ActivityManager( 2186): 	at com.android.server.am.ActivityManagerService.removeProcessLocked(ActivityManagerService.java:5789)
W/ActivityManager( 2186): 	at com.android.server.am.ActivityManagerService.killPackageProcessesLocked(ActivityManagerService.java:5594)
W/ActivityManager( 2186): 	at com.android.server.am.ActivityManagerService.forceStopPackageLocked(ActivityManagerService.java:5655)
W/ActivityManager( 2186): 	at com.android.server.am.ActivityManagerService.forceStopPackageLocked(ActivityManagerService.java:5499)
W/ActivityManager( 2186): 	at com.android.server.am.ActivityManagerService.forceStopPackage(ActivityManagerService.java:5309)
W/ActivityManager( 2186): 	at android.app.ActivityManagerNative.onTransact(ActivityManagerNative.java:1461)
W/ActivityManager( 2186): 	at com.android.server.am.ActivityManagerService.onTransact(ActivityManagerService.java:2208)
W/ActivityManager( 2186): 	at android.os.Binder.execTransact(Binder.java:446)
W/ActivityManager( 2186): Force removing ActivityRecord{d47dc06 u0 com.android.chrome/org.chromium.chrome.browser.ChromeTabbedActivity t7665}: app died, no saved state
I/ActivityManager( 2186): Killing 7009:com.android.chrome:sandboxed_process0/u0a35i817 (adj 9): isolated not needed
W/libprocessgroup( 2186): failed to open /acct/uid_10035/pid_7009/cgroup.procs: No such file or directory
I/ActivityManager( 2186): Killing 7145:com.android.chrome:sandboxed_process2/u0a35i819 (adj 0): isolated not needed
W/libprocessgroup( 2186): failed to open /acct/uid_10035/pid_7145/cgroup.procs: No such file or directory
W/ActivityManager( 2186): Spurious death for ProcessRecord{1796963a 6936:com.android.chrome:privileged_process0/u0a35}, curProc for 6936: null
W/ActivityManager( 2186): Unbind failed: could not find connection for android.os.BinderProxy@13871b2a
W/ActivityManager( 2186): Spurious death for ProcessRecord{9ea2388 6865:com.android.chrome/u0a35}, curProc for 6865: null
W/InputMethodManagerService( 2186): Got RemoteException sending setActive(false) notification to pid 6865 uid 10035
I/ActivityManager( 2186): Force stopping com.android.chrome appid=10035 user=0: clear data
D/TaskPersister( 2186): removeObsoleteFile: deleting file=7665_task.xml
D/TaskPersister( 2186): removeObsoleteFile: deleting file=7665_task_thumbnail.png
I/ActivityManager( 2186): Start proc 7302:com.android.chrome/u0a35 for content provider com.android.chrome/com.google.android.apps.chrome.icing.IcingProvider
W/ResourcesManager( 7302): Asset path '/system/framework/com.android.media.remotedisplay.jar' does not exist or contains no resources.
W/ResourcesManager( 7302): Asset path '/system/framework/com.android.location.provider.jar' does not exist or contains no resources.
W/FileUtils(25520): Failed to chmod(/storage/emulated/0/trepn/Trepn_2018.06.21_191525.db): android.system.ErrnoException: chmod failed: EPERM (Operation not permitted)
I/UsageStatsService( 2186): User[0] Flushing usage stats to disk
I/ActivityManager( 2186): Force stopping com.android.chrome appid=10035 user=0: from pid 7371
I/ActivityManager( 2186): Killing 7302:com.android.chrome/u0a35 (adj 11): stop com.android.chrome
W/ActivityManager( 2186): Spurious death for ProcessRecord{1119a9bd 7302:com.android.chrome/u0a35}, curProc for 7302: null
I/ActivityManager( 2186): START u0 {act=android.intent.action.VIEW flg=0x10008000 cmp=com.android.chrome/com.google.android.apps.chrome.Main} from uid 2000 on display 0
V/WindowManager( 2186): addAppToken: AppWindowToken{3818f680 token=Token{2b186703 ActivityRecord{1ed30bb2 u0 com.android.chrome/com.google.android.apps.chrome.Main t7667}}} to stack=1 task=7667 at 0
I/ActivityManager( 2186): Start proc 7383:com.android.chrome/u0a35 for activity com.android.chrome/com.google.android.apps.chrome.Main
W/ResourcesManager( 7383): Asset path '/system/framework/com.android.media.remotedisplay.jar' does not exist or contains no resources.
W/ResourcesManager( 7383): Asset path '/system/framework/com.android.location.provider.jar' does not exist or contains no resources.
I/ActivityManager( 2186): START u0 {cmp=com.android.chrome/org.chromium.chrome.browser.firstrun.FirstRunActivity (has extras)} from uid 10035 on display 0
V/WindowManager( 2186): addAppToken: AppWindowToken{3810b1f1 token=Token{138f1598 ActivityRecord{3795b37b u0 com.android.chrome/org.chromium.chrome.browser.firstrun.FirstRunActivity t7668}}} to stack=1 task=7668 at 0
I/ActivityManager( 2186): Start proc 7408:com.android.chrome:sandboxed_process0/u0i822 for service com.android.chrome/org.chromium.content.app.SandboxedProcessService0
V/WindowManager( 2186): Based on layer: Adding window Window{3ff6716b u0 com.android.chrome/org.chromium.chrome.browser.firstrun.FirstRunActivity} at 3 of 16
I/ActivityManager( 2186): Start proc 7453:com.android.chrome:privileged_process0/u0a35 for service com.android.chrome/org.chromium.content.app.PrivilegedProcessService0
D/ConnectivityService( 2186): listenForNetwork for NetworkRequest [ id=2144, legacyType=-1, [ Capabilities: INTERNET&NOT_RESTRICTED&TRUSTED] ]
D/ConnectivityService( 2186): handleRegisterNetworkRequest checking NetworkAgentInfo [WIFI () - 110]
D/ConnectivityService( 2186): apparently satisfied.  currentScore=60
D/ConnectivityService( 2186): listenForNetwork for NetworkRequest [ id=2145, legacyType=-1, [ Capabilities: INTERNET&NOT_RESTRICTED&TRUSTED] ]
D/ConnectivityService( 2186): handleRegisterNetworkRequest checking NetworkAgentInfo [WIFI () - 110]
D/ConnectivityService( 2186): apparently satisfied.  currentScore=60
W/libprocessgroup( 2186): failed to open /acct/uid_10035/pid_7408/cgroup.procs: No such file or directory
I/ActivityManager( 2186): Process com.android.chrome:sandboxed_process0 (pid 7408) has died
W/ActivityManager( 2186): Scheduling restart of crashed service com.android.chrome/org.chromium.content.app.SandboxedProcessService0 in 1000ms
I/ActivityManager( 2186): START u0 {act=android.intent.action.VIEW flg=0x10808000 cmp=com.android.chrome/com.google.android.apps.chrome.Main (has extras)} from uid 10035 on display 0
