W/Wifi    ( 5337): Failed to read packet and byte counts from wifi interface
W/Wifi    ( 5337): Failed to read packet and byte counts from wifi interface
W/Wifi    ( 5337): Failed to read packet and byte counts from wifi interface
D/WifiService( 2186): acquireWifiLockLocked: WifiLock{NlpWifiLock type=2 binder=android.os.BinderProxy@2a9af301}
E/WifiStateMachine( 2186): WifiStateMachine CMD_START_SCAN source 10008 txSuccessRate=0.56 rxSuccessRate=0.64 targetRoamBSSID=any RSSI=-58
I/vgn     ( 2588): 35-GetDeviceDataUploadOptInStatusOperation -- metadata{ service_id: 0 }
I/vgn     ( 2588): 35-GetDeviceDataUploadOptInStatusOperation -- metadata{ service_id: 0 }
I/vgn     ( 2588): 35-GetDeviceDataUploadOptInStatusOperation -- metadata{ service_id: 0 }
I/vgn     ( 2588): 35-GetDeviceDataUploadOptInStatusOperation -- metadata{ service_id: 0 }
E/tegra_memtrack_hal( 2186): failed to read header for pid 2186: Operation not permitted
E/tegra_memtrack_hal( 2186): failed to read header for pid 2186: Operation not permitted
E/tegra_memtrack_hal( 2186): failed to read header for pid 2186: Operation not permitted
E/tegra_memtrack_hal( 2186): failed to read header for pid 2186: Operation not permitted
E/tegra_memtrack_hal( 2186): failed to read header for pid 2186: Operation not permitted
W/Wifi    ( 5337): Failed to read packet and byte counts from wifi interface
W/ctxmgr  ( 2588): [AclManager]No 2 for (accnt=account#-517948760#, com.google.android.gms(10008):IndoorOutdoorProducer, vrsn=12685000, 0, 3pPkg = null ,  3pMdlId = null ,  pid = 2588). Was: 3 for 57, account#-517948760#
I/Places  ( 2588): Converted 19 out of 20 WiFi scans
D/WifiService( 2186): releaseWifiLockLocked: WifiLock{NlpWifiLock type=2 binder=android.os.BinderProxy@2a9af301}
D/libgps  ( 2186): proxy_gps_inject_location: called.
W/ctxmgr  ( 2588): [AclManager]No 2 for (accnt=account#-517948760#, com.google.android.gms(10008):UserLocationProducer, vrsn=12685000, 0, 3pPkg = null ,  3pMdlId = null ,  pid = 2588). Was: 3 for 1, account#-517948760#
W/ctxmgr  ( 2588): [AclManager]No 2 for (accnt=account#1813920180#, com.google.android.gms(10008):UserLocationProducer, vrsn=12685000, 0, 3pPkg = null ,  3pMdlId = null ,  pid = 2588). Was: 2 for 1, account#1813920180#
W/ctxmgr  ( 2588): [AclManager]No 2 for (accnt=account#1644684176#, com.google.android.gms(10008):UserLocationProducer, vrsn=12685000, 0, 3pPkg = null ,  3pMdlId = null ,  pid = 2588). Was: 2 for 1, account#1644684176#
I/PlaceInferenceEngine( 2588): No beacon scan available - ignoring candidates.
W/ctxmgr  ( 2588): [AclManager]No 2 for (accnt=account#-517948760#, com.google.android.gms(10008):UserVelocityProducer, vrsn=12685000, 0, 3pPkg = null ,  3pMdlId = null ,  pid = 2588). Was: 3 for 48, account#-517948760#
W/Wifi    ( 5337): Failed to read packet and byte counts from wifi interface
W/Wifi    ( 5337): Failed to read packet and byte counts from wifi interface
W/Wifi    ( 5337): Failed to read packet and byte counts from wifi interface
W/Wifi    ( 5337): Failed to read packet and byte counts from wifi interface
W/Wifi    ( 5337): Failed to read packet and byte counts from wifi interface
W/Wifi    ( 5337): Failed to read packet and byte counts from wifi interface
I/DeviceStateChecker(11510): screenOn: true, isCharging: true
W/Wifi    ( 5337): Failed to read packet and byte counts from wifi interface
W/Wifi    ( 5337): Failed to read packet and byte counts from wifi interface
W/Wifi    ( 5337): Failed to read packet and byte counts from wifi interface
E/WifiStateMachine( 2186): WifiStateMachine CMD_START_SCAN source -2 txSuccessRate=0.02 rxSuccessRate=0.03 targetRoamBSSID=any RSSI=-57
E/WifiStateMachine( 2186): WifiStateMachine starting scan for "YOU SHALL NOT PASS"WPA_PSK with 2437
W/Wifi    ( 5337): Failed to read packet and byte counts from wifi interface
W/Wifi    ( 5337): Failed to read packet and byte counts from wifi interface
W/Wifi    ( 5337): Failed to read packet and byte counts from wifi interface
W/Wifi    ( 5337): Failed to read packet and byte counts from wifi interface
W/Wifi    ( 5337): Failed to read packet and byte counts from wifi interface
W/Wifi    ( 5337): Failed to read packet and byte counts from wifi interface
W/Wifi    ( 5337): Failed to read packet and byte counts from wifi interface
W/Wifi    ( 5337): Failed to read packet and byte counts from wifi interface
W/Wifi    ( 5337): Failed to read packet and byte counts from wifi interface
W/Wifi    ( 5337): Failed to read packet and byte counts from wifi interface
W/Wifi    ( 5337): Failed to read packet and byte counts from wifi interface
W/Wifi    ( 5337): Failed to read packet and byte counts from wifi interface
W/Wifi    ( 5337): Failed to read packet and byte counts from wifi interface
W/Wifi    ( 5337): Failed to read packet and byte counts from wifi interface
W/Wifi    ( 5337): Failed to read packet and byte counts from wifi interface
W/Wifi    ( 5337): Failed to read packet and byte counts from wifi interface
W/Wifi    ( 5337): Failed to read packet and byte counts from wifi interface
W/Wifi    ( 5337): Failed to read packet and byte counts from wifi interface
W/Wifi    ( 5337): Failed to read packet and byte counts from wifi interface
W/Wifi    ( 5337): Failed to read packet and byte counts from wifi interface
E/WifiStateMachine( 2186): WifiStateMachine CMD_START_SCAN source -2 txSuccessRate=0.00 rxSuccessRate=0.28 targetRoamBSSID=any RSSI=-59
E/WifiStateMachine( 2186): WifiStateMachine starting scan for "YOU SHALL NOT PASS"WPA_PSK with 2437
W/Wifi    ( 5337): Failed to read packet and byte counts from wifi interface
W/Wifi    ( 5337): Failed to read packet and byte counts from wifi interface
W/Wifi    ( 5337): Failed to read packet and byte counts from wifi interface
W/Wifi    ( 5337): Failed to read packet and byte counts from wifi interface
W/Wifi    ( 5337): Failed to read packet and byte counts from wifi interface
W/Wifi    ( 5337): Failed to read packet and byte counts from wifi interface
W/Wifi    ( 5337): Failed to read packet and byte counts from wifi interface
W/Wifi    ( 5337): Failed to read packet and byte counts from wifi interface
W/Wifi    ( 5337): Failed to read packet and byte counts from wifi interface
W/Wifi    ( 5337): Failed to read packet and byte counts from wifi interface
W/Wifi    ( 5337): Failed to read packet and byte counts from wifi interface
W/Wifi    ( 5337): Failed to read packet and byte counts from wifi interface
W/Wifi    ( 5337): Failed to read packet and byte counts from wifi interface
W/Wifi    ( 5337): Failed to read packet and byte counts from wifi interface
W/Wifi    ( 5337): Failed to read packet and byte counts from wifi interface
W/Wifi    ( 5337): Failed to read packet and byte counts from wifi interface
W/Wifi    ( 5337): Failed to read packet and byte counts from wifi interface
W/Wifi    ( 5337): Failed to read packet and byte counts from wifi interface
W/Wifi    ( 5337): Failed to read packet and byte counts from wifi interface
W/Wifi    ( 5337): Failed to read packet and byte counts from wifi interface
E/WifiStateMachine( 2186): WifiStateMachine CMD_START_SCAN source -2 txSuccessRate=0.00 rxSuccessRate=0.00 targetRoamBSSID=any RSSI=-54
E/WifiStateMachine( 2186): WifiStateMachine starting scan for "YOU SHALL NOT PASS"WPA_PSK with 2437
W/Wifi    ( 5337): Failed to read packet and byte counts from wifi interface
W/Wifi    ( 5337): Failed to read packet and byte counts from wifi interface
W/Wifi    ( 5337): Failed to read packet and byte counts from wifi interface
W/Wifi    ( 5337): Failed to read packet and byte counts from wifi interface
W/Wifi    ( 5337): Failed to read packet and byte counts from wifi interface
W/Wifi    ( 5337): Failed to read packet and byte counts from wifi interface
W/Wifi    ( 5337): Failed to read packet and byte counts from wifi interface
W/Wifi    ( 5337): Failed to read packet and byte counts from wifi interface
W/Wifi    ( 5337): Failed to read packet and byte counts from wifi interface
W/Wifi    ( 5337): Failed to read packet and byte counts from wifi interface
I/vgn     ( 2588): 35-GetDeviceDataUploadOptInStatusOperation -- metadata{ service_id: 0 }
I/vgn     ( 2588): 35-GetDeviceDataUploadOptInStatusOperation -- metadata{ service_id: 0 }
W/Wifi    ( 5337): Failed to read packet and byte counts from wifi interface
W/Wifi    ( 5337): Failed to read packet and byte counts from wifi interface
W/Wifi    ( 5337): Failed to read packet and byte counts from wifi interface
W/Wifi    ( 5337): Failed to read packet and byte counts from wifi interface
W/Wifi    ( 5337): Failed to read packet and byte counts from wifi interface
W/Wifi    ( 5337): Failed to read packet and byte counts from wifi interface
W/Wifi    ( 5337): Failed to read packet and byte counts from wifi interface
W/Wifi    ( 5337): Failed to read packet and byte counts from wifi interface
W/Wifi    ( 5337): Failed to read packet and byte counts from wifi interface
W/Wifi    ( 5337): Failed to read packet and byte counts from wifi interface
E/WifiStateMachine( 2186): WifiStateMachine CMD_START_SCAN source -2 txSuccessRate=0.00 rxSuccessRate=0.13 targetRoamBSSID=any RSSI=-63
E/WifiStateMachine( 2186): WifiStateMachine starting scan for "YOU SHALL NOT PASS"WPA_PSK with 2437
W/Wifi    ( 5337): Failed to read packet and byte counts from wifi interface
W/Wifi    ( 5337): Failed to read packet and byte counts from wifi interface
W/Wifi    ( 5337): Failed to read packet and byte counts from wifi interface
W/Wifi    ( 5337): Failed to read packet and byte counts from wifi interface
W/Wifi    ( 5337): Failed to read packet and byte counts from wifi interface
W/Wifi    ( 5337): Failed to read packet and byte counts from wifi interface
W/Wifi    ( 5337): Failed to read packet and byte counts from wifi interface
W/Wifi    ( 5337): Failed to read packet and byte counts from wifi interface
W/Wifi    ( 5337): Failed to read packet and byte counts from wifi interface
W/Wifi    ( 5337): Failed to read packet and byte counts from wifi interface
W/Wifi    ( 5337): Failed to read packet and byte counts from wifi interface
W/Wifi    ( 5337): Failed to read packet and byte counts from wifi interface
W/Wifi    ( 5337): Failed to read packet and byte counts from wifi interface
W/Wifi    ( 5337): Failed to read packet and byte counts from wifi interface
W/Wifi    ( 5337): Failed to read packet and byte counts from wifi interface
W/Wifi    ( 5337): Failed to read packet and byte counts from wifi interface
W/Wifi    ( 5337): Failed to read packet and byte counts from wifi interface
W/Wifi    ( 5337): Failed to read packet and byte counts from wifi interface
W/Wifi    ( 5337): Failed to read packet and byte counts from wifi interface
W/Wifi    ( 5337): Failed to read packet and byte counts from wifi interface
E/WifiStateMachine( 2186): WifiStateMachine CMD_START_SCAN source -2 txSuccessRate=0.00 rxSuccessRate=0.03 targetRoamBSSID=any RSSI=-53
E/WifiStateMachine( 2186): WifiStateMachine starting scan for "YOU SHALL NOT PASS"WPA_PSK with 2437
W/Wifi    ( 5337): Failed to read packet and byte counts from wifi interface
W/Wifi    ( 5337): Failed to read packet and byte counts from wifi interface
W/Wifi    ( 5337): Failed to read packet and byte counts from wifi interface
W/Wifi    ( 5337): Failed to read packet and byte counts from wifi interface
W/Wifi    ( 5337): Failed to read packet and byte counts from wifi interface
W/Wifi    ( 5337): Failed to read packet and byte counts from wifi interface
W/Wifi    ( 5337): Failed to read packet and byte counts from wifi interface
W/Wifi    ( 5337): Failed to read packet and byte counts from wifi interface
W/Wifi    ( 5337): Failed to read packet and byte counts from wifi interface
W/Wifi    ( 5337): Failed to read packet and byte counts from wifi interface
W/Wifi    ( 5337): Failed to read packet and byte counts from wifi interface
W/Wifi    ( 5337): Failed to read packet and byte counts from wifi interface
W/Wifi    ( 5337): Failed to read packet and byte counts from wifi interface
W/Wifi    ( 5337): Failed to read packet and byte counts from wifi interface
W/Wifi    ( 5337): Failed to read packet and byte counts from wifi interface
W/Wifi    ( 5337): Failed to read packet and byte counts from wifi interface
W/Wifi    ( 5337): Failed to read packet and byte counts from wifi interface
W/Wifi    ( 5337): Failed to read packet and byte counts from wifi interface
W/Wifi    ( 5337): Failed to read packet and byte counts from wifi interface
W/Wifi    ( 5337): Failed to read packet and byte counts from wifi interface
E/WifiStateMachine( 2186): WifiStateMachine CMD_START_SCAN source -2 txSuccessRate=1.75 rxSuccessRate=1.81 targetRoamBSSID=any RSSI=-44
E/WifiStateMachine( 2186): WifiStateMachine starting scan for "YOU SHALL NOT PASS"WPA_PSK with 2437
W/Wifi    ( 5337): Failed to read packet and byte counts from wifi interface
W/Wifi    ( 5337): Failed to read packet and byte counts from wifi interface
W/Wifi    ( 5337): Failed to read packet and byte counts from wifi interface
W/Wifi    ( 5337): Failed to read packet and byte counts from wifi interface
W/Wifi    ( 5337): Failed to read packet and byte counts from wifi interface
W/Wifi    ( 5337): Failed to read packet and byte counts from wifi interface
W/Wifi    ( 5337): Failed to read packet and byte counts from wifi interface
W/Wifi    ( 5337): Failed to read packet and byte counts from wifi interface
W/Wifi    ( 5337): Failed to read packet and byte counts from wifi interface
W/Wifi    ( 5337): Failed to read packet and byte counts from wifi interface
I/vgn     ( 2588): 35-GetDeviceDataUploadOptInStatusOperation -- metadata{ service_id: 0 }
I/vgn     ( 2588): 35-GetDeviceDataUploadOptInStatusOperation -- metadata{ service_id: 0 }
W/Wifi    ( 5337): Failed to read packet and byte counts from wifi interface
W/Wifi    ( 5337): Failed to read packet and byte counts from wifi interface
W/Wifi    ( 5337): Failed to read packet and byte counts from wifi interface
W/Wifi    ( 5337): Failed to read packet and byte counts from wifi interface
W/Wifi    ( 5337): Failed to read packet and byte counts from wifi interface
W/Wifi    ( 5337): Failed to read packet and byte counts from wifi interface
W/Wifi    ( 5337): Failed to read packet and byte counts from wifi interface
W/Wifi    ( 5337): Failed to read packet and byte counts from wifi interface
W/Wifi    ( 5337): Failed to read packet and byte counts from wifi interface
W/Wifi    ( 5337): Failed to read packet and byte counts from wifi interface
E/WifiStateMachine( 2186): WifiStateMachine CMD_START_SCAN source -2 txSuccessRate=0.07 rxSuccessRate=0.55 targetRoamBSSID=any RSSI=-50
E/WifiStateMachine( 2186): WifiStateMachine starting scan for "YOU SHALL NOT PASS"WPA_PSK with 2437
W/Wifi    ( 5337): Failed to read packet and byte counts from wifi interface
I/ActivityManager( 2186): Start proc 9657:com.google.android.apps.gcs/u0a7 for broadcast com.google.android.apps.gcs/.steen.receiver.ScoreNetworksReceiver
I/art     ( 1959): Explicit concurrent mark sweep GC freed 704(30KB) AllocSpace objects, 0(0B) LOS objects, 39% free, 7MB/12MB, paused 242us total 22.955ms
I/art     ( 1959): Explicit concurrent mark sweep GC freed 7(240B) AllocSpace objects, 0(0B) LOS objects, 40% free, 7MB/12MB, paused 117us total 17.772ms
I/art     ( 1959): Explicit concurrent mark sweep GC freed 5(160B) AllocSpace objects, 0(0B) LOS objects, 40% free, 7MB/12MB, paused 139us total 14.909ms
I/Stn.AppLifecycle( 9657): [1] b.a: onConfigChanged()
I/GAv4    ( 9657): Google Analytics 10.9.00 is starting up. To enable debug logging on a device run:
I/GAv4    ( 9657):   adb shell setprop log.tag.GAv4 DEBUG
I/GAv4    ( 9657):   adb logcat -s GAv4
W/GAv4    ( 9657): AnalyticsReceiver is not registered or is disabled. Register the receiver for reliable dispatching on non-Google Play devices. See http://goo.gl/8Rd3yj for instructions.
W/GAv4    ( 9657): CampaignTrackingReceiver is not registered, not exported or is disabled. Installation campaign tracking is not possible. See http://goo.gl/8Rd3yj for instructions.
W/GAv4    ( 9657): AnalyticsService not registered in the app manifest. Hits might not be delivered reliably. See http://goo.gl/8Rd3yj for instructions.
D/CrashMetricService( 9657): onPrimesInitialize
E/WifiNetworkScoreCache( 2186): updateScores list size=1
D/WifiService( 2186): New client listening to asynchronous messages
W/Wifi    ( 5337): Failed to read packet and byte counts from wifi interface
W/Wifi    ( 5337): Failed to read packet and byte counts from wifi interface
W/Wifi    ( 5337): Failed to read packet and byte counts from wifi interface
W/Wifi    ( 5337): Failed to read packet and byte counts from wifi interface
W/Wifi    ( 5337): Failed to read packet and byte counts from wifi interface
I/art     ( 2588): Explicit concurrent mark sweep GC freed 135033(6MB) AllocSpace objects, 30(2MB) LOS objects, 32% free, 32MB/48MB, paused 717us total 148.884ms
I/vgn     ( 2588): 35-GetDeviceDataUploadOptInStatusOperation -- metadata{ service_id: 0 }
I/vgn     ( 2588): 35-GetDeviceDataUploadOptInStatusOperation -- metadata{ service_id: 0 }
W/Wifi    ( 5337): Failed to read packet and byte counts from wifi interface
W/Wifi    ( 5337): Failed to read packet and byte counts from wifi interface
W/Wifi    ( 5337): Failed to read packet and byte counts from wifi interface
W/Wifi    ( 5337): Failed to read packet and byte counts from wifi interface
W/Wifi    ( 5337): Failed to read packet and byte counts from wifi interface
W/Wifi    ( 5337): Failed to read packet and byte counts from wifi interface
W/Wifi    ( 5337): Failed to read packet and byte counts from wifi interface
W/Wifi    ( 5337): Failed to read packet and byte counts from wifi interface
W/Wifi    ( 5337): Failed to read packet and byte counts from wifi interface
W/Wifi    ( 5337): Failed to read packet and byte counts from wifi interface
W/Wifi    ( 5337): Failed to read packet and byte counts from wifi interface
W/Wifi    ( 5337): Failed to read packet and byte counts from wifi interface
W/Wifi    ( 5337): Failed to read packet and byte counts from wifi interface
W/Wifi    ( 5337): Failed to read packet and byte counts from wifi interface
E/WifiStateMachine( 2186): WifiStateMachine CMD_START_SCAN source -2 txSuccessRate=0.59 rxSuccessRate=1.05 targetRoamBSSID=any RSSI=-54
E/WifiStateMachine( 2186): WifiStateMachine starting scan for "YOU SHALL NOT PASS"WPA_PSK with 2437
W/Wifi    ( 5337): Failed to read packet and byte counts from wifi interface
W/Wifi    ( 5337): Failed to read packet and byte counts from wifi interface
W/Wifi    ( 5337): Failed to read packet and byte counts from wifi interface
W/Wifi    ( 5337): Failed to read packet and byte counts from wifi interface
W/Wifi    ( 5337): Failed to read packet and byte counts from wifi interface
W/Wifi    ( 5337): Failed to read packet and byte counts from wifi interface
W/Wifi    ( 5337): Failed to read packet and byte counts from wifi interface
W/Wifi    ( 5337): Failed to read packet and byte counts from wifi interface
W/Wifi    ( 5337): Failed to read packet and byte counts from wifi interface
W/Wifi    ( 5337): Failed to read packet and byte counts from wifi interface
W/Wifi    ( 5337): Failed to read packet and byte counts from wifi interface
I/art     ( 2186): Explicit concurrent mark sweep GC freed 182985(8MB) AllocSpace objects, 2(40KB) LOS objects, 33% free, 27MB/41MB, paused 844us total 130.113ms
I/orc     ( 2588): 51-GetConfigurationSnapshotOperationCall -- metadata{ service_id: 0 }
I/orc     ( 2588): 51-CommitToConfigurationOperationCall -- metadata{ service_id: 0 }
I/PhenotypeExpCommitSvc( 9657): [7164] PhenotypeExperimentCommitService.a: Successfully committed experiments for user [bV0mn0Se6j8NQF4DT19QdaUy-_8]
I/Stn.AppLifecycle( 9657): [1] b.a: onConfigChanged()
W/Wifi    ( 5337): Failed to read packet and byte counts from wifi interface
W/Wifi    ( 5337): Failed to read packet and byte counts from wifi interface
W/Wifi    ( 5337): Failed to read packet and byte counts from wifi interface
W/Wifi    ( 5337): Failed to read packet and byte counts from wifi interface
W/Wifi    ( 5337): Failed to read packet and byte counts from wifi interface
W/Wifi    ( 5337): Failed to read packet and byte counts from wifi interface
W/Wifi    ( 5337): Failed to read packet and byte counts from wifi interface
W/Wifi    ( 5337): Failed to read packet and byte counts from wifi interface
W/Wifi    ( 5337): Failed to read packet and byte counts from wifi interface
E/WifiStateMachine( 2186): WifiStateMachine CMD_START_SCAN source -2 txSuccessRate=0.00 rxSuccessRate=0.25 targetRoamBSSID=any RSSI=-48
E/WifiStateMachine( 2186): WifiStateMachine starting scan for "YOU SHALL NOT PASS"WPA_PSK with 2437
W/Wifi    ( 5337): Failed to read packet and byte counts from wifi interface
W/Wifi    ( 5337): Failed to read packet and byte counts from wifi interface
W/Wifi    ( 5337): Failed to read packet and byte counts from wifi interface
W/Wifi    ( 5337): Failed to read packet and byte counts from wifi interface
W/Wifi    ( 5337): Failed to read packet and byte counts from wifi interface
W/Wifi    ( 5337): Failed to read packet and byte counts from wifi interface
W/Wifi    ( 5337): Failed to read packet and byte counts from wifi interface
W/Wifi    ( 5337): Failed to read packet and byte counts from wifi interface
W/Wifi    ( 5337): Failed to read packet and byte counts from wifi interface
W/Wifi    ( 5337): Failed to read packet and byte counts from wifi interface
W/Wifi    ( 5337): Failed to read packet and byte counts from wifi interface
W/Wifi    ( 5337): Failed to read packet and byte counts from wifi interface
W/Wifi    ( 5337): Failed to read packet and byte counts from wifi interface
W/Wifi    ( 5337): Failed to read packet and byte counts from wifi interface
W/Wifi    ( 5337): Failed to read packet and byte counts from wifi interface
W/Wifi    ( 5337): Failed to read packet and byte counts from wifi interface
W/Wifi    ( 5337): Failed to read packet and byte counts from wifi interface
I/DeviceStateChecker(11510): screenOn: true, isCharging: true
W/Wifi    ( 5337): Failed to read packet and byte counts from wifi interface
W/Wifi    ( 5337): Failed to read packet and byte counts from wifi interface
W/Wifi    ( 5337): Failed to read packet and byte counts from wifi interface
E/WifiStateMachine( 2186): WifiStateMachine CMD_START_SCAN source -2 txSuccessRate=0.00 rxSuccessRate=0.13 targetRoamBSSID=any RSSI=-47
E/WifiStateMachine( 2186): WifiStateMachine starting scan for "YOU SHALL NOT PASS"WPA_PSK with 2437
W/Wifi    ( 5337): Failed to read packet and byte counts from wifi interface
I/vgn     ( 2588): 35-GetDeviceDataUploadOptInStatusOperation -- metadata{ service_id: 0 }
I/vgn     ( 2588): 35-GetDeviceDataUploadOptInStatusOperation -- metadata{ service_id: 0 }
W/Wifi    ( 5337): Failed to read packet and byte counts from wifi interface
W/Wifi    ( 5337): Failed to read packet and byte counts from wifi interface
W/Wifi    ( 5337): Failed to read packet and byte counts from wifi interface
W/Wifi    ( 5337): Failed to read packet and byte counts from wifi interface
W/Wifi    ( 5337): Failed to read packet and byte counts from wifi interface
W/Wifi    ( 5337): Failed to read packet and byte counts from wifi interface
W/Wifi    ( 5337): Failed to read packet and byte counts from wifi interface
W/Wifi    ( 5337): Failed to read packet and byte counts from wifi interface
W/Wifi    ( 5337): Failed to read packet and byte counts from wifi interface
W/Wifi    ( 5337): Failed to read packet and byte counts from wifi interface
W/Wifi    ( 5337): Failed to read packet and byte counts from wifi interface
W/Wifi    ( 5337): Failed to read packet and byte counts from wifi interface
W/Wifi    ( 5337): Failed to read packet and byte counts from wifi interface
W/Wifi    ( 5337): Failed to read packet and byte counts from wifi interface
W/Wifi    ( 5337): Failed to read packet and byte counts from wifi interface
W/Wifi    ( 5337): Failed to read packet and byte counts from wifi interface
W/Wifi    ( 5337): Failed to read packet and byte counts from wifi interface
W/Wifi    ( 5337): Failed to read packet and byte counts from wifi interface
W/Wifi    ( 5337): Failed to read packet and byte counts from wifi interface
E/WifiStateMachine( 2186): WifiStateMachine CMD_START_SCAN source -2 txSuccessRate=0.00 rxSuccessRate=0.25 targetRoamBSSID=any RSSI=-50
E/WifiStateMachine( 2186): WifiStateMachine starting scan for "YOU SHALL NOT PASS"WPA_PSK with 2437
W/Wifi    ( 5337): Failed to read packet and byte counts from wifi interface
W/Wifi    ( 5337): Failed to read packet and byte counts from wifi interface
W/Wifi    ( 5337): Failed to read packet and byte counts from wifi interface
W/Wifi    ( 5337): Failed to read packet and byte counts from wifi interface
W/Wifi    ( 5337): Failed to read packet and byte counts from wifi interface
W/Wifi    ( 5337): Failed to read packet and byte counts from wifi interface
W/Wifi    ( 5337): Failed to read packet and byte counts from wifi interface
W/Wifi    ( 5337): Failed to read packet and byte counts from wifi interface
W/Wifi    ( 5337): Failed to read packet and byte counts from wifi interface
W/Wifi    ( 5337): Failed to read packet and byte counts from wifi interface
W/Wifi    ( 5337): Failed to read packet and byte counts from wifi interface
W/Wifi    ( 5337): Failed to read packet and byte counts from wifi interface
W/Wifi    ( 5337): Failed to read packet and byte counts from wifi interface
W/Wifi    ( 5337): Failed to read packet and byte counts from wifi interface
W/Wifi    ( 5337): Failed to read packet and byte counts from wifi interface
W/Wifi    ( 5337): Failed to read packet and byte counts from wifi interface
W/Wifi    ( 5337): Failed to read packet and byte counts from wifi interface
W/Wifi    ( 5337): Failed to read packet and byte counts from wifi interface
W/Wifi    ( 5337): Failed to read packet and byte counts from wifi interface
W/Wifi    ( 5337): Failed to read packet and byte counts from wifi interface
E/WifiStateMachine( 2186): WifiStateMachine CMD_START_SCAN source -2 txSuccessRate=0.00 rxSuccessRate=0.02 targetRoamBSSID=any RSSI=-46
E/WifiStateMachine( 2186): WifiStateMachine starting scan for "YOU SHALL NOT PASS"WPA_PSK with 2437
W/Wifi    ( 5337): Failed to read packet and byte counts from wifi interface
E/MtpServerJNI(29683): server is null in send_object_removed
D/MtpService(29683): updating state; isCurrentUser=true, mMtpLocked=false
D/MtpService(29683): addStorageLocked 65537 /storage/emulated/0
D/MtpService(29683): updating state; isCurrentUser=true, mMtpLocked=false
D/MtpService(29683): starting MTP server in MTP mode
D/MtpService(29683): addStorageLocked 65537 /storage/emulated/0
W/Wifi    ( 5337): Failed to read packet and byte counts from wifi interface
W/Wifi    ( 5337): Failed to read packet and byte counts from wifi interface
W/Wifi    ( 5337): Failed to read packet and byte counts from wifi interface
W/Wifi    ( 5337): Failed to read packet and byte counts from wifi interface
W/Wifi    ( 5337): Failed to read packet and byte counts from wifi interface
W/Wifi    ( 5337): Failed to read packet and byte counts from wifi interface
W/Wifi    ( 5337): Failed to read packet and byte counts from wifi interface
W/Wifi    ( 5337): Failed to read packet and byte counts from wifi interface
W/Wifi    ( 5337): Failed to read packet and byte counts from wifi interface
W/Wifi    ( 5337): Failed to read packet and byte counts from wifi interface
W/Wifi    ( 5337): Failed to read packet and byte counts from wifi interface
W/Wifi    ( 5337): Failed to read packet and byte counts from wifi interface
W/Wifi    ( 5337): Failed to read packet and byte counts from wifi interface
W/Wifi    ( 5337): Failed to read packet and byte counts from wifi interface
W/Wifi    ( 5337): Failed to read packet and byte counts from wifi interface
W/Wifi    ( 5337): Failed to read packet and byte counts from wifi interface
W/Wifi    ( 5337): Failed to read packet and byte counts from wifi interface
W/Wifi    ( 5337): Failed to read packet and byte counts from wifi interface
W/Wifi    ( 5337): Failed to read packet and byte counts from wifi interface
E/WifiStateMachine( 2186): WifiStateMachine CMD_START_SCAN source -2 txSuccessRate=0.00 rxSuccessRate=0.25 targetRoamBSSID=any RSSI=-59
E/WifiStateMachine( 2186): WifiStateMachine starting scan for "YOU SHALL NOT PASS"WPA_PSK with 2437
W/Wifi    ( 5337): Failed to read packet and byte counts from wifi interface
W/Wifi    ( 5337): Failed to read packet and byte counts from wifi interface
W/Wifi    ( 5337): Failed to read packet and byte counts from wifi interface
W/Wifi    ( 5337): Failed to read packet and byte counts from wifi interface
W/Wifi    ( 5337): Failed to read packet and byte counts from wifi interface
W/Wifi    ( 5337): Failed to read packet and byte counts from wifi interface
W/Wifi    ( 5337): Failed to read packet and byte counts from wifi interface
W/Wifi    ( 5337): Failed to read packet and byte counts from wifi interface
W/Wifi    ( 5337): Failed to read packet and byte counts from wifi interface
W/Wifi    ( 5337): Failed to read packet and byte counts from wifi interface
W/Wifi    ( 5337): Failed to read packet and byte counts from wifi interface
W/Wifi    ( 5337): Failed to read packet and byte counts from wifi interface
W/Wifi    ( 5337): Failed to read packet and byte counts from wifi interface
W/Wifi    ( 5337): Failed to read packet and byte counts from wifi interface
W/Wifi    ( 5337): Failed to read packet and byte counts from wifi interface
W/Wifi    ( 5337): Failed to read packet and byte counts from wifi interface
W/Wifi    ( 5337): Failed to read packet and byte counts from wifi interface
W/Wifi    ( 5337): Failed to read packet and byte counts from wifi interface
W/Wifi    ( 5337): Failed to read packet and byte counts from wifi interface
W/Wifi    ( 5337): Failed to read packet and byte counts from wifi interface
E/WifiStateMachine( 2186): WifiStateMachine CMD_START_SCAN source -2 txSuccessRate=0.00 rxSuccessRate=0.02 targetRoamBSSID=any RSSI=-55
E/WifiStateMachine( 2186): WifiStateMachine starting scan for "YOU SHALL NOT PASS"WPA_PSK with 2437
I/vgn     ( 2588): 35-GetDeviceDataUploadOptInStatusOperation -- metadata{ service_id: 0 }
I/vgn     ( 2588): 35-GetDeviceDataUploadOptInStatusOperation -- metadata{ service_id: 0 }
I/ActivityManager( 2186): Start proc 9714:com.google.android.talk/u0a13 for service com.google.android.talk/com.google.android.apps.hangouts.concurrent.impl.GcmTriggeredNotifier
W/ResourcesManager( 9714): Asset path '/system/framework/com.google.android.media.effects.jar' does not exist or contains no resources.
W/Wifi    ( 5337): Failed to read packet and byte counts from wifi interface
I/Babel_telephony( 9714): TeleModule.onApplicationCreate
I/Babel_SMS( 9714): MmsConfig: mnc/mcc: 0/0
I/Babel_SMS( 9714): MmsConfig.loadMmsSettings
I/Babel_SMS( 9714): MmsConfig.loadDeviceMmsSettings from API: userAgent=, uaProfUrl=
I/Babel_SMS( 9714): MmsConfig.loadFromDatabase
E/Babel_SMS( 9714): canonicalizeMccMnc: invalid mccmnc 
I/Babel_SMS( 9714): MmsConfig.loadFromResources
E/Babel_SMS( 9714): canonicalizeMccMnc: invalid mccmnc nullnull
I/Babel_App( 9714): Startup - clean
I/Babel_SMS( 9714): MmsConfig.loadMmsSettings: userAgent=Hangouts/22.0.171704195, uaProfUrl=https://ssl.gstatic.com/android/hangouts/hangouts_mms_ua_profile.xml
D/Babel_SmsDep( 9714): disabled
D/Babel_SmsDepStand( 9714): count:1
I/Babel_ConcService( 9714): Binding ConcurrentService
D/VoldCmdListener(  153): cryptfs getpwtype
I/Babel_ConcService( 9714): Scheduling delay with GcmNetworkManager of 28744 s for task froaccount_reg_renewal_80435_11 and tag network_connectivity_wakeup:persisted
I/Babel_ConcService( 9714): Scheduling delay with GcmNetworkManager of 7107 s for task foufou1_182568617_3 and tag network_connectivity_wakeup:persisted
I/Babel_ConcService( 9714): Scheduling delay with GcmNetworkManager of 82799 s for task fugDB_CLEANUP_207860000_5 and tag :persisted
I/Babel_ConcService( 9714): Acquired partial wake lock to keep ConcurrentService alive
I/Babel_ConcService( 9714): Released partial wake lock as ConcurrentService became idle
I/Babel_ConcService( 9714): Acquired partial wake lock to keep ConcurrentService alive
I/Babel_ConcService( 9714): Released partial wake lock as ConcurrentService became idle
I/Babel_ConcService( 9714): Acquired partial wake lock to keep ConcurrentService alive
I/Babel_ConcService( 9714): Released partial wake lock as ConcurrentService became idle
I/Babel_ConcService( 9714): Acquired partial wake lock to keep ConcurrentService alive
I/Babel_ConcService( 9714): Released partial wake lock as ConcurrentService became idle
I/Babel_ConcService( 9714): Acquired partial wake lock to keep ConcurrentService alive
I/Babel_ConcService( 9714): Released partial wake lock as ConcurrentService became idle
I/Babel_ConcService( 9714): Acquired partial wake lock to keep ConcurrentService alive
D/Babel_AcctMgr( 9714): created account greenlab.vu@gmail.com => Redacted-21-chars
D/Babel_AcctMgr( 9714): created account mrappletoo@gmail.com => Redacted-20-chars
D/Babel_SmsDepStand( 9714): count:1
D/Babel_SmsDepNotif( 9714): enabled
I/Babel_Notif_Persistent( 9714): PersistentMessageNotifier.create
I/Babel   ( 9714): Account -1 not found for ringtone chat_notification_sound_key
I/Babel   ( 9714): ixe: No such account: -1
I/Babel   ( 9714): 	at ixu.b(SourceFile:113)
I/Babel   ( 9714): 	at fxh.a(SourceFile:22)
I/Babel   ( 9714): 	at fxh.b(SourceFile:18)
I/Babel   ( 9714): 	at eey.a(SourceFile:117)
I/Babel   ( 9714): 	at efc.a(SourceFile:29)
I/Babel   ( 9714): 	at gck.a(SourceFile:5)
I/Babel   ( 9714): 	at efh.a(SourceFile:4)
I/Babel   ( 9714): 	at bfn.run(SourceFile:25)
I/Babel   ( 9714): 	at java.util.concurrent.ThreadPoolExecutor.runWorker(ThreadPoolExecutor.java:1112)
I/Babel   ( 9714): 	at java.util.concurrent.ThreadPoolExecutor$Worker.run(ThreadPoolExecutor.java:587)
I/Babel   ( 9714): 	at bfu.run(SourceFile:5)
I/Babel   ( 9714): 	at java.lang.Thread.run(Thread.java:818)
D/NuPlayerDriver( 1962): reset(0xaaefb1c8)
D/NuPlayerDriver( 1962): notifyResetComplete(0xaaefb1c8)
D/Babel   ( 9714): isPhone: phoneType = 0
D/Babel_SmsDepUtil( 9714): imp:-1:3685
D/Babel_RtcImpressions( 9714): Type: 3685
I/Babel_ConcService( 9714): Released partial wake lock as ConcurrentService became idle
I/Babel_ConcService( 9714): Acquired partial wake lock to keep ConcurrentService alive
I/Babel_ConcService( 9714): Released partial wake lock as ConcurrentService became idle
W/Wifi    ( 5337): Failed to read packet and byte counts from wifi interface
W/Wifi    ( 5337): Failed to read packet and byte counts from wifi interface
W/Wifi    ( 5337): Failed to read packet and byte counts from wifi interface
W/Wifi    ( 5337): Failed to read packet and byte counts from wifi interface
W/Wifi    ( 5337): Failed to read packet and byte counts from wifi interface
I/Babel_ConcService( 9714): onStartCommand
I/Babel_ConcService( 9714): Acquired partial wake lock to keep ConcurrentService alive
W/Wifi    ( 5337): Failed to read packet and byte counts from wifi interface
I/Babel_ConcService( 9714): Released partial wake lock as ConcurrentService became idle
W/Wifi    ( 5337): Failed to read packet and byte counts from wifi interface
W/Wifi    ( 5337): Failed to read packet and byte counts from wifi interface
W/Wifi    ( 5337): Failed to read packet and byte counts from wifi interface
W/Wifi    ( 5337): Failed to read packet and byte counts from wifi interface
W/Wifi    ( 5337): Failed to read packet and byte counts from wifi interface
W/Wifi    ( 5337): Failed to read packet and byte counts from wifi interface
W/Wifi    ( 5337): Failed to read packet and byte counts from wifi interface
W/Wifi    ( 5337): Failed to read packet and byte counts from wifi interface
W/Wifi    ( 5337): Failed to read packet and byte counts from wifi interface
D/Babel_SmsDep( 9714): disabled
I/Babel_ConcService( 9714): Scheduling delay with GcmNetworkManager of 3599 s for task fugDB_CLEANUP_211475556_5 and tag :persisted
I/Babel_ConcService( 9714): Acquired partial wake lock to keep ConcurrentService alive
I/Babel_ConcService( 9714): Released partial wake lock as ConcurrentService became idle
W/Wifi    ( 5337): Failed to read packet and byte counts from wifi interface
W/Wifi    ( 5337): Failed to read packet and byte counts from wifi interface
W/Wifi    ( 5337): Failed to read packet and byte counts from wifi interface
W/Wifi    ( 5337): Failed to read packet and byte counts from wifi interface
E/WifiStateMachine( 2186): WifiStateMachine CMD_START_SCAN source -2 txSuccessRate=0.00 rxSuccessRate=0.56 targetRoamBSSID=any RSSI=-53
W/Wifi    ( 5337): Failed to read packet and byte counts from wifi interface
W/ctxmgr  ( 2588): [AclManager]No 2 for (accnt=account#-517948760#, com.google.android.gms(10008):IndoorOutdoorProducer, vrsn=12685000, 0, 3pPkg = null ,  3pMdlId = null ,  pid = 2588). Was: 3 for 57, account#-517948760#
W/Wifi    ( 5337): Failed to read packet and byte counts from wifi interface
W/Wifi    ( 5337): Failed to read packet and byte counts from wifi interface
W/Wifi    ( 5337): Failed to read packet and byte counts from wifi interface
W/Wifi    ( 5337): Failed to read packet and byte counts from wifi interface
W/Wifi    ( 5337): Failed to read packet and byte counts from wifi interface
W/Wifi    ( 5337): Failed to read packet and byte counts from wifi interface
W/Wifi    ( 5337): Failed to read packet and byte counts from wifi interface
I/UsageStatsService( 2186): User[0] Flushing usage stats to disk
W/Wifi    ( 5337): Failed to read packet and byte counts from wifi interface
W/Wifi    ( 5337): Failed to read packet and byte counts from wifi interface
W/Wifi    ( 5337): Failed to read packet and byte counts from wifi interface
W/Telecom ( 2186): TelecomServiceImpl: null is not visible for the calling user
I/Babel_telephony( 9714): TeleModule.unregisterConnectionManagerLMR1, not currently registered
W/Wifi    ( 5337): Failed to read packet and byte counts from wifi interface
W/Wifi    ( 5337): Failed to read packet and byte counts from wifi interface
W/Wifi    ( 5337): Failed to read packet and byte counts from wifi interface
W/Wifi    ( 5337): Failed to read packet and byte counts from wifi interface
W/Wifi    ( 5337): Failed to read packet and byte counts from wifi interface
W/Wifi    ( 5337): Failed to read packet and byte counts from wifi interface
W/Wifi    ( 5337): Failed to read packet and byte counts from wifi interface
W/Wifi    ( 5337): Failed to read packet and byte counts from wifi interface
W/Wifi    ( 5337): Failed to read packet and byte counts from wifi interface
E/WifiStateMachine( 2186): WifiStateMachine CMD_START_SCAN source -2 txSuccessRate=0.00 rxSuccessRate=0.00 targetRoamBSSID=any RSSI=-46
E/WifiStateMachine( 2186): WifiStateMachine starting scan for "YOU SHALL NOT PASS"WPA_PSK with 2437
W/Wifi    ( 5337): Failed to read packet and byte counts from wifi interface
W/Wifi    ( 5337): Failed to read packet and byte counts from wifi interface
W/Wifi    ( 5337): Failed to read packet and byte counts from wifi interface
W/Wifi    ( 5337): Failed to read packet and byte counts from wifi interface
W/Wifi    ( 5337): Failed to read packet and byte counts from wifi interface
W/Wifi    ( 5337): Failed to read packet and byte counts from wifi interface
W/Wifi    ( 5337): Failed to read packet and byte counts from wifi interface
W/Wifi    ( 5337): Failed to read packet and byte counts from wifi interface
W/Wifi    ( 5337): Failed to read packet and byte counts from wifi interface
W/Wifi    ( 5337): Failed to read packet and byte counts from wifi interface
W/Wifi    ( 5337): Failed to read packet and byte counts from wifi interface
W/Wifi    ( 5337): Failed to read packet and byte counts from wifi interface
W/Wifi    ( 5337): Failed to read packet and byte counts from wifi interface
W/Wifi    ( 5337): Failed to read packet and byte counts from wifi interface
W/Wifi    ( 5337): Failed to read packet and byte counts from wifi interface
W/Wifi    ( 5337): Failed to read packet and byte counts from wifi interface
W/Wifi    ( 5337): Failed to read packet and byte counts from wifi interface
W/Wifi    ( 5337): Failed to read packet and byte counts from wifi interface
W/Wifi    ( 5337): Failed to read packet and byte counts from wifi interface
W/Wifi    ( 5337): Failed to read packet and byte counts from wifi interface
E/WifiStateMachine( 2186): WifiStateMachine CMD_START_SCAN source -2 txSuccessRate=0.00 rxSuccessRate=0.53 targetRoamBSSID=any RSSI=-45
E/WifiStateMachine( 2186): WifiStateMachine starting scan for "YOU SHALL NOT PASS"WPA_PSK with 2437
W/Wifi    ( 5337): Failed to read packet and byte counts from wifi interface
W/Wifi    ( 5337): Failed to read packet and byte counts from wifi interface
W/Wifi    ( 5337): Failed to read packet and byte counts from wifi interface
W/Wifi    ( 5337): Failed to read packet and byte counts from wifi interface
W/Wifi    ( 5337): Failed to read packet and byte counts from wifi interface
W/Wifi    ( 5337): Failed to read packet and byte counts from wifi interface
W/Wifi    ( 5337): Failed to read packet and byte counts from wifi interface
W/Wifi    ( 5337): Failed to read packet and byte counts from wifi interface
W/Wifi    ( 5337): Failed to read packet and byte counts from wifi interface
W/Wifi    ( 5337): Failed to read packet and byte counts from wifi interface
W/Wifi    ( 5337): Failed to read packet and byte counts from wifi interface
W/Wifi    ( 5337): Failed to read packet and byte counts from wifi interface
W/Wifi    ( 5337): Failed to read packet and byte counts from wifi interface
W/Wifi    ( 5337): Failed to read packet and byte counts from wifi interface
W/Wifi    ( 5337): Failed to read packet and byte counts from wifi interface
W/Wifi    ( 5337): Failed to read packet and byte counts from wifi interface
W/Wifi    ( 5337): Failed to read packet and byte counts from wifi interface
W/Wifi    ( 5337): Failed to read packet and byte counts from wifi interface
W/Wifi    ( 5337): Failed to read packet and byte counts from wifi interface
W/Wifi    ( 5337): Failed to read packet and byte counts from wifi interface
E/WifiStateMachine( 2186): WifiStateMachine CMD_START_SCAN source -2 txSuccessRate=0.00 rxSuccessRate=0.00 targetRoamBSSID=any RSSI=-45
E/WifiStateMachine( 2186): WifiStateMachine starting scan for "YOU SHALL NOT PASS"WPA_PSK with 2437
W/Wifi    ( 5337): Failed to read packet and byte counts from wifi interface
W/Wifi    ( 5337): Failed to read packet and byte counts from wifi interface
W/Wifi    ( 5337): Failed to read packet and byte counts from wifi interface
W/Wifi    ( 5337): Failed to read packet and byte counts from wifi interface
W/Wifi    ( 5337): Failed to read packet and byte counts from wifi interface
W/Wifi    ( 5337): Failed to read packet and byte counts from wifi interface
W/Wifi    ( 5337): Failed to read packet and byte counts from wifi interface
W/Wifi    ( 5337): Failed to read packet and byte counts from wifi interface
W/Wifi    ( 5337): Failed to read packet and byte counts from wifi interface
W/Wifi    ( 5337): Failed to read packet and byte counts from wifi interface
W/Wifi    ( 5337): Failed to read packet and byte counts from wifi interface
I/Places  ( 2588): Converted 6 out of 16 WiFi scans
I/PlaceInferenceEngine( 2588): [anon] Changed inference mode: 1
W/ctxmgr  ( 2588): [AclManager]No 2 for (accnt=account#-517948760#, com.google.android.gms(10008):UserLocationProducer, vrsn=12685000, 0, 3pPkg = null ,  3pMdlId = null ,  pid = 2588). Was: 3 for 1, account#-517948760#
W/ctxmgr  ( 2588): [AclManager]No 2 for (accnt=account#1813920180#, com.google.android.gms(10008):UserLocationProducer, vrsn=12685000, 0, 3pPkg = null ,  3pMdlId = null ,  pid = 2588). Was: 2 for 1, account#1813920180#
W/ctxmgr  ( 2588): [AclManager]No 2 for (accnt=account#1644684176#, com.google.android.gms(10008):UserLocationProducer, vrsn=12685000, 0, 3pPkg = null ,  3pMdlId = null ,  pid = 2588). Was: 2 for 1, account#1644684176#
I/PlaceInferenceEngine( 2588): No beacon scan available - ignoring candidates.
W/ctxmgr  ( 2588): [AclManager]No 2 for (accnt=account#-517948760#, com.google.android.gms(10008):UserVelocityProducer, vrsn=12685000, 0, 3pPkg = null ,  3pMdlId = null ,  pid = 2588). Was: 3 for 48, account#-517948760#
W/Wifi    ( 5337): Failed to read packet and byte counts from wifi interface
W/Wifi    ( 5337): Failed to read packet and byte counts from wifi interface
W/Wifi    ( 5337): Failed to read packet and byte counts from wifi interface
W/Wifi    ( 5337): Failed to read packet and byte counts from wifi interface
W/Wifi    ( 5337): Failed to read packet and byte counts from wifi interface
W/Wifi    ( 5337): Failed to read packet and byte counts from wifi interface
I/DeviceStateChecker(11510): screenOn: true, isCharging: true
W/Wifi    ( 5337): Failed to read packet and byte counts from wifi interface
W/Wifi    ( 5337): Failed to read packet and byte counts from wifi interface
W/Wifi    ( 5337): Failed to read packet and byte counts from wifi interface
I/vgn     ( 2588): 35-GetDeviceDataUploadOptInStatusOperation -- metadata{ service_id: 0 }
W/LocationOracle(11510): No location history returned by ContextManager
I/vgn     ( 2588): 35-GetDeviceDataUploadOptInStatusOperation -- metadata{ service_id: 0 }
I/orc     ( 2588): 51-GetConfigurationSnapshotOperationCall -- metadata{ service_id: 0 }
I/orc     ( 2588): 51-CommitToConfigurationOperationCall -- metadata{ service_id: 0 }
I/GeofencerStateMachine( 2588): removeGeofences: removeRequest=RemoveGeofencingRequest[REMOVE_BY_PENDING_INTENT pendingIntent=PendingIntent[creatorPackage=com.google.android.googlequicksearchbox], packageName=null]
E/GeofenceHelper(11510): Failed: remo