--------- beginning of crash
F/libc    (23061): Fatal signal 11 (SIGSEGV), code 1, fault addr 0x7f8c9d72f4 in tid 23091 (Binder_1)
F/libc    (  455): Fatal signal 11 (SIGSEGV), code 1, fault addr 0x523a281da4 in tid 554 (WifiStateMachin)
E/AndroidRuntime( 3556): FATAL EXCEPTION: Thread-312
E/AndroidRuntime( 3556): Process: edu.umich.PowerTutor, PID: 3556
E/AndroidRuntime( 3556): java.lang.NullPointerException: Attempt to invoke interface method 'int java.util.List.size()' on a null object reference
E/AndroidRuntime( 3556): 	at edu.umich.PowerTutor.util.ForegroundDetector.getForegroundUid(ForegroundDetector.java:63)
E/AndroidRuntime( 3556): 	at edu.umich.PowerTutor.components.LCD.calculateIteration(LCD.java:164)
E/AndroidRuntime( 3556): 	at edu.umich.PowerTutor.components.PowerComponent.run(PowerComponent.java:84)
E/AndroidRuntime( 3556): Error reporting crash
E/AndroidRuntime( 3556): android.os.DeadObjectException
E/AndroidRuntime( 3556): 	at android.os.BinderProxy.transactNative(Native Method)
E/AndroidRuntime( 3556): 	at android.os.BinderProxy.transact(Binder.java:496)
E/AndroidRuntime( 3556): 	at android.app.ActivityManagerProxy.handleApplicationCrash(ActivityManagerNative.java:4164)
E/AndroidRuntime( 3556): 	at com.android.internal.os.RuntimeInit$UncaughtHandler.uncaughtException(RuntimeInit.java:89)
E/AndroidRuntime( 3556): 	at java.lang.ThreadGroup.uncaughtException(ThreadGroup.java:693)
E/AndroidRuntime( 3556): 	at java.lang.ThreadGroup.uncaughtException(ThreadGroup.java:690)
F/libc    ( 1807): Fatal signal 11 (SIGSEGV), code 1, fault addr 0x7fa6e092f4 in tid 1817 (Binder_1)
F/libc    (15929): Fatal signal 11 (SIGSEGV), code 1, fault addr 0x7fb21192f4 in tid 15940 (Binder_2)
F/libc    (23838): Fatal signal 11 (SIGSEGV), code 1, fault addr 0x7fa30a52f4 in tid 23853 (Binder_2)
F/libc    (14789): Fatal signal 11 (SIGSEGV), code 1, fault addr 0x7f99ea72f4 in tid 14800 (Binder_2)
F/libc    (12681): Fatal signal 11 (SIGSEGV), code 1, fault addr 0x7f7ec2b2f4 in tid 12692 (Binder_2)
F/libc    (12791): Fatal signal 11 (SIGSEGV), code 1, fault addr 0x7f975592f4 in tid 12801 (Binder_1)
F/libc    (20075): Fatal signal 11 (SIGSEGV), code 1, fault addr 0x7f911552f4 in tid 20085 (Binder_2)
F/libc    ( 9094): Fatal signal 11 (SIGSEGV), code 1, fault addr 0x7fa59432f4 in tid 9103 (Binder_1)
F/libc    ( 8123): Fatal signal 11 (SIGSEGV), code 1, fault addr 0x7f9ab092f4 in tid 8134 (Binder_2)
F/libc    (32322): Fatal signal 11 (SIGSEGV), code 1, fault addr 0x7f95c0d2f4 in tid 32333 (Binder_2)
F/libc    (12851): Fatal signal 11 (SIGSEGV), code 1, fault addr 0x7f996132f4 in tid 12861 (Binder_2)
F/libc    ( 1539): Fatal signal 11 (SIGSEGV), code 1, fault addr 0x7fa45c72f4 in tid 1550 (Binder_2)
F/libc    ( 5511): Fatal signal 11 (SIGSEGV), code 1, fault addr 0x7f7e7cd2f4 in tid 5521 (Binder_1)
F/libc    (31257): Fatal signal 11 (SIGSEGV), code 1, fault addr 0x7fa12432f4 in tid 31268 (Binder_2)
--------- beginning of system
W/ResourcesManager(  472): Asset path '/system/framework/com.android.media.remotedisplay.jar' does not exist or contains no resources.
W/ResourcesManager(  472): Asset path '/system/framework/com.android.location.provider.jar' does not exist or contains no resources.
W/FileUtils(25520): Failed to chmod(/storage/emulated/0/trepn/Trepn_2018.06.21_183230.db): android.system.ErrnoException: chmod failed: EPERM (Operation not permitted)
I/UsageStatsService( 2186): User[0] Flushing usage stats to disk
I/ActivityManager( 2186): Force stopping com.android.chrome appid=10035 user=0: from pid 529
I/ActivityManager( 2186): Killing 472:com.android.chrome/u0a35 (adj 9): stop com.android.chrome
W/ActivityManager( 2186): Spurious death for ProcessRecord{2472d45e 472:com.android.chrome/u0a35}, curProc for 472: null
I/ActivityManager( 2186): START u0 {act=android.intent.action.VIEW flg=0x10008000 cmp=com.android.chrome/com.google.android.apps.chrome.Main} from uid 2000 on display 0
V/WindowManager( 2186): addAppToken: AppWindowToken{320f5655 token=Token{3a31bd0c ActivityRecord{204d403f u0 com.android.chrome/com.google.android.apps.chrome.Main t7606}}} to stack=1 task=7606 at 0
I/ActivityManager( 2186): Start proc 541:com.android.chrome/u0a35 for activity com.android.chrome/com.google.android.apps.chrome.Main
W/ResourcesManager(  541): Asset path '/system/framework/com.android.media.remotedisplay.jar' does not exist or contains no resources.
W/ResourcesManager(  541): Asset path '/system/framework/com.android.location.provider.jar' does not exist or contains no resources.
I/ActivityManager( 2186): START u0 {cmp=com.android.chrome/org.chromium.chrome.browser.firstrun.FirstRunActivity (has extras)} from uid 10035 on display 0
V/WindowManager( 2186): addAppToken: AppWindowToken{2a330ac2 token=Token{1facfb0d ActivityRecord{890a1a4 u0 com.android.chrome/org.chromium.chrome.browser.firstrun.FirstRunActivity t7607}}} to stack=1 task=7607 at 0
V/WindowManager( 2186): Based on layer: Adding window Window{1b8b301a u0 com.android.chrome/org.chromium.chrome.browser.firstrun.FirstRunActivity} at 3 of 16
I/ActivityManager( 2186): Start proc 570:com.android.chrome:sandboxed_process0/u0i752 for service com.android.chrome/org.chromium.content.app.SandboxedProcessService0
D/ConnectivityService( 2186): listenForNetwork for NetworkRequest [ id=2095, legacyType=-1, [ Capabilities: INTERNET&NOT_RESTRICTED&TRUSTED] ]
D/ConnectivityService( 2186): handleRegisterNetworkRequest checking NetworkAgentInfo [WIFI () - 110]
D/ConnectivityService( 2186): apparently satisfied.  currentScore=60
D/ConnectivityService( 2186): listenForNetwork for NetworkRequest [ id=2096, legacyType=-1, [ Capabilities: INTERNET&NOT_RESTRICTED&TRUSTED] ]
D/ConnectivityService( 2186): handleRegisterNetworkRequest checking NetworkAgentInfo [WIFI () - 110]
D/ConnectivityService( 2186): apparently satisfied.  currentScore=60
I/ActivityManager( 2186): Start proc 619:com.android.chrome:privileged_process0/u0a35 for service com.android.chrome/org.chromium.content.app.PrivilegedProcessService0
I/ActivityManager( 2186): START u0 {act=android.intent.action.VIEW flg=0x10808000 cmp=com.android.chrome/com.google.android.apps.chrome.Main (has extras)} from uid 10035 on display 0
V/WindowManager( 2186): addAppToken: AppWindowToken{3e9989e8 token=Token{394b070b ActivityRecord{77b86da u0 com.android.chrome/com.google.android.apps.chrome.Main t7608}}} to stack=1 task=7608 at 0
W/libprocessgroup( 2186): failed to open /acct/uid_10035/pid_570/cgroup.procs: No such file or directory
I/ActivityManager( 2186): Process com.android.chrome:sandboxed_process0 (pid 570) has died
W/ActivityManager( 2186): Scheduling restart of crashed service com.android.chrome/org.chromium.content.app.SandboxedProcessService0 in 1000ms
D/ConnectivityService( 2186): releasing NetworkRequest NetworkRequest [ id=2096, legacyType=-1, [ Capabilities: INTERNET&NOT_RESTRICTED&TRUSTED] ]
D/ConnectivityService( 2186): listenForNetwork for NetworkRequest [ id=2097, legacyType=-1, [ Capabilities: INTERNET&NOT_RESTRICTED&TRUSTED] ]
D/ConnectivityService( 2186): handleRegisterNetworkRequest checking NetworkAgentInfo [WIFI () - 110]
D/ConnectivityService( 2186): apparently satisfied.  currentScore=60
I/ActivityManager( 2186): START u0 {act=android.intent.action.VIEW flg=0x14002000 cmp=com.android.chrome/org.chromium.chrome.browser.ChromeTabbedActivity (has extras)} from uid 10035 on display 0
V/WindowManager( 2186): addAppToken: AppWindowToken{46b4c83 token=Token{eb41732 ActivityRecord{19f1b33d u0 com.android.chrome/org.chromium.chrome.browser.ChromeTabbedActivity t7609}}} to stack=1 task=7609 at 0
V/WindowManager( 2186): Based on layer: Adding window Window{17373d18 u0 Starting com.android.chrome} at 4 of 17
I/ActivityManager( 2186): Start proc 684:com.android.chrome:sandboxed_process0/u0i753 for service com.android.chrome/org.chromium.content.app.SandboxedProcessService0
V/WindowManager( 2186): Adding window Window{1c80e6eb u0 com.android.chrome/org.chromium.chrome.browser.ChromeTabbedActivity} at 4 of 18 (before Window{17373d18 u0 Starting com.android.chrome})
V/WindowManager( 2186): Adding window Window{35ec2c60 u0 SurfaceView} at 4 of 19 (before Window{1c80e6eb u0 com.android.chrome/org.chromium.chrome.browser.ChromeTabbedActivity})
I/ActivityManager( 2186): Start proc 730:com.android.chrome:sandboxed_process1/u0i754 for service com.android.chrome/org.chromium.content.app.SandboxedProcessService1
I/ActivityManager( 2186): Activity reported stop, but no longer stopping: ActivityRecord{890a1a4 u0 com.android.chrome/org.chromium.chrome.browser.firstrun.FirstRunActivity t7607 f}
D/TaskPersister( 2186): removeObsoleteFile: deleting file=7607_task_thumbnail.png
W/libprocessgroup( 2186): failed to open /acct/uid_10035/pid_730/cgroup.procs: No such file or directory
I/ActivityManager( 2186): Process com.android.chrome:sandboxed_process1 (pid 730) has died
W/ActivityManager( 2186): Scheduling restart of crashed service com.android.chrome/org.chromium.content.app.SandboxedProcessService1 in 1000ms
D/WifiService( 2186): acquireWifiLockLocked: WifiLock{NlpWifiLock type=2 binder=android.os.BinderProxy@28f587dc}
D/WifiService( 2186): releaseWifiLockLocked: WifiLock{NlpWifiLock type=2 binder=android.os.BinderProxy@28f587dc}
W/FileUtils(25520): Failed to chmod(/storage/emulated/0/trepn/Trepn_2018.06.21_183604.db): android.system.ErrnoException: chmod failed: EPERM (Operation not permitted)
I/ActivityManager( 2186): START u0 {act=android.intent.action.VIEW dat=https://few.vu.nl/~ktn470/android/index.11.html flg=0x10000000 cmp=com.android.chrome/com.google.android.apps.chrome.Main} from uid 2000 on display 0
V/WindowManager( 2186): addAppToken: AppWindowToken{2308f674 token=Token{3b115e47 ActivityRecord{1f2c0586 u0 com.android.chrome/com.google.android.apps.chrome.Main t7610}}} to stack=1 task=7610 at 0
D/ConnectivityService( 2186): releasing NetworkRequest NetworkRequest [ id=2097, legacyType=-1, [ Capabilities: INTERNET&NOT_RESTRICTED&TRUSTED] ]
D/ConnectivityService( 2186): listenForNetwork for NetworkRequest [ id=2098, legacyType=-1, [ Capabilities: INTERNET&NOT_RESTRICTED&TRUSTED] ]
D/ConnectivityService( 2186): handleRegisterNetworkRequest checking NetworkAgentInfo [WIFI () - 110]
D/ConnectivityService( 2186): apparently satisfied.  currentScore=60
I/ActivityManager( 2186): START u0 {act=android.intent.action.VIEW dat=https://few.vu.nl/~ktn470/android/index.11.html flg=0x14002000 cmp=com.android.chrome/org.chromium.chrome.browser.ChromeTabbedActivity (has extras)} from uid 10035 on display 0
W/InputMethodManagerService( 2186): Window already focused, ignoring focus gain of: com.android.internal.view.IInputMethodClient$Stub$Proxy@9483f5e attribute=null, token = android.os.BinderProxy@291f7a3a
I/ActivityManager( 2186): Start proc 816:com.android.chrome:sandboxed_process2/u0i755 for service com.android.chrome/org.chromium.content.app.SandboxedProcessService2
I/ActivityManager( 2186): Waited long enough for: ServiceRecord{fb28371 u0 com.google.android.googlequicksearchbox/com.google.android.apps.gsa.search.core.service.SearchService}
I/ActivityManager( 2186): Start proc 848:com.android.chrome:sandboxed_process3/u0i756 for service com.android.chrome/org.chromium.content.app.SandboxedProcessService3
W/libprocessgroup( 2186): failed to open /acct/uid_10035/pid_848/cgroup.procs: No such file or directory
I/ActivityManager( 2186): Process com.android.chrome:sandboxed_process3 (pid 848) has died
W/ActivityManager( 2186): Scheduling restart of crashed service com.android.chrome/org.chromium.content.app.SandboxedProcessService3 in 1000ms
I/ActivityManager( 2186): Start proc 868:com.android.chrome:sandboxed_process4/u0i757 for service com.android.chrome/org.chromium.content.app.SandboxedProcessService4
I/ActivityManager( 2186): Process com.android.externalstorage (pid 29816) has died
W/libprocessgroup( 2186): failed to open /acct/uid_10035/pid_868/cgroup.procs: No such file or directory
I/ActivityManager( 2186): Process com.android.chrome:sandboxed_process4 (pid 868) has died
W/ActivityManager( 2186): Scheduling restart of crashed service com.android.chrome/org.chromium.content.app.SandboxedProcessService4 in 1000ms
I/ActivityManager( 2186): Force stopping com.android.chrome appid=10035 user=0: from pid 918
I/ActivityManager( 2186): Killing 619:com.android.chrome:privileged_process0/u0a35 (adj 0): stop com.android.chrome
W/ActivityManager( 2186): Scheduling restart of crashed service com.android.chrome/org.chromium.content.app.PrivilegedProcessService0 in 1000ms
I/ActivityManager( 2186): Killing 541:com.android.chrome/u0a35 (adj 0): stop com.android.chrome
D/ConnectivityService( 2186): ConnectivityService NetworkRequestInfo binderDied(NetworkRequest [ id=2095, legacyType=-1, [ Capabilities: INTERNET&NOT_RESTRICTED&TRUSTED] ], android.os.BinderProxy@28f338cc)
D/ConnectivityService( 2186): releasing NetworkRequest NetworkRequest [ id=2095, legacyType=-1, [ Capabilities: INTERNET&NOT_RESTRICTED&TRUSTED] ]
D/ConnectivityService( 2186): ConnectivityService NetworkRequestInfo binderDied(NetworkRequest [ id=2098, legacyType=-1, [ Capabilities: INTERNET&NOT_RESTRICTED&TRUSTED] ], android.os.BinderProxy@4a58715)
I/WindowState( 2186): WIN DEATH: Window{35ec2c60 u0 SurfaceView}
E/ConnectivityService( 2186): RemoteException caught trying to send a callback msg for NetworkRequest [ id=2095, legacyType=-1, [ Capabilities: INTERNET&NOT_RESTRICTED&TRUSTED] ]
D/ConnectivityService( 2186): releasing NetworkRequest NetworkRequest [ id=2098, legacyType=-1, [ Capabilities: INTERNET&NOT_RESTRICTED&TRUSTED] ]
E/ConnectivityService( 2186): RemoteException caught trying to send a callback msg for NetworkRequest [ id=2098, legacyType=-1, [ Capabilities: INTERNET&NOT_RESTRICTED&TRUSTED] ]
I/WindowState( 2186): WIN DEATH: Window{1c80e6eb u0 com.android.chrome/org.chromium.chrome.browser.ChromeTabbedActivity}
W/ActivityManager( 2186): Exception when unbinding service com.android.chrome/org.chromium.content.app.SandboxedProcessService0
W/ActivityManager( 2186): android.os.DeadObjectException
W/ActivityManager( 2186): 	at android.os.BinderProxy.transactNative(Native Method)
W/ActivityManager( 2186): 	at android.os.BinderProxy.transact(Binder.java:496)
W/ActivityManager( 2186): 	at android.app.ApplicationThreadProxy.scheduleUnbindService(ApplicationThreadNative.java:921)
W/ActivityManager( 2186): 	at com.android.server.am.ActiveServices.removeConnectionLocked(ActiveServices.java:1795)
W/ActivityManager( 2186): 	at com.android.server.am.ActiveServices.killServicesLocked(ActiveServices.java:2193)
W/ActivityManager( 2186): 	at com.android.server.am.ActivityManagerService.cleanUpApplicationRecordLocked(ActivityManagerService.java:14895)
W/ActivityManager( 2186): 	at com.android.server.am.ActivityManagerService.handleAppDiedLocked(ActivityManagerService.java:4552)
W/ActivityManager( 2186): 	at com.android.server.am.ActivityManagerService.removeProcessLocked(ActivityManagerService.java:5789)
W/ActivityManager( 2186): 	at com.android.server.am.ActivityManagerService.killPackageProcessesLocked(ActivityManagerService.java:5594)
W/ActivityManager( 2186): 	at com.android.server.am.ActivityManagerService.forceStopPackageLocked(ActivityManagerService.java:5655)
W/ActivityManager( 2186): 	at com.android.server.am.ActivityManagerService.forceStopPackageLocked(ActivityManagerService.java:5499)
W/ActivityManager( 2186): 	at com.android.server.am.ActivityManagerService.forceStopPackage(ActivityManagerService.java:5309)
W/ActivityManager( 2186): 	at android.app.ActivityManagerNative.onTransact(ActivityManagerNative.java:1461)
W/ActivityManager( 2186): 	at com.android.server.am.ActivityManagerService.onTransact(ActivityManagerService.java:2208)
W/ActivityManager( 2186): 	at android.os.Binder.execTransact(Binder.java:446)
W/ActivityManager( 2186): Exception when unbinding service com.android.chrome/org.chromium.content.app.SandboxedProcessService2
W/ActivityManager( 2186): android.os.DeadObjectException
W/ActivityManager( 2186): 	at android.os.BinderProxy.transactNative(Native Method)
W/ActivityManager( 2186): 	at android.os.BinderProxy.transact(Binder.java:496)
W/ActivityManager( 2186): 	at android.app.ApplicationThreadProxy.scheduleUnbindService(ApplicationThreadNative.java:921)
W/ActivityManager( 2186): 	at com.android.server.am.ActiveServices.removeConnectionLocked(ActiveServices.java:1795)
W/ActivityManager( 2186): 	at com.android.server.am.ActiveServices.killServicesLocked(ActiveServices.java:2193)
W/ActivityManager( 2186): 	at com.android.server.am.ActivityManagerService.cleanUpApplicationRecordLocked(ActivityManagerService.java:14895)
W/ActivityManager( 2186): 	at com.android.server.am.ActivityManagerService.handleAppDiedLocked(ActivityManagerService.java:4552)
W/ActivityManager( 2186): 	at com.android.server.am.ActivityManagerService.removeProcessLocked(ActivityManagerService.java:5789)
W/ActivityManager( 2186): 	at com.android.server.am.ActivityManagerService.killPackageProcessesLocked(ActivityManagerService.java:5594)
W/ActivityManager( 2186): 	at com.android.server.am.ActivityManagerService.forceStopPackageLocked(ActivityManagerService.java:5655)
W/ActivityManager( 2186): 	at com.android.server.am.ActivityManagerService.forceStopPackageLocked(ActivityManagerService.java:5499)
W/ActivityManager( 2186): 	at com.android.server.am.ActivityManagerService.forceStopPackage(ActivityManagerService.java:5309)
W/ActivityManager( 2186): 	at android.app.ActivityManagerNative.onTransact(ActivityManagerNative.java:1461)
W/ActivityManager( 2186): 	at com.android.server.am.ActivityManagerService.onTransact(ActivityManagerService.java:2208)
W/ActivityManager( 2186): 	at android.os.Binder.execTransact(Binder.java:446)
I/ActivityManager( 2186): Killing 684:com.android.chrome:sandboxed_process0/u0a35i753 (adj 9): isolated not needed
W/libprocessgroup( 2186): failed to open /acct/uid_10035/pid_684/cgroup.procs: No such file or directory
W/ActivityManager( 2186): Force removing ActivityRecord{19f1b33d u0 com.android.chrome/org.chromium.chrome.browser.ChromeTabbedActivity t7609}: app died, no saved state
I/ActivityManager( 2186): Killing 816:com.android.chrome:sandboxed_process2/u0a35i755 (adj 9): isolated not needed
W/libprocessgroup( 2186): failed to open /acct/uid_10035/pid_816/cgroup.procs: No such file or directory
W/ActivityManager( 2186): Spurious death for ProcessRecord{d49801 619:com.android.chrome:privileged_process0/u0a35}, curProc for 619: null
W/ActivityManager( 2186): Unbind failed: could not find connection for android.os.BinderProxy@1f155cc
W/ActivityManager( 2186): Spurious death for ProcessRecord{3107974b 541:com.android.chrome/u0a35}, curProc for 541: null
W/InputMethodManagerService( 2186): Got RemoteException sending setActive(false) notification to pid 541 uid 10035
I/ActivityManager( 2186): Force stopping com.android.chrome appid=10035 user=0: clear data
D/TaskPersister( 2186): removeObsoleteFile: deleting file=7609_task.xml
D/TaskPersister( 2186): removeObsoleteFile: deleting file=7609_task_thumbnail.png
I/ActivityManager( 2186): Start proc 984:com.android.chrome/u0a35 for content provider com.android.chrome/com.google.android.apps.chrome.icing.IcingProvider
W/ResourcesManager(  984): Asset path '/system/framework/com.android.media.remotedisplay.jar' does not exist or contains no resources.
W/ResourcesManager(  984): Asset path '/system/framework/com.android.location.provider.jar' does not exist or contains no resources.
W/FileUtils(25520): Failed to chmod(/storage/emulated/0/trepn/Trepn_2018.06.21_183604.db): android.system.ErrnoException: chmod failed: EPERM (Operation not permitted)
I/ActivityManager( 2186): Start proc 1041:com.google.android.talk/u0a13 for service com.google.android.talk/com.google.android.apps.hangouts.concurrent.impl.GcmTriggeredNotifier
I/ActivityManager( 2186): START u0 {flg=0x10800000 cmp=com.estrongs.android.pop/.app.RemainTransitionActivity} from uid 10089 on display 0
V/WindowManager( 2186): addAppToken: AppWindowToken{10e3c497 token=Token{2ee9d316 ActivityRecord{22632031 u0 com.estrongs.android.pop/.app.RemainTransitionActivity t7611}}} to stack=1 task=7611 at 0
W/ResourcesManager( 1041): Asset path '/system/framework/com.google.android.media.effects.jar' does not exist or contains no resources.
W/InputMethodManagerService( 2186): Window already focused, ignoring focus gain of: com.android.internal.view.IInputMethodClient$Stub$Proxy@1b188e6d attribute=null, token = android.os.BinderProxy@30686f88
W/ResourcesManager(29480): Asset path '/system/framework/com.android.media.remotedisplay.jar' does not exist or contains no resources.
W/ResourcesManager(29480): Asset path '/system/framework/com.android.location.provider.jar' does not exist or contains no resources.
D/VoldCmdListener(  153): cryptfs getpwtype
I/ActivityManager( 2186): Start proc 1119:com.google.android.apps.gcs/u0a7 for service com.google.android.apps.gcs/.steen.service.ScoreRefreshService
I/ActivityManager( 2186): Start proc 1152:com.google.android.videos/u0a77 for service com.google.android.videos/.service.drm.RefreshLicenseTaskService
W/ResourcesManager( 1152): Asset path '/system/framework/com.google.widevine.software.drm.jar' does not exist or contains no resources.
I/ActivityManager( 2186): Start proc 1188:com.android.vending/u0a18 for service com.android.vending/com.google.android.finsky.contentfilterui.ContentFiltersService
D/WifiService( 2186): acquireWifiLockLocked: WifiLock{com.google.android.videos.service.drm.LicenseRefresher_tasks type=3 binder=android.os.BinderProxy@1e971086}
D/WifiService( 2186): releaseWifiLockLocked: WifiLock{com.google.android.videos.service.drm.LicenseRefresher_tasks type=3 binder=android.os.BinderProxy@1e971086}
D/ConnectivityService( 2186): listenForNetwork for NetworkRequest [ id=2099, legacyType=-1, [ Capabilities: INTERNET&NOT_RESTRICTED&TRUSTED] ]
D/ConnectivityService( 2186): handleRegisterNetworkRequest checking NetworkAgentInfo [WIFI () - 110]
D/ConnectivityService( 2186): apparently satisfied.  currentScore=60
W/Telecom ( 2186): TelecomServiceImpl: null is not visible for the calling user
I/ActivityManager( 2186): Force stopping com.android.chrome appid=10035 user=0: from pid 1293
I/ActivityManager( 2186): Killing 984:com.android.chrome/u0a35 (adj 13): stop com.android.chrome
W/ActivityManager( 2186): Spurious death for ProcessRecord{21dd170f 984:com.android.chrome/u0a35}, curProc for 984: null
I/ActivityManager( 2186): START u0 {act=android.intent.action.VIEW flg=0x10008000 cmp=com.android.chrome/com.google.android.apps.chrome.Main} from uid 2000 on display 0
V/WindowManager( 2186): addAppToken: AppWindowToken{3797797a token=Token{2ce791a5 ActivityRecord{2cc3939c u0 com.android.chrome/com.google.android.apps.chrome.Main t7612}}} to stack=1 task=7612 at 0
I/ActivityManager( 2186): Start proc 1309:com.android.chrome/u0a35 for activity com.android.chrome/com.google.android.apps.chrome.Main
W/ResourcesManager( 1309): Asset path '/system/framework/com.android.media.remotedisplay.jar' does not exist or contains no resources.
W/ResourcesManager( 1309): Asset path '/system/framework/com.android.location.provider.jar' does not exist or contains no resources.
I/ActivityManager( 2186): START u0 {cmp=com.android.chrome/org.chromium.chrome.browser.firstrun.FirstRunActivity (has extras)} from uid 10035 on display 0
V/WindowManager( 2186): addAppToken: AppWindowToken{294dfea3 token=Token{2ec7bdd2 ActivityRecord{3547505d u0 com.android.chrome/org.chromium.chrome.browser.firstrun.FirstRunActivity t7613}}} to stack=1 task=7613 at 0
V/WindowManager( 2186): Based on layer: Adding window Window{30b29f1b u0 com.android.chrome/org.chromium.chrome.browser.firstrun.FirstRunActivity} at 3 of 16
I/ActivityManager( 2186): Start proc 1336:com.android.chrome:sandboxed_process0/u0i758 for service com.android.chrome/org.chromium.content.app.SandboxedProcessService0
I/ActivityManager( 2186): Start proc 1379:com.android.chrome:privileged_process0/u0a35 for service com.android.chrome/org.chromium.content.app.PrivilegedProcessService0
D/ConnectivityService( 2186): listenForNetwork for NetworkRequest [ id=2100, legacyType=-1, [ Capabilities: INTERNET&NOT_RESTRICTED&TRUSTED] ]
D/ConnectivityService( 2186): handleRegisterNetworkRequest checking NetworkAgentInfo [WIFI () - 110]
D/ConnectivityService( 2186): apparently satisfied.  currentScore=60
D/ConnectivityService( 2186): listenForNetwork for NetworkRequest [ id=2101, legacyType=-1, [ Capabilities: INTERNET&NOT_RESTRICTED&TRUSTED] ]
D/ConnectivityService( 2186): handleRegisterNetworkRequest checking NetworkAgentInfo [WIFI () - 110]
D/ConnectivityService( 2186): apparently satisfied.  currentScore=60
W/libprocessgroup( 2186): failed to open /acct/uid_10035/pid_1336/cgroup.procs: No such file or directory
I/ActivityManager( 2186): Process com.android.chrome:sandboxed_process0 (pid 1336) has died
W/ActivityManager( 2186): Scheduling restart of crashed service com.android.chrome/org.chromium.content.app.SandboxedProcessService0 in 1000ms
I/ActivityManager( 2186): START u0 {act=android.intent.action.VIEW flg=0x10808000 cmp=com.android.chrome/com.google.android.apps.chrome.Main (has extras)} from uid 10035 on display 0
V/WindowManager( 2186): addAppToken: AppWindowToken{124fa489 token=Token{16ee5390 ActivityRecord{1243ce53 u0 com.android.chrome/com.google.android.apps.chrome.Main t7614}}} to stack=1 task=7614 at 0
D/ConnectivityService( 2186): releasing NetworkRequest NetworkRequest [ id=2101, legacyType=-1, [ Capabilities: INTERNET&NOT_RESTRICTED&TRUSTED] ]
D/ConnectivityService( 2186): listenForNetwork for NetworkRequest [ id=2102, legacyType=-1, [ Capabilities: INTERNET&NOT_RESTRICTED&TRUSTED] ]
D/ConnectivityService( 2186): handleRegisterNetworkRequest checking NetworkAgentInfo [WIFI () - 110]
D/ConnectivityService( 2186): apparently satisfied.  currentScore=60
I/ActivityManager( 2186): START u0 {act=android.intent.action.VIEW flg=0x14002000 cmp=com.android.chrome/org.chromium.chrome.browser.ChromeTabbedActivity (has extras)} from uid 10035 on display 0
V/WindowManager( 2186): addAppToken: AppWindowToken{2ff104a8 token=Token{333cb4cb ActivityRecord{e14539a u0 com.android.chrome/org.chromium.chrome.browser.ChromeTabbedActivity t7615}}} to stack=1 task=7615 at 0
V/WindowManager( 2186): Based on layer: Adding window Window{21edc1f9 u0 Starting com.android.chrome} at 4 of 17
I/ActivityManager( 2186): Start proc 1454:com.android.chrome:sandboxed_process0/u0i759 for service com.android.chrome/org.chromium.content.app.SandboxedProcessService0
V/WindowManager( 2186): Adding window Window{4aad9f0 u0 com.android.chrome/org.chromium.chrome.browser.ChromeTabbedActivity} at 4 of 18 (before Window{21edc1f9 u0 Starting com.android.chrome})
V/WindowManager( 2186): Adding window Window{ee9d9ee u0 SurfaceView} at 4 of 19 (before Window{4aad9f0 u0 com.android.chrome/org.chromium.chrome.browser.ChromeTabbedActivity})
I/ActivityManager( 2186): Start proc 1504:com.android.chrome:sandboxed_process1/u0i760 for service com.android.chrome/org.chromium.content.app.SandboxedProcessService1
I/ActivityManager( 2186): Activity reported stop, but no longer stopping: ActivityRecord{3547505d u0 com.android.chrome/org.chromium.chrome.browser.firstrun.FirstRunActivity t7613 f}
D/TaskPersister( 2186): removeObsoleteFile: deleting file=7613_task_thumbnail.png
W/libprocessgroup( 2186): failed to open /acct/uid_10035/pid_1504/cgroup.procs: No such file or directory
I/ActivityManager( 2186): Process com.android.chrome:sandboxed_process1 (pid 1504) has died
W/ActivityManager( 2186): Scheduling restart of crashed service com.android.chrome/org.chromium.content.app.SandboxedProcessService1 in 1000ms
W/FileUtils(25520): Failed to chmod(/storage/emulated/0/trepn/Trepn_2018.06.21_183939.db): android.system.ErrnoException: chmod failed: EPERM (Operation not permitted)
I/ActivityManager( 2186): START u0 {act=android.intent.action.VIEW dat=https://few.vu.nl/~ktn470/android/index.11.html flg=0x10000000 cmp=com.android.chrome/com.google.android.apps.chrome.Main} from uid 2000 on display 0
V/WindowManager( 2186): addAppToken: AppWindowToken{1781d4e6 token=Token{1f55c741 ActivityRecord{330ee28 u0 com.android.chrome/com.google.android.apps.chrome.Main t7616}}} to stack=1 task=7616 at 0
D/ConnectivityService( 2186): releasing NetworkRequest NetworkRequest [ id=2102, legacyType=-1, [ Capabilities: INTERNET&NOT_RESTRICTED&TRUSTED] ]
D/ConnectivityService( 2186): listenForNetwork for NetworkRequest [ id=2103, legacyType=-1, [ Capabilities: INTERNET&NOT_RESTRICTED&TRUSTED] ]
D/ConnectivityService( 2186): handleRegisterNetworkRequest checking NetworkAgentInfo [WIFI () - 110]
D/ConnectivityService( 2186): apparently satisfied.  currentScore=60
I/ActivityManager( 2186): START u0 {act=android.intent.action.VIEW dat=https://few.vu.nl/~ktn470/android/index.11.html flg=0x14002000 cmp=com.android.chrome/org.chromium.chrome.browser.ChromeTabbedActivity (has extras)} from uid 10035 on display 0
W/InputMethodManagerService( 2186): Window already focused, ignoring focus gain of: com.android.internal.view.IInputMethodClient$Stub$Proxy@6695a40 attribute=null, token = android.os.BinderProxy@85ef233
I/ActivityManager( 2186): Start proc 1580:com.android.chrome:sandboxed_process2/u0i761 for service com.android.chrome/org.chromium.content.app.SandboxedProcessService2
I/ActivityManager( 2186): Process com.google.android.apps.photos (pid 29793) has died
I/ActivityManager( 2186): Process com.android.documentsui (pid 29770) has died
I/WindowState( 2186): WIN DEATH: Window{3b813894 u0 com.estrongs.android.pop}
E/WifiService( 2186): Multicaster binderDied
D/WifiService( 2186): Client connection lost with reason: 4
I/WindowState( 2186): WIN DEATH: Window{2d8d5332 u0 com.estrongs.android.pop}
I/WindowState( 2186): WIN DEATH: Window{10834a00 u0 com.estrongs.android.pop}
I/WindowState( 2186): WIN DEATH: Window{27d942da u0 com.estrongs.android.pop}
I/WindowState( 2186): WIN DEATH: Window{118b2a6 u0 com.estrongs.android.pop}
I/WindowState( 2186): WIN DEATH: Window{2023a5e8 u0 com.estrongs.android.pop}
I/WindowState( 2186): WIN DEATH: Window{2839707e u0 com.estrongs.android.pop}
I/ActivityManager( 2186): Process com.estrongs.android.pop (pid 29480) has died
W/ActivityManager( 2186): Scheduling restart of crashed service com.estrongs.android.pop/com.android.apps.pros.LocalMService in 1000ms
W/ActivityManager( 2186): Scheduling restart of crashed service com.estrongs.android.pop/com.estrongs.android.scanner.service.FileScannerService in 11000ms
I/ActivityManager( 2186): Start proc 1613:com.estrongs.android.pop/u0a89 for service com.estrongs.android.pop/com.android.apps.pros.LocalMService
W/ResourcesManager( 1613): Asset path '/system/framework/com.android.media.remotedisplay.jar' does not exist or contains no resources.
W/ResourcesManager( 1613): Asset path '/system/framework/com.android.location.provider.jar' does not exist or contains no resources.
D/WifiService( 2186): New client listening to asynchronous messages
I/ActivityManager( 2186): Process com.android.defcontainer (pid 29833) has died
I/ActivityManager( 2186): Process com.google.android.videos (pid 1152) has died
E/ActivityThread( 1613): Failed to find provider info for com.facebook.katana.provider.AttributionIdProvider
W/ResourcesManager( 1613): Asset path '/system/framework/com.android.media.remotedisplay.jar' does not exist or contains no resources.
W/ResourcesManager( 1613): Asset path '/system/framework/com.android.location.provider.jar' does not exist or contains no resources.
I/ActivityManager( 2186): Process com.android.vending (pid 1188) has died
D/ConnectivityService( 2186): ConnectivityService NetworkRequestInfo binderDied(NetworkRequest [ id=2099, legacyType=-1, [ Capabilities: INTERNET&NOT_RESTRICTED&TRUSTED] ], android.os.BinderProxy@3f8436ea)
D/ConnectivityService( 2186): releasing NetworkRequest NetworkRequest [ id=2099, legacyType=-1, [ Capabilities: INTERNET&NOT_RESTRICTED&TRUSTED] ]
I/ActivityManager( 2186): Process com.google.android.apps.gcs (pid 1119) has died
I/ActivityManager( 2186): Process com.google.android.partnersetup (pid 30136) has died
I/ActivityManager( 2186): Process com.android.providers.partnerbookmarks (pid 25112) has died
I/ActivityManager( 2186): Process com.google.process.gapps (pid 11446) has died
E/ConnectivityService( 2186): RemoteException caught trying to send a callback msg for NetworkRequest [ id=2099, legacyType=-1, [ Capabilities: INTERNET&NOT_RESTRICTED&TRUSTED] ]
W/ResourcesManager( 1613): Asset path '/system/framework/com.android.media.remotedisplay.jar' does not exist or contains no resources.
W/ResourcesManager( 1613): Asset path '/system/framework/com.android.location.provider.jar' does not exist or contains no resources.
W/ResourcesManager( 1613): Asset path '/system/framework/com.google.android.maps.jar' does not exist or contains no resources.
W/ResourcesManager( 1613): Asset path '/system/framework/com.google.android.maps.jar' does not exist or contains no resources.
W/ResourcesManager( 1613): Asset path '/system/framework/com.google.android.maps.jar' does not exist or contains no resources.
W/ResourcesManager( 1613): Asset path '/system/framework/com.google.widevine.software.drm.jar' does not exist or contains no resources.
W/ResourcesManager( 1613): Asset path '/system/framework/com.google.widevine.software.drm.jar' does not exist or contains no resources.
W/ResourcesManager( 1613): Asset path '/system/framework/com.google.widevine.software.drm.jar' does not exist or contains no resources.
W/ResourcesManager( 1613): Asset path '/system/framework/com.google.android.media.effects.jar' does not exist or contains no resources.
W/ResourcesManager( 1613): Asset path '/system/framework/com.google.android.media.effects.jar' does not exist or contains no resources.
W/ResourcesManager( 1613): Asset path '/system/framework/com.google.android.media.effects.jar' does not exist or contains no resources.
W/ResourcesManager( 1613): Asset path '/system/framework/com.android.media.remotedisplay.jar' does not exist or contains no resources.
W/ResourcesManager( 1613): Asset path '/system/framework/com.android.location.provider.jar' does not exist or contains no resources.
I/ActivityManager( 2186): Waited long enough for: ServiceRecord{26f7f3c0 u0 com.estrongs.android.pop/com.estrongs.android.scanner.service.FileScannerService}
I/ActivityManager( 2186): Waited long enough for: ServiceRecord{8b85477 u0 com.estrongs.android.pop/com.estrongs.android.scanner.service.FileMonitorService}
I/ActivityManager( 2186): Force stopping com.android.chrome appid=10035 user=0: from pid 1758
I/ActivityManager( 2186): Killing 1379:com.android.chrome:privileged_process0/u0a35 (adj 0): stop com.android.chrome
W/ActivityManager( 2186): Scheduling restart of crashed service com.android.chrome/org.chromium.content.app.PrivilegedProcessService0 in 1000ms
I/ActivityManager( 2186): Killing 1309:com.android.chrome/u0a35 (adj 0): stop com.android.chrome
D/ConnectivityService( 2186): ConnectivityService NetworkRequestInfo binderDied(NetworkRequest [ id=2100, legacyType=-1, [ Capabilities: INTERNET&NOT_RESTRICTED&TRUSTED] ], android.os.BinderProxy@12b3bf6f)
I/WindowState( 2186): WIN DEATH: Window{ee9d9ee u0 SurfaceView}
D/ConnectivityService( 2186): releasing NetworkRequest NetworkRequest [ id=2100, legacyType=-1, [ Capabilities: INTERNET&NOT_RESTRICTED&TRUSTED] ]
E/ConnectivityService( 2186): RemoteException caught trying to send a callback msg for NetworkRequest [ id=2100, legacyType=-1, [ Capabilities: INTERNET&NOT_RESTRICTED&TRUSTED] ]
D/ConnectivityService( 2186): ConnectivityService NetworkRequestInfo binderDied(NetworkRequest [ id=2103, legacyType=-1, [ Capabilities: INTERNET&NOT_RESTRICTED&TRUSTED] ], android.os.BinderProxy@39b6847c)
D/ConnectivityService( 2186): releasing NetworkRequest NetworkRequest [ id=2103, legacyType=-1, [ Capabilities: INTERNET&NOT_RESTRICTED&TRUSTED] ]
E/ConnectivityService( 2186): RemoteException caught trying to send a callback msg for NetworkRequest [ id=2103, legacyType=-1, [ Capabilities: INTERNET&NOT_RESTRICTED&TRUSTED] ]
I/WindowState( 2186): WIN DEATH: Window{4aad9f0 u0 com.android.chrome/org.chromium.chrome.browser.ChromeTabbedActivity}
I/ActivityManager( 2186): Killing 1580:com.android.chrome:sandboxed_process2/u0a35i761 (adj 0): isolated not needed
W/libprocessgroup( 2186): failed to open /acct/uid_10035/pid_1580/cgroup.procs: No such file or directory
W/ActivityManager( 2186): Exception when unbinding service com.android.chrome/org.chromium.content.app.SandboxedProcessService0
W/ActivityManager( 2186): android.os.DeadObjectException
W/ActivityManager( 2186): 	at android.os.BinderProxy.transactNative(Native Method)
W/ActivityManager( 2186): 	at android.os.BinderProxy.transact(Binder.java:496)
W/ActivityManager( 2186): 	at android.app.ApplicationThreadProxy.scheduleUnbindService(ApplicationThreadNative.java:921)
W/ActivityManager( 2186): 	at com.android.server.am.ActiveServices.removeConnectionLocked(ActiveServices.java:1795)
W/ActivityManager( 2186): 	at com.android.server.am.ActiveServices.killServicesLocked(ActiveServices.java:2193)
W/ActivityManager( 2186): 	at com.android.server.am.ActivityManagerService.cleanUpApplicationRecordLocked(ActivityManagerService.java:14895)
W/ActivityManager( 2186): 	at com.android.server.am.ActivityManagerService.handleAppDiedLocked(ActivityManagerService.java:4552)
W/ActivityManager( 2186): 	at com.android.server.am.ActivityManagerService.removeProcessLocked(ActivityManagerService.java:5789)
W/ActivityManager( 2186): 	at com.android.server.am.ActivityManagerService.killPackageProcessesLocked(ActivityManagerService.java:5594)
W/ActivityManager( 2186): 	at com.android.server.am.ActivityManagerService.forceStopPackageLocked(ActivityManagerService.java:5655)
W/ActivityManager( 2186): 	at com.android.server.am.ActivityManagerService.forceStopPackageLocked(ActivityManagerService.java:5499)
W/ActivityManager( 2186): 	at com.android.server.am.ActivityManagerService.forceStopPackage(ActivityManagerService.java:5309)
W/ActivityManager( 2186): 	at android.app.ActivityManagerNative.onTransact(ActivityManagerNative.java:1461)
W/ActivityManager( 2186): 	at com.android.server.am.ActivityManagerService.onTransact(ActivityManagerService.java:2208)
W/ActivityManager( 2186): 	at android.os.Binder.execTransact(Binder.java:446)
W/ActivityManager( 2186): Force removing ActivityRecord{e14539a u0 com.android.chrome/org.chromium.chrome.browser.ChromeTabbedActivity t7615}: app died, no saved state
I/ActivityManager( 2186): Killing 1454:com.android.chrome:sandboxed_process0/u0a35i759 (adj 9): isolated not needed
W/libprocessgroup( 2186): failed to open /acct/uid_10035/pid_1454/cgroup.procs: No such file or directory
W/ActivityManager( 2186): Spurious death for ProcessRecord{1b00fc8e 1379:com.android.chrome:privileged_process0/u0a35}, curProc for 1379: null
W/ActivityManager( 2186): Unbind failed: could not find connection for android.os.BinderProxy@2ddc1400
W/ActivityManager( 2186): Spurious death for ProcessRecord{126a28b8 1309:com.android.chrome/u0a35}, curProc for 1309: null
W/InputMethodManagerService( 2186): Got RemoteException sending setActive(false) notification to pid 1309 uid 10035
I/ActivityManager( 2186): Force stopping com.android.chrome appid=10035 user=0: clear data
D/TaskPersister( 2186): removeObsoleteFile: deleting file=7615_task.xml
D/TaskPersister( 2186): removeObsoleteFile: deleting file=7615_task_thumbnail.png
I/ActivityManager( 2186): Start proc 1786:com.android.documentsui/u0a40 for broadcast com.android.documentsui/.PackageReceiver
I/ActivityManager( 2186): Start proc 1804:com.android.externalstorage/u0a6 for content provider com.android.externalstorage/.ExternalStorageProvider
I/ActivityManager( 2186): Start proc 1821:com.google.android.apps.photos/u0a66 for broadcast com.google.android.apps.photos/com.google.android.libraries.social.mediastoresync.reset.impl.MediaStoreClearedReceiver
I/ActivityManager( 2186): Start proc 1841:com.android.defcontainer/u0a4 for service com.android.defcontainer/.DefaultContainerService
I/ActivityManager( 2186): Start proc 1859:com.google.android.apps.docs/u0a41 for content provider com.google.android.apps.docs/.storagebackend.StorageBackendContentProvider
I/ActivityManager( 2186): Start proc 1891:com.google.process.gapps/u0a8 for content provider com.google.android.gsf/.gservices.GservicesProvider
I/ActivityManager( 2186): Start proc 1935:com.android.chrome/u0a35 for content provider com.android.chrome/com.google.android.apps.chrome.icing.IcingProvider
W/ResourcesManager( 1935): Asset path '/system/framework/com.android.media.remotedisplay.jar' does not exist or contains no resources.
W/ResourcesManager( 1935): Asset path '/system/framework/com.android.location.provider.jar' does not exist or contains no resources.
W/FileUtils(25520): Failed to chmod(/storage/emulated/0/trepn/Trepn_2018.06.21_183939.db): android.system.ErrnoException: chmod failed: EPERM (Operation not permitted)
W/ResourcesManager( 1859): Asset path '/system/framework/com.android.media.remotedisplay.jar' does not exist or contains no resources.
W/ResourcesManager( 1859): Asset path '/system/framework/com.android.location.provider.jar' does not exist or contains no resources.
I/ActivityManager( 2186): Force stopping com.android.chrome appid=10035 user=0: from pid 2009
I/ActivityManager( 2186): Killing 1935:com.android.chrome/u0a35 (adj 9): stop com.android.chrome
W/ActivityManager( 2186): Spurious death for ProcessRecord{305626c0 1935:com.android.chrome/u0a35}, curProc for 1935: null
I/ActivityManager( 2186): START u0 {act=android.intent.action.VIEW flg=0x10008000 cmp=com.android.chrome/com.google.android.apps.chrome.Main} from uid 2000 on display 0
V/WindowManager( 2186): addAppToken: AppWindowToken{4228d9f token=Token{17b3e ActivityRecord{cfd2ff9 u0 com.android.chrome/com.google.android.apps.chrome.Main t7617}}} to stack=1 task=7617 at 0
I/ActivityManager( 2186): Start proc 2021:com.android.chrome/u0a35 for activity com.android.chrome/com.google.android.apps.chrome.Main
W/ResourcesManager( 2021): Asset path '/system/framework/com.android.media.remotedisplay.jar' does not exist or contains no resources.
W/ResourcesManager( 2021): Asset path '/system/framework/com.android.location.provider.jar' does not exist or contains no resources.
I/ActivityManager( 2186): START u0 {cmp=com.android.chrome/org.chromium.chrome.browser.firstrun.FirstRunActivity (has extras)} from uid 10035 on display 0
V/WindowManager( 2186): addAppToken: AppWindowToken{9ae2f84 token=Token{2329197 ActivityRecord{1e2fb416 u0 com.android.chrome/org.chromium.chrome.browser.firstrun.FirstRunActivity t7618}}} to stack=1 task=7618 at 0
V/WindowManager( 2186): Based on layer: Adding window Window{8e9eb1c u0 com.android.chrome/org.chromium.chrome.browser.firstrun.FirstRunActivity} at 3 of 16
I/ActivityManager( 2186): Start proc 2050:com.android.chrome:sandboxed_process0/u0i762 for service com.android.chrome/org.chromium.content.app.SandboxedProcessService0
I/ActivityManager( 2186): Start proc 2092:com.android.chrome:privileged_process0/u0a35 for service com.android.chrome/org.chromium.content.app.PrivilegedProcessService0
D/ConnectivityService( 2186): listenForNetwork for NetworkRequest [ id=2104, legacyType=-1, [ Capabilities: INTERNET&NOT_RESTRICTED&TRUSTED] ]
D/ConnectivityService( 2186): handleRegisterNetworkRequest checking NetworkAgentInfo [WIFI () - 110]
D/ConnectivityService( 2186): apparently satisfied.  currentScore=60
D/ConnectivityService( 2186): listenForNetwork for NetworkRequest [ id=2105, legacyType=-1, [ Capabilities: INTERNET&NOT_RESTRICTED&TRUSTED] ]
D/ConnectivityService( 2186): handleRegisterNetworkRequest checking NetworkAgentInfo [WIFI () - 110]
D/ConnectivityService( 2186): apparently satisfied.  currentScore=60
W/libprocessgroup( 2186): failed to open /acct/uid_10035/pid_2050/cgroup.procs: No such file or directory
I/ActivityManager( 2186): Process com.android.chrome:sandboxed_process0 (pid 2050) has died
W/ActivityManager( 2186): Scheduling restart of crashed service com.android.chrome/org.chromium.content.app.SandboxedProcessService0 in 1000ms
I/ActivityManager( 2186): START u0 {act=android.intent.action.VIEW flg=0x10808000 cmp=com.android.chrome/com.google.android.apps.chrome.Main (has extras)} from uid 10035 on display 0
V/WindowManager( 2186): addAppToken: AppWindowToken{218fdcb0 token=Token{24ff47f3 ActivityRecord{14d61a62 u0 com.android.chrome/com.google.android.apps.chrome.Main t7619}}} to stack=1 task=7619 at 0
D/ConnectivityService( 2186): releasing NetworkRequest NetworkRequest [ id=2105, legacyType=-1, [ Capabilities: INTERNET&NOT_RESTRICTED&TRUSTED] ]
D/ConnectivityService( 2186): listenForNetwork for NetworkRequest [ id=2106, legacyType=-1, [ Capabilities: INTERNET&NOT_RESTRICTED&TRUSTED] ]
D/ConnectivityService( 2186): handleRegisterNetworkRequest checking NetworkAgentInfo [WIFI () - 110]
D/ConnectivityService( 2186): apparently satisfied.  currentScore=60
I/ActivityManager( 2186): START u0 {act=android.intent.action.VIEW flg=0x14002000 cmp=com.android.chrome/org.chromium.chrome.browser.ChromeTabbedActivity (has extras)} from uid 10035 on display 0
V/WindowManager( 2186): addAppToken: AppWindowToken{b79c26b token=Token{24c93ba ActivityRecord{1db3ace5 u0 com.android.chrome/org.chromium.chrome.browser.ChromeTabbedActivity t7620}}} to stack=1 task=7620 at 0
V/WindowManager( 2186): Based on layer: Adding window Window{86bd1e0 u0 Starting com.android.chrome} at 4 of 17
I/ActivityManager( 2186): Start proc 2163:com.android.chrome:sandboxed_process0/u0i763 for service com.android.chrome/org.chromium.content.app.SandboxedProcessService0
V/WindowManager( 2186): Adding window Window{1d16cf72 u0 com.android.chrome/org.chromium.chrome.browser.ChromeTabbedActivity} at 4 of 18 (before Window{86bd1e0 u0 Starting com.android.chrome})
V/WindowManager( 2186): Adding window Window{3268b79 u0 SurfaceView} at 4 of 19 (before Window{1d16cf72 u0 com.android.chrome/org.chromium.chrome.browser.ChromeTabbedActivity})
I/ActivityManager( 2186): Start proc 2201:com.google.android.partnersetup/u0a12 for content provider com.google.android.partnersetup/.RlzAppProvider
I/ActivityManager( 2186): Start proc 2259:com.android.chrome:sandboxed_process1/u0i764 for service com.android.chrome/org.chromium.content.app.SandboxedProcessService1
I/ActivityManager( 2186): Activity reported stop, but no longer stopping: ActivityRecord{1e2fb416 u0 com.android.chrome/org.chromium.chrome.browser.firstrun.FirstRunActivity t7618 f}
I/ActivityManager( 2186): Start proc 2332:com.android.providers.partnerbookmarks/u0a65 for content provider com.android.providers.partnerbookmarks/.PartnerBookmarksProvider
D/TaskPersister( 2186): removeObsoleteFile: deleting file=7618_task_thumbnail.png
W/libprocessgroup( 2186): failed to open /acct/uid_10035/pid_2259/cgroup.procs: No such file or directory
I/ActivityManager( 2186): Process com.android.chrome:sandboxed_process1 (pid 2259) has died
W/ActivityManager( 2186): Scheduling restart of crashed service com.android.chrome/org.chromium.content.app.SandboxedProcessService1 in 1000ms
D/WifiService( 2186): acquireWifiLockLocked: WifiLock{NlpWifiLock type=2 binder=android.os.BinderProxy@bbab60}
D/WifiService( 2186): releaseWifiLockLocked: WifiLock{NlpWifiLock type=2 binder=android.os.BinderProxy@bbab60}
W/FileUtils(25520): Failed to chmod(/storage/emulated/0/trepn/Trepn_2018.06.21_184315.db): android.system.ErrnoException: chmod failed: EPERM (Operation not permitted)
I/ActivityManager( 2186): START u0 {act=android.intent.action.VIEW dat=https://few.vu.nl/~ktn470/android/index.11.html flg=0x10000000 cmp=com.android.chrome/com.google.android.apps.chrome.Main} from uid 2000 on display 0
V/WindowManager( 2186): addAppToken: AppWindowToken{31778678 token=Token{35c7dbdb ActivityRecord{26666cea u0 com.android.chrome/com.google.android.apps.chrome.Main t7621}}} to stack=1 task=7621 at 0
D/ConnectivityService( 2186): releasing NetworkRequest NetworkRequest [ id=2106, legacyType=-1, [ Capabilities: INTERNET&NOT_RESTRICTED&TRUSTED] ]
D/ConnectivityService( 2186): listenForNetwork for NetworkRequest [ id=2107, legacyType=-1, [ Capabilities: INTERNET&NOT_RESTRICTED&TRUSTED] ]
D/ConnectivityService( 2186): handleRegisterNetworkRequest checking NetworkAgentInfo [WIFI () - 110]
D/ConnectivityService( 2186): apparently satisfied.  currentScore=60
I/ActivityManager( 2186): START u0 {act=android.intent.action.VIEW dat=https://few.vu.nl/~ktn470/android/index.11.html flg=0x14002000 cmp=com.android.chrome/org.chromium.chrome.browser.ChromeTabbedActivity (has extras)} from uid 10035 on display 0
W/InputMethodManagerService( 2186): Window already focused, ignoring focus gain of: com.android.internal.view.IInputMethodClient$Stub$Proxy@3533af42 attribute=null, token = android.os.BinderProxy@c47247d
I/ActivityManager( 2186): Start proc 2413:com.android.chrome:sandboxed_process2/u0i765 for service com.android.chrome/org.chromium.content.app.SandboxedProcessService2
I/ActivityManager( 2186): Waited long enough for: ServiceRecord{429955 u0 com.google.android.googlequicksearchbox/com.google.android.apps.gsa.search.core.service.SearchService}
I/ActivityManager( 2186): Start proc 2446:com.android.chrome:sandboxed_process3/u0i766 for service com.android.chrome/org.chromium.content.app.SandboxedProcessService3
W/libprocessgroup( 2186): failed to open /acct/uid_10035/pid_2446/cgroup.procs: No such file or directory
I/ActivityManager( 2186): Process com.android.chrome:sandboxed_process3 (pid 2446) has died
W/ActivityManager( 2186): Scheduling restart of crashed service com.android.chrome/org.chromium.content.app.SandboxedProcessService3 in 1000ms
W/ProcessStats( 2186): Time val negative: -30328
I/ProcessStatsService( 2186): Prepared write state in 10ms
