W/Wifi    ( 3637): Failed to read packet and byte counts from wifi interface
W/Wifi    ( 3637): Failed to read packet and byte counts from wifi interface
W/Wifi    ( 3637): Failed to read packet and byte counts from wifi interface
W/Wifi    ( 3637): Failed to read packet and byte counts from wifi interface
W/Wifi    ( 3637): Failed to read packet and byte counts from wifi interface
W/Wifi    ( 3637): Failed to read packet and byte counts from wifi interface
I/vgn     (  992): 35-GetDeviceDataUploadOptInStatusOperation -- metadata{ service_id: 0 }
I/vgn     (  992): 35-GetDeviceDataUploadOptInStatusOperation -- metadata{ service_id: 0 }
W/Wifi    ( 3637): Failed to read packet and byte counts from wifi interface
W/Wifi    ( 3637): Failed to read packet and byte counts from wifi interface
W/Wifi    ( 3637): Failed to read packet and byte counts from wifi interface
W/Wifi    ( 3637): Failed to read packet and byte counts from wifi interface
W/Wifi    ( 3637): Failed to read packet and byte counts from wifi interface
W/Wifi    ( 3637): Failed to read packet and byte counts from wifi interface
W/Wifi    ( 3637): Failed to read packet and byte counts from wifi interface
W/Wifi    ( 3637): Failed to read packet and byte counts from wifi interface
W/Wifi    ( 3637): Failed to read packet and byte counts from wifi interface
W/Wifi    ( 3637): Failed to read packet and byte counts from wifi interface
E/WifiStateMachine(  454): WifiStateMachine CMD_START_SCAN source -2 txSuccessRate=0.00 rxSuccessRate=0.56 targetRoamBSSID=any RSSI=-44
E/WifiStateMachine(  454): WifiStateMachine starting scan for "YOU SHALL NOT PASS"WPA_PSK with 2437
W/Wifi    ( 3637): Failed to read packet and byte counts from wifi interface
W/Wifi    ( 3637): Failed to read packet and byte counts from wifi interface
W/Wifi    ( 3637): Failed to read packet and byte counts from wifi interface
W/Wifi    ( 3637): Failed to read packet and byte counts from wifi interface
W/Wifi    ( 3637): Failed to read packet and byte counts from wifi interface
W/Wifi    ( 3637): Failed to read packet and byte counts from wifi interface
W/Wifi    ( 3637): Failed to read packet and byte counts from wifi interface
W/Wifi    ( 3637): Failed to read packet and byte counts from wifi interface
W/Wifi    ( 3637): Failed to read packet and byte counts from wifi interface
W/Wifi    ( 3637): Failed to read packet and byte counts from wifi interface
W/Wifi    ( 3637): Failed to read packet and byte counts from wifi interface
W/Wifi    ( 3637): Failed to read packet and byte counts from wifi interface
W/Wifi    ( 3637): Failed to read packet and byte counts from wifi interface
W/Wifi    ( 3637): Failed to read packet and byte counts from wifi interface
W/Wifi    ( 3637): Failed to read packet and byte counts from wifi interface
W/Wifi    ( 3637): Failed to read packet and byte counts from wifi interface
W/Wifi    ( 3637): Failed to read packet and byte counts from wifi interface
W/Wifi    ( 3637): Failed to read packet and byte counts from wifi interface
W/Wifi    ( 3637): Failed to read packet and byte counts from wifi interface
W/Wifi    ( 3637): Failed to read packet and byte counts from wifi interface
E/WifiStateMachine(  454): WifiStateMachine CMD_START_SCAN source -2 txSuccessRate=0.00 rxSuccessRate=1.19 targetRoamBSSID=any RSSI=-45
W/ctxmgr  (  992): [AclManager]No 2 for (accnt=account#-517948760#, com.google.android.gms(10008):IndoorOutdoorProducer, vrsn=12685000, 0, 3pPkg = null ,  3pMdlId = null ,  pid = 992). Was: 3 for 57, account#-517948760#
W/Wifi    ( 3637): Failed to read packet and byte counts from wifi interface
W/Wifi    ( 3637): Failed to read packet and byte counts from wifi interface
W/Wifi    ( 3637): Failed to read packet and byte counts from wifi interface
W/Wifi    ( 3637): Failed to read packet and byte counts from wifi interface
W/Wifi    ( 3637): Failed to read packet and byte counts from wifi interface
W/Wifi    ( 3637): Failed to read packet and byte counts from wifi interface
W/Wifi    ( 3637): Failed to read packet and byte counts from wifi interface
W/Wifi    ( 3637): Failed to read packet and byte counts from wifi interface
W/Wifi    ( 3637): Failed to read packet and byte counts from wifi interface
W/Wifi    ( 3637): Failed to read packet and byte counts from wifi interface
W/Wifi    ( 3637): Failed to read packet and byte counts from wifi interface
W/Wifi    ( 3637): Failed to read packet and byte counts from wifi interface
W/Wifi    ( 3637): Failed to read packet and byte counts from wifi interface
W/Wifi    ( 3637): Failed to read packet and byte counts from wifi interface
W/Wifi    ( 3637): Failed to read packet and byte counts from wifi interface
W/Wifi    ( 3637): Failed to read packet and byte counts from wifi interface
W/Wifi    ( 3637): Failed to read packet and byte counts from wifi interface
W/Wifi    ( 3637): Failed to read packet and byte counts from wifi interface
W/Wifi    ( 3637): Failed to read packet and byte counts from wifi interface
W/Wifi    ( 3637): Failed to read packet and byte counts from wifi interface
E/WifiStateMachine(  454): WifiStateMachine CMD_START_SCAN source -2 txSuccessRate=0.00 rxSuccessRate=0.75 targetRoamBSSID=any RSSI=-45
E/WifiStateMachine(  454): WifiStateMachine starting scan for "YOU SHALL NOT PASS"WPA_PSK with 2437
W/Wifi    ( 3637): Failed to read packet and byte counts from wifi interface
W/Wifi    ( 3637): Failed to read packet and byte counts from wifi interface
W/Wifi    ( 3637): Failed to read packet and byte counts from wifi interface
W/Wifi    ( 3637): Failed to read packet and byte counts from wifi interface
W/Wifi    ( 3637): Failed to read packet and byte counts from wifi interface
W/Wifi    ( 3637): Failed to read packet and byte counts from wifi interface
W/Wifi    ( 3637): Failed to read packet and byte counts from wifi interface
W/Wifi    ( 3637): Failed to read packet and byte counts from wifi interface
W/Wifi    ( 3637): Failed to read packet and byte counts from wifi interface
W/Wifi    ( 3637): Failed to read packet and byte counts from wifi interface
I/vgn     (  992): 35-GetDeviceDataUploadOptInStatusOperation -- metadata{ service_id: 0 }
I/vgn     (  992): 35-GetDeviceDataUploadOptInStatusOperation -- metadata{ service_id: 0 }
W/Wifi    ( 3637): Failed to read packet and byte counts from wifi interface
W/Wifi    ( 3637): Failed to read packet and byte counts from wifi interface
W/Wifi    ( 3637): Failed to read packet and byte counts from wifi interface
W/Wifi    ( 3637): Failed to read packet and byte counts from wifi interface
W/Wifi    ( 3637): Failed to read packet and byte counts from wifi interface
W/Wifi    ( 3637): Failed to read packet and byte counts from wifi interface
W/Wifi    ( 3637): Failed to read packet and byte counts from wifi interface
W/Wifi    ( 3637): Failed to read packet and byte counts from wifi interface
W/Wifi    ( 3637): Failed to read packet and byte counts from wifi interface
W/Wifi    ( 3637): Failed to read packet and byte counts from wifi interface
E/WifiStateMachine(  454): WifiStateMachine CMD_START_SCAN source -2 txSuccessRate=0.00 rxSuccessRate=0.00 targetRoamBSSID=any RSSI=-45
E/WifiStateMachine(  454): WifiStateMachine starting scan for "YOU SHALL NOT PASS"WPA_PSK with 2437
W/Wifi    ( 3637): Failed to read packet and byte counts from wifi interface
W/Wifi    ( 3637): Failed to read packet and byte counts from wifi interface
W/Wifi    ( 3637): Failed to read packet and byte counts from wifi interface
W/Wifi    ( 3637): Failed to read packet and byte counts from wifi interface
W/Wifi    ( 3637): Failed to read packet and byte counts from wifi interface
W/Wifi    ( 3637): Failed to read packet and byte counts from wifi interface
W/Wifi    ( 3637): Failed to read packet and byte counts from wifi interface
W/Wifi    ( 3637): Failed to read packet and byte counts from wifi interface
W/Wifi    ( 3637): Failed to read packet and byte counts from wifi interface
W/Wifi    ( 3637): Failed to read packet and byte counts from wifi interface
W/Wifi    ( 3637): Failed to read packet and byte counts from wifi interface
W/Wifi    ( 3637): Failed to read packet and byte counts from wifi interface
W/Wifi    ( 3637): Failed to read packet and byte counts from wifi interface
W/Wifi    ( 3637): Failed to read packet and byte counts from wifi interface
W/Wifi    ( 3637): Failed to read packet and byte counts from wifi interface
W/Wifi    ( 3637): Failed to read packet and byte counts from wifi interface
W/Wifi    ( 3637): Failed to read packet and byte counts from wifi interface
W/Wifi    ( 3637): Failed to read packet and byte counts from wifi interface
W/Wifi    ( 3637): Failed to read packet and byte counts from wifi interface
W/Wifi    ( 3637): Failed to read packet and byte counts from wifi interface
E/WifiStateMachine(  454): WifiStateMachine CMD_START_SCAN source -2 txSuccessRate=0.00 rxSuccessRate=0.14 targetRoamBSSID=any RSSI=-45
E/WifiStateMachine(  454): WifiStateMachine starting scan for "YOU SHALL NOT PASS"WPA_PSK with 2437
W/Wifi    ( 3637): Failed to read packet and byte counts from wifi interface
W/Wifi    ( 3637): Failed to read packet and byte counts from wifi interface
W/Wifi    ( 3637): Failed to read packet and byte counts from wifi interface
W/Wifi    ( 3637): Failed to read packet and byte counts from wifi interface
W/Wifi    ( 3637): Failed to read packet and byte counts from wifi interface
W/Wifi    ( 3637): Failed to read packet and byte counts from wifi interface
W/Wifi    ( 3637): Failed to read packet and byte counts from wifi interface
W/Wifi    ( 3637): Failed to read packet and byte counts from wifi interface
W/Wifi    ( 3637): Failed to read packet and byte counts from wifi interface
W/Wifi    ( 3637): Failed to read packet and byte counts from wifi interface
W/Wifi    ( 3637): Failed to read packet and byte counts from wifi interface
W/Wifi    ( 3637): Failed to read packet and byte counts from wifi interface
W/Wifi    ( 3637): Failed to read packet and byte counts from wifi interface
I/PlayCommon(21748): [716] PlayEventLogger.uploadEventsImpl: Preparing logs for uploading
I/PlayCommon(21748): [716] PlayEventLogger.uploadEventsImpl: No file ready to send
W/Wifi    ( 3637): Failed to read packet and byte counts from wifi interface
W/Wifi    ( 3637): Failed to read packet and byte counts from wifi interface
W/Wifi    ( 3637): Failed to read packet and byte counts from wifi interface
W/Wifi    ( 3637): Failed to read packet and byte counts from wifi interface
W/Wifi    ( 3637): Failed to read packet and byte counts from wifi interface
W/Wifi    ( 3637): Failed to read packet and byte counts from wifi interface
W/Wifi    ( 3637): Failed to read packet and byte counts from wifi interface
E/WifiStateMachine(  454): WifiStateMachine CMD_START_SCAN source -2 txSuccessRate=0.00 rxSuccessRate=0.00 targetRoamBSSID=any RSSI=-45
E/WifiStateMachine(  454): WifiStateMachine starting scan for "YOU SHALL NOT PASS"WPA_PSK with 2437
W/Wifi    ( 3637): Failed to read packet and byte counts from wifi interface
W/Wifi    ( 3637): Failed to read packet and byte counts from wifi interface
W/Wifi    ( 3637): Failed to read packet and byte counts from wifi interface
W/Wifi    ( 3637): Failed to read packet and byte counts from wifi interface
W/Wifi    ( 3637): Failed to read packet and byte counts from wifi interface
W/Wifi    ( 3637): Failed to read packet and byte counts from wifi interface
W/Wifi    ( 3637): Failed to read packet and byte counts from wifi interface
W/Wifi    ( 3637): Failed to read packet and byte counts from wifi interface
W/Wifi    ( 3637): Failed to read packet and byte counts from wifi interface
W/Wifi    ( 3637): Failed to read packet and byte counts from wifi interface
I/CwMcuSensor(  454): CwMcuSensor::flush: fd = 194, sensors_id = 0, path = /sys/class/htc_sensorhub/sensor_hub/flush, err = 0
I/vgn     (  992): 35-GetDeviceDataUploadOptInStatusOperation -- metadata{ service_id: 0 }
I/vgn     (  992): 35-GetDeviceDataUploadOptInStatusOperation -- metadata{ service_id: 0 }
W/Wifi    ( 3637): Failed to read packet and byte counts from wifi interface
W/Wifi    ( 3637): Failed to read packet and byte counts from wifi interface
W/Wifi    ( 3637): Failed to read packet and byte counts from wifi interface
W/Wifi    ( 3637): Failed to read packet and byte counts from wifi interface
W/Wifi    ( 3637): Failed to read packet and byte counts from wifi interface
W/Wifi    ( 3637): Failed to read packet and byte counts from wifi interface
W/Wifi    ( 3637): Failed to read packet and byte counts from wifi interface
W/Wifi    ( 3637): Failed to read packet and byte counts from wifi interface
W/Wifi    ( 3637): Failed to read packet and byte counts from wifi interface
W/Wifi    ( 3637): Failed to read packet and byte counts from wifi interface
E/WifiStateMachine(  454): WifiStateMachine CMD_START_SCAN source -2 txSuccessRate=0.00 rxSuccessRate=0.06 targetRoamBSSID=any RSSI=-43
E/WifiStateMachine(  454): WifiStateMachine starting scan for "YOU SHALL NOT PASS"WPA_PSK with 2437
W/Wifi    ( 3637): Failed to read packet and byte counts from wifi interface
W/Wifi    ( 3637): Failed to read packet and byte counts from wifi interface
W/Wifi    ( 3637): Failed to read packet and byte counts from wifi interface
W/Wifi    ( 3637): Failed to read packet and byte counts from wifi interface
W/Wifi    ( 3637): Failed to read packet and byte counts from wifi interface
W/Wifi    ( 3637): Failed to read packet and byte counts from wifi interface
W/Wifi    ( 3637): Failed to read packet and byte counts from wifi interface
W/Wifi    ( 3637): Failed to read packet and byte counts from wifi interface
W/Wifi    ( 3637): Failed to read packet and byte counts from wifi interface
W/Wifi    ( 3637): Failed to read packet and byte counts from wifi interface
W/Wifi    ( 3637): Failed to read packet and byte counts from wifi interface
W/Wifi    ( 3637): Failed to read packet and byte counts from wifi interface
W/Wifi    ( 3637): Failed to read packet and byte counts from wifi interface
W/Wifi    ( 3637): Failed to read packet and byte counts from wifi interface
W/Wifi    ( 3637): Failed to read packet and byte counts from wifi interface
W/Wifi    ( 3637): Failed to read packet and byte counts from wifi interface
W/Wifi    ( 3637): Failed to read packet and byte counts from wifi interface
W/Wifi    ( 3637): Failed to read packet and byte counts from wifi interface
W/Wifi    ( 3637): Failed to read packet and byte counts from wifi interface
W/Settings( 2773): Setting stay_on_while_plugged_in has moved from android.provider.Settings.System to android.provider.Settings.Global, returning read-only value.
W/Wifi    ( 3637): Failed to read packet and byte counts from wifi interface
E/WifiStateMachine(  454): WifiStateMachine CMD_START_SCAN source -2 txSuccessRate=0.00 rxSuccessRate=0.00 targetRoamBSSID=any RSSI=-43
E/WifiStateMachine(  454): WifiStateMachine starting scan for "YOU SHALL NOT PASS"WPA_PSK with 2437
W/Wifi    ( 3637): Failed to read packet and byte counts from wifi interface
W/Wifi    ( 3637): Failed to read packet and byte counts from wifi interface
W/Wifi    ( 3637): Failed to read packet and byte counts from wifi interface
W/Wifi    ( 3637): Failed to read packet and byte counts from wifi interface
W/Wifi    ( 3637): Failed to read packet and byte counts from wifi interface
I/PowerUI.Notification(  613): show low battery warning: level=5 [-2] playSound=true
I/ValidateNoPeople(  454): skipping global notification
W/WearSignatureVerifier(21748): No package com.google.android.wearable.app.cn
W/WearSignatureVerifier(21748): No package com.google.android.wearable.app.cn
W/WearSignatureVerifier(21748): No package com.google.android.wearable.app.cn
W/WearSignatureVerifier(21748): No package com.google.android.wearable.app.cn
I/WearableService(  992): Wearable Services not starting - Wear is not available on this device.
W/WearSignatureVerifier(21748): No package com.google.android.wearable.app.cn
W/WearSignatureVerifier(21748): No package com.google.android.wearable.app.cn
W/WearSignatureVerifier(21748): No package com.google.android.wearable.app.cn
W/WearSignatureVerifier(21748): No package com.google.android.wearable.app.cn
D/MusicLifecycle(21748): com.google.android.music.wear.WearDataTransferConnectionService generated event: Service created
W/WearableService(  992): onGetService - Wear is not available on this device.
W/WearableService(  992): onGetService - Wear is not available on this device.
W/WearSignatureVerifier(21748): No package com.google.android.wearable.app.cn
E/DefaultPeerProvider(21748): Failed to connect to GoogleApiClient: error code=16
W/WearSignatureVerifier(21748): No package com.google.android.wearable.app.cn
E/ConnectionService(21748): Failed to connect to GoogleApiClient: ConnectionResult{statusCode=API_UNAVAILABLE, resolution=null, message=null}
W/Wifi    ( 3637): Failed to read packet and byte counts from wifi interface
W/Wifi    ( 3637): Failed to read packet and byte counts from wifi interface
W/Wifi    ( 3637): Failed to read packet and byte counts from wifi interface
W/Wifi    ( 3637): Failed to read packet and byte counts from wifi interface
W/Wifi    ( 3637): Failed to read packet and byte counts from wifi interface
I/WearableService(  992): Wearable Services stopping
W/Wifi    ( 3637): Failed to read packet and byte counts from wifi interface
W/Wifi    ( 3637): Failed to read packet and byte counts from wifi interface
W/Wifi    ( 3637): Failed to read packet and byte counts from wifi interface
W/Wifi    ( 3637): Failed to read packet and byte counts from wifi interface
W/Wifi    ( 3637): Failed to read packet and byte counts from wifi interface
W/SharedBatteryStatusUpdater(21748): Failed to get battery status data items: Status{statusCode=TIMEOUT, resolution=null}
W/Wifi    ( 3637): Failed to read packet and byte counts from wifi interface
W/Wifi    ( 3637): Failed to read packet and byte counts from wifi interface
I/PowerManagerService(  454): Going to sleep due to power button (uid 1000)...
I/PowerManagerService(  454): Sleeping (uid 1000)...
E/WifiStateMachine(  454): cancelDelayedScan -> 695
E/native  (  454): do suspend true
W/ctxmgr  (  992): [AclManager]No 2 for (accnt=account#1813920180#, com.google.android.gms(10008):ScreenProducer, vrsn=12685000, 0, 3pPkg = null ,  3pMdlId = null ,  pid = 992). Was: 2 for 7, account#1813920180#
W/ctxmgr  (  992): [AclManager]No 2 for (accnt=account#1813920180#, com.google.android.gms(10008):ScreenProducer, vrsn=12685000, 0, 3pPkg = null ,  3pMdlId = null ,  pid = 992). Was: 2 for 7, account#1813920180#
W/Wifi    ( 3637): Failed to read packet and byte counts from wifi interface
D/SurfaceFlinger(  154): Set power mode=0, type=0 flinger=0x559377d3c0
D/hwcomposer(  154): hwc_blank: display 0: blank
D/hwcomposer(  154): hwc_blank_display: display 0: [0 -> 1]
I/DisplayManagerService(  454): Display device changed: DisplayDeviceInfo{"Built-in Screen": uniqueId="local:0", 1536 x 2048, 60.000004 fps, supportedRefreshRates [60.000004, 59.0], density 320, 288.995 x 288.995 dpi, appVsyncOff 0, presDeadline 17666666, touch INTERNAL, rotation 0, type BUILT_IN, state OFF, FLAG_DEFAULT_DISPLAY, FLAG_ROTATES_WITH_CONTENT, FLAG_SECURE, FLAG_SUPPORTS_PROTECTED_BUFFERS}
V/ActivityManager(  454): Display changed displayId=0
D/SurfaceControl(  454): Excessive delay in setPowerMode(): 352ms
W/Wifi    ( 3637): Failed to read packet and byte counts from wifi interface
E/tegra_memtrack_hal(  454): failed to read header for pid 454: Operation not permitted
E/tegra_memtrack_hal(  454): failed to read header for pid 454: Operation not permitted
E/tegra_memtrack_hal(  454): failed to read header for pid 454: Operation not permitted
E/tegra_memtrack_hal(  454): failed to read header for pid 454: Operation not permitted
E/tegra_memtrack_hal(  454): failed to read header for pid 454: Operation not permitted
W/Wifi    ( 3637): Failed to read packet and byte counts from wifi interface
E/WifiStateMachine(  454): WifiStateMachine CMD_START_SCAN source -2 txSuccessRate=0.00 rxSuccessRate=0.00 targetRoamBSSID=any RSSI=-43
E/WifiStateMachine(  454): WifiStateMachine L2Connected CMD_START_SCAN source -2 694, 695 -> obsolete
I/ActivityManager(  454): Waited long enough for: ServiceRecord{74c5b1b u0 com.google.android.music/com.google.android.wearable.datatransfer.DataSyncService}
W/Wifi    ( 3637): Failed to read packet and byte counts from wifi interface
I/PowerManagerService(  454): Waking up from sleep (uid 1000)...
I/DisplayPowerController(  454): Blocking screen on until initial contents have been drawn.
I/PowerUI.Notification(  613): dismissing low battery notification
I/DisplayManagerService(  454): Display device changed: DisplayDeviceInfo{"Built-in Screen": uniqueId="local:0", 1536 x 2048, 60.000004 fps, supportedRefreshRates [60.000004, 59.0], density 320, 288.995 x 288.995 dpi, appVsyncOff 0, presDeadline 17666666, touch INTERNAL, rotation 0, type BUILT_IN, state ON, FLAG_DEFAULT_DISPLAY, FLAG_ROTATES_WITH_CONTENT, FLAG_SECURE, FLAG_SUPPORTS_PROTECTED_BUFFERS}
D/SurfaceFlinger(  154): Set power mode=2, type=0 flinger=0x559377d3c0
D/hwcomposer(  154): hwc_blank: display 0: unblank
D/hwcomposer(  154): hwc_blank_display: display 0: [1 -> 0]
D/hwcomposer(  154): Display 0 layer clip is 1536 x 2048
D/hwcomposer(  154): Display 0 device clip is 1536 x 2048
W/Wifi    ( 3637): Failed to read packet and byte counts from wifi interface
I/CwMcuSensor(  454): CwMcuSensor::flush: fd = 244, sensors_id = 0, path = /sys/class/htc_sensorhub/sensor_hub/flush, err = 0
V/KeyguardServiceDelegate(  454): onScreenTurnedOn(showListener = com.android.internal.policy.impl.PhoneWindowManager$2@28db44c4)
I/EntropyMixer(  454): Writing entropy...
V/ActivityManager(  454): Display changed displayId=0
I/CwMcuSensor(  454): CwMcuSensor::flush: fd = 254, sensors_id = 0, path = /sys/class/htc_sensorhub/sensor_hub/flush, err = 0
I/art     (31770): Background sticky concurrent mark sweep GC freed 57325(4MB) AllocSpace objects, 83(1328KB) LOS objects, 38% free, 8MB/13MB, paused 5.011ms total 192.712ms
E/WifiStateMachine(  454): cancelDelayedScan -> 696
E/native  (  454): do suspend false
V/KeyguardServiceDelegate(  454): **** SHOWN CALLED ****
I/DisplayPowerController(  454): Unblocked screen on after 246 ms
D/SurfaceControl(  454): Excessive delay in setPowerMode(): 296ms
I/Authzen (  977): [DeviceStateSyncManager] Device state fast sync is disabled
I/CastDatabase(  977): Opening the database
E/WifiStateMachine(  454): WifiStateMachine CMD_START_SCAN source -2 txSuccessRate=0.00 rxSuccessRate=0.00 targetRoamBSSID=any RSSI=-55
E/WifiStateMachine(  454): WifiStateMachine CMD_START_SCAN source 10008 txSuccessRate=0.00 rxSuccessRate=0.00 targetRoamBSSID=any RSSI=-55
I/DiscoveryManager(  977): WifiGuestModeDeviceScanner enabled.
I/vgn     (  977): 122-GetRCNEnabledStatusOperation -- metadata{ service_id: 0 }
I/SQLiteCastStore(  977): 0 CastNetworkInfo instances loaded, 0 CastDeviceInfo instances loaded, 0 paired guest mode devices loaded.
W/ctxmgr  (  992): [AclManager]No 2 for (accnt=account#1813920180#, com.google.android.gms(10008):ScreenProducer, vrsn=12685000, 0, 3pPkg = null ,  3pMdlId = null ,  pid = 992). Was: 2 for 7, account#1813920180#
W/ctxmgr  (  992): [AclManager]No 2 for (accnt=account#1813920180#, com.google.android.gms(10008):ScreenProducer, vrsn=12685000, 0, 3pPkg = null ,  3pMdlId = null ,  pid = 992). Was: 2 for 7, account#1813920180#
W/Wifi    ( 3637): Failed to read packet and byte counts from wifi interface
I/SystemUpdate(  977): [Control,ChimeraGcmTaskService] Task started with tag: DeviceCharging.
I/SystemUpdate(  977): [Control,ChimeraGcmTaskService] Scheduling task: DeviceCharging.
I/SystemUpdate(  977): [Execution,InstallationEventIntentOperation] Handling event of type 4.
I/SystemUpdate(  977): [Execution,InstallationIntentOperation] Received intent: Intent { act=com.google.android.gms.update.INSTALL_UPDATE cat=[targeted_intent_op_prefix:.update.execution.InstallationIntentOperation] cmp=com.google.android.gms/.chimera.GmsIntentOperationService }.
I/SystemUpdate(  977): [Control,InstallationControl] Installation progress updated to (0x410, -1.000).
W/ctxmgr  (  992): [AclManager]No 2 for (accnt=account#-517948760#, com.google.android.gms(10008):IndoorOutdoorProducer, vrsn=12685000, 0, 3pPkg = null ,  3pMdlId = null ,  pid = 992). Was: 3 for 57, account#-517948760#
I/SystemUpdate(  977): [Control,ChimeraGcmTaskService] Scheduling task: DeviceCharging.
I/SystemUpdate(  977): [Execution,ExecutionManager] Action non-ab-reboot executed for 0.17 seconds.
I/SystemUpdate(  977): [Execution,ExecutionManager] Action fixed-delay-execution executed for 0.01 seconds.
W/Wifi    ( 3637): Failed to read packet and byte counts from wifi interface
I/PowerManagerService(  454): Going to sleep due to power button (uid 1000)...
I/PowerManagerService(  454): Sleeping (uid 1000)...
E/WifiStateMachine(  454): cancelDelayedScan -> 699
E/native  (  454): do suspend true
W/Wifi    ( 3637): Failed to read packet and byte counts from wifi interface
W/ctxmgr  (  992): [AclManager]No 2 for (accnt=account#1813920180#, com.google.android.gms(10008):ScreenProducer, vrsn=12685000, 0, 3pPkg = null ,  3pMdlId = null ,  pid = 992). Was: 2 for 7, account#1813920180#
W/ctxmgr  (  992): [AclManager]No 2 for (accnt=account#1813920180#, com.google.android.gms(10008):ScreenProducer, vrsn=12685000, 0, 3pPkg = null ,  3pMdlId = null ,  pid = 992). Was: 2 for 7, account#1813920180#
I/DisplayManagerService(  454): Display device changed: DisplayDeviceInfo{"Built-in Screen": uniqueId="local:0", 1536 x 2048, 60.000004 fps, supportedRefreshRates [60.000004, 59.0], density 320, 288.995 x 288.995 dpi, appVsyncOff 0, presDeadline 17666666, touch INTERNAL, rotation 0, type BUILT_IN, state OFF, FLAG_DEFAULT_DISPLAY, FLAG_ROTATES_WITH_CONTENT, FLAG_SECURE, FLAG_SUPPORTS_PROTECTED_BUFFERS}
D/SurfaceFlinger(  154): Set power mode=0, type=0 flinger=0x559377d3c0
D/hwcomposer(  154): hwc_blank: display 0: blank
D/hwcomposer(  154): hwc_blank_display: display 0: [0 -> 1]
V/ActivityManager(  454): Display changed displayId=0
D/SurfaceControl(  454): Excessive delay in setPowerMode(): 353ms
W/SharedBatteryStatusUpdater(21748): Failed to publish battery status: Status{statusCode=TIMEOUT, resolution=null}
W/Wifi    ( 3637): Failed to read packet and byte counts from wifi interface
D/MusicLifecycle(21748): com.google.android.music.wear.WearDataTransferConnectionService generated event: Service destroyed
W/Wifi    ( 3637): Failed to read packet and byte counts from wifi interface
W/Wifi    ( 3637): Failed to read packet and byte counts from wifi interface
W/Wifi    ( 3637): Failed to read packet and byte counts from wifi interface
W/Wifi    ( 3637): Failed to read packet and byte counts from wifi interface
W/Wifi    ( 3637): Failed to read packet and byte counts from wifi interface
W/Wifi    ( 3637): Failed to read packet and byte counts from wifi interface
W/Wifi    ( 3637): Failed to read packet and byte counts from wifi interface
I/GeofencerStateMachine(  992): sendNewTransitions called.
I/GeofencerStateMachine(  992): sendMovementChange: previousMovement=WALKING,currentMovement=UNAVAILABLE
I/vgn     (  992): 35-GetDeviceDataUploadOptInStatusOperation -- metadata{ service_id: 0 }
W/ctxmgr  (  992): [AclManager]No 2 for (accnt=account#1644684176#, com.google.android.gms(10008):UserLocationProducer, vrsn=12685000, 0, 3pPkg = null ,  3pMdlId = null ,  pid = 992). Was: 2 for 1, account#1644684176#
I/GeofencerStateMachine(  992): sendNewTransitions called.
W/ctxmgr  (  992): [AclManager]No 2 for (accnt=account#1813920180#, com.google.android.gms(10008):UserLocationProducer, vrsn=12685000, 0, 3pPkg = null ,  3pMdlId = null ,  pid = 992). Was: 2 for 1, account#1813920180#
I/GeofencerStateMachine(  992): sendNewLocationAvailability: availability=LocationAvailability[isLocationAvailable: true]
I/GeofencerStateMachine(  992): sendNewLocationAvailability: availability=LocationAvailability[isLocationAvailable: true]
I/vgn     (  992): 35-GetDeviceDataUploadOptInStatusOperation -- metadata{ service_id: 0 }
D/WifiService(  454): acquireWifiLockLocked: WifiLock{NlpWifiLock type=2 binder=android.os.BinderProxy@326f7d92}
D/libgps  (  454): proxy_gps_inject_location: called.
W/Wifi    ( 3637): Failed to read packet and byte counts from wifi interface
W/Wifi    ( 3637): Failed to read packet and byte counts from wifi interface
W/Wifi    ( 3637): Failed to read packet and byte counts from wifi interface
W/Wifi    ( 3637): Failed to read packet and byte counts from wifi interface
I/Finsky  ( 9905): [1129] com.google.android.finsky.contentfilterui.m.a(13): Received content filters request from sharedUserId=com.google.uid.shared:10008
W/Wifi    ( 3637): Failed to read packet and byte counts from wifi interface
W/Conscrypt(  992): Could not set socket write timeout: java.lang.reflect.InvocationTargetException
W/Conscrypt(  992): 	at java.lang.reflect.Method.invoke(Native Method)
W/Conscrypt(  992): 	at java.lang.reflect.Method.invoke(Method.java:372)
W/Conscrypt(  992): Caused by: android.system.ErrnoException: setsockopt failed: EBADF (Bad file number)
W/Conscrypt(  992): 	at libcore.io.Posix.setsockoptTimeval(Native Method)
W/Conscrypt(  992): 	at libcore.io.ForwardingOs.setsockoptTimeval(ForwardingOs.java:147)
W/Conscrypt(  992): Could not set socket write timeout: java.lang.reflect.InvocationTargetException
W/Conscrypt(  992): 	at java.lang.reflect.Method.invoke(Native Method)
W/Conscrypt(  992): 	at java.lang.reflect.Method.invoke(Method.java:372)
W/Conscrypt(  992): Caused by: android.system.ErrnoException: setsockopt failed: EBADF (Bad file number)
W/Conscrypt(  992): 	at libcore.io.Posix.setsockoptTimeval(Native Method)
W/Conscrypt(  992): 	at libcore.io.ForwardingOs.setsockoptTimeval(ForwardingOs.java:147)
D/WifiService(  454): releaseWifiLockLocked: WifiLock{NlpWifiLock type=2 binder=android.os.BinderProxy@326f7d92}
I/InstantApps(  992): DomainFilterImpl: Domain filter response size: 225187
I/art     (  992): Background sticky concurrent mark sweep GC freed 90949(4MB) AllocSpace objects, 10(752KB) LOS objects, 13% free, 31MB/37MB, paused 3.475ms total 126.405ms
I/SystemUpdate(  977): [Control,ChimeraGcmTaskService] Task started with tag: DeviceCharging.
I/SystemUpdate(  977): [Control,ChimeraGcmTaskService] Scheduling task: DeviceCharging.
W/Wifi    ( 3637): Failed to read packet and byte counts from wifi interface
I/SystemUpdate(  977): [Execution,InstallationEventIntentOperation] Handling event of type 4.
I/SystemUpdate(  977): [Execution,InstallationIntentOperation] Received intent: Intent { act=com.google.android.gms.update.INSTALL_UPDATE cat=[targeted_intent_op_prefix:.update.execution.InstallationIntentOperation] cmp=com.google.android.gms/.chimera.GmsIntentOperationService }.
I/SystemUpdate(  977): [Control,InstallationControl] Installation progress updated to (0x410, -1.000).
I/SystemUpdate(  977): [Control,ChimeraGcmTaskService] Scheduling task: DeviceCharging.
I/SystemUpdate(  977): [Execution,ExecutionManager] Action non-ab-reboot executed for 0.13 seconds.
I/SystemUpdate(  977): [Execution,ExecutionManager] Action fixed-delay-execution executed for 0.01 seconds.
W/Wifi    ( 3637): Failed to read packet and byte counts from wifi interface
W/Wifi    ( 3637): Failed to read packet and byte counts from wifi interface
W/Wifi    ( 3637): Failed to read packet and byte counts from wifi interface
E/WifiStateMachine(  454): WifiStateMachine CMD_START_SCAN source -2 txSuccessRate=0.00 rxSuccessRate=0.00 targetRoamBSSID=any RSSI=-55
E/WifiStateMachine(  454): WifiStateMachine L2Connected CMD_START_SCAN source -2 698, 699 -> obsolete
W/Wifi    ( 3637): Failed to read packet and byte counts from wifi interface
W/Wifi    ( 3637): Failed to read packet and byte counts from wifi interface
W/Wifi    ( 3637): Failed to read packet and byte counts from wifi interface
W/Wifi    ( 3637): Failed to read packet and byte counts from wifi interface
W/Wifi    ( 3637): Failed to read packet and byte counts from wifi interface
W/Wifi    ( 3637): Failed to read packet and byte counts from wifi interface
W/Wifi    ( 3637): Failed to read packet and byte counts from wifi interface
W/Wifi    ( 3637): Failed to read packet and byte counts from wifi interface
W/Wifi    ( 3637): Failed to read packet and byte counts from wifi interface
W/Wifi    ( 3637): Failed to read packet and byte counts from wifi interface
W/Wifi    ( 3637): Failed to read packet and byte counts from wifi interface
W/Wifi    ( 3637): Failed to read packet and byte counts from wifi interface
W/Wifi    ( 3637): Failed to read packet and byte counts from wifi interface
W/Wifi    ( 3637): Failed to read packet and byte counts from wifi interface
I/PowerManagerService(  454): Waking up from sleep (uid 1000)...
I/DisplayPowerController(  454): Blocking screen on until initial contents have been drawn.
D/SurfaceFlinger(  154): Set power mode=2, type=0 flinger=0x559377d3c0
D/hwcomposer(  154): hwc_blank: display 0: unblank
D/hwcomposer(  154): hwc_blank_display: display 0: [1 -> 0]
D/hwcomposer(  154): Display 0 layer clip is 1536 x 2048
D/hwcomposer(  154): Display 0 device clip is 1536 x 2048
I/DisplayManagerService(  454): Display device changed: DisplayDeviceInfo{"Built-in Screen": uniqueId="local:0", 1536 x 2048, 60.000004 fps, supportedRefreshRates [60.000004, 59.0], density 320, 288.995 x 288.995 dpi, appVsyncOff 0, presDeadline 17666666, touch INTERNAL, rotation 0, type BUILT_IN, state ON, FLAG_DEFAULT_DISPLAY, FLAG_ROTATES_WITH_CONTENT, FLAG_SECURE, FLAG_SUPPORTS_PROTECTED_BUFFERS}
I/CwMcuSensor(  454): CwMcuSensor::flush: fd = 254, sensors_id = 0, path = /sys/class/htc_sensorhub/sensor_hub/flush, err = 0
V/KeyguardServiceDelegate(  454): onScreenTurnedOn(showListener = com.android.internal.policy.impl.PhoneWindowManager$2@28db44c4)
V/ActivityManager(  454): Display changed displayId=0
V/KeyguardServiceDelegate(  454): **** SHOWN CALLED ****
I/DisplayPowerController(  454): Unblocked screen on after 182 ms
I/CwMcuSensor(  454): CwMcuSensor::flush: fd = 209, sensors_id = 0, path = /sys/class/htc_sensorhub/sensor_hub/flush, err = 0
E/WifiStateMachine(  454): cancelDelayedScan -> 700
E/native  (  454): do suspend false
I/Authzen (  977): [DeviceStateSyncManager] Device state fast sync is disabled
D/SurfaceControl(  454): Excessive delay in setPowerMode(): 292ms
I/vgn     (  977): 122-GetRCNEnabledStatusOperation -- metadata{ service_id: 0 }
W/ctxmgr  (  992): [AclManager]No 2 for (accnt=account#1813920180#, com.google.android.gms(10008):ScreenProducer, vrsn=12685000, 0, 3pPkg = null ,  3pMdlId = null ,  pid = 992). Was: 2 for 7, account#1813920180#
W/ctxmgr  (  992): [AclManager]No 2 for (accnt=account#1813920180#, com.google.android.gms(10008):ScreenProducer, vrsn=12685000, 0, 3pPkg = null ,  3pMdlId = null ,  pid = 992). Was: 2 for 7, account#1813920180#
I/CwMcuSensor(  454): CwMcuSensor::flush: fd = 209, sensors_id = 0, path = /sys/class/htc_sensorhub/sensor_hub/flush, err = 0
W/Wifi    ( 3637): Failed to read packet and byte counts from wifi interface
I/art     (  454): Explicit concurrent mark sweep GC freed 101655(4MB) AllocSpace objects, 1(476KB) LOS objects, 33% free, 26MB/39MB, paused 1.443ms total 221.970ms
W/ctxmgr  (  992): [AclManager]No 2 for (accnt=account#1813920180#, com.google.android.gms(10008):DetectedActivityProducer, vrsn=12685000, 0, 3pPkg = null ,  3pMdlId = null ,  pid = 992). Was: 2 for 6, account#1813920180#
E/WifiStateMachine(  454): WifiStateMachine CMD_START_SCAN source -2 txSuccessRate=57.50 rxSuccessRate=109.50 targetRoamBSSID=any RSSI=-49
E/ctxmgr  (  992): [AppIntervalImpl]closeInterval: ongoing
E/ctxmgr  (  992): [ProducerStatusImpl]updateStateForNewContextData: inactive, contextName=6
W/Wifi    ( 3637): Failed to read packet and byte counts from wifi interface
V/ActivityManager(  454): Display changed displayId=0
I/InputReader(  454): Reconfiguring input devices.  changes=0x00000004
I/InputReader(  454): Device reconfigured: id=1, name='synaptics_dsx', size 1536x2048, orientation 0, mode 1, display id 0
I/InputReader(  454): Reconfiguring input devices.  changes=0x00000004
I/ActivityManager(  454): Config changes=480 {1.0 ?mcc?mnc en_US ldltr sw768dp w768dp h951dp 320dpi xlrg port finger -keyb/v/h -nav/h s.11}
D/BluetoothAdapter(  613): 921121322: getState() :  mService = null. Returning STATE_OFF
D/BluetoothAdapter(  613): 921121322: getState() :  mService = null. Returning STATE_OFF
E/LegacyNowServiceClient(  903): skipping logEndstates, service is null
E/LegacyNowServiceClient(  903): skipping logEndstates, service is null
V/WindowManager(  454): Adding window Window{3475ca75 u0 com.google.android.googlequicksearchbox/com.google.android.launcher.GEL} at 2 of 16 (after Window{3aec24d8 u0 com.android.systemui/com.android.systemui.recents.RecentsActivity})
I/WindowManager(  454): Screen frozen for +498ms due to Window{3475ca75 u0 com.google.android.googlequicksearchbox/com.google.android.launcher.GEL}
I/vgn     (  977): 5-LoadOwners -- metadata{ service_id: 0 }
W/Wifi    ( 3637): Failed to read packet and byte counts from wifi interface
I/vgn     (  977): 5-LoadOwnerCoverPhoto -- metadata{ service_id: 0 }
W/SessionLifecycleManager( 1023): Handover failed. Creating new session controller.
E/PBSessionCacheImpl( 1023): sessionId[15408456278162] not persisted.
I/PBSessionCacheImpl( 1023): Deleted sessionId[15408456278162] from persistence.
I/OptInState( 1023): There is a new client and it does not support opt-in. Dropping request.
W/LocationOracle( 1023): No location history returned by ContextManager
W/TabTreeCopier(  903): Card found with UNKNOWN_TAB, Entry Type 155
W/ctxmgr  (  992): [AclManager]No 3 for (accnt=account#-517948760#, com.google.android.gms(10008):UserVelocityProducer, vrsn=12685011, 0, 3pPkg = null ,  3pMdlId = null ,  pid = 992). Was: 3 for 1, account#-517948760#
I/vgn     (  992): 67-RequestPlaceUpdates -- metadata{ service_id: 0 }
I/CwMcuSensor(  454): CwMcuSensor::flush: fd = 164, sensors_id = 0, path = /sys/class/htc_sensorhub/sensor_hub/flush, err = 0
I/GeofencerStateMachine(  992): removeGeofences: removeRequest=RemoveGeofencingRequest[REMOVE_BY_PENDING_INTENT pendingIntent=PendingIntent[creatorPackage=com.google.android.gms], packageName=null]
I/GeofencerStateMachine(  992): removeGeofences: removeRequest=RemoveGeofencingRequest[REMOVE_BY_PENDING_INTENT pendingIntent=PendingIntent[creatorPackage=com.google.android.gms], packageName=null]
I/PlaceInferenceEngine(  992): [anon] Changed inference mode: 0
I/vgn     (  992): 67-RequestPlaceUpdates -- metadata{ service_id: 0 }
I/Places  (  992): ?: PlacesBleScanner start() with priority 2
D/BluetoothAdapter(  992): 144537376: getState() :  mService = null. Returning STATE_OFF
I/BeaconBle(  992): Using BLE 'L' hardware layer
I/BeaconBle(  992): Client requested scan, settings=BleSettings [scanMode=ZERO_POWER, callbackType=ALL_MATCHES, reportDelayMillis=0, 1 filters, 0 clients, callingClientName=Places]
E/BeaconBle(  992): Scan couldn't start for Places
W/Places  (  992): BLE failure while scanning - code 5
I/PlaceInferenceEngine(  992): [anon] Changed inference mode: 1
I/Places  (  992): Converted 10 out of 13 WiFi scans
I/PlaceInferenceEngine(  992): [anon] Changed inference mode: 1
W/AppFlowTracker(  903): Dropping App flow event "88" logged from process "com.google.android.googlequicksearchbox"
I/art     (  992): Background partial concurrent mark sweep GC freed 171817(8MB) AllocSpace objects, 28(948KB) LOS objects, 35% free, 28MB/44MB, paused 1.026ms total 186.798ms
I/PlaceInferenceEngine(  992): No beacon scan available - ignoring candidates.
W/Wifi    ( 3637): Failed to read packet and byte counts from wifi interface
D/PhoneStatusBar(  613): disable: < expand icons* alerts system_info* back home recent clock search >
I/MicroDetectionWorker( 1023): #updateMicroDetector [detectionMode: [mDetectionMode: [1]]]
I/MicroDetectionWorker( 1023): #startMicroDetector [speakerMode: 0]
D/BluetoothAdapter( 1023): 390554351: getState() :  mService = null. Returning STATE_OFF
D/BluetoothAdapter( 1023): 390554351: getState() :  mService = null. Returning STATE_OFF
I/VoiceSearchSettings( 1023): Hotword upgrade key is null!
D/BluetoothAdapter( 1023): 390554351: getState() :  mService = null. Returning STATE_OFF
I/VoiceSearchSettings( 1023): Hotword upgrade key is null!
D/BluetoothAdapter( 1023): 390554351: getState() :  mService = null. Returning STATE_OFF
I/MicroDetectionWorker( 1023): onReady
I/MicroRecognitionRunner( 1023): Starting detection.
I/MicrophoneInputStream( 1023): mic_starting com.google.android.apps.gsa.speech.audio.af@5fd11b0
I/AudioFlinger(  208): AudioFlinger's thread 0xab7bd7e0 ready to run
I/SoundTriggerHwService::Module(  208): void android::SoundTriggerHwService::Module::onCallbackEvent(const android::sp<android::SoundTriggerHwService::CallbackEvent>&) mClient == 0
I/MicrophoneInputStream( 1023): mic_started com.google.android.apps.gsa.speech.audio.af@5fd11b0
W/Wifi    ( 3637): Failed to read packet and byte counts from wifi interface
W/ctxmgr  (  992): [AclManager]No 2 for (accnt=account#-517948760#, com.google.android.gms(10008):PlacesProducer, vrsn=12685000, 0, 3pPkg = null ,  3pMdlId = null ,  pid = 992). Was: 3 for 18, account#-517948760#
I/MicroDetectionWorker( 1023): onReady
I/art     (  454): Explicit concurrent mark sweep GC freed 13875(703KB) AllocSpace objects, 0(0B) LOS objects, 33% free, 26MB/39MB, paused 1.972ms total 220.791ms
W/Wifi    ( 3637): Failed to read packet and byte counts from wifi interface
W/Wifi    ( 3637): Failed to read packet and byte counts from wifi interface
W/Wifi    ( 3637): Failed to read packet and byte counts from wifi interface
W/Wifi    ( 3637): Failed to read packet and byte counts from wifi interface
W/Wifi    ( 3637): Failed to read packet and byte counts from wifi interface
W/Wifi    ( 3637): Failed to read packet and byte counts from wifi interface
W/Wifi    ( 3637): Failed to read packet and byte counts from wifi interface
W/Wifi    ( 3637): Failed to read packet and byte counts from wifi interface
W/Wifi    ( 3637): Failed to read packet and byte counts from wifi interface
W/Wifi    ( 3637): Failed to read packet and byte counts from wifi interface
W/Wifi    ( 3637): Failed to read packet and byte counts from wifi interface
W/Wifi    ( 3637): Failed to read packet and byte counts from wifi interface
W/Wifi    ( 3637): Failed to read packet and byte counts from wifi interface
W/Wifi    ( 3637): Failed to read packet and byte counts from wifi interface
W/Wifi    ( 3637): Failed to read packet and byte counts from wifi interface
W/Wifi    ( 3637): Failed to read packet and byte counts from wifi interface
E/WifiStateMachine(  454): WifiStateMachine CMD_START_SCAN source -2 txSuccessRate=0.90 rxSuccessRate=1.71 targetRoamBSSID=any RSSI=-44
W/ctxmgr  (  992): [AclManager]No 2 for (accnt=account#-517948760#, com.google.android.gms(10008):IndoorOutdoorProducer, vrsn=12685000, 0, 3pPkg = null ,  3pMdlId = null ,  pid = 992). Was: 3 for 57, account#-517948760#
W/Wifi    ( 3637): Failed to read packet and byte counts from wifi interface
W/Wifi    ( 3637): Failed to read packet and byte counts from wifi interface
W/Wifi    ( 3637): Failed to read packet and byte counts from wifi interface
W/Wifi    ( 3637): Failed to read packet and byte counts from wifi interface
W/Wifi    ( 3637): Failed to read packet and byte counts from wifi interface
W/Wifi    ( 3637): Failed to read packet and byte counts from wifi interface
W/Wifi    ( 3637): Failed to read packet and byte counts from wifi interface
W/Wifi    ( 3637): Failed to read packet and byte counts from wifi interface
W/Wifi    ( 3637): Failed to read packet and byte counts from wifi interface
W/Wifi    ( 3637): Failed to read packet and byte counts from wifi interface
W/Wifi    ( 3637): Failed to read packet and byte counts from wifi interface
W/Wifi    ( 3637): Failed to read packet and byte counts from wifi interface
I/vgn     (  992): 35-GetDeviceDataUploadOptInStatusOperation -- metadata{ service_id: 0 }
I/vgn     (  992): 35-GetDeviceDataUploadOptInStatusOperation -- metadata{ service_id: 0 }
D/PhoneStatusBar(  613): disable: < expand ICONS* alerts SYSTEM_INFO* back home recent clock search >
I/MicroDetector( 1023): Keeping mic open: false
I/MicroRecognitionRunner( 1023): Stopping hotword detection.
I/AudioController( 1023): internalShutdown
I/MicrophoneInputStream( 1023): mic_close com.google.android.apps.gsa.speech.audio.af@5fd11b0
I/DeviceStateChecker( 1023): DeviceStateChecker cancelled
I/SoundTriggerHwService::Module(  208): void android::SoundTriggerHwService::Module::onCallbackEvent(const android::sp<android::SoundTriggerHwService::CallbackEvent>&) mClient == 0
I/MicroRecognitionRunner( 1023): Detection finished
D/BluetoothAdapter(  613): 921121322: getState() :  mService = null. Returning STATE_OFF
D/BluetoothAdapter(  613): 921121322: getState() :  mService = null. Returning STATE_OFF
W/Wifi    ( 3637): Failed to read packet and byte counts from wifi interface
D/BluetoothAdapter(  613): 921121322: getState() :  mService = null. Returning STATE_OFF
D/BluetoothAdapter(  613): 921121322: getState() :  mService = null. Returning STATE_OFF
W/Wifi    ( 3637): Failed to read packet and byte counts from wifi interface
W/Wifi    ( 3637): Failed to read packet and byte counts from wifi interface
W/Wifi    ( 3637): Failed to read packet and byte counts from wifi interface
I/vgn     (  992): 35-GetDeviceDataUploadOptInStatusOperation -- metadata{ service_id: 0 }
I/vgn     (  992): 35-GetDeviceDataUploadOptInStatusOperation -- metadata{ service_id: 0 }
W/Wifi    ( 3637): Failed to read packet and byte counts from wifi interface
W/Wifi    ( 3637): Failed to read packet and byte counts from wifi interface
W/Wifi    ( 3637): Fai