W/PackageManager(  627): Failure retrieving resources for com.quicinc.trepn: Resource ID #0x0
D/ConnectivityService(  451): listenForNetwork for NetworkRequest [ id=700, legacyType=-1, [ Capabilities: INTERNET&NOT_RESTRICTED&TRUSTED] ]
D/ConnectivityService(  451): handleRegisterNetworkRequest checking NetworkAgentInfo [WIFI () - 126]
D/ConnectivityService(  451): apparently satisfied.  currentScore=60
D/ConnectivityManager.CallbackHandler( 4886): CM callback handler got msg 524290
D/ConnectivityService(  451): listenForNetwork for NetworkRequest [ id=701, legacyType=-1, [ Capabilities: INTERNET&NOT_RESTRICTED&TRUSTED] ]
D/ConnectivityService(  451): handleRegisterNetworkRequest checking NetworkAgentInfo [WIFI () - 126]
D/ConnectivityService(  451): apparently satisfied.  currentScore=60
D/ConnectivityManager.CallbackHandler( 4886): CM callback handler got msg 524290
W/cr_KnoxSettingsProvider( 4886): Permission to read device policy denied.
I/orc     (  987): 28-GetActiveNetworkQuality -- metadata{ service_id: 0 }
I/cr_ChildProcessService( 4962): Creating new ChildProcessService pid=4962
I/cr_LibraryLoader( 4962): Using linker: org.chromium.base.library_loader.LegacyLinker
W/linker  ( 4962): libchromium_android_linker.so: unused DT entry: type 0x6ffffffe arg 0xce8
W/linker  ( 4962): libchromium_android_linker.so: unused DT entry: type 0x6fffffff arg 0x3
I/cr_SnippetsLauncher( 4886): Scheduling: 172800 172800
I/cr_LibraryLoader( 4962): Loading chrome from within /data/app/com.android.chrome-2/base.apk
I/cr_LibraryLoader( 4962): Time to load native libraries: 65 ms (timestamps 8901-8966)
I/chromium( 4962): [INFO:library_loader_hooks.cc(136)] Chromium logging enabled: level = 0, default verbosity = 0
I/cr_LibraryLoader( 4962): Expected native library version number "61.0.3163.98", actual native library version number "61.0.3163.98"
E/libEGL  ( 4962): validate_display:255 error 3008 (EGL_BAD_DISPLAY)
I/art     (  965): Explicit concurrent mark sweep GC freed 171781(8MB) AllocSpace objects, 65(4MB) LOS objects, 33% free, 32MB/48MB, paused 906us total 372.385ms
W/VideoCapabilities( 4962): Unsupported mime video/mpeg2
W/AudioCapabilities( 4962): Unsupported mime audio/mpeg-L2
W/VideoCapabilities( 4962): Unrecognized level 0 for video/x-vnd.on2.vp8
I/VideoCapabilities( 4962): Unsupported profile 4 for video/mp4v-es
W/cr_MediaCodecUtil( 4962): HW encoder for video/avc is not available on this device.
W/Herrevad(  987): [4124] wux.b: Invalid mccmnc 
W/Herrevad(  987): [4124] wux.b: Invalid mccmnc 
W/Wifi    ( 3458): Failed to read packet and byte counts from wifi interface
W/Wifi    ( 3458): Failed to read packet and byte counts from wifi interface
W/Wifi    ( 3458): Failed to read packet and byte counts from wifi interface
E/WifiStateMachine(  451): WifiStateMachine CMD_START_SCAN source -2 txSuccessRate=10.76 rxSuccessRate=21.72 targetRoamBSSID=any RSSI=-60
W/Wifi    ( 3458): Failed to read packet and byte counts from wifi interface
D/AndroidRuntime( 5017): >>>>>> START com.android.internal.os.RuntimeInit uid 2000 <<<<<<
D/AndroidRuntime( 5017): CheckJNI is OFF
D/ConnectivityService(  451): releasing NetworkRequest NetworkRequest [ id=701, legacyType=-1, [ Capabilities: INTERNET&NOT_RESTRICTED&TRUSTED] ]
D/ConnectivityManager.CallbackHandler( 4886): CM callback handler got msg 524296
D/AndroidRuntime( 5017): Calling main entry com.android.commands.input.Input
I/Input   ( 5017): injectMotionEvent: MotionEvent { action=ACTION_DOWN, id[0]=0, x[0]=700.0, y[0]=1550.0, toolType[0]=TOOL_TYPE_UNKNOWN, buttonState=0, metaState=0, flags=0x0, edgeFlags=0x0, pointerCount=1, historySize=0, eventTime=73853479, downTime=73853479, deviceId=0, source=0x1002 }
I/Input   ( 5017): injectMotionEvent: MotionEvent { action=ACTION_UP, id[0]=0, x[0]=700.0, y[0]=1550.0, toolType[0]=TOOL_TYPE_UNKNOWN, buttonState=0, metaState=0, flags=0x0, edgeFlags=0x0, pointerCount=1, historySize=0, eventTime=73853479, downTime=73853479, deviceId=0, source=0x1002 }
D/AndroidRuntime( 5017): Shutting down VM
D/audio_hw_primary(  205): out_set_parameters: enter: usecase(0: playback) kvpairs: routing=2 out->devices(2) adev->mode(0)
W/Wifi    ( 3458): Failed to read packet and byte counts from wifi interface
W/Wifi    ( 3458): Failed to read packet and byte counts from wifi interface
W/Wifi    ( 3458): Failed to read packet and byte counts from wifi interface
D/TaskPersister(  451): removeObsoleteFile: deleting file=3822_task_thumbnail.png
W/Wifi    ( 3458): Failed to read packet and byte counts from wifi interface
W/Wifi    ( 3458): Failed to read packet and byte counts from wifi interface
W/Wifi    ( 3458): Failed to read packet and byte counts from wifi interface
D/AndroidRuntime( 5070): >>>>>> START com.android.internal.os.RuntimeInit uid 2000 <<<<<<
D/AndroidRuntime( 5070): CheckJNI is OFF
D/AndroidRuntime( 5070): Calling main entry com.android.commands.input.Input
I/Input   ( 5070): injectMotionEvent: MotionEvent { action=ACTION_DOWN, id[0]=0, x[0]=372.0, y[0]=1530.0, toolType[0]=TOOL_TYPE_UNKNOWN, buttonState=0, metaState=0, flags=0x0, edgeFlags=0x0, pointerCount=1, historySize=0, eventTime=73859222, downTime=73859222, deviceId=0, source=0x1002 }
I/Input   ( 5070): injectMotionEvent: MotionEvent { action=ACTION_UP, id[0]=0, x[0]=372.0, y[0]=1530.0, toolType[0]=TOOL_TYPE_UNKNOWN, buttonState=0, metaState=0, flags=0x0, edgeFlags=0x0, pointerCount=1, historySize=0, eventTime=73859222, downTime=73859222, deviceId=0, source=0x1002 }
D/AndroidRuntime( 5070): Shutting down VM
D/audio_hw_primary(  205): out_set_parameters: enter: usecase(0: playback) kvpairs: routing=2 out->devices(2) adev->mode(0)
W/Wifi    ( 3458): Failed to read packet and byte counts from wifi interface
D/AndroidRuntime( 5098): >>>>>> START com.android.internal.os.RuntimeInit uid 2000 <<<<<<
D/AndroidRuntime( 5098): CheckJNI is OFF
D/AndroidRuntime( 5098): Calling main entry com.android.commands.am.Am
I/Trepn   ( 4833): Trepn 6.2s: Received intent: com.quicinc.trepn.start_profiling
W/FileUtils( 4833): Failed to chmod(/storage/emulated/0/trepn/Trepn_2018.06.14_183853.db): android.system.ErrnoException: chmod failed: EPERM (Operation not permitted)
D/OpenGLRenderer( 4833): Use EGL_SWAP_BEHAVIOR_PRESERVED: true
I/Trepn   ( 4833): Trepn 6.2s: Trepn has Started Profiling.
D/AndroidRuntime( 5098): Shutting down VM
I/OpenGLRenderer( 4833): Initialized EGL, version 1.4
D/OpenGLRenderer( 4833): Enabling debug mode 0
W/Wifi    ( 3458): Failed to read packet and byte counts from wifi interface
D/AndroidRuntime( 5135): >>>>>> START com.android.internal.os.RuntimeInit uid 2000 <<<<<<
D/AndroidRuntime( 5135): CheckJNI is OFF
D/AndroidRuntime( 5135): Calling main entry com.android.commands.am.Am
I/ActivityManager(  451): START u0 {act=android.intent.action.VIEW dat=localhost:8000 flg=0x10000000 cmp=com.android.chrome/com.google.android.apps.chrome.Main} from uid 2000 on display 0
V/WindowManager(  451): addAppToken: AppWindowToken{240c3c2e token=Token{31c79ea9 ActivityRecord{24ff6230 u0 com.android.chrome/com.google.android.apps.chrome.Main t3823}}} to stack=1 task=3823 at 0
D/AndroidRuntime( 5135): Shutting down VM
D/ConnectivityService(  451): listenForNetwork for NetworkRequest [ id=702, legacyType=-1, [ Capabilities: INTERNET&NOT_RESTRICTED&TRUSTED] ]
D/ConnectivityService(  451): handleRegisterNetworkRequest checking NetworkAgentInfo [WIFI () - 126]
D/ConnectivityService(  451): apparently satisfied.  currentScore=60
I/cr_InstantAppsHandler( 4886): Not handling with Instant Apps because Chrome is not default or there's a specialized handler
D/ConnectivityManager.CallbackHandler( 4886): CM callback handler got msg 524290
I/ActivityManager(  451): START u0 {cmp=com.android.chrome/org.chromium.chrome.browser.firstrun.FirstRunActivity (has extras)} from uid 10035 on display 0
V/WindowManager(  451): addAppToken: AppWindowToken{1c014748 token=Token{286fddeb ActivityRecord{3a23ed3a u0 com.android.chrome/org.chromium.chrome.browser.firstrun.FirstRunActivity t3824}}} to stack=1 task=3824 at 0
V/WindowManager(  451): Based on layer: Adding window Window{d3a306 u0 com.android.chrome/org.chromium.chrome.browser.firstrun.FirstRunActivity} at 3 of 17
I/ActivityManager(  451): Displayed com.android.chrome/org.chromium.chrome.browser.firstrun.FirstRunActivity: +118ms (total +148ms)
W/Wifi    ( 3458): Failed to read packet and byte counts from wifi interface
W/Wifi    ( 3458): Failed to read packet and byte counts from wifi interface
I/orc     (  965): 51-GetConfigurationSnapshotOperationCall -- metadata{ service_id: 0 }
I/orc     (  965): 51-CommitToConfigurationOperationCall -- metadata{ service_id: 0 }
I/PhenotypeExpCommitSvc( 4624): [2303] PhenotypeExperimentCommitService.a: Successfully committed experiments for user [bV0mn0Se6j8NQF4DT19QdaUy-_8]
I/Stn.AppLifecycle( 4624): [1] b.a: onConfigChanged()
I/SystemUpdate(  987): [Control,ChimeraGcmTaskService] Task started with tag: DeviceCharging.
I/SystemUpdate(  987): [Control,ChimeraGcmTaskService] Scheduling task: DeviceCharging.
E/NetworkScheduler.ATC(  965): Received callback from client for task that is already complete. ComponentInfo{com.google.android.apps.gcs/com.google.android.apps.gcs.service.UtilUpdaterTaskService} UtilUpdTask
I/SystemUpdate(  987): [Execution,InstallationEventIntentOperation] Handling event of type 4.
I/SystemUpdate(  987): [Execution,InstallationIntentOperation] Received intent: Intent { act=com.google.android.gms.update.INSTALL_UPDATE cat=[targeted_intent_op_prefix:.update.execution.InstallationIntentOperation] cmp=com.google.android.gms/.chimera.GmsIntentOperationService }.
W/ChimeraUtils(  987): Non Chimera context
W/ChimeraUtils(  987): Non Chimera context
I/SystemUpdate(  987): [Control,InstallationControl] Installation progress updated to (0x410, -1.000).
I/art     (  451): Explicit concurrent mark sweep GC freed 36586(2MB) AllocSpace objects, 40(3MB) LOS objects, 33% free, 30MB/45MB, paused 1.620ms total 147.356ms
I/GmscoreIpa(  987): Starting mediastore batch index
I/SystemUpdate(  987): [Control,ChimeraGcmTaskService] Scheduling task: DeviceCharging.
I/SystemUpdate(  987): [Execution,ExecutionManager] Action non-ab-reboot executed for 0.18 seconds.
I/SystemUpdate(  987): [Execution,ExecutionManager] Action fixed-delay-execution executed for 0.02 seconds.
E/NetworkScheduler(  965): ignoring stale queue check message
I/Icing   (  987): Removing corpus key 347157A9B8DA9824201DD1E104057C27721FA739 for package com.google.android.gms
W/Wifi    ( 3458): Failed to read packet and byte counts from wifi interface
E/WifiNetworkScoreCache(  451): updateScores list size=1
I/SystemUpdate(  987): [Control,ChimeraGcmTaskService] Task started with tag: DeviceCharging.
I/SystemUpdate(  987): [Control,ChimeraGcmTaskService] Scheduling task: DeviceCharging.
I/SystemUpdate(  987): [Execution,InstallationEventIntentOperation] Handling event of type 4.
I/SystemUpdate(  987): [Execution,InstallationIntentOperation] Received intent: Intent { act=com.google.android.gms.update.INSTALL_UPDATE cat=[targeted_intent_op_prefix:.update.execution.InstallationIntentOperation] cmp=com.google.android.gms/.chimera.GmsIntentOperationService }.
I/SystemUpdate(  987): [Control,ChimeraGcmTaskService] Scheduling task: DeviceCharging.
I/SystemUpdate(  987): [Execution,ExecutionManager] Action non-ab-reboot executed for 0.05 seconds.
I/SystemUpdate(  987): [Control,ChimeraGcmTaskService] Task started with tag: DeviceCharging.
I/SystemUpdate(  987): [Control,ChimeraGcmTaskService] Scheduling task: DeviceCharging.
E/NetworkScheduler.ATC(  965): Called cancelTask for already completed task com.google.android.gms/.update.SystemUpdateGcmTaskService{u=0 tag="DeviceCharging" trigger=window{start=0s,end=31536000s,earliest=0s,latest=31535999s} requirements=[NET_ANY,CHARGING] attributes=[] scheduled=0s last_run=0s jid=N/A status=ACTIVE retries=0 client_lib=MANCHEGO_GCM-12685000} :RESCHEDULED
I/SystemUpdate(  987): [Execution,ExecutionManager] Action fixed-delay-execution executed for 0.02 seconds.
I/SystemUpdate(  987): [Execution,InstallationEventIntentOperation] Handling event of type 4.
I/SystemUpdate(  987): [Execution,InstallationIntentOperation] Received intent: Intent { act=com.google.android.gms.update.INSTALL_UPDATE cat=[targeted_intent_op_prefix:.update.execution.InstallationIntentOperation] cmp=com.google.android.gms/.chimera.GmsIntentOperationService }.
I/SystemUpdate(  987): [Control,InstallationControl] Installation progress updated to (0x410, -1.000).
I/SystemUpdate(  987): [Control,ChimeraGcmTaskService] Scheduling task: DeviceCharging.
I/SystemUpdate(  987): [Execution,ExecutionManager] Action non-ab-reboot executed for 0.13 seconds.
I/SystemUpdate(  987): [Execution,ExecutionManager] Action fixed-delay-execution executed for 0.02 seconds.
W/Wifi    ( 3458): Failed to read packet and byte counts from wifi interface
W/Wifi    ( 3458): Failed to read packet and byte counts from wifi interface
W/Wifi    ( 3458): Failed to read packet and byte counts from wifi interface
I/Icing   (  987): Scored 151 usage reports, missing_corpora 2 update_failed 25
I/Icing   (  987): Indexing 347157A9B8DA9824201DD1E104057C27721FA739 from com.google.android.gms
I/Icing   (  987): Indexing done 347157A9B8DA9824201DD1E104057C27721FA739
W/Wifi    ( 3458): Failed to read packet and byte counts from wifi interface
W/Wifi    ( 3458): Failed to read packet and byte counts from wifi interface
D/ConnectivityService(  451): updateNetworkScore for NetworkAgentInfo [WIFI () - 126] to 56
D/ConnectivityService(  451): rematching NetworkAgentInfo [WIFI () - 126]
D/ConnectivityService(  451): Network NetworkAgentInfo [WIFI () - 126] was already satisfying request 1. No change.
D/ConnectivityService(  451): notifyType AVAILABLE for NetworkAgentInfo [WIFI () - 126]
D/ConnectivityManager.CallbackHandler(  627): CM callback handler got msg 524290
D/ConnectivityManager.CallbackHandler(15005): CM callback handler got msg 524290
D/ConnectivityManager.CallbackHandler( 4886): CM callback handler got msg 524290
D/ConnectivityManager.CallbackHandler( 4886): CM callback handler got msg 524290
D/ConnectivityManager.CallbackHandler(  987): CM callback handler got msg 524290
D/ConnectivityManager.CallbackHandler(  987): CM callback handler got msg 524290
D/ConnectivityManager.CallbackHandler(  987): CM callback handler got msg 524290
W/Wifi    ( 3458): Failed to read packet and byte counts from wifi interface
W/Wifi    ( 3458): Failed to read packet and byte counts from wifi interface
W/Wifi    ( 3458): Failed to read packet and byte counts from wifi interface
E/WifiStateMachine(  451): WifiStateMachine CMD_START_SCAN source -2 txSuccessRate=3.51 rxSuccessRate=3.42 targetRoamBSSID=any RSSI=-61
D/ConnectivityService(  451): updateNetworkScore for NetworkAgentInfo [WIFI () - 126] to 60
D/ConnectivityService(  451): rematching NetworkAgentInfo [WIFI () - 126]
D/ConnectivityService(  451): Network NetworkAgentInfo [WIFI () - 126] was already satisfying request 1. No change.
D/ConnectivityService(  451): notifyType AVAILABLE for NetworkAgentInfo [WIFI () - 126]
D/ConnectivityManager.CallbackHandler(  987): CM callback handler got msg 524290
D/ConnectivityManager.CallbackHandler(15005): CM callback handler got msg 524290
D/ConnectivityManager.CallbackHandler(  627): CM callback handler got msg 524290
D/ConnectivityManager.CallbackHandler( 4886): CM callback handler got msg 524290
D/ConnectivityManager.CallbackHandler( 4886): CM callback handler got msg 524290
D/ConnectivityManager.CallbackHandler(  987): CM callback handler got msg 524290
D/ConnectivityManager.CallbackHandler(  987): CM callback handler got msg 524290
W/Wifi    ( 3458): Failed to read packet and byte counts from wifi interface
W/Wifi    ( 3458): Failed to read packet and byte counts from wifi interface
W/Wifi    ( 3458): Failed to read packet and byte counts from wifi interface
W/Wifi    ( 3458): Failed to read packet and byte counts from wifi interface
W/Wifi    ( 3458): Failed to read packet and byte counts from wifi interface
W/Wifi    ( 3458): Failed to read packet and byte counts from wifi interface
W/Wifi    ( 3458): Failed to read packet and byte counts from wifi interface
W/Wifi    ( 3458): Failed to read packet and byte counts from wifi interface
W/Wifi    ( 3458): Failed to read packet and byte counts from wifi interface
W/Wifi    ( 3458): Failed to read packet and byte counts from wifi interface
W/Wifi    ( 3458): Failed to read packet and byte counts from wifi interface
W/Wifi    ( 3458): Failed to read packet and byte counts from wifi interface
W/Wifi    ( 3458): Failed to read packet and byte counts from wifi interface
W/Wifi    ( 3458): Failed to read packet and byte counts from wifi interface
W/Wifi    ( 3458): Failed to read packet and byte counts from wifi interface
W/Wifi    ( 3458): Failed to read packet and byte counts from wifi interface
W/Wifi    ( 3458): Failed to read packet and byte counts from wifi interface
W/Wifi    ( 3458): Failed to read packet and byte counts from wifi interface
W/Wifi    ( 3458): Failed to read packet and byte counts from wifi interface
W/Wifi    ( 3458): Failed to read packet and byte counts from wifi interface
E/WifiStateMachine(  451): WifiStateMachine CMD_START_SCAN source -2 txSuccessRate=0.04 rxSuccessRate=0.04 targetRoamBSSID=any RSSI=-57
W/Wifi    ( 3458): Failed to read packet and byte counts from wifi interface
W/Wifi    ( 3458): Failed to read packet and byte counts from wifi interface
D/audio_hw_primary(  205): out_set_parameters: enter: usecase(0: playback) kvpairs: routing=2 out->devices(2) adev->mode(0)
E/tegra_memtrack_hal(  451): failed to read header for pid 451: Operation not permitted
E/tegra_memtrack_hal(  451): failed to read header for pid 451: Operation not permitted
E/tegra_memtrack_hal(  451): failed to read header for pid 451: Operation not permitted
E/tegra_memtrack_hal(  451): failed to read header for pid 451: Operation not permitted
E/tegra_memtrack_hal(  451): failed to read header for pid 451: Operation not permitted
W/Wifi    ( 3458): Failed to read packet and byte counts from wifi interface
I/cr_LibraryLoader( 4912): Using linker: org.chromium.base.library_loader.LegacyLinker
W/linker  ( 4912): libchromium_android_linker.so: unused DT entry: type 0x6ffffffe arg 0xce8
W/linker  ( 4912): libchromium_android_linker.so: unused DT entry: type 0x6fffffff arg 0x3
I/cr_LibraryLoader( 4912): Loading chrome from within /data/app/com.android.chrome-2/base.apk
I/cr_LibraryLoader( 4912): Time to load native libraries: 60 ms (timestamps 4678-4738)
I/chromium( 4912): [INFO:library_loader_hooks.cc(136)] Chromium logging enabled: level = 0, default verbosity = 0
I/cr_LibraryLoader( 4912): Expected native library version number "61.0.3163.98", actual native library version number "61.0.3163.98"
D/audio_hw_primary(  205): out_set_parameters: enter: usecase(0: playback) kvpairs: routing=2 out->devices(2) adev->mode(0)
E/native  (  451): do suspend false
E/WifiStateMachine(  451): scanCount==0 - aborting
I/dhcpcd  ( 5243): sending signal 14 to pid 27491
I/dhcpcd  (27491): received SIGALRM, renewing
I/dhcpcd  (27491): wlan0: renewing lease of 130.37.106.234
I/dhcpcd  (27491): wlan0: acknowledged 130.37.106.234 from 130.37.236.205 `pradi001b'
W/Wifi    ( 3458): Failed to read packet and byte counts from wifi interface
I/dhcpcd  (27491): wlan0: leased 130.37.106.234 for 1800 seconds
I/ActivityManager(  451): START u0 {act=android.intent.action.VIEW dat=localhost:8000 flg=0x10800000 cmp=com.android.chrome/com.google.android.apps.chrome.Main (has extras)} from uid 10035 on display 0
V/WindowManager(  451): addAppToken: AppWindowToken{8169fbb token=Token{3a28544a ActivityRecord{293ad5b5 u0 com.android.chrome/com.google.android.apps.chrome.Main t3825}}} to stack=1 task=3825 at 0
D/audio_hw_primary(  205): out_set_parameters: enter: usecase(0: playback) kvpairs: routing=2 out->devices(2) adev->mode(0)
D/ConnectivityService(  451): releasing NetworkRequest NetworkRequest [ id=702, legacyType=-1, [ Capabilities: INTERNET&NOT_RESTRICTED&TRUSTED] ]
D/ConnectivityManager.CallbackHandler( 4886): CM callback handler got msg 524296
D/ConnectivityService(  451): listenForNetwork for NetworkRequest [ id=703, legacyType=-1, [ Capabilities: INTERNET&NOT_RESTRICTED&TRUSTED] ]
D/ConnectivityService(  451): handleRegisterNetworkRequest checking NetworkAgentInfo [WIFI () - 126]
D/ConnectivityService(  451): apparently satisfied.  currentScore=60
I/cr_InstantAppsHandler( 4886): Not handling with Instant Apps because Chrome is not default or there's a specialized handler
D/ConnectivityManager.CallbackHandler( 4886): CM callback handler got msg 524290
I/ActivityManager(  451): START u0 {act=android.intent.action.VIEW dat=localhost:8000 flg=0x14002000 cmp=com.android.chrome/org.chromium.chrome.browser.ChromeTabbedActivity (has extras)} from uid 10035 on display 0
V/WindowManager(  451): addAppToken: AppWindowToken{361d066d token=Token{35963e84 ActivityRecord{31857c97 u0 com.android.chrome/org.chromium.chrome.browser.ChromeTabbedActivity t3826}}} to stack=1 task=3826 at 0
D/ConnectivityService(  451): NetworkAgentInfo [WIFI () - 126] EVENT_NETWORK_INFO_CHANGED, going from CONNECTED to CONNECTING
D/ConnectivityService(  451): NetworkAgentInfo [WIFI () - 126] EVENT_NETWORK_INFO_CHANGED, going from CONNECTING to CONNECTED
E/WifiStateMachine(  451): WifiStateMachine: Leaving Connected state
I/GeofencerStateMachine(  965): sendWifiConnectivityChanged: connectivity=false
I/GeofencerStateMachine(  965): sendWifiConnectivityChanged: connectivity=true
V/WindowManager(  451): Based on layer: Adding window Window{ba663fa u0 Starting com.android.chrome} at 4 of 18
I/PBSessionCacheImpl(15005): Deleted sessionId[13690465813384] from persistence.
I/art     ( 4886): Background sticky concurrent mark sweep GC freed 24657(1495KB) AllocSpace objects, 6(96KB) LOS objects, 9% free, 12MB/13MB, paused 7.976ms total 105.992ms
I/MicroDetector(15005): Keeping mic open: false
I/DeviceStateChecker(15005): DeviceStateChecker cancelled
I/AudioController(15005): internalShutdown
I/MicrophoneInputStream(15005): mic_close com.google.android.apps.gsa.speech.audio.af@389a030e
I/MicroRecognitionRunner(15005): Stopping hotword detection.
I/SoundTriggerHwService::Module(  205): void android::SoundTriggerHwService::Module::onCallbackEvent(const android::sp<android::SoundTriggerHwService::CallbackEvent>&) mClient == 0
W/cr_tabmodel( 4886): Starting to perform legacy migration.
W/cr_tabmodel( 4886): Finished performing legacy migration.
W/cr_tabmodel( 4886): Starting to perform multi-instance migration.
W/cr_tabmodel( 4886): Finished performing multi-instance migration.
W/cr_tabmodel( 4886): Starting to fetch tab list.
E/cr_tabmodel( 4886): State file does not exist.
I/ActivityManager(  451): Start proc 5267:com.android.chrome:sandboxed_process1/u0i752 for service com.android.chrome/org.chromium.content.app.SandboxedProcessService1
I/MicroRecognitionRunner(15005): Detection finished
E/WorkerRegistryImpl(15005): getWorker() is called after WorkerRegistry disposal.
E/WorkerRegistryImpl(15005): getWorker() is called after WorkerRegistry disposal.
E/WorkerRegistryImpl(15005): getWorker() is called after WorkerRegistry disposal.
V/WindowManager(  451): Adding window Window{17a1024c u0 com.android.chrome/org.chromium.chrome.browser.ChromeTabbedActivity} at 4 of 19 (before Window{ba663fa u0 Starting com.android.chrome})
E/WorkerRegistryImpl(15005): getWorker() is called after WorkerRegistry disposal.
E/WorkerRegistryImpl(15005): getWorker() is called after WorkerRegistry disposal.
E/WorkerRegistryImpl(15005): getWorker() is called after WorkerRegistry disposal.
E/WorkerRegistryImpl(15005): getWorker() is called after WorkerRegistry disposal.
E/WorkerRegistryImpl(15005): getWorker() is called after WorkerRegistry disposal.
E/WorkerRegistryImpl(15005): getWorker() is called after WorkerRegistry disposal.
E/WorkerRegistryImpl(15005): getWorker() is called after WorkerRegistry disposal.
E/WorkerRegistryImpl(15005): getWorker() is called after WorkerRegistry disposal.
E/WorkerRegistryImpl(15005): getWorker() is called after WorkerRegistry disposal.
E/WorkerRegistryImpl(15005): getWorker() is called after WorkerRegistry disposal.
E/WorkerRegistryImpl(15005): getWorker() is called after WorkerRegistry disposal.
E/WorkerRegistryImpl(15005): getWorker() is called after WorkerRegistry disposal.
E/WorkerRegistryImpl(15005): getWorker() is called after WorkerRegistry disposal.
E/WorkerRegistryImpl(15005): getWorker() is called after WorkerRegistry disposal.
E/WorkerRegistryImpl(15005): getWorker() is called after WorkerRegistry disposal.
E/WorkerRegistryImpl(15005): getWorker() is called after WorkerRegistry disposal.
E/WorkerRegistryImpl(15005): getWorker() is called after WorkerRegistry disposal.
E/WorkerRegistryImpl(15005): getWorker() is called after WorkerRegistry disposal.
W/dboxed_process1( 5267): type=1400 audit(0.0:893): avc: denied { search } for name="tmp" dev="dm-0" ino=49 scontext=u:r:isolated_app:s0 tcontext=u:object_r:shell_data_file:s0 tclass=dir permissive=0
I/cr_ChildProcessService( 5267): Creating new ChildProcessService pid=5267
V/WindowManager(  451): Adding window Window{38a6979b u0 SurfaceView} at 4 of 20 (before Window{17a1024c u0 com.android.chrome/org.chromium.chrome.browser.ChromeTabbedActivity})
I/vgn     (  965): 67-RequestPlaceUpdates -- metadata{ service_id: 0 }
I/vgn     (  965): 67-RemovePlaceUpdates -- metadata{ service_id: 0 }
W/Wifi    ( 3458): Failed to read packet and byte counts from wifi interface
I/Places  (  965): ?: PlacesBleScanner stop()
I/BeaconBle(  965): Scan canceled successfully.
I/PlaceInferenceEngine(  965): [anon] Changed inference mode: 0
I/GeofencerStateMachine(  965): removeGeofences: removeRequest=RemoveGeofencingRequest[REMOVE_BY_PENDING_INTENT pendingIntent=PendingIntent[creatorPackage=com.google.android.gms], packageName=null]
I/ActivityManager(  451): Displayed com.android.chrome/org.chromium.chrome.browser.ChromeTabbedActivity: +794ms (total +851ms)
I/art     ( 4886): Rejecting re-init on previously-failed class java.lang.Class<org.chromium.content.browser.FloatingActionModeCallback>
I/art     ( 4886): Rejecting re-init on previously-failed class java.lang.Class<org.chromium.content.browser.FloatingActionModeCallback>
I/cr_LibraryLoader( 5267): Using linker: org.chromium.base.library_loader.LegacyLinker
W/linker  ( 5267): libchromium_android_linker.so: unused DT entry: type 0x6ffffffe arg 0xce8
W/linker  ( 5267): libchromium_android_linker.so: unused DT entry: type 0x6fffffff arg 0x3
W/cr_media( 4886): Requires BLUETOOTH permission
I/cr_LibraryLoader( 5267): Loading chrome from within /data/app/com.android.chrome-2/base.apk
I/cr_LibraryLoader( 5267): Time to load native libraries: 106 ms (timestamps 7061-7167)
I/chromium( 5267): [INFO:library_loader_hooks.cc(136)] Chromium logging enabled: level = 0, default verbosity = 0
I/cr_LibraryLoader( 5267): Expected native library version number "61.0.3163.98", actual native library version number "61.0.3163.98"
D/BluetoothAdapter(15005): 282265226: getState() :  mService = null. Returning STATE_OFF
D/BluetoothAdapter(15005): 282265226: getState() :  mService = null. Returning STATE_OFF
I/VoiceSearchSettings(15005): Hotword upgrade key is null!
I/VISHotwordAdapter(15005): #initialize, locale=en-US, keyPhrase=Ok Google
I/GsaVoiceInteractionSrv(  795): initializeAlwaysOnHotwordDetector locale en-US hotwordPhrase Ok Google
W/chromium( 4886): [WARNING:profile_downloader.cc(310)] ProfileDownloader: token request using refresh token failed:Request canceled.
I/orc     (  965): 51-GetExperimentTokensOperationCall -- metadata{ service_id: 0 }
W/chromium( 4886): [WARNING:syncer_proto_util.cc(338)] Error posting from syncer: Response Code (bogus on error): -1 Content-Length (bogus on error): -1 Server Status: SYNC_AUTH_ERROR
I/vgn     (  987): 45-xlb -- metadata{ service_id: 0 }
I/vgn     (  987): 45-xlb -- metadata{ service_id: 0 }
W/Wifi    ( 3458): Failed to read packet and byte counts from wifi interface
E/aght    (  965): Phenotype API error. Event a <
E/aght    (  965):   a: "LOCAL.com.google.android.agsa.QSB"
E/aght    (  965):   b: 0
E/aght    (  965):   e: ""
E/aght    (  965):   f: ""
E/aght    (  965):   g: 0
E/aght    (  965):   h: 0
E/aght    (  965):   i: ""
E/aght    (  965):   j: 60
E/aght    (  965): >
E/aght    (  965): e: # bjzl@f5130810
E/aght    (  965): , EventCode: 7 -- metadata{ service_id: 51 }
E/aght    (  965): aggm: 29505: No config packages for log source, or config package not registered
E/aght    (  965): 	at agif.b(:com.google.android.gms@12685011@12.6.85 (020406-197041431):4)
E/aght    (  965): 	at aght.a(:com.google.android.gms@12685011@12.6.85 (020406-197041431):40)
E/aght    (  965): 	at aght.a(:com.google.android.gms@12685011@12.6.85 (020406-197041431):108)
E/aght    (  965): 	at ord.run(:com.google.android.gms@12685011@12.6.85 (020406-197041431):40)
E/aght    (  965): 	at azvp.run(:com.google.android.gms@12685011@12.6.85 (020406-197041431):2)
E/aght    (  965): 	at ovl.run(:com.google.android.gms@12685011@12.6.85 (020406-197041431):27)
E/aght    (  965): 	at java.util.concurrent.ThreadPoolExecutor.runWorker(ThreadPoolExecutor.java:1112)
E/aght    (  965): 	at java.util.concurrent.ThreadPoolExecutor$Worker.run(ThreadPoolExecutor.java:587)
E/aght    (  965): 	at pbm.run(:com.google.android.gms@12685011@12.6.85 (020406-197041431))
E/aght    (  965): 	at java.lang.Thread.run(Thread.java:818)
E/AsyncOperation(  965): serviceID=51, operation=GetExperimentTokensOperationCall
E/AsyncOperation(  965): OperationException[Status{statusCode=No config packages for log source, or config package not registered, resolution=null}]
E/AsyncOperation(  965): 	at aght.a(:com.google.android.gms@12685011@12.6.85 (020406-197041431):53)
E/AsyncOperation(  965): 	at aght.a(:com.google.android.gms@12685011@12.6.85 (020406-197041431):108)
E/AsyncOperation(  965): 	at ord.run(:com.google.android.gms@12685011@12.6.85 (020406-197041431):40)
E/AsyncOperation(  965): 	at azvp.run(:com.google.android.gms@12685011@12.6.85 (020406-197041431):2)
E/AsyncOperation(  965): 	at ovl.run(:com.google.android.gms@12685011@12.6.85 (020406-197041431):27)
E/AsyncOperation(  965): 	at java.util.concurrent.ThreadPoolExecutor.runWorker(ThreadPoolExecutor.java:1112)
E/AsyncOperation(  965): 	at java.util.concurrent.ThreadPoolExecutor$Worker.run(ThreadPoolExecutor.java:587)
E/AsyncOperation(  965): 	at pbm.run(:com.google.android.gms@12685011@12.6.85 (020406-197041431))
E/AsyncOperation(  965): 	at java.lang.Thread.run(Thread.java:818)
I/cr_SnippetsLauncher( 4886): Scheduling: 172800 172800
I/ActivityManager(  451): Activity reported stop, but no longer stopping: ActivityRecord{3a23ed3a u0 com.android.chrome/org.chromium.chrome.browser.firstrun.FirstRunActivity t3824 f}
W/C       ( 4886): [TiclService] Could not read state blob: File not found: java.io.FileNotFoundException: /data/data/com.android.chrome/files/ticl_storage.bin: open failed: ENOENT (No such file or directory)
I/cr_BindingManager( 4886): Moderate binding enabled: maxSize=20
I/Icing   (  987): IndexChimeraService.getServiceInterface callingPackage=com.android.chrome componentName=null serviceId=36
I/Icing   (  987): IndexChimeraService.getServiceInterface callingPackage=com.android.chrome componentName=null serviceId=36
I/vgn     (  965): 19-GetFileDescriptorAndDelete -- metadata{ service_id: 0 }
I/vgn     (  987): 45-xlb -- metadata{ service_id: 0 }
I/orc     (  965): 121-GetLaunchDataOperation -- metadata{ service_id: 0 }
W/Nearby  (  965): Bind call too late - someone already tried to get: interface bghz -- metadata{ service_id: 0 }
I/Auth    (  965): [ReflectiveChannelBinder] Successfully bound channel!
I/Icing   (  987): Usage reports ok 0, Failed Usage reports 0, indexed 0, rejected 0, imm upload false
I/Icing   (  987): Removing corpus key 94FBE96EEF13B8AC56FE8C01687FD8A6012559AC for package com.android.chrome
W/Wifi    ( 3458): Failed to read packet and byte counts from wifi interface
I/vgn     (  965): 35-GetDeviceDataUploadOptInStatusOperation -- metadata{ service_id: 0 }
I/vgn     (  965): 35-GetDeviceDataUploadOptInStatusOperation -- metadata{ service_id: 0 }
I/art     (  451): Explicit concurrent mark sweep GC freed 70494(3MB) AllocSpace objects, 17(3MB) LOS objects, 33% free, 30MB/46MB, paused 818us total 144.435ms
W/Conscrypt(  965): Could not set socket write timeout: java.lang.reflect.InvocationTargetException
W/Conscrypt(  965): Could not set socket write timeout: java.lang.reflect.InvocationTargetException
W/Conscrypt(  965): Could not set socket write timeout: java.lang.reflect.InvocationTargetException
W/Conscrypt(  965): 	at java.lang.reflect.Method.invoke(Native Method)
W/Conscrypt(  965): 	at java.lang.reflect.Method.invoke(Method.java:372)
W/Conscrypt(  965): Caused by: android.system.ErrnoException: setsockopt failed: EBADF (Bad file number)
W/Conscrypt(  965): 	at libcore.io.Posix.setsockoptTimeval(Native Method)
W/Conscrypt(  965): 	at libcore.io.ForwardingOs.setsockoptTimeval(ForwardingOs.java:147)
W/Conscrypt(  965): 	at java.lang.reflect.Method.invoke(Native Method)
W/Conscrypt(  965): 	at java.lang.reflect.Method.invoke(Method.java:372)
W/Conscrypt(  965): Caused by: android.system.ErrnoException: setsockopt failed: EBADF (Bad file number)
W/Conscrypt(  965): 	at libcore.io.Posix.setsockoptTimeval(Native Method)
W/Conscrypt(  965): 	at libcore.io.ForwardingOs.setsockoptTimeval(ForwardingOs.java:147)
W/Conscrypt(  965): 	at java.lang.reflect.Method.invoke(Native Method)
W/Conscrypt(  965): 	at java.lang.reflect.Method.invoke(Method.java:372)
W/Conscrypt(  965): Caused by: android.system.ErrnoException: setsockopt failed: EBADF (Bad file number)
W/Conscrypt(  965): 	at libcore.io.Posix.setsockoptTimeval(Native Method)
W/Conscrypt(  965): 	at libcore.io.ForwardingOs.setsockoptTimeval(ForwardingOs.java:147)
W/Conscrypt(  965): Could not set socket write timeout: java.lang.reflect.InvocationTargetException
W/Conscrypt(  965): 	at java.lang.reflect.Method.invoke(Native Method)
W/Conscrypt(  965): 	at java.lang.reflect.Method.invoke(Method.java:372)
W/Conscrypt(  965): Caused by: android.system.ErrnoException: setsockopt failed: EBADF (Bad file number)
W/Conscrypt(  965): 	at libcore.io.Posix.setsockoptTimeval(Native Method)
W/Conscrypt(  965): 	at libcore.io.ForwardingOs.setsockoptTimeval(ForwardingOs.java:147)
W/Conscrypt(  965): Could not set socket write timeout: java.lang.reflect.InvocationTargetException
W/Conscrypt(  965): 	at java.lang.reflect.Method.invoke(Native Method)
W/Conscrypt(  965): 	at java.lang.reflect.Method.invoke(Method.java:372)
W/Conscrypt(  965): Caused by: android.system.ErrnoException: setsockopt failed: EBADF (Bad file number)
W/Conscrypt(  965): 	at libcore.io.Posix.setsockoptTimeval(Native Method)
W/Conscrypt(  965): 	at libcore.io.ForwardingOs.setsockoptTimeval(ForwardingOs.java:147)
W/GcmMsgSenderSvc( 4886): No GCM registration token; cannot determine our network endpoint id: 
W/Conscrypt(  965): Could not set socket write timeout: java.lang.reflect.InvocationTargetException
W/Conscrypt(  965): 	at java.lang.reflect.Method.invoke(Native Method)
W/Conscrypt(  965): 	at java.lang.reflect.Method.invoke(Method.java:372)
W/Conscrypt(  965): Caused by: android.system.ErrnoException: setsockopt failed: EBADF (Bad file number)
W/Conscrypt(  965): 	at libcore.io.Posix.setsockoptTimeval(Native Method)
W/Conscrypt(  965): 	at libcore.io.ForwardingOs.setsockoptTimeval(ForwardingOs.java:147)
I/SystemUpdate(  987): [Control,ChimeraGcmTaskService] Task started with tag: DeviceCharging.
I/SystemUpdate(  987): [Control,ChimeraGcmTaskService] Scheduling task: DeviceCharging.
I/SystemUpdate(  987): [Execution,InstallationEventIntentOperation] Handling event of type 4.
I/SystemUpdate(  987): [Execution,InstallationIntentOperation] Received intent: Intent { act=com.google.android.gms.update.INSTALL_UPDATE cat=[targeted_intent_op_prefix:.update.execution.InstallationIntentOperation] cmp=com.google.android.gms/.chimera.GmsIntentOperationService }.
I/SystemUpdate(  987): [Control,InstallationControl] Installation progress updated to (0x410, -1.000).
D/TaskPersister(  451): removeObsoleteFile: deleting file=3824_task_thumbnail.png
I/SystemUpdate(  987): [Control,ChimeraGcmTaskService] Scheduling task: DeviceCharging.
I/SystemUpdate(  987): [Execution,ExecutionManager] Action non-ab-reboot executed for 0.16 seconds.
W/Wifi    ( 3458): Failed to read packet and byte counts from wifi interface
I/SystemUpdate(  987): [Execution,ExecutionManager] Action fixed-delay-execution executed for 0.04 seconds.
I/dex2oat ( 5331): /system/bin/dex2oat --runtime-arg -classpath --runtime-arg  --instruction-set=arm --instruction-set-features=default --runtime-arg -Xrelocate --boot-image=/system/framework/boot.art --dex-file=/data/data/com.android.chrome/app_dex/webapk1.dex --oat-fd=184 --oat-location=/data/data/com.android.chrome/app_dex/arm/webapk1.dex --runtime-arg -Xms64m --runtime-arg -Xmx512m
I/chromium( 4912): [INFO:child_process_service_impl.cc(70)] ChildProcessServiceImpl: Exiting child process.
W/libprocessgroup(  451): failed to open /acct/uid_10035/pid_4912/cgroup.procs: No such file or directory
I/ActivityManager(  451): Process com.android.chrome:sandboxed_process0 (pid 4912) has died
W/ActivityManager(  451): Scheduling restart of crashed service com.android.chrome/org.chromium.content.app.SandboxedProcessService0 in 1000ms
W/chromium( 4886): [WARNING:compositor_view.cc(255)] Child process disconnected (type=6) pid=4912)
W/cr_ChildProcessConn( 4886): onServiceDisconnected (crash or killed by oom): pid=4912
I/cr_BindingManager( 4886): onTrimMemory: level=5, size=0
I/MemoryTrimmer(  902): Trimming objects from memory, since app is in the background.
I/MemoryTrimmer(15005): Trimming objects from memory, since app is in the background.
E/PartnerBookmarksReader( 4886): ATTENTION: not using partner bookmarks as none were provided
I/dex2oat ( 5331): dex2oat took 137.234ms (threads: 2) arena alloc=56KB java alloc=6KB native alloc=618KB free=17KB
I/SystemUpdate(  987): [Control,ChimeraGcmTaskService] Task started with tag: DeviceCharging.
I/SystemUpdate(  987): [Control,ChimeraGcmTaskService] Scheduling task: DeviceCharging.
I/SystemUpdate(  987): [Execution,InstallationEventIntentOperation] Handling event of type 4.
I/SystemUpdate(  987): [Execution,InstallationIntentOperation] Received intent: Intent { act=com.google.android.gms.update.INSTALL_UPDATE cat=[targeted_intent_op_prefix:.update.execution.InstallationIntentOperation] cmp=com.google.android.gms/.chimera.GmsIntentOperationService }.
I/SystemUpdate(  987): [Control,ChimeraGcmTaskService] Scheduling task: DeviceCharging.
I/SystemUpdate(  987): [Execution,ExecutionManager] Action non-ab-reboot executed for 0.07 seconds.
I/cr_SnippetsLauncher( 4886): Scheduling: 172800 172800
I/SystemUpdate(  987): [Execution,ExecutionManager] Action fixed-delay-execution executed for 0.01 seconds.
W/Wifi    ( 3458): Failed to read packet and byte counts from wifi interface
I/SystemUpdate(  987): [Control,ChimeraGcmTaskService] Task started with tag: DeviceCharging.
I/SystemUpdate(  987): [Control,ChimeraGcmTaskService] Scheduling task: DeviceCharging.
I/SystemUpdate(  987): [Execution,InstallationEventIntentOperation] Handling event of type 4.
I/SystemUpdate(  987): [Execution,InstallationIntentOperation] Received intent: Intent { act=com.google.android.gms.update.INSTALL_UPDATE cat=[targeted_intent_op_prefix:.update.execution.InstallationIntentOperation] cmp=com.google.android.gms/.chimera.GmsIntentOperationService }.
I/SystemUpdate(  987): [Control,InstallationControl] Installation progress updated to (0x410, -1.000).
I/SystemUpdate(  987): [Control,ChimeraGcmTaskService] Scheduling task: DeviceCharging.
I/SystemUpdate(  987): [Execution,ExecutionManager] Action non-ab-reboot executed for 0.13 seconds.
I/SystemUpdate(  987): [Execution,ExecutionManager] Action fixed-delay-execution executed for 0.01 seconds.
W/Conscrypt(  965): Could not set socket write timeout: java.lang.reflect.InvocationTargetException
W/Conscrypt(  965): 	at java.lang.reflect.Method.invoke(Native Method)
W/Conscrypt(  965): 	at java.lang.reflect.Method.invoke(Method.java:372)
W/Conscrypt(  965): Caused by: android.system.ErrnoException: setsockopt failed: EBADF (Bad file number)
W/Conscrypt(  965): 	at libcore.io.Posix.setsockoptTimeval(Native Method)
W/Conscrypt(  965): 	at libcore.io.ForwardingOs.setsockoptTimeval(ForwardingOs.java:147)
W/Wifi    ( 3458): Failed to read packet and byte counts from wifi interface
W/Conscrypt(  965): Could not set socket write timeout: java.lang.reflect.InvocationTargetException
W/Conscrypt(  965): 	at java.lang.reflect.Method.invoke(Native Method)
W/Conscrypt(  965): 	at java.lang.reflect.Method.invoke(Method.java:372)
W/Conscrypt(  965): Caused by: android.system.ErrnoException: setsockopt failed: EBADF (Bad file number)
W/Conscrypt(  965): 	at libcore.io.Posix.setsockoptTimeval(Native Method)
W/Conscrypt(  965): 	at libcore.io.ForwardingOs.setsockoptTimeval(ForwardingOs.java:147)
I/SystemUpdate(  987): [Control,ChimeraGcmTaskService] Task started with tag: DeviceCharging.
I/SystemUpdate(  987): [Control,ChimeraGcmTaskService] Scheduling task: DeviceCharging.
I/SystemUpdate(  987): [Execution,InstallationEventIntentOperation] Handling event of type 4.
I/SystemUpdate(  987): [Execution,InstallationIntentOperation] Received intent: Intent { act=com.google.android.gms.update.INSTALL_UPDATE cat=[targeted_intent_op_prefix:.update.execution.InstallationIntentOperation] cmp=com.google.android.gms/.chimera.GmsIntentOperationService }.
I/SystemUpdate(  987): [Control,InstallationControl] Installation progress updated to (0x410, -1.000).
I/SystemUpdate(  987): [Control,ChimeraGcmTaskService] Task started with tag: DeviceCharging.
E/NetworkScheduler.ATC(  965): Received callback from client for task that is already complete. ComponentInfo{com.google.android.gms/com.google.android.gms.update.SystemUpdateGcmTaskService} DeviceCharging
I/art     (17593): Explicit concurrent mark sweep GC freed 1620(57KB) AllocSpace objects, 0(0B) LOS objects, 40% free, 8MB/13MB, paused 324us total 41.932ms
I/SystemUpdate(  987): [Control,ChimeraGcmTaskService] Scheduling task: DeviceCharging.
I/SystemUpdate(  987): [Execution,ExecutionManager] Action non-ab-reboot executed for 0.12 seconds.
E/NetworkScheduler.ATC(  965): Called cancelTask for already completed task com.google.android.gms/.update.SystemUpdateGcmTaskService{u=0 tag="DeviceCharging" trigger=window{start=0s,end=31536000s,earliest=0s,latest=31535999s} requirements=[NET_ANY,CHARGING] attributes=[] scheduled=0s last_run=0s jid=N/A status=ACTIVE retries=0 client_lib=MANCHEGO_GCM-12685000} :RESCHEDULED
E/WakeLock(  965): release without a matched acquire!
I/SystemUpdate(  987): [Execution,ExecutionManager] Action fixed-delay-execution executed for 0.01 seconds.
I/SystemUpdate(  987): [Control,ChimeraGcmTaskService] Task started with tag: DeviceCharging.
I/SystemUpdate(  987): [Control,ChimeraGcmTaskService] Scheduling task: DeviceCharging.
I/SystemUpdate(  987): [Execution,InstallationEventIntentOperation] Handling event of type 4.
I/SystemUpdate(  987): [Execution,InstallationIntentOperation] Received intent: Intent { act=com.google.android.gms.update.INSTALL_UPDATE cat=[targeted_intent_op_prefix:.update.execution.InstallationIntentOperation] cmp=com.google.android.gms/.chimera.GmsIntentOperationService }.
I/cr_omaha( 4886): Request to Server Successful. Timestamp for next request:1528997975543
I/cr_omaha( 4886): Request to Server Successful. Timestamp for next request:1528997975589
I/cr_omaha( 4886): Attempting to schedule next job for: Thu Jun 14 23:39:35 GMT+02:00 2018
I/cr_omaha( 4886): Scheduled using AlarmManager and IntentService
I/SystemUpdate(  987): [Control,ChimeraGcmTaskService] Scheduling task: DeviceCharging.
I/SystemUpdate(  987): [Execution,ExecutionManager] Action non-ab-reboot executed for 0.17 seconds.
I/SystemUpdate(  987): [Execution,ExecutionManager] Action fixed-delay-execution executed for 0.01 seconds.
W/Wifi    ( 3458): Failed to read packet and byte counts from wifi interface
I/SystemUpdate(  987): [Control,ChimeraGcmTaskService] Task started with tag: DeviceCharging.
I/SystemUpdate(  987): [Control,ChimeraGcmTaskService] Scheduling task: DeviceCharging.
E/System  ( 4886): Uncaught exception thrown by finalizer
E/System  ( 4886): java.lang.IllegalStateException: Warning: Router objects should be explicitly closed when no longer required otherwise you may leak handles.
E/System  ( 4886): 	at org.chromium.mojo.bindings.AutoCloseableRouter.finalize(AutoCloseableRouter.java:18)
E/System  ( 4886): 	at java.lang.Daemons$FinalizerDaemon.doFinalize(Daemons.java:191)
E/System  ( 4886): 	at java.lang.Daemons$FinalizerDaemon.run(Daemons.java:174)
E/System  ( 4886): 	at java.lang.Thread.run(Thread.java:818)
I/SystemUpdate(  987): [Execution,InstallationEventIntentOperation] Handling event of type 4.
E/WakeLock(  965): release without a matched acquire!
I/SystemUpdate(  987): [Execution,InstallationIntentOperation] Received intent: Intent { act=com.google.android.gms.update.INSTALL_UPDATE cat=[targeted_intent_op_prefix:.update.execution.InstallationIntentOperation] cmp=com.google.android.gms/.chimera.GmsIntentOperationService }.
W/GcmTaskChimeraService(  987): com.google.android.gms DeviceCharging: Task already running, won't start another
E/NetworkScheduler.ATC(  965): Received callback from client for task that is already complete. ComponentInfo{com.google.android.gms/com.google.android.gms.update.SystemUpdateGcmTaskService} DeviceCharging
I/SystemUpdate(  987): [Control,ChimeraGcmTaskService] Scheduling task: DeviceCharging.
I/SystemUpdate(  987): [Execution,ExecutionManager] Action non-ab-reboot executed for 0.04 seconds.
E/NetworkScheduler.ATC(  965): Called cancelTask for already completed task com.google.android.gms/.update.SystemUpdateGcmTaskService{u=0 tag="DeviceCharging" trigger=window{start=0s,end=31536000s,earliest=0s,latest=31535999s} requirements=[NET_ANY,CHARGING] attributes=[] scheduled=0s last_run=0s jid=N/A status=ACTIVE retries=0 client_lib=MANCHEGO_GCM-12685000} :RESCHEDULED
I/SystemUpdate(  987): [Execution,ExecutionManager] Action fixed-delay-execution executed for 0.02 seconds.
I/SystemUpdate(  987): [Control,ChimeraGcmTaskService] Task started with tag: DeviceCharging.
I/SystemUpdate(  987): [Control,ChimeraGcmTaskService] Scheduling task: DeviceCharging.
I/SystemUpdate(  987): [Execution,InstallationEventIntentOperation] Handling event of type 4.
I/SystemUpdate(  987): [Execution,InstallationIntentOperation] Received intent: Intent { act=com.google.android.gms.update.INSTALL_UPDATE cat=[targeted_intent_op_prefix:.update.execution.InstallationIntentOperation] cmp=com.google.android.gms/.chimera.GmsIntentOperationService }.
W/GcmTaskChimeraService(  987): com.google.android.gms DeviceCharging: Task already running, won't start another
E/NetworkScheduler.ATC(  965): Received callback from client for task that is already complete. ComponentInfo{com.google.android.gms/com.google.android.gms.update.SystemUpdateGcmTaskService} DeviceCharging
I/SystemUpdate(  987): [Control,InstallationControl] Installation progress updated to (0x410, -1.000).
E/WakeLock(  965): release without a matched acquire!
I/SystemUpdate(  987): [Control,ChimeraGcmTaskService] Scheduling task: DeviceCharging.
I/SystemUpdate(  987): [Execution,ExecutionManager] Action non-ab-reboot executed for 0.11 seconds.
E/NetworkScheduler.ATC(  965): Called cancelTask for already completed task com.google.android.gms/.update.SystemUpdateGcmTaskService{u=0 tag="DeviceCharging" trigger=window{start=0s,end=31536000s,earliest=0s,latest=31535999s} requirements=[NET_ANY,CHARGING] attributes=[] scheduled=0s last_run=0s jid=N/A status=ACTIVE retries=0 client_lib=MANCHEGO_GCM-12685000} :RESCHEDULED
I/SystemUpdate(  987): [Execution,ExecutionManager] Action fixed-delay-execution executed for 0.01 seconds.
I/vgn     (  987): 45-xlb -- metadata{ service_id: 0 }
W/Wifi    ( 3458): Failed to read packet and byte counts from wifi interface
I/SystemUpdate(  987): [Control,ChimeraGcmTaskService] Task started with tag: DeviceCharging.
I/SystemUpdate(  987): [Control,ChimeraGcmTaskService] Scheduling task: DeviceCharging.
I/SystemUpdate(  987): [Execution,InstallationEventIntentOperation] Handling event of type 4.
I/SystemUpdate(  987): [Execution,InstallationIntentOperation] Received intent: Intent { act=com.google.android.gms.update.INSTALL_UPDATE cat=[targeted_intent_op_prefix:.update.execution.InstallationIntentOperation] cmp=com.google.android.gms/.chimera.GmsIntentOperationService }.
I/SystemUpdate(  987): [Control,ChimeraGcmTaskService] Scheduling task: DeviceCharging.
I/SystemUpdate(  987): [Execution,ExecutionManager] Action non-ab-reboot executed for 0.08 seconds.
I/SystemUpdate(  987): [Execution,ExecutionManager] Action fixed-delay-execution executed for 0.02 seconds.
W/Wifi    ( 3458): Failed to read packet and byte counts from wifi interface
I/art     (  451): Explicit concurrent mark sweep GC freed 82429(4MB) AllocSpace objects, 23(996KB) LOS objects, 33% free, 30MB/45MB, paused 859us total 140.850ms
E/WakeLock(  965): release without a matched acquire!
I/SystemUpdate(  987): [Control,ChimeraGcmTaskService] Task started with tag: DeviceCharging.
I/SystemUpdate(  987): [Control,ChimeraGcmTaskService] Scheduling task: DeviceCharging.
I/SystemUpdate(  987): [Execution,InstallationEventIntentOperation] Handling event of type 4.
