--------- beginning of crash
F/libc    (29974): Fatal signal 11 (SIGSEGV), code 1, fault addr 0x7f859072f4 in tid 29985 (Binder_2)
--------- beginning of system
D/BackupManagerService(  451): Received broadcast Intent { act=android.intent.action.PACKAGE_ADDED dat=package:com.google.android.instantapps.supervisor flg=0x4000010 (has extras) }
W/BackupManagerService(  451): Removing schedule queue dupe of com.google.android.instantapps.supervisor
W/ActivityManager(  451): getTasks: caller 10089 does not hold GET_TASKS; limiting output
I/ActivityManager(  451): Start proc 15193:com.google.android.partnersetup/u0a12 for broadcast com.google.android.partnersetup/.RlzPingBroadcastReceiver
I/ActivityManager(  451): Killing 14475:com.google.android.apps.plus/u0a68 (adj 15): empty #17
W/ActivityManager(  451): getTasks: caller 10089 does not hold GET_TASKS; limiting output
I/ActivityManager(  451): START u0 {flg=0x10800000 cmp=com.estrongs.android.pop/.app.InstallMonitorActivity (has extras)} from uid 10089 on display 0
V/WindowManager(  451): addAppToken: AppWindowToken{f1c46af token=Token{2df92e8e ActivityRecord{6215e89 u0 com.estrongs.android.pop/.app.InstallMonitorActivity t3709}}} to stack=1 task=3709 at 0
V/ActivityManager(  451): Display changed displayId=0
W/ActivityManager(  451): getTasks: caller 10089 does not hold GET_TASKS; limiting output
I/ActivityManager(  451): Start proc 15239:com.google.android.instantapps.supervisor/u0a90 for service com.google.android.instantapps.supervisor/.hygiene.HygieneTaskService
I/ActivityManager(  451): Start proc 15257:org.mozilla.firefox/u0a86 for broadcast org.mozilla.firefox/org.mozilla.gecko.notifications.WhatsNewReceiver
W/ResourcesManager( 1952): Asset path '/system/framework/com.android.media.remotedisplay.jar' does not exist or contains no resources.
W/ResourcesManager( 1952): Asset path '/system/framework/com.android.location.provider.jar' does not exist or contains no resources.
I/ActivityManager(  451): Killing 14499:com.google.android.music:main/u0a61 (adj 15): empty #17
I/ActivityManager(  451): Killing 14683:com.google.android.gms.ui/u0a8 (adj 15): empty #17
I/ValidateNoPeople(  451): skipping global notification
I/ValidateNoPeople(  451): skipping global notification
D/WifiService(  451): acquireWifiLockLocked: WifiLock{NlpWifiLock type=2 binder=android.os.BinderProxy@320cda09}
D/WifiService(  451): releaseWifiLockLocked: WifiLock{NlpWifiLock type=2 binder=android.os.BinderProxy@320cda09}
D/ConnectivityService(  451): NetworkAgentInfo [WIFI () - 125] EVENT_NETWORK_INFO_CHANGED, going from CONNECTED to CONNECTING
D/ConnectivityService(  451): NetworkAgentInfo [WIFI () - 125] EVENT_NETWORK_INFO_CHANGED, going from CONNECTING to CONNECTED
D/WifiService(  451): acquireWifiLockLocked: WifiLock{NlpWifiLock type=2 binder=android.os.BinderProxy@320cda09}
D/WifiService(  451): releaseWifiLockLocked: WifiLock{NlpWifiLock type=2 binder=android.os.BinderProxy@320cda09}
I/ValidateNoPeople(  451): skipping global notification
I/PowerUI.Notification(  627): dismissing low battery notification
I/PowerManagerService(  451): Waking up from sleep (uid 1000)...
I/DisplayPowerController(  451): Blocking screen on until initial contents have been drawn.
I/EntropyMixer(  451): Writing entropy...
I/DisplayManagerService(  451): Display device changed: DisplayDeviceInfo{"Built-in Screen": uniqueId="local:0", 1536 x 2048, 59.0 fps, supportedRefreshRates [59.0], density 320, 288.995 x 288.995 dpi, appVsyncOff 0, presDeadline 17949152, touch INTERNAL, rotation 0, type BUILT_IN, state ON, FLAG_DEFAULT_DISPLAY, FLAG_ROTATES_WITH_CONTENT, FLAG_SECURE, FLAG_SUPPORTS_PROTECTED_BUFFERS}
V/ActivityManager(  451): Display changed displayId=0
I/ValidateNoPeople(  451): skipping global notification
I/ValidateNoPeople(  451): skipping global notification
I/DisplayPowerController(  451): Unblocked screen on after 371 ms
I/ActivityManager(  451): Start proc 15395:com.google.android.apps.plus/u0a68 for broadcast com.google.android.apps.plus/.service.BatteryReceiver
W/ResourcesManager(15395): Asset path '/system/framework/com.google.android.maps.jar' does not exist or contains no resources.
D/WifiService(  451): acquireWifiLockLocked: WifiLock{NlpWifiLock type=2 binder=android.os.BinderProxy@35958a02}
D/WifiService(  451): releaseWifiLockLocked: WifiLock{NlpWifiLock type=2 binder=android.os.BinderProxy@35958a02}
D/WifiService(  451): acquireWifiLockLocked: WifiLock{NlpWifiLock type=2 binder=android.os.BinderProxy@10509532}
D/WifiService(  451): releaseWifiLockLocked: WifiLock{NlpWifiLock type=2 binder=android.os.BinderProxy@10509532}
D/ConnectivityService(  451): NetworkAgentInfo [WIFI () - 125] EVENT_NETWORK_INFO_CHANGED, going from CONNECTED to CONNECTING
D/ConnectivityService(  451): NetworkAgentInfo [WIFI () - 125] EVENT_NETWORK_INFO_CHANGED, going from CONNECTING to CONNECTED
I/ActivityManager(  451): Killing 14609:com.google.android.talk/u0a13 (adj 15): empty #17
W/BroadcastQueue(  451): Skipping deliver [background] BroadcastRecord{3a69229e u-1 android.net.conn.CONNECTIVITY_CHANGE} to ReceiverList{b84117f 16573 (unknown name)/2000/u-1 remote:231de720}: process crashing
I/ActivityManager(  451): START u0 {act=android.intent.action.MAIN cat=[android.intent.category.LAUNCHER] flg=0x10200000 cmp=com.quicinc.trepn/.userinterface.main.TrepnActivity} from uid 2000 on display 0
V/WindowManager(  451): addAppToken: AppWindowToken{1340caaa token=Token{feba995 ActivityRecord{2bca554c u0 com.quicinc.trepn/.userinterface.main.TrepnActivity t3710}}} to stack=1 task=3710 at 0
V/WindowManager(  451): Adding window Window{3d8764d u0 Starting com.quicinc.trepn} at 3 of 16 (after Window{2bb582c9 u0 com.google.android.googlequicksearchbox/com.google.android.launcher.GEL})
I/ActivityManager(  451): Start proc 16585:com.quicinc.trepn/u0a91 for activity com.quicinc.trepn/.userinterface.main.TrepnActivity
V/ActivityManager(  451): Display changed displayId=0
V/WindowManager(  451): Adding window Window{12881a26 u0 com.quicinc.trepn/com.quicinc.trepn.userinterface.main.TrepnActivity} at 3 of 17 (before Window{3d8764d u0 Starting com.quicinc.trepn})
W/ResourcesManager( 1952): Asset path '/system/framework/com.android.media.remotedisplay.jar' does not exist or contains no resources.
W/ResourcesManager( 1952): Asset path '/system/framework/com.android.media.remotedisplay.jar' does not exist or contains no resources.
W/ResourcesManager( 1952): Asset path '/system/framework/com.android.location.provider.jar' does not exist or contains no resources.
W/ResourcesManager( 1952): Asset path '/system/framework/com.android.location.provider.jar' does not exist or contains no resources.
I/ActivityManager(  451): Process com.google.android.gms.unstable (pid 14830) has died
I/ActivityManager(  451): Process com.google.android.apps.docs (pid 14731) has died
E/ActivityThread( 1952): Failed to find provider info for com.facebook.katana.provider.AttributionIdProvider
W/ActivityManager(  451): getTasks: caller 10089 does not hold GET_TASKS; limiting output
D/TaskPersister(  451): removeObsoleteFile: deleting file=3683_task.xml
D/WifiService(  451): acquireWifiLockLocked: WifiLock{NlpWifiLock type=2 binder=android.os.BinderProxy@3d80c474}
D/WifiService(  451): releaseWifiLockLocked: WifiLock{NlpWifiLock type=2 binder=android.os.BinderProxy@3d80c474}
I/ActivityManager(  451): Start proc 16787:com.google.android.talk/u0a13 for service com.google.android.talk/com.google.android.apps.hangouts.concurrent.impl.GcmTriggeredNotifier
W/ResourcesManager(16787): Asset path '/system/framework/com.google.android.media.effects.jar' does not exist or contains no resources.
D/VoldCmdListener(  151): cryptfs getpwtype
W/BroadcastQueue(  451): Skipping deliver [background] BroadcastRecord{79111d0 u-1 android.net.conn.CONNECTIVITY_CHANGE} to ReceiverList{31225c9 16902 (unknown name)/2000/u-1 remote:2947c282}: process crashing
I/ActivityManager(  451): START u0 {act=android.intent.action.MAIN cat=[android.intent.category.LAUNCHER] flg=0x10200000 cmp=com.quicinc.trepn/.userinterface.main.TrepnActivity} from uid 2000 on display 0
I/ActivityManager(  451): Force stopping com.quicinc.trepn appid=10091 user=0: from pid 16959
I/ActivityManager(  451): Killing 16585:com.quicinc.trepn/u0a91 (adj 0): stop com.quicinc.trepn
I/WindowState(  451): WIN DEATH: Window{12881a26 u0 com.quicinc.trepn/com.quicinc.trepn.userinterface.main.TrepnActivity}
W/ActivityManager(  451): Force removing ActivityRecord{2bca554c u0 com.quicinc.trepn/.userinterface.main.TrepnActivity t3710}: app died, no saved state
W/ActivityManager(  451): Spurious death for ProcessRecord{310a586f 16585:com.quicinc.trepn/u0a91}, curProc for 16585: null
I/ActivityManager(  451): Start proc 16985:com.quicinc.trepn/u0a91 for service com.quicinc.trepn/.TrepnService
I/ActivityManager(  451): Force stopping com.android.chrome appid=10035 user=0: from pid 17017
I/ActivityManager(  451): START u0 {act=android.intent.action.VIEW flg=0x10008000 cmp=com.android.chrome/com.google.android.apps.chrome.Main} from uid 2000 on display 0
V/WindowManager(  451): addAppToken: AppWindowToken{d753e18 token=Token{1b112dfb ActivityRecord{3d7338a u0 com.android.chrome/com.google.android.apps.chrome.Main t3711}}} to stack=1 task=3711 at 0
I/ActivityManager(  451): Start proc 17029:com.android.chrome/u0a35 for activity com.android.chrome/com.google.android.apps.chrome.Main
W/ResourcesManager(17029): Asset path '/system/framework/com.android.media.remotedisplay.jar' does not exist or contains no resources.
W/ResourcesManager(17029): Asset path '/system/framework/com.android.location.provider.jar' does not exist or contains no resources.
I/ActivityManager(  451): START u0 {cmp=com.android.chrome/org.chromium.chrome.browser.firstrun.FirstRunActivity (has extras)} from uid 10035 on display 0
V/WindowManager(  451): addAppToken: AppWindowToken{8623ca9 token=Token{2d09b830 ActivityRecord{28116173 u0 com.android.chrome/org.chromium.chrome.browser.firstrun.FirstRunActivity t3712}}} to stack=1 task=3712 at 0
V/WindowManager(  451): Based on layer: Adding window Window{3983d7e1 u0 com.android.chrome/org.chromium.chrome.browser.firstrun.FirstRunActivity} at 3 of 17
I/ActivityManager(  451): Start proc 17063:com.android.chrome:sandboxed_process0/u0i658 for service com.android.chrome/org.chromium.content.app.SandboxedProcessService0
I/ActivityManager(  451): Process android.process.acore (pid 15124) has died
I/ActivityManager(  451): Process com.android.vending:instant_app_installer (pid 15037) has died
I/ActivityManager(  451): Process com.opera.browser:background_services (pid 32300) has died
W/ActivityManager(  451): Scheduling restart of crashed service com.opera.browser/com.opera.android.analytics.AnalyticsService in 1000ms
I/ActivityManager(  451): Process com.opera.browser:alarm_receiver (pid 14883) has died
I/ActivityManager(  451): Process com.android.keychain (pid 15160) has died
I/ActivityManager(  451): Process com.google.android.apps.plus (pid 15395) has died
I/ActivityManager(  451): Process org.mozilla.firefox (pid 15257) has died
I/ActivityManager(  451): Start proc 17104:com.opera.browser:background_services/u0a85 for service com.opera.browser/com.opera.android.analytics.AnalyticsService
I/ActivityManager(  451): Start proc 17123:com.android.chrome:privileged_process0/u0a35 for service com.android.chrome/org.chromium.content.app.PrivilegedProcessService0
D/ConnectivityService(  451): listenForNetwork for NetworkRequest [ id=618, legacyType=-1, [ Capabilities: INTERNET&NOT_RESTRICTED&TRUSTED] ]
D/ConnectivityService(  451): handleRegisterNetworkRequest checking NetworkAgentInfo [WIFI () - 125]
D/ConnectivityService(  451): apparently satisfied.  currentScore=60
D/ConnectivityService(  451): listenForNetwork for NetworkRequest [ id=619, legacyType=-1, [ Capabilities: INTERNET&NOT_RESTRICTED&TRUSTED] ]
D/ConnectivityService(  451): handleRegisterNetworkRequest checking NetworkAgentInfo [WIFI () - 125]
D/ConnectivityService(  451): apparently satisfied.  currentScore=60
I/ActivityManager(  451): Process com.android.musicfx (pid 15143) has died
I/ActivityManager(  451): Process com.google.android.partnersetup (pid 15193) has died
I/ActivityManager(  451): Process com.google.android.apps.photos (pid 2702) has died
I/ActivityManager(  451): Process com.opera.browser (pid 11291) has died
W/ActivityManager(  451): Scheduling restart of crashed service com.opera.browser/com.opera.android.dashboard.newsfeed.statistic.NewsFeedService in 1000ms
I/ActivityManager(  451): Process com.android.defcontainer (pid 2722) has died
I/ActivityManager(  451): Start proc 17149:com.opera.browser/u0a85 for content provider com.opera.browser/com.opera.android.crashhandler.CrashExtrasProvider
I/ActivityManager(  451): START u0 {act=android.intent.action.VIEW dat=market://details?id=com.opera.browser&referrer=utm_source=appboy&utm_medium=ip&utm_campaign=OFA_global_10oct flg=0x10000000 cmp=com.android.vending/com.google.android.finsky.activities.LaunchUrlHandlerActivity} from uid 10085 on display 0
V/WindowManager(  451): addAppToken: AppWindowToken{265aedb2 token=Token{182bd3bd ActivityRecord{3ab5af14 u0 com.android.vending/com.google.android.finsky.activities.LaunchUrlHandlerActivity t3713}}} to stack=1 task=3713 at 0
D/ConnectivityService(  451): releasing NetworkRequest NetworkRequest [ id=619, legacyType=-1, [ Capabilities: INTERNET&NOT_RESTRICTED&TRUSTED] ]
V/WindowManager(  451): Adding window Window{27214a5f u0 com.android.vending/com.google.android.finsky.activities.LaunchUrlHandlerActivity} at 4 of 18 (after Window{3983d7e1 u0 com.android.chrome/org.chromium.chrome.browser.firstrun.FirstRunActivity})
W/Telecom (  451): TelecomServiceImpl: null is not visible for the calling user
I/ActivityManager(  451): START u0 {act=android.intent.action.VIEW dat=http://market.android.com/details?id=com.opera.browser&referrer=utm_source=appboy&utm_medium=ip&utm_campaign=OFA_global_10oct cmp=com.android.vending/com.google.android.finsky.activities.MainActivity (has extras)} from uid 10018 on display 0
V/WindowManager(  451): addAppToken: AppWindowToken{148e810a token=Token{355ebd75 ActivityRecord{324fccac u0 com.android.vending/com.google.android.finsky.activities.MainActivity t3714}}} to stack=1 task=3714 at 0
V/WindowManager(  451): Adding window Window{1e5e262d u0 Starting com.android.vending} at 5 of 19 (after Window{27214a5f u0 com.android.vending/com.google.android.finsky.activities.LaunchUrlHandlerActivity})
I/WindowManager(  451): Screenshot max retries 4 of Token{182bd3bd ActivityRecord{3ab5af14 u0 com.android.vending/com.google.android.finsky.activities.LaunchUrlHandlerActivity t3713}} appWin=Window{27214a5f u0 com.android.vending/com.google.android.finsky.activities.LaunchUrlHandlerActivity} drawState=1
W/InputMethodManagerService(  451): Focus gain on non-focused client com.android.internal.view.IInputMethodClient$Stub$Proxy@11862762 (uid=10018 pid=14936)
W/FileUtils(16985): Failed to chmod(/storage/emulated/0/trepn/Trepn_2018.06.14_164629.db): android.system.ErrnoException: chmod failed: EPERM (Operation not permitted)
I/ActivityManager(  451): Process com.google.android.instantapps.supervisor (pid 15239) has died
I/ActivityManager(  451): Process com.google.process.gapps (pid 28314) has died
I/ActivityManager(  451): Process .esfm (pid 12320) has died
E/WifiService(  451): Multicaster binderDied
I/WindowState(  451): WIN DEATH: Window{636cce7 u0 com.estrongs.android.pop}
D/WifiService(  451): Client connection lost with reason: 4
I/WindowState(  451): WIN DEATH: Window{fc7173d u0 com.estrongs.android.pop}
I/WindowState(  451): WIN DEATH: Window{2b5bbc01 u0 com.estrongs.android.pop}
I/WindowState(  451): WIN DEATH: Window{c4aa771 u0 com.estrongs.android.pop}
I/WindowState(  451): WIN DEATH: Window{1dcc8b0b u0 com.estrongs.android.pop}
I/WindowState(  451): WIN DEATH: Window{3f195083 u0 com.estrongs.android.pop}
I/WindowState(  451): WIN DEATH: Window{2892ea39 u0 com.estrongs.android.pop}
I/WindowState(  451): WIN DEATH: Window{ba73eb0 u0 com.estrongs.android.pop}
W/ActivityManager(  451): Exception when unbinding service com.estrongs.android.pop/com.estrongs.android.scanner.service.FileScannerService
W/ActivityManager(  451): android.os.DeadObjectException
W/ActivityManager(  451): 	at android.os.BinderProxy.transactNative(Native Method)
W/ActivityManager(  451): 	at android.os.BinderProxy.transact(Binder.java:496)
W/ActivityManager(  451): 	at android.app.ApplicationThreadProxy.scheduleUnbindService(ApplicationThreadNative.java:921)
W/ActivityManager(  451): 	at com.android.server.am.ActiveServices.removeConnectionLocked(ActiveServices.java:1795)
W/ActivityManager(  451): 	at com.android.server.am.ActiveServices.killServicesLocked(ActiveServices.java:2193)
W/ActivityManager(  451): 	at com.android.server.am.ActivityManagerService.cleanUpApplicationRecordLocked(ActivityManagerService.java:14895)
W/ActivityManager(  451): 	at com.android.server.am.ActivityManagerService.handleAppDiedLocked(ActivityManagerService.java:4552)
W/ActivityManager(  451): 	at com.android.server.am.ActivityManagerService.appDiedLocked(ActivityManagerService.java:4717)
W/ActivityManager(  451): 	at com.android.server.am.ActivityManagerService$AppDeathRecipient.binderDied(ActivityManagerService.java:1229)
W/ActivityManager(  451): 	at android.os.BinderProxy.sendDeathNotice(Binder.java:551)
W/ActivityManager(  451): Scheduling restart of crashed service com.estrongs.android.pop/com.estrongs.android.scanner.service.FileMonitorService in 1000ms
I/libprocessgroup(  451): Killing pid 15455 in uid 10089 as part of process group 1952
I/libprocessgroup(  451): Killing pid 15455 in uid 10089 as part of process group 1952
I/libprocessgroup(  451): Killing pid 15455 in uid 10089 as part of process group 1952
I/libprocessgroup(  451): Killing pid 15455 in uid 10089 as part of process group 1952
I/libprocessgroup(  451): Killing pid 15455 in uid 10089 as part of process group 1952
I/libprocessgroup(  451): Killing pid 15455 in uid 10089 as part of process group 1952
I/libprocessgroup(  451): Killing pid 15455 in uid 10089 as part of process group 1952
I/libprocessgroup(  451): Killing pid 15455 in uid 10089 as part of process group 1952
I/ActivityManager(  451): Process com.estrongs.android.pop (pid 1952) has died
W/ActivityManager(  451): Scheduling restart of crashed service com.estrongs.android.pop/com.android.apps.pros.LocalMService in 10960ms
V/WindowManager(  451): Adding window Window{3d74fec2 u0 com.android.vending/com.google.android.finsky.activities.MainActivity} at 5 of 13 (before Window{1e5e262d u0 Starting com.android.vending})
I/ActivityManager(  451): START u0 {act=android.intent.action.VIEW dat=localhost:8000 flg=0x10000000 cmp=com.android.chrome/com.google.android.apps.chrome.Main} from uid 2000 on display 0
V/WindowManager(  451): addAppToken: AppWindowToken{2a8cbf09 token=Token{24dd4810 ActivityRecord{1c7bc4d3 u0 com.android.chrome/com.google.android.apps.chrome.Main t3715}}} to stack=1 task=3715 at 0
D/ConnectivityService(  451): listenForNetwork for NetworkRequest [ id=620, legacyType=-1, [ Capabilities: INTERNET&NOT_RESTRICTED&TRUSTED] ]
D/ConnectivityService(  451): handleRegisterNetworkRequest checking NetworkAgentInfo [WIFI () - 125]
D/ConnectivityService(  451): apparently satisfied.  currentScore=60
I/ActivityManager(  451): START u0 {cmp=com.android.chrome/org.chromium.chrome.browser.firstrun.FirstRunActivity (has extras)} from uid 10035 on display 0
W/InputMethodManagerService(  451): Window already focused, ignoring focus gain of: com.android.internal.view.IInputMethodClient$Stub$Proxy@3cb147ca attribute=null, token = android.os.BinderProxy@24405d48
I/ActivityManager(  451): Start proc 17367:.esfm/u0a89 for service com.estrongs.android.pop/com.estrongs.android.scanner.service.FileMonitorService
I/ActivityManager(  451): Start proc 17425:com.estrongs.android.pop/u0a89 for service com.estrongs.android.pop/com.android.apps.pros.LocalMService
D/WifiService(  451): New client listening to asynchronous messages
W/ResourcesManager(17425): Asset path '/system/framework/com.android.media.remotedisplay.jar' does not exist or contains no resources.
W/ResourcesManager(17425): Asset path '/system/framework/com.android.location.provider.jar' does not exist or contains no resources.
E/ActivityThread(17425): Failed to find provider info for com.facebook.katana.provider.AttributionIdProvider
W/ResourcesManager(17425): Asset path '/system/framework/com.google.android.maps.jar' does not exist or contains no resources.
W/ResourcesManager(17425): Asset path '/system/framework/com.google.android.maps.jar' does not exist or contains no resources.
W/ResourcesManager(17425): Asset path '/system/framework/com.google.widevine.software.drm.jar' does not exist or contains no resources.
W/ResourcesManager(17425): Asset path '/system/framework/com.google.widevine.software.drm.jar' does not exist or contains no resources.
W/ResourcesManager(17425): Asset path '/system/framework/com.google.android.media.effects.jar' does not exist or contains no resources.
I/ActivityManager(  451): Start proc 17570:com.google.android.instantapps.supervisor/u0a90 for service com.google.android.instantapps.supervisor/.logging.LogFlushTaskService
I/ActivityManager(  451): Start proc 17593:com.google.process.gapps/u0a8 for content provider com.google.android.gsf/.gservices.GservicesProvider
I/ActivityManager(  451): Waited long enough for: ServiceRecord{38c1c0aa u0 com.estrongs.android.pop/com.estrongs.android.scanner.service.FileScannerService}
I/ActivityManager(  451): Force stopping com.android.chrome appid=10035 user=0: from pid 17740
I/ActivityManager(  451): Killing 17123:com.android.chrome:privileged_process0/u0a35 (adj 0): stop com.android.chrome
W/ActivityManager(  451): Scheduling restart of crashed service com.android.chrome/org.chromium.content.app.PrivilegedProcessService0 in 1000ms
I/ActivityManager(  451): Killing 17029:com.android.chrome/u0a35 (adj 0): stop com.android.chrome
I/WindowState(  451): WIN DEATH: Window{3983d7e1 u0 com.android.chrome/org.chromium.chrome.browser.firstrun.FirstRunActivity}
D/ConnectivityService(  451): ConnectivityService NetworkRequestInfo binderDied(NetworkRequest [ id=618, legacyType=-1, [ Capabilities: INTERNET&NOT_RESTRICTED&TRUSTED] ], android.os.BinderProxy@1ddfc844)
D/ConnectivityService(  451): releasing NetworkRequest NetworkRequest [ id=618, legacyType=-1, [ Capabilities: INTERNET&NOT_RESTRICTED&TRUSTED] ]
D/ConnectivityService(  451): ConnectivityService NetworkRequestInfo binderDied(NetworkRequest [ id=620, legacyType=-1, [ Capabilities: INTERNET&NOT_RESTRICTED&TRUSTED] ], android.os.BinderProxy@fe52d2d)
E/ConnectivityService(  451): RemoteException caught trying to send a callback msg for NetworkRequest [ id=618, legacyType=-1, [ Capabilities: INTERNET&NOT_RESTRICTED&TRUSTED] ]
D/ConnectivityService(  451): releasing NetworkRequest NetworkRequest [ id=620, legacyType=-1, [ Capabilities: INTERNET&NOT_RESTRICTED&TRUSTED] ]
E/ConnectivityService(  451): RemoteException caught trying to send a callback msg for NetworkRequest [ id=620, legacyType=-1, [ Capabilities: INTERNET&NOT_RESTRICTED&TRUSTED] ]
W/ActivityManager(  451): Force removing ActivityRecord{28116173 u0 com.android.chrome/org.chromium.chrome.browser.firstrun.FirstRunActivity t3712}: app died, no saved state
I/ActivityManager(  451): Killing 17063:com.android.chrome:sandboxed_process0/u0a35i658 (adj 0): isolated not needed
W/libprocessgroup(  451): failed to open /acct/uid_10035/pid_17063/cgroup.procs: No such file or directory
W/ActivityManager(  451): Spurious death for ProcessRecord{371ad540 17123:com.android.chrome:privileged_process0/u0a35}, curProc for 17123: null
W/ActivityManager(  451): Unbind failed: could not find connection for android.os.BinderProxy@2ab17b8d
W/ActivityManager(  451): Spurious death for ProcessRecord{1efa906 17029:com.android.chrome/u0a35}, curProc for 17029: null
W/InputMethodManagerService(  451): Got RemoteException sending setActive(false) notification to pid 17029 uid 10035
I/ActivityManager(  451): Force stopping com.android.chrome appid=10035 user=0: clear data
I/ActivityManager(  451): Start proc 17786:com.android.documentsui/u0a40 for broadcast com.android.documentsui/.PackageReceiver
I/ActivityManager(  451): Start proc 17801:com.android.defcontainer/u0a4 for service com.android.defcontainer/.DefaultContainerService
I/ActivityManager(  451): Start proc 17826:com.google.android.apps.photos/u0a66 for broadcast com.google.android.apps.photos/com.google.android.libraries.social.mediastoresync.reset.impl.MediaStoreClearedReceiver
I/ActivityManager(  451): Start proc 17844:com.android.externalstorage/u0a6 for content provider com.android.externalstorage/.ExternalStorageProvider
I/ActivityManager(  451): Start proc 17862:com.google.android.apps.docs/u0a41 for content provider com.google.android.apps.docs/.storagebackend.StorageBackendContentProvider
I/ActivityManager(  451): Start proc 17909:com.android.chrome/u0a35 for content provider com.android.chrome/com.google.android.apps.chrome.icing.IcingProvider
W/ResourcesManager(17909): Asset path '/system/framework/com.android.media.remotedisplay.jar' does not exist or contains no resources.
W/ResourcesManager(17909): Asset path '/system/framework/com.android.location.provider.jar' does not exist or contains no resources.
W/FileUtils(16985): Failed to chmod(/storage/emulated/0/trepn/Trepn_2018.06.14_164629.db): android.system.ErrnoException: chmod failed: EPERM (Operation not permitted)
W/ResourcesManager(17862): Asset path '/system/framework/com.android.media.remotedisplay.jar' does not exist or contains no resources.
W/ResourcesManager(17862): Asset path '/system/framework/com.android.location.provider.jar' does not exist or contains no resources.
I/ActivityManager(  451): START u0 {act=com.android.systemui.recents.SHOW_RECENTS flg=0x10804000 cmp=com.android.systemui/.recents.RecentsActivity} from uid 10022 on display 0
W/InputMethodManagerService(  451): Starting input on non-focused client com.android.internal.view.IInputMethodClient$Stub$Proxy@11862762 (uid=10018 pid=14936)
I/ActivityManager(  451): Killing 14936:com.android.vending/u0a18 (adj 9): remove task
D/ConnectivityService(  451): ConnectivityService NetworkRequestInfo binderDied(NetworkRequest [ id=617, legacyType=-1, [ Capabilities: INTERNET&NOT_RESTRICTED&TRUSTED] ], android.os.BinderProxy@3ebda964)
D/ConnectivityService(  451): releasing NetworkRequest NetworkRequest [ id=617, legacyType=-1, [ Capabilities: INTERNET&NOT_RESTRICTED&TRUSTED] ]
I/WindowState(  451): WIN DEATH: Window{3d74fec2 u0 com.android.vending/com.google.android.finsky.activities.MainActivity}
E/ConnectivityService(  451): RemoteException caught trying to send a callback msg for NetworkRequest [ id=617, legacyType=-1, [ Capabilities: INTERNET&NOT_RESTRICTED&TRUSTED] ]
D/TaskPersister(  451): removeObsoleteFile: deleting file=3714_task.xml
D/TaskPersister(  451): removeObsoleteFile: deleting file=3712_task_thumbnail.png
D/TaskPersister(  451): removeObsoleteFile: deleting file=3714_task_thumbnail.png
D/TaskPersister(  451): removeObsoleteFile: deleting file=3710_task.xml
I/ActivityManager(  451): START u0 {act=android.intent.action.MAIN cat=[android.intent.category.HOME] flg=0x10200000 cmp=com.google.android.googlequicksearchbox/com.google.android.launcher.GEL} from uid 10022 on display 0
W/BroadcastQueue(  451): Skipping deliver [background] BroadcastRecord{25b1e8d8 u-1 android.net.conn.CONNECTIVITY_CHANGE} to ReceiverList{30c22431 18131 (unknown name)/2000/u-1 remote:27a5b04a}: process crashing
I/ActivityManager(  451): START u0 {act=android.intent.action.MAIN cat=[android.intent.category.LAUNCHER] flg=0x10200000 cmp=com.quicinc.trepn/.userinterface.main.TrepnActivity} from uid 2000 on display 0
V/WindowManager(  451): addAppToken: AppWindowToken{1ec8ba84 token=Token{26446897 ActivityRecord{18968716 u0 com.quicinc.trepn/.userinterface.main.TrepnActivity t3716}}} to stack=1 task=3716 at 0
V/WindowManager(  451): Adding window Window{3665d38f u0 Starting com.quicinc.trepn} at 3 of 16 (after Window{2bb582c9 u0 com.google.android.googlequicksearchbox/com.google.android.launcher.GEL})
V/WindowManager(  451): Adding window Window{2491ccb4 u0 com.quicinc.trepn/com.quicinc.trepn.userinterface.main.TrepnActivity} at 3 of 17 (before Window{3665d38f u0 Starting com.quicinc.trepn})
I/ActivityManager(  451): Force stopping com.quicinc.trepn appid=10091 user=0: from pid 18166
I/ActivityManager(  451): Killing 16985:com.quicinc.trepn/u0a91 (adj 0): stop com.quicinc.trepn
I/WindowState(  451): WIN DEATH: Window{2491ccb4 u0 com.quicinc.trepn/com.quicinc.trepn.userinterface.main.TrepnActivity}
W/ActivityManager(  451): Scheduling restart of crashed service com.quicinc.trepn/.TrepnService in 1000ms
W/ActivityManager(  451): Force removing ActivityRecord{18968716 u0 com.quicinc.trepn/.userinterface.main.TrepnActivity t3716}: app died, no saved state
I/ActivityManager(  451):   Force stopping service ServiceRecord{1c382d94 u0 com.quicinc.trepn/.TrepnService}
W/ActivityManager(  451): Spurious death for ProcessRecord{1f6ad61c 16985:com.quicinc.trepn/u0a91}, curProc for 16985: null
W/InputMethodManagerService(  451): Got RemoteException sending setActive(false) notification to pid 16985 uid 10091
I/ActivityManager(  451): Start proc 18199:com.quicinc.trepn/u0a91 for service com.quicinc.trepn/.TrepnService
I/ActivityManager(  451): Force stopping com.android.chrome appid=10035 user=0: from pid 18232
I/ActivityManager(  451): Killing 17909:com.android.chrome/u0a35 (adj 9): stop com.android.chrome
W/ActivityManager(  451): Spurious death for ProcessRecord{2482ab99 17909:com.android.chrome/u0a35}, curProc for 17909: null
I/ActivityManager(  451): START u0 {act=android.intent.action.VIEW flg=0x10008000 cmp=com.android.chrome/com.google.android.apps.chrome.Main} from uid 2000 on display 0
V/WindowManager(  451): addAppToken: AppWindowToken{3720d70c token=Token{3180823f ActivityRecord{2d41de5e u0 com.android.chrome/com.google.android.apps.chrome.Main t3717}}} to stack=1 task=3717 at 0
I/ActivityManager(  451): Start proc 18244:com.android.chrome/u0a35 for activity com.android.chrome/com.google.android.apps.chrome.Main
W/ResourcesManager(18244): Asset path '/system/framework/com.android.media.remotedisplay.jar' does not exist or contains no resources.
W/ResourcesManager(18244): Asset path '/system/framework/com.android.location.provider.jar' does not exist or contains no resources.
I/ActivityManager(  451): START u0 {cmp=com.android.chrome/org.chromium.chrome.browser.firstrun.FirstRunActivity (has extras)} from uid 10035 on display 0
V/WindowManager(  451): addAppToken: AppWindowToken{1e574d0d token=Token{1d08fba4 ActivityRecord{1867a37 u0 com.android.chrome/org.chromium.chrome.browser.firstrun.FirstRunActivity t3718}}} to stack=1 task=3718 at 0
V/WindowManager(  451): Based on layer: Adding window Window{293faf28 u0 com.android.chrome/org.chromium.chrome.browser.firstrun.FirstRunActivity} at 3 of 16
I/ActivityManager(  451): Start proc 18271:com.android.chrome:sandboxed_process0/u0i659 for service com.android.chrome/org.chromium.content.app.SandboxedProcessService0
I/ActivityManager(  451): Start proc 18313:com.android.chrome:privileged_process0/u0a35 for service com.android.chrome/org.chromium.content.app.PrivilegedProcessService0
D/ConnectivityService(  451): listenForNetwork for NetworkRequest [ id=621, legacyType=-1, [ Capabilities: INTERNET&NOT_RESTRICTED&TRUSTED] ]
D/ConnectivityService(  451): handleRegisterNetworkRequest checking NetworkAgentInfo [WIFI () - 125]
D/ConnectivityService(  451): apparently satisfied.  currentScore=60
D/ConnectivityService(  451): listenForNetwork for NetworkRequest [ id=622, legacyType=-1, [ Capabilities: INTERNET&NOT_RESTRICTED&TRUSTED] ]
D/ConnectivityService(  451): handleRegisterNetworkRequest checking NetworkAgentInfo [WIFI () - 125]
D/ConnectivityService(  451): apparently satisfied.  currentScore=60
W/libprocessgroup(  451): failed to open /acct/uid_10035/pid_18271/cgroup.procs: No such file or directory
I/ActivityManager(  451): Process com.android.chrome:sandboxed_process0 (pid 18271) has died
W/ActivityManager(  451): Scheduling restart of crashed service com.android.chrome/org.chromium.content.app.SandboxedProcessService0 in 1000ms
I/ActivityManager(  451): START u0 {act=android.intent.action.VIEW flg=0x10808000 cmp=com.android.chrome/com.google.android.apps.chrome.Main (has extras)} from uid 10035 on display 0
V/WindowManager(  451): addAppToken: AppWindowToken{251cba93 token=Token{3e4d3382 ActivityRecord{4274ecd u0 com.android.chrome/com.google.android.apps.chrome.Main t3719}}} to stack=1 task=3719 at 0
D/ConnectivityService(  451): releasing NetworkRequest NetworkRequest [ id=622, legacyType=-1, [ Capabilities: INTERNET&NOT_RESTRICTED&TRUSTED] ]
D/ConnectivityService(  451): listenForNetwork for NetworkRequest [ id=623, legacyType=-1, [ Capabilities: INTERNET&NOT_RESTRICTED&TRUSTED] ]
D/ConnectivityService(  451): handleRegisterNetworkRequest checking NetworkAgentInfo [WIFI () - 125]
D/ConnectivityService(  451): apparently satisfied.  currentScore=60
I/ActivityManager(  451): START u0 {act=android.intent.action.VIEW flg=0x14002000 cmp=com.android.chrome/org.chromium.chrome.browser.ChromeTabbedActivity (has extras)} from uid 10035 on display 0
V/WindowManager(  451): addAppToken: AppWindowToken{2a29b0da token=Token{1dcc8a85 ActivityRecord{16f63fc u0 com.android.chrome/org.chromium.chrome.browser.ChromeTabbedActivity t3720}}} to stack=1 task=3720 at 0
V/WindowManager(  451): Based on layer: Adding window Window{3fb96e83 u0 Starting com.android.chrome} at 4 of 17
I/ActivityManager(  451): Start proc 18402:com.android.chrome:sandboxed_process0/u0i660 for service com.android.chrome/org.chromium.content.app.SandboxedProcessService0
V/WindowManager(  451): Adding window Window{3221df56 u0 com.android.chrome/org.chromium.chrome.browser.ChromeTabbedActivity} at 4 of 18 (before Window{3fb96e83 u0 Starting com.android.chrome})
V/WindowManager(  451): Adding window Window{5f837ad u0 SurfaceView} at 4 of 19 (before Window{3221df56 u0 com.android.chrome/org.chromium.chrome.browser.ChromeTabbedActivity})
I/ActivityManager(  451): Start proc 18444:com.google.android.partnersetup/u0a12 for content provider com.google.android.partnersetup/.RlzAppProvider
I/ActivityManager(  451): Start proc 18488:com.android.chrome:sandboxed_process1/u0i661 for service com.android.chrome/org.chromium.content.app.SandboxedProcessService1
W/FileUtils(18199): Failed to chmod(/storage/emulated/0/trepn/Trepn_2018.06.14_164857.db): android.system.ErrnoException: chmod failed: EPERM (Operation not permitted)
I/ActivityManager(  451): Activity reported stop, but no longer stopping: ActivityRecord{1867a37 u0 com.android.chrome/org.chromium.chrome.browser.firstrun.FirstRunActivity t3718 f}
I/ActivityManager(  451): Start proc 18527:com.android.providers.partnerbookmarks/u0a65 for content provider com.android.providers.partnerbookmarks/.PartnerBookmarksProvider
D/TaskPersister(  451): removeObsoleteFile: deleting file=3718_task_thumbnail.png
I/ActivityManager(  451): START u0 {act=android.intent.action.VIEW dat=localhost:8000 flg=0x10000000 cmp=com.android.chrome/com.google.android.apps.chrome.Main} from uid 2000 on display 0
V/WindowManager(  451): addAppToken: AppWindowToken{3495a8bd token=Token{3fdb814 ActivityRecord{15ffa267 u0 com.android.chrome/com.google.android.apps.chrome.Main t3721}}} to stack=1 task=3721 at 0
D/ConnectivityService(  451): releasing NetworkRequest NetworkRequest [ id=623, legacyType=-1, [ Capabilities: INTERNET&NOT_RESTRICTED&TRUSTED] ]
D/ConnectivityService(  451): listenForNetwork for NetworkRequest [ id=624, legacyType=-1, [ Capabilities: INTERNET&NOT_RESTRICTED&TRUSTED] ]
D/ConnectivityService(  451): handleRegisterNetworkRequest checking NetworkAgentInfo [WIFI () - 125]
D/ConnectivityService(  451): apparently satisfied.  currentScore=60
I/ActivityManager(  451): START u0 {act=android.intent.action.VIEW dat=localhost:8000 flg=0x14002000 cmp=com.android.chrome/org.chromium.chrome.browser.ChromeTabbedActivity (has extras)} from uid 10035 on display 0
W/InputMethodManagerService(  451): Window already focused, ignoring focus gain of: com.android.internal.view.IInputMethodClient$Stub$Proxy@296ff5ac attribute=null, token = android.os.BinderProxy@34feb571
I/ActivityManager(  451): Start proc 18568:com.android.chrome:sandboxed_process2/u0i662 for service com.android.chrome/org.chromium.content.app.SandboxedProcessService2
W/libprocessgroup(  451): failed to open /acct/uid_10035/pid_18488/cgroup.procs: No such file or directory
I/ActivityManager(  451): Process com.android.chrome:sandboxed_process1 (pid 18488) has died
W/ActivityManager(  451): Scheduling restart of crashed service com.android.chrome/org.chromium.content.app.SandboxedProcessService1 in 1000ms
I/ActivityManager(  451): Waited long enough for: ServiceRecord{2551c42c u0 com.google.android.googlequicksearchbox/com.google.android.apps.gsa.search.core.service.SearchService}
I/ActivityManager(  451): Start proc 18632:com.android.chrome:sandboxed_process3/u0i663 for service com.android.chrome/org.chromium.content.app.SandboxedProcessService3
W/libprocessgroup(  451): failed to open /acct/uid_10035/pid_18632/cgroup.procs: No such file or directory
I/ActivityManager(  451): Process com.android.chrome:sandboxed_process3 (pid 18632) has died
W/ActivityManager(  451): Scheduling restart of crashed service com.android.chrome/org.chromium.content.app.SandboxedProcessService3 in 1000ms
I/ActivityManager(  451): Force stopping com.android.chrome appid=10035 user=0: from pid 18703
I/ActivityManager(  451): Killing 18313:com.android.chrome:privileged_process0/u0a35 (adj 0): stop com.android.chrome
W/ActivityManager(  451): Scheduling restart of crashed service com.android.chrome/org.chromium.content.app.PrivilegedProcessService0 in 1000ms
I/ActivityManager(  451): Killing 18244:com.android.chrome/u0a35 (adj 0): stop com.android.chrome
I/WindowState(  451): WIN DEATH: Window{5f837ad u0 SurfaceView}
D/ConnectivityService(  451): ConnectivityService NetworkRequestInfo binderDied(NetworkRequest [ id=621, legacyType=-1, [ Capabilities: INTERNET&NOT_RESTRICTED&TRUSTED] ], android.os.BinderProxy@8eecebe)
D/ConnectivityService(  451): releasing NetworkRequest NetworkRequest [ id=621, legacyType=-1, [ Capabilities: INTERNET&NOT_RESTRICTED&TRUSTED] ]
E/ConnectivityService(  451): RemoteException caught trying to send a callback msg for NetworkRequest [ id=621, legacyType=-1, [ Capabilities: INTERNET&NOT_RESTRICTED&TRUSTED] ]
D/ConnectivityService(  451): ConnectivityService NetworkRequestInfo binderDied(NetworkRequest [ id=624, legacyType=-1, [ Capabilities: INTERNET&NOT_RESTRICTED&TRUSTED] ], android.os.BinderProxy@35a01b1f)
D/ConnectivityService(  451): releasing NetworkRequest NetworkRequest [ id=624, legacyType=-1, [ Capabilities: INTERNET&NOT_RESTRICTED&TRUSTED] ]
E/ConnectivityService(  451): RemoteException caught trying to send a callback msg for NetworkRequest [ id=624, legacyType=-1, [ Capabilities: INTERNET&NOT_RESTRICTED&TRUSTED] ]
I/WindowState(  451): WIN DEATH: Window{3221df56 u0 com.android.chrome/org.chromium.chrome.browser.ChromeTabbedActivity}
W/ActivityManager(  451): Exception when unbinding service com.android.chrome/org.chromium.content.app.SandboxedProcessService0
W/ActivityManager(  451): android.os.DeadObjectException
W/ActivityManager(  451): 	at android.os.BinderProxy.transactNative(Native Method)
W/ActivityManager(  451): 	at android.os.BinderProxy.transact(Binder.java:496)
W/ActivityManager(  451): 	at android.app.ApplicationThreadProxy.scheduleUnbindService(ApplicationThreadNative.java:921)
W/ActivityManager(  451): 	at com.android.server.am.ActiveServices.removeConnectionLocked(ActiveServices.java:1795)
W/ActivityManager(  451): 	at com.android.server.am.ActiveServices.killServicesLocked(ActiveServices.java:2193)
W/ActivityManager(  451): 	at com.android.server.am.ActivityManagerService.cleanUpApplicationRecordLocked(ActivityManagerService.java:14895)
W/ActivityManager(  451): 	at com.android.server.am.ActivityManagerService.handleAppDiedLocked(ActivityManagerService.java:4552)
W/ActivityManager(  451): 	at com.android.server.am.ActivityManagerService.removeProcessLocked(ActivityManagerService.java:5789)
W/ActivityManager(  451): 	at com.android.server.am.ActivityManagerService.killPackageProcessesLocked(ActivityManagerService.java:5594)
W/ActivityManager(  451): 	at com.android.server.am.ActivityManagerService.forceStopPackageLocked(ActivityManagerService.java:5655)
W/ActivityManager(  451): 	at com.android.server.am.ActivityManagerService.forceStopPackageLocked(ActivityManagerService.java:5499)
W/ActivityManager(  451): 	at com.android.server.am.ActivityManagerService.forceStopPackage(ActivityManagerService.java:5309)
W/ActivityManager(  451): 	at android.app.ActivityManagerNative.onTransact(ActivityManagerNative.java:1461)
W/ActivityManager(  451): 	at com.android.server.am.ActivityManagerService.onTransact(ActivityManagerService.java:2208)
W/ActivityManager(  451): 	at android.os.Binder.execTransact(Binder.java:446)
I/ActivityManager(  451): Killing 18402:com.android.chrome:sandboxed_process0/u0a35i660 (adj 9): isolated not needed
W/libprocessgroup(  451): failed to open /acct/uid_10035/pid_18402/cgroup.procs: No such file or directory
W/ActivityManager(  451): Exception when unbinding service com.android.chrome/org.chromium.content.app.SandboxedProcessService2
W/ActivityManager(  451): android.os.DeadObjectException
W/ActivityManager(  451): 	at android.os.BinderProxy.transactNative(Native Method)
W/ActivityManager(  451): 	at android.os.BinderProxy.transact(Binder.java:496)
W/ActivityManager(  451): 	at android.app.ApplicationThreadProxy.scheduleUnbindService(ApplicationThreadNative.java:921)
W/ActivityManager(  451): 	at com.android.server.am.ActiveServices.removeConnectionLocked(ActiveServices.java:1795)
W/ActivityManager(  451): 	at com.android.server.am.ActiveServices.killServicesLocked(ActiveServices.java:2193)
W/ActivityManager(  451): 	at com.android.server.am.ActivityManagerService.cleanUpApplicationRecordLocked(ActivityManagerService.java:14895)
W/ActivityManager(  451): 	at com.android.server.am.ActivityManagerService.handleAppDiedLocked(ActivityManagerService.java:4552)
W/ActivityManager(  451): 	at com.android.server.am.ActivityManagerService.removeProcessLocked(ActivityManagerService.java:5789)
W/ActivityManager(  451): 	at com.android.server.am.ActivityManagerService.killPackageProcessesLocked(ActivityManagerService.java:5594)
W/ActivityManager(  451): 	at com.android.server.am.ActivityManagerService.forceStopPackageLocked(ActivityManagerService.java:5655)
W/ActivityManager(  451): 	at com.android.server.am.ActivityManagerService.forceStopPackageLocked(ActivityManagerService.java:5499)
W/ActivityManager(  451): 	at com.android.server.am.ActivityManagerService.forceStopPackage(ActivityManagerService.java:5309)
W/ActivityManager(  451): 	at android.app.ActivityManagerNative.onTransact(ActivityManagerNative.java:1461)
W/ActivityManager(  451): 	at com.android.server.am.ActivityManagerService.onTransact(ActivityManagerService.java:2208)
W/ActivityManager(  451): 	at android.os.Binder.execTransact(Binder.java:446)
W/ActivityManager(  451): Force removing ActivityRecord{16f63fc u0 com.android.chrome/org.chromium.chrome.browser.ChromeTabbedActivity t3720}: app died, no saved state
I/ActivityManager(  451): Killing 18568:com.android.chrome:sandboxed_process2/u0a35i662 (adj 9): isolated not needed
W/libprocessgroup(  451): failed to open /acct/uid_10035/pid_18568/cgroup.procs: No such file or directory
W/ActivityManager(  451): Spurious death for ProcessRecord{2ec66ad0 18313:com.android.chrome:privileged_process0/u0a35}, curProc for 18313: null
W/ActivityManager(  451): Unbind failed: could not find connection for android.os.BinderProxy@515b535
W/ActivityManager(  451): Spurious death for ProcessRecord{370e1b3c 18244:com.android.chrome/u0a35}, curProc for 18244: null
W/InputMethodManagerService(  451): Got RemoteException sending setActive(false) notification to pid 18244 uid 10035
I/ActivityManager(  451): Force stopping com.android.chrome appid=10035 user=0: clear data
D/TaskPersister(  451): removeObsoleteFile: deleting file=3720_task.xml
D/TaskPersister(  451): removeObsoleteFile: deleting file=3720_task_thumbnail.png
I/ActivityManager(  451): Start proc 18761:com.android.chrome/u0a35 for content provider com.android.chrome/com.google.android.apps.chrome.icing.IcingProvider
W/ResourcesManager(18761): Asset path '/system/framework/com.android.media.remotedisplay.jar' does not exist or contains no resources.
W/ResourcesManager(18761): Asset path '/system/framework/com.android.location.provider.jar' does not exist or contains no resources.
W/FileUtils(18199): Failed to chmod(/storage/emulated/0/trepn/Trepn_2018.06.14_164857.db): android.system.ErrnoException: chmod failed: EPERM (Operation not permitted)
D/WifiService(  451): acquireWifiLockLocked: WifiLock{NlpWifiLock type=2 binder=android.os.BinderProxy@23376ba8}
D/WifiService(  451): releaseWifiLockLocked: WifiLock{NlpWifiLock type=2 binder=android.os.BinderProxy@23376ba8}
W/ProcessCpuTracker(  451): Skipping unknown process pid 18855
I/UsageStatsService(  451): User[0] Flushing usage stats to disk
I/ActivityManager(  451): Force stopping com.android.chrome appid=10035 user=0: from pid 18920
I/ActivityManager(  451): Killing 18761:com.android.chrome/u0a35 (adj 9): stop com.android.chrome
W/ActivityManager(  451): Spurious death for ProcessRecord{c70f7c6 18761:com.android.chrome/u0a35}, curProc for 18761: null
I/ActivityManager(  451): START u0 {act=android.intent.action.VIEW flg=0x10008000 cmp=com.android.chrome/com.google.android.apps.chrome.Main} from uid 2000 on display 0
V/WindowManager(  451): addAppToken: AppWindowToken{2486bedd token=Token{3a8ad2b4 ActivityRecord{20bc0387 u0 com.android.chrome/com.google.android.apps.chrome.Main t3722}}} to stack=1 task=3722 at 0
I/ActivityManager(  451): Start proc 18932:com.android.chrome/u0a35 for activity com.android.chrome/com.google.android.apps.chrome.Main
W/ResourcesManager(18932): Asset path '/system/framework/com.android.media.remotedisplay.jar' does not exist or contains no resources.
W/ResourcesManager(18932): Asset path '/system/framework/com.android.location.provider.jar' does not exist or contains no resources.
I/ActivityManager(  451): START u0 {cmp=com.android.chrome/org.chromium.chrome.browser.firstrun.FirstRunActivity (has extras)} from uid 10035 on display 0
V/WindowManager(  451): addAppToken: AppWindowToken{63351aa token=Token{1a87ec95 ActivityRecord{37f1c44c u0 com.android.chrome/org.chromium.chrome.browser.firstrun.FirstRunActivity t3723}}} to stack=1 task=3723 at 0
V/WindowManager(  451): Based on layer: Adding window Window{3a06c02 u0 com.android.chrome/org.chromium.chrome.browser.firstrun.FirstRunActivity} at 3 of 16
I/ActivityManager(  451): Start proc 18961:com.android.chrome:sandboxed_process0/u0i664 for service com.android.chrome/org.chromium.content.app.SandboxedProcessService0
I/ActivityManager(  451): Start proc 19000:com.android.chrome:privileged_process0/u0a35 for service com.android.chrome/org.chromium.content.app.PrivilegedProcessService0
D/ConnectivityService(  451): listenForNetwork for NetworkRequest [ id=625, legacyType=-1, [ Capabilities: INTERNET&NOT_RESTRICTED&TRUSTED] ]
D/ConnectivityService(  451): handleRegisterNetworkRequest checking NetworkAgentInfo [WIFI () - 125]
D/ConnectivityService(  451): apparently satisfied.  currentScore=60
D/ConnectivityService(  451): listenForNetwork for NetworkRequest [ id=626, legacyType=-1, [ Capabilities: INTERNET&NOT_RESTRICTED&TRUSTED] ]
D/ConnectivityService(  451): handleRegisterNetworkRequest checking NetworkAgentInfo [WIFI () - 125]
D/ConnectivityService(  451): apparently satisfied.  currentScore=60
W/libprocessgroup(  451): failed to open /acct/uid_10035/pid_18961/cgroup.procs: No such file or directory
I/ActivityManager(  451): Process com.android.chrome:sandboxed_process0 (pid 18961) has died
W/ActivityManager(  451): Scheduling restart of crashed service com.android.chrome/org.chromium.content.app.SandboxedProcessService0 in 1000ms
I/ActivityManager(  451): START u0 {act=android.intent.action.VIEW flg=0x10808000 cmp=com.android.chrome/com.google.android.apps.chrome.Main (has extras)} from uid 10035 on display 0
V/WindowManager(  451): addAppToken: AppWindowToken{24695837 token=Token{2fc0f136 ActivityRecord{350962d1 u0 com.android.chrome/com.google.android.apps.chrome.Main t3724}}} to stack=1 task=3724 at 0
D/ConnectivityService(  451): releasing NetworkRequest NetworkRequest [ id=626, legacyType=-1, [ Capabilities: INTERNET&NOT_RESTRICTED&TRUSTED] ]
D/ConnectivityService(  451): listenForNetwork for NetworkRequest [ id=627, legacyType=-1, [ Capabilities: INTERNET&NOT_RESTRICTED&TRUSTED] ]
D/ConnectivityService(  451): handleRegisterNetworkRequest checking NetworkAgentInfo [WIFI () - 125]
D/ConnectivityService(  451): apparently satisfied.  currentScore=60
I/ActivityManager(  451): START u0 {act=android.intent.action.VIEW flg=0x14002000 cmp=com.android.chrome/org.chromium.chrome.browser.ChromeTabbedActivity (has extras)} from uid 10035 on display 0
V/WindowManager(  451): addAppToken: AppWindowToken{2cb8f10e token=Token{1dd49b09 ActivityRecord{132b1410 u0 com.android.chrome/org.chromium.chrome.browser.ChromeTabbedActivity t3725}}} to stack=1 task=3725 at 0
V/WindowManager(  451): Based on layer: Adding window Window{48abd27 u0 Starting com.android.chrome} at 4 of 17
