I/SystemUpdate(  987): [Execution,InstallationIntentOperation] Received intent: Intent { act=com.google.android.gms.update.INSTALL_UPDATE cat=[targeted_intent_op_prefix:.update.execution.InstallationIntentOperation] cmp=com.google.android.gms/.chimera.GmsIntentOperationService }.
I/SystemUpdate(  987): [Control,InstallationControl] Installation progress updated to (0x410, -1.000).
I/SystemUpdate(  987): [Control,ChimeraGcmTaskService] Scheduling task: DeviceCharging.
I/SystemUpdate(  987): [Execution,ExecutionManager] Action non-ab-reboot executed for 0.14 seconds.
I/SystemUpdate(  987): [Execution,ExecutionManager] Action fixed-delay-execution executed for 0.01 seconds.
E/WakeLock(  965): release without a matched acquire!
I/SystemUpdate(  987): [Control,ChimeraGcmTaskService] Task started with tag: DeviceCharging.
I/SystemUpdate(  987): [Control,ChimeraGcmTaskService] Scheduling task: DeviceCharging.
I/Icing   (  987): Scored 151 usage reports, missing_corpora 2 update_failed 25
I/SystemUpdate(  987): [Execution,InstallationEventIntentOperation] Handling event of type 4.
I/SystemUpdate(  987): [Execution,InstallationIntentOperation] Received intent: Intent { act=com.google.android.gms.update.INSTALL_UPDATE cat=[targeted_intent_op_prefix:.update.execution.InstallationIntentOperation] cmp=com.google.android.gms/.chimera.GmsIntentOperationService }.
W/Wifi    ( 3458): Failed to read packet and byte counts from wifi interface
I/SystemUpdate(  987): [Control,InstallationControl] Installation progress updated to (0x410, -1.000).
I/SystemUpdate(  987): [Control,ChimeraGcmTaskService] Scheduling task: DeviceCharging.
I/SystemUpdate(  987): [Execution,ExecutionManager] Action non-ab-reboot executed for 0.13 seconds.
I/vgn     (  965): 19-GetFileDescriptorAndDelete -- metadata{ service_id: 0 }
I/SystemUpdate(  987): [Execution,ExecutionManager] Action fixed-delay-execution executed for 0.02 seconds.
I/Icing   (  987): Usage reports ok 0, Failed Usage reports 0, indexed 0, rejected 0, imm upload false
I/Icing   (  987): Indexing 94FBE96EEF13B8AC56FE8C01687FD8A6012559AC from com.android.chrome
I/vgn     (  965): 19-ReportUsage -- metadata{ service_id: 0 }
I/EventLogSendingHelper(15005): Sending log events.
I/MemoryTrimmer(15005): Trimming objects from memory, since app is in the background.
I/Icing   (  987): Indexing done 94FBE96EEF13B8AC56FE8C01687FD8A6012559AC
I/art     (  965): Explicit concurrent mark sweep GC freed 302898(14MB) AllocSpace objects, 5(560KB) LOS objects, 33% free, 31MB/47MB, paused 842us total 226.724ms
I/vgn     (  965): 35-GetDeviceDataUploadOptInStatusOperation -- metadata{ service_id: 0 }
W/Wifi    ( 3458): Failed to read packet and byte counts from wifi interface
W/Wifi    ( 3458): Failed to read packet and byte counts from wifi interface
W/Wifi    ( 3458): Failed to read packet and byte counts from wifi interface
W/Wifi    ( 3458): Failed to read packet and byte counts from wifi interface
W/Wifi    ( 3458): Failed to read packet and byte counts from wifi interface
W/Wifi    ( 3458): Failed to read packet and byte counts from wifi interface
E/WifiStateMachine(  451): WifiStateMachine CMD_START_SCAN source -2 txSuccessRate=25.33 rxSuccessRate=38.86 targetRoamBSSID=any RSSI=-57
E/WifiStateMachine(  451): WifiStateMachine L2Connected CMD_START_SCAN source -2 3510, 3511 -> obsolete
W/Wifi    ( 3458): Failed to read packet and byte counts from wifi interface
W/Wifi    ( 3458): Failed to read packet and byte counts from wifi interface
W/Wifi    ( 3458): Failed to read packet and byte counts from wifi interface
W/Wifi    ( 3458): Failed to read packet and byte counts from wifi interface
E/WifiStateMachine(  451): WifiStateMachine CMD_START_SCAN source -2 txSuccessRate=13.16 rxSuccessRate=19.43 targetRoamBSSID=any RSSI=-56
W/Wifi    ( 3458): Failed to read packet and byte counts from wifi interface
W/Wifi    ( 3458): Failed to read packet and byte counts from wifi interface
W/Wifi    ( 3458): Failed to read packet and byte counts from wifi interface
W/Wifi    ( 3458): Failed to read packet and byte counts from wifi interface
W/Wifi    ( 3458): Failed to read packet and byte counts from wifi interface
W/Wifi    ( 3458): Failed to read packet and byte counts from wifi interface
W/Wifi    ( 3458): Failed to read packet and byte counts from wifi interface
W/Wifi    ( 3458): Failed to read packet and byte counts from wifi interface
W/Wifi    ( 3458): Failed to read packet and byte counts from wifi interface
W/Wifi    ( 3458): Failed to read packet and byte counts from wifi interface
W/GmsLocationProvider(15005): Error removing location updates: 16
W/Wifi    ( 3458): Failed to read packet and byte counts from wifi interface
W/Wifi    ( 3458): Failed to read packet and byte counts from wifi interface
W/Wifi    ( 3458): Failed to read packet and byte counts from wifi interface
W/Wifi    ( 3458): Failed to read packet and byte counts from wifi interface
W/Wifi    ( 3458): Failed to read packet and byte counts from wifi interface
I/Icing   (  987): IndexChimeraService.getServiceInterface callingPackage=com.android.chrome componentName=null serviceId=36
I/vgn     (  965): 19-GetFileDescriptorAndDelete -- metadata{ service_id: 0 }
I/Icing   (  987): Usage reports ok 0, Failed Usage reports 0, indexed 0, rejected 0, imm upload false
W/Wifi    ( 3458): Failed to read packet and byte counts from wifi interface
W/Wifi    ( 3458): Failed to read packet and byte counts from wifi interface
W/Wifi    ( 3458): Failed to read packet and byte counts from wifi interface
W/Wifi    ( 3458): Failed to read packet and byte counts from wifi interface
W/Wifi    ( 3458): Failed to read packet and byte counts from wifi interface
E/WifiStateMachine(  451): WifiStateMachine CMD_START_SCAN source -2 txSuccessRate=0.17 rxSuccessRate=0.15 targetRoamBSSID=any RSSI=-57
W/Wifi    ( 3458): Failed to read packet and byte counts from wifi interface
W/Wifi    ( 3458): Failed to read packet and byte counts from wifi interface
W/Wifi    ( 3458): Failed to read packet and byte counts from wifi interface
W/Wifi    ( 3458): Failed to read packet and byte counts from wifi interface
W/Wifi    ( 3458): Failed to read packet and byte counts from wifi interface
W/Wifi    ( 3458): Failed to read packet and byte counts from wifi interface
W/Wifi    ( 3458): Failed to read packet and byte counts from wifi interface
W/Wifi    ( 3458): Failed to read packet and byte counts from wifi interface
W/Wifi    ( 3458): Failed to read packet and byte counts from wifi interface
W/Wifi    ( 3458): Failed to read packet and byte counts from wifi interface
W/Wifi    ( 3458): Failed to read packet and byte counts from wifi interface
W/Wifi    ( 3458): Failed to read packet and byte counts from wifi interface
W/Wifi    ( 3458): Failed to read packet and byte counts from wifi interface
W/Wifi    ( 3458): Failed to read packet and byte counts from wifi interface
W/Wifi    ( 3458): Failed to read packet and byte counts from wifi interface
W/Wifi    ( 3458): Failed to read packet and byte counts from wifi interface
W/Wifi    ( 3458): Failed to read packet and byte counts from wifi interface
W/Wifi    ( 3458): Failed to read packet and byte counts from wifi interface
W/Wifi    ( 3458): Failed to read packet and byte counts from wifi interface
W/Wifi    ( 3458): Failed to read packet and byte counts from wifi interface
E/WifiStateMachine(  451): WifiStateMachine CMD_START_SCAN source -2 txSuccessRate=0.50 rxSuccessRate=0.00 targetRoamBSSID=any RSSI=-55
W/Wifi    ( 3458): Failed to read packet and byte counts from wifi interface
W/Wifi    ( 3458): Failed to read packet and byte counts from wifi interface
W/Wifi    ( 3458): Failed to read packet and byte counts from wifi interface
I/vgn     (  965): 35-GetDeviceDataUploadOptInStatusOperation -- metadata{ service_id: 0 }
I/vgn     (  965): 35-GetDeviceDataUploadOptInStatusOperation -- metadata{ service_id: 0 }
I/vgn     (  987): 45-xlb -- metadata{ service_id: 0 }
W/Wifi    ( 3458): Failed to read packet and byte counts from wifi interface
W/Wifi    ( 3458): Failed to read packet and byte counts from wifi interface
W/Wifi    ( 3458): Failed to read packet and byte counts from wifi interface
W/Wifi    ( 3458): Failed to read packet and byte counts from wifi interface
D/audio_hw_primary(  205): out_set_parameters: enter: usecase(0: playback) kvpairs: routing=2 out->devices(2) adev->mode(0)
W/ResourceType(  627): No package identifier when getting value for resource number 0x00000000
W/PackageManager(  627): Failure retrieving resources for com.android.chrome: Resource ID #0x0
I/ActivityManager(  451): START u0 {act=com.android.systemui.recents.SHOW_RECENTS flg=0x10804000 cmp=com.android.systemui/.recents.RecentsActivity} from uid 10022 on display 0
D/ConnectivityService(  451): releasing NetworkRequest NetworkRequest [ id=703, legacyType=-1, [ Capabilities: INTERNET&NOT_RESTRICTED&TRUSTED] ]
I/MemoryTrimmer(15005): Trimming objects from memory, since app is in the background.
D/ConnectivityManager.CallbackHandler( 4886): CM callback handler got msg 524296
W/Wifi    ( 3458): Failed to read packet and byte counts from wifi interface
I/cr_BindingManager( 4886): onTrimMemory: level=80, size=0
W/InputMethodManagerService(  451): Starting input on non-focused client com.android.internal.view.IInputMethodClient$Stub$Proxy@6a60de3 (uid=10035 pid=4886)
W/cr_Autocomplete( 4886): stopping autocomplete.
I/vgn     (  965): 19-ReportUsage -- metadata{ service_id: 0 }
W/X       ( 4886): [TiclService] Ticl being stopped: Client: <ApplicationClientIdP: client_type=1018 client_name=e012835b-dbe7-4806-a8dc-6388ce38dc71>, \n\006\n\004\010\003\020\001\022\022\tc\361\024\342&C\024\230\021MC\321\2404\353\263\211\032\007\010\206\030\020\003\030\001, <RunState: 2>
I/cr_BindingManager( 4886): onTrimMemory: level=80, size=0
I/vgn     (  965): 35-GetDeviceDataUploadOptInStatusOperation -- metadata{ service_id: 0 }
D/audio_hw_primary(  205): out_set_parameters: enter: usecase(0: playback) kvpairs: routing=2 out->devices(2) adev->mode(0)
D/ConnectivityService(  451): listenForNetwork for NetworkRequest [ id=704, legacyType=-1, [ Capabilities: INTERNET&NOT_RESTRICTED&TRUSTED] ]
D/ConnectivityService(  451): handleRegisterNetworkRequest checking NetworkAgentInfo [WIFI () - 126]
D/ConnectivityService(  451): apparently satisfied.  currentScore=60
D/ConnectivityManager.CallbackHandler( 4886): CM callback handler got msg 524290
I/MemoryTrimmer(15005): Trimming objects from memory, since app is in the background.
I/OpenGLRenderer( 4886): Initialized EGL, version 1.4
W/Wifi    ( 3458): Failed to read packet and byte counts from wifi interface
W/Wifi    ( 3458): Failed to read packet and byte counts from wifi interface
W/View    ( 4886): requestLayout() improperly called by android.view.SurfaceView{ff6ddf9 V.ED.... ......ID 0,0-1536,1902} during layout: running second layout pass
W/View    ( 4886): requestLayout() improperly called by android.widget.LinearLayout{2b54913e V.E..... ......ID 0,1806-1536,1902 #7f100358 app:id/snackbar} during layout: running second layout pass
W/Wifi    ( 3458): Failed to read packet and byte counts from wifi interface
D/audio_hw_primary(  205): out_set_parameters: enter: usecase(0: playback) kvpairs: routing=2 out->devices(2) adev->mode(0)
W/ResourceType(  627): No package identifier when getting value for resource number 0x00000000
W/PackageManager(  627): Failure retrieving resources for com.android.chrome: Resource ID #0x0
I/ActivityManager(  451): START u0 {act=com.android.systemui.recents.SHOW_RECENTS flg=0x10804000 cmp=com.android.systemui/.recents.RecentsActivity} from uid 10022 on display 0
E/lowmemorykiller(  149): Error writing /proc/5267/oom_score_adj; errno=22
W/libprocessgroup(  451): failed to open /acct/uid_10035/pid_5267/cgroup.procs: No such file or directory
I/ActivityManager(  451): Process com.android.chrome:sandboxed_process1 (pid 5267) has died
W/ActivityManager(  451): Scheduling restart of crashed service com.android.chrome/org.chromium.content.app.SandboxedProcessService1 in 1000ms
I/MemoryTrimmer(15005): Trimming objects from memory, since app is in the background.
I/MediaFocusControl(  451):  AudioFocus  abandonAudioFocus() from android.media.AudioManager@1e26f4ecorg.chromium.content.browser.AudioFocusDelegate@fbe60b5
D/ConnectivityService(  451): releasing NetworkRequest NetworkRequest [ id=704, legacyType=-1, [ Capabilities: INTERNET&NOT_RESTRICTED&TRUSTED] ]
D/ConnectivityManager.CallbackHandler( 4886): CM callback handler got msg 524296
W/cr_ChildProcessConn( 4886): onServiceDisconnected (crash or killed by oom): pid=5267
W/cr_ChildProcessConn( 4886): The connection is not bound for 5267
I/cr_BindingManager( 4886): onTrimMemory: level=80, size=0
W/InputMethodManagerService(  451): Starting input on non-focused client com.android.internal.view.IInputMethodClient$Stub$Proxy@6a60de3 (uid=10035 pid=4886)
W/cr_Autocomplete( 4886): stopping autocomplete.
W/Wifi    ( 3458): Failed to read packet and byte counts from wifi interface
W/X       ( 4886): [TiclService] Ticl being stopped: Client: <ApplicationClientIdP: client_type=1018 client_name=e012835b-dbe7-4806-a8dc-6388ce38dc71>, \n\006\n\004\010\003\020\001\022\022\tc\361\024\342&C\024\230\021MC\321\2404\353\263\211\032\007\010\206\030\020\003\030\001, <RunState: 2>
W/ResourceType(  627): No package identifier when getting value for resource number 0x00000000
W/PackageManager(  627): Failure retrieving resources for com.android.chrome: Resource ID #0x0
W/Wifi    ( 3458): Failed to read packet and byte counts from wifi interface
I/ActivityManager(  451): Killing 4962:com.android.chrome:privileged_process0/u0a35 (adj 9): remove task
W/cr_ContextualSearch( 4886): Warning, the UNDEFINED state was aborted.
W/cr_ChildProcessConn( 4886): onServiceDisconnected (crash or killed by oom): pid=4962
I/ActivityManager(  451): Killing 4886:com.android.chrome/u0a35 (adj 11): remove task
D/ConnectivityService(  451): ConnectivityService NetworkRequestInfo binderDied(NetworkRequest [ id=700, legacyType=-1, [ Capabilities: INTERNET&NOT_RESTRICTED&TRUSTED] ], android.os.BinderProxy@38177172)
D/ConnectivityService(  451): releasing NetworkRequest NetworkRequest [ id=700, legacyType=-1, [ Capabilities: INTERNET&NOT_RESTRICTED&TRUSTED] ]
E/ConnectivityService(  451): RemoteException caught trying to send a callback msg for NetworkRequest [ id=700, legacyType=-1, [ Capabilities: INTERNET&NOT_RESTRICTED&TRUSTED] ]
W/ActivityManager(  451): Scheduling restart of crashed service com.android.chrome/org.chromium.content.app.PrivilegedProcessService0 in 1000ms
D/TaskPersister(  451): removeObsoleteFile: deleting file=3826_task.xml
D/TaskPersister(  451): removeObsoleteFile: deleting file=3826_task_thumbnail.png
D/TaskPersister(  451): removeObsoleteFile: deleting file=3820_task.xml
I/ActivityManager(  451): START u0 {act=android.intent.action.MAIN cat=[android.intent.category.HOME] flg=0x10200000 cmp=com.google.android.googlequicksearchbox/com.google.android.launcher.GEL} from uid 10022 on display 0
I/OpenGLRenderer(  902): Initialized EGL, version 1.4
E/LegacyNowServiceClient(  902): skipping logEndstates, service is null
V/RenderScript(  902): Application requested CPU execution
V/RenderScript(  902): 0x559c47d690 Launching thread(s), CPUs 2
D/BluetoothAdapter(15005): 282265226: getState() :  mService = null. Returning STATE_OFF
D/BluetoothAdapter(15005): 282265226: getState() :  mService = null. Returning STATE_OFF
I/VoiceSearchSettings(15005): Hotword upgrade key is null!
W/SessionLifecycleManager(15005): Handover failed. Creating new session controller.
I/OptInState(15005): There is a new client and it does not support opt-in. Dropping request.
W/LocationOracle(15005): No location history returned by ContextManager
I/MicroDetectionWorker(15005): #updateMicroDetector [detectionMode: [mDetectionMode: [1]]]
I/MicroDetectionWorker(15005): #startMicroDetector [speakerMode: 0]
D/BluetoothAdapter(15005): 282265226: getState() :  mService = null. Returning STATE_OFF
D/BluetoothAdapter(15005): 282265226: getState() :  mService = null. Returning STATE_OFF
I/VoiceSearchSettings(15005): Hotword upgrade key is null!
D/BluetoothAdapter(15005): 282265226: getState() :  mService = null. Returning STATE_OFF
I/VoiceSearchSettings(15005): Hotword upgrade key is null!
D/BluetoothAdapter(15005): 282265226: getState() :  mService = null. Returning STATE_OFF
I/MicroDetectionWorker(15005): onReady
I/MicroRecognitionRunner(15005): Starting detection.
I/MicrophoneInputStream(15005): mic_starting com.google.android.apps.gsa.speech.audio.af@3ec8300
I/SoundTriggerHwService::Module(  205): void android::SoundTriggerHwService::Module::onCallbackEvent(const android::sp<android::SoundTriggerHwService::CallbackEvent>&) mClient == 0
I/AudioFlinger(  205): AudioFlinger's thread 0xabc00648 ready to run
I/MicrophoneInputStream(15005): mic_started com.google.android.apps.gsa.speech.audio.af@3ec8300
I/GeofencerStateMachine(  965): sendNewTransitions called.
W/Wifi    ( 3458): Failed to read packet and byte counts from wifi interface
I/ActivityManager(  451): Start proc 5533:com.android.chrome/u0a35 for broadcast com.android.chrome/com.google.ipc.invalidation.ticl.android2.AndroidInternalScheduler$AlarmReceiver
I/MicroDetectionWorker(15005): onReady
W/OpenGLRenderer(  902): Incorrectly called buildLayer on View: ShortcutAndWidgetContainer, destroying layer...
I/art     (  451): Explicit concurrent mark sweep GC freed 137663(6MB) AllocSpace objects, 28(3MB) LOS objects, 31% free, 34MB/50MB, paused 883us total 220.675ms
W/ctxmgr  (  965): [AclManager]No 3 for (accnt=account#-517948760#, com.google.android.gms(10008):UserVelocityProducer, vrsn=12685011, 0, 3pPkg = null ,  3pMdlId = null ,  pid = 965). Was: 3 for 1, account#-517948760#
E/SQLiteLog(  965): (2067) abort at 35 in [INSERT INTO context(context_name,end_time,context_family,module_id,version,sync_state_mod_time_millis,start_time,sync_state,context_id,time_type,proto_blob) VALUES (?,?,?,?,?,?,?,?,?,?,?)]: UNI
E/SQLiteLog(  965): (2067) abort at 35 in [INSERT INTO context(context_name,end_time,context_family,module_id,version,sync_state_mod_time_millis,start_time,sync_state,context_id,time_type,proto_blob) VALUES (?,?,?,?,?,?,?,?,?,?,?)]: UNI
E/SQLiteLog(  965): (2067) abort at 35 in [INSERT INTO context(context_name,end_time,context_family,module_id,version,sync_state_mod_time_millis,start_time,sync_state,context_id,time_type,proto_blob) VALUES (?,?,?,?,?,?,?,?,?,?,?)]: UNI
W/DynamiteModule( 5533): Local module descriptor class for com.google.android.gms.googlecertificates not found.
I/DynamiteModule( 5533): Considering local module com.google.android.gms.googlecertificates:0 and remote module com.google.android.gms.googlecertificates:4
I/DynamiteModule( 5533): Selected remote version of com.google.android.gms.googlecertificates, version >= 4
E/tegra_memtrack_hal(  451): failed to read header for pid 451: Operation not permitted
E/tegra_memtrack_hal(  451): failed to read header for pid 451: Operation not permitted
E/tegra_memtrack_hal(  451): failed to read header for pid 451: Operation not permitted
E/tegra_memtrack_hal(  451): failed to read header for pid 451: Operation not permitted
E/tegra_memtrack_hal(  451): failed to read header for pid 451: Operation not permitted
W/ResourcesManager( 5533): Asset path '/system/framework/com.android.media.remotedisplay.jar' does not exist or contains no resources.
W/ResourcesManager( 5533): Asset path '/system/framework/com.android.location.provider.jar' does not exist or contains no resources.
I/vgn     (  965): 67-RequestPlaceUpdates -- metadata{ service_id: 0 }
W/ctxmgr  (  965): [AclManager]No 2 for (accnt=account#-517948760#, com.google.android.gms(10008):UserLocationProducer, vrsn=12685000, 0, 3pPkg = null ,  3pMdlId = null ,  pid = 965). Was: 3 for 1, account#-517948760#
W/ctxmgr  (  965): [AclManager]No 2 for (accnt=account#1813920180#, com.google.android.gms(10008):UserLocationProducer, vrsn=12685000, 0, 3pPkg = null ,  3pMdlId = null ,  pid = 965). Was: 2 for 1, account#1813920180#
W/ctxmgr  (  965): [AclManager]No 2 for (accnt=account#1644684176#, com.google.android.gms(10008):UserLocationProducer, vrsn=12685000, 0, 3pPkg = null ,  3pMdlId = null ,  pid = 965). Was: 2 for 1, account#1644684176#
I/GeofencerStateMachine(  965): removeGeofences: removeRequest=RemoveGeofencingRequest[REMOVE_BY_PENDING_INTENT pendingIntent=PendingIntent[creatorPackage=com.google.android.gms], packageName=null]
I/GeofencerStateMachine(  965): removeGeofences: removeRequest=RemoveGeofencingRequest[REMOVE_BY_PENDING_INTENT pendingIntent=PendingIntent[creatorPackage=com.google.android.gms], packageName=null]
I/PlaceInferenceEngine(  965): [anon] Changed inference mode: 0
I/vgn     (  965): 67-RequestPlaceUpdates -- metadata{ service_id: 0 }
I/TiclService( 5533): [TiclService] Resources started
I/i       ( 5533): [TiclService] Ticl state file does not exist: android_ticl_service_state.bin
I/P       ( 5533): [TiclService] Resources stopped
I/Places  (  965): ?: PlacesBleScanner start() with priority 2
I/PlaceInferenceEngine(  965): [anon] Changed inference mode: 1
I/Places  (  965): Converted 0 out of 29 WiFi scans
D/BluetoothAdapter(  965): 403087025: getState() :  mService = null. Returning STATE_OFF
I/BeaconBle(  965): Using BLE 'L' hardware layer
I/PlaceInferenceEngine(  965): [anon] Changed inference mode: 1
I/BeaconBle(  965): Client requested scan, settings=BleSettings [scanMode=ZERO_POWER, callbackType=ALL_MATCHES, reportDelayMillis=0, 1 filters, 0 clients, callingClientName=Places]
E/BeaconBle(  965): Scan couldn't start for Places
W/Places  (  965): BLE failure while scanning - code 5
I/PlaceInferenceEngine(  965): No beacon scan available - ignoring candidates.
W/Wifi    ( 3458): Failed to read packet and byte counts from wifi interface
W/ctxmgr  (  965): [AclManager]No 2 for (accnt=account#-517948760#, com.google.android.gms(10008):PlacesProducer, vrsn=12685000, 0, 3pPkg = null ,  3pMdlId = null ,  pid = 965). Was: 3 for 18, account#-517948760#
W/Wifi    ( 3458): Failed to read packet and byte counts from wifi interface
D/AndroidRuntime( 5557): >>>>>> START com.android.internal.os.RuntimeInit uid 2000 <<<<<<
D/AndroidRuntime( 5557): CheckJNI is OFF
D/AndroidRuntime( 5557): Calling main entry com.android.commands.pm.Pm
W/Wifi    ( 3458): Failed to read packet and byte counts from wifi interface
I/art     ( 5557): System.exit called, status: 0
I/AndroidRuntime( 5557): VM exiting with result code 0.
D/AndroidRuntime( 5576): >>>>>> START com.android.internal.os.RuntimeInit uid 2000 <<<<<<
D/AndroidRuntime( 5576): CheckJNI is OFF
D/AndroidRuntime( 5576): Calling main entry com.android.commands.pm.Pm
I/art     ( 5576): System.exit called, status: 0
I/AndroidRuntime( 5576): VM exiting with result code 0.
W/Wifi    ( 3458): Failed to read packet and byte counts from wifi interface
D/AndroidRuntime( 5606): >>>>>> START com.android.internal.os.RuntimeInit uid 2000 <<<<<<
D/AndroidRuntime( 5606): CheckJNI is OFF
D/AndroidRuntime( 5606): Calling main entry com.android.commands.monkey.Monkey
W/BroadcastQueue(  451): Skipping deliver [background] BroadcastRecord{2e70f219 u-1 android.net.conn.CONNECTIVITY_CHANGE} to ReceiverList{830e2de 5606 (unknown name)/2000/u-1 remote:5635d63}: process crashing
I/ActivityManager(  451): START u0 {act=android.intent.action.MAIN cat=[android.intent.category.LAUNCHER] flg=0x10200000 cmp=com.quicinc.trepn/.userinterface.main.TrepnActivity} from uid 2000 on display 0
V/WindowManager(  451): addAppToken: AppWindowToken{17644eea token=Token{1e9596d5 ActivityRecord{24deaf8c u0 com.quicinc.trepn/.userinterface.main.TrepnActivity t3827}}} to stack=1 task=3827 at 0
V/WindowManager(  451): Adding window Window{3daacb8d u0 Starting com.quicinc.trepn} at 3 of 17 (after Window{2bb582c9 u0 com.google.android.googlequicksearchbox/com.google.android.launcher.GEL})
I/CwMcuSensor(  451): CwMcuSensor::flush: fd = 259, sensors_id = 0, path = /sys/class/htc_sensorhub/sensor_hub/flush, err = 0
I/art     ( 5606): System.exit called, status: 0
I/AndroidRuntime( 5606): VM exiting with result code 0.
I/ActivityManager(  451): START u0 {cmp=com.quicinc.trepn/.userinterface.advanced.ProfilingActivity} from uid 10091 on display 0
V/WindowManager(  451): addAppToken: AppWindowToken{163313bc token=Token{2c9803af ActivityRecord{3b49bf8e u0 com.quicinc.trepn/.userinterface.advanced.ProfilingActivity t3827}}} to stack=1 task=3827 at 1
V/WindowManager(  451): Based on layer: Adding window Window{3daacb8d u0 Starting com.quicinc.trepn} at 3 of 17
V/WindowManager(  451): Adding window Window{1da6469a u0 com.quicinc.trepn/com.quicinc.trepn.userinterface.main.TrepnActivity} at 3 of 18 (before Window{3daacb8d u0 Starting com.quicinc.trepn})
V/WindowManager(  451): Adding window Window{1f123266 u0 com.quicinc.trepn/com.quicinc.trepn.userinterface.advanced.ProfilingActivity} at 4 of 19 (before Window{3daacb8d u0 Starting com.quicinc.trepn})
W/Wifi    ( 3458): Failed to read packet and byte counts from wifi interface
I/ActivityManager(  451): Displayed com.quicinc.trepn/.userinterface.advanced.ProfilingActivity: +171ms (total +318ms)
I/PBSessionCacheImpl(15005): Deleted sessionId[13690465814891] from persistence.
I/MicroDetector(15005): Keeping mic open: false
I/AudioController(15005): internalShutdown
I/MicrophoneInputStream(15005): mic_close com.google.android.apps.gsa.speech.audio.af@3ec8300
I/MicroRecognitionRunner(15005): Stopping hotword detection.
I/DeviceStateChecker(15005): DeviceStateChecker cancelled
I/SoundTriggerHwService::Module(  205): void android::SoundTriggerHwService::Module::onCallbackEvent(const android::sp<android::SoundTriggerHwService::CallbackEvent>&) mClient == 0
I/MicroRecognitionRunner(15005): Detection finished
W/Wifi    ( 3458): Failed to read packet and byte counts from wifi interface
E/WifiStateMachine(  451): WifiStateMachine CMD_START_SCAN source -2 txSuccessRate=2.66 rxSuccessRate=1.33 targetRoamBSSID=any RSSI=-55
W/Wifi    ( 3458): Failed to read packet and byte counts from wifi interface
W/Wifi    ( 3458): Failed to read packet and byte counts from wifi interface
W/Wifi    ( 3458): Failed to read packet and byte counts from wifi interface
W/Wifi    ( 3458): Failed to read packet and byte counts from wifi interface
D/AndroidRuntime( 5634): >>>>>> START com.android.internal.os.RuntimeInit uid 2000 <<<<<<
D/AndroidRuntime( 5634): CheckJNI is OFF
I/vgn     (  965): 67-RequestPlaceUpdates -- metadata{ service_id: 0 }
I/vgn     (  965): 67-RemovePlaceUpdates -- metadata{ service_id: 0 }
I/Places  (  965): ?: PlacesBleScanner stop()
I/BeaconBle(  965): Scan canceled successfully.
I/PlaceInferenceEngine(  965): [anon] Changed inference mode: 0
I/GeofencerStateMachine(  965): removeGeofences: removeRequest=RemoveGeofencingRequest[REMOVE_BY_PENDING_INTENT pendingIntent=PendingIntent[creatorPackage=com.google.android.gms], packageName=null]
D/AndroidRuntime( 5634): Calling main entry com.android.commands.am.Am
I/Trepn   ( 4833): Trepn 6.2s: Received intent: com.quicinc.trepn.load_preferences; filename: /sdcard/trepn/saved_preferences/trepn.pref
D/AndroidRuntime( 5634): Shutting down VM
W/Wifi    ( 3458): Failed to read packet and byte counts from wifi interface
W/Wifi    ( 3458): Failed to read packet and byte counts from wifi interface
D/AndroidRuntime( 5648): >>>>>> START com.android.internal.os.RuntimeInit uid 2000 <<<<<<
D/AndroidRuntime( 5648): CheckJNI is OFF
D/AndroidRuntime( 5648): Calling main entry com.android.commands.am.Am
I/ActivityManager(  451): Force stopping com.quicinc.trepn appid=10091 user=0: from pid 5648
I/ActivityManager(  451): Killing 4833:com.quicinc.trepn/u0a91 (adj 0): stop com.quicinc.trepn
W/InputDispatcher(  451): channel '1da6469a com.quicinc.trepn/com.quicinc.trepn.userinterface.main.TrepnActivity (server)' ~ Consumer closed input channel or an error occurred.  events=0x9
E/InputDispatcher(  451): channel '1da6469a com.quicinc.trepn/com.quicinc.trepn.userinterface.main.TrepnActivity (server)' ~ Channel is unrecoverably broken and will be disposed!
W/InputDispatcher(  451): channel '190b7373  (server)' ~ Consumer closed input channel or an error occurred.  events=0x9
E/InputDispatcher(  451): channel '190b7373  (server)' ~ Channel is unrecoverably broken and will be disposed!
I/WindowState(  451): WIN DEATH: Window{190b7373 u0 com.quicinc.trepn}
W/InputDispatcher(  451): Attempted to unregister already unregistered input channel '190b7373  (server)'
I/WindowState(  451): WIN DEATH: Window{1f123266 u0 com.quicinc.trepn/com.quicinc.trepn.userinterface.advanced.ProfilingActivity}
I/WindowState(  451): WIN DEATH: Window{1da6469a u0 com.quicinc.trepn/com.quicinc.trepn.userinterface.main.TrepnActivity}
W/InputDispatcher(  451): Attempted to unregister already unregistered input channel '1da6469a com.quicinc.trepn/com.quicinc.trepn.userinterface.main.TrepnActivity (server)'
W/ActivityManager(  451): Scheduling restart of crashed service com.quicinc.trepn/.TrepnService in 1000ms
W/ActivityManager(  451): Force removing ActivityRecord{3b49bf8e u0 com.quicinc.trepn/.userinterface.advanced.ProfilingActivity t3827}: app died, no saved state
I/ActivityManager(  451):   Force finishing activity 3 ActivityRecord{24deaf8c u0 com.quicinc.trepn/.userinterface.main.TrepnActivity t3827}
I/ActivityManager(  451):   Force stopping service ServiceRecord{2d1c873f u0 com.quicinc.trepn/.TrepnService}
W/ActivityManager(  451): Spurious death for ProcessRecord{3e9b23b5 4833:com.quicinc.trepn/u0a91}, curProc for 4833: null
D/AndroidRuntime( 5648): Shutting down VM
W/InputMethodManagerService(  451): Got RemoteException sending setActive(false) notification to pid 4833 uid 10091
W/SessionLifecycleManager(15005): Handover failed. Creating new session controller.
W/LocationOracle(15005): No location history returned by ContextManager
I/MicroDetectionWorker(15005): #updateMicroDetector [detectionMode: [mDetectionMode: [1]]]
I/MicroDetectionWorker(15005): #startMicroDetector [speakerMode: 0]
D/BluetoothAdapter(15005): 282265226: getState() :  mService = null. Returning STATE_OFF
D/BluetoothAdapter(15005): 282265226: getState() :  mService = null. Returning STATE_OFF
I/VoiceSearchSettings(15005): Hotword upgrade key is null!
I/MicroDetectionWorker(15005): onReady
D/BluetoothAdapter(15005): 282265226: getState() :  mService = null. Returning STATE_OFF
I/VoiceSearchSettings(15005): Hotword upgrade key is null!
D/BluetoothAdapter(15005): 282265226: getState() :  mService = null. Returning STATE_OFF
I/MicroRecognitionRunner(15005): Starting detection.
I/MicrophoneInputStream(15005): mic_starting com.google.android.apps.gsa.speech.audio.af@1e6ce83f
I/AudioFlinger(  205): AudioFlinger's thread 0xabc00648 ready to run
I/SoundTriggerHwService::Module(  205): void android::SoundTriggerHwService::Module::onCallbackEvent(const android::sp<android::SoundTriggerHwService::CallbackEvent>&) mClient == 0
I/MicrophoneInputStream(15005): mic_started com.google.android.apps.gsa.speech.audio.af@1e6ce83f
W/ctxmgr  (  965): [AclManager]No 3 for (accnt=account#-517948760#, com.google.android.gms(10008):UserVelocityProducer, vrsn=12685011, 0, 3pPkg = null ,  3pMdlId = null ,  pid = 965). Was: 3 for 1, account#-517948760#
E/SQLiteLog(  965): (2067) abort at 35 in [INSERT INTO context(context_name,end_time,context_family,module_id,version,sync_state_mod_time_millis,start_time,sync_state,context_id,time_type,proto_blob) VALUES (?,?,?,?,?,?,?,?,?,?,?)]: UNI
E/SQLiteLog(  965): (2067) abort at 35 in [INSERT INTO context(context_name,end_time,context_family,module_id,version,sync_state_mod_time_millis,start_time,sync_state,context_id,time_type,proto_blob) VALUES (?,?,?,?,?,?,?,?,?,?,?)]: UNI
E/SQLiteLog(  965): (2067) abort at 35 in [INSERT INTO context(context_name,end_time,context_family,module_id,version,sync_state_mod_time_millis,start_time,sync_state,context_id,time_type,proto_blob) VALUES (?,?,?,?,?,?,?,?,?,?,?)]: UNI
I/vgn     (  965): 67-RequestPlaceUpdates -- metadata{ service_id: 0 }
I/GeofencerStateMachine(  965): removeGeofences: removeRequest=RemoveGeofencingRequest[REMOVE_BY_PENDING_INTENT pendingIntent=PendingIntent[creatorPackage=com.google.android.gms], packageName=null]
I/GeofencerStateMachine(  965): removeGeofences: removeRequest=RemoveGeofencingRequest[REMOVE_BY_PENDING_INTENT pendingIntent=PendingIntent[creatorPackage=com.google.android.gms], packageName=null]
I/PlaceInferenceEngine(  965): [anon] Changed inference mode: 0
W/Wifi    ( 3458): Failed to read packet and byte counts from wifi interface
I/MicroDetectionWorker(15005): onReady
I/vgn     (  965): 67-RequestPlaceUpdates -- metadata{ service_id: 0 }
I/Places  (  965): ?: PlacesBleScanner start() with priority 2
I/PlaceInferenceEngine(  965): [anon] Changed inference mode: 1
I/Places  (  965): Converted 0 out of 29 WiFi scans
I/PlaceInferenceEngine(  965): [anon] Changed inference mode: 1
I/BeaconBle(  965): Client requested scan, settings=BleSettings [scanMode=ZERO_POWER, callbackType=ALL_MATCHES, reportDelayMillis=0, 1 filters, 0 clients, callingClientName=Places]
E/BeaconBle(  965): Scan couldn't start for Places
W/Places  (  965): BLE failure while scanning - code 5
W/OpenGLRenderer(  902): Incorrectly called buildLayer on View: ShortcutAndWidgetContainer, destroying layer...
I/PlaceInferenceEngine(  965): No beacon scan available - ignoring candidates.
W/Wifi    ( 3458): Failed to read packet and byte counts from wifi interface
W/ctxmgr  (  965): [AclManager]No 2 for (accnt=account#-517948760#, com.google.android.gms(10008):PlacesProducer, vrsn=12685000, 0, 3pPkg = null ,  3pMdlId = null ,  pid = 965). Was: 3 for 18, account#-517948760#
W/Wifi    ( 3458): Failed to read packet and byte counts from wifi interface
D/AndroidRuntime( 5671): >>>>>> START com.android.internal.os.RuntimeInit uid 2000 <<<<<<
D/AndroidRuntime( 5671): CheckJNI is OFF
D/AndroidRuntime( 5671): Calling main entry com.android.commands.am.Am
I/ActivityManager(  451): Start proc 5683:com.quicinc.trepn/u0a91 for service com.quicinc.trepn/.TrepnService
D/AndroidRuntime( 5671): Shutting down VM
W/Wifi    ( 3458): Failed to read packet and byte counts from wifi interface
I/art     (  451): Explicit concurrent mark sweep GC freed 33315(1747KB) AllocSpace objects, 16(7MB) LOS objects, 33% free, 27MB/41MB, paused 783us total 127.714ms
D/AndroidRuntime( 5715): >>>>>> START com.android.internal.os.RuntimeInit uid 2000 <<<<<<
D/AndroidRuntime( 5715): CheckJNI is OFF
D/AndroidRuntime( 5715): Calling main entry com.android.commands.am.Am
I/ActivityManager(  451): Force stopping com.android.chrome appid=10035 user=0: from pid 5715
I/ActivityManager(  451): Killing 5533:com.android.chrome/u0a35 (adj 9): stop com.android.chrome
W/ActivityManager(  451): Spurious death for ProcessRecord{52242fe 5533:com.android.chrome/u0a35}, curProc for 5533: null
W/Wifi    ( 3458): Failed to read packet and byte counts from wifi interface
I/ActivityManager(  451): START u0 {act=android.intent.action.VIEW flg=0x10008000 cmp=com.android.chrome/com.google.android.apps.chrome.Main} from uid 2000 on display 0
V/WindowManager(  451): addAppToken: AppWindowToken{27760d75 token=Token{2bf25cac ActivityRecord{2e741a5f u0 com.android.chrome/com.google.android.apps.chrome.Main t3828}}} to stack=1 task=3828 at 0
D/AndroidRuntime( 5715): Shutting down VM
I/ActivityManager(  451): Start proc 5728:com.android.chrome/u0a35 for activity com.android.chrome/com.google.android.apps.chrome.Main
W/DynamiteModule( 5728): Local module descriptor class for com.google.android.gms.googlecertificates not found.
I/DynamiteModule( 5728): Considering local module com.google.android.gms.googlecertificates:0 and remote module com.google.android.gms.googlecertificates:4
I/DynamiteModule( 5728): Selected remote version of com.google.android.gms.googlecertificates, version >= 4
W/ResourcesManager( 5728): Asset path '/system/framework/com.android.media.remotedisplay.jar' does not exist or contains no resources.
W/ResourcesManager( 5728): Asset path '/system/framework/com.android.location.provider.jar' does not exist or contains no resources.
I/cr_InstantAppsHandler( 5728): Not handling with Instant Apps (other)
I/ActivityManager(  451): START u0 {act=android.intent.action.VIEW flg=0x14002000 cmp=com.android.chrome/org.chromium.chrome.browser.ChromeTabbedActivity (has extras)} from uid 10035 on display 0
V/WindowManager(  451): addAppToken: AppWindowToken{1a653762 token=Token{320f762d ActivityRecord{2a919544 u0 com.android.chrome/org.chromium.chrome.browser.ChromeTabbedActivity t3829}}} to stack=1 task=3829 at 0
V/WindowManager(  451): Based on layer: Adding window Window{8713b6b u0 Starting com.android.chrome} at 3 of 16
I/cr_LibraryLoader( 5728): Using linker: org.chromium.base.library_loader.LegacyLinker
W/linker  ( 5728): libchromium_android_linker.so: unused DT entry: type 0x6ffffffe arg 0xce8
W/linker  ( 5728): libchromium_android_linker.so: unused DT entry: type 0x6fffffff arg 0x3
W/cr_ChildProcLH( 5728): Create a new ChildConnectionAllocator with package name = com.android.chrome, sandboxed = true
W/cr_tabmodel( 5728): Starting to fetch tab list.
W/cr_tabmodel( 5728): Finished fetching tab list.
I/cr_LibraryLoader( 5728): Loading chrome from within /data/app/com.android.chrome-2/base.apk
D/OpenGLRenderer( 5728): Use EGL_SWAP_BEHAVIOR_PRESERVED: true
I/ActivityManager(  451): Start proc 5755:com.android.chrome:sandboxed_process0/u0i753 for service com.android.chrome/org.chromium.content.app.SandboxedProcessService0
V/WindowManager(  451): Adding window Window{1e1dc1f8 u0 com.android.chrome/org.chromium.chrome.browser.ChromeTabbedActivity} at 3 of 17 (before Window{8713b6b u0 Starting com.android.chrome})
I/art     (  211): Explicit concurrent mark sweep GC freed 701(30KB) AllocSpace objects, 0(0B) LOS objects, 39% free, 7MB/11MB, paused 18.778ms total 34.047ms
I/art     (  211): Explicit concurrent mark sweep GC freed 5(160B) AllocSpace objects, 0(0B) LOS objects, 39% free, 7MB/11MB, paused 189us total 18.867ms
I/OpenGLRenderer( 5728): Initialized EGL, version 1.4
I/art     (  211): Explicit concurrent mark sweep GC freed 5(160B) AllocSpace objects, 0(0B) LOS objects, 39% free, 7MB/11MB, paused 168us total 11.072ms
W/dboxed_process0( 5755): type=1400 audit(0.0:894): avc: denied { search } for name="tmp" dev="dm-0" ino=49 scontext=u:r:isolated_app:s0 tcontext=u:object_r:shell_data_file:s0 tclass=dir permissive=0
I/cr_ChildProcessService( 5755): Creating new ChildProcessService pid=5755
D/OpenGLRenderer( 5728): Enabling debug mode 0
V/WindowManager(  451): Adding window Window{2986c37 u0 SurfaceView} at 3 of 18 (before Window{1e1dc1f8 u0 com.android.chrome/org.chromium.chrome.browser.ChromeTabbedActivity})
I/cr_LibraryLoader( 5728): Time to load native libraries: 269 ms (timestamps 7170-7439)
I/chromium( 5728): [INFO:library_loader_hooks.cc(136)] Chromium logging enabled: level = 0, default verbosity = 0
I/cr_LibraryLoader( 5728): Expected native library version number "61.0.3163.98", actual native library version number "61.0.3163.98"
W/Wifi    ( 3458): Failed to read packet and byte counts from wifi interface
I/ActivityManager(  451): Displayed com.android.chrome/org.chromium.chrome.browser.ChromeTabbedActivity: +835ms (total +1s118ms)
I/cr_BrowserStartup( 5728): Initializing chromium process, singleProcess=false
W/ResourceType(  627): No package identifier when getting value for resource number 0x00000000
W/PackageManager(  627): Failure retrieving resources for com.quicinc.trepn: Resource ID #0x0
I/ActivityManager(  451): Start proc 5792:com.android.chrome:privileged_process0/u0a35 for service com.android.chrome/org.chromium.content.app.PrivilegedProcessService0
I/cr_ChildProcessService( 5792): Creating new ChildProcessService pid=5792
D/ConnectivityService(  451): listenForNetwork for NetworkRequest [ id=705, legacyType=-1, [ Capabilities: INTERNET&NOT_RESTRICTED&TRUSTED] ]
D/ConnectivityService(  451): handleRegisterNetworkRequest checking NetworkAgentInfo [WIFI () - 126]
D/ConnectivityService(  451): apparently satisfied.  currentScore=60
D/ConnectivityManager.CallbackHandler( 5728): CM callback handler got msg 524290
I/cr_LibraryLoader( 5792): Using linker: org.chromium.base.library_loader.LegacyLinker
W/linker  ( 5792): libchromium_android_linker.so: unused DT entry: type 0x6ffffffe arg 0xce8
W/linker  ( 5792): libchromium_android_linker.so: unused DT entry: type 0x6fffffff arg 0x3
I/cr_LibraryLoader( 5792): Loading chrome from within /data/app/com.android.chrome-2/base.apk
D/ConnectivityService(  451): listenForNetwork for NetworkRequest [ id=706, legacyType=-1, [ Capabilities: INTERNET&NOT_RESTRICTED&TRUSTED] ]
D/ConnectivityService(  451): handleRegisterNetworkRequest checking NetworkAgentInfo [WIFI () - 126]
D/ConnectivityService(  451): apparently satisfied.  currentScore=60
D/ConnectivityManager.CallbackHandler( 5728): CM callback handler got msg 524290
I/orc     (  987): 28-GetActiveNetworkQuality -- metadata{ service_id: 0 }
I/orc     (  987): 28-GetActiveNetworkQuality -- metadata{ service_id: 0 }
W/cr_KnoxSettingsProvider( 5728): Permission to read device policy denied.
I/cr_LibraryLoader( 5792): Time to load native libraries: 112 ms (timestamps 8257-8369)
I/chromium( 5792): [INFO:library_loader_hooks.cc(136)] Chromium logging enabled: level = 0, default verbosity = 0
I/cr_LibraryLoader( 5792): Expected native library version number "61.0.3163.98", actual native library version number "61.0.3163.98"
E/libEGL  ( 5792): validate_display:255 error 3008 (EGL_BAD_DISPLAY)
I/art     ( 5728): Rejecting re-init on previously-failed class java.lang.Class<org.chromium.content.browser.FloatingActionModeCallback>
I/art     ( 5728): Rejecting re-init on previously-failed class java.lang.Class<org.chromium.content.browser.FloatingActionModeCallback>
W/VideoCapabilities( 5792): Unsupported mime video/mpeg2
W/AudioCapabilities( 5792): Unsupported mime audio/mpeg-L2
W/VideoCapabilities( 5792): Unrecognized level 0 for video/x-vnd.on2.vp8
W/Wifi    ( 3458): Failed to read packet and byte counts from wifi interface
I/VideoCapabilities( 5792): Unsupported profile 4 for video/mp4v-es
W/cr_MediaCodecUtil( 5792): HW encoder for video/avc is not available on this device.
W/cr_media( 5728): Requires BLUETOOTH permission
I/cr_LibraryLoader( 5755): Using linker: org.chromium.base.library_loader.LegacyLinker
W/linker  ( 5755): libchromium_android_linker.so: unused DT entry: type 0x6ffffffe arg 0xce8
W/linker  ( 5755): libchromium_android_linker.so: unused DT entry: type 0x6fffffff arg 0x3
I/cr_LibraryLoader( 5755): Loading chrome from within /data/app/com.android.chrome-2/base.apk
I/cr_LibraryLoader( 5755): Time to load native libraries: 132 ms (timestamps 8707-8839)
I/chromium( 5755): [INFO:library_loader_hooks.cc(136)] Chromium logging enabled: level = 0, default verbosity = 0
I/cr_LibraryLoader( 5755): Expected native library version number "61.0.3163.98", actual native library version number "61.0.3163.98"
V/WindowManager(  451): not Base app: Adding window Window{3fb539cc u0 com.android.chrome/org.chromium.chrome.browser.ChromeTabbedActivity} at 5 of 18
D/BluetoothAdapter(15005): 282265226: getState() :  mService = null. Returning STATE_OFF
D/BluetoothAdapter(15005): 282265226: getState() :  mService = null. Returning STATE_OFF
I/VoiceSearchSettings(15005): Hotword upgrade key is null!
I/VISHotwordAdapter(15005): #initialize, locale=en-US, keyPhrase=Ok Google
I/GsaVoiceInteractionSrv(  795): initializeAlwaysOnHotwordDetector locale en-US hotwordPhrase Ok Google
I/ActivityManager(  451): Start proc 5848:com.android.chrome:sandboxed_process1/u0i754 for service com.android.chrome/org.chromium.content.app.SandboxedProcessService1
W/dboxed_process1( 5848): type=1400 audit(0.0:895): avc: denied { search } for name="tmp" dev="dm-0" ino=49 scontext=u:r:isolated_app:s0 tcontext=u:object_r:shell_data_file:s0 tclass=dir permissive=0
I/cr_ChildProcessService( 5848): Creating new ChildProcessService pid=5848
W/Herrevad(  987): [4124] wux.b: Invalid mccmnc 
W/Herrevad(  987): [4124] wux.b: Invalid mccmnc 
I/cr_LibraryLoader( 5848): Using linker: org.chromium.base.library_loader.LegacyLinker
W/linker  ( 5848): libchromium_android_linker.so: unused DT entry: type 0x6ffffffe arg 0xce8
W/linker  ( 5848): libchromium_android_linker.so: unused DT entry: type 0x6fffffff arg 0x3
W/Wifi    ( 3458): Failed to read packet and byte counts from wifi interface
W/cr_Autocomplete( 5728): stopping autocomplete.
I/cr_LibraryLoader( 5848): Loading chrome from within /data/app/com.android.chrome-2/base.apk
I/orc     (  965): 51-GetExperimentTokensOperationCall -- metadata{ service_id: 0 }
E/aght    (  965): Phenotype API error. Event a <
E/aght    (  965):   a: "LOCAL.com.google.android.agsa.QSB"
E/aght    (  965):   b: 0
E/aght    (  965):   e: ""
E/aght    (  965):   f: ""
E/aght    (  965):   g: 0
E/aght    (  965):   h: 0
E/aght    (  965):   i: ""
E/aght    (  965):   j: 1
E/aght    (  965): >
E/aght    (  965): e: # bjzl@f5130810
E/aght    (  965): , EventCode: 7 -- metadata{ service_id: 51 }
E/aght    (  965): aggm: 29505: No config packages for log source, or config package not registered
E/aght    (  965): 	at agif.b(:com.google.android.gms@12685011@12.6.85 (020406-197041431):4)
E/aght    (  965): 	at aght.a(:com.google.android.gms@12685011@12.6.85 (020406-197041431):40)
E/aght    (  965): 	at aght.a(:com.google.android.gms@12685011@12.6.85 (020406-197041431):108)
E/aght    (  965): 	at ord.run(:com.google.android.gms@12685011@12.6.85 (020406-197041431