W/ActivityManager(  454): Unbind failed: could not find connection for android.os.BinderProxy@34642913
W/ActivityManager(  454): Spurious death for ProcessRecord{1fa4fc1c 19814:com.android.chrome/u0a35}, curProc for 19814: null
W/InputMethodManagerService(  454): Got RemoteException sending setActive(false) notification to pid 19814 uid 10035
I/ActivityManager(  454): Force stopping com.android.chrome appid=10035 user=0: clear data
D/TaskPersister(  454): removeObsoleteFile: deleting file=4957_task.xml
D/TaskPersister(  454): removeObsoleteFile: deleting file=4957_task_thumbnail.png
I/ActivityManager(  454): Start proc 20344:com.android.chrome/u0a35 for content provider com.android.chrome/com.google.android.apps.chrome.icing.IcingProvider
W/ResourcesManager(20344): Asset path '/system/framework/com.android.media.remotedisplay.jar' does not exist or contains no resources.
W/ResourcesManager(20344): Asset path '/system/framework/com.android.location.provider.jar' does not exist or contains no resources.
W/FileUtils(31770): Failed to chmod(/storage/emulated/0/trepn/Trepn_2018.06.18_205124.db): android.system.ErrnoException: chmod failed: EPERM (Operation not permitted)
D/WifiService(  454): acquireWifiLockLocked: WifiLock{NlpWifiLock type=2 binder=android.os.BinderProxy@2ed4cd22}
D/WifiService(  454): releaseWifiLockLocked: WifiLock{NlpWifiLock type=2 binder=android.os.BinderProxy@2ed4cd22}
I/ActivityManager(  454): Force stopping com.android.chrome appid=10035 user=0: from pid 20751
I/ActivityManager(  454): Killing 20344:com.android.chrome/u0a35 (adj 9): stop com.android.chrome
W/ActivityManager(  454): Spurious death for ProcessRecord{8ddf3f5 20344:com.android.chrome/u0a35}, curProc for 20344: null
I/ActivityManager(  454): START u0 {act=android.intent.action.VIEW flg=0x10008000 cmp=com.android.chrome/com.google.android.apps.chrome.Main} from uid 2000 on display 0
V/WindowManager(  454): addAppToken: AppWindowToken{9ba9018 token=Token{6b087fb ActivityRecord{b53b58a u0 com.android.chrome/com.google.android.apps.chrome.Main t4959}}} to stack=1 task=4959 at 0
I/ActivityManager(  454): Start proc 20763:com.android.chrome/u0a35 for activity com.android.chrome/com.google.android.apps.chrome.Main
W/ResourcesManager(20763): Asset path '/system/framework/com.android.media.remotedisplay.jar' does not exist or contains no resources.
W/ResourcesManager(20763): Asset path '/system/framework/com.android.location.provider.jar' does not exist or contains no resources.
I/ActivityManager(  454): START u0 {cmp=com.android.chrome/org.chromium.chrome.browser.firstrun.FirstRunActivity (has extras)} from uid 10035 on display 0
V/WindowManager(  454): addAppToken: AppWindowToken{3bb566a9 token=Token{1e674a30 ActivityRecord{901fb73 u0 com.android.chrome/org.chromium.chrome.browser.firstrun.FirstRunActivity t4960}}} to stack=1 task=4960 at 0
V/WindowManager(  454): Based on layer: Adding window Window{ad241e1 u0 com.android.chrome/org.chromium.chrome.browser.firstrun.FirstRunActivity} at 3 of 16
I/ActivityManager(  454): Start proc 20790:com.android.chrome:sandboxed_process0/u0i164 for service com.android.chrome/org.chromium.content.app.SandboxedProcessService0
I/ActivityManager(  454): Start proc 20833:com.android.chrome:privileged_process0/u0a35 for service com.android.chrome/org.chromium.content.app.PrivilegedProcessService0
D/ConnectivityService(  454): listenForNetwork for NetworkRequest [ id=166, legacyType=-1, [ Capabilities: INTERNET&NOT_RESTRICTED&TRUSTED] ]
D/ConnectivityService(  454): handleRegisterNetworkRequest checking NetworkAgentInfo [WIFI () - 101]
D/ConnectivityService(  454): apparently satisfied.  currentScore=60
D/ConnectivityService(  454): listenForNetwork for NetworkRequest [ id=167, legacyType=-1, [ Capabilities: INTERNET&NOT_RESTRICTED&TRUSTED] ]
D/ConnectivityService(  454): handleRegisterNetworkRequest checking NetworkAgentInfo [WIFI () - 101]
D/ConnectivityService(  454): apparently satisfied.  currentScore=60
I/ActivityManager(  454): START u0 {act=android.intent.action.VIEW flg=0x10808000 cmp=com.android.chrome/com.google.android.apps.chrome.Main (has extras)} from uid 10035 on display 0
V/WindowManager(  454): addAppToken: AppWindowToken{3d17de25 token=Token{2e8b421c ActivityRecord{3d546f8f u0 com.android.chrome/com.google.android.apps.chrome.Main t4961}}} to stack=1 task=4961 at 0
D/ConnectivityService(  454): releasing NetworkRequest NetworkRequest [ id=167, legacyType=-1, [ Capabilities: INTERNET&NOT_RESTRICTED&TRUSTED] ]
W/libprocessgroup(  454): failed to open /acct/uid_10035/pid_20790/cgroup.procs: No such file or directory
I/ActivityManager(  454): Process com.android.chrome:sandboxed_process0 (pid 20790) has died
W/ActivityManager(  454): Scheduling restart of crashed service com.android.chrome/org.chromium.content.app.SandboxedProcessService0 in 1000ms
D/ConnectivityService(  454): listenForNetwork for NetworkRequest [ id=168, legacyType=-1, [ Capabilities: INTERNET&NOT_RESTRICTED&TRUSTED] ]
D/ConnectivityService(  454): handleRegisterNetworkRequest checking NetworkAgentInfo [WIFI () - 101]
D/ConnectivityService(  454): apparently satisfied.  currentScore=60
I/ActivityManager(  454): START u0 {act=android.intent.action.VIEW flg=0x14002000 cmp=com.android.chrome/org.chromium.chrome.browser.ChromeTabbedActivity (has extras)} from uid 10035 on display 0
V/WindowManager(  454): addAppToken: AppWindowToken{28a4acdd token=Token{11d3b8b4 ActivityRecord{31a0c187 u0 com.android.chrome/org.chromium.chrome.browser.ChromeTabbedActivity t4962}}} to stack=1 task=4962 at 0
V/WindowManager(  454): Based on layer: Adding window Window{28aa67aa u0 Starting com.android.chrome} at 4 of 17
I/ActivityManager(  454): Start proc 20961:com.android.chrome:sandboxed_process0/u0i165 for service com.android.chrome/org.chromium.content.app.SandboxedProcessService0
V/WindowManager(  454): Adding window Window{2b45d50 u0 com.android.chrome/org.chromium.chrome.browser.ChromeTabbedActivity} at 4 of 18 (before Window{28aa67aa u0 Starting com.android.chrome})
V/WindowManager(  454): Adding window Window{59bb03 u0 SurfaceView} at 4 of 19 (before Window{2b45d50 u0 com.android.chrome/org.chromium.chrome.browser.ChromeTabbedActivity})
I/ActivityManager(  454): Start proc 21022:com.android.chrome:sandboxed_process1/u0i166 for service com.android.chrome/org.chromium.content.app.SandboxedProcessService1
I/ActivityManager(  454): Activity reported stop, but no longer stopping: ActivityRecord{901fb73 u0 com.android.chrome/org.chromium.chrome.browser.firstrun.FirstRunActivity t4960 f}
W/FileUtils(31770): Failed to chmod(/storage/emulated/0/trepn/Trepn_2018.06.18_205451.db): android.system.ErrnoException: chmod failed: EPERM (Operation not permitted)
D/TaskPersister(  454): removeObsoleteFile: deleting file=4960_task_thumbnail.png
I/ActivityManager(  454): Start proc 21073:com.android.chrome:sandboxed_process2/u0i167 for service com.android.chrome/org.chromium.content.app.SandboxedProcessService2
W/libprocessgroup(  454): failed to open /acct/uid_10035/pid_21022/cgroup.procs: No such file or directory
I/ActivityManager(  454): Process com.android.chrome:sandboxed_process1 (pid 21022) has died
W/ActivityManager(  454): Scheduling restart of crashed service com.android.chrome/org.chromium.content.app.SandboxedProcessService1 in 1000ms
I/ActivityManager(  454): START u0 {act=com.android.systemui.recents.SHOW_RECENTS flg=0x10804000 cmp=com.android.systemui/.recents.RecentsActivity} from uid 10022 on display 0
W/libprocessgroup(  454): failed to open /acct/uid_10035/pid_20961/cgroup.procs: No such file or directory
I/ActivityManager(  454): Process com.android.chrome:sandboxed_process0 (pid 20961) has died
W/ActivityManager(  454): Scheduling restart of crashed service com.android.chrome/org.chromium.content.app.SandboxedProcessService0 in 1000ms
W/libprocessgroup(  454): failed to open /acct/uid_10035/pid_21073/cgroup.procs: No such file or directory
I/ActivityManager(  454): Process com.android.chrome:sandboxed_process2 (pid 21073) has died
W/ActivityManager(  454): Scheduling restart of crashed service com.android.chrome/org.chromium.content.app.SandboxedProcessService2 in 10863ms
D/ConnectivityService(  454): releasing NetworkRequest NetworkRequest [ id=168, legacyType=-1, [ Capabilities: INTERNET&NOT_RESTRICTED&TRUSTED] ]
I/ActivityManager(  454): Start proc 21103:com.android.chrome:sandboxed_process2/u0i168 for service com.android.chrome/org.chromium.content.app.SandboxedProcessService2
I/ActivityManager(  454): Killing 21103:com.android.chrome:sandboxed_process2/u0a35i168 (adj 0): isolated not needed
W/libprocessgroup(  454): failed to open /acct/uid_10035/pid_21103/cgroup.procs: No such file or directory
I/ActivityManager(  454): Killing 20833:com.android.chrome:privileged_process0/u0a35 (adj 9): remove task
I/ActivityManager(  454): Killing 20763:com.android.chrome/u0a35 (adj 9): remove task
D/ConnectivityService(  454): ConnectivityService NetworkRequestInfo binderDied(NetworkRequest [ id=166, legacyType=-1, [ Capabilities: INTERNET&NOT_RESTRICTED&TRUSTED] ], android.os.BinderProxy@23b4a83)
D/ConnectivityService(  454): releasing NetworkRequest NetworkRequest [ id=166, legacyType=-1, [ Capabilities: INTERNET&NOT_RESTRICTED&TRUSTED] ]
E/ConnectivityService(  454): RemoteException caught trying to send a callback msg for NetworkRequest [ id=166, legacyType=-1, [ Capabilities: INTERNET&NOT_RESTRICTED&TRUSTED] ]
W/ActivityManager(  454): Scheduling restart of crashed service com.android.chrome/org.chromium.content.app.PrivilegedProcessService0 in 1000ms
D/TaskPersister(  454): removeObsoleteFile: deleting file=4962_task.xml
D/TaskPersister(  454): removeObsoleteFile: deleting file=4962_task_thumbnail.png
D/TaskPersister(  454): removeObsoleteFile: deleting file=4832_task.xml
I/ActivityManager(  454): START u0 {act=android.intent.action.MAIN cat=[android.intent.category.HOME] flg=0x10200000 cmp=com.google.android.googlequicksearchbox/com.google.android.launcher.GEL} from uid 10022 on display 0
--------- beginning of main
W/Wifi    ( 3637): Failed to read packet and byte counts from wifi interface
W/Wifi    ( 3637): Failed to read packet and byte counts from wifi interface
W/Wifi    ( 3637): Failed to read packet and byte counts from wifi interface
W/Wifi    ( 3637): Failed to read packet and byte counts from wifi interface
W/Wifi    ( 3637): Failed to read packet and byte counts from wifi interface
W/Wifi    ( 3637): Failed to read packet and byte counts from wifi interface
W/Wifi    ( 3637): Failed to read packet and byte counts from wifi interface
W/Wifi    ( 3637): Failed to read packet and byte counts from wifi interface
W/Wifi    ( 3637): Failed to read packet and byte counts from wifi interface
W/Wifi    ( 3637): Failed to read packet and byte counts from wifi interface
W/Wifi    ( 3637): Failed to read packet and byte counts from wifi interface
W/Wifi    ( 3637): Failed to read packet and byte counts from wifi interface
W/Wifi    ( 3637): Failed to read packet and byte counts from wifi interface
W/Wifi    ( 3637): Failed to read packet and byte counts from wifi interface
W/Wifi    ( 3637): Failed to read packet and byte counts from wifi interface
W/Wifi    ( 3637): Failed to read packet and byte counts from wifi interface
E/WifiStateMachine(  454): WifiStateMachine CMD_START_SCAN source -2 txSuccessRate=0.00 rxSuccessRate=4.39 targetRoamBSSID=any RSSI=-44
E/WifiStateMachine(  454): WifiStateMachine starting scan for "YOU SHALL NOT PASS"WPA_PSK with 2437
W/Wifi    ( 3637): Failed to read packet and byte counts from wifi interface
W/Wifi    ( 3637): Failed to read packet and byte counts from wifi interface
W/Wifi    ( 3637): Failed to read packet and byte counts from wifi interface
W/Wifi    ( 3637): Failed to read packet and byte counts from wifi interface
W/Wifi    ( 3637): Failed to read packet and byte counts from wifi interface
W/Wifi    ( 3637): Failed to read packet and byte counts from wifi interface
W/Wifi    ( 3637): Failed to read packet and byte counts from wifi interface
W/Wifi    ( 3637): Failed to read packet and byte counts from wifi interface
W/Wifi    ( 3637): Failed to read packet and byte counts from wifi interface
W/Wifi    ( 3637): Failed to read packet and byte counts from wifi interface
W/Wifi    ( 3637): Failed to read packet and byte counts from wifi interface
W/Wifi    ( 3637): Failed to read packet and byte counts from wifi interface
W/Wifi    ( 3637): Failed to read packet and byte counts from wifi interface
I/vgn     (  992): 35-GetDeviceDataUploadOptInStatusOperation -- metadata{ service_id: 0 }
I/vgn     (  992): 35-GetDeviceDataUploadOptInStatusOperation -- metadata{ service_id: 0 }
W/Wifi    ( 3637): Failed to read packet and byte counts from wifi interface
W/Wifi    ( 3637): Failed to read packet and byte counts from wifi interface
W/Wifi    ( 3637): Failed to read packet and byte counts from wifi interface
W/Wifi    ( 3637): Failed to read packet and byte counts from wifi interface
W/Wifi    ( 3637): Failed to read packet and byte counts from wifi interface
W/Wifi    ( 3637): Failed to read packet and byte counts from wifi interface
W/Wifi    ( 3637): Failed to read packet and byte counts from wifi interface
E/WifiStateMachine(  454): WifiStateMachine CMD_START_SCAN source -2 txSuccessRate=0.00 rxSuccessRate=4.46 targetRoamBSSID=any RSSI=-42
W/ctxmgr  (  992): [AclManager]No 2 for (accnt=account#-517948760#, com.google.android.gms(10008):IndoorOutdoorProducer, vrsn=12685000, 0, 3pPkg = null ,  3pMdlId = null ,  pid = 992). Was: 3 for 57, account#-517948760#
W/Wifi    ( 3637): Failed to read packet and byte counts from wifi interface
W/Wifi    ( 3637): Failed to read packet and byte counts from wifi interface
W/Wifi    ( 3637): Failed to read packet and byte counts from wifi interface
W/Wifi    ( 3637): Failed to read packet and byte counts from wifi interface
W/Wifi    ( 3637): Failed to read packet and byte counts from wifi interface
W/Wifi    ( 3637): Failed to read packet and byte counts from wifi interface
W/Wifi    ( 3637): Failed to read packet and byte counts from wifi interface
W/Wifi    ( 3637): Failed to read packet and byte counts from wifi interface
W/Wifi    ( 3637): Failed to read packet and byte counts from wifi interface
W/Wifi    ( 3637): Failed to read packet and byte counts from wifi interface
W/Wifi    ( 3637): Failed to read packet and byte counts from wifi interface
W/Wifi    ( 3637): Failed to read packet and byte counts from wifi interface
W/Wifi    ( 3637): Failed to read packet and byte counts from wifi interface
W/Wifi    ( 3637): Failed to read packet and byte counts from wifi interface
W/Wifi    ( 3637): Failed to read packet and byte counts from wifi interface
W/Wifi    ( 3637): Failed to read packet and byte counts from wifi interface
W/Wifi    ( 3637): Failed to read packet and byte counts from wifi interface
W/Wifi    ( 3637): Failed to read packet and byte counts from wifi interface
W/Wifi    ( 3637): Failed to read packet and byte counts from wifi interface
W/Wifi    ( 3637): Failed to read packet and byte counts from wifi interface
E/WifiStateMachine(  454): WifiStateMachine CMD_START_SCAN source -2 txSuccessRate=0.00 rxSuccessRate=3.99 targetRoamBSSID=any RSSI=-44
E/WifiStateMachine(  454): WifiStateMachine starting scan for "YOU SHALL NOT PASS"WPA_PSK with 2437
W/Wifi    ( 3637): Failed to read packet and byte counts from wifi interface
W/Wifi    ( 3637): Failed to read packet and byte counts from wifi interface
W/Wifi    ( 3637): Failed to read packet and byte counts from wifi interface
W/Wifi    ( 3637): Failed to read packet and byte counts from wifi interface
W/Wifi    ( 3637): Failed to read packet and byte counts from wifi interface
W/Wifi    ( 3637): Failed to read packet and byte counts from wifi interface
W/Wifi    ( 3637): Failed to read packet and byte counts from wifi interface
W/Wifi    ( 3637): Failed to read packet and byte counts from wifi interface
E/native  (  454): do suspend false
E/WifiStateMachine(  454): scanCount==0 - aborting
I/dhcpcd  (21324): sending signal 14 to pid 30492
I/dhcpcd  (30492): received SIGALRM, renewing
I/dhcpcd  (30492): wlan0: renewing lease of 192.168.178.45
I/dhcpcd  (30492): wlan0: acknowledged 192.168.178.45 from 192.168.178.1
I/dhcpcd  (30492): wlan0: leased 192.168.178.45 for 3600 seconds
D/ConnectivityService(  454): NetworkAgentInfo [WIFI () - 101] EVENT_NETWORK_INFO_CHANGED, going from CONNECTED to CONNECTING
I/GeofencerStateMachine(  992): sendWifiConnectivityChanged: connectivity=false
D/ConnectivityService(  454): NetworkAgentInfo [WIFI () - 101] EVENT_NETWORK_INFO_CHANGED, going from CONNECTING to CONNECTED
I/GeofencerStateMachine(  992): sendWifiConnectivityChanged: connectivity=true
E/WifiStateMachine(  454): WifiStateMachine: Leaving Connected state
W/Wifi    ( 3637): Failed to read packet and byte counts from wifi interface
W/Wifi    ( 3637): Failed to read packet and byte counts from wifi interface
W/Wifi    ( 3637): Failed to read packet and byte counts from wifi interface
W/Wifi    ( 3637): Failed to read packet and byte counts from wifi interface
W/Wifi    ( 3637): Failed to read packet and byte counts from wifi interface
W/Wifi    ( 3637): Failed to read packet and byte counts from wifi interface
W/Wifi    ( 3637): Failed to read packet and byte counts from wifi interface
W/Wifi    ( 3637): Failed to read packet and byte counts from wifi interface
W/Wifi    ( 3637): Failed to read packet and byte counts from wifi interface
W/Wifi    ( 3637): Failed to read packet and byte counts from wifi interface
W/Wifi    ( 3637): Failed to read packet and byte counts from wifi interface
W/Wifi    ( 3637): Failed to read packet and byte counts from wifi interface
E/WifiStateMachine(  454): WifiStateMachine CMD_START_SCAN source -2 txSuccessRate=0.19 rxSuccessRate=3.68 targetRoamBSSID=any RSSI=-43
E/WifiStateMachine(  454): WifiStateMachine L2Connected CMD_START_SCAN source -2 619, 620 -> obsolete
W/Wifi    ( 3637): Failed to read packet and byte counts from wifi interface
W/Wifi    ( 3637): Failed to read packet and byte counts from wifi interface
W/Wifi    ( 3637): Failed to read packet and byte counts from wifi interface
W/Wifi    ( 3637): Failed to read packet and byte counts from wifi interface
W/Wifi    ( 3637): Failed to read packet and byte counts from wifi interface
W/Wifi    ( 3637): Failed to read packet and byte counts from wifi interface
W/Wifi    ( 3637): Failed to read packet and byte counts from wifi interface
W/Wifi    ( 3637): Failed to read packet and byte counts from wifi interface
E/WifiStateMachine(  454): WifiStateMachine CMD_START_SCAN source -2 txSuccessRate=0.05 rxSuccessRate=2.42 targetRoamBSSID=any RSSI=-49
E/WifiStateMachine(  454): WifiStateMachine starting scan for "YOU SHALL NOT PASS"WPA_PSK with 2437
W/Wifi    ( 3637): Failed to read packet and byte counts from wifi interface
W/Wifi    ( 3637): Failed to read packet and byte counts from wifi interface
W/Wifi    ( 3637): Failed to read packet and byte counts from wifi interface
W/Wifi    ( 3637): Failed to read packet and byte counts from wifi interface
W/Wifi    ( 3637): Failed to read packet and byte counts from wifi interface
I/vgn     (  992): 35-GetDeviceDataUploadOptInStatusOperation -- metadata{ service_id: 0 }
I/vgn     (  992): 35-GetDeviceDataUploadOptInStatusOperation -- metadata{ service_id: 0 }
W/Wifi    ( 3637): Failed to read packet and byte counts from wifi interface
W/Wifi    ( 3637): Failed to read packet and byte counts from wifi interface
W/Wifi    ( 3637): Failed to read packet and byte counts from wifi interface
W/Wifi    ( 3637): Failed to read packet and byte counts from wifi interface
W/Wifi    ( 3637): Failed to read packet and byte counts from wifi interface
W/Wifi    ( 3637): Failed to read packet and byte counts from wifi interface
W/Wifi    ( 3637): Failed to read packet and byte counts from wifi interface
W/Wifi    ( 3637): Failed to read packet and byte counts from wifi interface
W/Wifi    ( 3637): Failed to read packet and byte counts from wifi interface
W/Wifi    ( 3637): Failed to read packet and byte counts from wifi interface
W/Wifi    ( 3637): Failed to read packet and byte counts from wifi interface
W/Wifi    ( 3637): Failed to read packet and byte counts from wifi interface
W/Wifi    ( 3637): Failed to read packet and byte counts from wifi interface
W/Wifi    ( 3637): Failed to read packet and byte counts from wifi interface
W/Wifi    ( 3637): Failed to read packet and byte counts from wifi interface
E/WifiStateMachine(  454): WifiStateMachine CMD_START_SCAN source -2 txSuccessRate=0.00 rxSuccessRate=3.99 targetRoamBSSID=any RSSI=-49
E/WifiStateMachine(  454): WifiStateMachine starting scan for "YOU SHALL NOT PASS"WPA_PSK with 2437
W/Wifi    ( 3637): Failed to read packet and byte counts from wifi interface
W/Wifi    ( 3637): Failed to read packet and byte counts from wifi interface
W/Wifi    ( 3637): Failed to read packet and byte counts from wifi interface
W/Wifi    ( 3637): Failed to read packet and byte counts from wifi interface
W/Wifi    ( 3637): Failed to read packet and byte counts from wifi interface
W/Wifi    ( 3637): Failed to read packet and byte counts from wifi interface
W/Wifi    ( 3637): Failed to read packet and byte counts from wifi interface
W/Wifi    ( 3637): Failed to read packet and byte counts from wifi interface
W/Wifi    ( 3637): Failed to read packet and byte counts from wifi interface
W/Wifi    ( 3637): Failed to read packet and byte counts from wifi interface
W/Wifi    ( 3637): Failed to read packet and byte counts from wifi interface
W/Wifi    ( 3637): Failed to read packet and byte counts from wifi interface
W/Wifi    ( 3637): Failed to read packet and byte counts from wifi interface
W/Wifi    ( 3637): Failed to read packet and byte counts from wifi interface
W/Wifi    ( 3637): Failed to read packet and byte counts from wifi interface
W/Wifi    ( 3637): Failed to read packet and byte counts from wifi interface
W/Wifi    ( 3637): Failed to read packet and byte counts from wifi interface
W/Wifi    ( 3637): Failed to read packet and byte counts from wifi interface
W/Wifi    ( 3637): Failed to read packet and byte counts from wifi interface
W/Wifi    ( 3637): Failed to read packet and byte counts from wifi interface
E/WifiStateMachine(  454): WifiStateMachine CMD_START_SCAN source -2 txSuccessRate=0.50 rxSuccessRate=3.92 targetRoamBSSID=any RSSI=-41
E/WifiStateMachine(  454): WifiStateMachine starting scan for "YOU SHALL NOT PASS"WPA_PSK with 2437
W/Wifi    ( 3637): Failed to read packet and byte counts from wifi interface
W/Wifi    ( 3637): Failed to read packet and byte counts from wifi interface
W/Wifi    ( 3637): Failed to read packet and byte counts from wifi interface
W/Wifi    ( 3637): Failed to read packet and byte counts from wifi interface
W/Wifi    ( 3637): Failed to read packet and byte counts from wifi interface
W/Wifi    ( 3637): Failed to read packet and byte counts from wifi interface
W/Wifi    ( 3637): Failed to read packet and byte counts from wifi interface
W/Wifi    ( 3637): Failed to read packet and byte counts from wifi interface
W/Wifi    ( 3637): Failed to read packet and byte counts from wifi interface
W/Wifi    ( 3637): Failed to read packet and byte counts from wifi interface
W/Wifi    ( 3637): Failed to read packet and byte counts from wifi interface
W/Wifi    ( 3637): Failed to read packet and byte counts from wifi interface
W/Wifi    ( 3637): Failed to read packet and byte counts from wifi interface
W/Wifi    ( 3637): Failed to read packet and byte counts from wifi interface
W/Wifi    ( 3637): Failed to read packet and byte counts from wifi interface
W/Wifi    ( 3637): Failed to read packet and byte counts from wifi interface
W/Wifi    ( 3637): Failed to read packet and byte counts from wifi interface
W/Wifi    ( 3637): Failed to read packet and byte counts from wifi interface
W/Wifi    ( 3637): Failed to read packet and byte counts from wifi interface
W/Wifi    ( 3637): Failed to read packet and byte counts from wifi interface
E/WifiStateMachine(  454): WifiStateMachine CMD_START_SCAN source -2 txSuccessRate=0.10 rxSuccessRate=3.71 targetRoamBSSID=any RSSI=-42
E/WifiStateMachine(  454): WifiStateMachine starting scan for "YOU SHALL NOT PASS"WPA_PSK with 2437
W/Wifi    ( 3637): Failed to read packet and byte counts from wifi interface
W/Wifi    ( 3637): Failed to read packet and byte counts from wifi interface
W/Wifi    ( 3637): Failed to read packet and byte counts from wifi interface
W/Wifi    ( 3637): Failed to read packet and byte counts from wifi interface
W/Wifi    ( 3637): Failed to read packet and byte counts from wifi interface
I/Places  (  992): Converted 6 out of 12 WiFi scans
I/GeofencerStateMachine(  992): sendNewTransitions called.
W/ctxmgr  (  992): [AclManager]No 2 for (accnt=account#1644684176#, com.google.android.gms(10008):UserLocationProducer, vrsn=12685000, 0, 3pPkg = null ,  3pMdlId = null ,  pid = 992). Was: 2 for 1, account#1644684176#
I/PlaceInferenceEngine(  992): No beacon scan available - ignoring candidates.
W/ctxmgr  (  992): [AclManager]No 2 for (accnt=account#1813920180#, com.google.android.gms(10008):UserLocationProducer, vrsn=12685000, 0, 3pPkg = null ,  3pMdlId = null ,  pid = 992). Was: 2 for 1, account#1813920180#
W/ctxmgr  (  992): [AclManager]No 2 for (accnt=account#-517948760#, com.google.android.gms(10008):UserLocationProducer, vrsn=12685000, 0, 3pPkg = null ,  3pMdlId = null ,  pid = 992). Was: 3 for 1, account#-517948760#
W/ctxmgr  (  992): [AclManager]No 2 for (accnt=account#-517948760#, com.google.android.gms(10008):UserVelocityProducer, vrsn=12685000, 0, 3pPkg = null ,  3pMdlId = null ,  pid = 992). Was: 3 for 48, account#-517948760#
I/art     (  992): Explicit concurrent mark sweep GC freed 154165(6MB) AllocSpace objects, 34(2MB) LOS objects, 35% free, 28MB/44MB, paused 702us total 168.926ms
W/Wifi    ( 3637): Failed to read packet and byte counts from wifi interface
D/WifiService(  454): acquireWifiLockLocked: WifiLock{NlpWifiLock type=2 binder=android.os.BinderProxy@2872ed80}
E/WifiStateMachine(  454): WifiStateMachine CMD_START_SCAN source 10008 txSuccessRate=0.01 rxSuccessRate=1.86 targetRoamBSSID=any RSSI=-42
I/DeviceStateChecker( 1023): screenOn: true, isCharging: true
I/vgn     (  992): 35-GetDeviceDataUploadOptInStatusOperation -- metadata{ service_id: 0 }
I/vgn     (  992): 35-GetDeviceDataUploadOptInStatusOperation -- metadata{ service_id: 0 }
W/ctxmgr  (  992): [AclManager]No 2 for (accnt=account#-517948760#, com.google.android.gms(10008):IndoorOutdoorProducer, vrsn=12685000, 0, 3pPkg = null ,  3pMdlId = null ,  pid = 992). Was: 3 for 57, account#-517948760#
D/WifiService(  454): releaseWifiLockLocked: WifiLock{NlpWifiLock type=2 binder=android.os.BinderProxy@2872ed80}
D/libgps  (  454): proxy_gps_inject_location: called.
W/Wifi    ( 3637): Failed to read packet and byte counts from wifi interface
W/Wifi    ( 3637): Failed to read packet and byte counts from wifi interface
W/Wifi    ( 3637): Failed to read packet and byte counts from wifi interface
W/Wifi    ( 3637): Failed to read packet and byte counts from wifi interface
W/Wifi    ( 3637): Failed to read packet and byte counts from wifi interface
W/Wifi    ( 3637): Failed to read packet and byte counts from wifi interface
W/Wifi    ( 3637): Failed to read packet and byte counts from wifi interface
W/Wifi    ( 3637): Failed to read packet and byte counts from wifi interface
W/Wifi    ( 3637): Failed to read packet and byte counts from wifi interface
W/Wifi    ( 3637): Failed to read packet and byte counts from wifi interface
W/Wifi    ( 3637): Failed to read packet and byte counts from wifi interface
W/Wifi    ( 3637): Failed to read packet and byte counts from wifi interface
W/Wifi    ( 3637): Failed to read packet and byte counts from wifi interface
W/Wifi    ( 3637): Failed to read packet and byte counts from wifi interface
E/WifiStateMachine(  454): WifiStateMachine CMD_START_SCAN source -2 txSuccessRate=0.02 rxSuccessRate=2.48 targetRoamBSSID=any RSSI=-49
E/WifiStateMachine(  454): WifiStateMachine starting scan for "YOU SHALL NOT PASS"WPA_PSK with 2437
W/Wifi    ( 3637): Failed to read packet and byte counts from wifi interface
W/Wifi    ( 3637): Failed to read packet and byte counts from wifi interface
W/Wifi    ( 3637): Failed to read packet and byte counts from wifi interface
W/Wifi    ( 3637): Failed to read packet and byte counts from wifi interface
W/Wifi    ( 3637): Failed to read packet and byte counts from wifi interface
W/Wifi    ( 3637): Failed to read packet and byte counts from wifi interface
W/Wifi    ( 3637): Failed to read packet and byte counts from wifi interface
W/Wifi    ( 3637): Failed to read packet and byte counts from wifi interface
W/Wifi    ( 3637): Failed to read packet and byte counts from wifi interface
W/Wifi    ( 3637): Failed to read packet and byte counts from wifi interface
W/Wifi    ( 3637): Failed to read packet and byte counts from wifi interface
W/Wifi    ( 3637): Failed to read packet and byte counts from wifi interface
W/Wifi    ( 3637): Failed to read packet and byte counts from wifi interface
W/Wifi    ( 3637): Failed to read packet and byte counts from wifi interface
W/Wifi    ( 3637): Failed to read packet and byte counts from wifi interface
W/Wifi    ( 3637): Failed to read packet and byte counts from wifi interface
W/Wifi    ( 3637): Failed to read packet and byte counts from wifi interface
W/Wifi    ( 3637): Failed to read packet and byte counts from wifi interface
W/Wifi    ( 3637): Failed to read packet and byte counts from wifi interface
W/Wifi    ( 3637): Failed to read packet and byte counts from wifi interface
E/WifiStateMachine(  454): WifiStateMachine CMD_START_SCAN source -2 txSuccessRate=0.00 rxSuccessRate=4.40 targetRoamBSSID=any RSSI=-43
E/WifiStateMachine(  454): WifiStateMachine starting scan for "YOU SHALL NOT PASS"WPA_PSK with 2437
W/Wifi    ( 3637): Failed to read packet and byte counts from wifi interface
W/Wifi    ( 3637): Failed to read packet and byte counts from wifi interface
W/Wifi    ( 3637): Failed to read packet and byte counts from wifi interface
W/Wifi    ( 3637): Failed to read packet and byte counts from wifi interface
W/Wifi    ( 3637): Failed to read packet and byte counts from wifi interface
W/Wifi    ( 3637): Failed to read packet and byte counts from wifi interface
W/Wifi    ( 3637): Failed to read packet and byte counts from wifi interface
W/Wifi    ( 3637): Failed to read packet and byte counts from wifi interface
W/Wifi    ( 3637): Failed to read packet and byte counts from wifi interface
W/Wifi    ( 3637): Failed to read packet and byte counts from wifi interface
W/Wifi    ( 3637): Failed to read packet and byte counts from wifi interface
W/Wifi    ( 3637): Failed to read packet and byte counts from wifi interface
W/Wifi    ( 3637): Failed to read packet and byte counts from wifi interface
W/Wifi    ( 3637): Failed to read packet and byte counts from wifi interface
W/Wifi    ( 3637): Failed to read packet and byte counts from wifi interface
W/Wifi    ( 3637): Failed to read packet and byte counts from wifi interface
W/Wifi    ( 3637): Failed to read packet and byte counts from wifi interface
W/Wifi    ( 3637): Failed to read packet and byte counts from wifi interface
W/Wifi    ( 3637): Failed to read packet and byte counts from wifi interface
W/Wifi    ( 3637): Failed to read packet and byte counts from wifi interface
E/WifiStateMachine(  454): WifiStateMachine CMD_START_SCAN source -2 txSuccessRate=0.00 rxSuccessRate=2.30 targetRoamBSSID=any RSSI=-42
E/WifiStateMachine(  454): WifiStateMachine starting scan for "YOU SHALL NOT PASS"WPA_PSK with 2437
W/Wifi    ( 3637): Failed to read packet and byte counts from wifi interface
W/Wifi    ( 3637): Failed to read packet and byte counts from wifi interface
W/Wifi    ( 3637): Failed to read packet and byte counts from wifi interface
W/Wifi    ( 3637): Failed to read packet and byte counts from wifi interface
W/Wifi    ( 3637): Failed to read packet and byte counts from wifi interface
W/Wifi    ( 3637): Failed to read packet and byte counts from wifi interface
I/vgn     (  992): 35-GetDeviceDataUploadOptInStatusOperation -- metadata{ service_id: 0 }
I/vgn     (  992): 35-GetDeviceDataUploadOptInStatusOperation -- metadata{ service_id: 0 }
W/Wifi    ( 3637): Failed to read packet and byte counts from wifi interface
W/Wifi    ( 3637): Failed to read packet and byte counts from wifi interface
W/Wifi    ( 3637): Failed to read packet and byte counts from wifi interface
W/Wifi    ( 3637): Failed to read packet and byte counts from wifi interface
W/Wifi    ( 3637): Failed to read packet and byte counts from wifi interface
W/Wifi    ( 3637): Failed to read packet and byte counts from wifi interface
W/Wifi    ( 3637): Failed to read packet and byte counts from wifi interface
W/Wifi    ( 3637): Failed to read packet and byte counts from wifi interface
W/Wifi    ( 3637): Failed to read packet and byte counts from wifi interface
W/Wifi    ( 3637): Failed to read packet and byte counts from wifi interface
W/Wifi    ( 3637): Failed to read packet and byte counts from wifi interface
W/Wifi    ( 3637): Failed to read packet and byte counts from wifi interface
W/Wifi    ( 3637): Failed to read packet and byte counts from wifi interface
W/Wifi    ( 3637): Failed to read packet and byte counts from wifi interface
E/WifiStateMachine(  454): WifiStateMachine CMD_START_SCAN source -2 txSuccessRate=0.00 rxSuccessRate=0.87 targetRoamBSSID=any RSSI=-42
E/WifiStateMachine(  454): WifiStateMachine starting scan for "YOU SHALL NOT PASS"WPA_PSK with 2437
W/Wifi    ( 3637): Failed to read packet and byte counts from wifi interface
W/Wifi    ( 3637): Failed to read packet and byte counts from wifi interface
W/Wifi    ( 3637): Failed to read packet and byte counts from wifi interface
W/Wifi    ( 3637): Failed to read packet and byte counts from wifi interface
W/Wifi    ( 3637): Failed to read packet and byte counts from wifi interface
W/Wifi    ( 3637): Failed to read packet and byte counts from wifi interface
W/Wifi    ( 3637): Failed to read packet and byte counts from wifi interface
W/Wifi    ( 3637): Failed to read packet and byte counts from wifi interface
W/Wifi    ( 3637): Failed to read packet and byte counts from wifi interface
W/Wifi    ( 3637): Failed to read packet and byte counts from wifi interface
W/Wifi    ( 3637): Failed to read packet and byte counts from wifi interface
W/Wifi    ( 3637): Failed to read packet and byte counts from wifi interface
W/Wifi    ( 3637): Failed to read packet and byte counts from wifi interface
W/Wifi    ( 3637): Failed to read packet and byte counts from wifi interface
W/Wifi    ( 3637): Failed to read packet and byte counts from wifi interface
W/Wifi    ( 3637): Failed to read packet and byte counts from wifi interface
W/Wifi    ( 3637): Failed to read packet and byte counts from wifi interface
W/Wifi    ( 3637): Failed to read packet and byte counts from wifi interface
W/Wifi    ( 3637): Failed to read packet and byte counts from wifi interface
W/Wifi    ( 3637): Failed to read packet and byte counts from wifi interface
E/WifiStateMachine(  454): WifiStateMachine CMD_START_SCAN source -2 txSuccessRate=0.00 rxSuccessRate=0.00 targetRoamBSSID=any RSSI=-42
E/WifiStateMachine(  454): WifiStateMachine starting scan for "YOU SHALL NOT PASS"WPA_PSK with 2437
W/Wifi    ( 3637): Failed to read packet and byte counts from wifi interface
W/Wifi    ( 3637): Failed to read packet and byte counts from wifi interface
W/Wifi    ( 3637): Failed to read packet and byte counts from wifi interface
W/Wifi    ( 3637): Failed to read packet and byte counts from wifi interface
W/Wifi    ( 3637): Failed to read packet and byte counts from wifi interface
W/Wifi    ( 3637): Failed to read packet and byte counts from wifi interface
W/Wifi    ( 3637): Failed to read packet and byte counts from wifi interface
W/Wifi    ( 3637): Failed to read packet and byte counts from wifi interface
W/Wifi    ( 3637): Failed to read packet and byte counts from wifi interface
W/Wifi    ( 3637): Failed to read packet and byte counts from wifi interface
W/Wifi    ( 3637): Failed to read packet and byte counts from wifi interface
W/Wifi    ( 3637): Failed to read packet and byte counts from wifi interface
W/Wifi    ( 3637): Failed to read packet and byte counts from wifi interface
W/Wifi    ( 3637): Failed to read packet and byte counts from wifi interface
W/Wifi    ( 3637): Failed to read packet and byte counts from wifi interface
W/Wifi    ( 3637): Failed to read packet and byte counts from wifi interface
W/Wifi    ( 3637): Failed to read packet and byte counts from wifi interface
W/Wifi    ( 3637): Failed to read packet and byte counts from wifi interface
W/Wifi    ( 3637): Failed to read packet and byte counts from wifi interface
W/Wifi    ( 3637): Failed to read packet and byte counts from wifi interface
E/WifiStateMachine(  454): WifiStateMachine CMD_START_SCAN source -2 txSuccessRate=0.00 rxSuccessRate=0.00 targetRoamBSSID=any RSSI=-42
E/WifiStateMachine(  454): WifiStateMachine starting scan for "YOU SHALL NOT PASS"WPA_PSK with 2437
W/Wifi    ( 3637): Failed to read packet and byte counts from wifi interface
W/Wifi    ( 3637): Failed to read packet and byte counts from wifi interface
W/Wifi    ( 3637): Failed to read packet and byte counts from wifi interface
W/Wifi    ( 3637): Failed to read packet and byte counts from wifi interface
W/Wifi    ( 3637): Failed to read packet and byte counts from wifi interface
W/Wifi    ( 3637): Failed to read packet and byte counts from wifi interface
I/vgn     (  992): 35-GetDeviceDataUploadOptInStatusOperation -- metadata{ service_id: 0 }
I/vgn     (  992): 35-GetDeviceDataUploadOptInStatusOperation -- metadata{ service_id: 0 }
W/Wifi    ( 3637): Failed to read packet and byte counts from wifi interface
W/Wifi    ( 3637): Failed to read packet and byte counts from wifi interface
W/Wifi    ( 3637): Failed to read packet and byte counts from wifi interface
W/Wifi    ( 3637): Failed to read packet and byte counts from wifi interface
W/Wifi    ( 3637): Failed to read packet and byte counts from wifi interface
W/Wifi    ( 3637): Failed to read packet and byte counts from wifi interface
W/Wifi    ( 3637): Failed to read packet and byte counts from wifi interface
W/Wifi    ( 3637): Failed to read packet and byte counts from wifi interface
W/Wifi    ( 3637): Failed to read packet and byte counts from wifi interface
W/Wifi    ( 3637): Failed to read packet and byte counts from wifi interface
W/Wifi    ( 3637): Failed to read packet and byte counts from wifi interface
W/Wifi    ( 3637): Failed to read packet and byte counts from wifi interface
W/Wifi    ( 3637): Failed to read packet and byte counts from wifi interface
W/Wifi    ( 3637): Failed to read packet and byte counts from wifi interface
E/WifiStateMachine(  454): WifiStateMachine CMD_START_SCAN source -2 txSuccessRate=0.00 rxSuccessRate=0.09 targetRoamBSSID=any RSSI=-42
E/WifiStateMachine(  454): WifiStateMachine starting scan for "YOU SHALL NOT PASS"WPA_PSK with 2437
W/Wifi    ( 3637): Failed to read packet and byte counts from wifi interface
W/Wifi    ( 3637): Failed to read packet and byte counts from wifi interface
W/Wifi    ( 3637): Failed to read packet and byte counts from wifi interface
W/Wifi    ( 3637): Failed to read packet and byte counts from wifi interface
W/Wifi    ( 3637): Failed to read packet and byte counts from wifi interface
W/Wifi    ( 3637): Failed to read packet and byte counts from wifi interface
W/Wifi    ( 3637): Failed to read packet and byte counts from wifi interface
W/Wifi    ( 3637): Failed to read packet and byte counts from wifi interface
W/Wifi    ( 3637): Failed to read packet and byte counts from wifi interface
W/Wifi    ( 3637): Failed to read packet and byte counts from wifi interface
W/Wifi    ( 3637): Failed to read packet and byte counts from wifi interface
W/Wifi    ( 3637): Failed to read packet and byte counts from wifi interface
W/Wifi    ( 3637): Failed to read packet and byte counts from wifi interface
W/Wifi    ( 3637): Failed to read packet and byte counts from wifi interface
W/Wifi    ( 3637): Failed to read packet and byte counts from wifi interface
W/Wifi    ( 3637): Failed to read packet and byte counts from wifi interface
W/Wifi    ( 3637): Failed to read packet and byte counts from wifi interface
W/Wifi    ( 3637): Failed to read packet and byte counts from wifi interface
W/Wifi    ( 3637): Failed to read packet and byte counts from wifi interface
W/Wifi    ( 3637): Failed to read packet and byte counts from wifi interface
E/WifiStateMachine(  454): WifiStateMachine CMD_START_SCAN source -2 txSuccessRate=0.00 rxSuccessRate=1.00 targetRoamBSSID=any RSSI=-52
E/WifiStateMachine(  454): WifiStateMachine starting scan for "YOU SHALL NOT PASS"WPA_PSK with 2437
W/Wifi    ( 3637): Failed to read packet and byte counts from wifi interface
W/Wifi    ( 3637): Failed to read packet and byte counts from wifi interface
W/Wifi    ( 3637): Failed to read packet and byte counts from wifi interface
W/Wifi    ( 3637): Failed to read packet and byte counts from wifi interface
W/Wifi    ( 3637): Failed to read packet and byte counts from wifi interface
W/Wifi    ( 3637): Failed to read packet and byte counts from wifi interface
W/Wifi    ( 3637): Failed to read packet and byte counts from wifi interface
W/Wifi    ( 3637): Failed to read packet and byte counts from wifi interface
W/Wifi    ( 3637): Failed to read packet and byte counts from wifi interface
W/Wifi    ( 3637): Failed to read packet and byte counts from wifi interface
W/Wifi    ( 3637): Failed to read packet and byte counts from wifi interface
W/Wifi    ( 3637): Failed to read packet and byte counts from wifi interface
W/Wifi    ( 3637): Failed to read packet and byte counts from wifi interface
W/Wifi    ( 3637): Failed to read packet and byte counts from wifi interface
W/Wifi    ( 3637): Failed to read packet and byte counts from wifi interface
W/Wifi    ( 3637): Failed to read packet and byte counts from wifi interface
W/Wifi    ( 3637): Failed to read packet and byte counts from wifi interface
W/Wifi    ( 3637): Failed to read packet and byte counts from wifi interface
W/Wifi    ( 3637): Failed to read packet and byte counts from wifi interface
W/Wifi    ( 3637): Failed to read packet and byte counts from wifi interface
E/WifiStateMachine(  454): WifiStateMachine CMD_START_SCAN source -2 txSuccessRate=0.00 rxSuccessRate=0.00 targetRoamBSSID=any RSSI=-41
E/WifiStateMachine(  454): WifiStateMachine starting scan for "YOU SHALL NOT PASS"WPA_PSK with 2437
W/Wifi    ( 3637): Failed to read packet and byte counts from wifi interface
W/Wifi    ( 3637): Failed to read packet and byte counts from wifi interface
W/Wifi    ( 3637): Failed to read packet and byte counts from wifi interface
W/Wifi    ( 3637): Failed to read packet and byte counts from wifi interface
W/Wifi    ( 3637): Failed to read packet and byte counts from wifi interface
W/Wifi    ( 3637): Failed to read packet and byte counts from wifi interface
I/DeviceStateChecker( 1023): screenOn: true, isCharging: true
I/vgn     (  992): 35-GetDeviceDataUploadOptInStatusOperation -- metadata{ service_id: 0 }
I/vgn     (  992): 35-GetDeviceDataUploadOptInStatusOperation -- metadata{ service_id: 0 }
W/Wifi    ( 3637): Failed to read packet and byte counts from wifi interface
W/Wifi    ( 3637): Failed to read packet and byte counts from wifi interface
W/Wifi    ( 3637): Failed to read packet and byte counts from wifi interface
W/Wifi    ( 3637): Failed to read packet and byte counts from wifi interface
W/Wifi    ( 3637): Failed to read packet and byte counts from wifi interface
W/Wifi    ( 3637): Failed to read packet and byte counts from wifi interface
W/Wifi    ( 3637): Failed to read packet and byte counts from wifi interface
W/Wifi    ( 3637): Failed to read packet and byte counts from wifi interface
W/Wifi    ( 3637): Failed to read packet and byte counts from wifi interface
W/Wifi    ( 3637): Failed to read packet and byte counts from wifi interface
W/Wifi    ( 3637): Failed to read packet and byte counts from wifi interface
W/Wifi    ( 3637): Failed to read packet and byte counts from wifi interface
W/Wifi    ( 3637): Failed to read packet and byte counts from wifi interface
W/Wifi    ( 3637): Failed to read packet and byte counts from wifi interface
E/WifiStateMachine(  454): WifiStateMachine CMD_START_SCAN source -2 txSuccessRate=0.00 rxSuccessRate=0.13 targetRoamBSSID=any RSSI=-42
E/WifiStateMachine(  454): WifiStateMachine starting scan for "YOU SHALL NOT PASS"WPA_PSK with 2437
W/Wifi    ( 3637): Failed to read packet and byte counts from wifi interface
W/Wifi    ( 3637): Failed to read packet and byte counts from wifi interface
W/Wifi    ( 3637): Failed to read packet and byte counts from wifi interface
W/Wifi    ( 3637): Failed to read packet and byte counts from wifi interface
W/Wifi    ( 3637): Failed to read packet and byte counts from wifi interface
W/Wifi    ( 3637): Failed to read packet and byte counts from wifi interface
W/Wifi    ( 3637): Failed to read packet and byte counts from wifi interface
W/Wifi    ( 3637): Failed to read packet and byte counts from wifi interface
W/Wifi    ( 3637): Failed to read packet and byte counts from wifi interface
W/Wifi    ( 3637): Failed to read packet and byte counts from wifi interface
W/Wifi    ( 3637): Failed to read packet and byte counts from wifi interface
W/Wifi    ( 3637): Failed to read packet and byte counts from wifi interface
W/Wifi    ( 3637): Failed to read packet and byte counts from wifi interface
W/Wifi    ( 3637): Failed to read packet and byte counts from wifi interface
W/Wifi    ( 3637): Failed to read packet and byte counts from wifi interface
W/Wifi    ( 3637): Failed to read packet and byte counts from wifi interface
W/Wifi    ( 3637): Failed to read packet and byte counts from wifi interface
W/Wifi    ( 3637): Failed to read packet and byte counts from wifi interface
W/Wifi    ( 3637): Failed to read packet and byte counts from wifi interface
W/Wifi    ( 3637): Failed to read packet and byte counts from wifi interface
E/WifiStateMachine(  454): WifiStateMachine CMD_START_SCAN source -2 txSuccessRate=0.00 rxSuccessRate=1.88 targetRoamBSSID=any RSSI=-42
E/WifiStateMachine(  454): WifiStateMachine starting scan for "YOU SHALL NOT PASS"WPA_PSK with 2437
W/Wifi    ( 3637): Failed to read packet and byte counts from wifi interface
W/Wifi    ( 3637): Failed to read packet and byte counts from wifi interface
W/Wifi    ( 3637): Failed to read packet and byte counts from wifi interface
W/Wifi    ( 3637): Failed to read packet and byte counts from wifi interface
W/Wifi    ( 3637): Failed to read packet and byte counts from wifi interface
W/Wifi    ( 3637): Failed to read packet and byte counts from wifi interface
W/Wifi    ( 3637): Failed to read packet and byte counts from wifi interface
W/Wifi    ( 3637): Failed to read packet and byte counts from wifi interface
W/Wifi    ( 3637): Failed to read packet and byte counts from wifi interface
W/Wifi    ( 3637): Failed to read packet and byte counts from wifi interface
W/Wifi    ( 3637): Failed to read packet and byte counts from wifi interface
W/Wifi    ( 3637): Failed to read packet and byte counts from wifi interface
W/Wifi    ( 3637): Failed to read packet and byte counts from wifi interface
W/Wifi    ( 3637): Failed to read packet and byte counts from wifi interface
W/Wifi    ( 3637): Failed to read packet and byte counts from wifi interface
W/Wifi    ( 3637): Failed to read packet and byte counts from wifi interface
W/Wifi    ( 3637): Failed to read packet and byte counts from wifi interface
W/Wifi    ( 3637): Failed to read packet and byte counts from wifi interface
W/Wifi    ( 3637): Failed to read packet and byte counts from wifi interface
W/Wifi    ( 3637): Failed to read packet and byte counts from wifi interface
E/WifiStateMachine(  454): WifiStateMachine CMD_START_SCAN source -2 txSuccessRate=0.00 rxSuccessRate=0.06 targetRoamBSSID=any RSSI=-41
W/Wifi    ( 3637): Failed to read packet and byte counts from wifi interface
W/ctxmgr  (  992): [AclManager]No 2 for (accnt=account#-517948760#, com.google.android.gms(10008):IndoorOutdoorProducer, vrsn=12685000, 0, 3pPkg = null ,  3pMdlId = null ,  pid = 992). Was: 3 for 57, account#-517948760#
W/Wifi    ( 3637): Failed to read packet and byte counts from wifi interface
W/Wifi    ( 3637): Failed to read packet and byte counts from wifi interface
W/Wifi    ( 3637): Failed to read packet and byte counts from wifi interface
W/Wifi    ( 3637): Failed to read packet and byte counts from wifi interface
E/tegra_memtrack_hal(  454): failed to read header for pid 454: Operation not permitted
E/tegra_memtrack_hal(  454): failed to read header for pid 454: Operation not permitted
E/tegra_memtrack_hal(  454): failed to read header for pid 454: Operation not permitted
E/tegra_memtrack_hal(  454): failed to read header for pid 454: Operation not permitted
E/tegra_memtrack_hal(  454): failed to read header for pid 454: Operation not permitted
W/Wifi    ( 3637): Failed to read packet and byte counts from wifi interface
I/vgn     (  992): 35-GetDeviceDataUploadOptInStatusOperation -- metadata{ service_id: 0 }
I/vgn     (  992): 35-GetDeviceDataUploadOptInStatusOperation -- metadata{ service_id: 0 }
W/Wifi    ( 3637): Failed to read packet and byte counts from wifi interface
W/Wifi    ( 3637): Failed to read packet and byte counts from wifi interface
W/Wifi    ( 3637): Failed to read packet and byte counts from wifi interface
W/Wifi    ( 3637): Failed to read packet and byte counts from wifi interface
