D/MusicLifecycle(21748): com.google.android.music.store.ConfigContentProvider generated event: initializing
I/BaseStore(21748): ConfigStore database version: 1
W/ResourcesManager(21748): Asset path '/system/framework/com.android.media.remotedisplay.jar' does not exist or contains no resources.
W/ResourcesManager(21748): Asset path '/system/framework/com.android.location.provider.jar' does not exist or contains no resources.
W/linker  (21748): /data/app/com.google.android.gms-1/lib/arm64/libgmscore.so: unused DT entry: type 0x6ffffffe arg 0x1228
W/linker  (21748): /data/app/com.google.android.gms-1/lib/arm64/libgmscore.so: unused DT entry: type 0x6fffffff arg 0x2
W/linker  (21748): /data/app/com.google.android.gms-1/lib/arm64/libconscrypt_gmscore_jni.so: unused DT entry: type 0xf arg 0x8a
W/linker  (21748): /data/app/com.google.android.gms-1/lib/arm64/libconscrypt_gmscore_jni.so: unused DT entry: type 0x6ffffffe arg 0x468
W/linker  (21748): /data/app/com.google.android.gms-1/lib/arm64/libconscrypt_gmscore_jni.so: unused DT entry: type 0x6fffffff arg 0x1
V/NativeCrypto(21748): Registering com/google/android/gms/org/conscrypt/NativeCrypto's 280 native methods...
I/art     (21748): Rejecting re-init on previously-failed class java.lang.Class<com.google.android.gms.org.conscrypt.Java7ExtendedSSLSession>
I/art     (21748): Rejecting re-init on previously-failed class java.lang.Class<com.google.android.gms.org.conscrypt.Java7ExtendedSSLSession>
I/art     (21748): Rejecting re-init on previously-failed class java.lang.Class<com.google.android.gms.org.conscrypt.Java8ExtendedSSLSession>
I/art     (21748): Rejecting re-init on previously-failed class java.lang.Class<com.google.android.gms.org.conscrypt.Java8ExtendedSSLSession>
I/ProviderInstaller(21748): Installed default security provider GmsCore_OpenSSL
D/AndroidMusic(21748): GMSCore installation verified
W/Wifi    ( 3637): Failed to read packet and byte counts from wifi interface
I/MusicExperimentManager(21748): Received config change, experiments list is 12600335,12600357,12600390,12600394,12600397,12600426,12600428,12600430,12600445,12600465,12600466,12600467,12600506,12600526,12600530,12600533,12600536,12602068,12604244,12604245,12604246,12611729,12612247,12616614,12616615,12617467,12619023,12619033,12619127,12620830,12625361,12625500,12625941,12626008,12626945,12627951,12628654,12629142,12629667,12630065,12630209,12631091,12631414,12631643,12632064,12632720,12633320,12634000,12635213,12636020,12641074,12641836,12641838,12642011,12642809,12643537,12648954,12649047,12650240,12650284,12652170,12653171,12653224,12653567,12655169,12655808,12656072,12656556,12656567,12656997,20350006
I/BaseStore(21748): Store database version: 146
I/PlaybackClient(21748): init: Initializing
I/art     (  454): Explicit concurrent mark sweep GC freed 95159(4MB) AllocSpace objects, 4(6MB) LOS objects, 33% free, 26MB/40MB, paused 687us total 92.358ms
D/MusicLifecycle(21748): com.google.android.music.net.NetworkConnectivityMonitor$NetworkChangedReceiver generated event: Broadcast received with context com.google.android.music.ui.PhoneMusicApplication@2df096c and intent Intent { act=android.net.conn.CONNECTIVITY_CHANGE flg=0x4000010 (has extras) }
I/NetworkConnectivity(21748): Network state changed: [type: WIFI[], state: CONNECTED/CONNECTED, reason: (unspecified), extra: "YOU SHALL NOT PASS", roaming: false, failover: false, isAvailable: true, isConnectedToProvisioningNetwork: false]
D/MusicLifecycle(21748): com.google.android.music.download.EncapsulatedBroadcastReceiver$1 generated event: Broadcast received with context com.google.android.music.ui.PhoneMusicApplication@2df096c and intent Intent { act=com.google.android.music.ResumeStorageMigration flg=0x10 (has extras) }
D/MusicLifecycle(21748): com.google.android.music.download.artwork.ArtDownloadService generated event: Service created
I/Authzen (  977): [DeviceStateSyncManager] Device state fast sync is disabled
I/NetworkPolicyMonitor(21748): Download-ability status changed to (true) unmetered wifi/eth: true mobileOrMetered: false
I/NetworkPolicyMonitor(21748): Stream-ability status changed to (true) unmetered wifi/eth: true mobileOrMetered: false
I/CastDatabase(  977): Opening the database
E/WifiStateMachine(  454): WifiStateMachine CMD_START_SCAN source 10008 txSuccessRate=0.00 rxSuccessRate=0.50 targetRoamBSSID=any RSSI=-41
I/DiscoveryManager(  977): WifiGuestModeDeviceScanner enabled.
I/SQLiteCastStore(  977): 0 CastNetworkInfo instances loaded, 0 CastDeviceInfo instances loaded, 0 paired guest mode devices loaded.
I/vgn     (  977): 122-GetRCNEnabledStatusOperation -- metadata{ service_id: 0 }
D/MusicLifecycle(21748): com.google.android.music.download.EncapsulatedBroadcastReceiver$1 generated event: Broadcast received with context com.google.android.music.ui.PhoneMusicApplication@2df096c and intent Intent { act=com.google.android.music.download.keepon.KeeponSchedulingService.START_DOWNLOAD flg=0x10 }
W/WearSignatureVerifier(21748): No package com.google.android.wearable.app.cn
W/WearSignatureVerifier(21748): No package com.google.android.wearable.app.cn
W/WearSignatureVerifier(21748): No package com.google.android.wearable.app.cn
W/WearSignatureVerifier(21748): No package com.google.android.wearable.app.cn
W/WearSignatureVerifier(21748): No package com.google.android.wearable.app.cn
W/WearSignatureVerifier(21748): No package com.google.android.wearable.app.cn
I/WearableService(  992): Wearable Services not starting - Wear is not available on this device.
D/MusicLifecycle(21748): com.google.android.music.wear.WearDataTransferConnectionService generated event: Service created
W/WearSignatureVerifier(21748): No package com.google.android.wearable.app.cn
W/WearSignatureVerifier(21748): No package com.google.android.wearable.app.cn
W/WearableService(  992): onGetService - Wear is not available on this device.
W/WearSignatureVerifier(21748): No package com.google.android.wearable.app.cn
E/ConnectionService(21748): Failed to connect to GoogleApiClient: ConnectionResult{statusCode=API_UNAVAILABLE, resolution=null, message=null}
W/WearableService(  992): onGetService - Wear is not available on this device.
W/WearSignatureVerifier(21748): No package com.google.android.wearable.app.cn
E/DefaultPeerProvider(21748): Failed to connect to GoogleApiClient: error code=16
W/ResourceType( 2773): No package identifier when getting value for resource number 0x00000000
W/ctxmgr  (  992): [WorkManager]Long workInfo: pkg=com.google.android.gms, lbl=DispatcherDeliver, start=2018-06-18 21:08:47.622+0200, stop=2018-06-18 21:08:49.240+0200, durtn=1618ms
E/SQLiteLog(  992): (2067) abort at 35 in [INSERT INTO context(context_name,end_time,context_family,module_id,version,sync_state_mod_time_millis,start_time,sync_state,context_id,time_type,proto_blob) VALUES (?,?,?,?,?,?,?,?,?,?,?)]: UNI
E/SQLiteLog(  992): (2067) abort at 35 in [INSERT INTO context(context_name,end_time,context_family,module_id,version,sync_state_mod_time_millis,start_time,sync_state,context_id,time_type,proto_blob) VALUES (?,?,?,?,?,?,?,?,?,?,?)]: UNI
E/SQLiteLog(  992): (2067) abort at 35 in [INSERT INTO context(context_name,end_time,context_family,module_id,version,sync_state_mod_time_millis,start_time,sync_state,context_id,time_type,proto_blob) VALUES (?,?,?,?,?,?,?,?,?,?,?)]: UNI
E/SQLiteLog(  992): (2067) abort at 35 in [INSERT INTO context(context_name,end_time,context_family,module_id,version,sync_state_mod_time_millis,start_time,sync_state,context_id,time_type,proto_blob) VALUES (?,?,?,?,?,?,?,?,?,?,?)]: UNI
W/linker  (21803): /data/data/com.estrongs.android.pop/files/libestool2.so: unused DT entry: type 0x6ffffffe arg 0xee8
W/linker  (21803): /data/data/com.estrongs.android.pop/files/libestool2.so: unused DT entry: type 0x6fffffff arg 0x2
D/AwarenessRouter(21748): Successfully removed previous context fences
W/ctxmgr  (  992): [AclManager]No 2 for (accnt=account#1813920180#, com.google.android.gms(10008):DetectedActivityProducer, vrsn=12685000, 0, 3pPkg = null ,  3pMdlId = null ,  pid = 992). Was: 2 for 6, account#1813920180#
E/ctxmgr  (  992): [ProducerStatusImpl]updateStateForNewContextData: inactive, contextName=6
W/Wifi    ( 3637): Failed to read packet and byte counts from wifi interface
E/WifiNetworkScoreCache(  454): updateScores list size=1
I/ActivityManager(  454): Start proc 21808:com.opera.browser:alarm_receiver/u0a85 for broadcast com.opera.browser/com.opera.android.phantom.receiver.AlarmReceiver
W/SearchService( 1023): Abort, client detached.
W/Wifi    ( 3637): Failed to read packet and byte counts from wifi interface
I/CwMcuSensor(  454): CwMcuSensor::flush: fd = 164, sensors_id = 0, path = /sys/class/htc_sensorhub/sensor_hub/flush, err = 0
I/CwMcuSensor(  454): CwMcuSensor::flush: fd = 164, sensors_id = 0, path = /sys/class/htc_sensorhub/sensor_hub/flush, err = 0
V/ActivityManager(  454): Display changed displayId=0
I/ActivityManager(  454): Config changes=480 {1.0 ?mcc?mnc en_US ldltr sw768dp w1024dp h695dp 320dpi xlrg land finger -keyb/v/h -nav/h s.10}
I/InputReader(  454): Reconfiguring input devices.  changes=0x00000004
I/InputReader(  454): Device reconfigured: id=1, name='synaptics_dsx', size 1536x2048, orientation 1, mode 1, display id 0
D/MusicLifecycle(21748): com.google.android.music.api.MusicPublicContentProvider generated event: initializing
D/MusicLifecycle(21748): com.google.android.music.store.MusicContentProvider generated event: initializing
D/BluetoothAdapter(  613): 921121322: getState() :  mService = null. Returning STATE_OFF
D/BluetoothAdapter(  613): 921121322: getState() :  mService = null. Returning STATE_OFF
I/art     ( 1048): Explicit concurrent mark sweep GC freed 1480(50KB) AllocSpace objects, 0(0B) LOS objects, 24% free, 8MB/10MB, paused 235us total 61.583ms
E/LegacyNowServiceClient(  903): skipping logEndstates, service is null
W/Wifi    ( 3637): Failed to read packet and byte counts from wifi interface
I/art     (  613): Background sticky concurrent mark sweep GC freed 119602(4MB) AllocSpace objects, 0(0B) LOS objects, 0% free, 75MB/75MB, paused 4.543ms total 142.250ms
I/Choreographer(  824): Skipped 37 frames!  The application may be doing too much work on its main thread.
I/Choreographer(  613): Skipped 42 frames!  The application may be doing too much work on its main thread.
I/ActivityManager(  454): Start proc 21839:android.process.acore/u0a3 for content provider com.android.providers.contacts/.ContactsProvider2
I/art     (  613): Background partial concurrent mark sweep GC freed 35102(2MB) AllocSpace objects, 9(22MB) LOS objects, 24% free, 49MB/65MB, paused 7.041ms total 156.570ms
E/LegacyNowServiceClient(  903): skipping logEndstates, service is null
V/WindowManager(  454): Adding window Window{1ec4c1ad u0 com.google.android.googlequicksearchbox/com.google.android.launcher.GEL} at 2 of 16 (after Window{3aec24d8 u0 com.android.systemui/com.android.systemui.recents.RecentsActivity})
I/Choreographer(  903): Skipped 68 frames!  The application may be doing too much work on its main thread.
I/ContactLocale(21839): AddressBook Labels [en-US]: [, A, B, C, D, E, F, G, H, I, J, K, L, M, N, O, P, Q, R, S, T, U, V, W, X, Y, Z, , , , , , , , , , , , , , , , , , , , , , , , , , , , , , , , , , , , , , , , , , , , , , , , , , , , , , , , , , , , , , , , , , , , , , , , , , , , , , , , , , , , , , , , , , , , , , , , , , , , , , , , , , , , , , , , , , , , , , , , , , , , , , , , , , , , , , , , , , , , , , , , , , , , , , , , , , , , , , , , , , , , , , , , , , , , , , , , , , , , , , , , , , , , #, ]
I/WindowManager(  454): Screen frozen for +1s457ms due to Window{1ec4c1ad u0 com.google.android.googlequicksearchbox/com.google.android.launcher.GEL}
I/vgn     (  977): 5-LoadOwners -- metadata{ service_id: 0 }
W/Wifi    ( 3637): Failed to read packet and byte counts from wifi interface
W/TabTreeCopier(  903): Card found with UNKNOWN_TAB, Entry Type 155
I/vgn     (  977): 5-LoadOwnerCoverPhoto -- metadata{ service_id: 0 }
V/ActivityManager(  454): Display changed displayId=0
I/InputReader(  454): Reconfiguring input devices.  changes=0x00000004
I/InputReader(  454): Device reconfigured: id=1, name='synaptics_dsx', size 1536x2048, orientation 3, mode 1, display id 0
I/WindowManager(  454): Screen frozen for +48ms due to Window{1ec4c1ad u0 com.google.android.googlequicksearchbox/com.google.android.launcher.GEL}
W/AppFlowTracker(  903): Dropping App flow event "88" logged from process "com.google.android.googlequicksearchbox"
V/DeadZone(  613): consuming errant click: (934.70544,28.521973)
V/DeadZone(  613): consuming errant click: (940.03644,34.52002)
D/OpenGLRenderer(  613): endAllStagingAnimators on 0x5589b4cd10 (NotificationBackgroundView) with handle 0x55899ad0e0
W/Wifi    ( 3637): Failed to read packet and byte counts from wifi interface
D/MusicLifecycle(21748): com.google.android.music.autocache.AutoCacheSchedulingService$EnablingReceiver generated event: Broadcast received with context android.app.ReceiverRestrictedContext@37cdcb68 and intent Intent { act=com.google.android.music.START_DOWNLOAD_SCHEDULING flg=0x10 cmp=com.google.android.music/.autocache.AutoCacheSchedulingService$EnablingReceiver }
D/MusicLifecycle(21748): com.google.android.music.autocache.AutoCacheSchedulingService generated event: Service created
D/MusicLifecycle(21748): com.google.android.music.autocache.AutoCacheSchedulingService generated event: Service started with intent Intent { act=com.google.android.music.leanback.APP_IN_USE cmp=com.google.android.music/.autocache.AutoCacheSchedulingService (has extras) }
D/MusicLifecycle(21748): com.google.android.music.wear.WearBroadcastReceiver generated event: Broadcast received with context android.app.ReceiverRestrictedContext@37cdcb68 and intent Intent { act=com.google.android.music.START_DOWNLOAD_SCHEDULING flg=0x10 cmp=com.google.android.music/.wear.WearBroadcastReceiver }
W/art     (  903): Suspending all threads took: 6.702ms
I/art     (  903): Background sticky concurrent mark sweep GC freed 107043(3MB) AllocSpace objects, 37(780KB) LOS objects, 11% free, 33MB/37MB, paused 24.133ms total 213.817ms
W/WearSignatureVerifier(21748): No package com.google.android.wearable.app.cn
W/WearSignatureVerifier(21748): No package com.google.android.wearable.app.cn
W/WearSignatureVerifier(21748): No package com.google.android.wearable.app.cn
W/WearSignatureVerifier(21748): No package com.google.android.wearable.app.cn
W/WearableService(  992): onGetService - Wear is not available on this device.
W/WearSignatureVerifier(21748): No package com.google.android.wearable.app.cn
E/GmsUtils(21748): Failed to connect to Google API client: ConnectionResult{statusCode=API_UNAVAILABLE, resolution=null, message=null}
I/PowerManagerService(  454): Going to sleep due to power button (uid 1000)...
I/PowerManagerService(  454): Sleeping (uid 1000)...
E/WifiStateMachine(  454): cancelDelayedScan -> 661
E/native  (  454): do suspend true
W/ctxmgr  (  992): [AclManager]No 2 for (accnt=account#1813920180#, com.google.android.gms(10008):ScreenProducer, vrsn=12685000, 0, 3pPkg = null ,  3pMdlId = null ,  pid = 992). Was: 2 for 7, account#1813920180#
I/WearableService(  992): Wearable Services stopping
W/ctxmgr  (  992): [AclManager]No 2 for (accnt=account#1813920180#, com.google.android.gms(10008):ScreenProducer, vrsn=12685000, 0, 3pPkg = null ,  3pMdlId = null ,  pid = 992). Was: 2 for 7, account#1813920180#
I/MusicLeanback(21748): Conditions not met for autocaching. okToAttempt=false
I/MusicLeanback(21748): Stop autocaching.
D/MusicLifecycle(21748): com.google.android.music.autocache.AutoCacheSchedulingService generated event: Service destroyed
I/MediaStoreImporter(21748): Update: incremental Added music: 0 Updated music: 0 Deleted music: 0 Created playlists: 0 Updated playlists: 0 Deleted playlists: 0 Inserted playlist items: 0 Deleted playlist items: 0 Removed orphaned playlist items: 0
D/MusicLifecycle(21748): com.google.android.music.download.EncapsulatedBroadcastReceiver$1 generated event: Broadcast received with context com.google.android.music.ui.PhoneMusicApplication@2df096c and intent Intent { act=com.google.android.music.IMPORT_COMPLETE flg=0x10 }
D/MusicLifecycle(21748): com.google.android.music.wear.WearBroadcastReceiver generated event: Broadcast received with context android.app.ReceiverRestrictedContext@37cdcb68 and intent Intent { act=com.google.android.music.IMPORT_COMPLETE flg=0x10 cmp=com.google.android.music/.wear.WearBroadcastReceiver }
W/WearSignatureVerifier(21748): No package com.google.android.wearable.app.cn
W/WearSignatureVerifier(21748): No package com.google.android.wearable.app.cn
W/WearSignatureVerifier(21748): No package com.google.android.wearable.app.cn
W/WearSignatureVerifier(21748): No package com.google.android.wearable.app.cn
I/WearableService(  992): Wearable Services not starting - Wear is not available on this device.
W/WearableService(  992): onGetService - Wear is not available on this device.
W/WearSignatureVerifier(21748): No package com.google.android.wearable.app.cn
E/GmsUtils(21748): Failed to connect to Google API client: ConnectionResult{statusCode=API_UNAVAILABLE, resolution=null, message=null}
W/SessionLifecycleManager( 1023): Handover failed. Creating new session controller.
I/DisplayManagerService(  454): Display device changed: DisplayDeviceInfo{"Built-in Screen": uniqueId="local:0", 1536 x 2048, 60.000004 fps, supportedRefreshRates [60.000004, 59.0], density 320, 288.995 x 288.995 dpi, appVsyncOff 0, presDeadline 17666666, touch INTERNAL, rotation 0, type BUILT_IN, state OFF, FLAG_DEFAULT_DISPLAY, FLAG_ROTATES_WITH_CONTENT, FLAG_SECURE, FLAG_SUPPORTS_PROTECTED_BUFFERS}
V/ActivityManager(  454): Display changed displayId=0
D/SurfaceFlinger(  154): Set power mode=0, type=0 flinger=0x559377d3c0
D/hwcomposer(  154): hwc_blank: display 0: blank
D/hwcomposer(  154): hwc_blank_display: display 0: [0 -> 1]
W/Wifi    ( 3637): Failed to read packet and byte counts from wifi interface
E/PBSessionCacheImpl( 1023): sessionId[15408456269868] not persisted.
I/PBSessionCacheImpl( 1023): Deleted sessionId[15408456269868] from persistence.
I/OptInState( 1023): There is a new client and it does not support opt-in. Dropping request.
I/CwMcuSensor(  454): CwMcuSensor::flush: fd = 193, sensors_id = 0, path = /sys/class/htc_sensorhub/sensor_hub/flush, err = 0
I/vgn     (  977): 18-LoadReminders -- metadata{ service_id: 0 }
W/LocationOracle( 1023): No location history returned by ContextManager
D/BluetoothAdapter( 1023): 390554351: getState() :  mService = null. Returning STATE_OFF
D/BluetoothAdapter( 1023): 390554351: getState() :  mService = null. Returning STATE_OFF
W/RequestManagerImpl( 1023): graph.recentDetectedActivityOptional() should be cached
D/SurfaceControl(  454): Excessive delay in setPowerMode(): 347ms
W/ctxmgr  (  992): [AclManager]No 3 for (accnt=account#-517948760#, com.google.android.gms(10008):UserVelocityProducer, vrsn=12685011, 0, 3pPkg = null ,  3pMdlId = null ,  pid = 992). Was: 3 for 1, account#-517948760#
I/art     (  454): Explicit concurrent mark sweep GC freed 32126(1574KB) AllocSpace objects, 1(500KB) LOS objects, 33% free, 26MB/39MB, paused 1.749ms total 186.103ms
E/DoodleDataFactory( 1023): Doodle: bad search_url: 
I/PBSessionCacheImpl( 1023): Deleted sessionId[15408456269868] from persistence.
E/SQLiteLog(  992): (2067) abort at 35 in [INSERT INTO context(context_name,end_time,context_family,module_id,version,sync_state_mod_time_millis,start_time,sync_state,context_id,time_type,proto_blob) VALUES (?,?,?,?,?,?,?,?,?,?,?)]: UNI
W/ThreadPoolDumper( 1023): Queue length for executor TaskGraph-Slow is now 6. Perhaps some tasks are too long, or the pool is too small.
D/BluetoothAdapter( 1023): 390554351: getState() :  mService = null. Returning STATE_OFF
D/BluetoothAdapter( 1023): 390554351: getState() :  mService = null. Returning STATE_OFF
D/BluetoothAdapter( 1023): 390554351: getState() :  mService = null. Returning STATE_OFF
D/BluetoothAdapter( 1023): 390554351: getState() :  mService = null. Returning STATE_OFF
I/VoiceSearchSettings( 1023): Hotword upgrade key is null!
D/BluetoothAdapter( 1023): 390554351: getState() :  mService = null. Returning STATE_OFF
D/BluetoothAdapter( 1023): 390554351: getState() :  mService = null. Returning STATE_OFF
D/BluetoothAdapter( 1023): 390554351: getState() :  mService = null. Returning STATE_OFF
I/VoiceSearchSettings( 1023): Hotword upgrade key is null!
D/BluetoothAdapter( 1023): 390554351: getState() :  mService = null. Returning STATE_OFF
I/vgn     (  992): 67-RequestPlaceUpdates -- metadata{ service_id: 0 }
I/GeofencerStateMachine(  992): removeGeofences: removeRequest=RemoveGeofencingRequest[REMOVE_BY_PENDING_INTENT pendingIntent=PendingIntent[creatorPackage=com.google.android.gms], packageName=null]
I/GeofencerStateMachine(  992): removeGeofences: removeRequest=RemoveGeofencingRequest[REMOVE_BY_PENDING_INTENT pendingIntent=PendingIntent[creatorPackage=com.google.android.gms], packageName=null]
E/WifiStateMachine(  454): WifiStateMachine CMD_START_SCAN source -2 txSuccessRate=0.00 rxSuccessRate=0.00 targetRoamBSSID=any RSSI=-45
E/WifiStateMachine(  454): WifiStateMachine L2Connected CMD_START_SCAN source -2 656, 661 -> obsolete
I/PlaceInferenceEngine(  992): [anon] Changed inference mode: 0
I/art     (  454): Explicit concurrent mark sweep GC freed 5558(248KB) AllocSpace objects, 0(0B) LOS objects, 33% free, 26MB/39MB, paused 1.704ms total 233.799ms
I/vgn     (  992): 67-RequestPlaceUpdates -- metadata{ service_id: 0 }
I/Places  (  992): ?: PlacesBleScanner start() with priority 2
I/PlaceInferenceEngine(  992): [anon] Changed inference mode: 1
I/Places  (  992): Converted 8 out of 8 WiFi scans
D/BluetoothAdapter(  992): 144537376: getState() :  mService = null. Returning STATE_OFF
I/BeaconBle(  992): Using BLE 'L' hardware layer
I/PlaceInferenceEngine(  992): [anon] Changed inference mode: 1
W/Wifi    ( 3637): Failed to read packet and byte counts from wifi interface
I/BeaconBle(  992): Client requested scan, settings=BleSettings [scanMode=ZERO_POWER, callbackType=ALL_MATCHES, reportDelayMillis=0, 1 filters, 0 clients, callingClientName=Places]
E/BeaconBle(  992): Scan couldn't start for Places
W/Places  (  992): BLE failure while scanning - code 5
I/PlaceInferenceEngine(  992): No beacon scan available - ignoring candidates.
W/Wifi    ( 3637): Failed to read packet and byte counts from wifi interface
I/GeofencerStateMachine(  992): removeGeofences: removeRequest=RemoveGeofencingRequest[REMOVE_BY_PENDING_INTENT pendingIntent=PendingIntent[creatorPackage=com.google.android.googlequicksearchbox], packageName=null]
E/GeofenceHelper( 1023): Failed: remove geofences by PendingIntent
I/TrainingQuestionManager( 1023): updateFromServerResponse: no new training mode data and no pending answered questions to clear
W/Wifi    ( 3637): Failed to read packet and byte counts from wifi interface
W/ctxmgr  (  992): [AclManager]No 2 for (accnt=account#-517948760#, com.google.android.gms(10008):PlacesProducer, vrsn=12685000, 0, 3pPkg = null ,  3pMdlId = null ,  pid = 992). Was: 3 for 18, account#-517948760#
W/Wifi    ( 3637): Failed to read packet and byte counts from wifi interface
I/WearableService(  992): Wearable Services stopping
W/SharedBatteryStatusUpdater(21748): Failed to get battery status data items: Status{statusCode=TIMEOUT, resolution=null}
W/Wifi    ( 3637): Failed to read packet and byte counts from wifi interface
I/CwMcuSensor(  454): CwMcuSensor::flush: fd = 162, sensors_id = 0, path = /sys/class/htc_sensorhub/sensor_hub/flush, err = 0
I/vgn     (  992): 67-RequestPlaceUpdates -- metadata{ service_id: 0 }
I/vgn     (  992): 67-RemovePlaceUpdates -- metadata{ service_id: 0 }
I/Places  (  992): ?: PlacesBleScanner stop()
I/BeaconBle(  992): Scan canceled successfully.
I/PlaceInferenceEngine(  992): [anon] Changed inference mode: 0
I/GeofencerStateMachine(  992): removeGeofences: removeRequest=RemoveGeofencingRequest[REMOVE_BY_PENDING_INTENT pendingIntent=PendingIntent[creatorPackage=com.google.android.gms], packageName=null]
W/Wifi    ( 3637): Failed to read packet and byte counts from wifi interface
W/Wifi    ( 3637): Failed to read packet and byte counts from wifi interface
W/SearchService( 1023): Abort, client detached.
I/vgn     (  992): 35-GetDeviceDataUploadOptInStatusOperation -- metadata{ service_id: 0 }
I/vgn     (  992): 35-GetDeviceDataUploadOptInStatusOperation -- metadata{ service_id: 0 }
I/GeofencerStateMachine(  992): removeGeofences: removeRequest=RemoveGeofencingRequest[REMOVE_BY_IDS Ids=[22e3658c-00ac-405a-bb64-d45c6d062829], packageName=com.google.android.gms]
I/GeofencerStateMachine(  992): removeGeofences: removeRequest=RemoveGeofencingRequest[REMOVE_BY_IDS Ids=[6be9d8c2-0c88-46f4-ba63-4d53efd8744a], packageName=com.google.android.gms]
I/GeofencerStateMachine(  992): addGeofences called by com.google.android.gms
I/GeofencerStateMachine(  992): addGeofences called by com.google.android.gms
W/ctxmgr  (  992): [AclManager]No 2 for (accnt=account#1813920180#, com.google.android.gms(10008):ScreenProducer, vrsn=12685000, 0, 3pPkg = null ,  3pMdlId = null ,  pid = 992). Was: 2 for 7, account#1813920180#
I/GeofencerStateMachine(  992): sendNewTransitions called.
I/GeofencerStateMachine(  992): sendNewLocationAvailability: availability=LocationAvailability[isLocationAvailable: true]
I/GeofencerStateMachine(  992): sendNewLocationAvailability: availability=LocationAvailability[isLocationAvailable: true]
W/Wifi    ( 3637): Failed to read packet and byte counts from wifi interface
W/SearchService( 1023): Abort, client detached.
I/GeofencerStateMachine(  992): sendNewLocationAvailability: availability=LocationAvailability[isLocationAvailable: true]
I/GeofencerStateMachine(  992): sendNewTransitions called.
D/WifiService(  454): acquireWifiLockLocked: WifiLock{NlpWifiLock type=2 binder=android.os.BinderProxy@30fe847b}
I/GeofencerStateMachine(  992): sendNewLocationAvailability: availability=LocationAvailability[isLocationAvailable: true]
I/GeofencerStateMachine(  992): sendNewTransitions called.
I/GeofencerStateMachine(  992): sendNewLocationAvailability: availability=LocationAvailability[isLocationAvailable: true]
W/ctxmgr  (  992): [AclManager]No 2 for (accnt=account#1813920180#, com.google.android.gms(10008):ScreenProducer, vrsn=12685000, 0, 3pPkg = null ,  3pMdlId = null ,  pid = 992). Was: 2 for 7, account#1813920180#
E/SQLiteLog(  992): (2067) abort at 35 in [INSERT INTO context(context_name,end_time,context_family,module_id,version,sync_state_mod_time_millis,start_time,sync_state,context_id,time_type,proto_blob) VALUES (?,?,?,?,?,?,?,?,?,?,?)]: UNI
I/art     (  992): Explicit concurrent mark sweep GC freed 165969(7MB) AllocSpace objects, 42(2MB) LOS objects, 36% free, 27MB/43MB, paused 2.140ms total 334.007ms
D/WifiService(  454): releaseWifiLockLocked: WifiLock{NlpWifiLock type=2 binder=android.os.BinderProxy@30fe847b}
W/SearchService( 1023): Abort, client detached.
I/GeofencerStateMachine(  992): sendNewLocationAvailability: availability=LocationAvailability[isLocationAvailable: true]
D/libgps  (  454): proxy_gps_inject_location: called.
W/ctxmgr  (  992): [AclManager]No 2 for (accnt=account#1644684176#, com.google.android.gms(10008):UserLocationProducer, vrsn=12685000, 0, 3pPkg = null ,  3pMdlId = null ,  pid = 992). Was: 2 for 1, account#1644684176#
W/ctxmgr  (  992): [AclManager]No 2 for (accnt=account#1813920180#, com.google.android.gms(10008):UserLocationProducer, vrsn=12685000, 0, 3pPkg = null ,  3pMdlId = null ,  pid = 992). Was: 2 for 1, account#1813920180#
W/Wifi    ( 3637): Failed to read packet and byte counts from wifi interface
I/art     (  454): Explicit concurrent mark sweep GC freed 18416(897KB) AllocSpace objects, 0(0B) LOS objects, 33% free, 26MB/39MB, paused 1.350ms total 188.448ms
I/GeofencerStateMachine(  992): sendMovementChange: previousMovement=UNAVAILABLE,currentMovement=WALKING
I/GeofencerStateMachine(  992): sendNewTransitions called.
I/GeofencerStateMachine(  992): sendNewLocationAvailability: availability=LocationAvailability[isLocationAvailable: true]
I/ActivityManager(  454): Waited long enough for: ServiceRecord{22fca53b u0 com.google.android.music/com.google.android.wearable.datatransfer.DataSyncService}
I/GeofencerStateMachine(  992): sendNewLocationAvailability: availability=LocationAvailability[isLocationAvailable: true]
W/Wifi    ( 3637): Failed to read packet and byte counts from wifi interface
W/Wifi    ( 3637): Failed to read packet and byte counts from wifi interface
W/Wifi    ( 3637): Failed to read packet and byte counts from wifi interface
E/WifiStateMachine(  454): WifiStateMachine CMD_START_SCAN source -2 txSuccessRate=0.00 rxSuccessRate=0.00 targetRoamBSSID=any RSSI=-45
E/WifiStateMachine(  454): WifiStateMachine L2Connected CMD_START_SCAN source -2 660, 661 -> obsolete
W/Wifi    ( 3637): Failed to read packet and byte counts from wifi interface
W/Wifi    ( 3637): Failed to read packet and byte counts from wifi interface
W/SharedBatteryStatusUpdater(21748): Failed to publish battery status: Status{statusCode=TIMEOUT, resolution=null}
D/MusicLifecycle(21748): com.google.android.music.wear.WearDataTransferConnectionService generated event: Service destroyed
W/Wifi    ( 3637): Failed to read packet and byte counts from wifi interface
W/Wifi    ( 3637): Failed to read packet and byte counts from wifi interface
W/Wifi    ( 3637): Failed to read packet and byte counts from wifi interface
W/Wifi    ( 3637): Failed to read packet and byte counts from wifi interface
W/Wifi    ( 3637): Failed to read packet and byte counts from wifi interface
W/Wifi    ( 3637): Failed to read packet and byte counts from wifi interface
W/Wifi    ( 3637): Failed to read packet and byte counts from wifi interface
W/Wifi    ( 3637): Failed to read packet and byte counts from wifi interface
W/Wifi    ( 3637): Failed to read packet and byte counts from wifi interface
W/Wifi    ( 3637): Failed to read packet and byte counts from wifi interface
W/Wifi    ( 3637): Failed to read packet and byte counts from wifi interface
I/EventLogSendingHelper( 1023): Sending log events.
W/Wifi    ( 3637): Failed to read packet and byte counts from wifi interface
W/Wifi    ( 3637): Failed to read packet and byte counts from wifi interface
W/Wifi    ( 3637): Failed to read packet and byte counts from wifi interface
W/Wifi    ( 3637): Failed to read packet and byte counts from wifi interface
W/Wifi    ( 3637): Failed to read packet and byte counts from wifi interface
I/art     (  454): Explicit concurrent mark sweep GC freed 25697(1135KB) AllocSpace objects, 1(68KB) LOS objects, 33% free, 26MB/39MB, paused 1.781ms total 189.415ms
I/Icing   (  977): IndexChimeraService.getServiceInterface callingPackage=com.google.android.music componentName=null serviceId=36
I/vgn     (  992): 19-GetFileDescriptorAndDelete -- metadata{ service_id: 0 }
I/Icing   (  977): Usage reports ok 0, Failed Usage reports 0, indexed 0, rejected 0, imm upload false
I/Icing   (  977): IndexChimeraService.getServiceInterface callingPackage=com.google.android.music componentName=null serviceId=36
I/vgn     (  992): 19-GetFileDescriptorAndDelete -- metadata{ service_id: 0 }
I/Icing   (  977): Usage reports ok 0, Failed Usage reports 0, indexed 0, rejected 0, imm upload false
I/Icing   (  977): IndexChimeraService.getServiceInterface callingPackage=com.google.android.music componentName=null serviceId=36
I/vgn     (  992): 19-GetFileDescriptorAndDelete -- metadata{ service_id: 0 }
I/Icing   (  977): Usage reports ok 0, Failed Usage reports 0, indexed 0, rejected 0, imm upload false
I/Icing   (  977): IndexChimeraService.getServiceInterface callingPackage=com.google.android.music componentName=null serviceId=36
I/vgn     (  977): 18-ClearListeners -- metadata{ service_id: 0 }
I/vgn     (  992): 19-GetFileDescriptorAndDelete -- metadata{ service_id: 0 }
I/Icing   (  977): Usage reports ok 0, Failed Usage reports 0, indexed 0, rejected 0, imm upload false
I/Icing   (  977): IndexChimeraService.getServiceInterface callingPackage=com.google.android.music componentName=null serviceId=36
I/vgn     (  992): 19-GetFileDescriptorAndDelete -- metadata{ service_id: 0 }
I/Icing   (  977): Usage reports ok 0, Failed Usage reports 0, indexed 0, rejected 0, imm upload false
I/Icing   (  977): IndexChimeraService.getServiceInterface callingPackage=com.google.android.music componentName=null serviceId=36
I/vgn     (  992): 19-GetFileDescriptorAndDelete -- metadata{ service_id: 0 }
I/Icing   (  977): Usage reports ok 0, Failed Usage reports 0, indexed 0, rejected 0, imm upload false
I/Icing   (  977): IndexChimeraService.getServiceInterface callingPackage=com.google.android.music componentName=null serviceId=36
I/vgn     (  992): 19-GetFileDescriptorAndDelete -- metadata{ service_id: 0 }
I/Icing   (  977): Usage reports ok 0, Failed Usage reports 0, indexed 0, rejected 0, imm upload false
W/Wifi    ( 3637): Failed to read packet and byte counts from wifi interface
W/Wifi    ( 3637): Failed to read packet and byte counts from wifi interface
W/Wifi    ( 3637): Failed to read packet and byte counts from wifi interface
W/Wifi    ( 3637): Failed to read packet and byte counts from wifi interface
W/Wifi    ( 3637): Failed to read packet and byte counts from wifi interface
W/GmsLocationProvider( 1023): Error removing location updates: 16
W/Wifi    ( 3637): Failed to read packet and byte counts from wifi interface
W/Wifi    ( 3637): Failed to read packet and byte counts from wifi interface
W/Wifi    ( 3637): Failed to read packet and byte counts from wifi interface
W/Wifi    ( 3637): Failed to read packet and byte counts from wifi interface
W/Wifi    ( 3637): Failed to read packet and byte counts from wifi interface
I/PowerManagerService(  454): Waking up from sleep (uid 1000)...
I/PowerUI.Notification(  613): dismissing low battery notification
I/DisplayPowerController(  454): Blocking screen on until initial contents have been drawn.
D/SurfaceFlinger(  154): Set power mode=2, type=0 flinger=0x559377d3c0
D/hwcomposer(  154): hwc_blank: display 0: unblank
D/hwcomposer(  154): hwc_blank_display: display 0: [1 -> 0]
D/hwcomposer(  154): Display 0 layer clip is 1536 x 2048
D/hwcomposer(  154): Display 0 device clip is 1536 x 2048
I/DisplayManagerService(  454): Display device changed: DisplayDeviceInfo{"Built-in Screen": uniqueId="local:0", 1536 x 2048, 60.000004 fps, supportedRefreshRates [60.000004, 59.0], density 320, 288.995 x 288.995 dpi, appVsyncOff 0, presDeadline 17666666, touch INTERNAL, rotation 0, type BUILT_IN, state ON, FLAG_DEFAULT_DISPLAY, FLAG_ROTATES_WITH_CONTENT, FLAG_SECURE, FLAG_SUPPORTS_PROTECTED_BUFFERS}
I/CwMcuSensor(  454): CwMcuSensor::flush: fd = 194, sensors_id = 0, path = /sys/class/htc_sensorhub/sensor_hub/flush, err = 0
V/KeyguardServiceDelegate(  454): onScreenTurnedOn(showListener = com.android.internal.policy.impl.PhoneWindowManager$2@28db44c4)
I/EntropyMixer(  454): Writing entropy...
V/ActivityManager(  454): Display changed displayId=0
V/ActivityManager(  454): Display changed displayId=0
V/KeyguardServiceDelegate(  454): **** SHOWN CALLED ****
I/DisplayPowerController(  454): Unblocked screen on after 269 ms
D/SurfaceControl(  454): Excessive delay in setPowerMode(): 286ms
I/CwMcuSensor(  454): CwMcuSensor::flush: fd = 214, sensors_id = 0, path = /sys/class/htc_sensorhub/sensor_hub/flush, err = 0
E/WifiStateMachine(  454): cancelDelayedScan -> 662
E/native  (  454): do suspend false
W/art     (21722): Verification of void com.google.android.apps.plus.service.EsSyncAdapterService.<clinit>() took 115.745ms
W/Wifi    ( 3637): Failed to read packet and byte counts from wifi interface
W/art     (21722): Verification of void com.google.android.apps.plus.service.EsSyncAdapterService.c(android.content.Context) took 215.795ms
E/WifiStateMachine(  454): WifiStateMachine CMD_START_SCAN source -2 txSuccessRate=28.00 rxSuccessRate=25.00 targetRoamBSSID=any RSSI=-51
E/WifiStateMachine(  454): WifiStateMachine starting scan for "YOU SHALL NOT PASS"WPA_PSK with 2437
W/art     (21722): Verification of void com.google.android.apps.plus.service.EsSyncAdapterService.d(android.content.Context) took 105.010ms
I/vgn     (  992): 35-GetDeviceDataUploadOptInStatusOperation -- metadata{ service_id: 0 }
I/Authzen (  977): [DeviceStateSyncManager] Device state fast sync is disabled
I/vgn     (  977): 122-GetRCNEnabledStatusOperation -- metadata{ service_id: 0 }
W/ctxmgr  (  992): [AclManager]No 2 for (accnt=account#1813920180#, com.google.android.gms(10008):ScreenProducer, vrsn=12685000, 0, 3pPkg = null ,  3pMdlId = null ,  pid = 992). Was: 2 for 7, account#1813920180#
W/ctxmgr  (  992): [AclManager]No 2 for (accnt=account#1813920180#, com.google.android.gms(10008):ScreenProducer, vrsn=12685000, 0, 3pPkg = null ,  3pMdlId = null ,  pid = 992). Was: 2 for 7, account#1813920180#
W/TabTreeCopier(  903): Card found with UNKNOWN_TAB, Entry Type 155
W/AppFlowTracker(  903): Dropping App flow event "88" logged from process "com.google.android.googlequicksearchbox"
I/CwMcuSensor(  454): CwMcuSensor::flush: fd = 204, sensors_id = 0, path = /sys/class/htc_sensorhub/sensor_hub/flush, err = 0
E/ctxmgr  (  992): [AppIntervalImpl]closeInterval: ongoing
D/BluetoothAdapter( 1023): 390554351: getState() :  mService = null. Returning STATE_OFF
D/BluetoothAdapter( 1023): 390554351: getState() :  mService = null. Returning STATE_OFF
I/VoiceSearchSettings( 1023): Hotword upgrade key is null!
W/SearchService( 1023): Abort, client detached.
W/Wifi    ( 3637): Failed to read packet and byte counts from wifi interface
W/SearchService( 1023): Abort, client detached.
W/SearchService( 1023): Abort, client detached.
I/art     (  903): Background partial concurrent mark sweep GC freed 42658(3MB) AllocSpace objects, 10(220KB) LOS objects, 31% free, 35MB/51MB, paused 782us total 128.893ms
W/Wifi    ( 3637): Failed to read packet and byte counts from wifi interface
W/Wifi    ( 3637): Failed to read packet and byte counts from wifi interface
W/Wifi    ( 3637): Failed to read packet and byte counts from wifi interface
W/Wifi    ( 3637): Failed to read packet and byte counts from wifi interface
W/Wifi    ( 3637): Failed to read packet and byte counts from wifi interface
W/Wifi    ( 3637): Failed to read packet and byte counts from wifi interface
W/Wifi    ( 3637): Failed to read packet and byte counts from wifi interface
W/Wifi    ( 3637): Failed to read packet and byte counts from wifi interface
W/Wifi    ( 3637): Failed to read packet and byte counts from wifi interface
W/Wifi    ( 3637): Failed to read packet and byte counts from wifi interface
W/Wifi    ( 3637): Failed to read packet and byte counts from wifi interface
W/Wifi    ( 3637): Failed to read packet and byte counts from wifi interface
W/Wifi    ( 3637): Failed to read packet and byte counts from wifi interface
W/Wifi    ( 3637): Failed to read packet and byte counts from wifi interface
I/Finsky  ( 9905): [1194] com.google.android.finsky.contentfilterui.m.a(13): Received content filters request from sharedUserId=com.google.uid.shared:10008
W/Wifi    ( 3637): Failed to read packet and byte counts from wifi interface
W/Wifi    ( 3637): Failed to read packet and byte counts from wifi interface
W/Wifi    ( 3637): Failed to read packet and byte counts from wifi interface
W/Wifi    ( 3637): Failed to read packet and byte counts from wifi interface
W/Wifi    ( 3637): Failed to read packet and byte counts from wifi interface
E/WifiStateMachine(  454): WifiStateMachine CMD_START_SCAN source -2 txSuccessRate=1.59 rxSuccessRate=1.63 targetRoamBSSID=any RSSI=-53
W/ctxmgr  (  992): [AclManager]No 2 for (accnt=account#-517948760#, com.google.android.gms(10008):IndoorOutdoorProducer, vrsn=12685000, 0, 3pPkg = null ,  3pMdlId = null ,  pid = 992). Was: 3 for 57, account#-517948760#
W/Conscrypt(  992): Could not set socket write timeout: java.lang.reflect.InvocationTargetException
W/Conscrypt(  992): 	at java.lang.reflect.Method.invoke(Native Method)
W/Conscrypt(  992): 	at java.lang.reflect.Method.invoke(Method.java:372)
W/Conscrypt(  992): Caused by: android.system.ErrnoException: setsockopt failed: EBADF (Bad file number)
W/Conscrypt(  992): 	at libcore.io.Posix.setsockoptTimeval(Native Method)
W/Conscrypt(  992): 	at libcore.io.ForwardingOs.setsockoptTimeval(ForwardingOs.java:147)
W/Conscrypt(  992): Could not set socket write timeout: java.lang.reflect.InvocationTargetException
W/Conscrypt(  992): 	at java.lang.reflect.Method.invoke(Native Method)
W/Conscrypt(  992): 	at java.lang.reflect.Method.invoke(Method.java:372)
W/Conscrypt(  992): Caused by: android.system.ErrnoException: setsockopt failed: EBADF (Bad file number)
W/Conscrypt(  992): 	at libcore.io.Posix.setsockoptTimeval(Native Method)
W/Conscrypt(  992): 	at libcore.io.ForwardingOs.setsockoptTimeval(ForwardingOs.java:147)
W/Wifi    ( 3637): Failed to read packet and byte counts from wifi interface
I/InstantApps(  992): DomainFilterImpl: Domain filter response size: 225187
I/SystemUpdate(  977): [Control,ChimeraGcmTaskService] Task started with tag: DeviceCharging.
I/SystemUpdate(  977): [Control,ChimeraGcmTaskService] Scheduling task: DeviceCharging.
I/SystemUpdate(  977): [Execution,InstallationEventIntentOperation] Handling event of type 4.
I/SystemUpdate(  977): [Execution,InstallationIntentOperation] Received intent: Intent { act=com.google.android.gms.update.INSTALL_UPDATE cat=[targeted_intent_op_prefix:.update.execution.InstallationIntentOperation] cmp=com.google.android.gms/.chimera.GmsIntentOperationService }.
W/ChimeraUtils(  977): Non Chimera context
I/orc     (  992): 51-GetConfigurationSnapshotOperationCall -- metadata{ service_id: 0 }
W/ChimeraUtils(  977): Non Chimera context
I/orc     (  992): 51-CommitToConfigurationOperationCall -- metadata{ service_id: 0 }
I/SystemUpdate(  977): [Control,InstallationControl] Installation progress updated to (0x410, -1.000).
I/SystemUpdate(  977): [Control,ChimeraGcmTaskService] Scheduling task: DeviceCharging.
I/SystemUpdate(  977): [Execution,ExecutionManager] Action non-ab-reboot executed for 0.12 seconds.
I/SystemUpdate(  977): [Execution,ExecutionManager] Action fixed-delay-execution executed for 0.01 seconds.
W/Wifi    ( 3637): Failed to read packet and byte counts from wifi interface
W/Wifi    ( 3637): Failed to read packet and byte counts from wifi interface
W/Wifi    ( 3637): Failed to read packet and byte counts from wifi interface
W/Wifi    ( 3637): Failed to read packet and byte counts from wifi interface
W/Wifi    ( 3637): Failed to read packet and byte counts from wifi interface
I/vgn     (  992): 35-GetDeviceDataUploadOptInStatusOperation -- metadata{ service_id: 0 }
I/vgn     (  992): 35-GetDeviceDataUploadOptInStatusOperation -- metadata{ service_id: 0 }
W/Conscrypt(  992): Could not set socket write timeout: java.lang.reflect.InvocationTargetException
W/Conscrypt(  992): 	at java.lang.reflect.Method.invoke(Native Method)
W/Conscrypt(  992): 	at java.lang.reflect.Method.invoke(Method.java:372)
W/Conscrypt(  992): Caused by: android.system.ErrnoException: setsockopt failed: EBADF (Bad file number)
W/Conscrypt(  992): 	at libcore.io.Posix.setsockoptTimeval(Native Method)
W/Conscrypt(  992): 	at libcore.io.ForwardingOs.setsockoptTimeval(ForwardingOs.java:147)
W/Wifi    ( 3637): Failed to read packet and byte counts from wifi interface
W/Conscrypt(  992): Could not set socket write timeout: java.lang.reflect.InvocationTargetException
W/Conscrypt(  992): 	at java.lang.reflect.Method.invoke(Native Method)
W/Conscrypt(  992): 	at java.lang.reflect.Method.invoke(Method.java:372)
W/Conscrypt(  992): Caused by: android.system.ErrnoException: setsockopt failed: EBADF (Bad file number)
W/Conscrypt(  992): 	at libcore.io.Posix.setsockoptTimeval(Native Method)
W/Conscrypt(  992): 	at libcore.io.ForwardingOs.setsockoptTimeval(ForwardingOs.java:147)
D/WifiService(  454): acquireWifiLockLocked: WifiLock{NlpWifiLock type=2 binder=android.os.BinderProxy@326f7d92}
D/libgps  (  454): proxy_gps_inject_location: called.
I/SystemUpdate(  977): [Control,ChimeraGcmTaskService] Task started with tag: DeviceCharging.
I/SystemUpdate(  977): [Control,ChimeraGcmTaskService] Scheduling task: DeviceCharging.
I/SystemUpdate(  977): [Execution,InstallationEventIntentOperation] Handling event of type 4.
I/SystemUpdate(  977): [Execution,InstallationIntentOperation] Received intent: Intent { act=com.google.android.gms.update.INSTALL_UPDATE cat=[targeted_intent_op_prefix:.update.execution.InstallationIntentOperation] cmp=com.google.android.gms/.chimera.GmsIntentOperationService }.
I/SystemUpdate(  977): [Control,InstallationControl] Installation progress updated to (0x410, -1.000).
I/art     (  454): Explicit concurrent mark sweep GC freed 76029(3MB) AllocSpace objects, 0(0B) LOS objects, 33% free, 26MB/39MB, paused 811us total 94.030ms
I/SystemUpdate(  977): [Control,ChimeraGcmTaskService] Scheduling task: DeviceCharging.
I/SystemUpdate(  977): [Execution,ExecutionManager] Action non-ab-reboot executed for 0.24 seconds.
I/SystemUpdate(  977): [Execution,ExecutionManager] Action fixed-delay-execution executed for 0.01 seconds.
I/SystemUpdate(  977): [Control,ChimeraGcmTaskService] Task started with tag: DeviceCharging.
I/SystemUpdate(  977): [Control,ChimeraGcmTaskService] Scheduling task: DeviceCharging.
I/SystemUpdate(  977): [Execution,InstallationEventIntentOperation] Handling event of type 4.
I/SystemUpdate(  977): [Execution,InstallationIntentOperation] Received intent: Intent { act=com.google.android.gms.update.INSTALL_UPDATE cat=[targeted_intent_op_prefix:.update.execution.InstallationIntentOperation] cmp=com.google.android.gms/.chimera.GmsIntentOperationService }.
I/SystemUpdate(  977): [Control,ChimeraGcmTaskService] Scheduling task: DeviceCharging.
I/SystemUpdate(  977): [Execution,ExecutionManager] Action non-ab-reboot executed for 0.05 seconds.
I/SystemUpdate(  977): [Execution,ExecutionManager] Action fixed-delay-execution executed for 0.01 seconds.
I/art     (  992): Background sticky concurrent mark sweep GC freed 258883(13MB) AllocSpace objects, 16(1160KB) LOS objects, 21% free, 29MB/37MB, paused 752us total 102.933ms
I/SystemUpdate(  977): [Control,ChimeraGcmTaskService] Task started with tag: DeviceCharging.
I/SystemUpdate(  977): [Control,ChimeraGcmTaskService] Scheduling task: DeviceCharging.
W/Wifi    ( 3637): Failed to read packet and byte counts from wifi interface
I/SystemUpdate(  977): [Execution,InstallationEventIntentOperation] Handling event of type 4.
I/SystemUpdate(  977): [Execution,InstallationIntentOperation] Received intent: Intent { act=com.google.android.gms.update.INSTALL_UPDATE cat=[targeted_intent_op_prefix:.update.execution.InstallationIntentOperation] cmp=com.google.android.gms/.chimera.GmsIntentOperationService }.
I/SystemUpdate(  977): [Control,ChimeraGcmTaskService] Scheduling task: DeviceCharging.
I/SystemUpdate(  977): [Execution,ExecutionManager] Action non-ab-reboot executed for 0.04 seconds.
W/Conscrypt(  992): Could not set socket write timeout: java.lang.reflect.InvocationTargetException
W/Conscrypt(  992): 	at java.lang.reflect.Method.invoke(Native Method)
W/Conscrypt(  992): 	at java.lang.reflect.Method.invoke(Method.java:372)
W/Conscrypt(  992): Caused by: android.system.ErrnoException: setsockopt failed: EBADF (Bad file number)
W/Conscrypt(  992): 	at libcore.io.Posix.setsockoptTimeval(Native Method)
W/Conscrypt(  992): 	at libcore.io.ForwardingOs.setsockoptTimeval(ForwardingOs.java:147)
I/SystemUpdate(  977): [Execution,ExecutionManager] Action fixed-delay-execution executed for 0.01 seconds.
W/Conscrypt(  992): Could not set socket write timeout: java.lang.reflect.InvocationTargetException
W/Conscrypt(  992): 	at java.lang.reflect.Method.invoke(Native Method)
W/Conscrypt(  992): 	at java.lang.reflect.Method.invoke(Method.java:372)
W/Conscrypt(  992): Caused by: android.system.ErrnoException: setsockopt failed: EBADF (Bad file number)
W/Conscrypt(  992): 	at libcore.io.Posix.setsockoptTimeval(Native Method)
W/Conscrypt(  992): 	at libcore.io.ForwardingOs.setsockoptTimeval(ForwardingOs.java:147)
I/SystemUpdate(  977): [Control,ChimeraGcmTaskService] Task started with tag: DeviceCharging.
I/SystemUpdate(  977): [Control,ChimeraGcmTaskService] Scheduling task: DeviceCharging.
I/SystemUpdate(  977): [Execution,InstallationEventIntentOperation] Handling event of type 4.
I/SystemUpdate(  977): [Execution,InstallationIntentOperation] Received intent: Intent { act=com.google.android.gms.update.INSTALL_UPDATE cat=[targeted_intent_op_prefix:.update.execution.InstallationIntentOperation] cmp=com.google.android.gms/.chimera.GmsIntentOperationService }.
I/SystemUpdate(  977): [Control,ChimeraGcmTaskService] Scheduling task: DeviceCharging.
I/SystemUpdate(  977): [Execution,ExecutionManager] Action non-ab-reboot executed for 0.03 seconds.
I/SystemUpdate(  977): [Execution,ExecutionManager] Action fixed-delay-execution executed for 0.01 seconds.
W/Wifi    ( 3637): Failed to read packet and byte counts from wifi interface
W/Wifi    ( 3637): Failed to read packet and byte counts from wifi interface
W/Wifi    ( 3637): Failed to read packet and byte counts from wifi interface
W/Wifi    ( 3637): Failed to read packet and byte counts from wifi interface
D/WifiService(  454): releaseWifiLockLocked: WifiLock{NlpWifiLock type=2 binder=android.os.BinderProxy@326f7d92}
W/Wifi    ( 3637): Failed to read packet and byte counts from wifi interface
W/Wifi    ( 3637): Failed to read packet and byte counts from wifi interface
W/Wifi    ( 3637): Failed to read packet and byte counts from wifi interface
W/Wifi    ( 3637): Failed to read packet and byte counts from wifi interface
W/Wifi    ( 3637): Failed to read packet and byte counts from wifi interface
