D/MusicLifecycle(28454): com.google.android.music.net.NetworkConnectivityMonitor$NetworkChangedReceiver generated event: Broadcast received with context com.google.android.music.ui.PhoneMusicApplication@23b900b3 and intent Intent { act=android.net.conn.CONNECTIVITY_CHANGE flg=0x4000010 (has extras) }
I/NetworkConnectivity(28454): Network state changed: [type: WIFI[], state: CONNECTED/CONNECTED, reason: (unspecified), extra: "VU-Campusnet", roaming: false, failover: false, isAvailable: true, isConnectedToProvisioningNetwork: false]
D/MusicLifecycle(28454): com.google.android.music.download.EncapsulatedBroadcastReceiver$1 generated event: Broadcast received with context com.google.android.music.ui.PhoneMusicApplication@23b900b3 and intent Intent { act=com.google.android.music.ResumeStorageMigration flg=0x10 (has extras) }
D/MusicLifecycle(28454): com.google.android.music.download.artwork.ArtDownloadService generated event: Service created
I/NetworkPolicyMonitor(28454): Download-ability status changed to (true) unmetered wifi/eth: true mobileOrMetered: false
I/NetworkPolicyMonitor(28454): Stream-ability status changed to (true) unmetered wifi/eth: true mobileOrMetered: false
D/MtpService(23422): updating state; isCurrentUser=true, mMtpLocked=false
D/MtpService(23422): addStorageLocked 65537 /storage/emulated/0
D/MtpService(23422): updating state; isCurrentUser=true, mMtpLocked=false
I/vgn     (  965): 35-GetDeviceDataUploadOptInStatusOperation -- metadata{ service_id: 0 }
D/MtpService(23422): starting MTP server in MTP mode
D/MtpService(23422): addStorageLocked 65537 /storage/emulated/0
W/ResourceType(28301): No package identifier when getting value for resource number 0x00000000
W/linker  (28525): /data/data/com.estrongs.android.pop/files/libestool2.so: unused DT entry: type 0x6ffffffe arg 0xee8
W/linker  (28525): /data/data/com.estrongs.android.pop/files/libestool2.so: unused DT entry: type 0x6fffffff arg 0x2
W/WearSignatureVerifier(28454): No package com.google.android.wearable.app.cn
D/MusicLifecycle(28454): com.google.android.music.download.EncapsulatedBroadcastReceiver$1 generated event: Broadcast received with context com.google.android.music.ui.PhoneMusicApplication@23b900b3 and intent Intent { act=com.google.android.music.download.keepon.KeeponSchedulingService.START_DOWNLOAD flg=0x10 }
W/WearSignatureVerifier(28454): No package com.google.android.wearable.app.cn
W/WearSignatureVerifier(28454): No package com.google.android.wearable.app.cn
W/WearSignatureVerifier(28454): No package com.google.android.wearable.app.cn
I/SystemUpdate(  987): [Control,ChimeraGcmTaskService] Task started with tag: DeviceCharging.
I/SystemUpdate(  987): [Control,ChimeraGcmTaskService] Scheduling task: DeviceCharging.
I/WearableService(  965): Wearable Services not starting - Wear is not available on this device.
W/WearSignatureVerifier(28454): No package com.google.android.wearable.app.cn
D/MusicLifecycle(28454): com.google.android.music.wear.WearDataTransferConnectionService generated event: Service created
W/WearSignatureVerifier(28454): No package com.google.android.wearable.app.cn
W/WearSignatureVerifier(28454): No package com.google.android.wearable.app.cn
W/WearSignatureVerifier(28454): No package com.google.android.wearable.app.cn
W/WearableService(  965): onGetService - Wear is not available on this device.
W/WearableService(  965): onGetService - Wear is not available on this device.
W/WearSignatureVerifier(28454): No package com.google.android.wearable.app.cn
E/ConnectionService(28454): Failed to connect to GoogleApiClient: ConnectionResult{statusCode=API_UNAVAILABLE, resolution=null, message=null}
I/SystemUpdate(  987): [Execution,InstallationEventIntentOperation] Handling event of type 4.
I/SystemUpdate(  987): [Execution,InstallationIntentOperation] Received intent: Intent { act=com.google.android.gms.update.INSTALL_UPDATE cat=[targeted_intent_op_prefix:.update.execution.InstallationIntentOperation] cmp=com.google.android.gms/.chimera.GmsIntentOperationService }.
W/WearSignatureVerifier(28454): No package com.google.android.wearable.app.cn
E/DefaultPeerProvider(28454): Failed to connect to GoogleApiClient: error code=16
D/AwarenessRouter(28454): Successfully removed previous context fences
I/SystemUpdate(  987): [Control,InstallationControl] Installation progress updated to (0x410, -1.000).
I/SystemUpdate(  987): [Control,ChimeraGcmTaskService] Scheduling task: DeviceCharging.
I/SystemUpdate(  987): [Execution,ExecutionManager] Action non-ab-reboot executed for 0.13 seconds.
I/SystemUpdate(  987): [Execution,ExecutionManager] Action fixed-delay-execution executed for 0.01 seconds.
W/Wifi    ( 3458): Failed to read packet and byte counts from wifi interface
E/WifiStateMachine(  451): WifiStateMachine CMD_START_SCAN source -2 txSuccessRate=0.14 rxSuccessRate=0.01 targetRoamBSSID=any RSSI=-58
W/Wifi    ( 3458): Failed to read packet and byte counts from wifi interface
W/Wifi    ( 3458): Failed to read packet and byte counts from wifi interface
W/Wifi    ( 3458): Failed to read packet and byte counts from wifi interface
W/Wifi    ( 3458): Failed to read packet and byte counts from wifi interface
D/MusicLifecycle(28454): com.google.android.music.autocache.AutoCacheSchedulingService$EnablingReceiver generated event: Broadcast received with context android.app.ReceiverRestrictedContext@ed2b15f and intent Intent { act=com.google.android.music.START_DOWNLOAD_SCHEDULING flg=0x10 cmp=com.google.android.music/.autocache.AutoCacheSchedulingService$EnablingReceiver }
D/MusicLifecycle(28454): com.google.android.music.autocache.AutoCacheSchedulingService generated event: Service created
D/MusicLifecycle(28454): com.google.android.music.autocache.AutoCacheSchedulingService generated event: Service started with intent Intent { act=com.google.android.music.leanback.APP_IN_USE cmp=com.google.android.music/.autocache.AutoCacheSchedulingService (has extras) }
D/MusicLifecycle(28454): com.google.android.music.wear.WearBroadcastReceiver generated event: Broadcast received with context android.app.ReceiverRestrictedContext@ed2b15f and intent Intent { act=com.google.android.music.START_DOWNLOAD_SCHEDULING flg=0x10 cmp=com.google.android.music/.wear.WearBroadcastReceiver }
W/WearSignatureVerifier(28454): No package com.google.android.wearable.app.cn
W/WearSignatureVerifier(28454): No package com.google.android.wearable.app.cn
W/WearSignatureVerifier(28454): No package com.google.android.wearable.app.cn
W/WearSignatureVerifier(28454): No package com.google.android.wearable.app.cn
W/WearableService(  965): onGetService - Wear is not available on this device.
W/WearSignatureVerifier(28454): No package com.google.android.wearable.app.cn
E/GmsUtils(28454): Failed to connect to Google API client: ConnectionResult{statusCode=API_UNAVAILABLE, resolution=null, message=null}
I/art     (  451): Explicit concurrent mark sweep GC freed 19673(964KB) AllocSpace objects, 0(0B) LOS objects, 33% free, 30MB/45MB, paused 775us total 115.813ms
I/MusicLeanback(28454): Conditions not met for autocaching. okToAttempt=false
I/MusicLeanback(28454): Stop autocaching.
D/MusicLifecycle(28454): com.google.android.music.autocache.AutoCacheSchedulingService generated event: Service destroyed
I/MediaStoreImporter(28454): Update: incremental Added music: 0 Updated music: 0 Deleted music: 0 Created playlists: 0 Updated playlists: 0 Deleted playlists: 0 Inserted playlist items: 0 Deleted playlist items: 0 Removed orphaned playlist items: 0
D/MusicLifecycle(28454): com.google.android.music.download.EncapsulatedBroadcastReceiver$1 generated event: Broadcast received with context com.google.android.music.ui.PhoneMusicApplication@23b900b3 and intent Intent { act=com.google.android.music.IMPORT_COMPLETE flg=0x10 }
D/MusicLifecycle(28454): com.google.android.music.wear.WearBroadcastReceiver generated event: Broadcast received with context android.app.ReceiverRestrictedContext@ed2b15f and intent Intent { act=com.google.android.music.IMPORT_COMPLETE flg=0x10 cmp=com.google.android.music/.wear.WearBroadcastReceiver }
W/WearSignatureVerifier(28454): No package com.google.android.wearable.app.cn
W/WearSignatureVerifier(28454): No package com.google.android.wearable.app.cn
W/WearSignatureVerifier(28454): No package com.google.android.wearable.app.cn
W/WearSignatureVerifier(28454): No package com.google.android.wearable.app.cn
W/WearableService(  965): onGetService - Wear is not available on this device.
W/WearSignatureVerifier(28454): No package com.google.android.wearable.app.cn
E/GmsUtils(28454): Failed to connect to Google API client: ConnectionResult{statusCode=API_UNAVAILABLE, resolution=null, message=null}
I/WearableService(  965): Wearable Services stopping
W/Wifi    ( 3458): Failed to read packet and byte counts from wifi interface
W/Wifi    ( 3458): Failed to read packet and byte counts from wifi interface
D/AndroidRuntime(28547): >>>>>> START com.android.internal.os.RuntimeInit uid 2000 <<<<<<
D/AndroidRuntime(28547): CheckJNI is OFF
W/Wifi    ( 3458): Failed to read packet and byte counts from wifi interface
D/AndroidRuntime(28547): Calling main entry com.android.commands.pm.Pm
I/art     (28547): System.exit called, status: 0
I/AndroidRuntime(28547): VM exiting with result code 0.
D/AndroidRuntime(28560): >>>>>> START com.android.internal.os.RuntimeInit uid 2000 <<<<<<
D/AndroidRuntime(28560): CheckJNI is OFF
D/AndroidRuntime(28560): Calling main entry com.android.commands.pm.Pm
I/art     (28560): System.exit called, status: 0
I/AndroidRuntime(28560): VM exiting with result code 0.
W/Wifi    ( 3458): Failed to read packet and byte counts from wifi interface
W/Wifi    ( 3458): Failed to read packet and byte counts from wifi interface
W/SharedBatteryStatusUpdater(28454): Failed to get battery status data items: Status{statusCode=TIMEOUT, resolution=null}
W/Wifi    ( 3458): Failed to read packet and byte counts from wifi interface
W/Wifi    ( 3458): Failed to read packet and byte counts from wifi interface
W/Wifi    ( 3458): Failed to read packet and byte counts from wifi interface
W/Wifi    ( 3458): Failed to read packet and byte counts from wifi interface
W/Wifi    ( 3458): Failed to read packet and byte counts from wifi interface
I/ActivityManager(  451): Waited long enough for: ServiceRecord{2ef3e254 u0 com.google.android.music/com.google.android.wearable.datatransfer.DataSyncService}
I/ActivityManager(  451): Start proc 28589:com.android.vending/u0a18 for service com.android.vending/com.google.android.finsky.contentfilterui.ContentFiltersService
W/Wifi    ( 3458): Failed to read packet and byte counts from wifi interface
I/Finsky  (28589): [6946] com.google.android.finsky.df.a.l.b(25): Started reading experiment flags from file [0tTSdLVFE1O4zdWuuw7alCw90j4].
I/Finsky  (28589): [6945] com.google.android.finsky.df.a.l.b(25): Started reading experiment flags from file [SKocQA9EQQFTb-1gQsc5WsjVhGA].
I/Finsky  (28589): [6945] com.google.android.finsky.df.a.l.b(61): Finished reading experiment flags from file [SKocQA9EQQFTb-1gQsc5WsjVhGA].
I/Finsky  (28589): [6946] com.google.android.finsky.df.a.l.b(61): Finished reading experiment flags from file [0tTSdLVFE1O4zdWuuw7alCw90j4].
I/Finsky  (28589): [6946] com.google.android.finsky.df.a.l.b(25): Started reading experiment flags from file [CQmb9nNGNCYSxJ4fDqYP5KpbS7Q].
I/Finsky  (28589): [6946] com.google.android.finsky.df.a.l.b(61): Finished reading experiment flags from file [CQmb9nNGNCYSxJ4fDqYP5KpbS7Q].
I/Finsky  (28589): [1] com.google.android.finsky.wear.bi.a(14): Component class com.google.android.finsky.wear.WearSupportService enabled via PackageManager.
I/Finsky  (28589): [1] com.google.android.finsky.wear.bi.a(14): Component class com.google.android.finsky.wear.WearChangeListenerService enabled via PackageManager.
I/Finsky  (28589): [1] com.google.android.finsky.application.impl.a.di(2520): Not a unicorn device
W/linker  (28589): libcronet.68.0.3437.4.so: unused DT entry: type 0x6ffffef5 arg 0xa7bd4
W/linker  (28589): libcronet.68.0.3437.4.so: unused DT entry: type 0x6ffffffe arg 0xa7b74
W/linker  (28589): libcronet.68.0.3437.4.so: unused DT entry: type 0x6fffffff arg 0x3
W/Settings(28589): Setting download_manager_max_bytes_over_mobile has moved from android.provider.Settings.Secure to android.provider.Settings.Global.
I/cr_CronetLibraryLoader(28589): Cronet version: 68.0.3437.4, arch: aarch64
D/ConnectivityService(  451): listenForNetwork for NetworkRequest [ id=667, legacyType=-1, [ Capabilities: INTERNET&NOT_RESTRICTED&TRUSTED] ]
D/ConnectivityService(  451): handleRegisterNetworkRequest checking NetworkAgentInfo [WIFI () - 126]
D/ConnectivityService(  451): apparently satisfied.  currentScore=60
W/Settings(28589): Setting download_manager_recommended_max_bytes_over_mobile has moved from android.provider.Settings.Secure to android.provider.Settings.Global.
D/ConnectivityManager.CallbackHandler(28589): CM callback handler got msg 524290
I/Finsky  (28589): [1] com.google.android.finsky.scheduler.bc.<init>(18): Resetting scheduler db
I/Finsky  (28589): [6970] com.google.android.finsky.ch.a.f.k(147): Loaded library for account: [bV0mn0Se6j8NQF4DT19QdaUy-_8]
I/Finsky  (28589): [6970] com.google.android.finsky.ch.a.f.k(147): Loaded library for account: [P5yunbb7TLwMuMmBSoXgSFeZhaI]
I/Finsky  (28589): [6970] com.google.android.finsky.ch.a.f.k(181): Finished loading 2 libraries.
I/Finsky  (28589): [1] com.google.android.finsky.splitinstallservice.bv.a(25): Connecting InstallListener to SplitInstallService broadcaster...
I/Finsky  (28589): [1] com.google.android.finsky.cq.a.a(48): Enabling bucket experiment: factor=1.000, zeroDelta=0ms, forceNetwork=true
I/art     (28589): Background sticky concurrent mark sweep GC freed 16719(1206KB) AllocSpace objects, 14(233KB) LOS objects, 7% free, 11MB/11MB, paused 6.123ms total 60.279ms
I/Finsky  (28589): [1] com.google.android.finsky.cl.a.onTrimMemory(7): Memory trim requested to level 5
I/Finsky  (28589): [6939] com.google.android.finsky.contentfilterui.m.a(13): Received content filters request from sharedUserId=com.google.uid.shared:10008
I/Finsky  (28589): [1] com.google.android.finsky.installer.a.ai.a(238): Installer kick - no action, not running yet
I/art     (28589): Background partial concurrent mark sweep GC freed 4301(411KB) AllocSpace objects, 1(16KB) LOS objects, 39% free, 11MB/18MB, paused 9.279ms total 46.451ms
I/Finsky  (28589): [1] com.google.android.finsky.installer.a.r.<init>(15): Not checking if recovering from paused session because experiment is off
I/Finsky  (28589): [1] com.google.android.finsky.cl.a.onTrimMemory(7): Memory trim requested to level 80
W/Conscrypt(  965): Could not set socket write timeout: java.lang.reflect.InvocationTargetException
W/Conscrypt(  965): 	at java.lang.reflect.Method.invoke(Native Method)
W/Conscrypt(  965): 	at java.lang.reflect.Method.invoke(Method.java:372)
W/Conscrypt(  965): Caused by: android.system.ErrnoException: setsockopt failed: EBADF (Bad file number)
W/Conscrypt(  965): 	at libcore.io.Posix.setsockoptTimeval(Native Method)
W/Conscrypt(  965): 	at libcore.io.ForwardingOs.setsockoptTimeval(ForwardingOs.java:147)
W/Conscrypt(  965): Could not set socket write timeout: java.lang.reflect.InvocationTargetException
W/Conscrypt(  965): 	at java.lang.reflect.Method.invoke(Native Method)
W/Conscrypt(  965): 	at java.lang.reflect.Method.invoke(Method.java:372)
W/Conscrypt(  965): Caused by: android.system.ErrnoException: setsockopt failed: EBADF (Bad file number)
W/Conscrypt(  965): 	at libcore.io.Posix.setsockoptTimeval(Native Method)
W/Conscrypt(  965): 	at libcore.io.ForwardingOs.setsockoptTimeval(ForwardingOs.java:147)
I/InstantApps(  965): DomainFilterImpl: Domain filter response size: 206245
I/SystemUpdate(  987): [Control,ChimeraGcmTaskService] Task started with tag: DeviceCharging.
I/SystemUpdate(  987): [Control,ChimeraGcmTaskService] Scheduling task: DeviceCharging.
I/SystemUpdate(  987): [Execution,InstallationEventIntentOperation] Handling event of type 4.
I/SystemUpdate(  987): [Execution,InstallationIntentOperation] Received intent: Intent { act=com.google.android.gms.update.INSTALL_UPDATE cat=[targeted_intent_op_prefix:.update.execution.InstallationIntentOperation] cmp=com.google.android.gms/.chimera.GmsIntentOperationService }.
I/SystemUpdate(  987): [Control,InstallationControl] Installation progress updated to (0x410, -1.000).
W/Wifi    ( 3458): Failed to read packet and byte counts from wifi interface
I/SystemUpdate(  987): [Control,ChimeraGcmTaskService] Scheduling task: DeviceCharging.
I/SystemUpdate(  987): [Execution,ExecutionManager] Action non-ab-reboot executed for 0.10 seconds.
I/SystemUpdate(  987): [Execution,ExecutionManager] Action fixed-delay-execution executed for 0.01 seconds.
W/Wifi    ( 3458): Failed to read packet and byte counts from wifi interface
W/Wifi    ( 3458): Failed to read packet and byte counts from wifi interface
D/AndroidRuntime(28662): >>>>>> START com.android.internal.os.RuntimeInit uid 2000 <<<<<<
D/AndroidRuntime(28662): CheckJNI is OFF
D/AndroidRuntime(28662): Calling main entry com.android.commands.pm.Pm
I/art     (28662): System.exit called, status: 0
I/AndroidRuntime(28662): VM exiting with result code 0.
D/AndroidRuntime(28675): >>>>>> START com.android.internal.os.RuntimeInit uid 2000 <<<<<<
D/AndroidRuntime(28675): CheckJNI is OFF
W/Wifi    ( 3458): Failed to read packet and byte counts from wifi interface
D/AndroidRuntime(28675): Calling main entry com.android.commands.pm.Pm
I/art     (28675): System.exit called, status: 0
I/AndroidRuntime(28675): VM exiting with result code 0.
D/AndroidRuntime(28705): >>>>>> START com.android.internal.os.RuntimeInit uid 2000 <<<<<<
D/AndroidRuntime(28705): CheckJNI is OFF
W/SharedBatteryStatusUpdater(28454): Failed to publish battery status: Status{statusCode=TIMEOUT, resolution=null}
D/MusicLifecycle(28454): com.google.android.music.wear.WearDataTransferConnectionService generated event: Service destroyed
E/tegra_memtrack_hal(  451): failed to read header for pid 451: Operation not permitted
E/tegra_memtrack_hal(  451): failed to read header for pid 451: Operation not permitted
E/tegra_memtrack_hal(  451): failed to read header for pid 451: Operation not permitted
E/tegra_memtrack_hal(  451): failed to read header for pid 451: Operation not permitted
E/tegra_memtrack_hal(  451): failed to read header for pid 451: Operation not permitted
W/Wifi    ( 3458): Failed to read packet and byte counts from wifi interface
D/AndroidRuntime(28705): Calling main entry com.android.commands.monkey.Monkey
W/BroadcastQueue(  451): Skipping deliver [background] BroadcastRecord{303abc5e u-1 android.net.conn.CONNECTIVITY_CHANGE} to ReceiverList{3d1b083f 28705 (unknown name)/2000/u-1 remote:1d45fae0}: process crashing
I/ActivityManager(  451): START u0 {act=android.intent.action.MAIN cat=[android.intent.category.LAUNCHER] flg=0x10200000 cmp=com.quicinc.trepn/.userinterface.main.TrepnActivity} from uid 2000 on display 0
V/WindowManager(  451): addAppToken: AppWindowToken{3bf2406a token=Token{1cc65e55 ActivityRecord{20bfe50c u0 com.quicinc.trepn/.userinterface.main.TrepnActivity t3776}}} to stack=1 task=3776 at 0
I/MicroDetector(15005): Keeping mic open: false
I/AudioController(15005): internalShutdown
I/MicrophoneInputStream(15005): mic_close com.google.android.apps.gsa.speech.audio.af@33624b3f
I/MicroRecognitionRunner(15005): Stopping hotword detection.
I/DeviceStateChecker(15005): DeviceStateChecker cancelled
V/WindowManager(  451): Adding window Window{393d030d u0 Starting com.quicinc.trepn} at 4 of 17 (after Window{24e7d509 u0 com.android.chrome/org.chromium.chrome.browser.firstrun.FirstRunActivity})
I/SoundTriggerHwService::Module(  205): void android::SoundTriggerHwService::Module::onCallbackEvent(const android::sp<android::SoundTriggerHwService::CallbackEvent>&) mClient == 0
I/MicroRecognitionRunner(15005): Detection finished
I/CwMcuSensor(  451): CwMcuSensor::flush: fd = 253, sensors_id = 0, path = /sys/class/htc_sensorhub/sensor_hub/flush, err = 0
I/art     (28705): System.exit called, status: 0
I/AndroidRuntime(28705): VM exiting with result code 0.
D/OpenGLRenderer(26777): Use EGL_SWAP_BEHAVIOR_PRESERVED: true
V/WindowManager(  451): Adding window Window{1283ca41 u0 com.quicinc.trepn/com.quicinc.trepn.userinterface.main.TrepnActivity} at 4 of 18 (before Window{393d030d u0 Starting com.quicinc.trepn})
I/OpenGLRenderer(26777): Initialized EGL, version 1.4
D/OpenGLRenderer(26777): Enabling debug mode 0
I/ActivityManager(  451): Displayed com.quicinc.trepn/.userinterface.main.TrepnActivity: +501ms
E/WifiStateMachine(  451): WifiStateMachine CMD_START_SCAN source -2 txSuccessRate=19.08 rxSuccessRate=43.75 targetRoamBSSID=any RSSI=-57
W/Wifi    ( 3458): Failed to read packet and byte counts from wifi interface
I/MemoryTrimmer(  902): Trimming objects from memory, since app is in the background.
I/PBSessionCacheImpl(15005): Deleted sessionId[13690465793431] from persistence.
W/Wifi    ( 3458): Failed to read packet and byte counts from wifi interface
W/Wifi    ( 3458): Failed to read packet and byte counts from wifi interface
W/Wifi    ( 3458): Failed to read packet and byte counts from wifi interface
W/Wifi    ( 3458): Failed to read packet and byte counts from wifi interface
E/Finsky  (28589): [6947] com.google.android.finsky.ar.c.a(34): Unable to build selector: /storage/emulated/0/Download/marketenvs.csv: open failed: ENOENT (No such file or directory)
I/Finsky  (28589): [6977] com.google.android.finsky.df.a.a.a.b(90): Triggered update for experiment package com.google.android.finsky.stable.
I/Finsky  (28589): [6977] com.google.android.finsky.df.a.a.a.b(111): Already at the latest configurations for experiment package com.google.android.finsky.stable.
I/Finsky  (28589): [6976] com.google.android.finsky.df.a.a.a.b(90): Triggered update for experiment package com.google.android.finsky.regular.
I/Finsky  (28589): [6976] com.google.android.finsky.df.a.a.a.b(111): Already at the latest configurations for experiment package com.google.android.finsky.regular.
I/Finsky  (28589): [6973] com.google.android.finsky.df.a.a.a.b(90): Triggered update for experiment package com.google.android.finsky.regular.
I/Finsky  (28589): [6973] com.google.android.finsky.df.a.a.a.b(111): Already at the latest configurations for experiment package com.google.android.finsky.regular.
I/Finsky  (28589): [6977] com.google.android.finsky.df.a.a.a.b(90): Triggered update for experiment package com.google.android.finsky.regular.
I/Finsky  (28589): [6977] com.google.android.finsky.df.a.l.b(25): Started reading experiment flags from file [v6B-2IolLQRBwrwPhscSaeg04As].
I/Finsky  (28589): [6977] com.google.android.finsky.df.a.l.b(61): Finished reading experiment flags from file [v6B-2IolLQRBwrwPhscSaeg04As].
I/Finsky  (28589): [6977] com.google.android.finsky.df.a.a.a.b(111): Already at the latest configurations for experiment package com.google.android.finsky.regular.
I/Finsky  (28589): [1] com.google.android.finsky.wear.WearSupportService.onStartCommand(26): Starting WearSupportService for send_installed_apps
I/Finsky  (28589): [1] com.google.android.finsky.wear.x.a(18): Connecting to wearable
I/WearableService(  965): Wearable Services not starting - Wear is not available on this device.
W/WearableService(  965): onGetService - Wear is not available on this device.
E/Finsky  (28589): [1] com.google.android.finsky.wear.y.a(3): onConnectionFailed: ConnectionResult{statusCode=API_UNAVAILABLE, resolution=null, message=null}
W/Finsky  (28589): [1] com.google.android.finsky.wear.x.b(31): GoogleApiClient instance is not connected when requested
W/Finsky  (28589): [1] com.google.android.finsky.wear.dq.run(16): Dropping command=send_installed_apps due to Gms not connected
I/Finsky  (28589): [1] com.google.android.finsky.wear.WearSupportService.b(66): Stopping WearSupportService
I/Finsky  (28589): [1] com.google.android.finsky.cl.a.onTrimMemory(7): Memory trim requested to level 80
I/ShortcutBadger(28589): Checking if platform supports badge counters, attempt 1/3.
I/ShortcutBadger(28589): Checking if platform supports badge counters, attempt 2/3.
I/ShortcutBadger(28589): Checking if platform supports badge counters, attempt 3/3.
W/ShortcutBadger(28589): Badge counter seems not supported in this platform: unable to resolve intent: Intent { act=android.intent.action.BADGE_COUNT_UPDATE (has extras) }
I/Finsky  (28589): [6976] com.google.android.finsky.verifier.impl.av.a(7): Restoring notifications
D/AndroidRuntime(28730): >>>>>> START com.android.internal.os.RuntimeInit uid 2000 <<<<<<
D/AndroidRuntime(28730): CheckJNI is OFF
I/Finsky  (28589): [1] com.google.android.finsky.verifier.impl.av.c(45): Done restoring notifications
I/Finsky  (28589): [1] com.google.android.finsky.cl.a.onTrimMemory(7): Memory trim requested to level 80
I/Finsky  (28589): [1] com.google.android.finsky.setup.ay.run(25): Detected restoreservicev2://recovery not needed, will not run
D/AndroidRuntime(28730): Calling main entry com.android.commands.am.Am
I/Trepn   (26777): Trepn 6.2s: Received intent: com.quicinc.trepn.load_preferences; filename: /sdcard/trepn/saved_preferences/trepn.pref
D/AndroidRuntime(28730): Shutting down VM
W/Wifi    ( 3458): Failed to read packet and byte counts from wifi interface
I/vgn     (  965): 67-RequestPlaceUpdates -- metadata{ service_id: 0 }
I/vgn     (  965): 67-RemovePlaceUpdates -- metadata{ service_id: 0 }
I/Places  (  965): ?: PlacesBleScanner stop()
I/BeaconBle(  965): Scan canceled successfully.
I/PlaceInferenceEngine(  965): [anon] Changed inference mode: 0
I/GeofencerStateMachine(  965): removeGeofences: removeRequest=RemoveGeofencingRequest[REMOVE_BY_PENDING_INTENT pendingIntent=PendingIntent[creatorPackage=com.google.android.gms], packageName=null]
W/Wifi    ( 3458): Failed to read packet and byte counts from wifi interface
D/AndroidRuntime(28760): >>>>>> START com.android.internal.os.RuntimeInit uid 2000 <<<<<<
D/AndroidRuntime(28760): CheckJNI is OFF
D/AndroidRuntime(28760): Calling main entry com.android.commands.am.Am
I/ActivityManager(  451): Force stopping com.quicinc.trepn appid=10091 user=0: from pid 28760
I/ActivityManager(  451): Killing 26777:com.quicinc.trepn/u0a91 (adj 0): stop com.quicinc.trepn
W/InputDispatcher(  451): channel '1283ca41 com.quicinc.trepn/com.quicinc.trepn.userinterface.main.TrepnActivity (server)' ~ Consumer closed input channel or an error occurred.  events=0x9
E/InputDispatcher(  451): channel '1283ca41 com.quicinc.trepn/com.quicinc.trepn.userinterface.main.TrepnActivity (server)' ~ Channel is unrecoverably broken and will be disposed!
I/WindowState(  451): WIN DEATH: Window{1283ca41 u0 com.quicinc.trepn/com.quicinc.trepn.userinterface.main.TrepnActivity}
W/InputDispatcher(  451): Attempted to unregister already unregistered input channel '1283ca41 com.quicinc.trepn/com.quicinc.trepn.userinterface.main.TrepnActivity (server)'
W/ActivityManager(  451): Scheduling restart of crashed service com.quicinc.trepn/.TrepnService in 1000ms
W/ActivityManager(  451): Force removing ActivityRecord{20bfe50c u0 com.quicinc.trepn/.userinterface.main.TrepnActivity t3776}: app died, no saved state
I/ActivityManager(  451):   Force stopping service ServiceRecord{392618fb u0 com.quicinc.trepn/.TrepnService}
W/ActivityManager(  451): Spurious death for ProcessRecord{ac7f2f 26777:com.quicinc.trepn/u0a91}, curProc for 26777: null
D/AndroidRuntime(28760): Shutting down VM
I/OpenGLRenderer(  902): Initialized EGL, version 1.4
W/InputMethodManagerService(  451): Got RemoteException sending setActive(false) notification to pid 26777 uid 10091
W/Wifi    ( 3458): Failed to read packet and byte counts from wifi interface
V/RenderScript(  902): Application requested CPU execution
V/RenderScript(  902): 0x559c47d690 Launching thread(s), CPUs 2
W/SessionLifecycleManager(15005): Handover failed. Creating new session controller.
W/LocationOracle(15005): No location history returned by ContextManager
I/MicroDetectionWorker(15005): #updateMicroDetector [detectionMode: [mDetectionMode: [1]]]
I/MicroDetectionWorker(15005): #startMicroDetector [speakerMode: 0]
D/BluetoothAdapter(15005): 282265226: getState() :  mService = null. Returning STATE_OFF
D/BluetoothAdapter(15005): 282265226: getState() :  mService = null. Returning STATE_OFF
I/VoiceSearchSettings(15005): Hotword upgrade key is null!
D/BluetoothAdapter(15005): 282265226: getState() :  mService = null. Returning STATE_OFF
I/VoiceSearchSettings(15005): Hotword upgrade key is null!
D/BluetoothAdapter(15005): 282265226: getState() :  mService = null. Returning STATE_OFF
I/MicroRecognitionRunner(15005): Starting detection.
I/MicrophoneInputStream(15005): mic_starting com.google.android.apps.gsa.speech.audio.af@36c21aee
I/MicroDetectionWorker(15005): onReady
I/AudioFlinger(  205): AudioFlinger's thread 0xabc00648 ready to run
I/SoundTriggerHwService::Module(  205): void android::SoundTriggerHwService::Module::onCallbackEvent(const android::sp<android::SoundTriggerHwService::CallbackEvent>&) mClient == 0
I/MicrophoneInputStream(15005): mic_started com.google.android.apps.gsa.speech.audio.af@36c21aee
W/ctxmgr  (  965): [AclManager]No 3 for (accnt=account#-517948760#, com.google.android.gms(10008):UserVelocityProducer, vrsn=12685011, 0, 3pPkg = null ,  3pMdlId = null ,  pid = 965). Was: 3 for 1, account#-517948760#
E/SQLiteLog(  965): (2067) abort at 35 in [INSERT INTO context(context_name,end_time,context_family,module_id,version,sync_state_mod_time_millis,start_time,sync_state,context_id,time_type,proto_blob) VALUES (?,?,?,?,?,?,?,?,?,?,?)]: UNI
E/SQLiteLog(  965): (2067) abort at 35 in [INSERT INTO context(context_name,end_time,context_family,module_id,version,sync_state_mod_time_millis,start_time,sync_state,context_id,time_type,proto_blob) VALUES (?,?,?,?,?,?,?,?,?,?,?)]: UNI
E/SQLiteLog(  965): (2067) abort at 35 in [INSERT INTO context(context_name,end_time,context_family,module_id,version,sync_state_mod_time_millis,start_time,sync_state,context_id,time_type,proto_blob) VALUES (?,?,?,?,?,?,?,?,?,?,?)]: UNI
I/vgn     (  965): 67-RequestPlaceUpdates -- metadata{ service_id: 0 }
I/GeofencerStateMachine(  965): removeGeofences: removeRequest=RemoveGeofencingRequest[REMOVE_BY_PENDING_INTENT pendingIntent=PendingIntent[creatorPackage=com.google.android.gms], packageName=null]
I/GeofencerStateMachine(  965): removeGeofences: removeRequest=RemoveGeofencingRequest[REMOVE_BY_PENDING_INTENT pendingIntent=PendingIntent[creatorPackage=com.google.android.gms], packageName=null]
I/PlaceInferenceEngine(  965): [anon] Changed inference mode: 0
I/vgn     (  965): 67-RequestPlaceUpdates -- metadata{ service_id: 0 }
I/Places  (  965): ?: PlacesBleScanner start() with priority 2
I/PlaceInferenceEngine(  965): [anon] Changed inference mode: 1
I/MicroDetectionWorker(15005): onReady
I/art     (  451): Explicit concurrent mark sweep GC freed 27592(1379KB) AllocSpace objects, 7(140KB) LOS objects, 33% free, 30MB/45MB, paused 802us total 137.188ms
I/BeaconBle(  965): Client requested scan, settings=BleSettings [scanMode=ZERO_POWER, callbackType=ALL_MATCHES, reportDelayMillis=0, 1 filters, 0 clients, callingClientName=Places]
E/BeaconBle(  965): Scan couldn't start for Places
W/Places  (  965): BLE failure while scanning - code 5
I/Places  (  965): Converted 22 out of 22 WiFi scans
I/PlaceInferenceEngine(  965): [anon] Changed inference mode: 1
W/OpenGLRenderer(  902): Incorrectly called buildLayer on View: ShortcutAndWidgetContainer, destroying layer...
I/PlaceInferenceEngine(  965): No beacon scan available - ignoring candidates.
W/Wifi    ( 3458): Failed to read packet and byte counts from wifi interface
W/ctxmgr  (  965): [AclManager]No 2 for (accnt=account#-517948760#, com.google.android.gms(10008):PlacesProducer, vrsn=12685000, 0, 3pPkg = null ,  3pMdlId = null ,  pid = 965). Was: 3 for 18, account#-517948760#
W/Wifi    ( 3458): Failed to read packet and byte counts from wifi interface
D/AndroidRuntime(28780): >>>>>> START com.android.internal.os.RuntimeInit uid 2000 <<<<<<
I/WearableService(  965): Wearable Services stopping
D/AndroidRuntime(28780): CheckJNI is OFF
D/AndroidRuntime(28780): Calling main entry com.android.commands.am.Am
I/ActivityManager(  451): Start proc 28792:com.quicinc.trepn/u0a91 for service com.quicinc.trepn/.TrepnService
D/AndroidRuntime(28780): Shutting down VM
W/Wifi    ( 3458): Failed to read packet and byte counts from wifi interface
D/AndroidRuntime(28825): >>>>>> START com.android.internal.os.RuntimeInit uid 2000 <<<<<<
D/AndroidRuntime(28825): CheckJNI is OFF
D/AndroidRuntime(28825): Calling main entry com.android.commands.am.Am
I/ActivityManager(  451): Force stopping com.android.chrome appid=10035 user=0: from pid 28825
I/ActivityManager(  451): Killing 26891:com.android.chrome:privileged_process0/u0a35 (adj 9): stop com.android.chrome
W/cr_ChildProcessConn(26822): onServiceDisconnected (crash or killed by oom): pid=26891
W/ActivityManager(  451): Scheduling restart of crashed service com.android.chrome/org.chromium.content.app.PrivilegedProcessService0 in 1000ms
I/ActivityManager(  451): Killing 26822:com.android.chrome/u0a35 (adj 9): stop com.android.chrome
D/ConnectivityService(  451): ConnectivityService NetworkRequestInfo binderDied(NetworkRequest [ id=661, legacyType=-1, [ Capabilities: INTERNET&NOT_RESTRICTED&TRUSTED] ], android.os.BinderProxy@bfe0b71)
D/ConnectivityService(  451): releasing NetworkRequest NetworkRequest [ id=661, legacyType=-1, [ Capabilities: INTERNET&NOT_RESTRICTED&TRUSTED] ]
I/WindowState(  451): WIN DEATH: Window{24e7d509 u0 com.android.chrome/org.chromium.chrome.browser.firstrun.FirstRunActivity}
E/ConnectivityService(  451): RemoteException caught trying to send a callback msg for NetworkRequest [ id=661, legacyType=-1, [ Capabilities: INTERNET&NOT_RESTRICTED&TRUSTED] ]
I/ActivityManager(  451):   Force finishing activity 3 ActivityRecord{d63f50d u0 com.android.chrome/org.chromium.chrome.browser.firstrun.FirstRunActivity t3775}
W/ActivityManager(  451): Spurious death for ProcessRecord{97e0c26 26891:com.android.chrome:privileged_process0/u0a35}, curProc for 26891: null
W/ActivityManager(  451): Unbind failed: could not find connection for android.os.BinderProxy@15e4c4a7
W/ActivityManager(  451): Spurious death for ProcessRecord{15cdf9d5 26822:com.android.chrome/u0a35}, curProc for 26822: null
W/Wifi    ( 3458): Failed to read packet and byte counts from wifi interface
I/ActivityManager(  451): START u0 {act=android.intent.action.VIEW flg=0x10008000 cmp=com.android.chrome/com.google.android.apps.chrome.Main} from uid 2000 on display 0
V/WindowManager(  451): addAppToken: AppWindowToken{8363ac4 token=Token{3172c1d7 ActivityRecord{d0d7d56 u0 com.android.chrome/com.google.android.apps.chrome.Main t3777}}} to stack=1 task=3777 at 0
D/AndroidRuntime(28825): Shutting down VM
I/ActivityManager(  451): Start proc 28843:com.android.chrome/u0a35 for activity com.android.chrome/com.google.android.apps.chrome.Main
W/DynamiteModule(28843): Local module descriptor class for com.google.android.gms.googlecertificates not found.
I/DynamiteModule(28843): Considering local module com.google.android.gms.googlecertificates:0 and remote module com.google.android.gms.googlecertificates:4
I/DynamiteModule(28843): Selected remote version of com.google.android.gms.googlecertificates, version >= 4
W/ResourcesManager(28843): Asset path '/system/framework/com.android.media.remotedisplay.jar' does not exist or contains no resources.
W/ResourcesManager(28843): Asset path '/system/framework/com.android.location.provider.jar' does not exist or contains no resources.
I/cr_InstantAppsHandler(28843): Not handling with Instant Apps (other)
I/ActivityManager(  451): START u0 {cmp=com.android.chrome/org.chromium.chrome.browser.firstrun.FirstRunActivity (has extras)} from uid 10035 on display 0
V/WindowManager(  451): addAppToken: AppWindowToken{26f52565 token=Token{10801e5c ActivityRecord{135e14cf u0 com.android.chrome/org.chromium.chrome.browser.firstrun.FirstRunActivity t3778}}} to stack=1 task=3778 at 0
I/cr_LibraryLoader(28843): Using linker: org.chromium.base.library_loader.LegacyLinker
W/linker  (28843): libchromium_android_linker.so: unused DT entry: type 0x6ffffffe arg 0xce8
W/linker  (28843): libchromium_android_linker.so: unused DT entry: type 0x6fffffff arg 0x3
D/OpenGLRenderer(28843): Use EGL_SWAP_BEHAVIOR_PRESERVED: true
V/WindowManager(  451): Based on layer: Adding window Window{117b9c1d u0 com.android.chrome/org.chromium.chrome.browser.firstrun.FirstRunActivity} at 3 of 16
I/cr_LibraryLoader(28843): Loading chrome from within /data/app/com.android.chrome-2/base.apk
I/OpenGLRenderer(28843): Initialized EGL, version 1.4
D/OpenGLRenderer(28843): Enabling debug mode 0
I/ActivityManager(  451): Displayed com.android.chrome/org.chromium.chrome.browser.firstrun.FirstRunActivity: +318ms (total +654ms)
W/cr_ChildProcLH(28843): Create a new ChildConnectionAllocator with package name = com.android.chrome, sandboxed = true
I/cr_LibraryLoader(28843): Time to load native libraries: 330 ms (timestamps 4170-4500)
I/chromium(28843): [INFO:library_loader_hooks.cc(136)] Chromium logging enabled: level = 0, default verbosity = 0
I/cr_LibraryLoader(28843): Expected native library version number "61.0.3163.98", actual native library version number "61.0.3163.98"
I/ActivityManager(  451): Start proc 28871:com.android.chrome:sandboxed_process0/u0i712 for service com.android.chrome/org.chromium.content.app.SandboxedProcessService0
I/cr_BrowserStartup(28843): Initializing chromium process, singleProcess=false
W/Wifi    ( 3458): Failed to read packet and byte counts from wifi interface
W/dboxed_process0(28871): type=1400 audit(0.0:854): avc: denied { search } for name="tmp" dev="dm-0" ino=49 scontext=u:r:isolated_app:s0 tcontext=u:object_r:shell_data_file:s0 tclass=dir permissive=0
I/cr_ChildProcessService(28871): Creating new ChildProcessService pid=28871
I/ActivityManager(  451): Start proc 28907:com.android.chrome:privileged_process0/u0a35 for service com.android.chrome/org.chromium.content.app.PrivilegedProcessService0
D/ConnectivityService(  451): listenForNetwork for NetworkRequest [ id=668, legacyType=-1, [ Capabilities: INTERNET&NOT_RESTRICTED&TRUSTED] ]
D/ConnectivityService(  451): handleRegisterNetworkRequest checking NetworkAgentInfo [WIFI () - 126]
D/ConnectivityService(  451): apparently satisfied.  currentScore=60
D/ConnectivityManager.CallbackHandler(28843): CM callback handler got msg 524290
I/cr_ChildProcessService(28907): Creating new ChildProcessService pid=28907
I/cr_LibraryLoader(28907): Using linker: org.chromium.base.library_loader.LegacyLinker
W/linker  (28907): libchromium_android_linker.so: unused DT entry: type 0x6ffffffe arg 0xce8
W/linker  (28907): libchromium_android_linker.so: unused DT entry: type 0x6fffffff arg 0x3
W/ResourceType(  627): No package identifier when getting value for resource number 0x00000000
W/PackageManager(  627): Failure retrieving resources for com.quicinc.trepn: Resource ID #0x0
D/ConnectivityService(  451): listenForNetwork for NetworkRequest [ id=669, legacyType=-1, [ Capabilities: INTERNET&NOT_RESTRICTED&TRUSTED] ]
D/ConnectivityService(  451): handleRegisterNetworkRequest checking NetworkAgentInfo [WIFI () - 126]
D/ConnectivityService(  451): apparently satisfied.  currentScore=60
I/cr_LibraryLoader(28907): Loading chrome from within /data/app/com.android.chrome-2/base.apk
D/ConnectivityManager.CallbackHandler(28843): CM callback handler got msg 524290
W/cr_KnoxSettingsProvider(28843): Permission to read device policy denied.
I/orc     (  987): 28-GetActiveNetworkQuality -- metadata{ service_id: 0 }
I/cr_LibraryLoader(28907): Time to load native libraries: 150 ms (timestamps 5127-5277)
I/chromium(28907): [INFO:library_loader_hooks.cc(136)] Chromium logging enabled: level = 0, default verbosity = 0
I/cr_LibraryLoader(28907): Expected native library version number "61.0.3163.98", actual native library version number "61.0.3163.98"
E/libEGL  (28907): validate_display:255 error 3008 (EGL_BAD_DISPLAY)
I/art     (28843): Background sticky concurrent mark sweep GC freed 24877(1815KB) AllocSpace objects, 7(139KB) LOS objects, 14% free, 10MB/11MB, paused 2.393ms total 119.431ms
W/VideoCapabilities(28907): Unsupported mime video/mpeg2
W/AudioCapabilities(28907): Unsupported mime audio/mpeg-L2
W/VideoCapabilities(28907): Unrecognized level 0 for video/x-vnd.on2.vp8
I/vgn     (  965): 35-GetDeviceDataUploadOptInStatusOperation -- metadata{ service_id: 0 }
I/vgn     (  965): 35-GetDeviceDataUploadOptInStatusOperation -- metadata{ service_id: 0 }
I/VideoCapabilities(28907): Unsupported profile 4 for video/mp4v-es
W/cr_MediaCodecUtil(28907): HW encoder for video/avc is not available on this device.
W/Wifi    ( 3458): Failed to read packet and byte counts from wifi interface
I/cr_LibraryLoader(28871): Using linker: org.chromium.base.library_loader.LegacyLinker
W/linker  (28871): libchromium_android_linker.so: unused DT entry: type 0x6ffffffe arg 0xce8
W/linker  (28871): libchromium_android_linker.so: unused DT entry: type 0x6fffffff arg 0x3
I/cr_LibraryLoader(28871): Loading chrome from within /data/app/com.android.chrome-2/base.apk
W/Herrevad(  987): [4319] wux.b: Invalid mccmnc 
I/cr_LibraryLoader(28871): Time to load native libraries: 83 ms (timestamps 5675-5758)
I/chromium(28871): [INFO:library_loader_hooks.cc(136)] Chromium logging enabled: level = 0, default verbosity = 0
I/cr_LibraryLoader(28871): Expected native library version number "61.0.3163.98", actual native library version number "61.0.3163.98"
W/Herrevad(  987): [4319] wux.b: Invalid mccmnc 
I/Icing   (  987): IndexChimeraService.getServiceInterface callingPackage=com.google.android.music componentName=null serviceId=36
F/PowerManager(28301): WakeLock finalized while still held: LockScreen ==KeepScreenOn==
I/vgn     (  965): 19-GetFileDescriptorAndDelete -- metadata{ service_id: 0 }
I/Icing   (  987): IndexChimeraService.getServiceInterface callingPackage=com.google.android.music componentName=null serviceId=36
I/Icing   (  987): Usage reports ok 0, Failed Usage reports 0, indexed 0, rejected 0, imm upload false
I/vgn     (  965): 19-GetFileDescriptorAndDelete -- metadata{ service_id: 0 }
I/Icing   (  987): IndexChimeraService.getServiceInterface callingPackage=com.google.android.music componentName=null serviceId=36
I/Icing   (  987): Usage reports ok 0, Failed Usage reports 0, indexed 0, rejected 0, imm upload false
I/vgn     (  965): 19-GetFileDescriptorAndDelete -- metadata{ service_id: 0 }
I/Icing   (  987): Usage reports ok 0, Failed Usage reports 0, indexed 0, rejected 0, imm upload false
I/Icing   (  987): IndexChimeraService.getServiceInterface callingPackage=com.google.android.music componentName=null serviceId=36
I/vgn     (  965): 19-GetFileDescriptorAndDelete -- metadata{ service_id: 0 }
I/Icing   (  987): Usage reports ok 0, Failed Usage reports 0, indexed 0, rejected 0, imm upload false
I/Icing   (  987): IndexChimeraService.getServiceInterface callingPackage=com.google.android.music componentName=null serviceId=36
I/vgn     (  965): 19-GetFileDescriptorAndDelete -- metadata{ service_id: 0 }
I/Icing   (  987): Usage reports ok 0, Failed Usage reports 0, indexed 0, rejected 0, imm upload false
I/Icing   (  987): IndexChimeraService.getServiceInterface callingPackage=com.google.android.music componentName=null serviceId=36
I/vgn     (  965): 19-GetFileDescriptorAndDelete -- metadata{ service_id: 0 }
I/Icing   (  987): Usage reports ok 0, Failed Usage reports 0, indexed 0, rejected 0, imm upload false
I/Icing   (  987): IndexChimeraService.getServiceInterface callingPackage=com.google.android.music componentName=null serviceId=36
I/vgn     (  965): 19-GetFileDescriptorAndDelete -- metadata{ service_id: 0 }
I/Icing   (  987): Usage reports ok 0, Failed Usage reports 0, indexed 0, rejected 0, imm upload false
W/Wifi    ( 3458): Failed to read packet and byte counts from wifi interface
W/Wifi    ( 3458): Failed to read packet and byte counts from wifi interface
W/Wifi    ( 3458): Failed to read packet and byte counts from wifi interface
D/AndroidRuntime(28945): >>>>>> START com.android.internal.os.RuntimeInit uid 2000 <<<<<<
D/AndroidRuntime(28945): CheckJNI is OFF
W/Wifi    ( 3458): Failed to read packet and byte counts from wifi interface
D/AndroidRuntime(28945): Calling main entry com.android.commands.input.Input
I/Input   (28945): injectMotionEvent: MotionEvent { action=ACTION_DOWN, id[0]=0, x[0]=700.0, y[0]=1550.0, toolType[0]=TOOL_TYPE_UNKNOWN, buttonState=0, metaState=0, flags=0x0, edgeFlags=0x0, pointerCount=1, historySize=0, eventTime=71959596, downTime=71959596, deviceId=0, source=0x1002 }
I/Input   (28945): injectMotionEvent: MotionEvent { action=ACTION_UP, id[0]=0, x[0]=700.0, y[0]=1550.0, toolType[0]=TOOL_TYPE_UNKNOWN, buttonState=0, metaState=0, flags=0x0, edgeFlags=0x0, pointerCount=1, historySize=0, eventTime=71959596, downTime=71959596, deviceId=0, source=0x1002 }
D/AndroidRuntime(28945): Shutting down VM
W/Wifi    ( 3458): Failed to read packet and byte counts from wifi interface
I/chromium(28871): [INFO:child_process_service_impl.cc(70)] ChildProcessServiceImpl: Exiting child process.
W/cr_ChildProcessConn(28843): onServiceDisconnected (crash or killed by oom): pid=28871
W/libprocessgroup(  451): failed to open /acct/uid_10035/pid_28871/cgroup.procs: No such file or directory
I/ActivityManager(  451): Process com.android.chrome:sandboxed_process0 (pid 28871) has died
W/ActivityManager(  451): Scheduling restart of crashed service com.android.chrome/org.chromium.content.app.SandboxedProcessService0 in 1000ms
W/Wifi    ( 3458): Failed to read packet and byte counts from wifi interface
E/WifiStateMachine(  451): WifiStateMachine CMD_START_SCAN source -2 txSuccessRate=14.90 rxSuccessRate=16.97 targetRoamBSSID=any RSSI=-57
W/Wifi    ( 3458): Failed to read packet and byte counts from wifi interface
W/Wifi    ( 3458): Failed to read packet and byte counts from wifi interface
W/Wifi    ( 3458): Failed to read packet and byte counts from wifi interface
D/AndroidRuntime(28970): >>>>>> START com.android.internal.os.RuntimeInit uid 2000 <<<<<<
D/AndroidRuntime(28970): CheckJNI is OFF
D/AndroidRuntime(28970): Calling main entry com.android.commands.input.Input
I/Input   (28970): injectMotionEvent: MotionEvent { action=ACTION_DOWN, id[0]=0, x[0]=372.0, y[0]=1530.0, toolType[0]=TOOL_TYPE_UNKNOWN, buttonState=0, metaState=0, flags=0x0, edgeFlags=0x0, pointerCount=1, historySize=0, eventTime=71965443, downTime=71965443, deviceId=0, source=0x1002 }
I/Input   (28970): injectMotionEvent: MotionEvent { action=ACTION_UP, id[0]=0, x[0]=372.0, y[0]=1530.0, toolType[0]=TOOL_TYPE_UNKNOWN, buttonState=0, metaState=0, flags=0x0, edgeFlags=0x0, pointerCount=1, historySize=0, eventTime=71965443, downTime=71965443, deviceId=0, source=0x1002 }
D/AndroidRuntime(28970): Shutting down VM
I/ActivityManager(  451): START u0 {act=android.intent.action.VIEW flg=0x10808000 cmp=com.android.chrome/com.google.android.apps.chrome.Main (has extras)} from uid 10035 on display 0
D/audio_hw_primary(  205): out_set_parameters: enter: usecase(0: playback) kvpairs: routing=2 out->devices(2) adev->mode(0)
V/WindowManager(  451): addAppToken: AppWindowToken{7e13405 token=Token{10aec37c ActivityRecord{b799a6f u0 com.android.chrome/com.google.android.apps.chrome.Main t3779}}} to stack=1 task=3779 at 0
D/ConnectivityService(  451): releasing NetworkRequest NetworkRequest [ id=669, legacyType=-1, [ Capabilities: INTERNET&NOT_RESTRICTED&TRUSTED] ]
D/ConnectivityManager.CallbackHandler(28843): CM callback handler got msg 524296
D/ConnectivityService(  451): listenForNetwork for NetworkRequest [ id=670, legacyType=-1, [ Capabilities: INTERNET&NOT_RESTRICTED&TRUSTED] ]
D/ConnectivityService(  451): handleRegisterNetworkRequest checking NetworkAgentInfo [WIFI () - 126]
D/ConnectivityService(  451): apparently satisfied.  currentScore=60
D/ConnectivityManager.CallbackHandler(28843): CM callback handler got msg 524290
I/cr_InstantAppsHandler(28843): Not handling with Instant Apps (other)
I/ActivityManager(  451): START u0 {act=android.intent.action.VIEW flg=0x14002000 cmp=com.android.chrome/org.chromium.chrome.browser.ChromeTabbedActivity (has extras)} from uid 10035 on display 0
V/WindowManager(  451): addAppToken: AppWindowToken{35fa0614 token=Token{8246867 ActivityRecord{131a6426 u0 com.android.chrome/org.chromium.chrome.browser.ChromeTabbedActivity t3780}}} to stack=1 task=3780 at 0
V/WindowManager(  451): Based on layer: Adding window Window{2ef02875 u0 Starting com.android.chrome} at 4 of 17
W/Wifi    ( 3458): Failed to read packet and byte counts from wifi interface
I/MemoryTrimmer(15005): Trimming objects from memory, since app is in the background.
I/MemoryTrimmer(  902): Trimming objects from memory, since app is in the background.
I/PBSessionCacheImpl(15005): Deleted sessionId[13690465793432] from persistence.
I/art     (28843): Background partial concurrent mark sweep GC freed 14900(1005KB) AllocSpace objects, 4(64KB) LOS objects, 39% free, 10MB/18MB, paused 3.814ms total 116.396ms
W/cr_ChildProcLH(28843): Create a new ChildConnectionAllocator with package name = com.android.chrome, sandboxed = true
I/ActivityManager(  451): Start proc 28994:com.android.chrome:sandboxed_process0/u0i713 for service com.android.chrome/org.chromium.content.app.SandboxedProcessService0
V/WindowManager(  451): Adding window Window{2a09b8b0 u0 com.android.chrome/org.chromium.chrome.browser.ChromeTabbedActivity} at 4 of 18 (before Window{2ef02875 u0 Starting com.android.chrome})
I/art     (  211): Explicit concurrent mark sweep GC freed 704(30KB) AllocSpace objects, 0(0B) LOS objects, 39% free, 7MB/11MB, paused 2.071ms total 34.293ms
