W/Wifi    ( 3637): Failed to read packet and byte counts from wifi interface
W/Wifi    ( 3637): Failed to read packet and byte counts from wifi interface
W/Wifi    ( 3637): Failed to read packet and byte counts from wifi interface
E/WifiStateMachine(  454): WifiStateMachine CMD_START_SCAN source -2 txSuccessRate=5.32 rxSuccessRate=5.80 targetRoamBSSID=any RSSI=-48
E/WifiStateMachine(  454): WifiStateMachine starting scan for "YOU SHALL NOT PASS"WPA_PSK with 2437
W/Wifi    ( 3637): Failed to read packet and byte counts from wifi interface
W/Wifi    ( 3637): Failed to read packet and byte counts from wifi interface
W/Wifi    ( 3637): Failed to read packet and byte counts from wifi interface
W/Wifi    ( 3637): Failed to read packet and byte counts from wifi interface
W/Wifi    ( 3637): Failed to read packet and byte counts from wifi interface
W/Wifi    ( 3637): Failed to read packet and byte counts from wifi interface
W/Wifi    ( 3637): Failed to read packet and byte counts from wifi interface
W/Wifi    ( 3637): Failed to read packet and byte counts from wifi interface
W/Wifi    ( 3637): Failed to read packet and byte counts from wifi interface
W/Wifi    ( 3637): Failed to read packet and byte counts from wifi interface
W/Wifi    ( 3637): Failed to read packet and byte counts from wifi interface
W/Wifi    ( 3637): Failed to read packet and byte counts from wifi interface
W/Wifi    ( 3637): Failed to read packet and byte counts from wifi interface
W/Wifi    ( 3637): Failed to read packet and byte counts from wifi interface
W/Wifi    ( 3637): Failed to read packet and byte counts from wifi interface
W/Wifi    ( 3637): Failed to read packet and byte counts from wifi interface
W/Wifi    ( 3637): Failed to read packet and byte counts from wifi interface
W/Wifi    ( 3637): Failed to read packet and byte counts from wifi interface
W/Wifi    ( 3637): Failed to read packet and byte counts from wifi interface
W/Wifi    ( 3637): Failed to read packet and byte counts from wifi interface
E/WifiStateMachine(  454): WifiStateMachine CMD_START_SCAN source -2 txSuccessRate=0.01 rxSuccessRate=0.51 targetRoamBSSID=any RSSI=-49
W/ctxmgr  (  992): [AclManager]No 2 for (accnt=account#-517948760#, com.google.android.gms(10008):IndoorOutdoorProducer, vrsn=12685000, 0, 3pPkg = null ,  3pMdlId = null ,  pid = 992). Was: 3 for 57, account#-517948760#
W/Wifi    ( 3637): Failed to read packet and byte counts from wifi interface
W/Wifi    ( 3637): Failed to read packet and byte counts from wifi interface
W/Wifi    ( 3637): Failed to read packet and byte counts from wifi interface
W/Wifi    ( 3637): Failed to read packet and byte counts from wifi interface
W/Wifi    ( 3637): Failed to read packet and byte counts from wifi interface
W/Wifi    ( 3637): Failed to read packet and byte counts from wifi interface
W/Wifi    ( 3637): Failed to read packet and byte counts from wifi interface
W/Wifi    ( 3637): Failed to read packet and byte counts from wifi interface
W/Wifi    ( 3637): Failed to read packet and byte counts from wifi interface
W/Wifi    ( 3637): Failed to read packet and byte counts from wifi interface
W/Wifi    ( 3637): Failed to read packet and byte counts from wifi interface
E/WakeLock(  992): release without a matched acquire!
V/NativeCrypto(  992): Read error: ssl=0x5589a1f1c8: I/O error during system call, Connection reset by peer
I/SystemUpdate(  977): [Control,ChimeraGcmTaskService] Task started with tag: DeviceCharging.
I/SystemUpdate(  977): [Control,ChimeraGcmTaskService] Scheduling task: DeviceCharging.
E/tegra_memtrack_hal(  454): failed to read header for pid 454: Operation not permitted
E/tegra_memtrack_hal(  454): failed to read header for pid 454: Operation not permitted
E/tegra_memtrack_hal(  454): failed to read header for pid 454: Operation not permitted
E/tegra_memtrack_hal(  454): failed to read header for pid 454: Operation not permitted
E/tegra_memtrack_hal(  454): failed to read header for pid 454: Operation not permitted
V/NativeCrypto(  992): SSL shutdown failed: ssl=0x5589a1f1c8: I/O error during system call, Broken pipe
E/WakeLock(  992): release without a matched acquire!
D/ConnectivityService(  454): reportBadNetwork(NetworkAgentInfo [WIFI () - 101]) by 10008
D/NetworkMonitor/NetworkAgentInfo [WIFI () - 101](  454): ValidatedState{ when=-2ms what=532488 arg1=10008 target=com.android.internal.util.StateMachine$SmHandler }
D/NetworkMonitor/NetworkAgentInfo [WIFI () - 101](  454): DefaultState{ when=-2ms what=532488 arg1=10008 target=com.android.internal.util.StateMachine$SmHandler }
D/NetworkMonitor/NetworkAgentInfo [WIFI () - 101](  454): Forcing reevaluation
D/NetworkMonitor/NetworkAgentInfo [WIFI () - 101](  454): EvaluatingState{ when=-4ms what=532486 arg1=3 target=com.android.internal.util.StateMachine$SmHandler }
D/NetworkMonitor/NetworkAgentInfo [WIFI () - 101](  454): Checking http://connectivitycheck.android.com/generate_204 on "YOU SHALL NOT PASS"
W/ChimeraUtils(  977): Non Chimera context
I/SystemUpdate(  977): [Execution,InstallationEventIntentOperation] Handling event of type 4.
W/ChimeraUtils(  977): Non Chimera context
I/SystemUpdate(  977): [Execution,InstallationIntentOperation] Received intent: Intent { act=com.google.android.gms.update.INSTALL_UPDATE cat=[targeted_intent_op_prefix:.update.execution.InstallationIntentOperation] cmp=com.google.android.gms/.chimera.GmsIntentOperationService }.
I/SystemUpdate(  977): [Control,ChimeraGcmTaskService] Task started with tag: DeviceCharging.
W/FileClientSessionCache(  992): FileClientSessionCache: Error reading session data for mtalk.google.com from /data/data/com.google.android.gms/app_sslcache/mtalk.google.com.5228.
W/FileClientSessionCache(  992): java.io.FileNotFoundException: /data/data/com.google.android.gms/app_sslcache/mtalk.google.com.5228: open failed: ENOENT (No such file or directory)
W/FileClientSessionCache(  992): 	at libcore.io.IoBridge.open(IoBridge.java:456)
W/FileClientSessionCache(  992): 	at java.io.FileInputStream.<init>(FileInputStream.java:76)
W/FileClientSessionCache(  992): 	at com.google.android.gms.org.conscrypt.FileClientSessionCache$Impl.getSessionData(:com.google.android.gms@12685011@12.6.85 (020406-197041431):8)
W/FileClientSessionCache(  992): 	at com.google.android.gms.org.conscrypt.ClientSessionContext.getSession(:com.google.android.gms@12685011@12.6.85 (020406-197041431):4)
W/FileClientSessionCache(  992): 	at com.google.android.gms.org.conscrypt.ClientSessionContext.getCachedSession(:com.google.android.gms@12685011@12.6.85 (020406-197041431):2)
W/FileClientSessionCache(  992): 	at com.google.android.gms.org.conscrypt.ConscryptFileDescriptorSocket.startHandshake(:com.google.android.gms@12685011@12.6.85 (020406-197041431):8)
W/FileClientSessionCache(  992): 	at vsm.a(:com.google.android.gms@12685011@12.6.85 (020406-197041431):7)
W/FileClientSessionCache(  992): 	at vsm.a(:com.google.android.gms@12685011@12.6.85 (020406-197041431):26)
W/FileClientSessionCache(  992): 	at vsq.run(:com.google.android.gms@12685011@12.6.85 (020406-197041431):7)
W/FileClientSessionCache(  992): 	at java.lang.Thread.run(Thread.java:818)
W/FileClientSessionCache(  992): Caused by: android.system.ErrnoException: open failed: ENOENT (No such file or directory)
W/FileClientSessionCache(  992): 	at libcore.io.Posix.open(Native Method)
W/FileClientSessionCache(  992): 	at libcore.io.BlockGuardOs.open(BlockGuardOs.java:186)
W/FileClientSessionCache(  992): 	at libcore.io.IoBridge.open(IoBridge.java:442)
W/FileClientSessionCache(  992): 	... 9 more
I/SystemUpdate(  977): [Control,InstallationControl] Installation progress updated to (0x410, -1.000).
E/NetworkScheduler.ATC(  992): Called cancelTask for already completed task com.google.android.gms/.update.SystemUpdateGcmTaskService{u=0 tag="DeviceCharging" trigger=window{start=0s,end=31536000s,earliest=0s,latest=31535999s} requirements=[NET_ANY,CHARGING] attributes=[] scheduled=0s last_run=0s jid=N/A status=ACTIVE retries=0 client_lib=MANCHEGO_GCM-12685000} :CANCEL_REQUEST
D/NetworkMonitor/NetworkAgentInfo [WIFI () - 101](  454): isCaptivePortal: ret=204 headers={null=[HTTP/1.1 204 No Content], Content-Length=[0], Date=[Mon, 18 Jun 2018 19:10:47 GMT], X-Android-Received-Millis=[1529349047452], X-Android-Response-Source=[NETWORK 204], X-Android-Sent-Millis=[1529349047430]}
D/NetworkMonitor/NetworkAgentInfo [WIFI () - 101](  454): Don't send network conditions - lacking user consent.
D/NetworkMonitor/NetworkAgentInfo [WIFI () - 101](  454): Validated
D/ConnectivityService(  454): setProvNotificationVisibleIntent: E visible=false networkType=0 extraInfo=null
D/ConnectivityService(  454): Validated NetworkAgentInfo [WIFI () - 101]
W/FileClientSessionCache(  992): FileClientSessionCache: Failed to delete /data/data/com.google.android.gms/app_sslcache/googleads.g.doubleclick.net.443.
W/FileClientSessionCache(  992): java.io.IOException: FileClientSessionCache: Failed to delete /data/data/com.google.android.gms/app_sslcache/googleads.g.doubleclick.net.443.
W/FileClientSessionCache(  992): 	at com.google.android.gms.org.conscrypt.FileClientSessionCache$Impl.delete(:com.google.android.gms@12685011@12.6.85 (020406-197041431):1)
W/FileClientSessionCache(  992): 	at com.google.android.gms.org.conscrypt.FileClientSessionCache$Impl.makeRoom(:com.google.android.gms@12685011@12.6.85 (020406-197041431):4)
W/FileClientSessionCache(  992): 	at com.google.android.gms.org.conscrypt.FileClientSessionCache$Impl.putSessionData(:com.google.android.gms@12685011@12.6.85 (020406-197041431):9)
W/FileClientSessionCache(  992): 	at com.google.android.gms.org.conscrypt.ClientSessionContext.onBeforeAddSession(:com.google.android.gms@12685011@12.6.85 (020406-197041431):3)
W/FileClientSessionCache(  992): 	at com.google.android.gms.org.conscrypt.AbstractSessionContext.cacheSession(:com.google.android.gms@12685011@12.6.85 (020406-197041431):2)
W/FileClientSessionCache(  992): 	at com.google.android.gms.org.conscrypt.ConscryptFileDescriptorSocket.onNewSessionEstablished(:com.google.android.gms@12685011@12.6.85 (020406-197041431):4)
W/FileClientSessionCache(  992): 	at com.google.android.gms.org.conscrypt.NativeCrypto.SSL_do_handshake(Native Method)
W/FileClientSessionCache(  992): 	at com.google.android.gms.org.conscrypt.NativeSsl.doHandshake(:com.google.android.gms@12685011@12.6.85 (020406-197041431):3)
W/FileClientSessionCache(  992): 	at com.google.android.gms.org.conscrypt.ConscryptFileDescriptorSocket.startHandshake(:com.google.android.gms@12685011@12.6.85 (020406-197041431):19)
W/FileClientSessionCache(  992): 	at vsm.a(:com.google.android.gms@12685011@12.6.85 (020406-197041431):7)
W/FileClientSessionCache(  992): 	at vsm.a(:com.google.android.gms@12685011@12.6.85 (020406-197041431):26)
W/FileClientSessionCache(  992): 	at vsq.run(:com.google.android.gms@12685011@12.6.85 (020406-197041431):7)
W/FileClientSessionCache(  992): 	at java.lang.Thread.run(Thread.java:818)
I/SystemUpdate(  977): [Control,ChimeraGcmTaskService] Scheduling task: DeviceCharging.
I/SystemUpdate(  977): [Execution,ExecutionManager] Action non-ab-reboot executed for 0.15 seconds.
W/Wifi    ( 3637): Failed to read packet and byte counts from wifi interface
I/SystemUpdate(  977): [Execution,ExecutionManager] Action fixed-delay-execution executed for 0.01 seconds.
I/SystemUpdate(  977): [Control,ChimeraGcmTaskService] Task started with tag: DeviceCharging.
I/SystemUpdate(  977): [Control,ChimeraGcmTaskService] Scheduling task: DeviceCharging.
I/SystemUpdate(  977): [Execution,InstallationEventIntentOperation] Handling event of type 4.
I/SystemUpdate(  977): [Execution,InstallationIntentOperation] Received intent: Intent { act=com.google.android.gms.update.INSTALL_UPDATE cat=[targeted_intent_op_prefix:.update.execution.InstallationIntentOperation] cmp=com.google.android.gms/.chimera.GmsIntentOperationService }.
I/SystemUpdate(  977): [Control,ChimeraGcmTaskService] Scheduling task: DeviceCharging.
I/SystemUpdate(  977): [Execution,ExecutionManager] Action non-ab-reboot executed for 0.03 seconds.
I/SystemUpdate(  977): [Execution,ExecutionManager] Action fixed-delay-execution executed for 0.01 seconds.
W/Wifi    ( 3637): Failed to read packet and byte counts from wifi interface
W/Wifi    ( 3637): Failed to read packet and byte counts from wifi interface
W/Wifi    ( 3637): Failed to read packet and byte counts from wifi interface
I/CastDatabase(  977): Saving the database
I/SQLiteCastStore(  977): [CastNetworkInfo] saved: 0, skipped: 0, [CastDeviceInfo]: saved 0, skipped 0, Paired Guest Mode DeviceInfo] saved: 0, skipped: 0. [ProbedNetworks]: save 0, skipped: 0
W/Wifi    ( 3637): Failed to read packet and byte counts from wifi interface
W/Wifi    ( 3637): Failed to read packet and byte counts from wifi interface
W/Wifi    ( 3637): Failed to read packet and byte counts from wifi interface
W/Wifi    ( 3637): Failed to read packet and byte counts from wifi interface
W/Wifi    ( 3637): Failed to read packet and byte counts from wifi interface
E/WifiStateMachine(  454): WifiStateMachine CMD_START_SCAN source -2 txSuccessRate=4.50 rxSuccessRate=3.50 targetRoamBSSID=any RSSI=-48
E/WifiStateMachine(  454): WifiStateMachine starting scan for "YOU SHALL NOT PASS"WPA_PSK with 2437
W/Wifi    ( 3637): Failed to read packet and byte counts from wifi interface
W/Wifi    ( 3637): Failed to read packet and byte counts from wifi interface
W/Wifi    ( 3637): Failed to read packet and byte counts from wifi interface
W/Wifi    ( 3637): Failed to read packet and byte counts from wifi interface
W/Wifi    ( 3637): Failed to read packet and byte counts from wifi interface
W/Wifi    ( 3637): Failed to read packet and byte counts from wifi interface
I/vgn     (  992): 35-GetDeviceDataUploadOptInStatusOperation -- metadata{ service_id: 0 }
I/vgn     (  992): 35-GetDeviceDataUploadOptInStatusOperation -- metadata{ service_id: 0 }
W/Wifi    ( 3637): Failed to read packet and byte counts from wifi interface
W/Wifi    ( 3637): Failed to read packet and byte counts from wifi interface
W/Wifi    ( 3637): Failed to read packet and byte counts from wifi interface
W/Wifi    ( 3637): Failed to read packet and byte counts from wifi interface
W/Wifi    ( 3637): Failed to read packet and byte counts from wifi interface
W/Wifi    ( 3637): Failed to read packet and byte counts from wifi interface
W/Wifi    ( 3637): Failed to read packet and byte counts from wifi interface
W/Wifi    ( 3637): Failed to read packet and byte counts from wifi interface
W/Wifi    ( 3637): Failed to read packet and byte counts from wifi interface
W/Wifi    ( 3637): Failed to read packet and byte counts from wifi interface
W/Wifi    ( 3637): Failed to read packet and byte counts from wifi interface
W/Wifi    ( 3637): Failed to read packet and byte counts from wifi interface
W/Wifi    ( 3637): Failed to read packet and byte counts from wifi interface
W/Wifi    ( 3637): Failed to read packet and byte counts from wifi interface
E/WifiStateMachine(  454): WifiStateMachine CMD_START_SCAN source -2 txSuccessRate=0.04 rxSuccessRate=0.59 targetRoamBSSID=any RSSI=-48
E/WifiStateMachine(  454): WifiStateMachine starting scan for "YOU SHALL NOT PASS"WPA_PSK with 2437
W/Wifi    ( 3637): Failed to read packet and byte counts from wifi interface
W/Wifi    ( 3637): Failed to read packet and byte counts from wifi interface
W/Wifi    ( 3637): Failed to read packet and byte counts from wifi interface
W/Wifi    ( 3637): Failed to read packet and byte counts from wifi interface
W/Wifi    ( 3637): Failed to read packet and byte counts from wifi interface
W/Wifi    ( 3637): Failed to read packet and byte counts from wifi interface
W/Wifi    ( 3637): Failed to read packet and byte counts from wifi interface
W/Wifi    ( 3637): Failed to read packet and byte counts from wifi interface
W/Wifi    ( 3637): Failed to read packet and byte counts from wifi interface
W/Wifi    ( 3637): Failed to read packet and byte counts from wifi interface
W/Wifi    ( 3637): Failed to read packet and byte counts from wifi interface
W/Wifi    ( 3637): Failed to read packet and byte counts from wifi interface
W/Wifi    ( 3637): Failed to read packet and byte counts from wifi interface
W/Wifi    ( 3637): Failed to read packet and byte counts from wifi interface
W/Wifi    ( 3637): Failed to read packet and byte counts from wifi interface
W/Wifi    ( 3637): Failed to read packet and byte counts from wifi interface
W/Wifi    ( 3637): Failed to read packet and byte counts from wifi interface
W/Wifi    ( 3637): Failed to read packet and byte counts from wifi interface
W/Wifi    ( 3637): Failed to read packet and byte counts from wifi interface
W/Wifi    ( 3637): Failed to read packet and byte counts from wifi interface
E/WifiStateMachine(  454): WifiStateMachine CMD_START_SCAN source -2 txSuccessRate=0.16 rxSuccessRate=1.41 targetRoamBSSID=any RSSI=-48
W/ctxmgr  (  992): [AclManager]No 2 for (accnt=account#-517948760#, com.google.android.gms(10008):IndoorOutdoorProducer, vrsn=12685000, 0, 3pPkg = null ,  3pMdlId = null ,  pid = 992). Was: 3 for 57, account#-517948760#
W/Wifi    ( 3637): Failed to read packet and byte counts from wifi interface
W/Wifi    ( 3637): Failed to read packet and byte counts from wifi interface
W/Wifi    ( 3637): Failed to read packet and byte counts from wifi interface
W/Wifi    ( 3637): Failed to read packet and byte counts from wifi interface
W/Wifi    ( 3637): Failed to read packet and byte counts from wifi interface
W/Wifi    ( 3637): Failed to read packet and byte counts from wifi interface
W/Wifi    ( 3637): Failed to read packet and byte counts from wifi interface
W/Wifi    ( 3637): Failed to read packet and byte counts from wifi interface
W/Wifi    ( 3637): Failed to read packet and byte counts from wifi interface
W/Wifi    ( 3637): Failed to read packet and byte counts from wifi interface
W/Wifi    ( 3637): Failed to read packet and byte counts from wifi interface
W/Wifi    ( 3637): Failed to read packet and byte counts from wifi interface
W/Wifi    ( 3637): Failed to read packet and byte counts from wifi interface
W/Wifi    ( 3637): Failed to read packet and byte counts from wifi interface
W/Wifi    ( 3637): Failed to read packet and byte counts from wifi interface
W/Wifi    ( 3637): Failed to read packet and byte counts from wifi interface
W/Wifi    ( 3637): Failed to read packet and byte counts from wifi interface
W/Wifi    ( 3637): Failed to read packet and byte counts from wifi interface
W/Wifi    ( 3637): Failed to read packet and byte counts from wifi interface
W/Wifi    ( 3637): Failed to read packet and byte counts from wifi interface
E/WifiStateMachine(  454): WifiStateMachine CMD_START_SCAN source -2 txSuccessRate=0.06 rxSuccessRate=0.63 targetRoamBSSID=any RSSI=-48
E/WifiStateMachine(  454): WifiStateMachine starting scan for "YOU SHALL NOT PASS"WPA_PSK with 2437
W/Wifi    ( 3637): Failed to read packet and byte counts from wifi interface
W/Wifi    ( 3637): Failed to read packet and byte counts from wifi interface
W/Wifi    ( 3637): Failed to read packet and byte counts from wifi interface
W/Wifi    ( 3637): Failed to read packet and byte counts from wifi interface
I/ActivityManager(  454): Killing 17147:com.google.android.videos/u0a77 (adj 15): empty for 1852s
W/Wifi    ( 3637): Failed to read packet and byte counts from wifi interface
W/Wifi    ( 3637): Failed to read packet and byte counts from wifi interface
W/Wifi    ( 3637): Failed to read packet and byte counts from wifi interface
I/vgn     (  992): 35-GetDeviceDataUploadOptInStatusOperation -- metadata{ service_id: 0 }
I/vgn     (  992): 35-GetDeviceDataUploadOptInStatusOperation -- metadata{ service_id: 0 }
W/Wifi    ( 3637): Failed to read packet and byte counts from wifi interface
W/Wifi    ( 3637): Failed to read packet and byte counts from wifi interface
W/Wifi    ( 3637): Failed to read packet and byte counts from wifi interface
W/Wifi    ( 3637): Failed to read packet and byte counts from wifi interface
W/Wifi    ( 3637): Failed to read packet and byte counts from wifi interface
W/Wifi    ( 3637): Failed to read packet and byte counts from wifi interface
W/Wifi    ( 3637): Failed to read packet and byte counts from wifi interface
W/Wifi    ( 3637): Failed to read packet and byte counts from wifi interface
W/Wifi    ( 3637): Failed to read packet and byte counts from wifi interface
W/Wifi    ( 3637): Failed to read packet and byte counts from wifi interface
W/Wifi    ( 3637): Failed to read packet and byte counts from wifi interface
W/Wifi    ( 3637): Failed to read packet and byte counts from wifi interface
W/Wifi    ( 3637): Failed to read packet and byte counts from wifi interface
E/WifiStateMachine(  454): WifiStateMachine CMD_START_SCAN source -2 txSuccessRate=0.72 rxSuccessRate=0.38 targetRoamBSSID=any RSSI=-49
E/WifiStateMachine(  454): WifiStateMachine starting scan for "YOU SHALL NOT PASS"WPA_PSK with 2437
E/WifiNetworkScoreCache(  454): updateScores list size=1
W/Wifi    ( 3637): Failed to read packet and byte counts from wifi interface
W/Wifi    ( 3637): Failed to read packet and byte counts from wifi interface
W/Wifi    ( 3637): Failed to read packet and byte counts from wifi interface
W/Wifi    ( 3637): Failed to read packet and byte counts from wifi interface
W/Wifi    ( 3637): Failed to read packet and byte counts from wifi interface
W/Wifi    ( 3637): Failed to read packet and byte counts from wifi interface
W/Wifi    ( 3637): Failed to read packet and byte counts from wifi interface
W/Wifi    ( 3637): Failed to read packet and byte counts from wifi interface
W/Wifi    ( 3637): Failed to read packet and byte counts from wifi interface
W/Wifi    ( 3637): Failed to read packet and byte counts from wifi interface
W/Wifi    ( 3637): Failed to read packet and byte counts from wifi interface
W/Wifi    ( 3637): Failed to read packet and byte counts from wifi interface
W/Wifi    ( 3637): Failed to read packet and byte counts from wifi interface
I/UsageStatsService(  454): User[0] Flushing usage stats to disk
W/Wifi    ( 3637): Failed to read packet and byte counts from wifi interface
W/Wifi    ( 3637): Failed to read packet and byte counts from wifi interface
W/Wifi    ( 3637): Failed to read packet and byte counts from wifi interface
W/Wifi    ( 3637): Failed to read packet and byte counts from wifi interface
W/Wifi    ( 3637): Failed to read packet and byte counts from wifi interface
W/Wifi    ( 3637): Failed to read packet and byte counts from wifi interface
W/Wifi    ( 3637): Failed to read packet and byte counts from wifi interface
E/WifiStateMachine(  454): WifiStateMachine CMD_START_SCAN source -2 txSuccessRate=0.28 rxSuccessRate=1.06 targetRoamBSSID=any RSSI=-48
E/WifiStateMachine(  454): WifiStateMachine starting scan for "YOU SHALL NOT PASS"WPA_PSK with 2437
W/Wifi    ( 3637): Failed to read packet and byte counts from wifi interface
W/Wifi    ( 3637): Failed to read packet and byte counts from wifi interface
W/Wifi    ( 3637): Failed to read packet and byte counts from wifi interface
W/Wifi    ( 3637): Failed to read packet and byte counts from wifi interface
W/Wifi    ( 3637): Failed to read packet and byte counts from wifi interface
W/Wifi    ( 3637): Failed to read packet and byte counts from wifi interface
W/Wifi    ( 3637): Failed to read packet and byte counts from wifi interface
W/Wifi    ( 3637): Failed to read packet and byte counts from wifi interface
W/Wifi    ( 3637): Failed to read packet and byte counts from wifi interface
W/Wifi    ( 3637): Failed to read packet and byte counts from wifi interface
I/CwMcuSensor(  454): CwMcuSensor::flush: fd = 204, sensors_id = 0, path = /sys/class/htc_sensorhub/sensor_hub/flush, err = 0
I/SystemUpdate(  977): [Control,ChimeraGcmTaskService] Task started with tag: DeviceCharging.
I/SystemUpdate(  977): [Control,ChimeraGcmTaskService] Scheduling task: DeviceCharging.
I/orc     (  992): 51-GetConfigurationSnapshotOperationCall -- metadata{ service_id: 0 }
I/SystemUpdate(  977): [Execution,InstallationEventIntentOperation] Handling event of type 4.
I/SystemUpdate(  977): [Execution,InstallationIntentOperation] Received intent: Intent { act=com.google.android.gms.update.INSTALL_UPDATE cat=[targeted_intent_op_prefix:.update.execution.InstallationIntentOperation] cmp=com.google.android.gms/.chimera.GmsIntentOperationService }.
I/orc     (  992): 51-CommitToConfigurationOperationCall -- metadata{ service_id: 0 }
I/SystemUpdate(  977): [Control,InstallationControl] Installation progress updated to (0x410, -1.000).
W/Wifi    ( 3637): Failed to read packet and byte counts from wifi interface
I/SystemUpdate(  977): [Control,ChimeraGcmTaskService] Scheduling task: DeviceCharging.
I/SystemUpdate(  977): [Execution,ExecutionManager] Action non-ab-reboot executed for 0.11 seconds.
I/SystemUpdate(  977): [Execution,ExecutionManager] Action fixed-delay-execution executed for 0.01 seconds.
W/Wifi    ( 3637): Failed to read packet and byte counts from wifi interface
W/Wifi    ( 3637): Failed to read packet and byte counts from wifi interface
W/Wifi    ( 3637): Failed to read packet and byte counts from wifi interface
W/Wifi    ( 3637): Failed to read packet and byte counts from wifi interface
W/Wifi    ( 3637): Failed to read packet and byte counts from wifi interface
W/Wifi    ( 3637): Failed to read packet and byte counts from wifi interface
W/Wifi    ( 3637): Failed to read packet and byte counts from wifi interface
W/Wifi    ( 3637): Failed to read packet and byte counts from wifi interface
W/Wifi    ( 3637): Failed to read packet and byte counts from wifi interface
E/WifiStateMachine(  454): WifiStateMachine CMD_START_SCAN source -2 txSuccessRate=0.03 rxSuccessRate=0.71 targetRoamBSSID=any RSSI=-49
W/ctxmgr  (  992): [AclManager]No 2 for (accnt=account#-517948760#, com.google.android.gms(10008):IndoorOutdoorProducer, vrsn=12685000, 0, 3pPkg = null ,  3pMdlId = null ,  pid = 992). Was: 3 for 57, account#-517948760#
W/Wifi    ( 3637): Failed to read packet and byte counts from wifi interface
W/Wifi    ( 3637): Failed to read packet and byte counts from wifi interface
W/Wifi    ( 3637): Failed to read packet and byte counts from wifi interface
W/Wifi    ( 3637): Failed to read packet and byte counts from wifi interface
W/Wifi    ( 3637): Failed to read packet and byte counts from wifi interface
W/Wifi    ( 3637): Failed to read packet and byte counts from wifi interface
W/Wifi    ( 3637): Failed to read packet and byte counts from wifi interface
I/vgn     (  992): 35-GetDeviceDataUploadOptInStatusOperation -- metadata{ service_id: 0 }
I/vgn     (  992): 35-GetDeviceDataUploadOptInStatusOperation -- metadata{ service_id: 0 }
W/Wifi    ( 3637): Failed to read packet and byte counts from wifi interface
W/Wifi    ( 3637): Failed to read packet and byte counts from wifi interface
W/Wifi    ( 3637): Failed to read packet and byte counts from wifi interface
W/Wifi    ( 3637): Failed to read packet and byte counts from wifi interface
W/Wifi    ( 3637): Failed to read packet and byte counts from wifi interface
W/Wifi    ( 3637): Failed to read packet and byte counts from wifi interface
W/Wifi    ( 3637): Failed to read packet and byte counts from wifi interface
W/Wifi    ( 3637): Failed to read packet and byte counts from wifi interface
W/Wifi    ( 3637): Failed to read packet and byte counts from wifi interface
W/Wifi    ( 3637): Failed to read packet and byte counts from wifi interface
W/Wifi    ( 3637): Failed to read packet and byte counts from wifi interface
W/Wifi    ( 3637): Failed to read packet and byte counts from wifi interface
W/Wifi    ( 3637): Failed to read packet and byte counts from wifi interface
E/WifiStateMachine(  454): WifiStateMachine CMD_START_SCAN source -2 txSuccessRate=0.04 rxSuccessRate=0.37 targetRoamBSSID=any RSSI=-48
E/WifiStateMachine(  454): WifiStateMachine starting scan for "YOU SHALL NOT PASS"WPA_PSK with 2437
W/Wifi    ( 3637): Failed to read packet and byte counts from wifi interface
W/Wifi    ( 3637): Failed to read packet and byte counts from wifi interface
W/Wifi    ( 3637): Failed to read packet and byte counts from wifi interface
W/Wifi    ( 3637): Failed to read packet and byte counts from wifi interface
W/Wifi    ( 3637): Failed to read packet and byte counts from wifi interface
W/Wifi    ( 3637): Failed to read packet and byte counts from wifi interface
W/Wifi    ( 3637): Failed to read packet and byte counts from wifi interface
W/Wifi    ( 3637): Failed to read packet and byte counts from wifi interface
W/Wifi    ( 3637): Failed to read packet and byte counts from wifi interface
W/Wifi    ( 3637): Failed to read packet and byte counts from wifi interface
W/Wifi    ( 3637): Failed to read packet and byte counts from wifi interface
W/Wifi    ( 3637): Failed to read packet and byte counts from wifi interface
W/Wifi    ( 3637): Failed to read packet and byte counts from wifi interface
W/Wifi    ( 3637): Failed to read packet and byte counts from wifi interface
W/Wifi    ( 3637): Failed to read packet and byte counts from wifi interface
W/Wifi    ( 3637): Failed to read packet and byte counts from wifi interface
W/Wifi    ( 3637): Failed to read packet and byte counts from wifi interface
W/Wifi    ( 3637): Failed to read packet and byte counts from wifi interface
W/Wifi    ( 3637): Failed to read packet and byte counts from wifi interface
W/Wifi    ( 3637): Failed to read packet and byte counts from wifi interface
E/WifiStateMachine(  454): WifiStateMachine CMD_START_SCAN source -2 txSuccessRate=0.03 rxSuccessRate=0.50 targetRoamBSSID=any RSSI=-48
E/WifiStateMachine(  454): WifiStateMachine starting scan for "YOU SHALL NOT PASS"WPA_PSK with 2437
W/Wifi    ( 3637): Failed to read packet and byte counts from wifi interface
W/Wifi    ( 3637): Failed to read packet and byte counts from wifi interface
W/Wifi    ( 3637): Failed to read packet and byte counts from wifi interface
W/Wifi    ( 3637): Failed to read packet and byte counts from wifi interface
W/Wifi    ( 3637): Failed to read packet and byte counts from wifi interface
W/Wifi    ( 3637): Failed to read packet and byte counts from wifi interface
W/Wifi    ( 3637): Failed to read packet and byte counts from wifi interface
W/Wifi    ( 3637): Failed to read packet and byte counts from wifi interface
W/Wifi    ( 3637): Failed to read packet and byte counts from wifi interface
W/Wifi    ( 3637): Failed to read packet and byte counts from wifi interface
W/Wifi    ( 3637): Failed to read packet and byte counts from wifi interface
W/Wifi    ( 3637): Failed to read packet and byte counts from wifi interface
W/Wifi    ( 3637): Failed to read packet and byte counts from wifi interface
I/PlayCommon(21748): [716] PlayEventLogger.uploadEventsImpl: Preparing logs for uploading
I/PlayCommon(21748): [716] PlayEventLogger.uploadEventsImpl: No file ready to send
W/Wifi    ( 3637): Failed to read packet and byte counts from wifi interface
W/Wifi    ( 3637): Failed to read packet and byte counts from wifi interface
W/Wifi    ( 3637): Failed to read packet and byte counts from wifi interface
W/Wifi    ( 3637): Failed to read packet and byte counts from wifi interface
W/Wifi    ( 3637): Failed to read packet and byte counts from wifi interface
W/Wifi    ( 3637): Failed to read packet and byte counts from wifi interface
W/Wifi    ( 3637): Failed to read packet and byte counts from wifi interface
E/WifiStateMachine(  454): WifiStateMachine CMD_START_SCAN source -2 txSuccessRate=0.09 rxSuccessRate=0.13 targetRoamBSSID=any RSSI=-49
E/WifiStateMachine(  454): WifiStateMachine starting scan for "YOU SHALL NOT PASS"WPA_PSK with 2437
W/Wifi    ( 3637): Failed to read packet and byte counts from wifi interface
W/Wifi    ( 3637): Failed to read packet and byte counts from wifi interface
W/Wifi    ( 3637): Failed to read packet and byte counts from wifi interface
W/Wifi    ( 3637): Failed to read packet and byte counts from wifi interface
W/Wifi    ( 3637): Failed to read packet and byte counts from wifi interface
W/Wifi    ( 3637): Failed to read packet and byte counts from wifi interface
W/Wifi    ( 3637): Failed to read packet and byte counts from wifi interface
I/vgn     (  992): 35-GetDeviceDataUploadOptInStatusOperation -- metadata{ service_id: 0 }
I/vgn     (  992): 35-GetDeviceDataUploadOptInStatusOperation -- metadata{ service_id: 0 }
W/Wifi    ( 3637): Failed to read packet and byte counts from wifi interface
W/Wifi    ( 3637): Failed to read packet and byte counts from wifi interface
W/Wifi    ( 3637): Failed to read packet and byte counts from wifi interface
W/Wifi    ( 3637): Failed to read packet and byte counts from wifi interface
W/Wifi    ( 3637): Failed to read packet and byte counts from wifi interface
W/Wifi    ( 3637): Failed to read packet and byte counts from wifi interface
W/Wifi    ( 3637): Failed to read packet and byte counts from wifi interface
W/Wifi    ( 3637): Failed to read packet and byte counts from wifi interface
W/Wifi    ( 3637): Failed to read packet and byte counts from wifi interface
W/Wifi    ( 3637): Failed to read packet and byte counts from wifi interface
W/Wifi    ( 3637): Failed to read packet and byte counts from wifi interface
W/Wifi    ( 3637): Failed to read packet and byte counts from wifi interface
W/Wifi    ( 3637): Failed to read packet and byte counts from wifi interface
E/WifiStateMachine(  454): WifiStateMachine CMD_START_SCAN source -2 txSuccessRate=0.47 rxSuccessRate=0.50 targetRoamBSSID=any RSSI=-47
E/WifiStateMachine(  454): WifiStateMachine starting scan for "YOU SHALL NOT PASS"WPA_PSK with 2437
W/Wifi    ( 3637): Failed to read packet and byte counts from wifi interface
W/Wifi    ( 3637): Failed to read packet and byte counts from wifi interface
W/Wifi    ( 3637): Failed to read packet and byte counts from wifi interface
W/Wifi    ( 3637): Failed to read packet and byte counts from wifi interface
W/Wifi    ( 3637): Failed to read packet and byte counts from wifi interface
W/Wifi    ( 3637): Failed to read packet and byte counts from wifi interface
W/Wifi    ( 3637): Failed to read packet and byte counts from wifi interface
W/Wifi    ( 3637): Failed to read packet and byte counts from wifi interface
W/Wifi    ( 3637): Failed to read packet and byte counts from wifi interface
W/Wifi    ( 3637): Failed to read packet and byte counts from wifi interface
W/Wifi    ( 3637): Failed to read packet and byte counts from wifi interface
W/Wifi    ( 3637): Failed to read packet and byte counts from wifi interface
W/Wifi    ( 3637): Failed to read packet and byte counts from wifi interface
W/Wifi    ( 3637): Failed to read packet and byte counts from wifi interface
W/Wifi    ( 3637): Failed to read packet and byte counts from wifi interface
W/Wifi    ( 3637): Failed to read packet and byte counts from wifi interface
W/Wifi    ( 3637): Failed to read packet and byte counts from wifi interface
W/Wifi    ( 3637): Failed to read packet and byte counts from wifi interface
W/Wifi    ( 3637): Failed to read packet and byte counts from wifi interface
W/Wifi    ( 3637): Failed to read packet and byte counts from wifi interface
E/WifiStateMachine(  454): WifiStateMachine CMD_START_SCAN source -2 txSuccessRate=0.00 rxSuccessRate=0.22 targetRoamBSSID=any RSSI=-48
E/WifiStateMachine(  454): WifiStateMachine starting scan for "YOU SHALL NOT PASS"WPA_PSK with 2437
W/Wifi    ( 3637): Failed to read packet and byte counts from wifi interface
W/Wifi    ( 3637): Failed to read packet and byte counts from wifi interface
W/Wifi    ( 3637): Failed to read packet and byte counts from wifi interface
W/Wifi    ( 3637): Failed to read packet and byte counts from wifi interface
W/Wifi    ( 3637): Failed to read packet and byte counts from wifi interface
W/Wifi    ( 3637): Failed to read packet and byte counts from wifi interface
W/Wifi    ( 3637): Failed to read packet and byte counts from wifi interface
W/Wifi    ( 3637): Failed to read packet and byte counts from wifi interface
W/Wifi    ( 3637): Failed to read packet and byte counts from wifi interface
W/Wifi    ( 3637): Failed to read packet and byte counts from wifi interface
W/Wifi    ( 3637): Failed to read packet and byte counts from wifi interface
W/Wifi    ( 3637): Failed to read packet and byte counts from wifi interface
W/Wifi    ( 3637): Failed to read packet and byte counts from wifi interface
W/Wifi    ( 3637): Failed to read packet and byte counts from wifi interface
W/Wifi    ( 3637): Failed to read packet and byte counts from wifi interface
W/Wifi    ( 3637): Failed to read packet and byte counts from wifi interface
W/Wifi    ( 3637): Failed to read packet and byte counts from wifi interface
W/Wifi    ( 3637): Failed to read packet and byte counts from wifi interface
W/Wifi    ( 3637): Failed to read packet and byte counts from wifi interface
W/Wifi    ( 3637): Failed to read packet and byte counts from wifi interface
E/WifiStateMachine(  454): WifiStateMachine CMD_START_SCAN source -2 txSuccessRate=1.13 rxSuccessRate=2.38 targetRoamBSSID=any RSSI=-48
W/ctxmgr  (  992): [AclManager]No 2 for (accnt=account#-517948760#, com.google.android.gms(10008):IndoorOutdoorProducer, vrsn=12685000, 0, 3pPkg = null ,  3pMdlId = null ,  pid = 992). Was: 3 for 57, account#-517948760#
W/Wifi    ( 3637): Failed to read packet and byte counts from wifi interface
W/Wifi    ( 3637): Failed to read packet and byte counts from wifi interface
W/Wifi    ( 3637): Failed to read packet and byte counts from wifi interface
W/Wifi    ( 3637): Failed to read packet and byte counts from wifi interface
W/Wifi    ( 3637): Failed to read packet and byte counts from wifi interface
W/Wifi    ( 3637): Failed to read packet and byte counts from wifi interface
W/Wifi    ( 3637): Failed to read packet and byte counts from wifi interface
W/Wifi    ( 3637): Failed to read packet and byte counts from wifi interface
W/Wifi    ( 3637): Failed to read packet and byte counts from wifi interface
W/Wifi    ( 3637): Failed to read packet and byte counts from wifi interface
I/orc     (  992): 51-RegisterOperationCall -- metadata{ service_id: 0 }
D/WifiService(  454): acquireWifiLockLocked: WifiLock{NlpWifiLock type=2 binder=android.os.BinderProxy@326f7d92}
I/orc     (  992): 51-GetConfigurationSnapshotOperationCall -- metadata{ service_id: 0 }
I/GeofencerStateMachine(  992): sendNewTransitions called.
W/ctxmgr  (  992): [AclManager]No 2 for (accnt=account#1644684176#, com.google.android.gms(10008):UserLocationProducer, vrsn=12685000, 0, 3pPkg = null ,  3pMdlId = null ,  pid = 992). Was: 2 for 1, account#1644684176#
D/libgps  (  454): proxy_gps_inject_location: called.
W/ctxmgr  (  992): [AclManager]No 2 for (accnt=account#1813920180#, com.google.android.gms(10008):UserLocationProducer, vrsn=12685000, 0, 3pPkg = null ,  3pMdlId = null ,  pid = 992). Was: 2 for 1, account#1813920180#
I/orc     (  992): 51-CommitToConfigurationOperationCall -- metadata{ service_id: 0 }
I/vgn     (  992): 35-GetDeviceDataUploadOptInStatusOperation -- metadata{ service_id: 0 }
I/vgn     (  992): 35-GetDeviceDataUploadOptInStatusOperation -- metadata{ service_id: 0 }
I/art     (  992): Background sticky concurrent mark sweep GC freed 143667(6MB) AllocSpace objects, 5(100KB) LOS objects, 18% free, 30MB/37MB, paused 5.796ms total 79.428ms
W/Wifi    ( 3637): Failed to read packet and byte counts from wifi interface
W/Wifi    ( 3637): Failed to read packet and byte counts from wifi interface
W/Wifi    ( 3637): Failed to read packet and byte counts from wifi interface
W/Wifi    ( 3637): Failed to read packet and byte counts from wifi interface
W/Wifi    ( 3637): Failed to read packet and byte counts from wifi interface
D/WifiService(  454): releaseWifiLockLocked: WifiLock{NlpWifiLock type=2 binder=android.os.BinderProxy@326f7d92}
W/Wifi    ( 3637): Failed to read packet and byte counts from wifi interface
W/Wifi    ( 3637): Failed to read packet and byte counts from wifi interface
W/Wifi    ( 3637): Failed to read packet and byte counts from wifi interface
W/Wifi    ( 3637): Failed to read packet and byte counts from wifi interface
W/Wifi    ( 3637): Failed to read packet and byte counts from wifi interface
E/WifiStateMachine(  454): WifiStateMachine CMD_START_SCAN source -2 txSuccessRate=0.02 rxSuccessRate=0.43 targetRoamBSSID=any RSSI=-48
E/WifiStateMachine(  454): WifiStateMachine starting scan for "YOU SHALL NOT PASS"WPA_PSK with 2437
W/Wifi    ( 3637): Failed to read packet and byte counts from wifi interface
W/Wifi    ( 3637): Failed to read packet and byte counts from wifi interface
W/Wifi    ( 3637): Failed to read packet and byte counts from wifi interface
W/Wifi    ( 3637): Failed to read packet and byte counts from wifi interface
W/Wifi    ( 3637): Failed to read packet and byte counts from wifi interface
W/Wifi    ( 3637): Failed to read packet and byte counts from wifi interface
W/Wifi    ( 3637): Failed to read packet and byte counts from wifi interface
W/Wifi    ( 3637): Failed to read packet and byte counts from wifi interface
W/Wifi    ( 3637): Failed to read packet and byte counts from wifi interface
W/Wifi    ( 3637): Failed to read packet and byte counts from wifi interface
W/Wifi    ( 3637): Failed to read packet and byte counts from wifi interface
W/Wifi    ( 3637): Failed to read packet and byte counts from wifi interface
W/Wifi    ( 3637): Failed to read packet and byte counts from wifi interface
W/Wifi    ( 3637): Failed to read packet and byte counts from wifi interface
W/Wifi    ( 3637): Failed to read packet and byte counts from wifi interface
W/Wifi    ( 3637): Failed to read packet and byte counts from wifi interface
W/Wifi    ( 3637): Failed to read packet and byte counts from wifi interface
W/Wifi    ( 3637): Failed to read packet and byte counts from wifi interface
W/Wifi    ( 3637): Failed to read packet and byte counts from wifi interface
W/Wifi    ( 3637): Failed to read packet and byte counts from wifi interface
E/WifiStateMachine(  454): WifiStateMachine CMD_START_SCAN source -2 txSuccessRate=0.00 rxSuccessRate=1.00 targetRoamBSSID=any RSSI=-48
E/WifiStateMachine(  454): WifiStateMachine starting scan for "YOU SHALL NOT PASS"WPA_PSK with 2437
W/Wifi    ( 3637): Failed to read packet and byte counts from wifi interface
W/Wifi    ( 3637): Failed to read packet and byte counts from wifi interface
W/Wifi    ( 3637): Failed to read packet and byte counts from wifi interface
W/Wifi    ( 3637): Failed to read packet and byte counts from wifi interface
W/Wifi    ( 3637): Failed to read packet and byte counts from wifi interface
W/Wifi    ( 3637): Failed to read packet and byte counts from wifi interface
W/Wifi    ( 3637): Failed to read packet and byte counts from wifi interface
W/Wifi    ( 3637): Failed to read packet and byte counts from wifi interface
W/Wifi    ( 3637): Failed to read packet and byte counts from wifi interface
W/Wifi    ( 3637): Failed to read packet and byte counts from wifi interface
W/Wifi    ( 3637): Failed to read packet and byte counts from wifi interface
W/Wifi    ( 3637): Failed to read packet and byte counts from wifi interface
W/Wifi    ( 3637): Failed to read packet and byte counts from wifi interface
W/Wifi    ( 3637): Failed to read packet and byte counts from wifi interface
W/Wifi    ( 3637): Failed to read packet and byte counts from wifi interface
W/Wifi    ( 3637): Failed to read packet and byte counts from wifi interface
W/Wifi    ( 3637): Failed to read packet and byte counts from wifi interface
W/Wifi    ( 3637): Failed to read packet and byte counts from wifi interface
W/Wifi    ( 3637): Failed to read packet and byte counts from wifi interface
W/Wifi    ( 3637): Failed to read packet and byte counts from wifi interface
E/WifiStateMachine(  454): WifiStateMachine CMD_START_SCAN source -2 txSuccessRate=0.00 rxSuccessRate=0.16 targetRoamBSSID=any RSSI=-49
E/WifiStateMachine(  454): WifiStateMachine starting scan for "YOU SHALL NOT PASS"WPA_PSK with 2437
W/Wifi    ( 3637): Failed to read packet and byte counts from wifi interface
W/Wifi    ( 3637): Failed to read packet and byte counts from wifi interface
W/Wifi    ( 3637): Failed to read packet and byte counts from wifi interface
W/Wifi    ( 3637): Failed to read packet and byte counts from wifi interface
W/Wifi    ( 3637): Failed to read packet and byte counts from wifi interface
W/Wifi    ( 3637): Failed to read packet and byte counts from wifi interface
W/Wifi    ( 3637): Failed to read packet and byte counts from wifi interface
W/Wifi    ( 3637): Failed to read packet and byte counts from wifi interface
W/Wifi    ( 3637): Failed to read packet and byte counts from wifi interface
W/Wifi    ( 3637): Failed to read packet and byte counts from wifi interface
I/CwMcuSensor(  454): CwMcuSensor::flush: fd = 194, sensors_id = 0, path = /sys/class/htc_sensorhub/sensor_hub/flush, err = 0
I/vgn     (  992): 35-GetDeviceDataUploadOptInStatusOperation -- metadata{ service_id: 0 }
I/vgn     (  992): 35-GetDeviceDataUploadOptInStatusOperation -- metadata{ service_id: 0 }
W/Wifi    ( 3637): Failed to read packet and byte counts from wifi interface
W/Wifi    ( 3637): Failed to read packet and byte counts from wifi interface
W/Wifi    ( 3637): Failed to read packet and byte counts from wifi interface
W/Wifi    ( 3637): Failed to read packet and byte counts from wifi interface
W/Wifi    ( 3637): Failed to read packet and byte counts from wifi interface
W/Wifi    ( 3637): Failed to read packet and byte counts from wifi interface
W/Wifi    ( 3637): Failed to read packet and byte counts from wifi interface
W/Wifi    ( 3637): Failed to read packet and byte counts from wifi interface
W/Wifi    ( 3637): Failed to read packet and byte counts from wifi interface
W/Wifi    ( 3637): Failed to read packet and byte counts from wifi interface
E/WifiStateMachine(  454): WifiStateMachine CMD_START_SCAN source -2 txSuccessRate=0.00 rxSuccessRate=0.00 targetRoamBSSID=any RSSI=-54
E/WifiStateMachine(  454): WifiStateMachine starting scan for "YOU SHALL NOT PASS"WPA_PSK with 2437
W/Wifi    ( 3637): Failed to read packet and byte counts from wifi interface
W/Wifi    ( 3637): Failed to read packet and byte counts from wifi interface
W/Wifi    ( 3637): Failed to read packet and byte counts from wifi interface
W/Wifi    ( 3637): Failed to read packet and byte counts from wifi interface
W/Wifi    ( 3637): Failed to read packet and byte counts from wifi interface
W/Wifi    ( 3637): Failed to read packet and byte counts from wifi interface
W/Wifi    ( 3637): Failed to read packet and byte counts from wifi interface
W/Wifi    ( 3637): Failed to read packet and byte counts from wifi interface
W/Wifi    ( 3637): Failed to read packet and byte counts from wifi interface
W/Wifi    ( 3637): Failed to read packet and byte counts from wifi interface
W/Wifi    ( 3637): Failed to read packet and byte counts from wifi interface
W/Wifi    ( 3637): Failed to read packet and byte counts from wifi interface
W/Wifi    ( 3637): Failed to read packet and byte counts from wifi interface
W/Wifi    ( 3637): Failed to read packet and byte counts from wifi interface
W/Wifi    ( 3637): Failed to read packet and byte counts from wifi interface
W/Wifi    ( 3637): Failed to read packet and byte counts from wifi interface
W/Wifi    ( 3637): Failed to read packet and byte counts from wifi interface
W/Wifi    ( 3637): Failed to read packet and byte counts from wifi interface
W/Wifi    ( 3637): Failed to read packet and byte counts from wifi interface
W/Wifi    ( 3637): Failed to read packet and byte counts from wifi interface
E/WifiStateMachine(  454): WifiStateMachine CMD_START_SCAN source -2 txSuccessRate=0.53 rxSuccessRate=0.88 targetRoamBSSID=any RSSI=-46
E/WifiStateMachine(  454): WifiStateMachine starting scan for "YOU SHALL NOT PASS"WPA_PSK with 2437
W/Wifi    ( 3637): Failed to read packet and byte counts from wifi interface
W/Wifi    ( 3637): Failed to read packet and byte counts from wifi interface
W/Wifi    ( 3637): Failed to read packet and byte counts from wifi interface
W/Wifi    ( 3637): Failed to read packet and byte counts from wifi interface
W/Wifi    ( 3637): Failed to read packet and byte counts from wifi interface
W/Wifi    ( 3637): Failed to read packet and byte counts from wifi interface
W/Wifi    ( 3637): Failed to read packet and byte counts from wifi interface
W/Wifi    ( 3637): Failed to read packet and byte counts from wifi interface
W/Wifi    ( 3637): Failed to read packet and byte counts from wifi interface
W/Wifi    ( 3637): Failed to read packet and byte counts from wifi interface
W/Wifi    ( 3637): Failed to read packet and byte counts from wifi interface
W/Wifi    ( 3637): Failed to read packet and byte counts from wifi interface
W/Wifi    ( 3637): Failed to read packet and byte counts from wifi interface
W/Wifi    ( 3637): Failed to read packet and byte counts from wifi interface
W/Wifi    ( 3637): Failed to read packet and byte counts from wifi interface
W/Wifi    ( 3637): Failed to read packet and byte counts from wifi interface
W/Wifi    ( 3637): Failed to read packet and byte counts from wifi interface
W/Wifi    ( 3637): Failed to read packet and byte counts from wifi interface
W/Wifi    ( 3637): Failed to read packet and byte counts from wifi interface
W/Wifi    ( 3637): Failed to read packet and byte counts from wifi interface
E/WifiStateMachine(  454): WifiStateMachine CMD_START_SCAN source -2 txSuccessRate=0.00 rxSuccessRate=0.00 targetRoamBSSID=any RSSI=-44
E/WifiStateMachine(  454): WifiStateMachine starting scan for "YOU SHALL NOT PASS"WPA_PSK with 2437
W/Wifi    ( 3637): Failed to read packet and byte counts from wifi interface
W/Wifi    ( 3637): Failed to read packet and byte counts from wifi interface
W/Wifi    ( 3637): Failed to read packet and byte counts from wifi interface
W/Wifi    ( 3637): Failed to read packet and byte counts from wifi interface
