W/ResourcesManager(24379): Asset path '/system/framework/com.android.location.provider.jar' does not exist or contains no resources.
I/ActivityManager(  451): START u0 {cmp=com.android.chrome/org.chromium.chrome.browser.firstrun.FirstRunActivity (has extras)} from uid 10035 on display 0
V/WindowManager(  451): addAppToken: AppWindowToken{87b94f1 token=Token{371ba498 ActivityRecord{1c4f1e7b u0 com.android.chrome/org.chromium.chrome.browser.firstrun.FirstRunActivity t3754}}} to stack=1 task=3754 at 0
V/WindowManager(  451): Based on layer: Adding window Window{2f1bc5dc u0 com.android.chrome/org.chromium.chrome.browser.firstrun.FirstRunActivity} at 3 of 16
I/ActivityManager(  451): Start proc 24405:com.android.chrome:sandboxed_process0/u0i695 for service com.android.chrome/org.chromium.content.app.SandboxedProcessService0
I/ActivityManager(  451): Start proc 24449:com.android.chrome:privileged_process0/u0a35 for service com.android.chrome/org.chromium.content.app.PrivilegedProcessService0
D/ConnectivityService(  451): listenForNetwork for NetworkRequest [ id=649, legacyType=-1, [ Capabilities: INTERNET&NOT_RESTRICTED&TRUSTED] ]
D/ConnectivityService(  451): handleRegisterNetworkRequest checking NetworkAgentInfo [WIFI () - 125]
D/ConnectivityService(  451): apparently satisfied.  currentScore=60
D/ConnectivityService(  451): listenForNetwork for NetworkRequest [ id=650, legacyType=-1, [ Capabilities: INTERNET&NOT_RESTRICTED&TRUSTED] ]
D/ConnectivityService(  451): handleRegisterNetworkRequest checking NetworkAgentInfo [WIFI () - 125]
D/ConnectivityService(  451): apparently satisfied.  currentScore=60
W/libprocessgroup(  451): failed to open /acct/uid_10035/pid_24405/cgroup.procs: No such file or directory
I/ActivityManager(  451): Process com.android.chrome:sandboxed_process0 (pid 24405) has died
W/ActivityManager(  451): Scheduling restart of crashed service com.android.chrome/org.chromium.content.app.SandboxedProcessService0 in 1000ms
I/ActivityManager(  451): START u0 {act=android.intent.action.VIEW flg=0x10808000 cmp=com.android.chrome/com.google.android.apps.chrome.Main (has extras)} from uid 10035 on display 0
V/WindowManager(  451): addAppToken: AppWindowToken{17e24b70 token=Token{7ef39b3 ActivityRecord{142bbb22 u0 com.android.chrome/com.google.android.apps.chrome.Main t3755}}} to stack=1 task=3755 at 0
D/ConnectivityService(  451): releasing NetworkRequest NetworkRequest [ id=650, legacyType=-1, [ Capabilities: INTERNET&NOT_RESTRICTED&TRUSTED] ]
D/ConnectivityService(  451): listenForNetwork for NetworkRequest [ id=651, legacyType=-1, [ Capabilities: INTERNET&NOT_RESTRICTED&TRUSTED] ]
D/ConnectivityService(  451): handleRegisterNetworkRequest checking NetworkAgentInfo [WIFI () - 125]
D/ConnectivityService(  451): apparently satisfied.  currentScore=60
I/ActivityManager(  451): START u0 {act=android.intent.action.VIEW flg=0x14002000 cmp=com.android.chrome/org.chromium.chrome.browser.ChromeTabbedActivity (has extras)} from uid 10035 on display 0
V/WindowManager(  451): addAppToken: AppWindowToken{2be2c2b token=Token{91d8c7a ActivityRecord{253e10a5 u0 com.android.chrome/org.chromium.chrome.browser.ChromeTabbedActivity t3756}}} to stack=1 task=3756 at 0
V/WindowManager(  451): Based on layer: Adding window Window{1e9770a0 u0 Starting com.android.chrome} at 4 of 17
V/WindowManager(  451): Adding window Window{3deb3b8 u0 com.android.chrome/org.chromium.chrome.browser.ChromeTabbedActivity} at 4 of 18 (before Window{1e9770a0 u0 Starting com.android.chrome})
I/ActivityManager(  451): Start proc 24534:com.android.chrome:sandboxed_process0/u0i696 for service com.android.chrome/org.chromium.content.app.SandboxedProcessService0
V/WindowManager(  451): Adding window Window{ae00fa6 u0 SurfaceView} at 4 of 19 (before Window{3deb3b8 u0 com.android.chrome/org.chromium.chrome.browser.ChromeTabbedActivity})
I/ActivityManager(  451): Start proc 24584:com.android.chrome:sandboxed_process1/u0i697 for service com.android.chrome/org.chromium.content.app.SandboxedProcessService1
I/ActivityManager(  451): Activity reported stop, but no longer stopping: ActivityRecord{1c4f1e7b u0 com.android.chrome/org.chromium.chrome.browser.firstrun.FirstRunActivity t3754 f}
W/FileUtils(23079): Failed to chmod(/storage/emulated/0/trepn/Trepn_2018.06.14_171512.db): android.system.ErrnoException: chmod failed: EPERM (Operation not permitted)
D/TaskPersister(  451): removeObsoleteFile: deleting file=3754_task_thumbnail.png
I/ActivityManager(  451): START u0 {act=android.intent.action.VIEW dat=localhost:8000 flg=0x10000000 cmp=com.android.chrome/com.google.android.apps.chrome.Main} from uid 2000 on display 0
V/WindowManager(  451): addAppToken: AppWindowToken{256d2933 token=Token{2535b8a2 ActivityRecord{438346d u0 com.android.chrome/com.google.android.apps.chrome.Main t3757}}} to stack=1 task=3757 at 0
D/ConnectivityService(  451): releasing NetworkRequest NetworkRequest [ id=651, legacyType=-1, [ Capabilities: INTERNET&NOT_RESTRICTED&TRUSTED] ]
D/ConnectivityService(  451): listenForNetwork for NetworkRequest [ id=652, legacyType=-1, [ Capabilities: INTERNET&NOT_RESTRICTED&TRUSTED] ]
D/ConnectivityService(  451): handleRegisterNetworkRequest checking NetworkAgentInfo [WIFI () - 125]
D/ConnectivityService(  451): apparently satisfied.  currentScore=60
I/ActivityManager(  451): START u0 {act=android.intent.action.VIEW dat=localhost:8000 flg=0x14002000 cmp=com.android.chrome/org.chromium.chrome.browser.ChromeTabbedActivity (has extras)} from uid 10035 on display 0
W/InputMethodManagerService(  451): Window already focused, ignoring focus gain of: com.android.internal.view.IInputMethodClient$Stub$Proxy@6b9b9fa attribute=null, token = android.os.BinderProxy@2246761b
I/ActivityManager(  451): Start proc 24644:com.android.chrome:sandboxed_process2/u0i698 for service com.android.chrome/org.chromium.content.app.SandboxedProcessService2
W/libprocessgroup(  451): failed to open /acct/uid_10035/pid_24584/cgroup.procs: No such file or directory
I/ActivityManager(  451): Process com.android.chrome:sandboxed_process1 (pid 24584) has died
W/ActivityManager(  451): Scheduling restart of crashed service com.android.chrome/org.chromium.content.app.SandboxedProcessService1 in 1000ms
I/ActivityManager(  451): Start proc 24699:com.android.chrome:sandboxed_process3/u0i699 for service com.android.chrome/org.chromium.content.app.SandboxedProcessService3
D/WifiService(  451): acquireWifiLockLocked: WifiLock{NlpWifiLock type=2 binder=android.os.BinderProxy@1cc043bd}
D/WifiService(  451): releaseWifiLockLocked: WifiLock{NlpWifiLock type=2 binder=android.os.BinderProxy@1cc043bd}
W/libprocessgroup(  451): failed to open /acct/uid_10035/pid_24699/cgroup.procs: No such file or directory
I/ActivityManager(  451): Process com.android.chrome:sandboxed_process3 (pid 24699) has died
W/ActivityManager(  451): Scheduling restart of crashed service com.android.chrome/org.chromium.content.app.SandboxedProcessService3 in 1000ms
I/ActivityManager(  451): Force stopping com.android.chrome appid=10035 user=0: from pid 24780
I/ActivityManager(  451): Killing 24449:com.android.chrome:privileged_process0/u0a35 (adj 0): stop com.android.chrome
W/ActivityManager(  451): Scheduling restart of crashed service com.android.chrome/org.chromium.content.app.PrivilegedProcessService0 in 1000ms
I/ActivityManager(  451): Killing 24379:com.android.chrome/u0a35 (adj 0): stop com.android.chrome
D/ConnectivityService(  451): ConnectivityService NetworkRequestInfo binderDied(NetworkRequest [ id=649, legacyType=-1, [ Capabilities: INTERNET&NOT_RESTRICTED&TRUSTED] ], android.os.BinderProxy@1231ad99)
D/ConnectivityService(  451): releasing NetworkRequest NetworkRequest [ id=649, legacyType=-1, [ Capabilities: INTERNET&NOT_RESTRICTED&TRUSTED] ]
I/WindowState(  451): WIN DEATH: Window{ae00fa6 u0 SurfaceView}
E/ConnectivityService(  451): RemoteException caught trying to send a callback msg for NetworkRequest [ id=649, legacyType=-1, [ Capabilities: INTERNET&NOT_RESTRICTED&TRUSTED] ]
D/ConnectivityService(  451): ConnectivityService NetworkRequestInfo binderDied(NetworkRequest [ id=652, legacyType=-1, [ Capabilities: INTERNET&NOT_RESTRICTED&TRUSTED] ], android.os.BinderProxy@3f61b85e)
D/ConnectivityService(  451): releasing NetworkRequest NetworkRequest [ id=652, legacyType=-1, [ Capabilities: INTERNET&NOT_RESTRICTED&TRUSTED] ]
E/ConnectivityService(  451): RemoteException caught trying to send a callback msg for NetworkRequest [ id=652, legacyType=-1, [ Capabilities: INTERNET&NOT_RESTRICTED&TRUSTED] ]
I/WindowState(  451): WIN DEATH: Window{3deb3b8 u0 com.android.chrome/org.chromium.chrome.browser.ChromeTabbedActivity}
W/ActivityManager(  451): Exception when unbinding service com.android.chrome/org.chromium.content.app.SandboxedProcessService0
W/ActivityManager(  451): android.os.DeadObjectException
W/ActivityManager(  451): 	at android.os.BinderProxy.transactNative(Native Method)
W/ActivityManager(  451): 	at android.os.BinderProxy.transact(Binder.java:496)
W/ActivityManager(  451): 	at android.app.ApplicationThreadProxy.scheduleUnbindService(ApplicationThreadNative.java:921)
W/ActivityManager(  451): 	at com.android.server.am.ActiveServices.removeConnectionLocked(ActiveServices.java:1795)
W/ActivityManager(  451): 	at com.android.server.am.ActiveServices.killServicesLocked(ActiveServices.java:2193)
W/ActivityManager(  451): 	at com.android.server.am.ActivityManagerService.cleanUpApplicationRecordLocked(ActivityManagerService.java:14895)
W/ActivityManager(  451): 	at com.android.server.am.ActivityManagerService.handleAppDiedLocked(ActivityManagerService.java:4552)
W/ActivityManager(  451): 	at com.android.server.am.ActivityManagerService.removeProcessLocked(ActivityManagerService.java:5789)
W/ActivityManager(  451): 	at com.android.server.am.ActivityManagerService.killPackageProcessesLocked(ActivityManagerService.java:5594)
W/ActivityManager(  451): 	at com.android.server.am.ActivityManagerService.forceStopPackageLocked(ActivityManagerService.java:5655)
W/ActivityManager(  451): 	at com.android.server.am.ActivityManagerService.forceStopPackageLocked(ActivityManagerService.java:5499)
W/ActivityManager(  451): 	at com.android.server.am.ActivityManagerService.forceStopPackage(ActivityManagerService.java:5309)
W/ActivityManager(  451): 	at android.app.ActivityManagerNative.onTransact(ActivityManagerNative.java:1461)
W/ActivityManager(  451): 	at com.android.server.am.ActivityManagerService.onTransact(ActivityManagerService.java:2208)
W/ActivityManager(  451): 	at android.os.Binder.execTransact(Binder.java:446)
I/ActivityManager(  451): Killing 24534:com.android.chrome:sandboxed_process0/u0a35i696 (adj 9): isolated not needed
W/libprocessgroup(  451): failed to open /acct/uid_10035/pid_24534/cgroup.procs: No such file or directory
W/ActivityManager(  451): Exception when unbinding service com.android.chrome/org.chromium.content.app.SandboxedProcessService2
W/ActivityManager(  451): android.os.DeadObjectException
W/ActivityManager(  451): 	at android.os.BinderProxy.transactNative(Native Method)
W/ActivityManager(  451): 	at android.os.BinderProxy.transact(Binder.java:496)
W/ActivityManager(  451): 	at android.app.ApplicationThreadProxy.scheduleUnbindService(ApplicationThreadNative.java:921)
W/ActivityManager(  451): 	at com.android.server.am.ActiveServices.removeConnectionLocked(ActiveServices.java:1795)
W/ActivityManager(  451): 	at com.android.server.am.ActiveServices.killServicesLocked(ActiveServices.java:2193)
W/ActivityManager(  451): 	at com.android.server.am.ActivityManagerService.cleanUpApplicationRecordLocked(ActivityManagerService.java:14895)
W/ActivityManager(  451): 	at com.android.server.am.ActivityManagerService.handleAppDiedLocked(ActivityManagerService.java:4552)
W/ActivityManager(  451): 	at com.android.server.am.ActivityManagerService.removeProcessLocked(ActivityManagerService.java:5789)
W/ActivityManager(  451): 	at com.android.server.am.ActivityManagerService.killPackageProcessesLocked(ActivityManagerService.java:5594)
W/ActivityManager(  451): 	at com.android.server.am.ActivityManagerService.forceStopPackageLocked(ActivityManagerService.java:5655)
W/ActivityManager(  451): 	at com.android.server.am.ActivityManagerService.forceStopPackageLocked(ActivityManagerService.java:5499)
W/ActivityManager(  451): 	at com.android.server.am.ActivityManagerService.forceStopPackage(ActivityManagerService.java:5309)
W/ActivityManager(  451): 	at android.app.ActivityManagerNative.onTransact(ActivityManagerNative.java:1461)
W/ActivityManager(  451): 	at com.android.server.am.ActivityManagerService.onTransact(ActivityManagerService.java:2208)
W/ActivityManager(  451): 	at android.os.Binder.execTransact(Binder.java:446)
W/ActivityManager(  451): Force removing ActivityRecord{253e10a5 u0 com.android.chrome/org.chromium.chrome.browser.ChromeTabbedActivity t3756}: app died, no saved state
I/ActivityManager(  451): Killing 24644:com.android.chrome:sandboxed_process2/u0a35i698 (adj 9): isolated not needed
W/libprocessgroup(  451): failed to open /acct/uid_10035/pid_24644/cgroup.procs: No such file or directory
W/ActivityManager(  451): Spurious death for ProcessRecord{26f66ee9 24449:com.android.chrome:privileged_process0/u0a35}, curProc for 24449: null
W/ActivityManager(  451): Unbind failed: could not find connection for android.os.BinderProxy@2d454ef8
W/ActivityManager(  451): Spurious death for ProcessRecord{3b466eb0 24379:com.android.chrome/u0a35}, curProc for 24379: null
W/InputMethodManagerService(  451): Got RemoteException sending setActive(false) notification to pid 24379 uid 10035
I/ActivityManager(  451): Force stopping com.android.chrome appid=10035 user=0: clear data
D/TaskPersister(  451): removeObsoleteFile: deleting file=3756_task.xml
D/TaskPersister(  451): removeObsoleteFile: deleting file=3756_task_thumbnail.png
I/ActivityManager(  451): Start proc 24836:com.android.chrome/u0a35 for content provider com.android.chrome/com.google.android.apps.chrome.icing.IcingProvider
W/ResourcesManager(24836): Asset path '/system/framework/com.android.media.remotedisplay.jar' does not exist or contains no resources.
W/ResourcesManager(24836): Asset path '/system/framework/com.android.location.provider.jar' does not exist or contains no resources.
W/FileUtils(23079): Failed to chmod(/storage/emulated/0/trepn/Trepn_2018.06.14_171512.db): android.system.ErrnoException: chmod failed: EPERM (Operation not permitted)
I/ActivityManager(  451): Killing 17844:com.android.externalstorage/u0a6 (adj 15): empty for 1828s
I/ActivityManager(  451): Force stopping com.android.chrome appid=10035 user=0: from pid 25083
I/ActivityManager(  451): Killing 24836:com.android.chrome/u0a35 (adj 9): stop com.android.chrome
W/ActivityManager(  451): Spurious death for ProcessRecord{cdcc3b7 24836:com.android.chrome/u0a35}, curProc for 24836: null
I/ActivityManager(  451): START u0 {act=android.intent.action.VIEW flg=0x10008000 cmp=com.android.chrome/com.google.android.apps.chrome.Main} from uid 2000 on display 0
V/WindowManager(  451): addAppToken: AppWindowToken{2f2fec42 token=Token{2ff2728d ActivityRecord{142b4724 u0 com.android.chrome/com.google.android.apps.chrome.Main t3758}}} to stack=1 task=3758 at 0
I/ActivityManager(  451): Start proc 25095:com.android.chrome/u0a35 for activity com.android.chrome/com.google.android.apps.chrome.Main
W/ResourcesManager(25095): Asset path '/system/framework/com.android.media.remotedisplay.jar' does not exist or contains no resources.
W/ResourcesManager(25095): Asset path '/system/framework/com.android.location.provider.jar' does not exist or contains no resources.
I/ActivityManager(  451): START u0 {cmp=com.android.chrome/org.chromium.chrome.browser.firstrun.FirstRunActivity (has extras)} from uid 10035 on display 0
V/WindowManager(  451): addAppToken: AppWindowToken{3a158acb token=Token{3412c19a ActivityRecord{13e06645 u0 com.android.chrome/org.chromium.chrome.browser.firstrun.FirstRunActivity t3759}}} to stack=1 task=3759 at 0
V/WindowManager(  451): Based on layer: Adding window Window{73eb33e u0 com.android.chrome/org.chromium.chrome.browser.firstrun.FirstRunActivity} at 3 of 16
I/ActivityManager(  451): Start proc 25127:com.android.chrome:sandboxed_process0/u0i700 for service com.android.chrome/org.chromium.content.app.SandboxedProcessService0
I/ActivityManager(  451): Start proc 25171:com.android.chrome:privileged_process0/u0a35 for service com.android.chrome/org.chromium.content.app.PrivilegedProcessService0
D/ConnectivityService(  451): listenForNetwork for NetworkRequest [ id=653, legacyType=-1, [ Capabilities: INTERNET&NOT_RESTRICTED&TRUSTED] ]
D/ConnectivityService(  451): handleRegisterNetworkRequest checking NetworkAgentInfo [WIFI () - 125]
D/ConnectivityService(  451): apparently satisfied.  currentScore=60
D/ConnectivityService(  451): listenForNetwork for NetworkRequest [ id=654, legacyType=-1, [ Capabilities: INTERNET&NOT_RESTRICTED&TRUSTED] ]
D/ConnectivityService(  451): handleRegisterNetworkRequest checking NetworkAgentInfo [WIFI () - 125]
D/ConnectivityService(  451): apparently satisfied.  currentScore=60
W/libprocessgroup(  451): failed to open /acct/uid_10035/pid_25127/cgroup.procs: No such file or directory
I/ActivityManager(  451): Process com.android.chrome:sandboxed_process0 (pid 25127) has died
W/ActivityManager(  451): Scheduling restart of crashed service com.android.chrome/org.chromium.content.app.SandboxedProcessService0 in 1000ms
I/ActivityManager(  451): START u0 {act=android.intent.action.VIEW flg=0x10808000 cmp=com.android.chrome/com.google.android.apps.chrome.Main (has extras)} from uid 10035 on display 0
V/WindowManager(  451): addAppToken: AppWindowToken{2e278abd token=Token{3701e214 ActivityRecord{23323467 u0 com.android.chrome/com.google.android.apps.chrome.Main t3760}}} to stack=1 task=3760 at 0
D/ConnectivityService(  451): releasing NetworkRequest NetworkRequest [ id=654, legacyType=-1, [ Capabilities: INTERNET&NOT_RESTRICTED&TRUSTED] ]
D/ConnectivityService(  451): listenForNetwork for NetworkRequest [ id=655, legacyType=-1, [ Capabilities: INTERNET&NOT_RESTRICTED&TRUSTED] ]
D/ConnectivityService(  451): handleRegisterNetworkRequest checking NetworkAgentInfo [WIFI () - 125]
D/ConnectivityService(  451): apparently satisfied.  currentScore=60
I/ActivityManager(  451): START u0 {act=android.intent.action.VIEW flg=0x14002000 cmp=com.android.chrome/org.chromium.chrome.browser.ChromeTabbedActivity (has extras)} from uid 10035 on display 0
V/WindowManager(  451): addAppToken: AppWindowToken{1f8f5fac token=Token{1827495f ActivityRecord{2bf8cdfe u0 com.android.chrome/org.chromium.chrome.browser.ChromeTabbedActivity t3761}}} to stack=1 task=3761 at 0
V/WindowManager(  451): Based on layer: Adding window Window{32359d2d u0 Starting com.android.chrome} at 4 of 17
I/ActivityManager(  451): Start proc 25259:com.android.chrome:sandboxed_process0/u0i701 for service com.android.chrome/org.chromium.content.app.SandboxedProcessService0
V/WindowManager(  451): Adding window Window{207009c8 u0 com.android.chrome/org.chromium.chrome.browser.ChromeTabbedActivity} at 4 of 18 (before Window{32359d2d u0 Starting com.android.chrome})
V/WindowManager(  451): Adding window Window{2411f247 u0 SurfaceView} at 4 of 19 (before Window{207009c8 u0 com.android.chrome/org.chromium.chrome.browser.ChromeTabbedActivity})
I/ActivityManager(  451): Start proc 25304:com.android.chrome:sandboxed_process1/u0i702 for service com.android.chrome/org.chromium.content.app.SandboxedProcessService1
I/ActivityManager(  451): Activity reported stop, but no longer stopping: ActivityRecord{13e06645 u0 com.android.chrome/org.chromium.chrome.browser.firstrun.FirstRunActivity t3759 f}
W/FileUtils(23079): Failed to chmod(/storage/emulated/0/trepn/Trepn_2018.06.14_171835.db): android.system.ErrnoException: chmod failed: EPERM (Operation not permitted)
D/TaskPersister(  451): removeObsoleteFile: deleting file=3759_task_thumbnail.png
I/ActivityManager(  451): START u0 {act=android.intent.action.VIEW dat=localhost:8000 flg=0x10000000 cmp=com.android.chrome/com.google.android.apps.chrome.Main} from uid 2000 on display 0
V/WindowManager(  451): addAppToken: AppWindowToken{14ae4456 token=Token{34198e71 ActivityRecord{3df79418 u0 com.android.chrome/com.google.android.apps.chrome.Main t3762}}} to stack=1 task=3762 at 0
D/ConnectivityService(  451): releasing NetworkRequest NetworkRequest [ id=655, legacyType=-1, [ Capabilities: INTERNET&NOT_RESTRICTED&TRUSTED] ]
D/ConnectivityService(  451): listenForNetwork for NetworkRequest [ id=656, legacyType=-1, [ Capabilities: INTERNET&NOT_RESTRICTED&TRUSTED] ]
D/ConnectivityService(  451): handleRegisterNetworkRequest checking NetworkAgentInfo [WIFI () - 125]
D/ConnectivityService(  451): apparently satisfied.  currentScore=60
I/ActivityManager(  451): START u0 {act=android.intent.action.VIEW dat=localhost:8000 flg=0x14002000 cmp=com.android.chrome/org.chromium.chrome.browser.ChromeTabbedActivity (has extras)} from uid 10035 on display 0
W/InputMethodManagerService(  451): Window already focused, ignoring focus gain of: com.android.internal.view.IInputMethodClient$Stub$Proxy@1e0a9aa9 attribute=null, token = android.os.BinderProxy@232e1a6b
I/ActivityManager(  451): Start proc 25376:com.android.chrome:sandboxed_process2/u0i703 for service com.android.chrome/org.chromium.content.app.SandboxedProcessService2
W/ProcessCpuTracker(  451): Skipping unknown process pid 25400
W/ProcessCpuTracker(  451): Skipping unknown process pid 25407
W/libprocessgroup(  451): failed to open /acct/uid_10035/pid_25304/cgroup.procs: No such file or directory
I/ActivityManager(  451): Process com.android.chrome:sandboxed_process1 (pid 25304) has died
W/ActivityManager(  451): Scheduling restart of crashed service com.android.chrome/org.chromium.content.app.SandboxedProcessService1 in 1000ms
I/ActivityManager(  451): Waited long enough for: ServiceRecord{25000bdc u0 com.google.android.googlequicksearchbox/com.google.android.apps.gsa.search.core.service.SearchService}
I/ActivityManager(  451): Start proc 25433:com.android.chrome:sandboxed_process3/u0i704 for service com.android.chrome/org.chromium.content.app.SandboxedProcessService3
W/libprocessgroup(  451): failed to open /acct/uid_10035/pid_25433/cgroup.procs: No such file or directory
I/ActivityManager(  451): Process com.android.chrome:sandboxed_process3 (pid 25433) has died
W/ActivityManager(  451): Scheduling restart of crashed service com.android.chrome/org.chromium.content.app.SandboxedProcessService3 in 1000ms
I/ActivityManager(  451): Force stopping com.android.chrome appid=10035 user=0: from pid 25502
I/ActivityManager(  451): Killing 25171:com.android.chrome:privileged_process0/u0a35 (adj 0): stop com.android.chrome
W/ActivityManager(  451): Scheduling restart of crashed service com.android.chrome/org.chromium.content.app.PrivilegedProcessService0 in 1000ms
I/ActivityManager(  451): Killing 25095:com.android.chrome/u0a35 (adj 0): stop com.android.chrome
D/ConnectivityService(  451): ConnectivityService NetworkRequestInfo binderDied(NetworkRequest [ id=653, legacyType=-1, [ Capabilities: INTERNET&NOT_RESTRICTED&TRUSTED] ], android.os.BinderProxy@36af9869)
I/WindowState(  451): WIN DEATH: Window{2411f247 u0 SurfaceView}
D/ConnectivityService(  451): releasing NetworkRequest NetworkRequest [ id=653, legacyType=-1, [ Capabilities: INTERNET&NOT_RESTRICTED&TRUSTED] ]
D/ConnectivityService(  451): ConnectivityService NetworkRequestInfo binderDied(NetworkRequest [ id=656, legacyType=-1, [ Capabilities: INTERNET&NOT_RESTRICTED&TRUSTED] ], android.os.BinderProxy@136a12ee)
E/ConnectivityService(  451): RemoteException caught trying to send a callback msg for NetworkRequest [ id=653, legacyType=-1, [ Capabilities: INTERNET&NOT_RESTRICTED&TRUSTED] ]
D/ConnectivityService(  451): releasing NetworkRequest NetworkRequest [ id=656, legacyType=-1, [ Capabilities: INTERNET&NOT_RESTRICTED&TRUSTED] ]
E/ConnectivityService(  451): RemoteException caught trying to send a callback msg for NetworkRequest [ id=656, legacyType=-1, [ Capabilities: INTERNET&NOT_RESTRICTED&TRUSTED] ]
I/WindowState(  451): WIN DEATH: Window{207009c8 u0 com.android.chrome/org.chromium.chrome.browser.ChromeTabbedActivity}
W/ActivityManager(  451): Exception when unbinding service com.android.chrome/org.chromium.content.app.SandboxedProcessService2
W/ActivityManager(  451): android.os.DeadObjectException
W/ActivityManager(  451): 	at android.os.BinderProxy.transactNative(Native Method)
W/ActivityManager(  451): 	at android.os.BinderProxy.transact(Binder.java:496)
W/ActivityManager(  451): 	at android.app.ApplicationThreadProxy.scheduleUnbindService(ApplicationThreadNative.java:921)
W/ActivityManager(  451): 	at com.android.server.am.ActiveServices.removeConnectionLocked(ActiveServices.java:1795)
W/ActivityManager(  451): 	at com.android.server.am.ActiveServices.killServicesLocked(ActiveServices.java:2193)
W/ActivityManager(  451): 	at com.android.server.am.ActivityManagerService.cleanUpApplicationRecordLocked(ActivityManagerService.java:14895)
W/ActivityManager(  451): 	at com.android.server.am.ActivityManagerService.handleAppDiedLocked(ActivityManagerService.java:4552)
W/ActivityManager(  451): 	at com.android.server.am.ActivityManagerService.removeProcessLocked(ActivityManagerService.java:5789)
W/ActivityManager(  451): 	at com.android.server.am.ActivityManagerService.killPackageProcessesLocked(ActivityManagerService.java:5594)
W/ActivityManager(  451): 	at com.android.server.am.ActivityManagerService.forceStopPackageLocked(ActivityManagerService.java:5655)
W/ActivityManager(  451): 	at com.android.server.am.ActivityManagerService.forceStopPackageLocked(ActivityManagerService.java:5499)
W/ActivityManager(  451): 	at com.android.server.am.ActivityManagerService.forceStopPackage(ActivityManagerService.java:5309)
W/ActivityManager(  451): 	at android.app.ActivityManagerNative.onTransact(ActivityManagerNative.java:1461)
W/ActivityManager(  451): 	at com.android.server.am.ActivityManagerService.onTransact(ActivityManagerService.java:2208)
W/ActivityManager(  451): 	at android.os.Binder.execTransact(Binder.java:446)
I/ActivityManager(  451): Killing 25376:com.android.chrome:sandboxed_process2/u0a35i703 (adj 9): isolated not needed
W/libprocessgroup(  451): failed to open /acct/uid_10035/pid_25376/cgroup.procs: No such file or directory
W/ActivityManager(  451): Exception when unbinding service com.android.chrome/org.chromium.content.app.SandboxedProcessService0
W/ActivityManager(  451): android.os.DeadObjectException
W/ActivityManager(  451): 	at android.os.BinderProxy.transactNative(Native Method)
W/ActivityManager(  451): 	at android.os.BinderProxy.transact(Binder.java:496)
W/ActivityManager(  451): 	at android.app.ApplicationThreadProxy.scheduleUnbindService(ApplicationThreadNative.java:921)
W/ActivityManager(  451): 	at com.android.server.am.ActiveServices.removeConnectionLocked(ActiveServices.java:1795)
W/ActivityManager(  451): 	at com.android.server.am.ActiveServices.killServicesLocked(ActiveServices.java:2193)
W/ActivityManager(  451): 	at com.android.server.am.ActivityManagerService.cleanUpApplicationRecordLocked(ActivityManagerService.java:14895)
W/ActivityManager(  451): 	at com.android.server.am.ActivityManagerService.handleAppDiedLocked(ActivityManagerService.java:4552)
W/ActivityManager(  451): 	at com.android.server.am.ActivityManagerService.removeProcessLocked(ActivityManagerService.java:5789)
W/ActivityManager(  451): 	at com.android.server.am.ActivityManagerService.killPackageProcessesLocked(ActivityManagerService.java:5594)
W/ActivityManager(  451): 	at com.android.server.am.ActivityManagerService.forceStopPackageLocked(ActivityManagerService.java:5655)
W/ActivityManager(  451): 	at com.android.server.am.ActivityManagerService.forceStopPackageLocked(ActivityManagerService.java:5499)
W/ActivityManager(  451): 	at com.android.server.am.ActivityManagerService.forceStopPackage(ActivityManagerService.java:5309)
W/ActivityManager(  451): 	at android.app.ActivityManagerNative.onTransact(ActivityManagerNative.java:1461)
W/ActivityManager(  451): 	at com.android.server.am.ActivityManagerService.onTransact(ActivityManagerService.java:2208)
W/ActivityManager(  451): 	at android.os.Binder.execTransact(Binder.java:446)
W/ActivityManager(  451): Force removing ActivityRecord{2bf8cdfe u0 com.android.chrome/org.chromium.chrome.browser.ChromeTabbedActivity t3761}: app died, no saved state
I/ActivityManager(  451): Killing 25259:com.android.chrome:sandboxed_process0/u0a35i701 (adj 9): isolated not needed
W/libprocessgroup(  451): failed to open /acct/uid_10035/pid_25259/cgroup.procs: No such file or directory
W/ActivityManager(  451): Spurious death for ProcessRecord{3e49d8b2 25171:com.android.chrome:privileged_process0/u0a35}, curProc for 25171: null
W/ActivityManager(  451): Unbind failed: could not find connection for android.os.BinderProxy@6b14fa
W/ActivityManager(  451): Spurious death for ProcessRecord{21fe9f2 25095:com.android.chrome/u0a35}, curProc for 25095: null
W/InputMethodManagerService(  451): Got RemoteException sending setActive(false) notification to pid 25095 uid 10035
I/ActivityManager(  451): Force stopping com.android.chrome appid=10035 user=0: clear data
D/TaskPersister(  451): removeObsoleteFile: deleting file=3761_task.xml
D/TaskPersister(  451): removeObsoleteFile: deleting file=3761_task_thumbnail.png
I/ActivityManager(  451): Start proc 25560:com.android.chrome/u0a35 for content provider com.android.chrome/com.google.android.apps.chrome.icing.IcingProvider
W/ResourcesManager(25560): Asset path '/system/framework/com.android.media.remotedisplay.jar' does not exist or contains no resources.
W/ResourcesManager(25560): Asset path '/system/framework/com.android.location.provider.jar' does not exist or contains no resources.
W/FileUtils(23079): Failed to chmod(/storage/emulated/0/trepn/Trepn_2018.06.14_171835.db): android.system.ErrnoException: chmod failed: EPERM (Operation not permitted)
D/WifiService(  451): acquireWifiLockLocked: WifiLock{NlpWifiLock type=2 binder=android.os.BinderProxy@252e93be}
D/WifiService(  451): releaseWifiLockLocked: WifiLock{NlpWifiLock type=2 binder=android.os.BinderProxy@252e93be}
I/ActivityManager(  451): Force stopping com.android.chrome appid=10035 user=0: from pid 25717
I/ActivityManager(  451): Killing 25560:com.android.chrome/u0a35 (adj 9): stop com.android.chrome
W/ActivityManager(  451): Spurious death for ProcessRecord{2881692b 25560:com.android.chrome/u0a35}, curProc for 25560: null
I/ActivityManager(  451): START u0 {act=android.intent.action.VIEW flg=0x10008000 cmp=com.android.chrome/com.google.android.apps.chrome.Main} from uid 2000 on display 0
V/WindowManager(  451): addAppToken: AppWindowToken{2dbe1746 token=Token{2d6a1721 ActivityRecord{2f671188 u0 com.android.chrome/com.google.android.apps.chrome.Main t3763}}} to stack=1 task=3763 at 0
I/ActivityManager(  451): Start proc 25729:com.android.chrome/u0a35 for activity com.android.chrome/com.google.android.apps.chrome.Main
W/ResourcesManager(25729): Asset path '/system/framework/com.android.media.remotedisplay.jar' does not exist or contains no resources.
W/ResourcesManager(25729): Asset path '/system/framework/com.android.location.provider.jar' does not exist or contains no resources.
I/ActivityManager(  451): START u0 {cmp=com.android.chrome/org.chromium.chrome.browser.firstrun.FirstRunActivity (has extras)} from uid 10035 on display 0
V/WindowManager(  451): addAppToken: AppWindowToken{39baf5ff token=Token{3a52c91e ActivityRecord{386d8959 u0 com.android.chrome/org.chromium.chrome.browser.firstrun.FirstRunActivity t3764}}} to stack=1 task=3764 at 0
V/WindowManager(  451): Based on layer: Adding window Window{28a3a5f7 u0 com.android.chrome/org.chromium.chrome.browser.firstrun.FirstRunActivity} at 3 of 16
I/ActivityManager(  451): Start proc 25755:com.android.chrome:sandboxed_process0/u0i705 for service com.android.chrome/org.chromium.content.app.SandboxedProcessService0
I/ActivityManager(  451): Start proc 25798:com.android.chrome:privileged_process0/u0a35 for service com.android.chrome/org.chromium.content.app.PrivilegedProcessService0
D/ConnectivityService(  451): listenForNetwork for NetworkRequest [ id=657, legacyType=-1, [ Capabilities: INTERNET&NOT_RESTRICTED&TRUSTED] ]
D/ConnectivityService(  451): handleRegisterNetworkRequest checking NetworkAgentInfo [WIFI () - 125]
D/ConnectivityService(  451): apparently satisfied.  currentScore=60
D/ConnectivityService(  451): listenForNetwork for NetworkRequest [ id=658, legacyType=-1, [ Capabilities: INTERNET&NOT_RESTRICTED&TRUSTED] ]
D/ConnectivityService(  451): handleRegisterNetworkRequest checking NetworkAgentInfo [WIFI () - 125]
D/ConnectivityService(  451): apparently satisfied.  currentScore=60
W/libprocessgroup(  451): failed to open /acct/uid_10035/pid_25755/cgroup.procs: No such file or directory
I/ActivityManager(  451): Process com.android.chrome:sandboxed_process0 (pid 25755) has died
W/ActivityManager(  451): Scheduling restart of crashed service com.android.chrome/org.chromium.content.app.SandboxedProcessService0 in 1000ms
I/ActivityManager(  451): START u0 {act=android.intent.action.VIEW flg=0x10808000 cmp=com.android.chrome/com.google.android.apps.chrome.Main (has extras)} from uid 10035 on display 0
V/WindowManager(  451): addAppToken: AppWindowToken{6131178 token=Token{12beb2db ActivityRecord{a263fea u0 com.android.chrome/com.google.android.apps.chrome.Main t3765}}} to stack=1 task=3765 at 0
D/ConnectivityService(  451): releasing NetworkRequest NetworkRequest [ id=658, legacyType=-1, [ Capabilities: INTERNET&NOT_RESTRICTED&TRUSTED] ]
D/ConnectivityService(  451): listenForNetwork for NetworkRequest [ id=659, legacyType=-1, [ Capabilities: INTERNET&NOT_RESTRICTED&TRUSTED] ]
D/ConnectivityService(  451): handleRegisterNetworkRequest checking NetworkAgentInfo [WIFI () - 125]
D/ConnectivityService(  451): apparently satisfied.  currentScore=60
I/ActivityManager(  451): START u0 {act=android.intent.action.VIEW flg=0x14002000 cmp=com.android.chrome/org.chromium.chrome.browser.ChromeTabbedActivity (has extras)} from uid 10035 on display 0
V/WindowManager(  451): addAppToken: AppWindowToken{118ea253 token=Token{10bae242 ActivityRecord{197808d u0 com.android.chrome/org.chromium.chrome.browser.ChromeTabbedActivity t3766}}} to stack=1 task=3766 at 0
V/WindowManager(  451): Based on layer: Adding window Window{1129c8a8 u0 Starting com.android.chrome} at 4 of 17
V/WindowManager(  451): Adding window Window{d4bb5f9 u0 com.android.chrome/org.chromium.chrome.browser.ChromeTabbedActivity} at 4 of 18 (before Window{1129c8a8 u0 Starting com.android.chrome})
I/ActivityManager(  451): Start proc 25890:com.android.chrome:sandboxed_process0/u0i706 for service com.android.chrome/org.chromium.content.app.SandboxedProcessService0
V/WindowManager(  451): Adding window Window{988b8b5 u0 SurfaceView} at 4 of 19 (before Window{d4bb5f9 u0 com.android.chrome/org.chromium.chrome.browser.ChromeTabbedActivity})
I/ActivityManager(  451): Start proc 25943:com.android.chrome:sandboxed_process1/u0i707 for service com.android.chrome/org.chromium.content.app.SandboxedProcessService1
W/FileUtils(23079): Failed to chmod(/storage/emulated/0/trepn/Trepn_2018.06.14_172156.db): android.system.ErrnoException: chmod failed: EPERM (Operation not permitted)
I/ActivityManager(  451): Activity reported stop, but no longer stopping: ActivityRecord{386d8959 u0 com.android.chrome/org.chromium.chrome.browser.firstrun.FirstRunActivity t3764 f}
I/ActivityManager(  451): START u0 {act=android.intent.action.VIEW dat=localhost:8000 flg=0x10000000 cmp=com.android.chrome/com.google.android.apps.chrome.Main} from uid 2000 on display 0
V/WindowManager(  451): addAppToken: AppWindowToken{1a85a84b token=Token{3ce2e51a ActivityRecord{614e7c5 u0 com.android.chrome/com.google.android.apps.chrome.Main t3767}}} to stack=1 task=3767 at 0
D/ConnectivityService(  451): releasing NetworkRequest NetworkRequest [ id=659, legacyType=-1, [ Capabilities: INTERNET&NOT_RESTRICTED&TRUSTED] ]
D/ConnectivityService(  451): listenForNetwork for NetworkRequest [ id=660, legacyType=-1, [ Capabilities: INTERNET&NOT_RESTRICTED&TRUSTED] ]
D/ConnectivityService(  451): handleRegisterNetworkRequest checking NetworkAgentInfo [WIFI () - 125]
D/ConnectivityService(  451): apparently satisfied.  currentScore=60
I/ActivityManager(  451): START u0 {act=android.intent.action.VIEW dat=localhost:8000 flg=0x14002000 cmp=com.android.chrome/org.chromium.chrome.browser.ChromeTabbedActivity (has extras)} from uid 10035 on display 0
W/InputMethodManagerService(  451): Window already focused, ignoring focus gain of: com.android.internal.view.IInputMethodClient$Stub$Proxy@1960fd72 attribute=null, token = android.os.BinderProxy@3a5304c0
I/ActivityManager(  451): Start proc 26005:com.android.chrome:sandboxed_process2/u0i708 for service com.android.chrome/org.chromium.content.app.SandboxedProcessService2
D/TaskPersister(  451): removeObsoleteFile: deleting file=3764_task_thumbnail.png
W/libprocessgroup(  451): failed to open /acct/uid_10035/pid_25943/cgroup.procs: No such file or directory
I/ActivityManager(  451): Process com.android.chrome:sandboxed_process1 (pid 25943) has died
W/ActivityManager(  451): Scheduling restart of crashed service com.android.chrome/org.chromium.content.app.SandboxedProcessService1 in 1000ms
I/ActivityManager(  451): Waited long enough for: ServiceRecord{eb6a6fd u0 com.google.android.googlequicksearchbox/com.google.android.apps.gsa.search.core.service.SearchService}
I/ActivityManager(  451): Start proc 26099:com.android.chrome:sandboxed_process3/u0i709 for service com.android.chrome/org.chromium.content.app.SandboxedProcessService3
W/libprocessgroup(  451): failed to open /acct/uid_10035/pid_26099/cgroup.procs: No such file or directory
I/ActivityManager(  451): Process com.android.chrome:sandboxed_process3 (pid 26099) has died
W/ActivityManager(  451): Scheduling restart of crashed service com.android.chrome/org.chromium.content.app.SandboxedProcessService3 in 1000ms
I/ActivityManager(  451): Force stopping com.android.chrome appid=10035 user=0: from pid 26179
I/ActivityManager(  451): Killing 25798:com.android.chrome:privileged_process0/u0a35 (adj 0): stop com.android.chrome
W/ActivityManager(  451): Scheduling restart of crashed service com.android.chrome/org.chromium.content.app.PrivilegedProcessService0 in 1000ms
I/ActivityManager(  451): Killing 25729:com.android.chrome/u0a35 (adj 0): stop com.android.chrome
D/ConnectivityService(  451): ConnectivityService NetworkRequestInfo binderDied(NetworkRequest [ id=657, legacyType=-1, [ Capabilities: INTERNET&NOT_RESTRICTED&TRUSTED] ], android.os.BinderProxy@366f197e)
I/WindowState(  451): WIN DEATH: Window{988b8b5 u0 SurfaceView}
D/ConnectivityService(  451): releasing NetworkRequest NetworkRequest [ id=657, legacyType=-1, [ Capabilities: INTERNET&NOT_RESTRICTED&TRUSTED] ]
D/ConnectivityService(  451): ConnectivityService NetworkRequestInfo binderDied(NetworkRequest [ id=660, legacyType=-1, [ Capabilities: INTERNET&NOT_RESTRICTED&TRUSTED] ], android.os.BinderProxy@3c866edf)
E/ConnectivityService(  451): RemoteException caught trying to send a callback msg for NetworkRequest [ id=657, legacyType=-1, [ Capabilities: INTERNET&NOT_RESTRICTED&TRUSTED] ]
D/ConnectivityService(  451): releasing NetworkRequest NetworkRequest [ id=660, legacyType=-1, [ Capabilities: INTERNET&NOT_RESTRICTED&TRUSTED] ]
E/ConnectivityService(  451): RemoteException caught trying to send a callback msg for NetworkRequest [ id=660, legacyType=-1, [ Capabilities: INTERNET&NOT_RESTRICTED&TRUSTED] ]
I/WindowState(  451): WIN DEATH: Window{d4bb5f9 u0 com.android.chrome/org.chromium.chrome.browser.ChromeTabbedActivity}
W/ActivityManager(  451): Exception when unbinding service com.android.chrome/org.chromium.content.app.SandboxedProcessService0
W/ActivityManager(  451): android.os.DeadObjectException
W/ActivityManager(  451): 	at android.os.BinderProxy.transactNative(Native Method)
W/ActivityManager(  451): 	at android.os.BinderProxy.transact(Binder.java:496)
W/ActivityManager(  451): 	at android.app.ApplicationThreadProxy.scheduleUnbindService(ApplicationThreadNative.java:921)
W/ActivityManager(  451): 	at com.android.server.am.ActiveServices.removeConnectionLocked(ActiveServices.java:1795)
W/ActivityManager(  451): 	at com.android.server.am.ActiveServices.killServicesLocked(ActiveServices.java:2193)
W/ActivityManager(  451): 	at com.android.server.am.ActivityManagerService.cleanUpApplicationRecordLocked(ActivityManagerService.java:14895)
W/ActivityManager(  451): 	at com.android.server.am.ActivityManagerService.handleAppDiedLocked(ActivityManagerService.java:4552)
W/ActivityManager(  451): 	at com.android.server.am.ActivityManagerService.removeProcessLocked(ActivityManagerService.java:5789)
W/ActivityManager(  451): 	at com.android.server.am.ActivityManagerService.killPackageProcessesLocked(ActivityManagerService.java:5594)
W/ActivityManager(  451): 	at com.android.server.am.ActivityManagerService.forceStopPackageLocked(ActivityManagerService.java:5655)
W/ActivityManager(  451): 	at com.android.server.am.ActivityManagerService.forceStopPackageLocked(ActivityManagerService.java:5499)
W/ActivityManager(  451): 	at com.android.server.am.ActivityManagerService.forceStopPackage(ActivityManagerService.java:5309)
W/ActivityManager(  451): 	at android.app.ActivityManagerNative.onTransact(ActivityManagerNative.java:1461)
W/ActivityManager(  451): 	at com.android.server.am.ActivityManagerService.onTransact(ActivityManagerService.java:2208)
W/ActivityManager(  451): 	at android.os.Binder.execTransact(Binder.java:446)
W/ActivityManager(  451): Exception when unbinding service com.android.chrome/org.chromium.content.app.SandboxedProcessService2
W/ActivityManager(  451): android.os.DeadObjectException
W/ActivityManager(  451): 	at android.os.BinderProxy.transactNative(Native Method)
W/ActivityManager(  451): 	at android.os.BinderProxy.transact(Binder.java:496)
W/ActivityManager(  451): 	at android.app.ApplicationThreadProxy.scheduleUnbindService(ApplicationThreadNative.java:921)
W/ActivityManager(  451): 	at com.android.server.am.ActiveServices.removeConnectionLocked(ActiveServices.java:1795)
W/ActivityManager(  451): 	at com.android.server.am.ActiveServices.killServicesLocked(ActiveServices.java:2193)
W/ActivityManager(  451): 	at com.android.server.am.ActivityManagerService.cleanUpApplicationRecordLocked(ActivityManagerService.java:14895)
W/ActivityManager(  451): 	at com.android.server.am.ActivityManagerService.handleAppDiedLocked(ActivityManagerService.java:4552)
W/ActivityManager(  451): 	at com.android.server.am.ActivityManagerService.removeProcessLocked(ActivityManagerService.java:5789)
W/ActivityManager(  451): 	at com.android.server.am.ActivityManagerService.killPackageProcessesLocked(ActivityManagerService.java:5594)
W/ActivityManager(  451): 	at com.android.server.am.ActivityManagerService.forceStopPackageLocked(ActivityManagerService.java:5655)
W/ActivityManager(  451): 	at com.android.server.am.ActivityManagerService.forceStopPackageLocked(ActivityManagerService.java:5499)
W/ActivityManager(  451): 	at com.android.server.am.ActivityManagerService.forceStopPackage(ActivityManagerService.java:5309)
W/ActivityManager(  451): 	at android.app.ActivityManagerNative.onTransact(ActivityManagerNative.java:1461)
W/ActivityManager(  451): 	at com.android.server.am.ActivityManagerService.onTransact(ActivityManagerService.java:2208)
W/ActivityManager(  451): 	at android.os.Binder.execTransact(Binder.java:446)
I/ActivityManager(  451): Killing 25890:com.android.chrome:sandboxed_process0/u0a35i706 (adj 9): isolated not needed
W/libprocessgroup(  451): failed to open /acct/uid_10035/pid_25890/cgroup.procs: No such file or directory
W/ActivityManager(  451): Force removing ActivityRecord{197808d u0 com.android.chrome/org.chromium.chrome.browser.ChromeTabbedActivity t3766}: app died, no saved state
I/ActivityManager(  451): Killing 26005:com.android.chrome:sandboxed_process2/u0a35i708 (adj 9): isolated not needed
W/libprocessgroup(  451): failed to open /acct/uid_10035/pid_26005/cgroup.procs: No such file or directory
W/ActivityManager(  451): Spurious death for ProcessRecord{20413051 25798:com.android.chrome:privileged_process0/u0a35}, curProc for 25798: null
W/ActivityManager(  451): Unbind failed: could not find connection for android.os.BinderProxy@3b5ab0a6
W/ActivityManager(  451): Spurious death for ProcessRecord{3e491c64 25729:com.android.chrome/u0a35}, curProc for 25729: null
W/InputMethodManagerService(  451): Got RemoteException sending setActive(false) notification to pid 25729 uid 10035
I/ActivityManager(  451): Force stopping com.android.chrome appid=10035 user=0: clear data
D/TaskPersister(  451): removeObsoleteFile: deleting file=3766_task.xml
D/TaskPersister(  451): removeObsoleteFile: deleting file=3766_task_thumbnail.png
I/ActivityManager(  451): Start proc 26243:com.android.chrome/u0a35 for content provider com.android.chrome/com.google.android.apps.chrome.icing.IcingProvider
W/ResourcesManager(26243): Asset path '/system/framework/com.android.media.remotedisplay.jar' does not exist or contains no resources.
W/ResourcesManager(26243): Asset path '/system/framework/com.android.location.provider.jar' does not exist or contains no resources.
W/FileUtils(23079): Failed to chmod(/storage/emulated/0/trepn/Trepn_2018.06.14_172156.db): android.system.ErrnoException: chmod failed: EPERM (Operation not permitted)
D/ConnectivityService(  451): NetworkAgentInfo [WIFI () - 125] EVENT_NETWORK_INFO_CHANGED, going from CONNECTED to CONNECTING
D/ConnectivityService(  451): NetworkAgentInfo [WIFI () - 125] EVENT_NETWORK_INFO_CHANGED, going from CONNECTING to CONNECTED
I/ActivityManager(  451): Force stopping com.android.chrome appid=10035 user=0: from pid 26535
I/ActivityManager(  451): Killing 26243:com.android.chrome/u0a35 (adj 9): stop com.android.chrome
W/ActivityManager(  451): Spurious death for ProcessRecord{248e87f1 26243:com.android.chrome/u0a35}, curProc for 26243: null
I/ActivityManager(  451): Force stopping com.android.chrome appid=10035 user=0: clear data
I/ActivityManager(  451): Start proc 26574:com.android.chrome/u0a35 for content provider com.android.chrome/com.google.android.apps.chrome.icing.IcingProvider
W/ResourcesManager(26574): Asset path '/system/framework/com.android.media.remotedisplay.jar' does not exist or contains no resources.
W/ResourcesManager(26574): Asset path '/system/framework/com.android.location.provider.jar' does not exist or contains no resources.
W/BroadcastQueue(  451): Skipping deliver [background] BroadcastRecord{330062e0 u-1 android.net.conn.CONNECTIVITY_CHANGE} to ReceiverList{2e8a8999 26688 (unknown name)/2000/u-1 remote:3791c912}: process crashing
I/ActivityManager(  451): START u0 {act=android.intent.action.MAIN cat=[android.intent.category.LAUNCHER] flg=0x10200000 cmp=com.quicinc.trepn/.userinterface.main.TrepnActivity} from uid 2000 on display 0
V/WindowManager(  451): addAppToken: AppWindowToken{3bb8cd0c token=Token{646903f ActivityRecord{c3f645e u0 com.quicinc.trepn/.userinterface.main.TrepnActivity t3768}}} to stack=1 task=3768 at 0
V/WindowManager(  451): Adding window Window{b404837 u0 Starting com.quicinc.trepn} at 3 of 16 (after Window{2bb582c9 u0 com.google.android.googlequicksearchbox/com.google.android.launcher.GEL})
V/WindowManager(  451): Adding window Window{3fc94ec5 u0 com.quicinc.trepn/com.quicinc.trepn.userinterface.main.TrepnActivity} at 3 of 17 (before Window{b404837 u0 Starting com.quicinc.trepn})
D/TaskPersister(  451): removeObsoleteFile: deleting file=3742_task.xml
I/ActivityManager(  451): Force stopping com.quicinc.trepn appid=10091 user=0: from pid 26740
I/ActivityManager(  451): Killing 23079:com.quicinc.trepn/u0a91 (adj 0): stop com.quicinc.trepn
I/WindowState(  451): WIN DEATH: Window{3fc94ec5 u0 com.quicinc.trepn/com.quicinc.trepn.userinterface.main.TrepnActivity}
W/ActivityManager(  451): Force removing ActivityRecord{c3f645e u0 com.quicinc.trepn/.userinterface.main.TrepnActivity t3768}: app died, no saved state
W/ActivityManager(  451): Spurious death for ProcessRecord{31e9b1a4 23079:com.quicinc.trepn/u0a91}, curProc for 23079: null
W/InputMethodManagerService(  451): Got RemoteException sending setActive(false) notification to pid 23079 uid 10091
I/ActivityManager(  451): Start proc 26777:com.quicinc.trepn/u0a91 for service com.quicinc.trepn/.TrepnService
I/ActivityManager(  451): Force stopping com.android.chrome appid=10035 user=0: from pid 26810
I/ActivityManager(  451): Killing 26574:com.android.chrome/u0a35 (adj 9): stop com.android.chrome
W/ActivityManager(  451): Spurious death for ProcessRecord{3ddffa9 26574:com.android.chrome/u0a35}, curProc for 26574: null
I/ActivityManager(  451): START u0 {act=android.intent.action.VIEW flg=0x10008000 cmp=com.android.chrome/com.google.android.apps.chrome.Main} from uid 2000 on display 0
V/WindowManager(  451): addAppToken: AppWindowToken{3f065c token=Token{10a79ccf ActivityRecord{2f21892e u0 com.android.chrome/com.google.android.apps.chrome.Main t3769}}} to stack=1 task=3769 at 0
I/ActivityManager(  451): Start proc 26822:com.android.chrome/u0a35 for activity com.android.chrome/com.google.android.apps.chrome.Main
W/ResourcesManager(26822): Asset path '/system/framework/com.android.media.remotedisplay.jar' does not exist or contains no resources.
W/ResourcesManager(26822): Asset path '/system/framework/com.android.location.provider.jar' does not exist or contains no resources.
I/ActivityManager(  451): START u0 {cmp=com.android.chrome/org.chromium.chrome.browser.firstrun.FirstRunActivity (has extras)} from uid 10035 on display 0
