W/ctxmgr  (  965): [AclManager]No 2 for (accnt=account#-517948760#, com.google.android.gms(10008):IndoorOutdoorProducer, vrsn=12685000, 0, 3pPkg = null ,  3pMdlId = null ,  pid = 965). Was: 3 for 57, account#-517948760#
W/Wifi    ( 3458): Failed to read packet and byte counts from wifi interface
W/Wifi    ( 3458): Failed to read packet and byte counts from wifi interface
W/Wifi    ( 3458): Failed to read packet and byte counts from wifi interface
W/Wifi    ( 3458): Failed to read packet and byte counts from wifi interface
W/Wifi    ( 3458): Failed to read packet and byte counts from wifi interface
W/Wifi    ( 3458): Failed to read packet and byte counts from wifi interface
W/Wifi    ( 3458): Failed to read packet and byte counts from wifi interface
W/Wifi    ( 3458): Failed to read packet and byte counts from wifi interface
W/Wifi    ( 3458): Failed to read packet and byte counts from wifi interface
W/Wifi    ( 3458): Failed to read packet and byte counts from wifi interface
W/Wifi    ( 3458): Failed to read packet and byte counts from wifi interface
W/Wifi    ( 3458): Failed to read packet and byte counts from wifi interface
W/Wifi    ( 3458): Failed to read packet and byte counts from wifi interface
W/Wifi    ( 3458): Failed to read packet and byte counts from wifi interface
W/Wifi    ( 3458): Failed to read packet and byte counts from wifi interface
W/Wifi    ( 3458): Failed to read packet and byte counts from wifi interface
W/Wifi    ( 3458): Failed to read packet and byte counts from wifi interface
W/Wifi    ( 3458): Failed to read packet and byte counts from wifi interface
W/Wifi    ( 3458): Failed to read packet and byte counts from wifi interface
E/WifiStateMachine(  451): WifiStateMachine CMD_START_SCAN source -2 txSuccessRate=0.03 rxSuccessRate=0.03 targetRoamBSSID=any RSSI=-60
W/Wifi    ( 3458): Failed to read packet and byte counts from wifi interface
W/Wifi    ( 3458): Failed to read packet and byte counts from wifi interface
W/Wifi    ( 3458): Failed to read packet and byte counts from wifi interface
W/Wifi    ( 3458): Failed to read packet and byte counts from wifi interface
W/Wifi    ( 3458): Failed to read packet and byte counts from wifi interface
I/vgn     (  965): 35-GetDeviceDataUploadOptInStatusOperation -- metadata{ service_id: 0 }
I/vgn     (  965): 35-GetDeviceDataUploadOptInStatusOperation -- metadata{ service_id: 0 }
W/Wifi    ( 3458): Failed to read packet and byte counts from wifi interface
W/Wifi    ( 3458): Failed to read packet and byte counts from wifi interface
W/Wifi    ( 3458): Failed to read packet and byte counts from wifi interface
W/Wifi    ( 3458): Failed to read packet and byte counts from wifi interface
W/Wifi    ( 3458): Failed to read packet and byte counts from wifi interface
W/Wifi    ( 3458): Failed to read packet and byte counts from wifi interface
W/Wifi    ( 3458): Failed to read packet and byte counts from wifi interface
D/ConnectivityService(  451): updateNetworkScore for NetworkAgentInfo [WIFI () - 126] to 56
D/ConnectivityService(  451): rematching NetworkAgentInfo [WIFI () - 126]
D/ConnectivityService(  451): Network NetworkAgentInfo [WIFI () - 126] was already satisfying request 1. No change.
D/ConnectivityService(  451): notifyType AVAILABLE for NetworkAgentInfo [WIFI () - 126]
D/ConnectivityManager.CallbackHandler(  627): CM callback handler got msg 524290
D/ConnectivityManager.CallbackHandler(  987): CM callback handler got msg 524290
D/ConnectivityManager.CallbackHandler(15005): CM callback handler got msg 524290
D/ConnectivityManager.CallbackHandler(  987): CM callback handler got msg 524290
D/ConnectivityManager.CallbackHandler(28589): CM callback handler got msg 524290
D/ConnectivityManager.CallbackHandler(  987): CM callback handler got msg 524290
W/Wifi    ( 3458): Failed to read packet and byte counts from wifi interface
W/Wifi    ( 3458): Failed to read packet and byte counts from wifi interface
W/Wifi    ( 3458): Failed to read packet and byte counts from wifi interface
D/ConnectivityService(  451): updateNetworkScore for NetworkAgentInfo [WIFI () - 126] to 60
D/ConnectivityService(  451): rematching NetworkAgentInfo [WIFI () - 126]
D/ConnectivityService(  451): Network NetworkAgentInfo [WIFI () - 126] was already satisfying request 1. No change.
D/ConnectivityService(  451): notifyType AVAILABLE for NetworkAgentInfo [WIFI () - 126]
D/ConnectivityManager.CallbackHandler(15005): CM callback handler got msg 524290
D/ConnectivityManager.CallbackHandler(  627): CM callback handler got msg 524290
D/ConnectivityManager.CallbackHandler(  987): CM callback handler got msg 524290
D/ConnectivityManager.CallbackHandler(  987): CM callback handler got msg 524290
D/ConnectivityManager.CallbackHandler(28589): CM callback handler got msg 524290
D/ConnectivityManager.CallbackHandler(  987): CM callback handler got msg 524290
W/Wifi    ( 3458): Failed to read packet and byte counts from wifi interface
W/Wifi    ( 3458): Failed to read packet and byte counts from wifi interface
W/Wifi    ( 3458): Failed to read packet and byte counts from wifi interface
W/Wifi    ( 3458): Failed to read packet and byte counts from wifi interface
W/Wifi    ( 3458): Failed to read packet and byte counts from wifi interface
W/Wifi    ( 3458): Failed to read packet and byte counts from wifi interface
E/WifiStateMachine(  451): WifiStateMachine CMD_START_SCAN source -2 txSuccessRate=0.00 rxSuccessRate=0.00 targetRoamBSSID=any RSSI=-60
W/Wifi    ( 3458): Failed to read packet and byte counts from wifi interface
W/Wifi    ( 3458): Failed to read packet and byte counts from wifi interface
W/Wifi    ( 3458): Failed to read packet and byte counts from wifi interface
W/Wifi    ( 3458): Failed to read packet and byte counts from wifi interface
W/Wifi    ( 3458): Failed to read packet and byte counts from wifi interface
W/Wifi    ( 3458): Failed to read packet and byte counts from wifi interface
W/Wifi    ( 3458): Failed to read packet and byte counts from wifi interface
I/art     (  451): Explicit concurrent mark sweep GC freed 60997(2MB) AllocSpace objects, 16(2MB) LOS objects, 33% free, 30MB/45MB, paused 641us total 179.536ms
W/Wifi    ( 3458): Failed to read packet and byte counts from wifi interface
W/Wifi    ( 3458): Failed to read packet and byte counts from wifi interface
W/Wifi    ( 3458): Failed to read packet and byte counts from wifi interface
W/Wifi    ( 3458): Failed to read packet and byte counts from wifi interface
W/Wifi    ( 3458): Failed to read packet and byte counts from wifi interface
W/Wifi    ( 3458): Failed to read packet and byte counts from wifi interface
W/Wifi    ( 3458): Failed to read packet and byte counts from wifi interface
W/Wifi    ( 3458): Failed to read packet and byte counts from wifi interface
W/Wifi    ( 3458): Failed to read packet and byte counts from wifi interface
W/Wifi    ( 3458): Failed to read packet and byte counts from wifi interface
W/Wifi    ( 3458): Failed to read packet and byte counts from wifi interface
I/wpa_supplicant(  758): wlan0: WPA: Group rekeying completed with d0:c7:89:cd:a4:ef [GTK=CCMP]
W/Wifi    ( 3458): Failed to read packet and byte counts from wifi interface
W/Wifi    ( 3458): Failed to read packet and byte counts from wifi interface
E/WifiStateMachine(  451): WifiStateMachine CMD_START_SCAN source -2 txSuccessRate=0.50 rxSuccessRate=0.50 targetRoamBSSID=any RSSI=-60
W/Wifi    ( 3458): Failed to read packet and byte counts from wifi interface
W/Wifi    ( 3458): Failed to read packet and byte counts from wifi interface
W/Wifi    ( 3458): Failed to read packet and byte counts from wifi interface
W/Wifi    ( 3458): Failed to read packet and byte counts from wifi interface
E/tegra_memtrack_hal(  451): failed to read header for pid 451: Operation not permitted
E/tegra_memtrack_hal(  451): failed to read header for pid 451: Operation not permitted
E/tegra_memtrack_hal(  451): failed to read header for pid 451: Operation not permitted
E/tegra_memtrack_hal(  451): failed to read header for pid 451: Operation not permitted
E/tegra_memtrack_hal(  451): failed to read header for pid 451: Operation not permitted
W/Wifi    ( 3458): Failed to read packet and byte counts from wifi interface
W/Wifi    ( 3458): Failed to read packet and byte counts from wifi interface
W/Wifi    ( 3458): Failed to read packet and byte counts from wifi interface
W/Wifi    ( 3458): Failed to read packet and byte counts from wifi interface
W/Wifi    ( 3458): Failed to read packet and byte counts from wifi interface
W/Wifi    ( 3458): Failed to read packet and byte counts from wifi interface
W/Wifi    ( 3458): Failed to read packet and byte counts from wifi interface
W/Wifi    ( 3458): Failed to read packet and byte counts from wifi interface
W/Wifi    ( 3458): Failed to read packet and byte counts from wifi interface
W/Wifi    ( 3458): Failed to read packet and byte counts from wifi interface
W/Wifi    ( 3458): Failed to read packet and byte counts from wifi interface
W/Wifi    ( 3458): Failed to read packet and byte counts from wifi interface
W/Wifi    ( 3458): Failed to read packet and byte counts from wifi interface
W/Wifi    ( 3458): Failed to read packet and byte counts from wifi interface
W/Wifi    ( 3458): Failed to read packet and byte counts from wifi interface
W/Wifi    ( 3458): Failed to read packet and byte counts from wifi interface
E/WifiStateMachine(  451): WifiStateMachine CMD_START_SCAN source -2 txSuccessRate=0.50 rxSuccessRate=0.50 targetRoamBSSID=any RSSI=-58
W/Wifi    ( 3458): Failed to read packet and byte counts from wifi interface
W/Wifi    ( 3458): Failed to read packet and byte counts from wifi interface
W/Wifi    ( 3458): Failed to read packet and byte counts from wifi interface
W/Wifi    ( 3458): Failed to read packet and byte counts from wifi interface
W/Wifi    ( 3458): Failed to read packet and byte counts from wifi interface
I/vgn     (  965): 35-GetDeviceDataUploadOptInStatusOperation -- metadata{ service_id: 0 }
I/vgn     (  965): 35-GetDeviceDataUploadOptInStatusOperation -- metadata{ service_id: 0 }
W/Wifi    ( 3458): Failed to read packet and byte counts from wifi interface
W/Wifi    ( 3458): Failed to read packet and byte counts from wifi interface
W/Wifi    ( 3458): Failed to read packet and byte counts from wifi interface
W/Wifi    ( 3458): Failed to read packet and byte counts from wifi interface
W/Wifi    ( 3458): Failed to read packet and byte counts from wifi interface
W/Wifi    ( 3458): Failed to read packet and byte counts from wifi interface
W/Wifi    ( 3458): Failed to read packet and byte counts from wifi interface
W/Wifi    ( 3458): Failed to read packet and byte counts from wifi interface
W/Wifi    ( 3458): Failed to read packet and byte counts from wifi interface
W/Wifi    ( 3458): Failed to read packet and byte counts from wifi interface
W/Wifi    ( 3458): Failed to read packet and byte counts from wifi interface
W/Wifi    ( 3458): Failed to read packet and byte counts from wifi interface
W/Wifi    ( 3458): Failed to read packet and byte counts from wifi interface
W/Wifi    ( 3458): Failed to read packet and byte counts from wifi interface
W/Wifi    ( 3458): Failed to read packet and byte counts from wifi interface
E/WifiStateMachine(  451): WifiStateMachine CMD_START_SCAN source -2 txSuccessRate=0.29 rxSuccessRate=0.04 targetRoamBSSID=any RSSI=-60
W/Wifi    ( 3458): Failed to read packet and byte counts from wifi interface
W/Wifi    ( 3458): Failed to read packet and byte counts from wifi interface
D/AndroidRuntime(29652): >>>>>> START com.android.internal.os.RuntimeInit uid 2000 <<<<<<
D/AndroidRuntime(29652): CheckJNI is OFF
W/Wifi    ( 3458): Failed to read packet and byte counts from wifi interface
D/AndroidRuntime(29652): Calling main entry com.android.commands.am.Am
I/Trepn   (28792): Trepn 6.2s: Received intent: com.quicinc.trepn.stop_profiling
D/AndroidRuntime(29652): Shutting down VM
D/AndroidRuntime(29672): >>>>>> START com.android.internal.os.RuntimeInit uid 2000 <<<<<<
D/AndroidRuntime(29672): CheckJNI is OFF
E/native  (  451): do suspend false
E/WifiStateMachine(  451): scanCount==0 - aborting
I/dhcpcd  (29680): sending signal 14 to pid 27491
I/dhcpcd  (27491): received SIGALRM, renewing
I/dhcpcd  (27491): wlan0: renewing lease of 130.37.106.234
I/dhcpcd  (27491): wlan0: acknowledged 130.37.106.234 from 130.37.236.205 `pradi001b'
I/dhcpcd  (27491): wlan0: leased 130.37.106.234 for 1800 seconds
W/Wifi    ( 3458): Failed to read packet and byte counts from wifi interface
D/AndroidRuntime(29672): Calling main entry com.android.commands.am.Am
D/AndroidRuntime(29672): Shutting down VM
D/ConnectivityService(  451): NetworkAgentInfo [WIFI () - 126] EVENT_NETWORK_INFO_CHANGED, going from CONNECTED to CONNECTING
E/WifiStateMachine(  451): WifiStateMachine: Leaving Connected state
I/GeofencerStateMachine(  965): sendWifiConnectivityChanged: connectivity=false
D/ConnectivityService(  451): NetworkAgentInfo [WIFI () - 126] EVENT_NETWORK_INFO_CHANGED, going from CONNECTING to CONNECTED
I/GeofencerStateMachine(  965): sendWifiConnectivityChanged: connectivity=true
D/AndroidRuntime(29715): >>>>>> START com.android.internal.os.RuntimeInit uid 2000 <<<<<<
D/AndroidRuntime(29715): CheckJNI is OFF
D/AndroidRuntime(29715): Calling main entry com.android.commands.am.Am
I/ActivityManager(  451): Force stopping com.android.chrome appid=10035 user=0: from pid 29715
I/ActivityManager(  451): Killing 29421:com.android.chrome/u0a35 (adj 9): stop com.android.chrome
W/Wifi    ( 3458): Failed to read packet and byte counts from wifi interface
D/AndroidRuntime(29715): Shutting down VM
W/ActivityManager(  451): Spurious death for ProcessRecord{2e1746a3 29421:com.android.chrome/u0a35}, curProc for 29421: null
D/AndroidRuntime(29727): >>>>>> START com.android.internal.os.RuntimeInit uid 2000 <<<<<<
D/AndroidRuntime(29727): CheckJNI is OFF
D/AndroidRuntime(29727): Calling main entry com.android.commands.pm.Pm
I/ActivityManager(  451): Force stopping com.android.chrome appid=10035 user=0: clear data
I/GeofencerStateMachine(  965): removeGeofences: removeRequest=RemoveGeofencingRequest[REMOVE_ALL packageName=com.android.chrome]
D/Documents(29335): Update found 8 roots in 13ms
I/LocationSettingsChecker(  987): Removing dialog suppression flag for package com.android.chrome
I/art     (29727): System.exit called, status: 0
I/AndroidRuntime(29727): VM exiting with result code 0.
I/Icing   (  987): doRemovePackageData com.android.chrome
I/Icing   (  987): Removing corpus key 94FBE96EEF13B8AC56FE8C01687FD8A6012559AC for package com.android.chrome
W/Wifi    ( 3458): Failed to read packet and byte counts from wifi interface
I/Icing   (  987): updateResources: need to parse xax{com.android.chrome}
I/Icing   (  987): Indexing 94FBE96EEF13B8AC56FE8C01687FD8A6012559AC from com.android.chrome
I/ActivityManager(  451): Start proc 29756:com.android.chrome/u0a35 for content provider com.android.chrome/com.google.android.apps.chrome.icing.IcingProvider
W/DynamiteModule(29756): Local module descriptor class for com.google.android.gms.googlecertificates not found.
I/DynamiteModule(29756): Considering local module com.google.android.gms.googlecertificates:0 and remote module com.google.android.gms.googlecertificates:4
I/DynamiteModule(29756): Selected remote version of com.google.android.gms.googlecertificates, version >= 4
W/ResourcesManager(29756): Asset path '/system/framework/com.android.media.remotedisplay.jar' does not exist or contains no resources.
W/ResourcesManager(29756): Asset path '/system/framework/com.android.location.provider.jar' does not exist or contains no resources.
I/Icing   (  987): Indexing done 94FBE96EEF13B8AC56FE8C01687FD8A6012559AC
W/Wifi    ( 3458): Failed to read packet and byte counts from wifi interface
W/Wifi    ( 3458): Failed to read packet and byte counts from wifi interface
W/Wifi    ( 3458): Failed to read packet and byte counts from wifi interface
W/Wifi    ( 3458): Failed to read packet and byte counts from wifi interface
W/Wifi    ( 3458): Failed to read packet and byte counts from wifi interface
W/Wifi    ( 3458): Failed to read packet and byte counts from wifi interface
W/Wifi    ( 3458): Failed to read packet and byte counts from wifi interface
W/Wifi    ( 3458): Failed to read packet and byte counts from wifi interface
W/Wifi    ( 3458): Failed to read packet and byte counts from wifi interface
W/Wifi    ( 3458): Failed to read packet and byte counts from wifi interface
W/Wifi    ( 3458): Failed to read packet and byte counts from wifi interface
W/Wifi    ( 3458): Failed to read packet and byte counts from wifi interface
W/Wifi    ( 3458): Failed to read packet and byte counts from wifi interface
W/Wifi    ( 3458): Failed to read packet and byte counts from wifi interface
E/WifiStateMachine(  451): WifiStateMachine CMD_START_SCAN source -2 txSuccessRate=1.27 rxSuccessRate=2.02 targetRoamBSSID=any RSSI=-60
E/WifiStateMachine(  451): WifiStateMachine L2Connected CMD_START_SCAN source -2 3422, 3423 -> obsolete
W/Wifi    ( 3458): Failed to read packet and byte counts from wifi interface
W/Wifi    ( 3458): Failed to read packet and byte counts from wifi interface
W/Wifi    ( 3458): Failed to read packet and byte counts from wifi interface
W/Wifi    ( 3458): Failed to read packet and byte counts from wifi interface
E/WifiStateMachine(  451): WifiStateMachine CMD_START_SCAN source -2 txSuccessRate=1.13 rxSuccessRate=1.51 targetRoamBSSID=any RSSI=-59
W/Wifi    ( 3458): Failed to read packet and byte counts from wifi interface
W/Wifi    ( 3458): Failed to read packet and byte counts from wifi interface
W/Wifi    ( 3458): Failed to read packet and byte counts from wifi interface
W/Wifi    ( 3458): Failed to read packet and byte counts from wifi interface
W/Wifi    ( 3458): Failed to read packet and byte counts from wifi interface
W/Wifi    ( 3458): Failed to read packet and byte counts from wifi interface
W/Wifi    ( 3458): Failed to read packet and byte counts from wifi interface
W/Wifi    ( 3458): Failed to read packet and byte counts from wifi interface
W/Wifi    ( 3458): Failed to read packet and byte counts from wifi interface
W/Wifi    ( 3458): Failed to read packet and byte counts from wifi interface
W/Wifi    ( 3458): Failed to read packet and byte counts from wifi interface
W/Wifi    ( 3458): Failed to read packet and byte counts from wifi interface
W/Wifi    ( 3458): Failed to read packet and byte counts from wifi interface
I/Places  (  965): Converted 0 out of 32 WiFi scans
I/GeofencerStateMachine(  965): sendNewTransitions called.
W/ctxmgr  (  965): [AclManager]No 2 for (accnt=account#1813920180#, com.google.android.gms(10008):UserLocationProducer, vrsn=12685000, 0, 3pPkg = null ,  3pMdlId = null ,  pid = 965). Was: 2 for 1, account#1813920180#
W/ctxmgr  (  965): [AclManager]No 2 for (accnt=account#-517948760#, com.google.android.gms(10008):UserLocationProducer, vrsn=12685000, 0, 3pPkg = null ,  3pMdlId = null ,  pid = 965). Was: 3 for 1, account#-517948760#
I/PlaceInferenceEngine(  965): No beacon scan available - ignoring candidates.
W/ctxmgr  (  965): [AclManager]No 2 for (accnt=account#1644684176#, com.google.android.gms(10008):UserLocationProducer, vrsn=12685000, 0, 3pPkg = null ,  3pMdlId = null ,  pid = 965). Was: 2 for 1, account#1644684176#
W/ctxmgr  (  965): [AclManager]No 2 for (accnt=account#-517948760#, com.google.android.gms(10008):UserVelocityProducer, vrsn=12685000, 0, 3pPkg = null ,  3pMdlId = null ,  pid = 965). Was: 3 for 48, account#-517948760#
W/Wifi    ( 3458): Failed to read packet and byte counts from wifi interface
W/Wifi    ( 3458): Failed to read packet and byte counts from wifi interface
W/Wifi    ( 3458): Failed to read packet and byte counts from wifi interface
W/Wifi    ( 3458): Failed to read packet and byte counts from wifi interface
W/Wifi    ( 3458): Failed to read packet and byte counts from wifi interface
W/Wifi    ( 3458): Failed to read packet and byte counts from wifi interface
W/Wifi    ( 3458): Failed to read packet and byte counts from wifi interface
E/WifiStateMachine(  451): WifiStateMachine CMD_START_SCAN source -2 txSuccessRate=0.01 rxSuccessRate=0.01 targetRoamBSSID=any RSSI=-59
W/Wifi    ( 3458): Failed to read packet and byte counts from wifi interface
I/DeviceStateChecker(15005): screenOn: true, isCharging: true
D/WifiService(  451): acquireWifiLockLocked: WifiLock{NlpWifiLock type=2 binder=android.os.BinderProxy@673bc00}
E/WifiStateMachine(  451): WifiStateMachine CMD_START_SCAN source 10008 txSuccessRate=0.01 rxSuccessRate=0.01 targetRoamBSSID=any RSSI=-59
I/vgn     (  965): 35-GetDeviceDataUploadOptInStatusOperation -- metadata{ service_id: 0 }
I/vgn     (  965): 35-GetDeviceDataUploadOptInStatusOperation -- metadata{ service_id: 0 }
W/ctxmgr  (  965): [AclManager]No 2 for (accnt=account#-517948760#, com.google.android.gms(10008):IndoorOutdoorProducer, vrsn=12685000, 0, 3pPkg = null ,  3pMdlId = null ,  pid = 965). Was: 3 for 57, account#-517948760#
D/WifiService(  451): releaseWifiLockLocked: WifiLock{NlpWifiLock type=2 binder=android.os.BinderProxy@673bc00}
D/libgps  (  451): proxy_gps_inject_location: called.
W/Wifi    ( 3458): Failed to read packet and byte counts from wifi interface
W/Wifi    ( 3458): Failed to read packet and byte counts from wifi interface
W/Wifi    ( 3458): Failed to read packet and byte counts from wifi interface
W/Wifi    ( 3458): Failed to read packet and byte counts from wifi interface
W/Wifi    ( 3458): Failed to read packet and byte counts from wifi interface
W/Wifi    ( 3458): Failed to read packet and byte counts from wifi interface
W/Wifi    ( 3458): Failed to read packet and byte counts from wifi interface
W/Wifi    ( 3458): Failed to read packet and byte counts from wifi interface
W/Wifi    ( 3458): Failed to read packet and byte counts from wifi interface
W/Wifi    ( 3458): Failed to read packet and byte counts from wifi interface
W/Wifi    ( 3458): Failed to read packet and byte counts from wifi interface
W/Wifi    ( 3458): Failed to read packet and byte counts from wifi interface
W/Wifi    ( 3458): Failed to read packet and byte counts from wifi interface
I/PlayCommon(28454): [2256] PlayEventLogger.uploadEventsImpl: Preparing logs for uploading
I/PlayCommon(28454): [2256] PlayEventLogger.uploadEventsImpl: No file ready to send
W/Wifi    ( 3458): Failed to read packet and byte counts from wifi interface
W/Wifi    ( 3458): Failed to read packet and byte counts from wifi interface
W/Wifi    ( 3458): Failed to read packet and byte counts from wifi interface
D/ConnectivityService(  451): updateNetworkScore for NetworkAgentInfo [WIFI () - 126] to 56
D/ConnectivityService(  451): rematching NetworkAgentInfo [WIFI () - 126]
D/ConnectivityService(  451): Network NetworkAgentInfo [WIFI () - 126] was already satisfying request 1. No change.
D/ConnectivityService(  451): notifyType AVAILABLE for NetworkAgentInfo [WIFI () - 126]
D/ConnectivityManager.CallbackHandler(15005): CM callback handler got msg 524290
D/ConnectivityManager.CallbackHandler(  627): CM callback handler got msg 524290
D/ConnectivityManager.CallbackHandler(  987): CM callback handler got msg 524290
D/ConnectivityManager.CallbackHandler(  987): CM callback handler got msg 524290
D/ConnectivityManager.CallbackHandler(28589): CM callback handler got msg 524290
D/ConnectivityManager.CallbackHandler(  987): CM callback handler got msg 524290
W/Wifi    ( 3458): Failed to read packet and byte counts from wifi interface
W/Wifi    ( 3458): Failed to read packet and byte counts from wifi interface
W/Wifi    ( 3458): Failed to read packet and byte counts from wifi interface
E/WifiStateMachine(  451): WifiStateMachine CMD_START_SCAN source -2 txSuccessRate=0.38 rxSuccessRate=0.38 targetRoamBSSID=any RSSI=-62
D/ConnectivityService(  451): updateNetworkScore for NetworkAgentInfo [WIFI () - 126] to 60
D/ConnectivityService(  451): rematching NetworkAgentInfo [WIFI () - 126]
D/ConnectivityService(  451): Network NetworkAgentInfo [WIFI () - 126] was already satisfying request 1. No change.
D/ConnectivityService(  451): notifyType AVAILABLE for NetworkAgentInfo [WIFI () - 126]
D/ConnectivityManager.CallbackHandler(  627): CM callback handler got msg 524290
D/ConnectivityManager.CallbackHandler(15005): CM callback handler got msg 524290
D/ConnectivityManager.CallbackHandler(28589): CM callback handler got msg 524290
D/ConnectivityManager.CallbackHandler(  987): CM callback handler got msg 524290
D/ConnectivityManager.CallbackHandler(  987): CM callback handler got msg 524290
D/ConnectivityManager.CallbackHandler(  987): CM callback handler got msg 524290
W/Wifi    ( 3458): Failed to read packet and byte counts from wifi interface
W/Wifi    ( 3458): Failed to read packet and byte counts from wifi interface
W/Wifi    ( 3458): Failed to read packet and byte counts from wifi interface
W/Wifi    ( 3458): Failed to read packet and byte counts from wifi interface
W/Wifi    ( 3458): Failed to read packet and byte counts from wifi interface
W/Wifi    ( 3458): Failed to read packet and byte counts from wifi interface
D/ConnectivityService(  451): updateNetworkScore for NetworkAgentInfo [WIFI () - 126] to 56
D/ConnectivityService(  451): rematching NetworkAgentInfo [WIFI () - 126]
D/ConnectivityService(  451): Network NetworkAgentInfo [WIFI () - 126] was already satisfying request 1. No change.
D/ConnectivityService(  451): notifyType AVAILABLE for NetworkAgentInfo [WIFI () - 126]
D/ConnectivityManager.CallbackHandler(  627): CM callback handler got msg 524290
D/ConnectivityManager.CallbackHandler(15005): CM callback handler got msg 524290
D/ConnectivityManager.CallbackHandler(  987): CM callback handler got msg 524290
D/ConnectivityManager.CallbackHandler(28589): CM callback handler got msg 524290
D/ConnectivityManager.CallbackHandler(  987): CM callback handler got msg 524290
D/ConnectivityManager.CallbackHandler(  987): CM callback handler got msg 524290
W/Wifi    ( 3458): Failed to read packet and byte counts from wifi interface
W/Wifi    ( 3458): Failed to read packet and byte counts from wifi interface
W/Wifi    ( 3458): Failed to read packet and byte counts from wifi interface
D/ConnectivityService(  451): updateNetworkScore for NetworkAgentInfo [WIFI () - 126] to 60
D/ConnectivityService(  451): rematching NetworkAgentInfo [WIFI () - 126]
D/ConnectivityService(  451): Network NetworkAgentInfo [WIFI () - 126] was already satisfying request 1. No change.
D/ConnectivityService(  451): notifyType AVAILABLE for NetworkAgentInfo [WIFI () - 126]
D/ConnectivityManager.CallbackHandler(  627): CM callback handler got msg 524290
D/ConnectivityManager.CallbackHandler(15005): CM callback handler got msg 524290
D/ConnectivityManager.CallbackHandler(28589): CM callback handler got msg 524290
D/ConnectivityManager.CallbackHandler(  987): CM callback handler got msg 524290
D/ConnectivityManager.CallbackHandler(  987): CM callback handler got msg 524290
D/ConnectivityManager.CallbackHandler(  987): CM callback handler got msg 524290
W/Wifi    ( 3458): Failed to read packet and byte counts from wifi interface
W/Wifi    ( 3458): Failed to read packet and byte counts from wifi interface
W/Wifi    ( 3458): Failed to read packet and byte counts from wifi interface
W/Wifi    ( 3458): Failed to read packet and byte counts from wifi interface
W/Wifi    ( 3458): Failed to read packet and byte counts from wifi interface
W/Wifi    ( 3458): Failed to read packet and byte counts from wifi interface
D/ConnectivityService(  451): updateNetworkScore for NetworkAgentInfo [WIFI () - 126] to 56
D/ConnectivityService(  451): rematching NetworkAgentInfo [WIFI () - 126]
D/ConnectivityService(  451): Network NetworkAgentInfo [WIFI () - 126] was already satisfying request 1. No change.
D/ConnectivityService(  451): notifyType AVAILABLE for NetworkAgentInfo [WIFI () - 126]
D/ConnectivityManager.CallbackHandler(  627): CM callback handler got msg 524290
D/ConnectivityManager.CallbackHandler(15005): CM callback handler got msg 524290
D/ConnectivityManager.CallbackHandler(28589): CM callback handler got msg 524290
D/ConnectivityManager.CallbackHandler(  987): CM callback handler got msg 524290
D/ConnectivityManager.CallbackHandler(  987): CM callback handler got msg 524290
D/ConnectivityManager.CallbackHandler(  987): CM callback handler got msg 524290
W/Wifi    ( 3458): Failed to read packet and byte counts from wifi interface
W/Wifi    ( 3458): Failed to read packet and byte counts from wifi interface
W/Wifi    ( 3458): Failed to read packet and byte counts from wifi interface
D/ConnectivityService(  451): updateNetworkScore for NetworkAgentInfo [WIFI () - 126] to 60
D/ConnectivityService(  451): rematching NetworkAgentInfo [WIFI () - 126]
D/ConnectivityService(  451): Network NetworkAgentInfo [WIFI () - 126] was already satisfying request 1. No change.
D/ConnectivityService(  451): notifyType AVAILABLE for NetworkAgentInfo [WIFI () - 126]
D/ConnectivityManager.CallbackHandler(  627): CM callback handler got msg 524290
D/ConnectivityManager.CallbackHandler(15005): CM callback handler got msg 524290
D/ConnectivityManager.CallbackHandler(  987): CM callback handler got msg 524290
D/ConnectivityManager.CallbackHandler(28589): CM callback handler got msg 524290
D/ConnectivityManager.CallbackHandler(  987): CM callback handler got msg 524290
D/ConnectivityManager.CallbackHandler(  987): CM callback handler got msg 524290
W/Wifi    ( 3458): Failed to read packet and byte counts from wifi interface
W/Wifi    ( 3458): Failed to read packet and byte counts from wifi interface
E/WifiStateMachine(  451): WifiStateMachine CMD_START_SCAN source -2 txSuccessRate=0.00 rxSuccessRate=0.00 targetRoamBSSID=any RSSI=-60
W/Wifi    ( 3458): Failed to read packet and byte counts from wifi interface
W/Wifi    ( 3458): Failed to read packet and byte counts from wifi interface
W/Wifi    ( 3458): Failed to read packet and byte counts from wifi interface
W/Wifi    ( 3458): Failed to read packet and byte counts from wifi interface
W/Wifi    ( 3458): Failed to read packet and byte counts from wifi interface
W/Wifi    ( 3458): Failed to read packet and byte counts from wifi interface
W/Wifi    ( 3458): Failed to read packet and byte counts from wifi interface
W/Wifi    ( 3458): Failed to read packet and byte counts from wifi interface
W/Wifi    ( 3458): Failed to read packet and byte counts from wifi interface
W/Wifi    ( 3458): Failed to read packet and byte counts from wifi interface
W/Wifi    ( 3458): Failed to read packet and byte counts from wifi interface
W/Wifi    ( 3458): Failed to read packet and byte counts from wifi interface
W/Wifi    ( 3458): Failed to read packet and byte counts from wifi interface
W/Wifi    ( 3458): Failed to read packet and byte counts from wifi interface
W/Wifi    ( 3458): Failed to read packet and byte counts from wifi interface
W/Wifi    ( 3458): Failed to read packet and byte counts from wifi interface
W/Wifi    ( 3458): Failed to read packet and byte counts from wifi interface
W/Wifi    ( 3458): Failed to read packet and byte counts from wifi interface
W/Wifi    ( 3458): Failed to read packet and byte counts from wifi interface
W/Wifi    ( 3458): Failed to read packet and byte counts from wifi interface
E/WifiStateMachine(  451): WifiStateMachine CMD_START_SCAN source -2 txSuccessRate=0.00 rxSuccessRate=0.00 targetRoamBSSID=any RSSI=-60
W/Wifi    ( 3458): Failed to read packet and byte counts from wifi interface
W/Wifi    ( 3458): Failed to read packet and byte counts from wifi interface
W/Wifi    ( 3458): Failed to read packet and byte counts from wifi interface
W/Wifi    ( 3458): Failed to read packet and byte counts from wifi interface
W/Wifi    ( 3458): Failed to read packet and byte counts from wifi interface
W/Wifi    ( 3458): Failed to read packet and byte counts from wifi interface
W/Wifi    ( 3458): Failed to read packet and byte counts from wifi interface
W/Wifi    ( 3458): Failed to read packet and byte counts from wifi interface
W/Wifi    ( 3458): Failed to read packet and byte counts from wifi interface
W/Wifi    ( 3458): Failed to read packet and byte counts from wifi interface
W/Wifi    ( 3458): Failed to read packet and byte counts from wifi interface
W/Wifi    ( 3458): Failed to read packet and byte counts from wifi interface
W/Wifi    ( 3458): Failed to read packet and byte counts from wifi interface
W/Wifi    ( 3458): Failed to read packet and byte counts from wifi interface
W/Wifi    ( 3458): Failed to read packet and byte counts from wifi interface
W/Wifi    ( 3458): Failed to read packet and byte counts from wifi interface
W/Wifi    ( 3458): Failed to read packet and byte counts from wifi interface
W/Wifi    ( 3458): Failed to read packet and byte counts from wifi interface
W/Wifi    ( 3458): Failed to read packet and byte counts from wifi interface
W/Wifi    ( 3458): Failed to read packet and byte counts from wifi interface
E/WifiStateMachine(  451): WifiStateMachine CMD_START_SCAN source -2 txSuccessRate=0.63 rxSuccessRate=0.50 targetRoamBSSID=any RSSI=-58
W/Wifi    ( 3458): Failed to read packet and byte counts from wifi interface
W/Wifi    ( 3458): Failed to read packet and byte counts from wifi interface
W/Wifi    ( 3458): Failed to read packet and byte counts from wifi interface
W/Wifi    ( 3458): Failed to read packet and byte counts from wifi interface
W/Wifi    ( 3458): Failed to read packet and byte counts from wifi interface
W/Wifi    ( 3458): Failed to read packet and byte counts from wifi interface
W/Wifi    ( 3458): Failed to read packet and byte counts from wifi interface
W/Wifi    ( 3458): Failed to read packet and byte counts from wifi interface
W/Wifi    ( 3458): Failed to read packet and byte counts from wifi interface
W/Wifi    ( 3458): Failed to read packet and byte counts from wifi interface
W/Wifi    ( 3458): Failed to read packet and byte counts from wifi interface
W/Wifi    ( 3458): Failed to read packet and byte counts from wifi interface
W/Wifi    ( 3458): Failed to read packet and byte counts from wifi interface
W/Wifi    ( 3458): Failed to read packet and byte counts from wifi interface
W/Wifi    ( 3458): Failed to read packet and byte counts from wifi interface
W/Wifi    ( 3458): Failed to read packet and byte counts from wifi interface
W/Wifi    ( 3458): Failed to read packet and byte counts from wifi interface
W/Wifi    ( 3458): Failed to read packet and byte counts from wifi interface
W/Wifi    ( 3458): Failed to read packet and byte counts from wifi interface
W/Wifi    ( 3458): Failed to read packet and byte counts from wifi interface
E/WifiStateMachine(  451): WifiStateMachine CMD_START_SCAN source -2 txSuccessRate=0.00 rxSuccessRate=0.00 targetRoamBSSID=any RSSI=-59
W/Wifi    ( 3458): Failed to read packet and byte counts from wifi interface
W/Wifi    ( 3458): Failed to read packet and byte counts from wifi interface
W/Wifi    ( 3458): Failed to read packet and byte counts from wifi interface
W/Wifi    ( 3458): Failed to read packet and byte counts from wifi interface
I/vgn     (  965): 35-GetDeviceDataUploadOptInStatusOperation -- metadata{ service_id: 0 }
I/vgn     (  965): 35-GetDeviceDataUploadOptInStatusOperation -- metadata{ service_id: 0 }
W/Wifi    ( 3458): Failed to read packet and byte counts from wifi interface
W/Wifi    ( 3458): Failed to read packet and byte counts from wifi interface
D/AndroidRuntime(29990): >>>>>> START com.android.internal.os.RuntimeInit uid 2000 <<<<<<
D/AndroidRuntime(29990): CheckJNI is OFF
W/Wifi    ( 3458): Failed to read packet and byte counts from wifi interface
D/AndroidRuntime(29990): Calling main entry com.android.commands.pm.Pm
I/art     (29990): System.exit called, status: 0
I/AndroidRuntime(29990): VM exiting with result code 0.
W/Wifi    ( 3458): Failed to read packet and byte counts from wifi interface
W/Wifi    ( 3458): Failed to read packet and byte counts from wifi interface
W/Wifi    ( 3458): Failed to read packet and byte counts from wifi interface
W/Wifi    ( 3458): Failed to read packet and byte counts from wifi interface
W/Wifi    ( 3458): Failed to read packet and byte counts from wifi interface
W/Wifi    ( 3458): Failed to read packet and byte counts from wifi interface
W/Wifi    ( 3458): Failed to read packet and byte counts from wifi interface
W/Wifi    ( 3458): Failed to read packet and byte counts from wifi interface
W/Wifi    ( 3458): Failed to read packet and byte counts from wifi interface
W/Wifi    ( 3458): Failed to read packet and byte counts from wifi interface
W/Wifi    ( 3458): Failed to read packet and byte counts from wifi interface
W/Wifi    ( 3458): Failed to read packet and byte counts from wifi interface
W/Wifi    ( 3458): Failed to read packet and byte counts from wifi interface
D/ConnectivityService(  451): updateNetworkScore for NetworkAgentInfo [WIFI () - 126] to 56
D/ConnectivityService(  451): rematching NetworkAgentInfo [WIFI () - 126]
D/ConnectivityService(  451): Network NetworkAgentInfo [WIFI () - 126] was already satisfying request 1. No change.
D/ConnectivityService(  451): notifyType AVAILABLE for NetworkAgentInfo [WIFI () - 126]
D/ConnectivityManager.CallbackHandler(  987): CM callback handler got msg 524290
D/ConnectivityManager.CallbackHandler(  627): CM callback handler got msg 524290
D/ConnectivityManager.CallbackHandler(  987): CM callback handler got msg 524290
D/ConnectivityManager.CallbackHandler(15005): CM callback handler got msg 524290
D/ConnectivityManager.CallbackHandler(28589): CM callback handler got msg 524290
D/ConnectivityManager.CallbackHandler(  987): CM callback handler got msg 524290
E/WifiStateMachine(  451): WifiStateMachine CMD_START_SCAN source -2 txSuccessRate=0.00 rxSuccessRate=0.00 targetRoamBSSID=any RSSI=-61
W/Wifi    ( 3458): Failed to read packet and byte counts from wifi interface
W/Wifi    ( 3458): Failed to read packet and byte counts from wifi interface
W/Wifi    ( 3458): Failed to read packet and byte counts from wifi interface
W/Wifi    ( 3458): Failed to read packet and byte counts from wifi interface
W/Wifi    ( 3458): Failed to read packet and byte counts from wifi interface
W/Wifi    ( 3458): Failed to read packet and byte counts from wifi interface
W/Wifi    ( 3458): Failed to read packet and byte counts from wifi interface
W/Wifi    ( 3458): Failed to read packet and byte counts from wifi interface
W/Wifi    ( 3458): Failed to read packet and byte counts from wifi interface
W/Wifi    ( 3458): Failed to read packet and byte counts from wifi interface
W/Wifi    ( 3458): Failed to read packet and byte counts from wifi interface
W/Wifi    ( 3458): Failed to read packet and byte counts from wifi interface
W/Wifi    ( 3458): Failed to read packet and byte counts from wifi interface
W/Wifi    ( 3458): Failed to read packet and byte counts from wifi interface
W/Wifi    ( 3458): Failed to read packet and byte counts from wifi interface
W/Wifi    ( 3458): Failed to read packet and byte counts from wifi interface
W/Wifi    ( 3458): Failed to read packet and byte counts from wifi interface
W/Wifi    ( 3458): Failed to read packet and byte counts from wifi interface
W/Wifi    ( 3458): Failed to read packet and byte counts from wifi interface
W/Wifi    ( 3458): Failed to read packet and byte counts from wifi interface
E/WifiStateMachine(  451): WifiStateMachine CMD_START_SCAN source -2 txSuccessRate=0.00 rxSuccessRate=0.00 targetRoamBSSID=any RSSI=-61
W/Wifi    ( 3458): Failed to read packet and byte counts from wifi interface
D/ConnectivityService(  451): updateNetworkScore for NetworkAgentInfo [WIFI () - 126] to 60
D/ConnectivityService(  451): rematching NetworkAgentInfo [WIFI () - 126]
D/ConnectivityService(  451): Network NetworkAgentInfo [WIFI () - 126] was already satisfying request 1. No change.
D/ConnectivityService(  451): notifyType AVAILABLE for NetworkAgentInfo [WIFI () - 126]
D/ConnectivityManager.CallbackHandler(  627): CM callback handler got msg 524290
D/ConnectivityManager.CallbackHandler(15005): CM callback handler got msg 524290
D/ConnectivityManager.CallbackHandler(  987): CM callback handler got msg 524290
D/ConnectivityManager.CallbackHandler(  987): CM callback handler got msg 524290
D/ConnectivityManager.CallbackHandler(28589): CM callback handler got msg 524290
D/ConnectivityManager.CallbackHandler(  987): CM callback handler got msg 524290
W/Wifi    ( 3458): Failed to read packet and byte counts from wifi interface
W/Wifi    ( 3458): Failed to read packet and byte counts from wifi interface
W/Wifi    ( 3458): Failed to read packet and byte counts from wifi interface
D/ConnectivityService(  451): updateNetworkScore for NetworkAgentInfo [WIFI () - 126] to 56
D/ConnectivityService(  451): rematching NetworkAgentInfo [WIFI () - 126]
D/ConnectivityService(  451): Network NetworkAgentInfo [WIFI () - 126] was already satisfying request 1. No change.
D/ConnectivityService(  451): notifyType AVAILABLE for NetworkAgentInfo [WIFI () - 126]
D/ConnectivityManager.CallbackHandler(  627): CM callback handler got msg 524290
D/ConnectivityManager.CallbackHandler(  987): CM callback handler got msg 524290
D/ConnectivityManager.CallbackHandler(28589): CM callback handler got msg 524290
D/ConnectivityManager.CallbackHandler(  987): CM callback handler got msg 524290
D/ConnectivityManager.CallbackHandler(15005): CM callback handler got msg 524290
D/ConnectivityManager.CallbackHandler(  987): CM callback handler got msg 524290
W/Wifi    ( 3458): Failed to read packet and byte counts from wifi interface
W/Wifi    ( 3458): Failed to read packet and byte counts from wifi interface
W/Wifi    ( 3458): Failed to read packet and byte counts from wifi interface
W/Wifi    ( 3458): Failed to read packet and byte counts from wifi interface
W/Wifi    ( 3458): Failed to read packet and byte counts from wifi interface
W/Wifi    ( 3458): Failed to read packet and byte counts from wifi interface
W/Wifi    ( 3458): Failed to read packet and byte counts from wifi interface
W/Wifi    ( 3458): Failed to read packet and byte counts from wifi interface
W/Wifi    ( 3458): Failed to read packet and byte counts from wifi interface
W/Wifi    ( 3458): Failed to read packet and byte counts from wifi interface
W/Wifi    ( 3458): Failed to read packet and byte counts from wifi interface
W/Wifi    ( 3458): Failed to read packet and byte counts from wifi interface
D/ConnectivityService(  451): updateNetworkScore for NetworkAgentInfo [WIFI () - 126] to 60
D/ConnectivityService(  451): rematching NetworkAgentInfo [WIFI () - 126]
D/ConnectivityService(  451): Network NetworkAgentInfo [WIFI () - 126] was already satisfying request 1. No change.
D/ConnectivityService(  451): notifyType AVAILABLE for NetworkAgentInfo [WIFI () - 126]
D/ConnectivityManager.CallbackHandler(  627): CM callback handler got msg 524290
D/ConnectivityManager.CallbackHandler(15005): CM callback handler got msg 524290
D/ConnectivityManager.CallbackHandler(28589): CM callback handler got msg 524290
D/ConnectivityManager.CallbackHandler(  987): CM callback handler got msg 524290
D/ConnectivityManager.CallbackHandler(  987): CM callback handler got msg 524290
D/ConnectivityManager.CallbackHandler(  987): CM callback handler got msg 524290
W/Wifi    ( 3458): Failed to read packet and byte counts from wifi interface
W/Wifi    ( 3458): Failed to read packet and byte counts from wifi interface
W/Wifi    ( 3458): Failed to read packet and byte counts from wifi interface
W/Wifi    ( 3458): Failed to read packet and byte counts from wifi interface
E/WifiStateMachine(  451): WifiStateMachine CMD_START_SCAN source -2 txSuccessRate=0.00 rxSuccessRate=0.00 targetRoamBSSID=any RSSI=-59
W/Wifi    ( 3458): Failed to read packet and byte counts from wifi interface
W/Wifi    ( 3458): Failed to read packet and byte counts from wifi interface
W/Wifi    ( 3458): Failed to read packet and byte counts from wifi interface
W/Wifi    ( 3458): Failed to read packet and byte counts from wifi interface
W/Wifi    ( 3458): Failed to read packet and byte counts from wifi interface
W/Wifi    ( 3458): Failed to read packet and byte counts from wifi interface
W/Wifi    ( 3458): Failed to read packet and byte counts from wifi interface
W/Wifi    ( 3458): Failed to read packet and byte counts from wifi interface
W/Wifi    ( 3458): Failed to read packet and byte counts from wifi interface
W/Wifi    ( 3458): Failed to read packet and byte counts from wifi interface
W/Wifi    ( 3458): Failed to read packet and byte counts from wifi interface
W/Wifi    ( 3458): Failed to read packet and byte counts from wifi interface
W/Wifi    ( 3458): Failed to read packet and byte counts from wifi interface
W/Wifi    ( 3458): Failed to read packet and byte counts from wifi interface
W/Wifi    ( 3458): Failed to read packet and byte counts from wifi interface
W/Wifi    ( 3458): Failed to read packet and byte counts from wifi interface
W/Wifi    ( 3458): Failed to read packet and byte counts from wifi interface
W/Wifi    ( 3458): Failed to read packet and byte counts from wifi interface
W/Wifi    ( 3458): Failed to read packet and byte counts from wifi interface
D/AndroidRuntime(30255): >>>>>> START com.android.internal.os.RuntimeInit uid 2000 <<<<<<
D/AndroidRuntime(30255): CheckJNI is OFF
W/CPU     ( 3458): Failed to read cpu frequency
W/Wifi    ( 3458): Failed to read packet and byte counts from wifi interface
D/AndroidRuntime(30255): Calling main entry com.android.commands.pm.Pm
E/WifiStateMachine(  451): WifiStateMachine CMD_START_SCAN source -2 txSuccessRate=0.00 rxSuccessRate=0.00 targetRoamBSSID=any RSSI=-60
I/art     (30255): System.exit called, status: 0
I/AndroidRuntime(30255): VM exiting with result code 0.
D/AndroidRuntime(30268): >>>>>> START com.android.internal.os.RuntimeInit uid 2000 <<<<<<
D/AndroidRuntime(30268): CheckJNI is OFF
D/AndroidRuntime(30268): Calling main entry com.android.commands.pm.Pm
I/art     (30268): System.exit called, status: 0
I/AndroidRuntime(30268): VM exiting with result code 0.
W/Wi